500, 1295, 1, 0, 0
1000, 1197, 1, 0, 0
1500, 1194, 1, 0, 0
2000, 1194, 1, 0, 0
2500, 1190, 1, 0, 0
3000, 1191, 1, 0, 0
3500, 1189, 1, 0, 0
4000, 1195, 1, 0, 0
4500, 1191, 1, 0, 0
5000, 1192, 1, 0, 0
5500, 1230, 1, 0, 0
6000, 1229, 1, 0, 0
6500, 1230, 1, 0, 0
7000, 1228, 1, 0, 0
7500, 1226, 1, 0, 0
8000, 1230, 1, 0, 0
8500, 1228, 1, 0, 0
9000, 1231, 1, 0, 0
9500, 1228, 1, 0, 0
10000, 1227, 1, 0, 0
10500, 1261, 1, 0, 0
11000, 1241, 1, 0, 0
11500, 1243, 1, 0, 0
12000, 1238, 1, 0, 0
12500, 1234, 1, 0, 0
13000, 1234, 1, 0, 0
13500, 1236, 1, 0, 0
14000, 1235, 1, 0, 0
14500, 1233, 1, 0, 0
15000, 1238, 1, 0, 0
15500, 1256, 1, 0, 0
16000, 1234, 1, 0, 0
16500, 1225, 1, 0, 0
17000, 1227, 1, 0, 0
17500, 1227, 1, 0, 0
18000, 1227, 1, 0, 0
18500, 1231, 1, 0, 0
19000, 1230, 1, 0, 0
19500, 1229, 1, 0, 0
20000, 1228, 1, 0, 0
20500, 1226, 1, 0, 0
21000, 1234, 1, 0, 0
21500, 1221, 1, 0, 0
22000, 1211, 1, 0, 0
22500, 1215, 1, 0, 0
23000, 1218, 1, 0, 0
23500, 1219, 1, 0, 0
24000, 1220, 1, 0, 0
24500, 1218, 1, 0, 0
25000, 1232, 1, 0, 0
25500, 1221, 1, 0, 0
26000, 1246, 1, 0, 0
26500, 1241, 1, 0, 0
27000, 1240, 1, 0, 0
27500, 1234, 1, 0, 0
28000, 1235, 1, 0, 0
28500, 1233, 1, 0, 0
29000, 1234, 1, 0, 0
29500, 1235, 1, 0, 0
30000, 1240, 1, 0, 0
30500, 1234, 1, 0, 0
31000, 1236, 1, 0, 0
31500, 1226, 1, 0, 0
32000, 1224, 1, 0, 0
32500, 1218, 1, 0, 0
33000, 1219, 1, 0, 0
33500, 1217, 1, 0, 0
34000, 1216, 1, 0, 0
34500, 1222, 1, 0, 0
35000, 1220, 1, 0, 0
35500, 1217, 1, 0, 0
36000, 1217, 1, 0, 0
36500, 1255, 1, 0, 0
37000, 1243, 1, 0, 0
37500, 1237, 1, 0, 0
38000, 1231, 1, 0, 0
38500, 1233, 1, 0, 0
39000, 1237, 1, 0, 0
39500, 1234, 1, 0, 0
40000, 1236, 1, 0, 0
40500, 1235, 1, 0, 0
41000, 1234, 1, 0, 0
41500, 1251, 1, 0, 0
42000, 1248, 1, 0, 0
42500, 1244, 1, 0, 0
43000, 1247, 1, 0, 0
43500, 1246, 1, 0, 0
44000, 1247, 1, 0, 0
44500, 1246, 1, 0, 0
45000, 1248, 1, 0, 0
45500, 1249, 1, 0, 0
46000, 1248, 1, 0, 0
46500, 1257, 1, 0, 0
47000, 1251, 1, 0, 0
47500, 1238, 1, 0, 0
48000, 1237, 1, 0, 0
48500, 1243, 1, 0, 0
49000, 1235, 1, 0, 0
49500, 1235, 1, 0, 0
50000, 1239, 1, 0, 0
50500, 1236, 1, 0, 0
51000, 1238, 1, 0, 0
51500, 1252, 1, 0, 0
52000, 1244, 1, 0, 0
52500, 1236, 1, 0, 0
53000, 1236, 1, 0, 0
53500, 1239, 1, 0, 0
54000, 1238, 1, 0, 0
54500, 1232, 1, 0, 0
55000, 1235, 1, 0, 0
55500, 1236, 1, 0, 0
56000, 1234, 1, 0, 0
56500, 1236, 1, 0, 0
57000, 1238, 1, 0, 0
57500, 1218, 1, 0, 0
58000, 1215, 1, 0, 0
58500, 1216, 1, 0, 0
59000, 1216, 1, 0, 0
59500, 1212, 1, 0, 0
60000, 1218, 1, 0, 0
