500, 222274, 1, 0, 0
1000, 222501, 1, 0, 0
1500, 222503, 1, 0, 0
2000, 222505, 1, 0, 0
2500, 222509, 1, 0, 0
3000, 222507, 1, 0, 0
3500, 222510, 1, 0, 0
4000, 222504, 1, 0, 0
4500, 222507, 1, 0, 0
5000, 222506, 1, 0, 0
5500, 222686, 1, 0, 0
6000, 222476, 1, 0, 0
6500, 222476, 1, 0, 0
7000, 222477, 1, 0, 0
7500, 222481, 1, 0, 0
8000, 222475, 1, 0, 0
8500, 222478, 1, 0, 0
9000, 222474, 1, 0, 0
9500, 222478, 1, 0, 0
10000, 222478, 1, 0, 0
10500, 222909, 1, 0, 0
11000, 222459, 1, 0, 0
11500, 222456, 1, 0, 0
12000, 222462, 1, 0, 0
12500, 222466, 1, 0, 0
13000, 222468, 1, 0, 0
13500, 222465, 1, 0, 0
14000, 222467, 1, 0, 0
14500, 222468, 1, 0, 0
15000, 222462, 1, 0, 0
15500, 222944, 1, 0, 0
16000, 222467, 1, 0, 0
16500, 222476, 1, 0, 0
17000, 222473, 1, 0, 0
17500, 222474, 1, 0, 0
18000, 222473, 1, 0, 0
18500, 222470, 1, 0, 0
19000, 222471, 1, 0, 0
19500, 222471, 1, 0, 0
20000, 222474, 1, 0, 0
20500, 222475, 1, 0, 0
21000, 222774, 1, 0, 0
21500, 222490, 1, 0, 0
22000, 222502, 1, 0, 0
22500, 222497, 1, 0, 0
23000, 222494, 1, 0, 0
23500, 222494, 1, 0, 0
24000, 222492, 1, 0, 0
24500, 222494, 1, 0, 0
25000, 222480, 1, 0, 0
25500, 222491, 1, 0, 0
26000, 223033, 1, 0, 0
26500, 222459, 1, 0, 0
27000, 222460, 1, 0, 0
27500, 222467, 1, 0, 0
28000, 222466, 1, 0, 0
28500, 222468, 1, 0, 0
29000, 222468, 1, 0, 0
29500, 222467, 1, 0, 0
30000, 222461, 1, 0, 0
30500, 222467, 1, 0, 0
31000, 222768, 1, 0, 0
31500, 222473, 1, 0, 0
32000, 222478, 1, 0, 0
32500, 222483, 1, 0, 0
33000, 222482, 1, 0, 0
33500, 222485, 1, 0, 0
34000, 222485, 1, 0, 0
34500, 222479, 1, 0, 0
35000, 222482, 1, 0, 0
35500, 222482, 1, 0, 0
36000, 222485, 1, 0, 0
36500, 222857, 1, 0, 0
37000, 222460, 1, 0, 0
37500, 222467, 1, 0, 0
38000, 222473, 1, 0, 0
38500, 222471, 1, 0, 0
39000, 222467, 1, 0, 0
39500, 222470, 1, 0, 0
40000, 222468, 1, 0, 0
40500, 222470, 1, 0, 0
41000, 222470, 1, 0, 0
41500, 222769, 1, 0, 0
42000, 222456, 1, 0, 0
42500, 222461, 1, 0, 0
43000, 222458, 1, 0, 0
43500, 222458, 1, 0, 0
44000, 222457, 1, 0, 0
44500, 222458, 1, 0, 0
45000, 222455, 1, 0, 0
45500, 222454, 1, 0, 0
46000, 222454, 1, 0, 0
46500, 222861, 1, 0, 0
47000, 222451, 1, 0, 0
47500, 222465, 1, 0, 0
48000, 222466, 1, 0, 0
48500, 222460, 1, 0, 0
49000, 222468, 1, 0, 0
49500, 222467, 1, 0, 0
50000, 222463, 1, 0, 0
50500, 222467, 1, 0, 0
51000, 222465, 1, 0, 0
51500, 223057, 1, 0, 0
52000, 222456, 1, 0, 0
52500, 222465, 1, 0, 0
53000, 222465, 1, 0, 0
53500, 222462, 1, 0, 0
54000, 222462, 1, 0, 0
54500, 222468, 1, 0, 0
55000, 222466, 1, 0, 0
55500, 222465, 1, 0, 0
56000, 222466, 1, 0, 0
56500, 222464, 1, 0, 0
57000, 222839, 1, 0, 0
57500, 222495, 1, 0, 0
58000, 222498, 1, 0, 0
58500, 222496, 1, 0, 0
59000, 222496, 1, 0, 0
59500, 222501, 1, 0, 0
60000, 222495, 1, 0, 0
60000, 305114, 1, 0, 0
