500, 1096512, 1, 0, 0
1000, 1096288, 1, 0, 0
1500, 1094816, 1, 0, 0
2000, 1097712, 1, 0, 0
2500, 1101120, 1, 0, 0
3000, 1101824, 1, 0, 0
3500, 1103040, 1, 0, 0
4000, 1099536, 1, 0, 0
4500, 1099776, 1, 0, 0
5000, 1094640, 1, 0, 0
5500, 1090048, 1, 0, 0
6000, 617920, 1, 0, 0
6500, 355520, 1, 0, 0
7000, 310752, 1, 0, 0
7500, 290848, 1, 0, 0
8000, 301280, 1, 0, 0
8500, 276704, 1, 0, 0
9000, 307744, 1, 0, 0
9500, 288833, 1, 0, 0
10000, 247360, 1, 0, 0
10500, 271680, 1, 0, 0
11000, 233344, 1, 0, 0
11500, 227056, 1, 0, 0
12000, 240240, 1, 0, 0
12500, 198016, 1, 0, 0
13000, 208160, 1, 0, 0
13500, 207424, 1, 0, 0
14000, 204544, 1, 0, 0
14500, 191040, 1, 0, 0
15000, 182080, 1, 0, 0
15500, 185376, 1, 0, 0
16000, 179744, 1, 0, 0
16500, 197056, 1, 0, 0
17000, 180352, 1, 0, 0
17500, 158400, 1, 0, 0
18000, 160096, 1, 0, 0
18500, 155168, 1, 0, 0
19000, 154272, 1, 0, 0
19500, 147168, 1, 0, 0
20000, 143360, 1, 0, 0
20500, 150288, 1, 0, 0
21000, 141840, 1, 0, 0
21500, 133248, 1, 0, 0
22000, 133920, 1, 0, 0
22500, 139264, 1, 0, 0
23000, 155552, 1, 0, 0
23500, 129536, 1, 0, 0
24000, 143264, 1, 0, 0
24500, 123904, 1, 0, 0
25000, 122112, 1, 0, 0
25500, 153472, 1, 0, 0
26000, 121824, 1, 0, 0
26500, 120304, 1, 0, 0
27000, 115456, 1, 0, 0
27500, 105952, 1, 0, 0
28000, 115184, 1, 0, 0
28500, 108160, 1, 0, 0
29000, 115200, 1, 0, 0
29500, 115296, 1, 0, 0
30000, 113920, 1, 0, 0
30500, 104864, 1, 0, 0
31000, 105520, 1, 0, 0
31500, 102784, 1, 0, 0
32000, 104896, 1, 0, 0
32500, 115488, 1, 0, 0
33000, 102656, 1, 0, 0
33500, 94592, 1, 0, 0
34000, 110368, 1, 0, 0
34500, 106816, 1, 0, 0
35000, 99808, 1, 0, 0
35500, 106432, 1, 0, 0
36000, 111104, 1, 0, 0
36500, 91392, 1, 0, 0
37000, 90816, 1, 0, 0
37500, 87520, 1, 0, 0
38000, 88992, 1, 0, 0
38500, 94784, 1, 0, 0
39000, 98736, 1, 0, 0
39500, 92368, 1, 0, 0
40000, 86992, 1, 0, 0
40500, 93424, 1, 0, 0
41000, 85472, 1, 0, 0
41500, 84768, 1, 0, 0
42000, 76864, 1, 0, 0
42500, 82496, 1, 0, 0
43000, 87776, 1, 0, 0
43500, 82244, 1, 0, 0
44000, 82368, 1, 0, 0
44500, 78016, 1, 0, 0
45000, 87264, 1, 0, 0
45500, 87424, 1, 0, 0
46000, 79168, 1, 0, 0
46500, 82592, 1, 0, 0
47000, 84800, 1, 0, 0
47500, 87168, 1, 0, 0
48000, 83008, 1, 0, 0
48500, 81088, 1, 0, 0
49000, 90336, 1, 0, 0
49500, 86656, 1, 0, 0
50000, 76320, 1, 0, 0
50500, 82464, 1, 0, 0
51000, 83392, 1, 0, 0
51500, 83584, 1, 0, 0
52000, 79680, 1, 0, 0
52500, 78272, 1, 0, 0
53000, 85152, 1, 0, 0
53500, 82080, 1, 0, 0
54000, 82624, 1, 0, 0
54500, 82880, 1, 0, 0
55000, 77504, 1, 0, 0
55500, 88032, 1, 0, 0
56000, 84416, 1, 0, 0
56500, 87840, 1, 0, 0
57000, 83936, 1, 0, 0
57500, 84064, 1, 0, 0
58000, 81888, 1, 0, 0
58500, 84224, 1, 0, 0
59000, 83008, 1, 0, 0
59500, 84096, 1, 0, 0
60000, 84640, 1, 0, 0
