500, 137068, 1, 0, 0
1000, 137036, 1, 0, 0
1500, 136852, 1, 0, 0
2000, 137214, 1, 0, 0
2500, 137640, 1, 0, 0
3000, 137728, 1, 0, 0
3500, 137880, 1, 0, 0
4000, 137442, 1, 0, 0
4500, 137472, 1, 0, 0
5000, 136830, 1, 0, 0
5500, 136256, 1, 0, 0
6000, 77240, 1, 0, 0
6500, 44440, 1, 0, 0
7000, 38844, 1, 0, 0
7500, 36356, 1, 0, 0
8000, 37660, 1, 0, 0
8500, 34588, 1, 0, 0
9000, 38468, 1, 0, 0
9500, 36104, 1, 0, 0
10000, 30920, 1, 0, 0
10500, 33960, 1, 0, 0
11000, 29168, 1, 0, 0
11500, 28382, 1, 0, 0
12000, 30030, 1, 0, 0
12500, 24752, 1, 0, 0
13000, 26020, 1, 0, 0
13500, 25928, 1, 0, 0
14000, 25568, 1, 0, 0
14500, 23880, 1, 0, 0
15000, 22760, 1, 0, 0
15500, 23172, 1, 0, 0
16000, 22468, 1, 0, 0
16500, 24632, 1, 0, 0
17000, 22544, 1, 0, 0
17500, 19800, 1, 0, 0
18000, 20012, 1, 0, 0
18500, 19396, 1, 0, 0
19000, 19284, 1, 0, 0
19500, 18396, 1, 0, 0
20000, 17920, 1, 0, 0
20500, 18786, 1, 0, 0
21000, 17730, 1, 0, 0
21500, 16656, 1, 0, 0
22000, 16740, 1, 0, 0
22500, 17408, 1, 0, 0
23000, 19444, 1, 0, 0
23500, 16192, 1, 0, 0
24000, 17908, 1, 0, 0
24500, 15488, 1, 0, 0
25000, 15264, 1, 0, 0
25500, 19184, 1, 0, 0
26000, 15228, 1, 0, 0
26500, 15038, 1, 0, 0
27000, 14432, 1, 0, 0
27500, 13244, 1, 0, 0
28000, 14398, 1, 0, 0
28500, 13520, 1, 0, 0
29000, 14400, 1, 0, 0
29500, 14412, 1, 0, 0
30000, 14240, 1, 0, 0
30500, 13108, 1, 0, 0
31000, 13190, 1, 0, 0
31500, 12848, 1, 0, 0
32000, 13112, 1, 0, 0
32500, 14436, 1, 0, 0
33000, 12832, 1, 0, 0
33500, 11824, 1, 0, 0
34000, 13796, 1, 0, 0
34500, 13352, 1, 0, 0
35000, 12476, 1, 0, 0
35500, 13304, 1, 0, 0
36000, 13888, 1, 0, 0
36500, 11424, 1, 0, 0
37000, 11352, 1, 0, 0
37500, 10940, 1, 0, 0
38000, 11124, 1, 0, 0
38500, 11848, 1, 0, 0
39000, 12342, 1, 0, 0
39500, 11546, 1, 0, 0
40000, 10874, 1, 0, 0
40500, 11678, 1, 0, 0
41000, 10684, 1, 0, 0
41500, 10596, 1, 0, 0
42000, 9608, 1, 0, 0
42500, 10312, 1, 0, 0
43000, 10972, 1, 0, 0
43500, 10280, 1, 0, 0
44000, 10296, 1, 0, 0
44500, 9752, 1, 0, 0
45000, 10908, 1, 0, 0
45500, 10928, 1, 0, 0
46000, 9896, 1, 0, 0
46500, 10324, 1, 0, 0
47000, 10600, 1, 0, 0
47500, 10896, 1, 0, 0
48000, 10376, 1, 0, 0
48500, 10136, 1, 0, 0
49000, 11292, 1, 0, 0
49500, 10832, 1, 0, 0
50000, 9540, 1, 0, 0
50500, 10308, 1, 0, 0
51000, 10424, 1, 0, 0
51500, 10448, 1, 0, 0
52000, 9960, 1, 0, 0
52500, 9784, 1, 0, 0
53000, 10644, 1, 0, 0
53500, 10260, 1, 0, 0
54000, 10328, 1, 0, 0
54500, 10360, 1, 0, 0
55000, 9688, 1, 0, 0
55500, 11004, 1, 0, 0
56000, 10552, 1, 0, 0
56500, 10980, 1, 0, 0
57000, 10492, 1, 0, 0
57500, 10508, 1, 0, 0
58000, 10236, 1, 0, 0
58500, 10528, 1, 0, 0
59000, 10376, 1, 0, 0
59500, 10512, 1, 0, 0
60000, 10580, 1, 0, 0
