500, 232240, 1, 0, 0
1000, 232279, 1, 0, 0
1500, 232584, 1, 0, 0
2000, 231957, 1, 0, 0
2500, 231236, 1, 0, 0
3000, 231102, 1, 0, 0
3500, 230822, 1, 0, 0
4000, 231585, 1, 0, 0
4500, 231510, 1, 0, 0
5000, 232628, 1, 0, 0
5500, 233586, 1, 0, 0
6000, 409591, 1, 0, 0
6500, 723335, 1, 0, 0
7000, 824909, 1, 0, 0
7505, 872426, 1, 0, 0
8000, 850982, 1, 0, 0
8505, 921763, 1, 0, 0
9005, 827360, 1, 0, 0
9500, 892849, 1, 0, 0
10005, 1027225, 1, 0, 0
10500, 946858, 1, 0, 0
11007, 1091981, 1, 0, 0
11500, 1130548, 1, 0, 0
12004, 1052539, 1, 0, 0
12501, 1283632, 1, 0, 0
13000, 1251088, 1, 0, 0
13505, 1217385, 1, 0, 0
14009, 1263893, 1, 0, 0
14500, 1313641, 1, 0, 0
15000, 1408219, 1, 0, 0
15500, 1408430, 1, 0, 0
16007, 1412795, 1, 0, 0
16508, 1296887, 1, 0, 0
17007, 1411025, 1, 0, 0
17502, 1599714, 1, 0, 0
18005, 1605765, 1, 0, 0
18504, 1647687, 1, 0, 0
19006, 1672402, 1, 0, 0
19510, 1740830, 1, 0, 0
20001, 1757220, 1, 0, 0
20500, 1745826, 1, 0, 0
21000, 1794573, 1, 0, 0
21500, 1917979, 1, 0, 0
22001, 1860759, 1, 0, 0
22509, 1869866, 1, 0, 0
23001, 1615624, 1, 0, 0
23508, 2008362, 1, 0, 0
24002, 1766887, 1, 0, 0
24510, 2089762, 1, 0, 0
25010, 2093603, 1, 0, 0
25510, 1668658, 1, 0, 0
26010, 2107785, 1, 0, 0
26500, 2076575, 1, 0, 0
27001, 2227128, 1, 0, 0
27504, 2419740, 1, 0, 0
28000, 2206822, 1, 0, 0
28503, 2385081, 1, 0, 0
29000, 2262940, 1, 0, 0
29503, 2169943, 1, 0, 0
30005, 2264581, 1, 0, 0
30501, 2408385, 1, 0, 0
31000, 2427594, 1, 0, 0
31501, 2489834, 1, 0, 0
32007, 2462612, 1, 0, 0
32508, 2216826, 1, 0, 0
33014, 2528184, 1, 0, 0
33501, 2637173, 1, 0, 0
34004, 2325228, 1, 0, 0
34506, 2406771, 1, 0, 0
35001, 2547377, 1, 0, 0
35505, 2413826, 1, 0, 0
36013, 2340587, 1, 0, 0
36505, 2761481, 1, 0, 0
37007, 2816541, 1, 0, 0
37504, 2917915, 1, 0, 0
38004, 2866144, 1, 0, 0
38509, 2734888, 1, 0, 0
39006, 2564043, 1, 0, 0
39500, 2865009, 1, 0, 0
40003, 2830354, 1, 0, 0
40500, 2804279, 1, 0, 0
41000, 3001920, 1, 0, 0
41516, 3006165, 1, 0, 0
42003, 3255533, 1, 0, 0
42500, 3249891, 1, 0, 0
43004, 2785391, 1, 0, 0
43500, 3189799, 1, 0, 0
44009, 3073776, 1, 0, 0
44502, 3231922, 1, 0, 0
45003, 2934045, 1, 0, 0
45503, 2930156, 1, 0, 0
46013, 3298639, 1, 0, 0
46510, 3076483, 1, 0, 0
47008, 3003295, 1, 0, 0
47508, 2941719, 1, 0, 0
48005, 3057876, 1, 0, 0
48511, 3203261, 1, 0, 0
49001, 2766477, 1, 0, 0
49500, 2944966, 1, 0, 0
50005, 3403489, 1, 0, 0
50502, 3078720, 1, 0, 0
51015, 3136772, 1, 0, 0
51511, 3048663, 1, 0, 0
52007, 3188009, 1, 0, 0
52502, 3224876, 1, 0, 0
53001, 3013774, 1, 0, 0
53500, 3197572, 1, 0, 0
54012, 3076195, 1, 0, 0
54508, 3076977, 1, 0, 0
55000, 3239824, 1, 0, 0
55501, 2900007, 1, 0, 0
56015, 3124060, 1, 0, 0
56500, 2934214, 1, 0, 0
57000, 3026478, 1, 0, 0
57510, 3025428, 1, 0, 0
58007, 3106569, 1, 0, 0
58504, 3010976, 1, 0, 0
59000, 3172042, 1, 0, 0
59514, 3010083, 1, 0, 0
60013, 3020553, 1, 0, 0
60013, 16621472, 1, 0, 0
