500, 1041, 1, 0, 0
1000, 1037, 1, 0, 0
1500, 1036, 1, 0, 0
2000, 1041, 1, 0, 0
2500, 1029, 1, 0, 0
3000, 1036, 1, 0, 0
3500, 1036, 1, 0, 0
4000, 1039, 1, 0, 0
4500, 1033, 1, 0, 0
5000, 1033, 1, 0, 0
5500, 1034, 1, 0, 0
6000, 1045, 1, 0, 0
6500, 1049, 1, 0, 0
7000, 1048, 1, 0, 0
7505, 1054, 1, 0, 0
8000, 1052, 1, 0, 0
8505, 1050, 1, 0, 0
9005, 1048, 1, 0, 0
9500, 1051, 1, 0, 0
10005, 1048, 1, 0, 0
10500, 1049, 1, 0, 0
11007, 1048, 1, 0, 0
11500, 1053, 1, 0, 0
12004, 1044, 1, 0, 0
12501, 1053, 1, 0, 0
13000, 1046, 1, 0, 0
13505, 1052, 1, 0, 0
14009, 1052, 1, 0, 0
14500, 1046, 1, 0, 0
15000, 1047, 1, 0, 0
15500, 1047, 1, 0, 0
16007, 1058, 1, 0, 0
16508, 1053, 1, 0, 0
17007, 1052, 1, 0, 0
17502, 1062, 1, 0, 0
18005, 1053, 1, 0, 0
18504, 1054, 1, 0, 0
19006, 1055, 1, 0, 0
19510, 1063, 1, 0, 0
20001, 1053, 1, 0, 0
20500, 1055, 1, 0, 0
21000, 1063, 1, 0, 0
21500, 1071, 1, 0, 0
22001, 1060, 1, 0, 0
22509, 1059, 1, 0, 0
23001, 1052, 1, 0, 0
23508, 1062, 1, 0, 0
24002, 1049, 1, 0, 0
24510, 1058, 1, 0, 0
25010, 1064, 1, 0, 0
25510, 1049, 1, 0, 0
26010, 1057, 1, 0, 0
26500, 1056, 1, 0, 0
27001, 1067, 1, 0, 0
27504, 1060, 1, 0, 0
28000, 1059, 1, 0, 0
28503, 1062, 1, 0, 0
29000, 1058, 1, 0, 0
29503, 1054, 1, 0, 0
30005, 1062, 1, 0, 0
30501, 1057, 1, 0, 0
31000, 1062, 1, 0, 0
31501, 1066, 1, 0, 0
32007, 1060, 1, 0, 0
32508, 1057, 1, 0, 0
33014, 1068, 1, 0, 0
33501, 1063, 1, 0, 0
34004, 1055, 1, 0, 0
34506, 1054, 1, 0, 0
35001, 1063, 1, 0, 0
35505, 1059, 1, 0, 0
36013, 1062, 1, 0, 0
36505, 1072, 1, 0, 0
37007, 1068, 1, 0, 0
37504, 1064, 1, 0, 0
38004, 1069, 1, 0, 0
38509, 1061, 1, 0, 0
39006, 1054, 1, 0, 0
39500, 1063, 1, 0, 0
40003, 1066, 1, 0, 0
40500, 1038, 1, 0, 0
41000, 1064, 1, 0, 0
41516, 1060, 1, 0, 0
42003, 1064, 1, 0, 0
42500, 1064, 1, 0, 0
43004, 1054, 1, 0, 0
43500, 1062, 1, 0, 0
44009, 1060, 1, 0, 0
44502, 1060, 1, 0, 0
45003, 1058, 1, 0, 0
45503, 1046, 1, 0, 0
46013, 1062, 1, 0, 0
46510, 1057, 1, 0, 0
47008, 1060, 1, 0, 0
47508, 1058, 1, 0, 0
48005, 1059, 1, 0, 0
48511, 1067, 1, 0, 0
49001, 1059, 1, 0, 0
49500, 1061, 1, 0, 0
50005, 1059, 1, 0, 0
50502, 1063, 1, 0, 0
51015, 1055, 1, 0, 0
51511, 1062, 1, 0, 0
52007, 1063, 1, 0, 0
52502, 1062, 1, 0, 0
53001, 1059, 1, 0, 0
53500, 1060, 1, 0, 0
54012, 1061, 1, 0, 0
54508, 1059, 1, 0, 0
55000, 1059, 1, 0, 0
55501, 1054, 1, 0, 0
56015, 1054, 1, 0, 0
56500, 1055, 1, 0, 0
57000, 1066, 1, 0, 0
57510, 1060, 1, 0, 0
58007, 1066, 1, 0, 0
58504, 1057, 1, 0, 0
59000, 1059, 1, 0, 0
59514, 1066, 1, 0, 0
60013, 1058, 1, 0, 0
