500, 66516, 1, 0, 0
1000, 66718, 1, 0, 0
1500, 66716, 1, 0, 0
2000, 66630, 1, 0, 0
2500, 66624, 1, 0, 0
3000, 66550, 1, 0, 0
3500, 66780, 1, 0, 0
4000, 66588, 1, 0, 0
4500, 66886, 1, 0, 0
5000, 66822, 1, 0, 0
5500, 66848, 1, 0, 0
6000, 54950, 1, 0, 0
6500, 23364, 1, 0, 0
7000, 23074, 1, 0, 0
7500, 21104, 1, 0, 0
8000, 18994, 1, 0, 0
8500, 20708, 1, 0, 0
9000, 17930, 1, 0, 0
9500, 17600, 1, 0, 0
10000, 17310, 1, 0, 0
10500, 15270, 1, 0, 0
11000, 15468, 1, 0, 0
11500, 15586, 1, 0, 0
12000, 14368, 1, 0, 0
12500, 14537, 1, 0, 0
13000, 13170, 1, 0, 0
13500, 13786, 1, 0, 0
14000, 12676, 1, 0, 0
14500, 11524, 1, 0, 0
15000, 12142, 1, 0, 0
15500, 12792, 1, 0, 0
16000, 11360, 1, 0, 0
16500, 10954, 1, 0, 0
17000, 10246, 1, 0, 0
17500, 10006, 1, 0, 0
18000, 10046, 1, 0, 0
18500, 10030, 1, 0, 0
19000, 10028, 1, 0, 0
19500, 9226, 1, 0, 0
20000, 9680, 1, 0, 0
20500, 9026, 1, 0, 0
21000, 8736, 1, 0, 0
21500, 8580, 1, 0, 0
22000, 8190, 1, 0, 0
22500, 8258, 1, 0, 0
23000, 7934, 1, 0, 0
23500, 8184, 1, 0, 0
24000, 9450, 1, 0, 0
24500, 7786, 1, 0, 0
25000, 8642, 1, 0, 0
25500, 7448, 1, 0, 0
26000, 7232, 1, 0, 0
26500, 7834, 1, 0, 0
27000, 7452, 1, 0, 0
27500, 7012, 1, 0, 0
28000, 7658, 1, 0, 0
28500, 7104, 1, 0, 0
29000, 6846, 1, 0, 0
29500, 7178, 1, 0, 0
30000, 7052, 1, 0, 0
30500, 6388, 1, 0, 0
31000, 7000, 1, 0, 0
31500, 6408, 1, 0, 0
32000, 6886, 1, 0, 0
32500, 6240, 1, 0, 0
33000, 6340, 1, 0, 0
33500, 6484, 1, 0, 0
34000, 6752, 1, 0, 0
34500, 6542, 1, 0, 0
35000, 6494, 1, 0, 0
35500, 5910, 1, 0, 0
36000, 6220, 1, 0, 0
36500, 6328, 1, 0, 0
37000, 5782, 1, 0, 0
37500, 5758, 1, 0, 0
38000, 5706, 1, 0, 0
38500, 5720, 1, 0, 0
39000, 6006, 1, 0, 0
39500, 5708, 1, 0, 0
40000, 5510, 1, 0, 0
40500, 4894, 1, 0, 0
41000, 5574, 1, 0, 0
41500, 5656, 1, 0, 0
42000, 5008, 1, 0, 0
42500, 5062, 1, 0, 0
43000, 5438, 1, 0, 0
43500, 5066, 1, 0, 0
44000, 5206, 1, 0, 0
44500, 5226, 1, 0, 0
45000, 5344, 1, 0, 0
45500, 5470, 1, 0, 0
46000, 5078, 1, 0, 0
46500, 5346, 1, 0, 0
47000, 5386, 1, 0, 0
47500, 5294, 1, 0, 0
48000, 5578, 1, 0, 0
48500, 5076, 1, 0, 0
49000, 5412, 1, 0, 0
49500, 5138, 1, 0, 0
50000, 5384, 1, 0, 0
50500, 5272, 1, 0, 0
51000, 5306, 1, 0, 0
51500, 5326, 1, 0, 0
52000, 5224, 1, 0, 0
52500, 4998, 1, 0, 0
53000, 5046, 1, 0, 0
53500, 5090, 1, 0, 0
54000, 5376, 1, 0, 0
54500, 5432, 1, 0, 0
55000, 5260, 1, 0, 0
55500, 5414, 1, 0, 0
56000, 5298, 1, 0, 0
56500, 5028, 1, 0, 0
57000, 5254, 1, 0, 0
57500, 5070, 1, 0, 0
58000, 5452, 1, 0, 0
58500, 5490, 1, 0, 0
59000, 5108, 1, 0, 0
59500, 4866, 1, 0, 0
60000, 5112, 1, 0, 0
