500, 1258, 1, 0, 0
1000, 1251, 1, 0, 0
1500, 1257, 1, 0, 0
2000, 1254, 1, 0, 0
2500, 1258, 1, 0, 0
3000, 1253, 1, 0, 0
3500, 1256, 1, 0, 0
4000, 1250, 1, 0, 0
4500, 1256, 1, 0, 0
5000, 1258, 1, 0, 0
5500, 1249, 1, 0, 0
6000, 1241, 1, 0, 0
6503, 1242, 1, 0, 0
7000, 1243, 1, 0, 0
7500, 1269, 1, 0, 0
8001, 1252, 1, 0, 0
8500, 1259, 1, 0, 0
9000, 1257, 1, 0, 0
9500, 1261, 1, 0, 0
10007, 1255, 1, 0, 0
10501, 1254, 1, 0, 0
11004, 1259, 1, 0, 0
11500, 1255, 1, 0, 0
12008, 1257, 1, 0, 0
12506, 1259, 1, 0, 0
13000, 1256, 1, 0, 0
13505, 1255, 1, 0, 0
14003, 1255, 1, 0, 0
14505, 1252, 1, 0, 0
15005, 1253, 1, 0, 0
15504, 1257, 1, 0, 0
16000, 1254, 1, 0, 0
16506, 1256, 1, 0, 0
17000, 1251, 1, 0, 0
17500, 1249, 1, 0, 0
18006, 1256, 1, 0, 0
18500, 1258, 1, 0, 0
19008, 1251, 1, 0, 0
19507, 1257, 1, 0, 0
20000, 1255, 1, 0, 0
20500, 1258, 1, 0, 0
21004, 1263, 1, 0, 0
21509, 1263, 1, 0, 0
22000, 1268, 1, 0, 0
22503, 1267, 1, 0, 0
23000, 1259, 1, 0, 0
23504, 1250, 1, 0, 0
24007, 1270, 1, 0, 0
24508, 1268, 1, 0, 0
25000, 1270, 1, 0, 0
25500, 1272, 1, 0, 0
26010, 1266, 1, 0, 0
26500, 1263, 1, 0, 0
27000, 1266, 1, 0, 0
27501, 1263, 1, 0, 0
28012, 1267, 1, 0, 0
28500, 1267, 1, 0, 0
29012, 1263, 1, 0, 0
29510, 1273, 1, 0, 0
30010, 1269, 1, 0, 0
30500, 1267, 1, 0, 0
31002, 1267, 1, 0, 0
31513, 1263, 1, 0, 0
32005, 1261, 1, 0, 0
32505, 1263, 1, 0, 0
33008, 1270, 1, 0, 0
33501, 1271, 1, 0, 0
34014, 1264, 1, 0, 0
34500, 1264, 1, 0, 0
35013, 1265, 1, 0, 0
35507, 1274, 1, 0, 0
36009, 1265, 1, 0, 0
36500, 1267, 1, 0, 0
37000, 1259, 1, 0, 0
37500, 1261, 1, 0, 0
38004, 1261, 1, 0, 0
38509, 1259, 1, 0, 0
39002, 1263, 1, 0, 0
39505, 1262, 1, 0, 0
40014, 1257, 1, 0, 0
40500, 1268, 1, 0, 0
41000, 1253, 1, 0, 0
41500, 1256, 1, 0, 0
42008, 1274, 1, 0, 0
42501, 1262, 1, 0, 0
43000, 1260, 1, 0, 0
43510, 1265, 1, 0, 0
44007, 1266, 1, 0, 0
44501, 1244, 1, 0, 0
45001, 1248, 1, 0, 0
45515, 1244, 1, 0, 0
46009, 1249, 1, 0, 0
46501, 1250, 1, 0, 0
47013, 1251, 1, 0, 0
47507, 1254, 1, 0, 0
48009, 1248, 1, 0, 0
48500, 1245, 1, 0, 0
49014, 1248, 1, 0, 0
49506, 1242, 1, 0, 0
50000, 1240, 1, 0, 0
50512, 1245, 1, 0, 0
51009, 1243, 1, 0, 0
51507, 1266, 1, 0, 0
52000, 1267, 1, 0, 0
52509, 1268, 1, 0, 0
53001, 1268, 1, 0, 0
53500, 1267, 1, 0, 0
54014, 1264, 1, 0, 0
54509, 1273, 1, 0, 0
55006, 1250, 1, 0, 0
55503, 1252, 1, 0, 0
56013, 1261, 1, 0, 0
56500, 1266, 1, 0, 0
57005, 1252, 1, 0, 0
57501, 1265, 1, 0, 0
58012, 1254, 1, 0, 0
58509, 1267, 1, 0, 0
59000, 1265, 1, 0, 0
59506, 1256, 1, 0, 0
60016, 1262, 1, 0, 0
