500, 1064192, 1, 0, 0
1000, 1067488, 1, 0, 0
1500, 1067456, 1, 0, 0
2000, 1066080, 1, 0, 0
2500, 1065984, 1, 0, 0
3000, 1064800, 1, 0, 0
3500, 1068480, 1, 0, 0
4000, 1065408, 1, 0, 0
4500, 1070176, 1, 0, 0
5000, 1069152, 1, 0, 0
5500, 1069568, 1, 0, 0
6000, 879200, 1, 0, 0
6500, 373824, 1, 0, 0
7000, 369184, 1, 0, 0
7500, 337664, 1, 0, 0
8000, 303904, 1, 0, 0
8500, 331328, 1, 0, 0
9000, 286880, 1, 0, 0
9500, 281600, 1, 0, 0
10000, 276960, 1, 0, 0
10500, 244320, 1, 0, 0
11000, 247488, 1, 0, 0
11500, 249376, 1, 0, 0
12000, 229888, 1, 0, 0
12500, 232593, 1, 0, 0
13000, 210720, 1, 0, 0
13500, 220576, 1, 0, 0
14000, 202816, 1, 0, 0
14500, 184384, 1, 0, 0
15000, 194272, 1, 0, 0
15500, 204672, 1, 0, 0
16000, 181760, 1, 0, 0
16500, 175264, 1, 0, 0
17000, 163936, 1, 0, 0
17500, 160096, 1, 0, 0
18000, 160736, 1, 0, 0
18500, 160480, 1, 0, 0
19000, 160448, 1, 0, 0
19500, 147616, 1, 0, 0
20000, 154880, 1, 0, 0
20500, 144416, 1, 0, 0
21000, 139776, 1, 0, 0
21500, 137280, 1, 0, 0
22000, 131040, 1, 0, 0
22500, 132128, 1, 0, 0
23000, 126944, 1, 0, 0
23500, 130944, 1, 0, 0
24000, 151200, 1, 0, 0
24500, 124576, 1, 0, 0
25000, 138272, 1, 0, 0
25500, 119168, 1, 0, 0
26000, 115712, 1, 0, 0
26500, 125344, 1, 0, 0
27000, 119232, 1, 0, 0
27500, 112192, 1, 0, 0
28000, 122528, 1, 0, 0
28500, 113664, 1, 0, 0
29000, 109536, 1, 0, 0
29500, 114848, 1, 0, 0
30000, 112832, 1, 0, 0
30500, 102208, 1, 0, 0
31000, 112000, 1, 0, 0
31500, 102528, 1, 0, 0
32000, 110176, 1, 0, 0
32500, 99840, 1, 0, 0
33000, 101440, 1, 0, 0
33500, 103744, 1, 0, 0
34000, 108032, 1, 0, 0
34500, 104672, 1, 0, 0
35000, 103904, 1, 0, 0
35500, 94560, 1, 0, 0
36000, 99520, 1, 0, 0
36500, 101248, 1, 0, 0
37000, 92512, 1, 0, 0
37500, 92128, 1, 0, 0
38000, 91296, 1, 0, 0
38500, 91520, 1, 0, 0
39000, 96096, 1, 0, 0
39500, 91328, 1, 0, 0
40000, 88160, 1, 0, 0
40500, 78304, 1, 0, 0
41000, 89184, 1, 0, 0
41500, 90496, 1, 0, 0
42000, 80128, 1, 0, 0
42500, 80992, 1, 0, 0
43000, 87008, 1, 0, 0
43500, 81056, 1, 0, 0
44000, 83296, 1, 0, 0
44500, 83616, 1, 0, 0
45000, 85504, 1, 0, 0
45500, 87520, 1, 0, 0
46000, 81250, 1, 0, 0
46500, 85536, 1, 0, 0
47000, 86176, 1, 0, 0
47500, 84704, 1, 0, 0
48000, 89248, 1, 0, 0
48500, 81216, 1, 0, 0
49000, 86592, 1, 0, 0
49500, 82208, 1, 0, 0
50000, 86144, 1, 0, 0
50500, 84352, 1, 0, 0
51000, 84896, 1, 0, 0
51500, 85216, 1, 0, 0
52000, 83584, 1, 0, 0
52500, 79968, 1, 0, 0
53000, 80736, 1, 0, 0
53500, 81440, 1, 0, 0
54000, 86016, 1, 0, 0
54500, 86912, 1, 0, 0
55000, 84160, 1, 0, 0
55500, 86624, 1, 0, 0
56000, 84768, 1, 0, 0
56500, 80448, 1, 0, 0
57000, 84064, 1, 0, 0
57500, 81120, 1, 0, 0
58000, 87232, 1, 0, 0
58500, 87840, 1, 0, 0
59000, 81728, 1, 0, 0
59500, 77856, 1, 0, 0
60000, 81792, 1, 0, 0
