500, 479557, 1, 0, 0
1000, 478118, 1, 0, 0
1500, 478254, 1, 0, 0
2000, 478767, 1, 0, 0
2500, 478904, 1, 0, 0
3000, 479332, 1, 0, 0
3500, 477713, 1, 0, 0
4000, 479126, 1, 0, 0
4500, 476985, 1, 0, 0
5000, 477443, 1, 0, 0
5500, 477195, 1, 0, 0
6000, 580788, 1, 0, 0
6503, 1359099, 1, 0, 0
7000, 1378701, 1, 0, 0
7500, 1527099, 1, 0, 0
8001, 1667454, 1, 0, 0
8500, 1539421, 1, 0, 0
9000, 1812961, 1, 0, 0
9500, 1785415, 1, 0, 0
10007, 1865687, 1, 0, 0
10501, 2070616, 1, 0, 0
11004, 2080270, 1, 0, 0
11500, 2055952, 1, 0, 0
12008, 2229840, 1, 0, 0
12506, 2197481, 1, 0, 0
13000, 2444588, 1, 0, 0
13505, 2300681, 1, 0, 0
14003, 2513072, 1, 0, 0
14505, 2777801, 1, 0, 0
15005, 2633581, 1, 0, 0
15504, 2500181, 1, 0, 0
16000, 2849381, 1, 0, 0
16506, 2896192, 1, 0, 0
17000, 3137853, 1, 0, 0
17500, 3142271, 1, 0, 0
18006, 3211770, 1, 0, 0
18500, 3222868, 1, 0, 0
19008, 3168522, 1, 0, 0
19507, 3449879, 1, 0, 0
20000, 3337074, 1, 0, 0
20500, 3550147, 1, 0, 0
21004, 3603048, 1, 0, 0
21509, 3755304, 1, 0, 0
22000, 3849684, 1, 0, 0
22503, 3891650, 1, 0, 0
23000, 4006764, 1, 0, 0
23504, 3930536, 1, 0, 0
24007, 3410813, 1, 0, 0
24508, 4102196, 1, 0, 0
25000, 3657027, 1, 0, 0
25500, 4444841, 1, 0, 0
26010, 4342902, 1, 0, 0
26500, 4131152, 1, 0, 0
27000, 4304614, 1, 0, 0
27501, 4429318, 1, 0, 0
28012, 4255154, 1, 0, 0
28500, 4518657, 1, 0, 0
29012, 4662001, 1, 0, 0
29510, 4445889, 1, 0, 0
30010, 4523461, 1, 0, 0
30500, 4914955, 1, 0, 0
31002, 4583691, 1, 0, 0
31513, 5108762, 1, 0, 0
32005, 4572598, 1, 0, 0
32505, 5118206, 1, 0, 0
33008, 5098181, 1, 0, 0
33501, 4837592, 1, 0, 0
34014, 4865472, 1, 0, 0
34500, 4913656, 1, 0, 0
35013, 4898288, 1, 0, 0
35507, 5339465, 1, 0, 0
36009, 5164053, 1, 0, 0
36500, 5106215, 1, 0, 0
37000, 5563364, 1, 0, 0
37500, 5522010, 1, 0, 0
38004, 5495188, 1, 0, 0
38509, 5639906, 1, 0, 0
39002, 5285207, 1, 0, 0
39505, 5616128, 1, 0, 0
40014, 5896755, 1, 0, 0
40500, 6375748, 1, 0, 0
41000, 5799340, 1, 0, 0
41500, 5749325, 1, 0, 0
42008, 6335821, 1, 0, 0
42501, 6192875, 1, 0, 0
43000, 6077145, 1, 0, 0
43510, 6230181, 1, 0, 0
44007, 6099697, 1, 0, 0
44501, 6047488, 1, 0, 0
45001, 5986447, 1, 0, 0
45515, 6007030, 1, 0, 0
46009, 6231815, 1, 0, 0
46501, 5918846, 1, 0, 0
47013, 6055743, 1, 0, 0
47507, 5964599, 1, 0, 0
48009, 5758975, 1, 0, 0
48500, 6393828, 1, 0, 0
49014, 5888691, 1, 0, 0
49506, 6156557, 1, 0, 0
50000, 5890395, 1, 0, 0
50512, 6178102, 1, 0, 0
51009, 5983106, 1, 0, 0
51507, 6020179, 1, 0, 0
52000, 6205731, 1, 0, 0
52509, 6319065, 1, 0, 0
53001, 6220471, 1, 0, 0
53500, 6477030, 1, 0, 0
54014, 5928433, 1, 0, 0
54509, 5889928, 1, 0, 0
55006, 5983648, 1, 0, 0
55503, 5877389, 1, 0, 0
56013, 6159326, 1, 0, 0
56500, 6257342, 1, 0, 0
57005, 6143336, 1, 0, 0
57501, 6220471, 1, 0, 0
58012, 5994829, 1, 0, 0
58509, 5792524, 1, 0, 0
59000, 6377027, 1, 0, 0
59506, 6404863, 1, 0, 0
60000, 6368925, 1, 0, 0
60016, 17316884, 1, 0, 0
