500, 57717, 1, 0, 0
1000, 57879, 1, 0, 0
1500, 57793, 1, 0, 0
2000, 57777, 1, 0, 0
2500, 57894, 1, 0, 0
3000, 57907, 1, 0, 0
3500, 58043, 1, 0, 0
4000, 57967, 1, 0, 0
4500, 57917, 1, 0, 0
5000, 57972, 1, 0, 0
5500, 58572, 1, 0, 0
6000, 59668, 1, 0, 0
6500, 59604, 1, 0, 0
7000, 59583, 1, 0, 0
7500, 59555, 1, 0, 0
8000, 59634, 1, 0, 0
8500, 60063, 1, 0, 0
9000, 59777, 1, 0, 0
9500, 59664, 1, 0, 0
10000, 59684, 1, 0, 0
10500, 59640, 1, 0, 0
11000, 59840, 1, 0, 0
11500, 59597, 1, 0, 0
12000, 59667, 1, 0, 0
12500, 59696, 1, 0, 0
13000, 59679, 1, 0, 0
13500, 59704, 1, 0, 0
14000, 59783, 1, 0, 0
14500, 59669, 1, 0, 0
15000, 59779, 1, 0, 0
15500, 59706, 1, 0, 0
16000, 59773, 1, 0, 0
16500, 59814, 1, 0, 0
17000, 59616, 1, 0, 0
17500, 59629, 1, 0, 0
18000, 59620, 1, 0, 0
18500, 59615, 1, 0, 0
19000, 59701, 1, 0, 0
19500, 59592, 1, 0, 0
20000, 59672, 1, 0, 0
20500, 59603, 1, 0, 0
21000, 59782, 1, 0, 0
21500, 59666, 1, 0, 0
22000, 59804, 1, 0, 0
22500, 59682, 1, 0, 0
23000, 59653, 1, 0, 0
23500, 59672, 1, 0, 0
24000, 59634, 1, 0, 0
24500, 59677, 1, 0, 0
25000, 59738, 1, 0, 0
25500, 59708, 1, 0, 0
26000, 59682, 1, 0, 0
26500, 59734, 1, 0, 0
27000, 59759, 1, 0, 0
27500, 59768, 1, 0, 0
28000, 59583, 1, 0, 0
28500, 59579, 1, 0, 0
29000, 59598, 1, 0, 0
29500, 59675, 1, 0, 0
30000, 59657, 1, 0, 0
30500, 59724, 1, 0, 0
31000, 59693, 1, 0, 0
31500, 59645, 1, 0, 0
32000, 59751, 1, 0, 0
32500, 59647, 1, 0, 0
33000, 59778, 1, 0, 0
33500, 59616, 1, 0, 0
34000, 59550, 1, 0, 0
34500, 59515, 1, 0, 0
35000, 59681, 1, 0, 0
35500, 59657, 1, 0, 0
36000, 59714, 1, 0, 0
36500, 59719, 1, 0, 0
37000, 59735, 1, 0, 0
37500, 59688, 1, 0, 0
38000, 59691, 1, 0, 0
38500, 59902, 1, 0, 0
39000, 59700, 1, 0, 0
39500, 59644, 1, 0, 0
40000, 59582, 1, 0, 0
40500, 59604, 1, 0, 0
41000, 59657, 1, 0, 0
41500, 59659, 1, 0, 0
42000, 59675, 1, 0, 0
42500, 59654, 1, 0, 0
43000, 59729, 1, 0, 0
43500, 59740, 1, 0, 0
44000, 59755, 1, 0, 0
44500, 59472, 1, 0, 0
45000, 59590, 1, 0, 0
45500, 59557, 1, 0, 0
46000, 59668, 1, 0, 0
46500, 59788, 1, 0, 0
47000, 59736, 1, 0, 0
47500, 59680, 1, 0, 0
48000, 59772, 1, 0, 0
48500, 59638, 1, 0, 0
49000, 59695, 1, 0, 0
49500, 59836, 1, 0, 0
50000, 59686, 1, 0, 0
50500, 59615, 1, 0, 0
51000, 59665, 1, 0, 0
51500, 59682, 1, 0, 0
52000, 59652, 1, 0, 0
52500, 59651, 1, 0, 0
53000, 59733, 1, 0, 0
53500, 59699, 1, 0, 0
54000, 59784, 1, 0, 0
54500, 59787, 1, 0, 0
55000, 59869, 1, 0, 0
55500, 59663, 1, 0, 0
56000, 59659, 1, 0, 0
56500, 59568, 1, 0, 0
57000, 59692, 1, 0, 0
57500, 59693, 1, 0, 0
58000, 59728, 1, 0, 0
58500, 59727, 1, 0, 0
59000, 59710, 1, 0, 0
59500, 59745, 1, 0, 0
60000, 59696, 1, 0, 0
60000, 60135, 1, 0, 0
