500, 2212920, 1, 0, 0
1000, 2206392, 1, 0, 0
1500, 2209376, 1, 0, 0
2000, 2210104, 1, 0, 0
2500, 2205632, 1, 0, 0
3000, 2205032, 1, 0, 0
3500, 2199928, 1, 0, 0
4000, 2202816, 1, 0, 0
4500, 2204584, 1, 0, 0
5000, 2202576, 1, 0, 0
5500, 2179848, 1, 0, 0
6000, 2140184, 1, 0, 0
6500, 2142496, 1, 0, 0
7000, 2143184, 1, 0, 0
7500, 2144152, 1, 0, 0
8000, 2141256, 1, 0, 0
8500, 2126072, 1, 0, 0
9000, 2136216, 1, 0, 0
9500, 2140272, 1, 0, 0
10000, 2139592, 1, 0, 0
10500, 2141064, 1, 0, 0
11000, 2133736, 1, 0, 0
11500, 2142728, 1, 0, 0
12000, 2140104, 1, 0, 0
12500, 2139144, 1, 0, 0
13000, 2139752, 1, 0, 0
13500, 2138856, 1, 0, 0
14000, 2135968, 1, 0, 0
14500, 2140000, 1, 0, 0
15000, 2136152, 1, 0, 0
15500, 2138712, 1, 0, 0
16000, 2136456, 1, 0, 0
16500, 2134632, 1, 0, 0
17000, 2142072, 1, 0, 0
17500, 2141456, 1, 0, 0
18000, 2141955, 1, 0, 0
18500, 2142080, 1, 0, 0
19000, 2138984, 1, 0, 0
19500, 2142832, 1, 0, 0
20000, 2140032, 1, 0, 0
20500, 2142400, 1, 0, 0
21000, 2136192, 1, 0, 0
21500, 2140176, 1, 0, 0
22000, 2135024, 1, 0, 0
22500, 2139608, 1, 0, 0
23000, 2140664, 1, 0, 0
23500, 2140016, 1, 0, 0
24000, 2141368, 1, 0, 0
24500, 2139776, 1, 0, 0
25000, 2137616, 1, 0, 0
25500, 2138776, 1, 0, 0
26000, 2139568, 1, 0, 0
26500, 2137768, 1, 0, 0
27000, 2136912, 1, 0, 0
27500, 2136312, 1, 0, 0
28000, 2143094, 1, 0, 0
28500, 2143344, 1, 0, 0
29000, 2142672, 1, 0, 0
29500, 2139880, 1, 0, 0
30000, 2140472, 1, 0, 0
30500, 2138104, 1, 0, 0
31000, 2139312, 1, 0, 0
31500, 2140992, 1, 0, 0
32000, 2137128, 1, 0, 0
32500, 2140888, 1, 0, 0
33000, 2135992, 1, 0, 0
33500, 2141984, 1, 0, 0
34000, 2144448, 1, 0, 0
34500, 2145608, 1, 0, 0
35000, 2139752, 1, 0, 0
35500, 2140560, 1, 0, 0
36000, 2138424, 1, 0, 0
36500, 2138208, 1, 0, 0
37000, 2137872, 1, 0, 0
37500, 2139358, 1, 0, 0
38000, 2139416, 1, 0, 0
38500, 2131528, 1, 0, 0
39000, 2138976, 1, 0, 0
39500, 2140912, 1, 0, 0
40000, 2143176, 1, 0, 0
40500, 2142528, 1, 0, 0
41000, 2140496, 1, 0, 0
41500, 2140408, 1, 0, 0
42000, 2139856, 1, 0, 0
42500, 2140648, 1, 0, 0
43000, 2137912, 1, 0, 0
43500, 2137584, 1, 0, 0
44000, 2136792, 1, 0, 0
44500, 2147192, 1, 0, 0
45000, 2142936, 1, 0, 0
45500, 2144152, 1, 0, 0
46000, 2140112, 1, 0, 0
46500, 2135872, 1, 0, 0
47000, 2137648, 1, 0, 0
47500, 2139632, 1, 0, 0
48000, 2136505, 1, 0, 0
48500, 2141200, 1, 0, 0
49000, 2139144, 1, 0, 0
49500, 2133888, 1, 0, 0
50000, 2139440, 1, 0, 0
50500, 2142032, 1, 0, 0
51000, 2140360, 1, 0, 0
51500, 2139624, 1, 0, 0
52000, 2140704, 1, 0, 0
52500, 2140728, 1, 0, 0
53000, 2137760, 1, 0, 0
53500, 2138936, 1, 0, 0
54000, 2136104, 1, 0, 0
54500, 2135776, 1, 0, 0
55000, 2132792, 1, 0, 0
55500, 2140384, 1, 0, 0
56000, 2140440, 1, 0, 0
56500, 2143744, 1, 0, 0
57000, 2139296, 1, 0, 0
57500, 2139254, 1, 0, 0
58000, 2137976, 1, 0, 0
58500, 2137928, 1, 0, 0
59000, 2138672, 1, 0, 0
59500, 2137368, 1, 0, 0
