500, 56957, 1, 0, 0
1000, 57118, 1, 0, 0
1500, 57032, 1, 0, 0
2000, 57018, 1, 0, 0
2500, 57133, 1, 0, 0
3000, 57148, 1, 0, 0
3500, 57283, 1, 0, 0
4000, 57208, 1, 0, 0
4500, 57158, 1, 0, 0
5000, 57212, 1, 0, 0
5500, 57794, 1, 0, 0
6000, 58858, 1, 0, 0
6500, 58796, 1, 0, 0
7000, 58776, 1, 0, 0
7500, 58749, 1, 0, 0
8000, 58829, 1, 0, 0
8500, 59235, 1, 0, 0
9000, 58970, 1, 0, 0
9500, 58857, 1, 0, 0
10000, 58878, 1, 0, 0
10500, 58834, 1, 0, 0
11000, 59029, 1, 0, 0
11500, 58789, 1, 0, 0
12000, 58859, 1, 0, 0
12500, 58886, 1, 0, 0
13000, 58871, 1, 0, 0
13500, 58897, 1, 0, 0
14000, 58975, 1, 0, 0
14500, 58861, 1, 0, 0
15000, 58971, 1, 0, 0
15500, 58899, 1, 0, 0
16000, 58965, 1, 0, 0
16500, 59003, 1, 0, 0
17000, 58809, 1, 0, 0
17500, 58823, 1, 0, 0
18000, 58814, 1, 0, 0
18500, 58808, 1, 0, 0
19000, 58895, 1, 0, 0
19500, 58788, 1, 0, 0
20000, 58867, 1, 0, 0
20500, 58797, 1, 0, 0
21000, 58974, 1, 0, 0
21500, 58859, 1, 0, 0
22000, 58996, 1, 0, 0
22500, 58873, 1, 0, 0
23000, 58845, 1, 0, 0
23500, 58861, 1, 0, 0
24000, 58828, 1, 0, 0
24500, 58871, 1, 0, 0
25000, 58931, 1, 0, 0
25500, 58900, 1, 0, 0
26000, 58875, 1, 0, 0
26500, 58925, 1, 0, 0
27000, 58950, 1, 0, 0
27500, 58957, 1, 0, 0
28000, 58777, 1, 0, 0
28500, 58774, 1, 0, 0
29000, 58793, 1, 0, 0
29500, 58870, 1, 0, 0
30000, 58854, 1, 0, 0
30500, 58917, 1, 0, 0
31000, 58888, 1, 0, 0
31500, 58840, 1, 0, 0
32000, 58945, 1, 0, 0
32500, 58843, 1, 0, 0
33000, 58970, 1, 0, 0
33500, 58807, 1, 0, 0
34000, 58745, 1, 0, 0
34500, 58710, 1, 0, 0
35000, 58875, 1, 0, 0
35500, 58852, 1, 0, 0
36000, 58910, 1, 0, 0
36500, 58915, 1, 0, 0
37000, 58930, 1, 0, 0
37500, 58883, 1, 0, 0
38000, 58887, 1, 0, 0
38500, 59089, 1, 0, 0
39000, 58893, 1, 0, 0
39500, 58837, 1, 0, 0
40000, 58777, 1, 0, 0
40500, 58797, 1, 0, 0
41000, 58851, 1, 0, 0
41500, 58853, 1, 0, 0
42000, 58869, 1, 0, 0
42500, 58847, 1, 0, 0
43000, 58921, 1, 0, 0
43500, 58929, 1, 0, 0
44000, 58946, 1, 0, 0
44500, 58668, 1, 0, 0
45000, 58785, 1, 0, 0
45500, 58752, 1, 0, 0
46000, 58863, 1, 0, 0
46500, 58983, 1, 0, 0
47000, 58930, 1, 0, 0
47500, 58874, 1, 0, 0
48000, 58964, 1, 0, 0
48500, 58831, 1, 0, 0
49000, 58891, 1, 0, 0
49500, 59026, 1, 0, 0
50000, 58877, 1, 0, 0
50500, 58809, 1, 0, 0
51000, 58857, 1, 0, 0
51500, 58873, 1, 0, 0
52000, 58847, 1, 0, 0
52500, 58846, 1, 0, 0
53000, 58926, 1, 0, 0
53500, 58891, 1, 0, 0
54000, 58977, 1, 0, 0
54500, 58979, 1, 0, 0
55000, 59057, 1, 0, 0
55500, 58853, 1, 0, 0
56000, 58851, 1, 0, 0
56500, 58761, 1, 0, 0
57000, 58885, 1, 0, 0
57500, 58887, 1, 0, 0
58000, 58921, 1, 0, 0
58500, 58920, 1, 0, 0
59000, 58904, 1, 0, 0
59500, 58938, 1, 0, 0
60000, 58891, 1, 0, 0
60000, 59332, 1, 0, 0
