500, 759, 1, 0, 0
1000, 760, 1, 0, 0
1500, 761, 1, 0, 0
2000, 759, 1, 0, 0
2500, 761, 1, 0, 0
3000, 759, 1, 0, 0
3500, 761, 1, 0, 0
4000, 758, 1, 0, 0
4500, 760, 1, 0, 0
5000, 760, 1, 0, 0
5500, 778, 1, 0, 0
6000, 810, 1, 0, 0
6500, 808, 1, 0, 0
7000, 808, 1, 0, 0
7500, 806, 1, 0, 0
8000, 805, 1, 0, 0
8500, 828, 1, 0, 0
9000, 807, 1, 0, 0
9500, 807, 1, 0, 0
10000, 806, 1, 0, 0
10500, 806, 1, 0, 0
11000, 810, 1, 0, 0
11500, 808, 1, 0, 0
12000, 808, 1, 0, 0
12500, 810, 1, 0, 0
13000, 808, 1, 0, 0
13500, 807, 1, 0, 0
14000, 808, 1, 0, 0
14500, 808, 1, 0, 0
15000, 808, 1, 0, 0
15500, 807, 1, 0, 0
16000, 808, 1, 0, 0
16500, 811, 1, 0, 0
17000, 807, 1, 0, 0
17500, 806, 1, 0, 0
18000, 806, 1, 0, 0
18500, 807, 1, 0, 0
19000, 806, 1, 0, 0
19500, 804, 1, 0, 0
20000, 806, 1, 0, 0
20500, 806, 1, 0, 0
21000, 808, 1, 0, 0
21500, 806, 1, 0, 0
22000, 808, 1, 0, 0
22500, 809, 1, 0, 0
23000, 808, 1, 0, 0
23500, 811, 1, 0, 0
24000, 807, 1, 0, 0
24500, 806, 1, 0, 0
25000, 807, 1, 0, 0
25500, 808, 1, 0, 0
26000, 807, 1, 0, 0
26500, 808, 1, 0, 0
27000, 809, 1, 0, 0
27500, 811, 1, 0, 0
28000, 806, 1, 0, 0
28500, 805, 1, 0, 0
29000, 805, 1, 0, 0
29500, 805, 1, 0, 0
30000, 804, 1, 0, 0
30500, 807, 1, 0, 0
31000, 805, 1, 0, 0
31500, 805, 1, 0, 0
32000, 806, 1, 0, 0
32500, 805, 1, 0, 0
33000, 808, 1, 0, 0
33500, 808, 1, 0, 0
34000, 805, 1, 0, 0
34500, 805, 1, 0, 0
35000, 806, 1, 0, 0
35500, 804, 1, 0, 0
36000, 804, 1, 0, 0
36500, 804, 1, 0, 0
37000, 804, 1, 0, 0
37500, 805, 1, 0, 0
38000, 804, 1, 0, 0
38500, 813, 1, 0, 0
39000, 808, 1, 0, 0
39500, 807, 1, 0, 0
40000, 806, 1, 0, 0
40500, 806, 1, 0, 0
41000, 806, 1, 0, 0
41500, 806, 1, 0, 0
42000, 806, 1, 0, 0
42500, 807, 1, 0, 0
43000, 808, 1, 0, 0
43500, 812, 1, 0, 0
44000, 809, 1, 0, 0
44500, 805, 1, 0, 0
45000, 806, 1, 0, 0
45500, 804, 1, 0, 0
46000, 805, 1, 0, 0
46500, 806, 1, 0, 0
47000, 806, 1, 0, 0
47500, 806, 1, 0, 0
48000, 807, 1, 0, 0
48500, 807, 1, 0, 0
49000, 804, 1, 0, 0
49500, 810, 1, 0, 0
50000, 809, 1, 0, 0
50500, 807, 1, 0, 0
51000, 808, 1, 0, 0
51500, 809, 1, 0, 0
52000, 805, 1, 0, 0
52500, 805, 1, 0, 0
53000, 807, 1, 0, 0
53500, 808, 1, 0, 0
54000, 807, 1, 0, 0
54500, 808, 1, 0, 0
55000, 812, 1, 0, 0
55500, 809, 1, 0, 0
56000, 808, 1, 0, 0
56500, 807, 1, 0, 0
57000, 808, 1, 0, 0
57500, 806, 1, 0, 0
58000, 807, 1, 0, 0
58500, 807, 1, 0, 0
59000, 806, 1, 0, 0
59500, 807, 1, 0, 0
60000, 806, 1, 0, 0
