500, 553240, 1, 0, 0
1000, 551598, 1, 0, 0
1500, 552344, 1, 0, 0
2000, 552526, 1, 0, 0
2500, 551408, 1, 0, 0
3000, 551258, 1, 0, 0
3500, 549982, 1, 0, 0
4000, 550704, 1, 0, 0
4500, 551146, 1, 0, 0
5000, 550644, 1, 0, 0
5500, 544962, 1, 0, 0
6000, 535046, 1, 0, 0
6500, 535624, 1, 0, 0
7000, 535796, 1, 0, 0
7500, 536040, 1, 0, 0
8000, 535316, 1, 0, 0
8500, 531518, 1, 0, 0
9000, 534054, 1, 0, 0
9500, 535068, 1, 0, 0
10000, 534898, 1, 0, 0
10500, 535266, 1, 0, 0
11000, 533434, 1, 0, 0
11500, 535682, 1, 0, 0
12000, 535026, 1, 0, 0
12500, 534788, 1, 0, 0
13000, 534938, 1, 0, 0
13500, 534714, 1, 0, 0
14000, 533992, 1, 0, 0
14500, 535000, 1, 0, 0
15000, 534038, 1, 0, 0
15500, 534680, 1, 0, 0
16000, 534114, 1, 0, 0
16500, 533658, 1, 0, 0
17000, 535518, 1, 0, 0
17500, 535364, 1, 0, 0
18000, 535488, 1, 0, 0
18500, 535520, 1, 0, 0
19000, 534746, 1, 0, 0
19500, 535708, 1, 0, 0
20000, 535008, 1, 0, 0
20500, 535600, 1, 0, 0
21000, 534048, 1, 0, 0
21500, 535044, 1, 0, 0
22000, 533756, 1, 0, 0
22500, 534902, 1, 0, 0
23000, 535166, 1, 0, 0
23500, 535004, 1, 0, 0
24000, 535344, 1, 0, 0
24500, 534944, 1, 0, 0
25000, 534404, 1, 0, 0
25500, 534694, 1, 0, 0
26000, 534892, 1, 0, 0
26500, 534442, 1, 0, 0
27000, 534228, 1, 0, 0
27500, 534078, 1, 0, 0
28000, 535773, 1, 0, 0
28500, 535836, 1, 0, 0
29000, 535668, 1, 0, 0
29500, 534970, 1, 0, 0
30000, 535118, 1, 0, 0
30500, 534526, 1, 0, 0
31000, 534828, 1, 0, 0
31500, 535250, 1, 0, 0
32000, 534282, 1, 0, 0
32500, 535222, 1, 0, 0
33000, 533998, 1, 0, 0
33500, 535496, 1, 0, 0
34000, 536112, 1, 0, 0
34500, 536402, 1, 0, 0
35000, 534938, 1, 0, 0
35500, 535140, 1, 0, 0
36000, 534606, 1, 0, 0
36500, 534552, 1, 0, 0
37000, 534468, 1, 0, 0
37500, 534839, 1, 0, 0
38000, 534854, 1, 0, 0
38500, 532882, 1, 0, 0
39000, 534744, 1, 0, 0
39500, 535230, 1, 0, 0
40000, 535792, 1, 0, 0
40500, 535634, 1, 0, 0
41000, 535124, 1, 0, 0
41500, 535102, 1, 0, 0
42000, 534964, 1, 0, 0
42500, 535162, 1, 0, 0
43000, 534480, 1, 0, 0
43500, 534398, 1, 0, 0
44000, 534200, 1, 0, 0
44500, 536798, 1, 0, 0
45000, 535734, 1, 0, 0
45500, 536038, 1, 0, 0
46000, 535028, 1, 0, 0
46500, 533968, 1, 0, 0
47000, 534412, 1, 0, 0
47500, 534908, 1, 0, 0
48000, 534126, 1, 0, 0
48500, 535300, 1, 0, 0
49000, 534786, 1, 0, 0
49500, 533474, 1, 0, 0
50000, 534860, 1, 0, 0
50500, 535508, 1, 0, 0
51000, 535090, 1, 0, 0
51500, 534906, 1, 0, 0
52000, 535176, 1, 0, 0
52500, 535182, 1, 0, 0
53000, 534440, 1, 0, 0
53500, 534736, 1, 0, 0
54000, 534026, 1, 0, 0
54500, 533944, 1, 0, 0
55000, 533196, 1, 0, 0
55500, 535096, 1, 0, 0
56000, 535110, 1, 0, 0
56500, 535936, 1, 0, 0
57000, 534826, 1, 0, 0
57500, 534813, 1, 0, 0
58000, 534494, 1, 0, 0
58500, 534482, 1, 0, 0
59000, 534670, 1, 0, 0
59500, 534342, 1, 0, 0
