500, 3438080, 1, 0, 0
1000, 3438080, 1, 0, 0
1500, 3437568, 1, 0, 0
2000, 3437824, 1, 0, 0
2500, 3437568, 1, 0, 0
3000, 3437824, 1, 0, 0
3500, 3437568, 1, 0, 0
4000, 1160704, 1, 0, 0
4500, 369920, 1, 0, 0
5000, 368128, 1, 0, 0
5500, 393984, 1, 0, 0
6000, 410368, 1, 0, 0
6500, 418560, 1, 0, 0
7000, 442880, 1, 0, 0
7500, 426752, 1, 0, 0
8000, 428288, 1, 0, 0
8500, 447232, 1, 0, 0
9000, 464896, 1, 0, 0
9500, 480512, 1, 0, 0
10000, 494592, 1, 0, 0
10500, 507639, 1, 0, 0
11000, 525312, 1, 0, 0
11500, 536576, 1, 0, 0
12000, 555264, 1, 0, 0
12500, 565760, 1, 0, 0
13000, 571136, 1, 0, 0
13500, 591616, 1, 0, 0
14000, 633344, 1, 0, 0
14500, 644352, 1, 0, 0
15000, 676864, 1, 0, 0
15500, 721920, 1, 0, 0
16000, 755456, 1, 0, 0
16500, 814336, 1, 0, 0
17000, 846080, 1, 0, 0
17500, 948480, 1, 0, 0
18000, 1035008, 1, 0, 0
18500, 1259264, 1, 0, 0
19000, 1504768, 1, 0, 0
19500, 2215936, 1, 0, 0
20000, 2345472, 1, 0, 0
20500, 386304, 1, 0, 0
21000, 374016, 1, 0, 0
21500, 393472, 1, 0, 0
22000, 399872, 1, 0, 0
22500, 435712, 1, 0, 0
23000, 433408, 1, 0, 0
23500, 416256, 1, 0, 0
24000, 454912, 1, 0, 0
24500, 457216, 1, 0, 0
25000, 471552, 1, 0, 0
25500, 499712, 1, 0, 0
26000, 481536, 1, 0, 0
26500, 526336, 1, 0, 0
27000, 537856, 1, 0, 0
27500, 543807, 1, 0, 0
28000, 551424, 1, 0, 0
28500, 570368, 1, 0, 0
29000, 602112, 1, 0, 0
29500, 612608, 1, 0, 0
30000, 636160, 1, 0, 0
30500, 665856, 1, 0, 0
31000, 663808, 1, 0, 0
31500, 721664, 1, 0, 0
32000, 780032, 1, 0, 0
32500, 845824, 1, 0, 0
33000, 877824, 1, 0, 0
33500, 975104, 1, 0, 0
34000, 1069056, 1, 0, 0
34500, 1245696, 1, 0, 0
35000, 1535744, 1, 0, 0
35500, 2386176, 1, 0, 0
36000, 1956864, 1, 0, 0
36500, 380160, 1, 0, 0
37000, 380416, 1, 0, 0
37500, 400640, 1, 0, 0
38000, 407040, 1, 0, 0
38500, 426240, 1, 0, 0
39000, 440576, 1, 0, 0
39500, 429824, 1, 0, 0
40000, 448512, 1, 0, 0
40500, 465920, 1, 0, 0
41000, 488192, 1, 0, 0
41500, 490752, 1, 0, 0
42000, 512256, 1, 0, 0
42500, 505088, 1, 0, 0
43000, 497920, 1, 0, 0
43500, 538880, 1, 0, 0
44000, 553472, 1, 0, 0
44500, 591104, 1, 0, 0
45000, 580608, 1, 0, 0
45500, 613066, 1, 0, 0
46000, 625664, 1, 0, 0
46500, 666112, 1, 0, 0
47000, 679424, 1, 0, 0
47500, 732160, 1, 0, 0
48000, 741120, 1, 0, 0
48500, 804096, 1, 0, 0
49000, 893696, 1, 0, 0
49500, 946176, 1, 0, 0
50000, 1067264, 1, 0, 0
50500, 1235712, 1, 0, 0
51000, 1491200, 1, 0, 0
51500, 2257664, 1, 0, 0
52000, 2227200, 1, 0, 0
52500, 376064, 1, 0, 0
53000, 377856, 1, 0, 0
53500, 382976, 1, 0, 0
54000, 406272, 1, 0, 0
54500, 412416, 1, 0, 0
55000, 445440, 1, 0, 0
55500, 439552, 1, 0, 0
56000, 445696, 1, 0, 0
56500, 459520, 1, 0, 0
57000, 478208, 1, 0, 0
57500, 485120, 1, 0, 0
58000, 488192, 1, 0, 0
58500, 498944, 1, 0, 0
59000, 512768, 1, 0, 0
59500, 548864, 1, 0, 0
60000, 546048, 1, 0, 0
