500, 1187039, 1, 0, 0
1000, 1188112, 1, 0, 0
1500, 1188099, 1, 0, 0
2000, 1188099, 1, 0, 0
2500, 1188104, 1, 0, 0
3000, 1188104, 1, 0, 0
3500, 1188096, 1, 0, 0
4005, 3480538, 1, 0, 0
4500, 11116794, 1, 0, 0
5000, 11161824, 1, 0, 0
5503, 10355831, 1, 0, 0
6004, 9983830, 1, 0, 0
6500, 9745931, 1, 0, 0
7000, 9255938, 1, 0, 0
7500, 9559727, 1, 0, 0
8004, 9595811, 1, 0, 0
8500, 9248338, 1, 0, 0
9001, 8684029, 1, 0, 0
9501, 8524632, 1, 0, 0
10003, 8301746, 1, 0, 0
10504, 8094047, 1, 0, 0
11006, 7815623, 1, 0, 0
11503, 7587602, 1, 0, 0
12000, 7336694, 1, 0, 0
12505, 7286259, 1, 0, 0
13000, 7140246, 1, 0, 0
13500, 6941405, 1, 0, 0
14000, 6440643, 1, 0, 0
14500, 6379691, 1, 0, 0
15002, 6051241, 1, 0, 0
15503, 5646166, 1, 0, 0
16000, 5421662, 1, 0, 0
16504, 5050574, 1, 0, 0
17000, 4840015, 1, 0, 0
17500, 4329971, 1, 0, 0
18002, 3932179, 1, 0, 0
18500, 3251554, 1, 0, 0
19000, 2714813, 1, 0, 0
19500, 1854907, 1, 0, 0
20006, 1736936, 1, 0, 0
20500, 10580741, 1, 0, 0
21001, 10875707, 1, 0, 0
21500, 10422219, 1, 0, 0
22000, 10220008, 1, 0, 0
22500, 9472167, 1, 0, 0
23003, 9413353, 1, 0, 0
23501, 9777107, 1, 0, 0
24004, 9044943, 1, 0, 0
24500, 8956021, 1, 0, 0
25002, 8665132, 1, 0, 0
25504, 8239720, 1, 0, 0
26000, 8433195, 1, 0, 0
26500, 7794680, 1, 0, 0
27000, 7688081, 1, 0, 0
27505, 7513243, 1, 0, 0
28003, 7410789, 1, 0, 0
28500, 7189392, 1, 0, 0
29003, 6779110, 1, 0, 0
29506, 6709446, 1, 0, 0
30000, 6431164, 1, 0, 0
30500, 6169017, 1, 0, 0
31002, 6117647, 1, 0, 0
31500, 5636421, 1, 0, 0
32003, 5284024, 1, 0, 0
32501, 4818262, 1, 0, 0
33000, 4680532, 1, 0, 0
33501, 4183127, 1, 0, 0
34000, 3823679, 1, 0, 0
34500, 3291079, 1, 0, 0
35000, 2686875, 1, 0, 0
35500, 1712514, 1, 0, 0
36000, 2060383, 1, 0, 0
36500, 10820267, 1, 0, 0
37000, 10741769, 1, 0, 0
37503, 10237017, 1, 0, 0
38000, 10003478, 1, 0, 0
38504, 9664218, 1, 0, 0
39000, 9272953, 1, 0, 0
39507, 9596899, 1, 0, 0
40000, 9032495, 1, 0, 0
40500, 8847477, 1, 0, 0
41001, 8349783, 1, 0, 0
41504, 8395774, 1, 0, 0
42006, 8002570, 1, 0, 0
42506, 8110888, 1, 0, 0
43000, 8220883, 1, 0, 0
43506, 7596102, 1, 0, 0
44001, 7319018, 1, 0, 0
44503, 6961427, 1, 0, 0
45000, 7092490, 1, 0, 0
45504, 6679850, 1, 0, 0
46000, 6537198, 1, 0, 0
46504, 6146743, 1, 0, 0
47001, 5985502, 1, 0, 0
47504, 5618397, 1, 0, 0
48000, 5521520, 1, 0, 0
48500, 5049320, 1, 0, 0
49002, 4604001, 1, 0, 0
49502, 4334216, 1, 0, 0
50000, 3853618, 1, 0, 0
50500, 3313119, 1, 0, 0
51000, 2739104, 1, 0, 0
51500, 1812700, 1, 0, 0
52003, 1816625, 1, 0, 0
52503, 10839253, 1, 0, 0
53002, 10881811, 1, 0, 0
53502, 10723365, 1, 0, 0
54003, 10013176, 1, 0, 0
54500, 9892213, 1, 0, 0
55000, 9267440, 1, 0, 0
55505, 9324607, 1, 0, 0
56000, 9221492, 1, 0, 0
56503, 8870143, 1, 0, 0
57000, 8650745, 1, 0, 0
57500, 8338744, 1, 0, 0
58000, 8406789, 1, 0, 0
58500, 8229400, 1, 0, 0
59000, 8024894, 1, 0, 0
59500, 7429458, 1, 0, 0
60000, 7507559, 1, 0, 0
60008, 10358908, 1, 0, 0
