500, 1190304, 1, 0, 0
1000, 1191352, 1, 0, 0
1500, 1191351, 1, 0, 0
2000, 1191348, 1, 0, 0
2500, 1191352, 1, 0, 0
3000, 1191350, 1, 0, 0
3500, 1191342, 1, 0, 0
4005, 3484124, 1, 0, 0
4500, 11121198, 1, 0, 0
5000, 11166197, 1, 0, 0
5503, 10360203, 1, 0, 0
6004, 9988205, 1, 0, 0
6500, 9750245, 1, 0, 0
7000, 9260259, 1, 0, 0
7500, 9564049, 1, 0, 0
8004, 9600150, 1, 0, 0
8500, 9252685, 1, 0, 0
9001, 8688354, 1, 0, 0
9501, 8528946, 1, 0, 0
10003, 8306072, 1, 0, 0
10504, 8098388, 1, 0, 0
11006, 7819973, 1, 0, 0
11503, 7591967, 1, 0, 0
12000, 7341064, 1, 0, 0
12505, 7290642, 1, 0, 0
13000, 7144616, 1, 0, 0
13500, 6945778, 1, 0, 0
14000, 6444993, 1, 0, 0
14500, 6384019, 1, 0, 0
15002, 6055610, 1, 0, 0
15503, 5650427, 1, 0, 0
16000, 5426028, 1, 0, 0
16504, 5054863, 1, 0, 0
17000, 4844339, 1, 0, 0
17500, 4334299, 1, 0, 0
18002, 3936407, 1, 0, 0
18500, 3255716, 1, 0, 0
19000, 2718994, 1, 0, 0
19500, 1858888, 1, 0, 0
20006, 1740305, 1, 0, 0
20500, 10585044, 1, 0, 0
21001, 10880030, 1, 0, 0
21500, 10426498, 1, 0, 0
22000, 10224369, 1, 0, 0
22500, 9476499, 1, 0, 0
23003, 9417622, 1, 0, 0
23501, 9781444, 1, 0, 0
24004, 9049325, 1, 0, 0
24500, 8960341, 1, 0, 0
25002, 8669443, 1, 0, 0
25504, 8244041, 1, 0, 0
26000, 8437549, 1, 0, 0
26500, 7799024, 1, 0, 0
27000, 7692396, 1, 0, 0
27505, 7517554, 1, 0, 0
28003, 7415131, 1, 0, 0
28500, 7193727, 1, 0, 0
29003, 6783429, 1, 0, 0
29506, 6713787, 1, 0, 0
30000, 6435498, 1, 0, 0
30500, 6173314, 1, 0, 0
31002, 6121913, 1, 0, 0
31500, 5640740, 1, 0, 0
32003, 5288383, 1, 0, 0
32501, 4822556, 1, 0, 0
33000, 4684796, 1, 0, 0
33501, 4187368, 1, 0, 0
34000, 3827994, 1, 0, 0
34500, 3295303, 1, 0, 0
35000, 2691104, 1, 0, 0
35500, 1716570, 1, 0, 0
36000, 2063741, 1, 0, 0
36500, 10824635, 1, 0, 0
37000, 10746119, 1, 0, 0
37503, 10241402, 1, 0, 0
38000, 10007849, 1, 0, 0
38504, 9668587, 1, 0, 0
39000, 9277307, 1, 0, 0
39507, 9601283, 1, 0, 0
40000, 9036919, 1, 0, 0
40500, 8851854, 1, 0, 0
41001, 8354177, 1, 0, 0
41504, 8400162, 1, 0, 0
42006, 8006912, 1, 0, 0
42506, 8115226, 1, 0, 0
43000, 8225218, 1, 0, 0
43506, 7600467, 1, 0, 0
44001, 7323341, 1, 0, 0
44503, 6965719, 1, 0, 0
45000, 7096851, 1, 0, 0
45504, 6684206, 1, 0, 0
46000, 6541555, 1, 0, 0
46504, 6151103, 1, 0, 0
47001, 5989865, 1, 0, 0
47504, 5622705, 1, 0, 0
48000, 5525833, 1, 0, 0
48500, 5053653, 1, 0, 0
49002, 4608276, 1, 0, 0
49502, 4338453, 1, 0, 0
50000, 3857892, 1, 0, 0
50500, 3317372, 1, 0, 0
51000, 2743346, 1, 0, 0
51500, 1816846, 1, 0, 0
52003, 1820033, 1, 0, 0
52503, 10843592, 1, 0, 0
53002, 10886163, 1, 0, 0
53502, 10727736, 1, 0, 0
54003, 10017502, 1, 0, 0
54500, 9896543, 1, 0, 0
55000, 9271779, 1, 0, 0
55505, 9328931, 1, 0, 0
56000, 9225868, 1, 0, 0
56503, 8874456, 1, 0, 0
57000, 8655065, 1, 0, 0
57500, 8343061, 1, 0, 0
58000, 8411137, 1, 0, 0
58500, 8233754, 1, 0, 0
59000, 8029242, 1, 0, 0
59500, 7433821, 1, 0, 0
60000, 7511918, 1, 0, 0
60008, 10363157, 1, 0, 0
