500, 26860, 1, 0, 0
1000, 26858, 1, 0, 0
1500, 26856, 1, 0, 0
2000, 26858, 1, 0, 0
2500, 26856, 1, 0, 0
3000, 26858, 1, 0, 0
3500, 26856, 1, 0, 0
4000, 9068, 1, 0, 0
4500, 2890, 1, 0, 0
5000, 2876, 1, 0, 0
5500, 3078, 1, 0, 0
6000, 3206, 1, 0, 0
6500, 3270, 1, 0, 0
7000, 3460, 1, 0, 0
7500, 3334, 1, 0, 0
8000, 3346, 1, 0, 0
8500, 3494, 1, 0, 0
9000, 3632, 1, 0, 0
9500, 3754, 1, 0, 0
10000, 3864, 1, 0, 0
10500, 3965, 1, 0, 0
11000, 4104, 1, 0, 0
11500, 4192, 1, 0, 0
12000, 4338, 1, 0, 0
12500, 4420, 1, 0, 0
13000, 4462, 1, 0, 0
13500, 4622, 1, 0, 0
14000, 4948, 1, 0, 0
14500, 5034, 1, 0, 0
15000, 5288, 1, 0, 0
15500, 5640, 1, 0, 0
16000, 5902, 1, 0, 0
16500, 6362, 1, 0, 0
17000, 6610, 1, 0, 0
17500, 7410, 1, 0, 0
18000, 8086, 1, 0, 0
18500, 9838, 1, 0, 0
19000, 11756, 1, 0, 0
19500, 17312, 1, 0, 0
20000, 18324, 1, 0, 0
20500, 3018, 1, 0, 0
21000, 2922, 1, 0, 0
21500, 3074, 1, 0, 0
22000, 3124, 1, 0, 0
22500, 3404, 1, 0, 0
23000, 3386, 1, 0, 0
23500, 3252, 1, 0, 0
24000, 3554, 1, 0, 0
24500, 3572, 1, 0, 0
25000, 3684, 1, 0, 0
25500, 3904, 1, 0, 0
26000, 3762, 1, 0, 0
26500, 4112, 1, 0, 0
27000, 4202, 1, 0, 0
27500, 4248, 1, 0, 0
28000, 4308, 1, 0, 0
28500, 4456, 1, 0, 0
29000, 4704, 1, 0, 0
29500, 4786, 1, 0, 0
30000, 4970, 1, 0, 0
30500, 5202, 1, 0, 0
31000, 5186, 1, 0, 0
31500, 5638, 1, 0, 0
32000, 6094, 1, 0, 0
32500, 6608, 1, 0, 0
33000, 6858, 1, 0, 0
33500, 7618, 1, 0, 0
34000, 8352, 1, 0, 0
34500, 9732, 1, 0, 0
35000, 11998, 1, 0, 0
35500, 18642, 1, 0, 0
36000, 15288, 1, 0, 0
36500, 2970, 1, 0, 0
37000, 2972, 1, 0, 0
37500, 3130, 1, 0, 0
38000, 3180, 1, 0, 0
38500, 3330, 1, 0, 0
39000, 3442, 1, 0, 0
39500, 3358, 1, 0, 0
40000, 3504, 1, 0, 0
40500, 3640, 1, 0, 0
41000, 3814, 1, 0, 0
41500, 3834, 1, 0, 0
42000, 4002, 1, 0, 0
42500, 3946, 1, 0, 0
43000, 3890, 1, 0, 0
43500, 4210, 1, 0, 0
44000, 4324, 1, 0, 0
44500, 4618, 1, 0, 0
45000, 4536, 1, 0, 0
45500, 4789, 1, 0, 0
46000, 4888, 1, 0, 0
46500, 5204, 1, 0, 0
47000, 5308, 1, 0, 0
47500, 5720, 1, 0, 0
48000, 5790, 1, 0, 0
48500, 6282, 1, 0, 0
49000, 6982, 1, 0, 0
49500, 7392, 1, 0, 0
50000, 8338, 1, 0, 0
50500, 9654, 1, 0, 0
51000, 11650, 1, 0, 0
51500, 17638, 1, 0, 0
52000, 17400, 1, 0, 0
52500, 2938, 1, 0, 0
53000, 2952, 1, 0, 0
53500, 2992, 1, 0, 0
54000, 3174, 1, 0, 0
54500, 3222, 1, 0, 0
55000, 3482, 1, 0, 0
55500, 3432, 1, 0, 0
56000, 3482, 1, 0, 0
56500, 3590, 1, 0, 0
57000, 3736, 1, 0, 0
57500, 3790, 1, 0, 0
58000, 3814, 1, 0, 0
58500, 3898, 1, 0, 0
59000, 4006, 1, 0, 0
59500, 4288, 1, 0, 0
60000, 4266, 1, 0, 0
