500, 3265, 1, 0, 0
1000, 3240, 1, 0, 0
1500, 3252, 1, 0, 0
2000, 3249, 1, 0, 0
2500, 3247, 1, 0, 0
3000, 3246, 1, 0, 0
3500, 3246, 1, 0, 0
4005, 3594, 1, 0, 0
4500, 4399, 1, 0, 0
5000, 4378, 1, 0, 0
5503, 4370, 1, 0, 0
6004, 4376, 1, 0, 0
6500, 4318, 1, 0, 0
7000, 4317, 1, 0, 0
7500, 4326, 1, 0, 0
8004, 4337, 1, 0, 0
8500, 4346, 1, 0, 0
9001, 4325, 1, 0, 0
9501, 4313, 1, 0, 0
10003, 4328, 1, 0, 0
10504, 4340, 1, 0, 0
11006, 4347, 1, 0, 0
11503, 4372, 1, 0, 0
12000, 4367, 1, 0, 0
12505, 4387, 1, 0, 0
13000, 4368, 1, 0, 0
13500, 4375, 1, 0, 0
14000, 4347, 1, 0, 0
14500, 4327, 1, 0, 0
15002, 4370, 1, 0, 0
15503, 4260, 1, 0, 0
16000, 4367, 1, 0, 0
16504, 4290, 1, 0, 0
17000, 4324, 1, 0, 0
17500, 4326, 1, 0, 0
18002, 4228, 1, 0, 0
18500, 4164, 1, 0, 0
19000, 4179, 1, 0, 0
19500, 3979, 1, 0, 0
20006, 3371, 1, 0, 0
20500, 4310, 1, 0, 0
21001, 4318, 1, 0, 0
21500, 4276, 1, 0, 0
22000, 4364, 1, 0, 0
22500, 4333, 1, 0, 0
23003, 4269, 1, 0, 0
23501, 4336, 1, 0, 0
24004, 4383, 1, 0, 0
24500, 4320, 1, 0, 0
25002, 4315, 1, 0, 0
25504, 4319, 1, 0, 0
26000, 4354, 1, 0, 0
26500, 4345, 1, 0, 0
27000, 4313, 1, 0, 0
27505, 4313, 1, 0, 0
28003, 4341, 1, 0, 0
28500, 4336, 1, 0, 0
29003, 4321, 1, 0, 0
29506, 4337, 1, 0, 0
30000, 4336, 1, 0, 0
30500, 4297, 1, 0, 0
31003, 4268, 1, 0, 0
31500, 4320, 1, 0, 0
32003, 4359, 1, 0, 0
32501, 4291, 1, 0, 0
33000, 4267, 1, 0, 0
33501, 4236, 1, 0, 0
34000, 4319, 1, 0, 0
34500, 4220, 1, 0, 0
35000, 4232, 1, 0, 0
35500, 4053, 1, 0, 0
36000, 3363, 1, 0, 0
36500, 4364, 1, 0, 0
37000, 4350, 1, 0, 0
37503, 4385, 1, 0, 0
38000, 4373, 1, 0, 0
38504, 4369, 1, 0, 0
39000, 4353, 1, 0, 0
39507, 4384, 1, 0, 0
40000, 4425, 1, 0, 0
40500, 4377, 1, 0, 0
41001, 4396, 1, 0, 0
41504, 4385, 1, 0, 0
42006, 4342, 1, 0, 0
42506, 4337, 1, 0, 0
43000, 4333, 1, 0, 0
43506, 4367, 1, 0, 0
44001, 4322, 1, 0, 0
44503, 4292, 1, 0, 0
45000, 4362, 1, 0, 0
45504, 4354, 1, 0, 0
46000, 4354, 1, 0, 0
46504, 4362, 1, 0, 0
47001, 4365, 1, 0, 0
47504, 4305, 1, 0, 0
48000, 4316, 1, 0, 0
48500, 4331, 1, 0, 0
49002, 4278, 1, 0, 0
49502, 4236, 1, 0, 0
50000, 4274, 1, 0, 0
50500, 4253, 1, 0, 0
51000, 4241, 1, 0, 0
51500, 4147, 1, 0, 0
52003, 3408, 1, 0, 0
52503, 4338, 1, 0, 0
53002, 4355, 1, 0, 0
53502, 4365, 1, 0, 0
54003, 4330, 1, 0, 0
54500, 4331, 1, 0, 0
55000, 4339, 1, 0, 0
55505, 4321, 1, 0, 0
56000, 4376, 1, 0, 0
56503, 4315, 1, 0, 0
57000, 4315, 1, 0, 0
57500, 4321, 1, 0, 0
58000, 4348, 1, 0, 0
58500, 4352, 1, 0, 0
59000, 4350, 1, 0, 0
59500, 4367, 1, 0, 0
60008, 4354, 1, 0, 0
