[65254.542192] KSC2026-MARK map128k_bs128k_r1 insmod 1791441016939159324
[65254.555504] NVMeVirt: Version 1.10 for >> Samsung 970 Pro SSD <<
[65254.555513] NVMeVirt: Storage: 0x300100000-0x600000000 (12287 MiB)
[65254.565986] NVMeVirt: Total Capacity(GiB,MiB)=3,3072 chs=2 luns=4 lines=384 blk-size(MiB,KiB)=2,2048 line-size(MiB,KiB)=8,8192
[65254.565992] NVMeVirt: KSC2026: mapping unit=131072 B, flash page=131072 B, oneshot page=131072 B, pgs_per_blk=16, blks_per_pl=384, write buffer=4194304 B
[65254.570454] NVMeVirt: [chmodel_init] bandwidth 800 max_credits 26 tx_time 152
[65254.573448] NVMeVirt: [chmodel_init] bandwidth 800 max_credits 26 tx_time 152
[65254.573459] NVMeVirt: [chmodel_init] bandwidth 3360 max_credits 110 tx_time 36
[65254.573497] NVMeVirt: pqueue: Copyright (c) 2014, Volkan Yazıcı <volkan.yazici@gmail.com>. All rights reserved.
[65254.573499] NVMeVirt: Init FTL instance with 2 channels (24576 pages)
[65254.575826] NVMeVirt: [chmodel_init] bandwidth 800 max_credits 26 tx_time 152
[65254.578131] NVMeVirt: [chmodel_init] bandwidth 800 max_credits 26 tx_time 152
[65254.578142] NVMeVirt: [chmodel_init] bandwidth 3360 max_credits 110 tx_time 36
[65254.578180] NVMeVirt: Init FTL instance with 2 channels (24576 pages)
[65254.580477] NVMeVirt: [chmodel_init] bandwidth 800 max_credits 26 tx_time 152
[65254.582759] NVMeVirt: [chmodel_init] bandwidth 800 max_credits 26 tx_time 152
[65254.582769] NVMeVirt: [chmodel_init] bandwidth 3360 max_credits 110 tx_time 36
[65254.582813] NVMeVirt: Init FTL instance with 2 channels (24576 pages)
[65254.585091] NVMeVirt: [chmodel_init] bandwidth 800 max_credits 26 tx_time 152
[65254.587376] NVMeVirt: [chmodel_init] bandwidth 800 max_credits 26 tx_time 152
[65254.587388] NVMeVirt: [chmodel_init] bandwidth 3360 max_credits 110 tx_time 36
[65254.587442] NVMeVirt: Init FTL instance with 2 channels (24576 pages)
[65254.587445] NVMeVirt: FTL physical space: 12883853312, logical space: 12040984403 (physical/logical * 100 = 107)
[65254.587446] NVMeVirt: KSC2026: WBUF_FIX=1 GC_STATS=1
[65254.587446] NVMeVirt: ns 0/1: size 11483 MiB
[65254.587480] PCI host bridge to bus 0001:10
[65254.587481] pci_bus 0001:10: root bus resource [io  0x0000-0xffff]
[65254.587483] pci_bus 0001:10: root bus resource [mem 0x00000000-0x3fffffffffff]
[65254.587484] pci_bus 0001:10: root bus resource [bus 00-ff]
[65254.587490] pci 0001:10:00.0: [0c51:0110] type 00 class 0x010802 PCIe Endpoint
[65254.587492] pci 0001:10:00.0: BAR 0 [mem 0x300000000-0x300003fff 64bit]
[65254.587493] pci 0001:10:00.0: enabling Extended Tags
[65254.587589] NVMeVirt: Virtual PCI bus created (node 0)
[65254.587789] NVMeVirt: nvmev_io_worker_0 started on cpu 4 (node 0)
[65254.587966] NVMeVirt: nvmev_io_worker_1 started on cpu 5 (node 0)
[65254.587980] NVMeVirt: nvmev_dispatcher started on cpu 3 (node 0)
[65254.588048] nvme nvme1: pci function 0001:10:00.0
[65254.591816] nvme nvme1: 1/0/0 default/read/poll queues
[65254.593456] NVMeVirt: Virtual NVMe device created
[65260.619929] KSC2026-MARK map128k_bs128k_r1 fio-start 1791441023030345678
[65264.486496] NVMeVirt: KSC2026: first GC part=1 victim line=186 vpc=54 ipc=10 free_lines=2 host_pgs=24320
[65264.499057] NVMeVirt: KSC2026: first GC part=2 victim line=354 vpc=53 ipc=11 free_lines=2 host_pgs=24320
[65264.500856] NVMeVirt: KSC2026: first GC part=3 victim line=244 vpc=53 ipc=11 free_lines=2 host_pgs=24320
[65264.515225] NVMeVirt: KSC2026: first GC part=0 victim line=157 vpc=54 ipc=10 free_lines=2 host_pgs=24320
[65321.654360] KSC2026-MARK map128k_bs128k_r1 fio-end
[65321.658315] KSC2026-MARK map128k_bs128k_r1 rmmod 1791441084069815820
[65321.717358] pci_bus 0001:10: busn_res: [bus 10-ff] is released
[65321.717383] NVMeVirt: KSC2026: stats part=0 host_pgs=100632 gc_pgs=264619 gc_cnt=5326 free_lines=2
[65321.717384] NVMeVirt: KSC2026: stats part=1 host_pgs=100597 gc_pgs=266635 gc_cnt=5357 free_lines=2
[65321.717385] NVMeVirt: KSC2026: stats part=2 host_pgs=100488 gc_pgs=266227 gc_cnt=5349 free_lines=2
[65321.717385] NVMeVirt: KSC2026: stats part=3 host_pgs=100474 gc_pgs=268285 gc_cnt=5381 free_lines=3
[65321.731492] NVMeVirt: Virtual NVMe device closed
