500, 553582, 1, 0, 0
1000, 552658, 1, 0, 0
1500, 554840, 1, 0, 0
2000, 553976, 1, 0, 0
2500, 553080, 1, 0, 0
3000, 552218, 1, 0, 0
3500, 553460, 1, 0, 0
4000, 553248, 1, 0, 0
4500, 552738, 1, 0, 0
5000, 552440, 1, 0, 0
5500, 546008, 1, 0, 0
6000, 536432, 1, 0, 0
6500, 537972, 1, 0, 0
7000, 537194, 1, 0, 0
7500, 537408, 1, 0, 0
8000, 536348, 1, 0, 0
8500, 536286, 1, 0, 0
9000, 535862, 1, 0, 0
9500, 535664, 1, 0, 0
10000, 535674, 1, 0, 0
10500, 536020, 1, 0, 0
11000, 535136, 1, 0, 0
11500, 536118, 1, 0, 0
12000, 535520, 1, 0, 0
12500, 535558, 1, 0, 0
13000, 537044, 1, 0, 0
13500, 536300, 1, 0, 0
14000, 535852, 1, 0, 0
14500, 536104, 1, 0, 0
15000, 536982, 1, 0, 0
15500, 536418, 1, 0, 0
16000, 536296, 1, 0, 0
16500, 534488, 1, 0, 0
17000, 536104, 1, 0, 0
17500, 537740, 1, 0, 0
18000, 536444, 1, 0, 0
18500, 536130, 1, 0, 0
19000, 535622, 1, 0, 0
19500, 536326, 1, 0, 0
20000, 535904, 1, 0, 0
20500, 536150, 1, 0, 0
21000, 535562, 1, 0, 0
21500, 535680, 1, 0, 0
22000, 535604, 1, 0, 0
22500, 536818, 1, 0, 0
23000, 538462, 1, 0, 0
23500, 536494, 1, 0, 0
24000, 536678, 1, 0, 0
24500, 536066, 1, 0, 0
25000, 536744, 1, 0, 0
25500, 536744, 1, 0, 0
26000, 536993, 1, 0, 0
26500, 537690, 1, 0, 0
27000, 537522, 1, 0, 0
27500, 534382, 1, 0, 0
28000, 536620, 1, 0, 0
28500, 537764, 1, 0, 0
29000, 536648, 1, 0, 0
29500, 536166, 1, 0, 0
30000, 535984, 1, 0, 0
30500, 536112, 1, 0, 0
31000, 535858, 1, 0, 0
31500, 536718, 1, 0, 0
32000, 536678, 1, 0, 0
32500, 536364, 1, 0, 0
33000, 535920, 1, 0, 0
33500, 537768, 1, 0, 0
34000, 537086, 1, 0, 0
34500, 536644, 1, 0, 0
35000, 536370, 1, 0, 0
35500, 536396, 1, 0, 0
36000, 536266, 1, 0, 0
36500, 536222, 1, 0, 0
37000, 536014, 1, 0, 0
37500, 535734, 1, 0, 0
38000, 536052, 1, 0, 0
38500, 533692, 1, 0, 0
39000, 535280, 1, 0, 0
39500, 535600, 1, 0, 0
40000, 536006, 1, 0, 0
40500, 536074, 1, 0, 0
41000, 535562, 1, 0, 0
41500, 534984, 1, 0, 0
42000, 535032, 1, 0, 0
42500, 535482, 1, 0, 0
43000, 535536, 1, 0, 0
43500, 535654, 1, 0, 0
44000, 534698, 1, 0, 0
44501, 536022, 1, 0, 0
45000, 536134, 1, 0, 0
45500, 536502, 1, 0, 0
46000, 535270, 1, 0, 0
46500, 535866, 1, 0, 0
47000, 536500, 1, 0, 0
47500, 535368, 1, 0, 0
48000, 535310, 1, 0, 0
48500, 536186, 1, 0, 0
49000, 535494, 1, 0, 0
49500, 535158, 1, 0, 0
50000, 538270, 1, 0, 0
50500, 537334, 1, 0, 0
51000, 537920, 1, 0, 0
51500, 536922, 1, 0, 0
52000, 535828, 1, 0, 0
52500, 536388, 1, 0, 0
53000, 536258, 1, 0, 0
53500, 536470, 1, 0, 0
54000, 536633, 1, 0, 0
54500, 536980, 1, 0, 0
55000, 536554, 1, 0, 0
55500, 536062, 1, 0, 0
56000, 537222, 1, 0, 0
56500, 536976, 1, 0, 0
57000, 536672, 1, 0, 0
57500, 536840, 1, 0, 0
58000, 536198, 1, 0, 0
58500, 536124, 1, 0, 0
59000, 535700, 1, 0, 0
59500, 535896, 1, 0, 0
