500, 56924, 1, 0, 0
1000, 57004, 1, 0, 0
1500, 56775, 1, 0, 0
2000, 56867, 1, 0, 0
2500, 56956, 1, 0, 0
3000, 57050, 1, 0, 0
3500, 56922, 1, 0, 0
4000, 56941, 1, 0, 0
4500, 56994, 1, 0, 0
5000, 57024, 1, 0, 0
5500, 57679, 1, 0, 0
6000, 58701, 1, 0, 0
6500, 58531, 1, 0, 0
7000, 58617, 1, 0, 0
7500, 58592, 1, 0, 0
8000, 58714, 1, 0, 0
8500, 58716, 1, 0, 0
9000, 58767, 1, 0, 0
9500, 58788, 1, 0, 0
10000, 58787, 1, 0, 0
10500, 58751, 1, 0, 0
11000, 58835, 1, 0, 0
11500, 58734, 1, 0, 0
12000, 58802, 1, 0, 0
12500, 58793, 1, 0, 0
13000, 58637, 1, 0, 0
13500, 58717, 1, 0, 0
14000, 58768, 1, 0, 0
14500, 58737, 1, 0, 0
15000, 58642, 1, 0, 0
15500, 58703, 1, 0, 0
16000, 58719, 1, 0, 0
16500, 58910, 1, 0, 0
17000, 58737, 1, 0, 0
17500, 58559, 1, 0, 0
18000, 58704, 1, 0, 0
18500, 58737, 1, 0, 0
19000, 58792, 1, 0, 0
19500, 58713, 1, 0, 0
20000, 58763, 1, 0, 0
20500, 58735, 1, 0, 0
21000, 58796, 1, 0, 0
21500, 58786, 1, 0, 0
22000, 58785, 1, 0, 0
22500, 58659, 1, 0, 0
23000, 58477, 1, 0, 0
23500, 58699, 1, 0, 0
24000, 58675, 1, 0, 0
24500, 58745, 1, 0, 0
25000, 58669, 1, 0, 0
25500, 58669, 1, 0, 0
26000, 58645, 1, 0, 0
26500, 58563, 1, 0, 0
27000, 58585, 1, 0, 0
27500, 58919, 1, 0, 0
28000, 58680, 1, 0, 0
28500, 58559, 1, 0, 0
29000, 58679, 1, 0, 0
29500, 58733, 1, 0, 0
30000, 58757, 1, 0, 0
30500, 58741, 1, 0, 0
31000, 58768, 1, 0, 0
31500, 58675, 1, 0, 0
32000, 58675, 1, 0, 0
32500, 58714, 1, 0, 0
33000, 58750, 1, 0, 0
33500, 58556, 1, 0, 0
34000, 58634, 1, 0, 0
34500, 58678, 1, 0, 0
35000, 58712, 1, 0, 0
35500, 58707, 1, 0, 0
36000, 58723, 1, 0, 0
36500, 58728, 1, 0, 0
37000, 58750, 1, 0, 0
37500, 58781, 1, 0, 0
38000, 58748, 1, 0, 0
38500, 58992, 1, 0, 0
39000, 58827, 1, 0, 0
39500, 58792, 1, 0, 0
40000, 58748, 1, 0, 0
40500, 58742, 1, 0, 0
41000, 58799, 1, 0, 0
41500, 58862, 1, 0, 0
42000, 58857, 1, 0, 0
42500, 58806, 1, 0, 0
43000, 58802, 1, 0, 0
43500, 58789, 1, 0, 0
44000, 58887, 1, 0, 0
44500, 58747, 1, 0, 0
45000, 58737, 1, 0, 0
45500, 58695, 1, 0, 0
46000, 58831, 1, 0, 0
46500, 58767, 1, 0, 0
47000, 58696, 1, 0, 0
47500, 58815, 1, 0, 0
48000, 58827, 1, 0, 0
48500, 58730, 1, 0, 0
49000, 58806, 1, 0, 0
49500, 58835, 1, 0, 0
50000, 58499, 1, 0, 0
50500, 58603, 1, 0, 0
51000, 58542, 1, 0, 0
51500, 58647, 1, 0, 0
52000, 58775, 1, 0, 0
52500, 58708, 1, 0, 0
53000, 58723, 1, 0, 0
53500, 58697, 1, 0, 0
54000, 58684, 1, 0, 0
54500, 58644, 1, 0, 0
55000, 58680, 1, 0, 0
55500, 58743, 1, 0, 0
56000, 58616, 1, 0, 0
56500, 58642, 1, 0, 0
57000, 58677, 1, 0, 0
57500, 58655, 1, 0, 0
58000, 58731, 1, 0, 0
58500, 58737, 1, 0, 0
59000, 58782, 1, 0, 0
59500, 58764, 1, 0, 0
60000, 58816, 1, 0, 0
60000, 66735, 1, 0, 0
