500, 760, 1, 0, 0
1000, 761, 1, 0, 0
1500, 759, 1, 0, 0
2000, 758, 1, 0, 0
2500, 760, 1, 0, 0
3000, 758, 1, 0, 0
3500, 758, 1, 0, 0
4000, 758, 1, 0, 0
4500, 758, 1, 0, 0
5000, 758, 1, 0, 0
5500, 780, 1, 0, 0
6000, 812, 1, 0, 0
6500, 810, 1, 0, 0
7000, 810, 1, 0, 0
7500, 811, 1, 0, 0
8000, 808, 1, 0, 0
8500, 809, 1, 0, 0
9000, 808, 1, 0, 0
9500, 809, 1, 0, 0
10000, 810, 1, 0, 0
10500, 809, 1, 0, 0
11000, 812, 1, 0, 0
11500, 813, 1, 0, 0
12000, 814, 1, 0, 0
12500, 815, 1, 0, 0
13000, 809, 1, 0, 0
13500, 809, 1, 0, 0
14000, 808, 1, 0, 0
14500, 811, 1, 0, 0
15000, 809, 1, 0, 0
15500, 809, 1, 0, 0
16000, 809, 1, 0, 0
16500, 815, 1, 0, 0
17000, 812, 1, 0, 0
17500, 808, 1, 0, 0
18000, 810, 1, 0, 0
18500, 809, 1, 0, 0
19000, 810, 1, 0, 0
19500, 812, 1, 0, 0
20000, 809, 1, 0, 0
20500, 810, 1, 0, 0
21000, 810, 1, 0, 0
21500, 810, 1, 0, 0
22000, 813, 1, 0, 0
22500, 812, 1, 0, 0
23000, 808, 1, 0, 0
23500, 809, 1, 0, 0
24000, 808, 1, 0, 0
24500, 809, 1, 0, 0
25000, 807, 1, 0, 0
25500, 808, 1, 0, 0
26000, 807, 1, 0, 0
26500, 807, 1, 0, 0
27000, 808, 1, 0, 0
27500, 815, 1, 0, 0
28000, 810, 1, 0, 0
28500, 807, 1, 0, 0
29000, 808, 1, 0, 0
29500, 809, 1, 0, 0
30000, 808, 1, 0, 0
30500, 807, 1, 0, 0
31000, 808, 1, 0, 0
31500, 807, 1, 0, 0
32000, 807, 1, 0, 0
32500, 808, 1, 0, 0
33000, 810, 1, 0, 0
33500, 809, 1, 0, 0
34000, 808, 1, 0, 0
34500, 810, 1, 0, 0
35000, 809, 1, 0, 0
35500, 809, 1, 0, 0
36000, 809, 1, 0, 0
36500, 808, 1, 0, 0
37000, 809, 1, 0, 0
37500, 810, 1, 0, 0
38000, 809, 1, 0, 0
38500, 819, 1, 0, 0
39000, 815, 1, 0, 0
39500, 813, 1, 0, 0
40000, 811, 1, 0, 0
40500, 810, 1, 0, 0
41000, 810, 1, 0, 0
41500, 811, 1, 0, 0
42000, 812, 1, 0, 0
42500, 812, 1, 0, 0
43000, 809, 1, 0, 0
43500, 810, 1, 0, 0
44000, 814, 1, 0, 0
44500, 812, 1, 0, 0
45000, 810, 1, 0, 0
45500, 811, 1, 0, 0
46000, 811, 1, 0, 0
46500, 809, 1, 0, 0
47000, 810, 1, 0, 0
47500, 812, 1, 0, 0
48000, 811, 1, 0, 0
48500, 810, 1, 0, 0
49000, 810, 1, 0, 0
49500, 813, 1, 0, 0
50000, 808, 1, 0, 0
50500, 809, 1, 0, 0
51000, 808, 1, 0, 0
51500, 808, 1, 0, 0
52000, 808, 1, 0, 0
52500, 808, 1, 0, 0
53000, 807, 1, 0, 0
53500, 810, 1, 0, 0
54000, 807, 1, 0, 0
54500, 807, 1, 0, 0
55000, 812, 1, 0, 0
55500, 811, 1, 0, 0
56000, 808, 1, 0, 0
56500, 812, 1, 0, 0
57000, 809, 1, 0, 0
57500, 810, 1, 0, 0
58000, 809, 1, 0, 0
58500, 811, 1, 0, 0
59000, 809, 1, 0, 0
59500, 808, 1, 0, 0
60000, 808, 1, 0, 0
