500, 57684, 1, 0, 0
1000, 57765, 1, 0, 0
1500, 57533, 1, 0, 0
2000, 57624, 1, 0, 0
2500, 57716, 1, 0, 0
3000, 57808, 1, 0, 0
3500, 57680, 1, 0, 0
4000, 57699, 1, 0, 0
4500, 57752, 1, 0, 0
5000, 57782, 1, 0, 0
5500, 58459, 1, 0, 0
6000, 59513, 1, 0, 0
6500, 59341, 1, 0, 0
7000, 59426, 1, 0, 0
7500, 59403, 1, 0, 0
8000, 59523, 1, 0, 0
8500, 59526, 1, 0, 0
9000, 59575, 1, 0, 0
9500, 59597, 1, 0, 0
10000, 59596, 1, 0, 0
10500, 59559, 1, 0, 0
11000, 59648, 1, 0, 0
11500, 59547, 1, 0, 0
12000, 59616, 1, 0, 0
12500, 59608, 1, 0, 0
13000, 59446, 1, 0, 0
13500, 59526, 1, 0, 0
14000, 59577, 1, 0, 0
14500, 59548, 1, 0, 0
15000, 59451, 1, 0, 0
15500, 59512, 1, 0, 0
16000, 59528, 1, 0, 0
16500, 59725, 1, 0, 0
17000, 59549, 1, 0, 0
17500, 59367, 1, 0, 0
18000, 59513, 1, 0, 0
18500, 59546, 1, 0, 0
19000, 59602, 1, 0, 0
19500, 59525, 1, 0, 0
20000, 59572, 1, 0, 0
20500, 59545, 1, 0, 0
21000, 59607, 1, 0, 0
21500, 59596, 1, 0, 0
22000, 59598, 1, 0, 0
22500, 59471, 1, 0, 0
23000, 59285, 1, 0, 0
23500, 59507, 1, 0, 0
24000, 59484, 1, 0, 0
24500, 59555, 1, 0, 0
25000, 59476, 1, 0, 0
25500, 59477, 1, 0, 0
26000, 59452, 1, 0, 0
26500, 59370, 1, 0, 0
27000, 59393, 1, 0, 0
27500, 59734, 1, 0, 0
28000, 59489, 1, 0, 0
28500, 59366, 1, 0, 0
29000, 59488, 1, 0, 0
29500, 59542, 1, 0, 0
30000, 59565, 1, 0, 0
30500, 59548, 1, 0, 0
31000, 59575, 1, 0, 0
31500, 59482, 1, 0, 0
32000, 59482, 1, 0, 0
32500, 59522, 1, 0, 0
33000, 59560, 1, 0, 0
33500, 59365, 1, 0, 0
34000, 59442, 1, 0, 0
34500, 59488, 1, 0, 0
35000, 59521, 1, 0, 0
35500, 59516, 1, 0, 0
36000, 59531, 1, 0, 0
36500, 59536, 1, 0, 0
37000, 59559, 1, 0, 0
37500, 59590, 1, 0, 0
38000, 59557, 1, 0, 0
38500, 59812, 1, 0, 0
39000, 59642, 1, 0, 0
39500, 59606, 1, 0, 0
40000, 59559, 1, 0, 0
40500, 59552, 1, 0, 0
41000, 59609, 1, 0, 0
41500, 59673, 1, 0, 0
42000, 59669, 1, 0, 0
42500, 59618, 1, 0, 0
43000, 59611, 1, 0, 0
43500, 59598, 1, 0, 0
44000, 59700, 1, 0, 0
44500, 59559, 1, 0, 0
45000, 59547, 1, 0, 0
45500, 59505, 1, 0, 0
46000, 59642, 1, 0, 0
46500, 59576, 1, 0, 0
47000, 59506, 1, 0, 0
47500, 59628, 1, 0, 0
48000, 59638, 1, 0, 0
48500, 59541, 1, 0, 0
49000, 59616, 1, 0, 0
49500, 59649, 1, 0, 0
50000, 59307, 1, 0, 0
50500, 59412, 1, 0, 0
51000, 59349, 1, 0, 0
51500, 59455, 1, 0, 0
52000, 59583, 1, 0, 0
52500, 59515, 1, 0, 0
53000, 59530, 1, 0, 0
53500, 59506, 1, 0, 0
54000, 59491, 1, 0, 0
54500, 59451, 1, 0, 0
55000, 59492, 1, 0, 0
55500, 59554, 1, 0, 0
56000, 59424, 1, 0, 0
56500, 59454, 1, 0, 0
57000, 59485, 1, 0, 0
57500, 59465, 1, 0, 0
58000, 59540, 1, 0, 0
58500, 59548, 1, 0, 0
59000, 59591, 1, 0, 0
59500, 59572, 1, 0, 0
60000, 59624, 1, 0, 0
60000, 67551, 1, 0, 0
