500, 2214264, 1, 0, 0
1000, 2210648, 1, 0, 0
1500, 2219360, 1, 0, 0
2000, 2215896, 1, 0, 0
2500, 2212312, 1, 0, 0
3000, 2208872, 1, 0, 0
3500, 2213840, 1, 0, 0
4000, 2212992, 1, 0, 0
4500, 2210944, 1, 0, 0
5000, 2209768, 1, 0, 0
5500, 2184024, 1, 0, 0
6000, 2145736, 1, 0, 0
6500, 2151888, 1, 0, 0
7000, 2148777, 1, 0, 0
7500, 2149632, 1, 0, 0
8000, 2145392, 1, 0, 0
8500, 2145144, 1, 0, 0
9000, 2143448, 1, 0, 0
9500, 2142656, 1, 0, 0
10000, 2142688, 1, 0, 0
10500, 2144080, 1, 0, 0
11000, 2140544, 1, 0, 0
11500, 2144480, 1, 0, 0
12000, 2142080, 1, 0, 0
12500, 2142232, 1, 0, 0
13000, 2148176, 1, 0, 0
13500, 2145200, 1, 0, 0
14000, 2143408, 1, 0, 0
14500, 2144416, 1, 0, 0
15000, 2147928, 1, 0, 0
15500, 2145672, 1, 0, 0
16000, 2145184, 1, 0, 0
16500, 2137952, 1, 0, 0
17000, 2144416, 1, 0, 0
17500, 2150960, 1, 0, 0
18000, 2145776, 1, 0, 0
18500, 2144520, 1, 0, 0
19000, 2142488, 1, 0, 0
19500, 2145296, 1, 0, 0
20000, 2143616, 1, 0, 0
20500, 2144600, 1, 0, 0
21000, 2142248, 1, 0, 0
21500, 2142720, 1, 0, 0
22000, 2142416, 1, 0, 0
22500, 2147264, 1, 0, 0
23000, 2153848, 1, 0, 0
23500, 2145984, 1, 0, 0
24000, 2146712, 1, 0, 0
24500, 2144264, 1, 0, 0
25000, 2146976, 1, 0, 0
25500, 2146968, 1, 0, 0
26000, 2147975, 1, 0, 0
26500, 2150760, 1, 0, 0
27000, 2150080, 1, 0, 0
27500, 2137528, 1, 0, 0
28000, 2146480, 1, 0, 0
28500, 2151048, 1, 0, 0
29000, 2146592, 1, 0, 0
29500, 2144664, 1, 0, 0
30000, 2143928, 1, 0, 0
30500, 2144440, 1, 0, 0
31000, 2143424, 1, 0, 0
31500, 2146872, 1, 0, 0
32000, 2146712, 1, 0, 0
32500, 2145456, 1, 0, 0
33000, 2143680, 1, 0, 0
33500, 2151072, 1, 0, 0
34000, 2148344, 1, 0, 0
34500, 2146576, 1, 0, 0
35000, 2145480, 1, 0, 0
35500, 2145587, 1, 0, 0
36000, 2145064, 1, 0, 0
36500, 2144888, 1, 0, 0
37000, 2144056, 1, 0, 0
37500, 2142936, 1, 0, 0
38000, 2144200, 1, 0, 0
38500, 2134768, 1, 0, 0
39000, 2141112, 1, 0, 0
39500, 2142400, 1, 0, 0
40000, 2144024, 1, 0, 0
40500, 2144296, 1, 0, 0
41000, 2142248, 1, 0, 0
41500, 2139936, 1, 0, 0
42000, 2140128, 1, 0, 0
42500, 2141928, 1, 0, 0
43000, 2142144, 1, 0, 0
43500, 2142608, 1, 0, 0
44000, 2138800, 1, 0, 0
44501, 2144088, 1, 0, 0
45000, 2144529, 1, 0, 0
45500, 2146000, 1, 0, 0
46000, 2141080, 1, 0, 0
46500, 2143464, 1, 0, 0
47000, 2146000, 1, 0, 0
47500, 2141472, 1, 0, 0
48000, 2141240, 1, 0, 0
48500, 2144736, 1, 0, 0
49000, 2141976, 1, 0, 0
49500, 2140632, 1, 0, 0
50000, 2153080, 1, 0, 0
50500, 2149328, 1, 0, 0
51000, 2151680, 1, 0, 0
51500, 2147688, 1, 0, 0
52000, 2143312, 1, 0, 0
52500, 2145552, 1, 0, 0
53000, 2145032, 1, 0, 0
53500, 2145872, 1, 0, 0
54000, 2146533, 1, 0, 0
54500, 2147920, 1, 0, 0
55000, 2146216, 1, 0, 0
55500, 2144248, 1, 0, 0
56000, 2148880, 1, 0, 0
56500, 2147904, 1, 0, 0
57000, 2146688, 1, 0, 0
57500, 2147360, 1, 0, 0
58000, 2144792, 1, 0, 0
58500, 2144496, 1, 0, 0
59000, 2142800, 1, 0, 0
59500, 2143584, 1, 0, 0
