[85306.084606] KSC2026-MARK map32k_bs32k_r2 insmod 1791461068758961720
[85306.105653] NVMeVirt: Version 1.10 for >> Samsung 970 Pro SSD <<
[85306.105672] NVMeVirt: Storage: 0x300100000-0x600000000 (12287 MiB)
[85306.119097] NVMeVirt: Total Capacity(GiB,MiB)=3,3072 chs=2 luns=4 lines=384 blk-size(MiB,KiB)=2,2048 line-size(MiB,KiB)=8,8192
[85306.119102] NVMeVirt: KSC2026: mapping unit=32768 B, flash page=32768 B, oneshot page=32768 B, pgs_per_blk=64, blks_per_pl=384, write buffer=1048576 B
[85306.124042] NVMeVirt: [chmodel_init] bandwidth 800 max_credits 26 tx_time 152
[85306.127216] NVMeVirt: [chmodel_init] bandwidth 800 max_credits 26 tx_time 152
[85306.127227] NVMeVirt: [chmodel_init] bandwidth 3360 max_credits 110 tx_time 36
[85306.127397] NVMeVirt: pqueue: Copyright (c) 2014, Volkan Yazıcı <volkan.yazici@gmail.com>. All rights reserved.
[85306.127399] NVMeVirt: Init FTL instance with 2 channels (98304 pages)
[85306.130576] NVMeVirt: [chmodel_init] bandwidth 800 max_credits 26 tx_time 152
[85306.133673] NVMeVirt: [chmodel_init] bandwidth 800 max_credits 26 tx_time 152
[85306.133683] NVMeVirt: [chmodel_init] bandwidth 3360 max_credits 110 tx_time 36
[85306.133869] NVMeVirt: Init FTL instance with 2 channels (98304 pages)
[85306.137007] NVMeVirt: [chmodel_init] bandwidth 800 max_credits 26 tx_time 152
[85306.140133] NVMeVirt: [chmodel_init] bandwidth 800 max_credits 26 tx_time 152
[85306.140146] NVMeVirt: [chmodel_init] bandwidth 3360 max_credits 110 tx_time 36
[85306.140317] NVMeVirt: Init FTL instance with 2 channels (98304 pages)
[85306.143452] NVMeVirt: [chmodel_init] bandwidth 800 max_credits 26 tx_time 152
[85306.146548] NVMeVirt: [chmodel_init] bandwidth 800 max_credits 26 tx_time 152
[85306.146560] NVMeVirt: [chmodel_init] bandwidth 3360 max_credits 110 tx_time 36
[85306.146727] NVMeVirt: Init FTL instance with 2 channels (98304 pages)
[85306.146730] NVMeVirt: FTL physical space: 12883853312, logical space: 12040984403 (physical/logical * 100 = 107)
[85306.146731] NVMeVirt: KSC2026: WBUF_FIX=1 GC_STATS=1
[85306.146731] NVMeVirt: KSC2026: WBUF_MERGE=1 (one open mapping unit per partition merges writes smaller than 32768 B)
[85306.146732] NVMeVirt: ns 0/1: size 11483 MiB
[85306.146762] PCI host bridge to bus 0001:10
[85306.146764] pci_bus 0001:10: root bus resource [io  0x0000-0xffff]
[85306.146765] pci_bus 0001:10: root bus resource [mem 0x00000000-0x3fffffffffff]
[85306.146767] pci_bus 0001:10: root bus resource [bus 00-ff]
[85306.146772] pci 0001:10:00.0: [0c51:0110] type 00 class 0x010802 PCIe Endpoint
[85306.146774] pci 0001:10:00.0: BAR 0 [mem 0x300000000-0x300003fff 64bit]
[85306.146776] pci 0001:10:00.0: enabling Extended Tags
[85306.146879] NVMeVirt: Virtual PCI bus created (node 0)
[85306.147077] NVMeVirt: nvmev_io_worker_0 started on cpu 4 (node 0)
[85306.147571] NVMeVirt: nvmev_io_worker_1 started on cpu 5 (node 0)
[85306.147583] NVMeVirt: nvmev_dispatcher started on cpu 3 (node 0)
[85306.147655] nvme nvme1: pci function 0001:10:00.0
[85306.151278] nvme nvme1: 1/0/0 default/read/poll queues
[85306.152288] NVMeVirt: Virtual NVMe device created
[85312.188847] KSC2026-MARK map32k_bs32k_r2 fio-start 1791461074875698954
[85317.883300] NVMeVirt: KSC2026: first GC part=0 victim line=0 vpc=0 ipc=256 free_lines=2 host_pgs=97280
[85317.883421] NVMeVirt: KSC2026: first GC part=1 victim line=0 vpc=0 ipc=256 free_lines=2 host_pgs=97280
[85317.883438] NVMeVirt: KSC2026: first GC part=2 victim line=0 vpc=0 ipc=256 free_lines=2 host_pgs=97280
[85317.883443] NVMeVirt: KSC2026: first GC part=3 victim line=0 vpc=0 ipc=256 free_lines=2 host_pgs=97280
[85373.223613] KSC2026-MARK map32k_bs32k_r2 fio-end
[85373.228429] KSC2026-MARK map32k_bs32k_r2 rmmod 1791461135918288330
[85373.292007] pci_bus 0001:10: busn_res: [bus 10-ff] is released
[85373.292062] NVMeVirt: KSC2026: stats part=0 host_pgs=1071499 gc_pgs=0 gc_cnt=3806 free_lines=3
[85373.292064] NVMeVirt: KSC2026: stats part=1 host_pgs=1071487 gc_pgs=0 gc_cnt=3806 free_lines=3
[85373.292065] NVMeVirt: KSC2026: stats part=2 host_pgs=1071487 gc_pgs=0 gc_cnt=3806 free_lines=3
[85373.292065] NVMeVirt: KSC2026: stats part=3 host_pgs=1071487 gc_pgs=0 gc_cnt=3806 free_lines=3
[85373.292066] NVMeVirt: KSC2026: merge part=0 open=0 merge=0 full=0 evict=0 direct=1071499 still_open=0
[85373.292067] NVMeVirt: KSC2026: merge part=1 open=0 merge=0 full=0 evict=0 direct=1071487 still_open=0
[85373.292067] NVMeVirt: KSC2026: merge part=2 open=0 merge=0 full=0 evict=0 direct=1071487 still_open=0
[85373.292068] NVMeVirt: KSC2026: merge part=3 open=0 merge=0 full=0 evict=0 direct=1071487 still_open=0
[85373.312341] NVMeVirt: Virtual NVMe device closed
