500, 143072, 1, 0, 0
1000, 142944, 1, 0, 0
1500, 142912, 1, 0, 0
2000, 142912, 1, 0, 0
2500, 142912, 1, 0, 0
3000, 142912, 1, 0, 0
3500, 142948, 1, 0, 0
4000, 142940, 1, 0, 0
4500, 142912, 1, 0, 0
5000, 142912, 1, 0, 0
5500, 136608, 1, 0, 0
6000, 85284, 1, 0, 0
6500, 83644, 1, 0, 0
7000, 84876, 1, 0, 0
7500, 84084, 1, 0, 0
8000, 84440, 1, 0, 0
8500, 84392, 1, 0, 0
9000, 84116, 1, 0, 0
9500, 84844, 1, 0, 0
10000, 83668, 1, 0, 0
10500, 85276, 1, 0, 0
11000, 83254, 1, 0, 0
11500, 85180, 1, 0, 0
12000, 83780, 1, 0, 0
12500, 84736, 1, 0, 0
13000, 84212, 1, 0, 0
13500, 84304, 1, 0, 0
14000, 84540, 1, 0, 0
14500, 83964, 1, 0, 0
15000, 84996, 1, 0, 0
15500, 83496, 1, 0, 0
16000, 85326, 1, 0, 0
16500, 83246, 1, 0, 0
17000, 85264, 1, 0, 0
17500, 83660, 1, 0, 0
18000, 84848, 1, 0, 0
18500, 84108, 1, 0, 0
19000, 84404, 1, 0, 0
19500, 84432, 1, 0, 0
20000, 84076, 1, 0, 0
20500, 84884, 1, 0, 0
21000, 83624, 1, 0, 0
21500, 85292, 1, 0, 0
22000, 83224, 1, 0, 0
22500, 85292, 1, 0, 0
23000, 83560, 1, 0, 0
23500, 84944, 1, 0, 0
24000, 84016, 1, 0, 0
24500, 84496, 1, 0, 0
25000, 84344, 1, 0, 0
25500, 84168, 1, 0, 0
26000, 84784, 1, 0, 0
26500, 83724, 1, 0, 0
27000, 85220, 1, 0, 0
27500, 83262, 1, 0, 0
28000, 85200, 1, 0, 0
28500, 83752, 1, 0, 0
29000, 84760, 1, 0, 0
29500, 84188, 1, 0, 0
30000, 84316, 1, 0, 0
30500, 84528, 1, 0, 0
31000, 83968, 1, 0, 0
31500, 124868, 1, 0, 0
32000, 85610, 1, 0, 0
32500, 83334, 1, 0, 0
33000, 83336, 1, 0, 0
33500, 83304, 1, 0, 0
34000, 62576, 1, 0, 0
34500, 56480, 1, 0, 0
35000, 57068, 1, 0, 0
35500, 57280, 1, 0, 0
36000, 55100, 1, 0, 0
36500, 56580, 1, 0, 0
37000, 56320, 1, 0, 0
37500, 57344, 1, 0, 0
38000, 56460, 1, 0, 0
38500, 55276, 1, 0, 0
39000, 57076, 1, 0, 0
39500, 56468, 1, 0, 0
40000, 57344, 1, 0, 0
40500, 55644, 1, 0, 0
41000, 56080, 1, 0, 0
41500, 56304, 1, 0, 0
42000, 57252, 1, 0, 0
42500, 57038, 1, 0, 0
43000, 55122, 1, 0, 0
43500, 65440, 1, 0, 0
44001, 72012, 1, 0, 0
44500, 87162, 1, 0, 0
45000, 85996, 1, 0, 0
45500, 85996, 1, 0, 0
46000, 85996, 1, 0, 0
46500, 85988, 1, 0, 0
47000, 86012, 1, 0, 0
47500, 86004, 1, 0, 0
48000, 86008, 1, 0, 0
48500, 86008, 1, 0, 0
49000, 86008, 1, 0, 0
49500, 86008, 1, 0, 0
50000, 86000, 1, 0, 0
50500, 86008, 1, 0, 0
51000, 86012, 1, 0, 0
51500, 86016, 1, 0, 0
52000, 86016, 1, 0, 0
52500, 86016, 1, 0, 0
53000, 86016, 1, 0, 0
53500, 86016, 1, 0, 0
54000, 86016, 1, 0, 0
54500, 86016, 1, 0, 0
55000, 86016, 1, 0, 0
55500, 86016, 1, 0, 0
56000, 86016, 1, 0, 0
56500, 86016, 1, 0, 0
57000, 86016, 1, 0, 0
57500, 86016, 1, 0, 0
58000, 86016, 1, 0, 0
58500, 86016, 1, 0, 0
59000, 86016, 1, 0, 0
59500, 86016, 1, 0, 0
60000, 86010, 1, 0, 0
