500, 223584, 1, 0, 0
1000, 223753, 1, 0, 0
1500, 223753, 1, 0, 0
2000, 223753, 1, 0, 0
2500, 223752, 1, 0, 0
3000, 223753, 1, 0, 0
3500, 223753, 1, 0, 0
4000, 223752, 1, 0, 0
4500, 223752, 1, 0, 0
5000, 223753, 1, 0, 0
5500, 232466, 1, 0, 0
6000, 377921, 1, 0, 0
6502, 380546, 1, 0, 0
7000, 378752, 1, 0, 0
7500, 379526, 1, 0, 0
8000, 379790, 1, 0, 0
8500, 376292, 1, 0, 0
9000, 383057, 1, 0, 0
9502, 375459, 1, 0, 0
10000, 383930, 1, 0, 0
10500, 374930, 1, 0, 0
11000, 381503, 1, 0, 0
11500, 377846, 1, 0, 0
12001, 380621, 1, 0, 0
12500, 378701, 1, 0, 0
13000, 379606, 1, 0, 0
13500, 379696, 1, 0, 0
14000, 376423, 1, 0, 0
14500, 382967, 1, 0, 0
15002, 375553, 1, 0, 0
15500, 383840, 1, 0, 0
16000, 374936, 1, 0, 0
16500, 381729, 1, 0, 0
17000, 377635, 1, 0, 0
17501, 380703, 1, 0, 0
18000, 378680, 1, 0, 0
18500, 379653, 1, 0, 0
19000, 379680, 1, 0, 0
19500, 376455, 1, 0, 0
20000, 382928, 1, 0, 0
20502, 375599, 1, 0, 0
21000, 383785, 1, 0, 0
21500, 374935, 1, 0, 0
22000, 381923, 1, 0, 0
22500, 377499, 1, 0, 0
23001, 380688, 1, 0, 0
23500, 378638, 1, 0, 0
24000, 379707, 1, 0, 0
24500, 379668, 1, 0, 0
25000, 376475, 1, 0, 0
25500, 382874, 1, 0, 0
26002, 375651, 1, 0, 0
26500, 383774, 1, 0, 0
27000, 374940, 1, 0, 0
27500, 381913, 1, 0, 0
28000, 377508, 1, 0, 0
28501, 380690, 1, 0, 0
29000, 378673, 1, 0, 0
29500, 379678, 1, 0, 0
30000, 379679, 1, 0, 0
30500, 376480, 1, 0, 0
31000, 382898, 1, 0, 0
31500, 256109, 1, 0, 0
32000, 373636, 1, 0, 0
32500, 383865, 1, 0, 0
33000, 383864, 1, 0, 0
33500, 383933, 1, 0, 0
34002, 509954, 1, 0, 0
34500, 568190, 1, 0, 0
35006, 552042, 1, 0, 0
35500, 567153, 1, 0, 0
36000, 580677, 1, 0, 0
36501, 562231, 1, 0, 0
37002, 556834, 1, 0, 0
37510, 566646, 1, 0, 0
38000, 572437, 1, 0, 0
38500, 574120, 1, 0, 0
39000, 565084, 1, 0, 0
39505, 555175, 1, 0, 0
40013, 566648, 1, 0, 0
40500, 577769, 1, 0, 0
41000, 567255, 1, 0, 0
41500, 555148, 1, 0, 0
42008, 566658, 1, 0, 0
42500, 569091, 1, 0, 0
43000, 580100, 1, 0, 0
43500, 485211, 1, 0, 0
44004, 444325, 1, 0, 0
44500, 368966, 1, 0, 0
45000, 371957, 1, 0, 0
45500, 371875, 1, 0, 0
46000, 371873, 1, 0, 0
46500, 371923, 1, 0, 0
47000, 371800, 1, 0, 0
47500, 371247, 1, 0, 0
48000, 371610, 1, 0, 0
48500, 371615, 1, 0, 0
49000, 371295, 1, 0, 0
49500, 371646, 1, 0, 0
50000, 371810, 1, 0, 0
50500, 371968, 1, 0, 0
51000, 371973, 1, 0, 0
51500, 371967, 1, 0, 0
52000, 371958, 1, 0, 0
52500, 371968, 1, 0, 0
53001, 371969, 1, 0, 0
53501, 371968, 1, 0, 0
54001, 371973, 1, 0, 0
54501, 371975, 1, 0, 0
55001, 371965, 1, 0, 0
55501, 371964, 1, 0, 0
56002, 371966, 1, 0, 0
56502, 371970, 1, 0, 0
57002, 371972, 1, 0, 0
57502, 371965, 1, 0, 0
58002, 371978, 1, 0, 0
58502, 371964, 1, 0, 0
59003, 371966, 1, 0, 0
59503, 371964, 1, 0, 0
60000, 371887, 1, 0, 0
60004, 4666744, 1, 0, 0
