500, 789, 1, 0, 0
1000, 789, 1, 0, 0
1500, 785, 1, 0, 0
2000, 788, 1, 0, 0
2500, 788, 1, 0, 0
3000, 790, 1, 0, 0
3500, 790, 1, 0, 0
4000, 789, 1, 0, 0
4500, 789, 1, 0, 0
5000, 787, 1, 0, 0
5500, 789, 1, 0, 0
6000, 825, 1, 0, 0
6502, 835, 1, 0, 0
7000, 840, 1, 0, 0
7500, 843, 1, 0, 0
8000, 844, 1, 0, 0
8500, 845, 1, 0, 0
9000, 844, 1, 0, 0
9502, 842, 1, 0, 0
10000, 849, 1, 0, 0
10500, 839, 1, 0, 0
11000, 838, 1, 0, 0
11500, 836, 1, 0, 0
12001, 839, 1, 0, 0
12500, 838, 1, 0, 0
13000, 837, 1, 0, 0
13500, 835, 1, 0, 0
14000, 832, 1, 0, 0
14500, 829, 1, 0, 0
15002, 824, 1, 0, 0
15500, 821, 1, 0, 0
16000, 832, 1, 0, 0
16500, 834, 1, 0, 0
17000, 836, 1, 0, 0
17501, 838, 1, 0, 0
18000, 841, 1, 0, 0
18500, 843, 1, 0, 0
19000, 841, 1, 0, 0
19500, 839, 1, 0, 0
20000, 841, 1, 0, 0
20502, 840, 1, 0, 0
21000, 844, 1, 0, 0
21500, 841, 1, 0, 0
22000, 843, 1, 0, 0
22500, 842, 1, 0, 0
23001, 841, 1, 0, 0
23500, 832, 1, 0, 0
24000, 835, 1, 0, 0
24500, 836, 1, 0, 0
25000, 837, 1, 0, 0
25500, 836, 1, 0, 0
26002, 839, 1, 0, 0
26500, 841, 1, 0, 0
27000, 840, 1, 0, 0
27500, 841, 1, 0, 0
28000, 844, 1, 0, 0
28501, 847, 1, 0, 0
29000, 842, 1, 0, 0
29500, 842, 1, 0, 0
30000, 838, 1, 0, 0
30500, 845, 1, 0, 0
31000, 844, 1, 0, 0
31500, 884, 1, 0, 0
32000, 897, 1, 0, 0
32500, 899, 1, 0, 0
33000, 901, 1, 0, 0
33500, 898, 1, 0, 0
34002, 897, 1, 0, 0
34500, 898, 1, 0, 0
35006, 891, 1, 0, 0
35500, 887, 1, 0, 0
36000, 893, 1, 0, 0
36501, 893, 1, 0, 0
37002, 891, 1, 0, 0
37510, 894, 1, 0, 0
38000, 896, 1, 0, 0
38500, 895, 1, 0, 0
39000, 893, 1, 0, 0
39505, 896, 1, 0, 0
40013, 895, 1, 0, 0
40500, 894, 1, 0, 0
41000, 893, 1, 0, 0
41500, 896, 1, 0, 0
42008, 890, 1, 0, 0
42500, 891, 1, 0, 0
43000, 896, 1, 0, 0
43500, 889, 1, 0, 0
44004, 892, 1, 0, 0
44500, 887, 1, 0, 0
45000, 890, 1, 0, 0
45500, 895, 1, 0, 0
46000, 890, 1, 0, 0
46500, 889, 1, 0, 0
47000, 889, 1, 0, 0
47500, 887, 1, 0, 0
48000, 890, 1, 0, 0
48500, 892, 1, 0, 0
49000, 894, 1, 0, 0
49500, 893, 1, 0, 0
50000, 894, 1, 0, 0
50500, 892, 1, 0, 0
51000, 891, 1, 0, 0
51500, 890, 1, 0, 0
52000, 894, 1, 0, 0
52500, 893, 1, 0, 0
53001, 894, 1, 0, 0
53501, 896, 1, 0, 0
54001, 894, 1, 0, 0
54501, 894, 1, 0, 0
55001, 896, 1, 0, 0
55501, 899, 1, 0, 0
56002, 895, 1, 0, 0
56502, 896, 1, 0, 0
57002, 897, 1, 0, 0
57502, 898, 1, 0, 0
58002, 896, 1, 0, 0
58502, 896, 1, 0, 0
59003, 894, 1, 0, 0
59503, 890, 1, 0, 0
60004, 891, 1, 0, 0
