500, 222795, 1, 0, 0
1000, 222964, 1, 0, 0
1500, 222968, 1, 0, 0
2000, 222965, 1, 0, 0
2500, 222964, 1, 0, 0
3000, 222963, 1, 0, 0
3500, 222963, 1, 0, 0
4000, 222963, 1, 0, 0
4500, 222963, 1, 0, 0
5000, 222967, 1, 0, 0
5500, 231678, 1, 0, 0
6000, 377096, 1, 0, 0
6502, 379711, 1, 0, 0
7000, 377911, 1, 0, 0
7500, 378683, 1, 0, 0
8000, 378945, 1, 0, 0
8500, 375446, 1, 0, 0
9000, 382213, 1, 0, 0
9502, 374616, 1, 0, 0
10000, 383081, 1, 0, 0
10500, 374091, 1, 0, 0
11000, 380665, 1, 0, 0
11500, 377010, 1, 0, 0
12001, 379782, 1, 0, 0
12500, 377863, 1, 0, 0
13000, 378769, 1, 0, 0
13500, 378860, 1, 0, 0
14000, 375592, 1, 0, 0
14500, 382138, 1, 0, 0
15002, 374729, 1, 0, 0
15500, 383019, 1, 0, 0
16000, 374105, 1, 0, 0
16500, 380896, 1, 0, 0
17000, 376798, 1, 0, 0
17501, 379866, 1, 0, 0
18000, 377839, 1, 0, 0
18500, 378810, 1, 0, 0
19000, 378839, 1, 0, 0
19500, 375616, 1, 0, 0
20000, 382087, 1, 0, 0
20502, 374758, 1, 0, 0
21000, 382941, 1, 0, 0
21500, 374094, 1, 0, 0
22000, 381080, 1, 0, 0
22500, 376657, 1, 0, 0
23001, 379847, 1, 0, 0
23500, 377806, 1, 0, 0
24000, 378872, 1, 0, 0
24500, 378832, 1, 0, 0
25000, 375638, 1, 0, 0
25500, 382038, 1, 0, 0
26002, 374811, 1, 0, 0
26500, 382933, 1, 0, 0
27000, 374100, 1, 0, 0
27500, 381072, 1, 0, 0
28000, 376664, 1, 0, 0
28501, 379844, 1, 0, 0
29000, 377831, 1, 0, 0
29500, 378835, 1, 0, 0
30000, 378841, 1, 0, 0
30500, 375636, 1, 0, 0
31000, 382054, 1, 0, 0
31500, 255225, 1, 0, 0
32000, 372738, 1, 0, 0
32500, 382966, 1, 0, 0
33000, 382963, 1, 0, 0
33500, 383035, 1, 0, 0
34002, 509056, 1, 0, 0
34500, 567292, 1, 0, 0
35006, 551150, 1, 0, 0
35500, 566266, 1, 0, 0
36000, 579783, 1, 0, 0
36501, 561338, 1, 0, 0
37002, 555943, 1, 0, 0
37510, 565752, 1, 0, 0
38000, 571541, 1, 0, 0
38500, 573225, 1, 0, 0
39000, 564190, 1, 0, 0
39505, 554279, 1, 0, 0
40013, 565753, 1, 0, 0
40500, 576875, 1, 0, 0
41000, 566362, 1, 0, 0
41500, 554252, 1, 0, 0
42008, 565767, 1, 0, 0
42500, 568201, 1, 0, 0
43000, 579204, 1, 0, 0
43500, 484322, 1, 0, 0
44004, 443433, 1, 0, 0
44500, 368079, 1, 0, 0
45000, 371068, 1, 0, 0
45500, 370980, 1, 0, 0
46000, 370983, 1, 0, 0
46500, 371034, 1, 0, 0
47000, 370911, 1, 0, 0
47500, 370360, 1, 0, 0
48000, 370720, 1, 0, 0
48500, 370723, 1, 0, 0
49000, 370401, 1, 0, 0
49500, 370753, 1, 0, 0
50000, 370915, 1, 0, 0
50500, 371075, 1, 0, 0
51000, 371082, 1, 0, 0
51500, 371077, 1, 0, 0
52000, 371064, 1, 0, 0
52500, 371075, 1, 0, 0
53001, 371075, 1, 0, 0
53501, 371072, 1, 0, 0
54001, 371079, 1, 0, 0
54501, 371081, 1, 0, 0
55001, 371069, 1, 0, 0
55501, 371065, 1, 0, 0
56002, 371070, 1, 0, 0
56502, 371075, 1, 0, 0
57002, 371075, 1, 0, 0
57502, 371068, 1, 0, 0
58002, 371082, 1, 0, 0
58502, 371068, 1, 0, 0
59003, 371072, 1, 0, 0
59503, 371075, 1, 0, 0
60000, 370996, 1, 0, 0
60004, 4665821, 1, 0, 0
