500, 447278, 1, 0, 0
1000, 447626, 1, 0, 0
1500, 447624, 1, 0, 0
2000, 447627, 1, 0, 0
2500, 447625, 1, 0, 0
3000, 447626, 1, 0, 0
3500, 447626, 1, 0, 0
4000, 447627, 1, 0, 0
4500, 447627, 1, 0, 0
5000, 447627, 1, 0, 0
5500, 448026, 1, 0, 0
6000, 447629, 1, 0, 0
6500, 447631, 1, 0, 0
7000, 447630, 1, 0, 0
7500, 447631, 1, 0, 0
8000, 447632, 1, 0, 0
8500, 447631, 1, 0, 0
9000, 447633, 1, 0, 0
9500, 447631, 1, 0, 0
10000, 447629, 1, 0, 0
10500, 448492, 1, 0, 0
11000, 447627, 1, 0, 0
11500, 447627, 1, 0, 0
12000, 447628, 1, 0, 0
12500, 447626, 1, 0, 0
13000, 447632, 1, 0, 0
13500, 447632, 1, 0, 0
14000, 447631, 1, 0, 0
14500, 447632, 1, 0, 0
15000, 447632, 1, 0, 0
15500, 448549, 1, 0, 0
16000, 447625, 1, 0, 0
16500, 447626, 1, 0, 0
17000, 447627, 1, 0, 0
17500, 447628, 1, 0, 0
18000, 447626, 1, 0, 0
18500, 447626, 1, 0, 0
19000, 447627, 1, 0, 0
19500, 447626, 1, 0, 0
20000, 447627, 1, 0, 0
20500, 447627, 1, 0, 0
21000, 448306, 1, 0, 0
21500, 447631, 1, 0, 0
22000, 447631, 1, 0, 0
22500, 447631, 1, 0, 0
23000, 447631, 1, 0, 0
23500, 447633, 1, 0, 0
24000, 447632, 1, 0, 0
24500, 447632, 1, 0, 0
25000, 447633, 1, 0, 0
25500, 447632, 1, 0, 0
26000, 448589, 1, 0, 0
26500, 447629, 1, 0, 0
27000, 447629, 1, 0, 0
27500, 447629, 1, 0, 0
28000, 447630, 1, 0, 0
28500, 447630, 1, 0, 0
29000, 447630, 1, 0, 0
29500, 447626, 1, 0, 0
30000, 447630, 1, 0, 0
30500, 447630, 1, 0, 0
31000, 448294, 1, 0, 0
31500, 447630, 1, 0, 0
32000, 447630, 1, 0, 0
32500, 447631, 1, 0, 0
33000, 447632, 1, 0, 0
33500, 447631, 1, 0, 0
34000, 447632, 1, 0, 0
34500, 447631, 1, 0, 0
35000, 447632, 1, 0, 0
35500, 447631, 1, 0, 0
36000, 447631, 1, 0, 0
36500, 448326, 1, 0, 0
37000, 447630, 1, 0, 0
37500, 447628, 1, 0, 0
38000, 447629, 1, 0, 0
38500, 447630, 1, 0, 0
39000, 447630, 1, 0, 0
39500, 447630, 1, 0, 0
40000, 447631, 1, 0, 0
40500, 447632, 1, 0, 0
41000, 447631, 1, 0, 0
41500, 448456, 1, 0, 0
42000, 447631, 1, 0, 0
42500, 447630, 1, 0, 0
43000, 447631, 1, 0, 0
43500, 447631, 1, 0, 0
44000, 447631, 1, 0, 0
44500, 447631, 1, 0, 0
45000, 447631, 1, 0, 0
45500, 447631, 1, 0, 0
46000, 447631, 1, 0, 0
46500, 448391, 1, 0, 0
47000, 447630, 1, 0, 0
47500, 447630, 1, 0, 0
48000, 447630, 1, 0, 0
48500, 447630, 1, 0, 0
49000, 447630, 1, 0, 0
49500, 447629, 1, 0, 0
50000, 447629, 1, 0, 0
50500, 447631, 1, 0, 0
51000, 447630, 1, 0, 0
51500, 448431, 1, 0, 0
52000, 447629, 1, 0, 0
52500, 447630, 1, 0, 0
53000, 447630, 1, 0, 0
53500, 447630, 1, 0, 0
54000, 447629, 1, 0, 0
54500, 447629, 1, 0, 0
55000, 447630, 1, 0, 0
55500, 447630, 1, 0, 0
56000, 447630, 1, 0, 0
56500, 447630, 1, 0, 0
57000, 448384, 1, 0, 0
57500, 447631, 1, 0, 0
58000, 447631, 1, 0, 0
58500, 447631, 1, 0, 0
59000, 447631, 1, 0, 0
59500, 447630, 1, 0, 0
60000, 447631, 1, 0, 0
60000, 668130, 1, 0, 0
