500, 445623, 1, 0, 0
1000, 445975, 1, 0, 0
1500, 445976, 1, 0, 0
2000, 445978, 1, 0, 0
2500, 445980, 1, 0, 0
3000, 445983, 1, 0, 0
3500, 445982, 1, 0, 0
4000, 445984, 1, 0, 0
4500, 445982, 1, 0, 0
5000, 445985, 1, 0, 0
5500, 446196, 1, 0, 0
6000, 445897, 1, 0, 0
6500, 445905, 1, 0, 0
7000, 445900, 1, 0, 0
7500, 445901, 1, 0, 0
8000, 445896, 1, 0, 0
8500, 445903, 1, 0, 0
9000, 445897, 1, 0, 0
9500, 445902, 1, 0, 0
10000, 445903, 1, 0, 0
10500, 446737, 1, 0, 0
11000, 445897, 1, 0, 0
11500, 445909, 1, 0, 0
12000, 445910, 1, 0, 0
12500, 445914, 1, 0, 0
13000, 445925, 1, 0, 0
13500, 445923, 1, 0, 0
14000, 445918, 1, 0, 0
14500, 445923, 1, 0, 0
15000, 445919, 1, 0, 0
15500, 446803, 1, 0, 0
16000, 445908, 1, 0, 0
16500, 445915, 1, 0, 0
17000, 445914, 1, 0, 0
17500, 445916, 1, 0, 0
18000, 445909, 1, 0, 0
18500, 445912, 1, 0, 0
19000, 445908, 1, 0, 0
19500, 445927, 1, 0, 0
20000, 445913, 1, 0, 0
20500, 445910, 1, 0, 0
21000, 446563, 1, 0, 0
21500, 445896, 1, 0, 0
22000, 445893, 1, 0, 0
22500, 445875, 1, 0, 0
23000, 445872, 1, 0, 0
23500, 445881, 1, 0, 0
24000, 445850, 1, 0, 0
24500, 445893, 1, 0, 0
25000, 445879, 1, 0, 0
25500, 445878, 1, 0, 0
26000, 446853, 1, 0, 0
26500, 445922, 1, 0, 0
27000, 445923, 1, 0, 0
27500, 445931, 1, 0, 0
28000, 445933, 1, 0, 0
28500, 445927, 1, 0, 0
29000, 445935, 1, 0, 0
29500, 445926, 1, 0, 0
30000, 445933, 1, 0, 0
30500, 445935, 1, 0, 0
31000, 446575, 1, 0, 0
31500, 445911, 1, 0, 0
32000, 445910, 1, 0, 0
32500, 445918, 1, 0, 0
33000, 445918, 1, 0, 0
33500, 445923, 1, 0, 0
34000, 445920, 1, 0, 0
34500, 445917, 1, 0, 0
35000, 445918, 1, 0, 0
35500, 445916, 1, 0, 0
36000, 445913, 1, 0, 0
36500, 446582, 1, 0, 0
37000, 445914, 1, 0, 0
37500, 445919, 1, 0, 0
38000, 445919, 1, 0, 0
38500, 445924, 1, 0, 0
39000, 445916, 1, 0, 0
39500, 445922, 1, 0, 0
40000, 445919, 1, 0, 0
40500, 445920, 1, 0, 0
41000, 445920, 1, 0, 0
41500, 446723, 1, 0, 0
42000, 445902, 1, 0, 0
42500, 445908, 1, 0, 0
43000, 445907, 1, 0, 0
43500, 445907, 1, 0, 0
44000, 445908, 1, 0, 0
44500, 445907, 1, 0, 0
45000, 445905, 1, 0, 0
45500, 445893, 1, 0, 0
46000, 445892, 1, 0, 0
46500, 446640, 1, 0, 0
47000, 445903, 1, 0, 0
47500, 445913, 1, 0, 0
48000, 445915, 1, 0, 0
48500, 445916, 1, 0, 0
49000, 445911, 1, 0, 0
49500, 445912, 1, 0, 0
50000, 445909, 1, 0, 0
50500, 445913, 1, 0, 0
51000, 445910, 1, 0, 0
51500, 446705, 1, 0, 0
52000, 445882, 1, 0, 0
52500, 445906, 1, 0, 0
53000, 445903, 1, 0, 0
53500, 445905, 1, 0, 0
54000, 445901, 1, 0, 0
54500, 445903, 1, 0, 0
55000, 445907, 1, 0, 0
55500, 445913, 1, 0, 0
56000, 445912, 1, 0, 0
56500, 445911, 1, 0, 0
57000, 446622, 1, 0, 0
57500, 445896, 1, 0, 0
58000, 445888, 1, 0, 0
58500, 445890, 1, 0, 0
59000, 445893, 1, 0, 0
59500, 445897, 1, 0, 0
60000, 445899, 1, 0, 0
60000, 666316, 1, 0, 0
