500, 1655, 1, 0, 0
1000, 1651, 1, 0, 0
1500, 1648, 1, 0, 0
2000, 1648, 1, 0, 0
2500, 1645, 1, 0, 0
3000, 1644, 1, 0, 0
3500, 1644, 1, 0, 0
4000, 1643, 1, 0, 0
4500, 1645, 1, 0, 0
5000, 1642, 1, 0, 0
5500, 1830, 1, 0, 0
6000, 1732, 1, 0, 0
6500, 1726, 1, 0, 0
7000, 1731, 1, 0, 0
7500, 1730, 1, 0, 0
8000, 1736, 1, 0, 0
8500, 1728, 1, 0, 0
9000, 1735, 1, 0, 0
9500, 1729, 1, 0, 0
10000, 1726, 1, 0, 0
10500, 1755, 1, 0, 0
11000, 1730, 1, 0, 0
11500, 1719, 1, 0, 0
12000, 1717, 1, 0, 0
12500, 1712, 1, 0, 0
13000, 1707, 1, 0, 0
13500, 1709, 1, 0, 0
14000, 1713, 1, 0, 0
14500, 1709, 1, 0, 0
15000, 1713, 1, 0, 0
15500, 1746, 1, 0, 0
16000, 1717, 1, 0, 0
16500, 1711, 1, 0, 0
17000, 1712, 1, 0, 0
17500, 1711, 1, 0, 0
18000, 1717, 1, 0, 0
18500, 1713, 1, 0, 0
19000, 1719, 1, 0, 0
19500, 1699, 1, 0, 0
20000, 1714, 1, 0, 0
20500, 1718, 1, 0, 0
21000, 1744, 1, 0, 0
21500, 1734, 1, 0, 0
22000, 1738, 1, 0, 0
22500, 1756, 1, 0, 0
23000, 1759, 1, 0, 0
23500, 1751, 1, 0, 0
24000, 1782, 1, 0, 0
24500, 1739, 1, 0, 0
25000, 1754, 1, 0, 0
25500, 1754, 1, 0, 0
26000, 1736, 1, 0, 0
26500, 1707, 1, 0, 0
27000, 1706, 1, 0, 0
27500, 1697, 1, 0, 0
28000, 1697, 1, 0, 0
28500, 1703, 1, 0, 0
29000, 1695, 1, 0, 0
29500, 1700, 1, 0, 0
30000, 1697, 1, 0, 0
30500, 1694, 1, 0, 0
31000, 1719, 1, 0, 0
31500, 1719, 1, 0, 0
32000, 1720, 1, 0, 0
32500, 1713, 1, 0, 0
33000, 1713, 1, 0, 0
33500, 1708, 1, 0, 0
34000, 1712, 1, 0, 0
34500, 1714, 1, 0, 0
35000, 1714, 1, 0, 0
35500, 1716, 1, 0, 0
36000, 1719, 1, 0, 0
36500, 1744, 1, 0, 0
37000, 1716, 1, 0, 0
37500, 1709, 1, 0, 0
38000, 1710, 1, 0, 0
38500, 1706, 1, 0, 0
39000, 1713, 1, 0, 0
39500, 1709, 1, 0, 0
40000, 1712, 1, 0, 0
40500, 1711, 1, 0, 0
41000, 1711, 1, 0, 0
41500, 1732, 1, 0, 0
42000, 1729, 1, 0, 0
42500, 1722, 1, 0, 0
43000, 1724, 1, 0, 0
43500, 1724, 1, 0, 0
44000, 1723, 1, 0, 0
44500, 1723, 1, 0, 0
45000, 1726, 1, 0, 0
45500, 1737, 1, 0, 0
46000, 1739, 1, 0, 0
46500, 1751, 1, 0, 0
47000, 1727, 1, 0, 0
47500, 1717, 1, 0, 0
48000, 1715, 1, 0, 0
48500, 1715, 1, 0, 0
49000, 1719, 1, 0, 0
49500, 1718, 1, 0, 0
50000, 1720, 1, 0, 0
50500, 1718, 1, 0, 0
51000, 1720, 1, 0, 0
51500, 1727, 1, 0, 0
52000, 1747, 1, 0, 0
52500, 1725, 1, 0, 0
53000, 1727, 1, 0, 0
53500, 1725, 1, 0, 0
54000, 1728, 1, 0, 0
54500, 1726, 1, 0, 0
55000, 1723, 1, 0, 0
55500, 1717, 1, 0, 0
56000, 1718, 1, 0, 0
56500, 1719, 1, 0, 0
57000, 1763, 1, 0, 0
57500, 1735, 1, 0, 0
58000, 1742, 1, 0, 0
58500, 1741, 1, 0, 0
59000, 1738, 1, 0, 0
59500, 1733, 1, 0, 0
60000, 1732, 1, 0, 0
