500, 266208, 1, 0, 0
1000, 267544, 1, 0, 0
1500, 267000, 1, 0, 0
2000, 266168, 1, 0, 0
2500, 265296, 1, 0, 0
3000, 265216, 1, 0, 0
3500, 267232, 1, 0, 0
4000, 268128, 1, 0, 0
4500, 267336, 1, 0, 0
5000, 265448, 1, 0, 0
5500, 266200, 1, 0, 0
6000, 214960, 1, 0, 0
6500, 101472, 1, 0, 0
7000, 104640, 1, 0, 0
7500, 93304, 1, 0, 0
8000, 88408, 1, 0, 0
8500, 91144, 1, 0, 0
9000, 88672, 1, 0, 0
9500, 89624, 1, 0, 0
10000, 85024, 1, 0, 0
10500, 85704, 1, 0, 0
11000, 80664, 1, 0, 0
11500, 82224, 1, 0, 0
12000, 77480, 1, 0, 0
12500, 81880, 1, 0, 0
13000, 83048, 1, 0, 0
13500, 70160, 1, 0, 0
14000, 75366, 1, 0, 0
14500, 68032, 1, 0, 0
15000, 73224, 1, 0, 0
15500, 65288, 1, 0, 0
16000, 66392, 1, 0, 0
16500, 63592, 1, 0, 0
17000, 63656, 1, 0, 0
17500, 59832, 1, 0, 0
18000, 59984, 1, 0, 0
18500, 57768, 1, 0, 0
19000, 55128, 1, 0, 0
19500, 56768, 1, 0, 0
20000, 62024, 1, 0, 0
20500, 54312, 1, 0, 0
21000, 55048, 1, 0, 0
21500, 53176, 1, 0, 0
22000, 55928, 1, 0, 0
22500, 50616, 1, 0, 0
23000, 49432, 1, 0, 0
23500, 51144, 1, 0, 0
24000, 52776, 1, 0, 0
24500, 49512, 1, 0, 0
25000, 47528, 1, 0, 0
25500, 50552, 1, 0, 0
26000, 45528, 1, 0, 0
26500, 48592, 1, 0, 0
27000, 46424, 1, 0, 0
27500, 46752, 1, 0, 0
28000, 45816, 1, 0, 0
28500, 43784, 1, 0, 0
29000, 44392, 1, 0, 0
29500, 43656, 1, 0, 0
30000, 45440, 1, 0, 0
30500, 42424, 1, 0, 0
31000, 41912, 1, 0, 0
31500, 40656, 1, 0, 0
32000, 42104, 1, 0, 0
32500, 44640, 1, 0, 0
33000, 44216, 1, 0, 0
33500, 41360, 1, 0, 0
34000, 40096, 1, 0, 0
34500, 38528, 1, 0, 0
35000, 38032, 1, 0, 0
35500, 36296, 1, 0, 0
36000, 38480, 1, 0, 0
36500, 40448, 1, 0, 0
37000, 38640, 1, 0, 0
37500, 39120, 1, 0, 0
38000, 38560, 1, 0, 0
38500, 36800, 1, 0, 0
39000, 36728, 1, 0, 0
39500, 36936, 1, 0, 0
40000, 36288, 1, 0, 0
40500, 38656, 1, 0, 0
41000, 36832, 1, 0, 0
41500, 37016, 1, 0, 0
42000, 36552, 1, 0, 0
42500, 38984, 1, 0, 0
43000, 34776, 1, 0, 0
43500, 34832, 1, 0, 0
44000, 34984, 1, 0, 0
44500, 35136, 1, 0, 0
45000, 33936, 1, 0, 0
45500, 35000, 1, 0, 0
46000, 35704, 1, 0, 0
46500, 33480, 1, 0, 0
47000, 33728, 1, 0, 0
47500, 33696, 1, 0, 0
48000, 31808, 1, 0, 0
48500, 33144, 1, 0, 0
49000, 36657, 1, 0, 0
49500, 32456, 1, 0, 0
50000, 34472, 1, 0, 0
50500, 33424, 1, 0, 0
51000, 32944, 1, 0, 0
51500, 32728, 1, 0, 0
52000, 29520, 1, 0, 0
52500, 31888, 1, 0, 0
53000, 34048, 1, 0, 0
53500, 30712, 1, 0, 0
54000, 30280, 1, 0, 0
54500, 29848, 1, 0, 0
55000, 33272, 1, 0, 0
55500, 34744, 1, 0, 0
56000, 35600, 1, 0, 0
56500, 32632, 1, 0, 0
57000, 31304, 1, 0, 0
57500, 34480, 1, 0, 0
58000, 32040, 1, 0, 0
58500, 31664, 1, 0, 0
59000, 30616, 1, 0, 0
59500, 29896, 1, 0, 0
60000, 29384, 1, 0, 0
