500, 480538, 1, 0, 0
1000, 478311, 1, 0, 0
1500, 479227, 1, 0, 0
2000, 480629, 1, 0, 0
2500, 482360, 1, 0, 0
3000, 482412, 1, 0, 0
3500, 478793, 1, 0, 0
4000, 477203, 1, 0, 0
4500, 478633, 1, 0, 0
5000, 481940, 1, 0, 0
5500, 480652, 1, 0, 0
6000, 595088, 1, 0, 0
6500, 1260755, 1, 0, 0
7000, 1221330, 1, 0, 0
7500, 1371945, 1, 0, 0
8000, 1442994, 1, 0, 0
8504, 1403609, 1, 0, 0
9000, 1448645, 1, 0, 0
9500, 1432957, 1, 0, 0
10003, 1492033, 1, 0, 0
10500, 1507494, 1, 0, 0
11000, 1562986, 1, 0, 0
11500, 1572696, 1, 0, 0
12004, 1640250, 1, 0, 0
12504, 1566016, 1, 0, 0
13000, 1551508, 1, 0, 0
13505, 1811573, 1, 0, 0
14000, 1701930, 1, 0, 0
14504, 1872139, 1, 0, 0
15000, 1761285, 1, 0, 0
15500, 1956816, 1, 0, 0
16005, 1920865, 1, 0, 0
16507, 2021746, 1, 0, 0
17001, 1980653, 1, 0, 0
17500, 2134093, 1, 0, 0
18003, 2152973, 1, 0, 0
18505, 2219225, 1, 0, 0
19004, 2325353, 1, 0, 0
19500, 2224485, 1, 0, 0
20000, 2064137, 1, 0, 0
20506, 2380807, 1, 0, 0
21007, 2335036, 1, 0, 0
21500, 2431869, 1, 0, 0
22003, 2248937, 1, 0, 0
22508, 2554624, 1, 0, 0
23000, 2555662, 1, 0, 0
23501, 2495657, 1, 0, 0
24000, 2466182, 1, 0, 0
24500, 2596769, 1, 0, 0
25000, 2629651, 1, 0, 0
25504, 2550239, 1, 0, 0
26000, 2853632, 1, 0, 0
26500, 2633334, 1, 0, 0
27001, 2694781, 1, 0, 0
27506, 2768845, 1, 0, 0
28000, 2791579, 1, 0, 0
28501, 2888856, 1, 0, 0
29006, 2917052, 1, 0, 0
29509, 2952903, 1, 0, 0
30000, 2823784, 1, 0, 0
30500, 3021799, 1, 0, 0
31000, 3051821, 1, 0, 0
31506, 3125293, 1, 0, 0
32006, 3044146, 1, 0, 0
32500, 2842634, 1, 0, 0
33000, 2936721, 1, 0, 0
33500, 3025635, 1, 0, 0
34006, 3240294, 1, 0, 0
34505, 3309183, 1, 0, 0
35000, 3403342, 1, 0, 0
35504, 3470338, 1, 0, 0
36000, 3305719, 1, 0, 0
36506, 3192909, 1, 0, 0
37010, 3348198, 1, 0, 0
37510, 3271824, 1, 0, 0
38000, 3325206, 1, 0, 0
38500, 3413973, 1, 0, 0
39000, 3570934, 1, 0, 0
39504, 3395924, 1, 0, 0
40006, 3536689, 1, 0, 0
40500, 3273017, 1, 0, 0
41000, 3566530, 1, 0, 0
41501, 3373005, 1, 0, 0
42009, 3550641, 1, 0, 0
42500, 3307314, 1, 0, 0
43004, 3621465, 1, 0, 0
43500, 3758299, 1, 0, 0
44008, 3612261, 1, 0, 0
44508, 3628558, 1, 0, 0
45000, 3721067, 1, 0, 0
45500, 3744298, 1, 0, 0
46000, 3603491, 1, 0, 0
46508, 3767349, 1, 0, 0
47008, 3798135, 1, 0, 0
47506, 3783640, 1, 0, 0
48002, 3980115, 1, 0, 0
48500, 3956525, 1, 0, 0
49000, 3484341, 1, 0, 0
49500, 3886375, 1, 0, 0
50013, 3771639, 1, 0, 0
50506, 3788933, 1, 0, 0
51010, 3909714, 1, 0, 0
51500, 3929155, 1, 0, 0
52009, 4316176, 1, 0, 0
52500, 4045858, 1, 0, 0
53000, 3659577, 1, 0, 0
53507, 4241385, 1, 0, 0
54009, 4232099, 1, 0, 0
54500, 4222331, 1, 0, 0
55000, 3923477, 1, 0, 0
55504, 3622827, 1, 0, 0
56013, 3653597, 1, 0, 0
56510, 3905702, 1, 0, 0
57000, 4027362, 1, 0, 0
57507, 3745773, 1, 0, 0
58000, 3959240, 1, 0, 0
58500, 4131134, 1, 0, 0
59000, 4190179, 1, 0, 0
59505, 4197814, 1, 0, 0
60000, 4325427, 1, 0, 0
60001, 13015838, 1, 0, 0
