500, 479576, 1, 0, 0
1000, 477354, 1, 0, 0
1500, 478267, 1, 0, 0
2000, 479673, 1, 0, 0
2500, 481412, 1, 0, 0
3000, 481452, 1, 0, 0
3500, 477836, 1, 0, 0
4000, 476246, 1, 0, 0
4500, 477680, 1, 0, 0
5000, 480984, 1, 0, 0
5500, 479696, 1, 0, 0
6000, 594127, 1, 0, 0
6500, 1259778, 1, 0, 0
7000, 1220349, 1, 0, 0
7500, 1370962, 1, 0, 0
8000, 1442009, 1, 0, 0
8504, 1402624, 1, 0, 0
9000, 1447662, 1, 0, 0
9500, 1431976, 1, 0, 0
10003, 1491049, 1, 0, 0
10500, 1506513, 1, 0, 0
11000, 1562005, 1, 0, 0
11500, 1571714, 1, 0, 0
12004, 1639263, 1, 0, 0
12504, 1565036, 1, 0, 0
13000, 1550528, 1, 0, 0
13505, 1810587, 1, 0, 0
14000, 1700948, 1, 0, 0
14504, 1871155, 1, 0, 0
15000, 1760302, 1, 0, 0
15500, 1955833, 1, 0, 0
16005, 1919881, 1, 0, 0
16507, 2020756, 1, 0, 0
17001, 1979671, 1, 0, 0
17500, 2133099, 1, 0, 0
18003, 2151989, 1, 0, 0
18505, 2218242, 1, 0, 0
19004, 2324367, 1, 0, 0
19500, 2223500, 1, 0, 0
20000, 2063153, 1, 0, 0
20506, 2379819, 1, 0, 0
21007, 2334048, 1, 0, 0
21500, 2430877, 1, 0, 0
22003, 2247943, 1, 0, 0
22508, 2553624, 1, 0, 0
23000, 2554666, 1, 0, 0
23501, 2494663, 1, 0, 0
24000, 2465184, 1, 0, 0
24500, 2595775, 1, 0, 0
25000, 2628650, 1, 0, 0
25504, 2549247, 1, 0, 0
26000, 2852630, 1, 0, 0
26500, 2632336, 1, 0, 0
27001, 2693787, 1, 0, 0
27506, 2767849, 1, 0, 0
28000, 2790583, 1, 0, 0
28501, 2887864, 1, 0, 0
29006, 2916058, 1, 0, 0
29509, 2951906, 1, 0, 0
30000, 2822784, 1, 0, 0
30500, 3020804, 1, 0, 0
31000, 3050817, 1, 0, 0
31506, 3124293, 1, 0, 0
32006, 3043156, 1, 0, 0
32500, 2841648, 1, 0, 0
33000, 2935738, 1, 0, 0
33500, 3024652, 1, 0, 0
34006, 3239305, 1, 0, 0
34505, 3308193, 1, 0, 0
35000, 3402354, 1, 0, 0
35504, 3469348, 1, 0, 0
36000, 3304731, 1, 0, 0
36506, 3191924, 1, 0, 0
37010, 3347204, 1, 0, 0
37510, 3270830, 1, 0, 0
38000, 3324206, 1, 0, 0
38500, 3412963, 1, 0, 0
39000, 3569935, 1, 0, 0
39504, 3394920, 1, 0, 0
40006, 3535686, 1, 0, 0
40500, 3272017, 1, 0, 0
41000, 3565530, 1, 0, 0
41501, 3372004, 1, 0, 0
42009, 3549644, 1, 0, 0
42500, 3306317, 1, 0, 0
43004, 3620463, 1, 0, 0
43500, 3757292, 1, 0, 0
44008, 3611261, 1, 0, 0
44508, 3627550, 1, 0, 0
45000, 3720061, 1, 0, 0
45500, 3743293, 1, 0, 0
46000, 3602484, 1, 0, 0
46508, 3766358, 1, 0, 0
47008, 3797142, 1, 0, 0
47506, 3782652, 1, 0, 0
48002, 3979121, 1, 0, 0
48500, 3955527, 1, 0, 0
49000, 3483341, 1, 0, 0
49500, 3885374, 1, 0, 0
50013, 3770640, 1, 0, 0
50506, 3787936, 1, 0, 0
51010, 3908713, 1, 0, 0
51500, 3928159, 1, 0, 0
52009, 4315171, 1, 0, 0
52500, 4044865, 1, 0, 0
53000, 3658587, 1, 0, 0
53507, 4240388, 1, 0, 0
54009, 4231108, 1, 0, 0
54500, 4221338, 1, 0, 0
55000, 3922484, 1, 0, 0
55504, 3621841, 1, 0, 0
56013, 3652609, 1, 0, 0
56510, 3904710, 1, 0, 0
57000, 4026371, 1, 0, 0
57507, 3744788, 1, 0, 0
58000, 3958250, 1, 0, 0
58500, 4130147, 1, 0, 0
59000, 4189182, 1, 0, 0
59505, 4196808, 1, 0, 0
60000, 4324424, 1, 0, 0
60001, 13014854, 1, 0, 0
