500, 66552, 1, 0, 0
1000, 66884, 1, 0, 0
1500, 66750, 1, 0, 0
2000, 66542, 1, 0, 0
2500, 66324, 1, 0, 0
3000, 66304, 1, 0, 0
3500, 66808, 1, 0, 0
4000, 67032, 1, 0, 0
4500, 66834, 1, 0, 0
5000, 66362, 1, 0, 0
5500, 66550, 1, 0, 0
6000, 53740, 1, 0, 0
6500, 25368, 1, 0, 0
7000, 26160, 1, 0, 0
7500, 23326, 1, 0, 0
8000, 22102, 1, 0, 0
8500, 22786, 1, 0, 0
9000, 22168, 1, 0, 0
9500, 22406, 1, 0, 0
10000, 21256, 1, 0, 0
10500, 21426, 1, 0, 0
11000, 20166, 1, 0, 0
11500, 20556, 1, 0, 0
12000, 19370, 1, 0, 0
12500, 20470, 1, 0, 0
13000, 20762, 1, 0, 0
13500, 17540, 1, 0, 0
14000, 18841, 1, 0, 0
14500, 17008, 1, 0, 0
15000, 18306, 1, 0, 0
15500, 16322, 1, 0, 0
16000, 16598, 1, 0, 0
16500, 15898, 1, 0, 0
17000, 15914, 1, 0, 0
17500, 14958, 1, 0, 0
18000, 14996, 1, 0, 0
18500, 14442, 1, 0, 0
19000, 13782, 1, 0, 0
19500, 14192, 1, 0, 0
20000, 15506, 1, 0, 0
20500, 13578, 1, 0, 0
21000, 13762, 1, 0, 0
21500, 13294, 1, 0, 0
22000, 13982, 1, 0, 0
22500, 12654, 1, 0, 0
23000, 12358, 1, 0, 0
23500, 12786, 1, 0, 0
24000, 13194, 1, 0, 0
24500, 12378, 1, 0, 0
25000, 11882, 1, 0, 0
25500, 12638, 1, 0, 0
26000, 11382, 1, 0, 0
26500, 12148, 1, 0, 0
27000, 11606, 1, 0, 0
27500, 11688, 1, 0, 0
28000, 11454, 1, 0, 0
28500, 10946, 1, 0, 0
29000, 11098, 1, 0, 0
29500, 10914, 1, 0, 0
30000, 11360, 1, 0, 0
30500, 10606, 1, 0, 0
31000, 10478, 1, 0, 0
31500, 10164, 1, 0, 0
32000, 10526, 1, 0, 0
32500, 11160, 1, 0, 0
33000, 11054, 1, 0, 0
33500, 10340, 1, 0, 0
34000, 10024, 1, 0, 0
34500, 9632, 1, 0, 0
35000, 9508, 1, 0, 0
35500, 9074, 1, 0, 0
36000, 9620, 1, 0, 0
36500, 10112, 1, 0, 0
37000, 9660, 1, 0, 0
37500, 9780, 1, 0, 0
38000, 9640, 1, 0, 0
38500, 9200, 1, 0, 0
39000, 9182, 1, 0, 0
39500, 9234, 1, 0, 0
40000, 9072, 1, 0, 0
40500, 9664, 1, 0, 0
41000, 9208, 1, 0, 0
41500, 9254, 1, 0, 0
42000, 9138, 1, 0, 0
42500, 9746, 1, 0, 0
43000, 8694, 1, 0, 0
43500, 8708, 1, 0, 0
44000, 8746, 1, 0, 0
44500, 8784, 1, 0, 0
45000, 8484, 1, 0, 0
45500, 8750, 1, 0, 0
46000, 8926, 1, 0, 0
46500, 8370, 1, 0, 0
47000, 8432, 1, 0, 0
47500, 8424, 1, 0, 0
48000, 7952, 1, 0, 0
48500, 8286, 1, 0, 0
49000, 9164, 1, 0, 0
49500, 8114, 1, 0, 0
50000, 8618, 1, 0, 0
50500, 8356, 1, 0, 0
51000, 8236, 1, 0, 0
51500, 8182, 1, 0, 0
52000, 7380, 1, 0, 0
52500, 7972, 1, 0, 0
53000, 8512, 1, 0, 0
53500, 7678, 1, 0, 0
54000, 7570, 1, 0, 0
54500, 7462, 1, 0, 0
55000, 8318, 1, 0, 0
55500, 8686, 1, 0, 0
56000, 8900, 1, 0, 0
56500, 8158, 1, 0, 0
57000, 7826, 1, 0, 0
57500, 8620, 1, 0, 0
58000, 8010, 1, 0, 0
58500, 7916, 1, 0, 0
59000, 7654, 1, 0, 0
59500, 7474, 1, 0, 0
60000, 7346, 1, 0, 0
