500, 963, 1, 0, 0
1000, 957, 1, 0, 0
1500, 960, 1, 0, 0
2000, 956, 1, 0, 0
2500, 948, 1, 0, 0
3000, 960, 1, 0, 0
3500, 958, 1, 0, 0
4000, 957, 1, 0, 0
4500, 953, 1, 0, 0
5000, 956, 1, 0, 0
5500, 956, 1, 0, 0
6000, 961, 1, 0, 0
6500, 977, 1, 0, 0
7000, 981, 1, 0, 0
7500, 983, 1, 0, 0
8000, 986, 1, 0, 0
8504, 984, 1, 0, 0
9000, 982, 1, 0, 0
9500, 982, 1, 0, 0
10003, 984, 1, 0, 0
10500, 981, 1, 0, 0
11000, 981, 1, 0, 0
11500, 982, 1, 0, 0
12004, 987, 1, 0, 0
12504, 981, 1, 0, 0
13000, 980, 1, 0, 0
13505, 985, 1, 0, 0
14000, 982, 1, 0, 0
14504, 984, 1, 0, 0
15000, 983, 1, 0, 0
15500, 983, 1, 0, 0
16005, 985, 1, 0, 0
16507, 990, 1, 0, 0
17001, 982, 1, 0, 0
17500, 994, 1, 0, 0
18003, 983, 1, 0, 0
18505, 984, 1, 0, 0
19004, 985, 1, 0, 0
19500, 985, 1, 0, 0
20000, 984, 1, 0, 0
20506, 988, 1, 0, 0
21007, 988, 1, 0, 0
21500, 992, 1, 0, 0
22003, 995, 1, 0, 0
22508, 999, 1, 0, 0
23000, 997, 1, 0, 0
23501, 995, 1, 0, 0
24000, 998, 1, 0, 0
24500, 993, 1, 0, 0
25000, 1001, 1, 0, 0
25504, 992, 1, 0, 0
26000, 1002, 1, 0, 0
26500, 999, 1, 0, 0
27001, 994, 1, 0, 0
27506, 996, 1, 0, 0
28000, 997, 1, 0, 0
28501, 993, 1, 0, 0
29006, 995, 1, 0, 0
29509, 997, 1, 0, 0
30000, 999, 1, 0, 0
30500, 996, 1, 0, 0
31000, 1004, 1, 0, 0
31506, 1000, 1, 0, 0
32006, 990, 1, 0, 0
32500, 986, 1, 0, 0
33000, 983, 1, 0, 0
33500, 983, 1, 0, 0
34006, 989, 1, 0, 0
34505, 991, 1, 0, 0
35000, 988, 1, 0, 0
35504, 990, 1, 0, 0
36000, 988, 1, 0, 0
36506, 985, 1, 0, 0
37010, 994, 1, 0, 0
37510, 994, 1, 0, 0
38000, 999, 1, 0, 0
38500, 1011, 1, 0, 0
39000, 998, 1, 0, 0
39504, 1004, 1, 0, 0
40006, 1003, 1, 0, 0
40500, 1000, 1, 0, 0
41000, 999, 1, 0, 0
41501, 1000, 1, 0, 0
42009, 997, 1, 0, 0
42500, 998, 1, 0, 0
43004, 1002, 1, 0, 0
43500, 1006, 1, 0, 0
44008, 1000, 1, 0, 0
44508, 1008, 1, 0, 0
45000, 1006, 1, 0, 0
45500, 1005, 1, 0, 0
46000, 1007, 1, 0, 0
46508, 992, 1, 0, 0
47008, 992, 1, 0, 0
47506, 988, 1, 0, 0
48002, 993, 1, 0, 0
48500, 998, 1, 0, 0
49000, 999, 1, 0, 0
49500, 1001, 1, 0, 0
50013, 999, 1, 0, 0
50506, 997, 1, 0, 0
51010, 1001, 1, 0, 0
51500, 995, 1, 0, 0
52009, 1005, 1, 0, 0
52500, 992, 1, 0, 0
53000, 990, 1, 0, 0
53507, 997, 1, 0, 0
54009, 991, 1, 0, 0
54500, 993, 1, 0, 0
55000, 993, 1, 0, 0
55504, 986, 1, 0, 0
56013, 988, 1, 0, 0
56510, 992, 1, 0, 0
57000, 991, 1, 0, 0
57507, 985, 1, 0, 0
58000, 990, 1, 0, 0
58500, 987, 1, 0, 0
59000, 998, 1, 0, 0
59505, 1006, 1, 0, 0
60001, 1003, 1, 0, 0
