[67918.399840] KSC2026-MARK map32k_bs4k_r1 insmod 1791443680855359759
[67918.429808] NVMeVirt: Version 1.10 for >> Samsung 970 Pro SSD <<
[67918.429827] NVMeVirt: Storage: 0x300100000-0x600000000 (12287 MiB)
[67918.443385] NVMeVirt: Total Capacity(GiB,MiB)=3,3072 chs=2 luns=4 lines=384 blk-size(MiB,KiB)=2,2048 line-size(MiB,KiB)=8,8192
[67918.443390] NVMeVirt: KSC2026: mapping unit=32768 B, flash page=32768 B, oneshot page=32768 B, pgs_per_blk=64, blks_per_pl=384, write buffer=1048576 B
[67918.448474] NVMeVirt: [chmodel_init] bandwidth 800 max_credits 26 tx_time 152
[67918.451765] NVMeVirt: [chmodel_init] bandwidth 800 max_credits 26 tx_time 152
[67918.451776] NVMeVirt: [chmodel_init] bandwidth 3360 max_credits 110 tx_time 36
[67918.451992] NVMeVirt: pqueue: Copyright (c) 2014, Volkan Yazıcı <volkan.yazici@gmail.com>. All rights reserved.
[67918.451993] NVMeVirt: Init FTL instance with 2 channels (98304 pages)
[67918.455165] NVMeVirt: [chmodel_init] bandwidth 800 max_credits 26 tx_time 152
[67918.458369] NVMeVirt: [chmodel_init] bandwidth 800 max_credits 26 tx_time 152
[67918.458380] NVMeVirt: [chmodel_init] bandwidth 3360 max_credits 110 tx_time 36
[67918.458547] NVMeVirt: Init FTL instance with 2 channels (98304 pages)
[67918.461686] NVMeVirt: [chmodel_init] bandwidth 800 max_credits 26 tx_time 152
[67918.464872] NVMeVirt: [chmodel_init] bandwidth 800 max_credits 26 tx_time 152
[67918.464882] NVMeVirt: [chmodel_init] bandwidth 3360 max_credits 110 tx_time 36
[67918.465051] NVMeVirt: Init FTL instance with 2 channels (98304 pages)
[67918.468218] NVMeVirt: [chmodel_init] bandwidth 800 max_credits 26 tx_time 152
[67918.471365] NVMeVirt: [chmodel_init] bandwidth 800 max_credits 26 tx_time 152
[67918.471376] NVMeVirt: [chmodel_init] bandwidth 3360 max_credits 110 tx_time 36
[67918.471543] NVMeVirt: Init FTL instance with 2 channels (98304 pages)
[67918.471546] NVMeVirt: FTL physical space: 12883853312, logical space: 12040984403 (physical/logical * 100 = 107)
[67918.471547] NVMeVirt: KSC2026: WBUF_FIX=1 GC_STATS=1
[67918.471547] NVMeVirt: ns 0/1: size 11483 MiB
[67918.471576] PCI host bridge to bus 0001:10
[67918.471577] pci_bus 0001:10: root bus resource [io  0x0000-0xffff]
[67918.471579] pci_bus 0001:10: root bus resource [mem 0x00000000-0x3fffffffffff]
[67918.471580] pci_bus 0001:10: root bus resource [bus 00-ff]
[67918.471586] pci 0001:10:00.0: [0c51:0110] type 00 class 0x010802 PCIe Endpoint
[67918.471588] pci 0001:10:00.0: BAR 0 [mem 0x300000000-0x300003fff 64bit]
[67918.471589] pci 0001:10:00.0: enabling Extended Tags
[67918.471685] NVMeVirt: Virtual PCI bus created (node 0)
[67918.471901] NVMeVirt: nvmev_io_worker_0 started on cpu 4 (node 0)
[67918.472068] NVMeVirt: nvmev_io_worker_1 started on cpu 5 (node 0)
[67918.472083] NVMeVirt: nvmev_dispatcher started on cpu 3 (node 0)
[67918.472158] nvme nvme1: pci function 0001:10:00.0
[67918.475924] nvme nvme1: 1/0/0 default/read/poll queues
[67918.477873] NVMeVirt: Virtual NVMe device created
[67924.516016] KSC2026-MARK map32k_bs4k_r1 fio-start 1791443686984847466
[67930.577495] NVMeVirt: KSC2026: first GC part=0 victim line=6 vpc=79 ipc=177 free_lines=2 host_pgs=97280
[67930.614566] NVMeVirt: KSC2026: first GC part=1 victim line=34 vpc=77 ipc=179 free_lines=2 host_pgs=97280
[67930.637618] NVMeVirt: KSC2026: first GC part=2 victim line=26 vpc=82 ipc=174 free_lines=2 host_pgs=97280
[67930.660020] NVMeVirt: KSC2026: first GC part=3 victim line=29 vpc=80 ipc=176 free_lines=2 host_pgs=97280
[67985.548564] KSC2026-MARK map32k_bs4k_r1 fio-end
[67985.552508] KSC2026-MARK map32k_bs4k_r1 rmmod 1791443748022854676
[67985.618551] pci_bus 0001:10: busn_res: [bus 10-ff] is released
[67985.618755] NVMeVirt: KSC2026: stats part=0 host_pgs=262646 gc_pgs=296766 gc_cnt=1804 free_lines=2
[67985.618757] NVMeVirt: KSC2026: stats part=1 host_pgs=262714 gc_pgs=302106 gc_cnt=1825 free_lines=1
[67985.618758] NVMeVirt: KSC2026: stats part=2 host_pgs=262172 gc_pgs=297736 gc_cnt=1806 free_lines=1
[67985.618758] NVMeVirt: KSC2026: stats part=3 host_pgs=261558 gc_pgs=293532 gc_cnt=1787 free_lines=2
[67985.639448] NVMeVirt: Virtual NVMe device closed
