500, 53664, 1, 0, 0
1000, 53622, 1, 0, 0
1500, 53653, 1, 0, 0
2000, 53556, 1, 0, 0
2500, 53574, 1, 0, 0
3000, 53502, 1, 0, 0
3500, 53670, 1, 0, 0
4000, 17250, 1, 0, 0
4500, 3818, 1, 0, 0
5000, 3988, 1, 0, 0
5500, 4262, 1, 0, 0
6000, 4500, 1, 0, 0
6500, 4514, 1, 0, 0
7000, 4876, 1, 0, 0
7500, 4952, 1, 0, 0
8000, 5074, 1, 0, 0
8500, 5082, 1, 0, 0
9000, 5168, 1, 0, 0
9500, 5220, 1, 0, 0
10000, 5316, 1, 0, 0
10500, 5432, 1, 0, 0
11000, 5414, 1, 0, 0
11500, 5658, 1, 0, 0
12000, 5626, 1, 0, 0
12500, 5627, 1, 0, 0
13000, 5766, 1, 0, 0
13500, 5860, 1, 0, 0
14000, 6196, 1, 0, 0
14500, 6074, 1, 0, 0
15000, 6208, 1, 0, 0
15500, 6438, 1, 0, 0
16000, 6922, 1, 0, 0
16500, 6626, 1, 0, 0
17000, 6750, 1, 0, 0
17500, 7142, 1, 0, 0
18000, 7148, 1, 0, 0
18500, 7530, 1, 0, 0
19000, 7878, 1, 0, 0
19500, 7676, 1, 0, 0
20000, 7834, 1, 0, 0
20500, 8216, 1, 0, 0
21000, 8086, 1, 0, 0
21500, 9408, 1, 0, 0
22000, 9416, 1, 0, 0
22500, 9590, 1, 0, 0
23000, 10030, 1, 0, 0
23501, 10778, 1, 0, 0
24000, 11619, 1, 0, 0
24500, 13004, 1, 0, 0
25000, 13968, 1, 0, 0
25500, 16650, 1, 0, 0
26000, 24098, 1, 0, 0
26500, 34918, 1, 0, 0
27000, 4004, 1, 0, 0
27500, 4100, 1, 0, 0
28000, 4052, 1, 0, 0
28500, 4286, 1, 0, 0
29000, 4416, 1, 0, 0
29500, 4722, 1, 0, 0
30000, 4966, 1, 0, 0
30500, 5090, 1, 0, 0
31000, 5274, 1, 0, 0
31500, 5178, 1, 0, 0
32000, 5180, 1, 0, 0
32500, 5142, 1, 0, 0
33000, 5398, 1, 0, 0
33500, 5442, 1, 0, 0
34000, 5640, 1, 0, 0
34500, 5628, 1, 0, 0
35000, 5688, 1, 0, 0
35500, 5762, 1, 0, 0
36000, 6058, 1, 0, 0
36500, 5856, 1, 0, 0
37000, 6190, 1, 0, 0
37500, 6110, 1, 0, 0
38000, 6572, 1, 0, 0
38500, 6554, 1, 0, 0
39000, 6718, 1, 0, 0
39500, 6692, 1, 0, 0
40000, 7094, 1, 0, 0
40500, 6786, 1, 0, 0
41000, 7568, 1, 0, 0
41500, 7596, 1, 0, 0
42000, 8104, 1, 0, 0
42500, 7900, 1, 0, 0
43000, 7986, 1, 0, 0
43500, 8510, 1, 0, 0
44000, 9040, 1, 0, 0
44500, 9148, 1, 0, 0
45000, 9304, 1, 0, 0
45500, 10324, 1, 0, 0
46000, 11058, 1, 0, 0
46500, 11212, 1, 0, 0
47000, 12484, 1, 0, 0
47500, 13204, 1, 0, 0
48000, 14893, 1, 0, 0
48500, 20842, 1, 0, 0
49000, 42196, 1, 0, 0
49500, 4476, 1, 0, 0
50000, 4002, 1, 0, 0
50500, 4130, 1, 0, 0
51000, 4256, 1, 0, 0
51500, 4470, 1, 0, 0
52000, 4930, 1, 0, 0
52500, 4666, 1, 0, 0
53000, 4926, 1, 0, 0
53500, 5116, 1, 0, 0
54000, 5194, 1, 0, 0
54500, 5058, 1, 0, 0
55000, 5380, 1, 0, 0
55500, 5354, 1, 0, 0
56000, 5196, 1, 0, 0
56500, 5306, 1, 0, 0
57000, 5664, 1, 0, 0
57500, 5596, 1, 0, 0
58000, 5758, 1, 0, 0
58500, 5890, 1, 0, 0
59000, 5963, 1, 0, 0
59500, 6264, 1, 0, 0
60000, 6360, 1, 0, 0
