500, 3434496, 1, 0, 0
1000, 3431936, 1, 0, 0
1500, 3433811, 1, 0, 0
2000, 3427584, 1, 0, 0
2500, 3428736, 1, 0, 0
3000, 3424128, 1, 0, 0
3500, 3434880, 1, 0, 0
4000, 1104000, 1, 0, 0
4500, 244352, 1, 0, 0
5000, 255232, 1, 0, 0
5500, 272768, 1, 0, 0
6000, 288000, 1, 0, 0
6500, 288896, 1, 0, 0
7000, 312064, 1, 0, 0
7500, 316928, 1, 0, 0
8000, 324736, 1, 0, 0
8500, 325248, 1, 0, 0
9000, 330752, 1, 0, 0
9500, 334080, 1, 0, 0
10000, 340224, 1, 0, 0
10500, 347648, 1, 0, 0
11000, 346496, 1, 0, 0
11500, 362112, 1, 0, 0
12000, 360064, 1, 0, 0
12500, 360144, 1, 0, 0
13000, 369024, 1, 0, 0
13500, 375040, 1, 0, 0
14000, 396544, 1, 0, 0
14500, 388736, 1, 0, 0
15000, 397312, 1, 0, 0
15500, 412032, 1, 0, 0
16000, 443008, 1, 0, 0
16500, 424064, 1, 0, 0
17000, 432000, 1, 0, 0
17500, 457088, 1, 0, 0
18000, 457472, 1, 0, 0
18500, 481920, 1, 0, 0
19000, 504192, 1, 0, 0
19500, 491264, 1, 0, 0
20000, 501376, 1, 0, 0
20500, 525824, 1, 0, 0
21000, 517504, 1, 0, 0
21500, 602112, 1, 0, 0
22000, 602624, 1, 0, 0
22500, 613760, 1, 0, 0
23000, 641920, 1, 0, 0
23501, 689792, 1, 0, 0
24000, 743631, 1, 0, 0
24500, 832256, 1, 0, 0
25000, 893952, 1, 0, 0
25500, 1065600, 1, 0, 0
26000, 1542272, 1, 0, 0
26500, 2234752, 1, 0, 0
27000, 256256, 1, 0, 0
27500, 262400, 1, 0, 0
28000, 259328, 1, 0, 0
28500, 274304, 1, 0, 0
29000, 282624, 1, 0, 0
29500, 302208, 1, 0, 0
30000, 317824, 1, 0, 0
30500, 325760, 1, 0, 0
31000, 337536, 1, 0, 0
31500, 331392, 1, 0, 0
32000, 331520, 1, 0, 0
32500, 329088, 1, 0, 0
33000, 345472, 1, 0, 0
33500, 348288, 1, 0, 0
34000, 360960, 1, 0, 0
34500, 360192, 1, 0, 0
35000, 364032, 1, 0, 0
35500, 368768, 1, 0, 0
36000, 387712, 1, 0, 0
36500, 374784, 1, 0, 0
37000, 396160, 1, 0, 0
37500, 391054, 1, 0, 0
38000, 420608, 1, 0, 0
38500, 419456, 1, 0, 0
39000, 429952, 1, 0, 0
39500, 428288, 1, 0, 0
40000, 454016, 1, 0, 0
40500, 434304, 1, 0, 0
41000, 484352, 1, 0, 0
41500, 486144, 1, 0, 0
42000, 518656, 1, 0, 0
42500, 505600, 1, 0, 0
43000, 511104, 1, 0, 0
43500, 544640, 1, 0, 0
44000, 578560, 1, 0, 0
44500, 585472, 1, 0, 0
45000, 595456, 1, 0, 0
45500, 660736, 1, 0, 0
46000, 707712, 1, 0, 0
46500, 717568, 1, 0, 0
47000, 798976, 1, 0, 0
47500, 845056, 1, 0, 0
48000, 953202, 1, 0, 0
48500, 1333888, 1, 0, 0
49000, 2700544, 1, 0, 0
49500, 286464, 1, 0, 0
50000, 256128, 1, 0, 0
50500, 264320, 1, 0, 0
51000, 272384, 1, 0, 0
51500, 286080, 1, 0, 0
52000, 315520, 1, 0, 0
52500, 298624, 1, 0, 0
53000, 315264, 1, 0, 0
53500, 327424, 1, 0, 0
54000, 332416, 1, 0, 0
54500, 323712, 1, 0, 0
55000, 344320, 1, 0, 0
55500, 342656, 1, 0, 0
56000, 332544, 1, 0, 0
56500, 339584, 1, 0, 0
57000, 362496, 1, 0, 0
57500, 358144, 1, 0, 0
58000, 368512, 1, 0, 0
58500, 376960, 1, 0, 0
59000, 381691, 1, 0, 0
59500, 400896, 1, 0, 0
60000, 407040, 1, 0, 0
