500, 596708, 1, 0, 0
1000, 596581, 1, 0, 0
1500, 596253, 1, 0, 0
2000, 597379, 1, 0, 0
2500, 597163, 1, 0, 0
3000, 597948, 1, 0, 0
3500, 596055, 1, 0, 0
4001, 1832255, 1, 0, 0
4504, 8369736, 1, 0, 0
5004, 8025793, 1, 0, 0
5503, 7495489, 1, 0, 0
6000, 7145772, 1, 0, 0
6503, 7056852, 1, 0, 0
7007, 6626859, 1, 0, 0
7504, 6410900, 1, 0, 0
8000, 6364219, 1, 0, 0
8500, 6209936, 1, 0, 0
9004, 6217328, 1, 0, 0
9500, 6099457, 1, 0, 0
10007, 6076656, 1, 0, 0
10501, 5841328, 1, 0, 0
11004, 5948124, 1, 0, 0
11500, 5694379, 1, 0, 0
12009, 5687044, 1, 0, 0
12500, 5713067, 1, 0, 0
13001, 5457132, 1, 0, 0
13501, 5476781, 1, 0, 0
14006, 5196883, 1, 0, 0
14506, 5269775, 1, 0, 0
15006, 5152458, 1, 0, 0
15505, 4974226, 1, 0, 0
16008, 4643490, 1, 0, 0
16500, 4750630, 1, 0, 0
17003, 4779791, 1, 0, 0
17501, 4454656, 1, 0, 0
18004, 4500343, 1, 0, 0
18500, 4231714, 1, 0, 0
19003, 4086253, 1, 0, 0
19500, 4145481, 1, 0, 0
20000, 4097340, 1, 0, 0
20504, 3910192, 1, 0, 0
21000, 3937406, 1, 0, 0
21502, 3398998, 1, 0, 0
22000, 3469301, 1, 0, 0
22500, 3268725, 1, 0, 0
23000, 3253182, 1, 0, 0
23500, 2971765, 1, 0, 0
24000, 2735657, 1, 0, 0
24500, 2460361, 1, 0, 0
25000, 2281081, 1, 0, 0
25500, 1933162, 1, 0, 0
26000, 1328154, 1, 0, 0
26501, 899247, 1, 0, 0
27000, 7990008, 1, 0, 0
27500, 7958702, 1, 0, 0
28007, 7856068, 1, 0, 0
28500, 7504113, 1, 0, 0
29006, 7186842, 1, 0, 0
29502, 6745822, 1, 0, 0
30000, 6537519, 1, 0, 0
30505, 6211569, 1, 0, 0
31000, 6155208, 1, 0, 0
31503, 6071554, 1, 0, 0
32000, 6257968, 1, 0, 0
32503, 6138313, 1, 0, 0
33008, 5991878, 1, 0, 0
33503, 5808365, 1, 0, 0
34006, 5722132, 1, 0, 0
34500, 5733801, 1, 0, 0
35000, 5608046, 1, 0, 0
35500, 5563872, 1, 0, 0
36000, 5281783, 1, 0, 0
36502, 5379965, 1, 0, 0
37000, 5276623, 1, 0, 0
37504, 5161319, 1, 0, 0
38005, 4870152, 1, 0, 0
38500, 4867775, 1, 0, 0
39000, 4738171, 1, 0, 0
39503, 4813900, 1, 0, 0
40005, 4523015, 1, 0, 0
40502, 4685883, 1, 0, 0
41006, 4262700, 1, 0, 0
41500, 4258765, 1, 0, 0
42000, 3950338, 1, 0, 0
42501, 4004905, 1, 0, 0
43005, 4004878, 1, 0, 0
43504, 3757439, 1, 0, 0
44007, 3565263, 1, 0, 0
44503, 3478165, 1, 0, 0
45000, 3474780, 1, 0, 0
45500, 3098571, 1, 0, 0
46000, 2880868, 1, 0, 0
46500, 2867031, 1, 0, 0
47000, 2542172, 1, 0, 0
47503, 2425711, 1, 0, 0
48000, 2162440, 1, 0, 0
48500, 1535154, 1, 0, 0
49008, 756298, 1, 0, 0
49504, 7110117, 1, 0, 0
50006, 7991973, 1, 0, 0
50504, 7740706, 1, 0, 0
51002, 7488293, 1, 0, 0
51500, 7117064, 1, 0, 0
52000, 6624078, 1, 0, 0
52501, 6750154, 1, 0, 0
53007, 6563513, 1, 0, 0
53505, 6217074, 1, 0, 0
54000, 6277307, 1, 0, 0
54500, 6195867, 1, 0, 0
55008, 6003017, 1, 0, 0
55504, 5933476, 1, 0, 0
56006, 6194037, 1, 0, 0
56502, 5968623, 1, 0, 0
57008, 5714953, 1, 0, 0
57500, 5758562, 1, 0, 0
58000, 5463606, 1, 0, 0
58500, 5435108, 1, 0, 0
59001, 5350052, 1, 0, 0
59503, 5127683, 1, 0, 0
60001, 5033604, 1, 0, 0
60003, 10773678, 1, 0, 0
