500, 2486, 1, 0, 0
1000, 2417, 1, 0, 0
1500, 2427, 1, 0, 0
2000, 2484, 1, 0, 0
2500, 2435, 1, 0, 0
3000, 2439, 1, 0, 0
3500, 2391, 1, 0, 0
4001, 2485, 1, 0, 0
4504, 2604, 1, 0, 0
5004, 2568, 1, 0, 0
5503, 2569, 1, 0, 0
6000, 2575, 1, 0, 0
6503, 2566, 1, 0, 0
7007, 2584, 1, 0, 0
7504, 2566, 1, 0, 0
8000, 2599, 1, 0, 0
8500, 2613, 1, 0, 0
9004, 2597, 1, 0, 0
9500, 2583, 1, 0, 0
10007, 2580, 1, 0, 0
10501, 2593, 1, 0, 0
11004, 2573, 1, 0, 0
11500, 2670, 1, 0, 0
12009, 2565, 1, 0, 0
12500, 3998, 1, 0, 0
13001, 2576, 1, 0, 0
13501, 2576, 1, 0, 0
14006, 2579, 1, 0, 0
14506, 2568, 1, 0, 0
15006, 2573, 1, 0, 0
15505, 2588, 1, 0, 0
16008, 2579, 1, 0, 0
16500, 2589, 1, 0, 0
17003, 2568, 1, 0, 0
17501, 2565, 1, 0, 0
18004, 2556, 1, 0, 0
18500, 2563, 1, 0, 0
19003, 2570, 1, 0, 0
19500, 2588, 1, 0, 0
20000, 2582, 1, 0, 0
20504, 2594, 1, 0, 0
21000, 2577, 1, 0, 0
21502, 2589, 1, 0, 0
22000, 2580, 1, 0, 0
22500, 2590, 1, 0, 0
23000, 2594, 1, 0, 0
23500, 2590, 1, 0, 0
24000, 2586, 1, 0, 0
24500, 2581, 1, 0, 0
25000, 2583, 1, 0, 0
25500, 2576, 1, 0, 0
26000, 2578, 1, 0, 0
26501, 2496, 1, 0, 0
27000, 2575, 1, 0, 0
27500, 2587, 1, 0, 0
28007, 2571, 1, 0, 0
28500, 2581, 1, 0, 0
29006, 2567, 1, 0, 0
29502, 2575, 1, 0, 0
30000, 2569, 1, 0, 0
30505, 2631, 1, 0, 0
31000, 2581, 1, 0, 0
31503, 2602, 1, 0, 0
32000, 2582, 1, 0, 0
32503, 2579, 1, 0, 0
33008, 2584, 1, 0, 0
33503, 2581, 1, 0, 0
34006, 2596, 1, 0, 0
34500, 2581, 1, 0, 0
35000, 2574, 1, 0, 0
35500, 2573, 1, 0, 0
36000, 2896, 1, 0, 0
36502, 2999, 1, 0, 0
37000, 2579, 1, 0, 0
37504, 2563, 1, 0, 0
38005, 2578, 1, 0, 0
38500, 2593, 1, 0, 0
39000, 2565, 1, 0, 0
39503, 2586, 1, 0, 0
40005, 2589, 1, 0, 0
40502, 2585, 1, 0, 0
41006, 2629, 1, 0, 0
41500, 2576, 1, 0, 0
42000, 2569, 1, 0, 0
42501, 2597, 1, 0, 0
43005, 2587, 1, 0, 0
43504, 2602, 1, 0, 0
44007, 2600, 1, 0, 0
44503, 2622, 1, 0, 0
45000, 2676, 1, 0, 0
45500, 2573, 1, 0, 0
46000, 2574, 1, 0, 0
46500, 2582, 1, 0, 0
47000, 2594, 1, 0, 0
47503, 2585, 1, 0, 0
48000, 2586, 1, 0, 0
48500, 2577, 1, 0, 0
49008, 2492, 1, 0, 0
49504, 2564, 1, 0, 0
50006, 2571, 1, 0, 0
50504, 2589, 1, 0, 0
51002, 2576, 1, 0, 0
51500, 2589, 1, 0, 0
52000, 2591, 1, 0, 0
52501, 2672, 1, 0, 0
53007, 2607, 1, 0, 0
53505, 2587, 1, 0, 0
54000, 2566, 1, 0, 0
54500, 2591, 1, 0, 0
55008, 2584, 1, 0, 0
55504, 2576, 1, 0, 0
56006, 2568, 1, 0, 0
56502, 2591, 1, 0, 0
57008, 2588, 1, 0, 0
57500, 2550, 1, 0, 0
58000, 2588, 1, 0, 0
58500, 2573, 1, 0, 0
59001, 2583, 1, 0, 0
59503, 2558, 1, 0, 0
60003, 2554, 1, 0, 0
