500, 594222, 1, 0, 0
1000, 594164, 1, 0, 0
1500, 593827, 1, 0, 0
2000, 594895, 1, 0, 0
2500, 594728, 1, 0, 0
3000, 595509, 1, 0, 0
3500, 593664, 1, 0, 0
4001, 1829770, 1, 0, 0
4504, 8367132, 1, 0, 0
5004, 8023223, 1, 0, 0
5503, 7492919, 1, 0, 0
6000, 7143198, 1, 0, 0
6503, 7054287, 1, 0, 0
7007, 6624276, 1, 0, 0
7504, 6408334, 1, 0, 0
8000, 6361620, 1, 0, 0
8500, 6207325, 1, 0, 0
9004, 6214731, 1, 0, 0
9500, 6096874, 1, 0, 0
10007, 6074077, 1, 0, 0
10501, 5838735, 1, 0, 0
11004, 5945551, 1, 0, 0
11500, 5691708, 1, 0, 0
12009, 5684479, 1, 0, 0
12500, 5709068, 1, 0, 0
13001, 5454557, 1, 0, 0
13501, 5474204, 1, 0, 0
14006, 5194304, 1, 0, 0
14506, 5267208, 1, 0, 0
15006, 5149886, 1, 0, 0
15505, 4971637, 1, 0, 0
16008, 4640912, 1, 0, 0
16500, 4748041, 1, 0, 0
17003, 4777222, 1, 0, 0
17501, 4452091, 1, 0, 0
18004, 4497788, 1, 0, 0
18500, 4229151, 1, 0, 0
19003, 4083683, 1, 0, 0
19500, 4142894, 1, 0, 0
20000, 4094758, 1, 0, 0
20504, 3907598, 1, 0, 0
21000, 3934829, 1, 0, 0
21502, 3396409, 1, 0, 0
22000, 3466721, 1, 0, 0
22500, 3266134, 1, 0, 0
23000, 3250588, 1, 0, 0
23500, 2969176, 1, 0, 0
24000, 2733070, 1, 0, 0
24500, 2457781, 1, 0, 0
25000, 2278498, 1, 0, 0
25500, 1930587, 1, 0, 0
26000, 1325576, 1, 0, 0
26501, 896750, 1, 0, 0
27000, 7987436, 1, 0, 0
27500, 7956116, 1, 0, 0
28007, 7853496, 1, 0, 0
28500, 7501533, 1, 0, 0
29006, 7184274, 1, 0, 0
29502, 6743250, 1, 0, 0
30000, 6534948, 1, 0, 0
30505, 6208938, 1, 0, 0
31000, 6152628, 1, 0, 0
31503, 6068952, 1, 0, 0
32000, 6255384, 1, 0, 0
32503, 6135735, 1, 0, 0
33008, 5989296, 1, 0, 0
33503, 5805783, 1, 0, 0
34006, 5719537, 1, 0, 0
34500, 5731218, 1, 0, 0
35000, 5605472, 1, 0, 0
35500, 5561299, 1, 0, 0
36000, 5278887, 1, 0, 0
36502, 5376967, 1, 0, 0
37000, 5274044, 1, 0, 0
37504, 5158756, 1, 0, 0
38005, 4867574, 1, 0, 0
38500, 4865182, 1, 0, 0
39000, 4735606, 1, 0, 0
39503, 4811313, 1, 0, 0
40005, 4520426, 1, 0, 0
40502, 4683300, 1, 0, 0
41006, 4260070, 1, 0, 0
41500, 4256190, 1, 0, 0
42000, 3947767, 1, 0, 0
42501, 4002310, 1, 0, 0
43005, 4002291, 1, 0, 0
43504, 3754837, 1, 0, 0
44007, 3562663, 1, 0, 0
44503, 3475544, 1, 0, 0
45000, 3472104, 1, 0, 0
45500, 3095998, 1, 0, 0
46000, 2878294, 1, 0, 0
46500, 2864449, 1, 0, 0
47000, 2539578, 1, 0, 0
47503, 2423127, 1, 0, 0
48000, 2159854, 1, 0, 0
48500, 1532577, 1, 0, 0
49008, 753806, 1, 0, 0
49504, 7107554, 1, 0, 0
50006, 7989402, 1, 0, 0
50504, 7738119, 1, 0, 0
51002, 7485714, 1, 0, 0
51500, 7114475, 1, 0, 0
52000, 6621486, 1, 0, 0
52501, 6747483, 1, 0, 0
53007, 6560906, 1, 0, 0
53505, 6214486, 1, 0, 0
54000, 6274740, 1, 0, 0
54500, 6193277, 1, 0, 0
55008, 6000433, 1, 0, 0
55504, 5930899, 1, 0, 0
56006, 6191470, 1, 0, 0
56502, 5966031, 1, 0, 0
57008, 5712364, 1, 0, 0
57500, 5756011, 1, 0, 0
58000, 5461018, 1, 0, 0
58500, 5432537, 1, 0, 0
59001, 5347468, 1, 0, 0
59503, 5125126, 1, 0, 0
60001, 5031051, 1, 0, 0
60003, 10771079, 1, 0, 0
