[64762.268135] KSC2026-MARK map64k_bs64k_r1 insmod 1791440524654412637
[64762.285621] NVMeVirt: Version 1.10 for >> Samsung 970 Pro SSD <<
[64762.285639] NVMeVirt: Storage: 0x300100000-0x600000000 (12287 MiB)
[64762.298899] NVMeVirt: Total Capacity(GiB,MiB)=3,3072 chs=2 luns=4 lines=384 blk-size(MiB,KiB)=2,2048 line-size(MiB,KiB)=8,8192
[64762.298904] NVMeVirt: KSC2026: mapping unit=65536 B, flash page=65536 B, oneshot page=65536 B, pgs_per_blk=32, blks_per_pl=384, write buffer=2097152 B
[64762.303154] NVMeVirt: [chmodel_init] bandwidth 800 max_credits 26 tx_time 152
[64762.305888] NVMeVirt: [chmodel_init] bandwidth 800 max_credits 26 tx_time 152
[64762.305899] NVMeVirt: [chmodel_init] bandwidth 3360 max_credits 110 tx_time 36
[64762.305960] NVMeVirt: pqueue: Copyright (c) 2014, Volkan Yazıcı <volkan.yazici@gmail.com>. All rights reserved.
[64762.305961] NVMeVirt: Init FTL instance with 2 channels (49152 pages)
[64762.308501] NVMeVirt: [chmodel_init] bandwidth 800 max_credits 26 tx_time 152
[64762.311013] NVMeVirt: [chmodel_init] bandwidth 800 max_credits 26 tx_time 152
[64762.311023] NVMeVirt: [chmodel_init] bandwidth 3360 max_credits 110 tx_time 36
[64762.311092] NVMeVirt: Init FTL instance with 2 channels (49152 pages)
[64762.313603] NVMeVirt: [chmodel_init] bandwidth 800 max_credits 26 tx_time 152
[64762.316096] NVMeVirt: [chmodel_init] bandwidth 800 max_credits 26 tx_time 152
[64762.316106] NVMeVirt: [chmodel_init] bandwidth 3360 max_credits 110 tx_time 36
[64762.316185] NVMeVirt: Init FTL instance with 2 channels (49152 pages)
[64762.318671] NVMeVirt: [chmodel_init] bandwidth 800 max_credits 26 tx_time 152
[64762.321141] NVMeVirt: [chmodel_init] bandwidth 800 max_credits 26 tx_time 152
[64762.321151] NVMeVirt: [chmodel_init] bandwidth 3360 max_credits 110 tx_time 36
[64762.321251] NVMeVirt: Init FTL instance with 2 channels (49152 pages)
[64762.321254] NVMeVirt: FTL physical space: 12883853312, logical space: 12040984403 (physical/logical * 100 = 107)
[64762.321255] NVMeVirt: KSC2026: WBUF_FIX=1 GC_STATS=1
[64762.321256] NVMeVirt: ns 0/1: size 11483 MiB
[64762.321284] PCI host bridge to bus 0001:10
[64762.321285] pci_bus 0001:10: root bus resource [io  0x0000-0xffff]
[64762.321287] pci_bus 0001:10: root bus resource [mem 0x00000000-0x3fffffffffff]
[64762.321288] pci_bus 0001:10: root bus resource [bus 00-ff]
[64762.321293] pci 0001:10:00.0: [0c51:0110] type 00 class 0x010802 PCIe Endpoint
[64762.321296] pci 0001:10:00.0: BAR 0 [mem 0x300000000-0x300003fff 64bit]
[64762.321297] pci 0001:10:00.0: enabling Extended Tags
[64762.321392] NVMeVirt: Virtual PCI bus created (node 0)
[64762.321596] NVMeVirt: nvmev_io_worker_0 started on cpu 4 (node 0)
[64762.321778] NVMeVirt: nvmev_io_worker_1 started on cpu 5 (node 0)
[64762.321792] NVMeVirt: nvmev_dispatcher started on cpu 3 (node 0)
[64762.321873] nvme nvme1: pci function 0001:10:00.0
[64762.324232] nvme nvme1: 1/0/0 default/read/poll queues
[64762.326880] NVMeVirt: Virtual NVMe device created
[64768.353854] KSC2026-MARK map64k_bs64k_r1 fio-start 1791440530753619750
[64772.227695] NVMeVirt: KSC2026: first GC part=0 victim line=217 vpc=112 ipc=16 free_lines=2 host_pgs=48640
[64772.248278] NVMeVirt: KSC2026: first GC part=3 victim line=328 vpc=112 ipc=16 free_lines=2 host_pgs=48640
[64772.248710] NVMeVirt: KSC2026: first GC part=1 victim line=267 vpc=112 ipc=16 free_lines=2 host_pgs=48640
[64772.300579] NVMeVirt: KSC2026: first GC part=2 victim line=117 vpc=110 ipc=18 free_lines=2 host_pgs=48640
[64829.391254] KSC2026-MARK map64k_bs64k_r1 fio-end
[64829.395240] KSC2026-MARK map64k_bs64k_r1 rmmod 1791440591796902638
[64829.458191] pci_bus 0001:10: busn_res: [bus 10-ff] is released
[64829.458251] NVMeVirt: KSC2026: stats part=0 host_pgs=154630 gc_pgs=404735 gc_cnt=3989 free_lines=2
[64829.458253] NVMeVirt: KSC2026: stats part=1 host_pgs=154960 gc_pgs=402100 gc_cnt=3971 free_lines=2
[64829.458253] NVMeVirt: KSC2026: stats part=2 host_pgs=154847 gc_pgs=404378 gc_cnt=3988 free_lines=2
[64829.458254] NVMeVirt: KSC2026: stats part=3 host_pgs=154884 gc_pgs=403579 gc_cnt=3982 free_lines=2
[64829.474517] NVMeVirt: Virtual NVMe device closed
