500, 61671, 1, 0, 0
1000, 61758, 1, 0, 0
1500, 61709, 1, 0, 0
2000, 61710, 1, 0, 0
2500, 61781, 1, 0, 0
3000, 61682, 1, 0, 0
3500, 61728, 1, 0, 0
4000, 61719, 1, 0, 0
4500, 61725, 1, 0, 0
5000, 61822, 1, 0, 0
5500, 61843, 1, 0, 0
6000, 59357, 1, 0, 0
6500, 254470, 1, 0, 0
7013, 984729, 1, 0, 0
7505, 1008659, 1, 0, 0
8000, 924696, 1, 0, 0
8507, 868546, 1, 0, 0
9000, 833414, 1, 0, 0
9505, 787119, 1, 0, 0
10006, 796197, 1, 0, 0
10510, 754567, 1, 0, 0
11002, 786287, 1, 0, 0
11513, 752579, 1, 0, 0
12000, 728961, 1, 0, 0
12503, 756497, 1, 0, 0
13000, 744104, 1, 0, 0
13509, 766160, 1, 0, 0
14003, 735441, 1, 0, 0
14510, 677662, 1, 0, 0
15001, 777545, 1, 0, 0
15509, 792395, 1, 0, 0
16011, 664166, 1, 0, 0
16507, 801345, 1, 0, 0
17006, 787580, 1, 0, 0
17511, 731643, 1, 0, 0
18011, 760511, 1, 0, 0
18500, 678130, 1, 0, 0
19010, 631227, 1, 0, 0
19510, 700913, 1, 0, 0
20004, 625762, 1, 0, 0
20004, 15578016, 1, 0, 0
