500, 62521, 1, 0, 0
1000, 62608, 1, 0, 0
1500, 62560, 1, 0, 0
2000, 62559, 1, 0, 0
2500, 62630, 1, 0, 0
3000, 62529, 1, 0, 0
3500, 62578, 1, 0, 0
4000, 62566, 1, 0, 0
4500, 62576, 1, 0, 0
5000, 62672, 1, 0, 0
5500, 62691, 1, 0, 0
6000, 60205, 1, 0, 0
6500, 255320, 1, 0, 0
7013, 985580, 1, 0, 0
7505, 1009509, 1, 0, 0
8000, 925550, 1, 0, 0
8507, 869401, 1, 0, 0
9000, 834278, 1, 0, 0
9505, 787967, 1, 0, 0
10006, 797049, 1, 0, 0
10510, 755417, 1, 0, 0
11002, 787137, 1, 0, 0
11513, 753429, 1, 0, 0
12000, 729814, 1, 0, 0
12503, 757372, 1, 0, 0
13000, 744947, 1, 0, 0
13509, 767005, 1, 0, 0
14003, 736286, 1, 0, 0
14510, 678511, 1, 0, 0
15001, 778403, 1, 0, 0
15509, 793258, 1, 0, 0
16011, 665030, 1, 0, 0
16507, 802192, 1, 0, 0
17006, 788425, 1, 0, 0
17511, 732499, 1, 0, 0
18011, 761358, 1, 0, 0
18500, 678975, 1, 0, 0
19010, 632072, 1, 0, 0
19510, 701759, 1, 0, 0
20004, 626608, 1, 0, 0
20004, 15578873, 1, 0, 0
