500, 850, 1, 0, 0
1000, 850, 1, 0, 0
1500, 851, 1, 0, 0
2000, 850, 1, 0, 0
2500, 849, 1, 0, 0
3000, 847, 1, 0, 0
3500, 850, 1, 0, 0
4000, 848, 1, 0, 0
4500, 851, 1, 0, 0
5000, 850, 1, 0, 0
5500, 848, 1, 0, 0
6000, 848, 1, 0, 0
6500, 850, 1, 0, 0
7013, 851, 1, 0, 0
7505, 850, 1, 0, 0
8000, 854, 1, 0, 0
8507, 854, 1, 0, 0
9000, 864, 1, 0, 0
9505, 849, 1, 0, 0
10006, 852, 1, 0, 0
10510, 850, 1, 0, 0
11002, 849, 1, 0, 0
11513, 850, 1, 0, 0
12000, 852, 1, 0, 0
12503, 875, 1, 0, 0
13000, 843, 1, 0, 0
13509, 845, 1, 0, 0
14003, 845, 1, 0, 0
14510, 849, 1, 0, 0
15001, 858, 1, 0, 0
15509, 861, 1, 0, 0
16011, 864, 1, 0, 0
16507, 846, 1, 0, 0
17006, 845, 1, 0, 0
17511, 856, 1, 0, 0
18011, 847, 1, 0, 0
18500, 846, 1, 0, 0
19010, 846, 1, 0, 0
19511, 846, 1, 0, 0
20004, 846, 1, 0, 0
