500, 510628, 1, 0, 0
1000, 509848, 1, 0, 0
1500, 510146, 1, 0, 0
2000, 510162, 1, 0, 0
2500, 509570, 1, 0, 0
3000, 510394, 1, 0, 0
3500, 510008, 1, 0, 0
4000, 510070, 1, 0, 0
4500, 510018, 1, 0, 0
5000, 509226, 1, 0, 0
5500, 509042, 1, 0, 0
6000, 530094, 1, 0, 0
6500, 124382, 1, 0, 0
7000, 32332, 1, 0, 0
7500, 31120, 1, 0, 0
8000, 35424, 1, 0, 0
8500, 35984, 1, 0, 0
9000, 39348, 1, 0, 0
9500, 39580, 1, 0, 0
10000, 40368, 1, 0, 0
10500, 42432, 1, 0, 0
11000, 40112, 1, 0, 0
11500, 43232, 1, 0, 0
12000, 43040, 1, 0, 0
12500, 42416, 1, 0, 0
13000, 42672, 1, 0, 0
13500, 42496, 1, 0, 0
14000, 42864, 1, 0, 0
14500, 47792, 1, 0, 0
15000, 40368, 1, 0, 0
15500, 40960, 1, 0, 0
16000, 48272, 1, 0, 0
16500, 39791, 1, 0, 0
17000, 40336, 1, 0, 0
17500, 44096, 1, 0, 0
18000, 42032, 1, 0, 0
18500, 46016, 1, 0, 0
19000, 51872, 1, 0, 0
19500, 45584, 1, 0, 0
20000, 50256, 1, 0, 0
