500, 69636, 1, 0, 0
1000, 69690, 1, 0, 0
1500, 69666, 1, 0, 0
2000, 69464, 1, 0, 0
2500, 68884, 1, 0, 0
3000, 69926, 1, 0, 0
3500, 69418, 1, 0, 0
4000, 69262, 1, 0, 0
4500, 69674, 1, 0, 0
5000, 69438, 1, 0, 0
5500, 69830, 1, 0, 0
6000, 18324, 1, 0, 0
6500, 4496, 1, 0, 0
7000, 4352, 1, 0, 0
7500, 4580, 1, 0, 0
8000, 4736, 1, 0, 0
8500, 5392, 1, 0, 0
9000, 4996, 1, 0, 0
9500, 5250, 1, 0, 0
10000, 5932, 1, 0, 0
10500, 5984, 1, 0, 0
11000, 6428, 1, 0, 0
11500, 6788, 1, 0, 0
12000, 5728, 1, 0, 0
12500, 5620, 1, 0, 0
13000, 6992, 1, 0, 0
13500, 6196, 1, 0, 0
14000, 6312, 1, 0, 0
14500, 6292, 1, 0, 0
15000, 6504, 1, 0, 0
15500, 6768, 1, 0, 0
16000, 6392, 1, 0, 0
16500, 6228, 1, 0, 0
17000, 6956, 1, 0, 0
17500, 6438, 1, 0, 0
18000, 6130, 1, 0, 0
18500, 6628, 1, 0, 0
19000, 7140, 1, 0, 0
19500, 5372, 1, 0, 0
20000, 6900, 1, 0, 0
20500, 5428, 1, 0, 0
21000, 7292, 1, 0, 0
21500, 7996, 1, 0, 0
22000, 5324, 1, 0, 0
22500, 5956, 1, 0, 0
23000, 6204, 1, 0, 0
23500, 7544, 1, 0, 0
24000, 6156, 1, 0, 0
24500, 7084, 1, 0, 0
25000, 8112, 1, 0, 0
25500, 6372, 1, 0, 0
26000, 6140, 1, 0, 0
26500, 8060, 1, 0, 0
27000, 8004, 1, 0, 0
27500, 6804, 1, 0, 0
28000, 8616, 1, 0, 0
28500, 8512, 1, 0, 0
29001, 8418, 1, 0, 0
29500, 7717, 1, 0, 0
30000, 8792, 1, 0, 0
30500, 8720, 1, 0, 0
31000, 6572, 1, 0, 0
31500, 7868, 1, 0, 0
32000, 8152, 1, 0, 0
32500, 8504, 1, 0, 0
33000, 6836, 1, 0, 0
33500, 10992, 1, 0, 0
34000, 10088, 1, 0, 0
34500, 9948, 1, 0, 0
35000, 8232, 1, 0, 0
35500, 8912, 1, 0, 0
36000, 8284, 1, 0, 0
36500, 8000, 1, 0, 0
37000, 10464, 1, 0, 0
37500, 11472, 1, 0, 0
38000, 10752, 1, 0, 0
38500, 10088, 1, 0, 0
39000, 10108, 1, 0, 0
39500, 11140, 1, 0, 0
40000, 10656, 1, 0, 0
40500, 12992, 1, 0, 0
41000, 11360, 1, 0, 0
41500, 15484, 1, 0, 0
42000, 13164, 1, 0, 0
42500, 15120, 1, 0, 0
43000, 15592, 1, 0, 0
43500, 16992, 1, 0, 0
44000, 20476, 1, 0, 0
44500, 29148, 1, 0, 0
45000, 46637, 1, 0, 0
45500, 38744, 1, 0, 0
46000, 4076, 1, 0, 0
46500, 4420, 1, 0, 0
47000, 4660, 1, 0, 0
47500, 4732, 1, 0, 0
48000, 5204, 1, 0, 0
48500, 5124, 1, 0, 0
49000, 5736, 1, 0, 0
49500, 5516, 1, 0, 0
50000, 5884, 1, 0, 0
50500, 6168, 1, 0, 0
51000, 6544, 1, 0, 0
51500, 6228, 1, 0, 0
52000, 6400, 1, 0, 0
52500, 6052, 1, 0, 0
53000, 5960, 1, 0, 0
53500, 6656, 1, 0, 0
54000, 5888, 1, 0, 0
54500, 6256, 1, 0, 0
55001, 6208, 1, 0, 0
55500, 6509, 1, 0, 0
56000, 6800, 1, 0, 0
56500, 6764, 1, 0, 0
57000, 6136, 1, 0, 0
57500, 6296, 1, 0, 0
58000, 6080, 1, 0, 0
58500, 6584, 1, 0, 0
59000, 6764, 1, 0, 0
59500, 6852, 1, 0, 0
