500, 459343, 1, 0, 0
1000, 459002, 1, 0, 0
1500, 459113, 1, 0, 0
2000, 460482, 1, 0, 0
2500, 464409, 1, 0, 0
3000, 457325, 1, 0, 0
3500, 460863, 1, 0, 0
4000, 461805, 1, 0, 0
4500, 459022, 1, 0, 0
5000, 460596, 1, 0, 0
5500, 458167, 1, 0, 0
6000, 1677753, 1, 0, 0
6512, 7276480, 1, 0, 0
7002, 7211352, 1, 0, 0
7510, 7104115, 1, 0, 0
8001, 6621607, 1, 0, 0
8513, 6076625, 1, 0, 0
9016, 6452026, 1, 0, 0
9502, 5933524, 1, 0, 0
10008, 5461273, 1, 0, 0
10512, 5386007, 1, 0, 0
11000, 4883496, 1, 0, 0
11504, 4737643, 1, 0, 0
12012, 5675653, 1, 0, 0
12500, 5558408, 1, 0, 0
13002, 4588294, 1, 0, 0
13516, 5305666, 1, 0, 0
14003, 4952761, 1, 0, 0
14508, 5123050, 1, 0, 0
15014, 4984964, 1, 0, 0
15502, 4609588, 1, 0, 0
16004, 5028610, 1, 0, 0
16500, 5106846, 1, 0, 0
17003, 4622526, 1, 0, 0
17500, 5105240, 1, 0, 0
18003, 5072934, 1, 0, 0
18511, 4901113, 1, 0, 0
19009, 4470075, 1, 0, 0
19503, 5890884, 1, 0, 0
20001, 4617616, 1, 0, 0
20509, 6000338, 1, 0, 0
21009, 4380573, 1, 0, 0
21514, 4038878, 1, 0, 0
22005, 5904518, 1, 0, 0
22501, 5337755, 1, 0, 0
23001, 5146968, 1, 0, 0
23513, 4341765, 1, 0, 0
24007, 5147367, 1, 0, 0
24510, 4547096, 1, 0, 0
25006, 3902299, 1, 0, 0
25500, 5149938, 1, 0, 0
26007, 5097875, 1, 0, 0
26515, 4031467, 1, 0, 0
27005, 3912120, 1, 0, 0
27500, 4811333, 1, 0, 0
28008, 3655376, 1, 0, 0
28513, 3797648, 1, 0, 0
29000, 3852282, 1, 0, 0
29509, 4079020, 1, 0, 0
30013, 3656628, 1, 0, 0
30512, 3669343, 1, 0, 0
31006, 4812540, 1, 0, 0
31508, 4076989, 1, 0, 0
32011, 3953346, 1, 0, 0
32505, 3710050, 1, 0, 0
33003, 4673491, 1, 0, 0
33511, 2956106, 1, 0, 0
34007, 3141663, 1, 0, 0
34500, 3264503, 1, 0, 0
35002, 3797470, 1, 0, 0
35507, 3631730, 1, 0, 0
36005, 3847389, 1, 0, 0
36511, 4045292, 1, 0, 0
37006, 3025231, 1, 0, 0
37505, 2789867, 1, 0, 0
38009, 2995969, 1, 0, 0
38501, 3124084, 1, 0, 0
39000, 3267895, 1, 0, 0
39500, 2874410, 1, 0, 0
40003, 2925545, 1, 0, 0
40506, 2477105, 1, 0, 0
41011, 2846583, 1, 0, 0
41502, 2028185, 1, 0, 0
42009, 2467004, 1, 0, 0
42500, 2124570, 1, 0, 0
43009, 2050907, 1, 0, 0
43507, 1876238, 1, 0, 0
44005, 1560816, 1, 0, 0
44500, 1093067, 1, 0, 0
45000, 693914, 1, 0, 0
45500, 797897, 1, 0, 0
46007, 7962366, 1, 0, 0
46500, 7378932, 1, 0, 0
47010, 6777409, 1, 0, 0
47500, 6630326, 1, 0, 0
48011, 6294158, 1, 0, 0
48501, 6103533, 1, 0, 0
49010, 5682239, 1, 0, 0
49515, 5862570, 1, 0, 0
50004, 5316192, 1, 0, 0
50508, 5228424, 1, 0, 0
51013, 4940351, 1, 0, 0
51512, 5133690, 1, 0, 0
52008, 4958198, 1, 0, 0
52504, 5244803, 1, 0, 0
53013, 5462372, 1, 0, 0
53503, 4708085, 1, 0, 0
54001, 5419863, 1, 0, 0
54503, 5132734, 1, 0, 0
55003, 5152769, 1, 0, 0
55503, 4927103, 1, 0, 0
56006, 4734266, 1, 0, 0
56508, 4748851, 1, 0, 0
57000, 5166287, 1, 0, 0
57507, 5123339, 1, 0, 0
58013, 5329016, 1, 0, 0
58507, 4805158, 1, 0, 0
59000, 4856034, 1, 0, 0
59515, 4611975, 1, 0, 0
60000, 4443261, 1, 0, 0
60000, 706508, 1, 0, 0
