500, 457707, 1, 0, 0
1000, 457367, 1, 0, 0
1500, 457472, 1, 0, 0
2000, 458843, 1, 0, 0
2500, 462773, 1, 0, 0
3000, 455692, 1, 0, 0
3500, 459234, 1, 0, 0
4000, 460174, 1, 0, 0
4500, 457391, 1, 0, 0
5000, 458965, 1, 0, 0
5500, 456537, 1, 0, 0
6000, 1676113, 1, 0, 0
6512, 7274837, 1, 0, 0
7002, 7209704, 1, 0, 0
7510, 7102465, 1, 0, 0
8001, 6619956, 1, 0, 0
8513, 6074974, 1, 0, 0
9016, 6450370, 1, 0, 0
9502, 5931872, 1, 0, 0
10008, 5459631, 1, 0, 0
10512, 5384366, 1, 0, 0
11000, 4881838, 1, 0, 0
11504, 4736001, 1, 0, 0
12012, 5674007, 1, 0, 0
12500, 5556768, 1, 0, 0
13002, 4586654, 1, 0, 0
13516, 5304036, 1, 0, 0
14003, 4951115, 1, 0, 0
14508, 5121405, 1, 0, 0
15014, 4983327, 1, 0, 0
15502, 4607955, 1, 0, 0
16004, 5026968, 1, 0, 0
16500, 5105197, 1, 0, 0
17003, 4620884, 1, 0, 0
17500, 5103591, 1, 0, 0
18003, 5071288, 1, 0, 0
18511, 4899466, 1, 0, 0
19009, 4468434, 1, 0, 0
19503, 5889235, 1, 0, 0
20001, 4615953, 1, 0, 0
20509, 5998682, 1, 0, 0
21009, 4378911, 1, 0, 0
21514, 4037230, 1, 0, 0
22005, 5902858, 1, 0, 0
22501, 5336104, 1, 0, 0
23001, 5145312, 1, 0, 0
23513, 4340102, 1, 0, 0
24007, 5145712, 1, 0, 0
24510, 4545444, 1, 0, 0
25006, 3900647, 1, 0, 0
25500, 5148288, 1, 0, 0
26007, 5096222, 1, 0, 0
26515, 4029822, 1, 0, 0
27005, 3910471, 1, 0, 0
27500, 4809692, 1, 0, 0
28008, 3653735, 1, 0, 0
28513, 3796007, 1, 0, 0
29000, 3850645, 1, 0, 0
29509, 4077373, 1, 0, 0
30013, 3654981, 1, 0, 0
30512, 3667697, 1, 0, 0
31006, 4810888, 1, 0, 0
31508, 4075327, 1, 0, 0
32011, 3951701, 1, 0, 0
32505, 3708397, 1, 0, 0
33003, 4671839, 1, 0, 0
33511, 2954453, 1, 0, 0
34007, 3140013, 1, 0, 0
34500, 3262857, 1, 0, 0
35002, 3795831, 1, 0, 0
35507, 3630092, 1, 0, 0
36005, 3845749, 1, 0, 0
36511, 4043641, 1, 0, 0
37006, 3023580, 1, 0, 0
37505, 2788221, 1, 0, 0
38009, 2994318, 1, 0, 0
38501, 3122438, 1, 0, 0
39000, 3266241, 1, 0, 0
39500, 2872762, 1, 0, 0
40003, 2923894, 1, 0, 0
40506, 2475456, 1, 0, 0
41011, 2844930, 1, 0, 0
41502, 2026536, 1, 0, 0
42009, 2465356, 1, 0, 0
42500, 2122921, 1, 0, 0
43009, 2049253, 1, 0, 0
43507, 1874592, 1, 0, 0
44005, 1559171, 1, 0, 0
44500, 1091323, 1, 0, 0
45000, 692166, 1, 0, 0
45500, 796247, 1, 0, 0
46007, 7960713, 1, 0, 0
46500, 7377276, 1, 0, 0
47010, 6775738, 1, 0, 0
47500, 6628670, 1, 0, 0
48011, 6292504, 1, 0, 0
48501, 6101881, 1, 0, 0
49010, 5680584, 1, 0, 0
49515, 5860916, 1, 0, 0
50004, 5314542, 1, 0, 0
50508, 5226781, 1, 0, 0
51013, 4938698, 1, 0, 0
51512, 5132034, 1, 0, 0
52008, 4956471, 1, 0, 0
52504, 5240680, 1, 0, 0
53013, 5460630, 1, 0, 0
53503, 4706397, 1, 0, 0
54001, 5418160, 1, 0, 0
54503, 5130981, 1, 0, 0
55003, 5150926, 1, 0, 0
55503, 4925392, 1, 0, 0
56006, 4732540, 1, 0, 0
56508, 4745981, 1, 0, 0
57000, 5164524, 1, 0, 0
57507, 5121616, 1, 0, 0
58013, 5326994, 1, 0, 0
58507, 4803434, 1, 0, 0
59000, 4854355, 1, 0, 0
59515, 4610317, 1, 0, 0
60000, 4441488, 1, 0, 0
60000, 704784, 1, 0, 0
