500, 2228352, 1, 0, 0
1000, 2230080, 1, 0, 0
1500, 2229312, 1, 0, 0
2000, 2222848, 1, 0, 0
2500, 2204288, 1, 0, 0
3000, 2237632, 1, 0, 0
3500, 2221376, 1, 0, 0
4000, 2216384, 1, 0, 0
4500, 2229568, 1, 0, 0
5000, 2222016, 1, 0, 0
5500, 2234560, 1, 0, 0
6000, 586368, 1, 0, 0
6500, 143872, 1, 0, 0
7000, 139264, 1, 0, 0
7500, 146560, 1, 0, 0
8000, 151552, 1, 0, 0
8500, 172544, 1, 0, 0
9000, 159872, 1, 0, 0
9500, 168016, 1, 0, 0
10000, 189824, 1, 0, 0
10500, 191488, 1, 0, 0
11000, 205696, 1, 0, 0
11500, 217216, 1, 0, 0
12000, 183296, 1, 0, 0
12500, 179840, 1, 0, 0
13000, 223744, 1, 0, 0
13500, 198272, 1, 0, 0
14000, 201984, 1, 0, 0
14500, 201344, 1, 0, 0
15000, 208128, 1, 0, 0
15500, 216576, 1, 0, 0
16000, 204544, 1, 0, 0
16500, 199296, 1, 0, 0
17000, 222592, 1, 0, 0
17500, 206016, 1, 0, 0
18000, 196160, 1, 0, 0
18500, 212096, 1, 0, 0
19000, 228480, 1, 0, 0
19500, 171904, 1, 0, 0
20000, 220800, 1, 0, 0
20500, 173696, 1, 0, 0
21000, 233344, 1, 0, 0
21500, 255872, 1, 0, 0
22000, 170368, 1, 0, 0
22500, 190592, 1, 0, 0
23000, 198528, 1, 0, 0
23500, 241408, 1, 0, 0
24000, 196992, 1, 0, 0
24500, 226688, 1, 0, 0
25000, 259584, 1, 0, 0
25500, 203904, 1, 0, 0
26000, 196480, 1, 0, 0
26500, 257920, 1, 0, 0
27000, 256128, 1, 0, 0
27500, 217728, 1, 0, 0
28000, 275712, 1, 0, 0
28500, 272384, 1, 0, 0
29001, 269376, 1, 0, 0
29500, 246957, 1, 0, 0
30000, 281344, 1, 0, 0
30500, 279040, 1, 0, 0
31000, 210304, 1, 0, 0
31500, 251776, 1, 0, 0
32000, 260864, 1, 0, 0
32500, 272128, 1, 0, 0
33000, 218752, 1, 0, 0
33500, 351744, 1, 0, 0
34000, 322816, 1, 0, 0
34500, 318336, 1, 0, 0
35000, 263424, 1, 0, 0
35500, 285184, 1, 0, 0
36000, 265088, 1, 0, 0
36500, 256000, 1, 0, 0
37000, 334848, 1, 0, 0
37500, 367104, 1, 0, 0
38000, 344064, 1, 0, 0
38500, 322816, 1, 0, 0
39000, 323456, 1, 0, 0
39500, 356480, 1, 0, 0
40000, 340992, 1, 0, 0
40500, 415744, 1, 0, 0
41000, 363520, 1, 0, 0
41500, 495488, 1, 0, 0
42000, 421248, 1, 0, 0
42500, 483840, 1, 0, 0
43000, 498944, 1, 0, 0
43500, 543744, 1, 0, 0
44000, 655232, 1, 0, 0
44500, 932736, 1, 0, 0
45000, 1492392, 1, 0, 0
45500, 1239808, 1, 0, 0
46000, 130432, 1, 0, 0
46500, 141440, 1, 0, 0
47000, 149120, 1, 0, 0
47500, 151424, 1, 0, 0
48000, 166528, 1, 0, 0
48500, 163968, 1, 0, 0
49000, 183552, 1, 0, 0
49500, 176512, 1, 0, 0
50000, 188288, 1, 0, 0
50500, 197376, 1, 0, 0
51000, 209408, 1, 0, 0
51500, 199296, 1, 0, 0
52000, 204800, 1, 0, 0
52500, 193664, 1, 0, 0
53000, 190720, 1, 0, 0
53500, 212992, 1, 0, 0
54000, 188416, 1, 0, 0
54500, 200192, 1, 0, 0
55001, 198656, 1, 0, 0
55500, 208288, 1, 0, 0
56000, 217600, 1, 0, 0
56500, 216448, 1, 0, 0
57000, 196352, 1, 0, 0
57500, 201472, 1, 0, 0
58000, 194560, 1, 0, 0
58500, 210688, 1, 0, 0
59000, 216448, 1, 0, 0
59500, 219264, 1, 0, 0
