500, 1636, 1, 0, 0
1000, 1635, 1, 0, 0
1500, 1640, 1, 0, 0
2000, 1639, 1, 0, 0
2500, 1636, 1, 0, 0
3000, 1633, 1, 0, 0
3500, 1630, 1, 0, 0
4000, 1631, 1, 0, 0
4500, 1631, 1, 0, 0
5000, 1631, 1, 0, 0
5500, 1630, 1, 0, 0
6000, 1640, 1, 0, 0
6512, 1644, 1, 0, 0
7002, 1647, 1, 0, 0
7510, 1650, 1, 0, 0
8001, 1651, 1, 0, 0
8513, 1652, 1, 0, 0
9016, 1655, 1, 0, 0
9502, 1652, 1, 0, 0
10008, 1642, 1, 0, 0
10512, 1641, 1, 0, 0
11000, 1658, 1, 0, 0
11504, 1643, 1, 0, 0
12012, 1646, 1, 0, 0
12500, 1639, 1, 0, 0
13002, 1640, 1, 0, 0
13516, 1630, 1, 0, 0
14003, 1647, 1, 0, 0
14508, 1645, 1, 0, 0
15014, 1637, 1, 0, 0
15502, 1632, 1, 0, 0
16004, 1643, 1, 0, 0
16500, 1649, 1, 0, 0
17003, 1642, 1, 0, 0
17500, 1649, 1, 0, 0
18003, 1646, 1, 0, 0
18511, 1647, 1, 0, 0
19009, 1641, 1, 0, 0
19503, 1649, 1, 0, 0
20001, 1662, 1, 0, 0
20509, 1655, 1, 0, 0
21009, 1662, 1, 0, 0
21514, 1649, 1, 0, 0
22005, 1660, 1, 0, 0
22501, 1651, 1, 0, 0
23001, 1656, 1, 0, 0
23513, 1663, 1, 0, 0
24007, 1655, 1, 0, 0
24510, 1651, 1, 0, 0
25006, 1652, 1, 0, 0
25500, 1651, 1, 0, 0
26007, 1653, 1, 0, 0
26515, 1645, 1, 0, 0
27005, 1648, 1, 0, 0
27500, 1641, 1, 0, 0
28008, 1642, 1, 0, 0
28513, 1641, 1, 0, 0
29000, 1638, 1, 0, 0
29509, 1646, 1, 0, 0
30013, 1647, 1, 0, 0
30512, 1647, 1, 0, 0
31006, 1653, 1, 0, 0
31508, 1662, 1, 0, 0
32011, 1644, 1, 0, 0
32505, 1654, 1, 0, 0
33003, 1652, 1, 0, 0
33511, 1652, 1, 0, 0
34007, 1650, 1, 0, 0
34500, 1646, 1, 0, 0
35002, 1639, 1, 0, 0
35507, 1638, 1, 0, 0
36005, 1640, 1, 0, 0
36511, 1658, 1, 0, 0
37006, 1647, 1, 0, 0
37505, 1646, 1, 0, 0
38009, 1652, 1, 0, 0
38501, 1646, 1, 0, 0
39000, 1655, 1, 0, 0
39500, 1647, 1, 0, 0
40003, 1650, 1, 0, 0
40506, 1649, 1, 0, 0
41011, 1653, 1, 0, 0
41502, 1649, 1, 0, 0
42009, 1648, 1, 0, 0
42500, 1649, 1, 0, 0
43009, 1654, 1, 0, 0
43507, 1646, 1, 0, 0
44005, 1645, 1, 0, 0
44500, 1744, 1, 0, 0
45000, 1748, 1, 0, 0
45500, 1650, 1, 0, 0
46007, 1654, 1, 0, 0
46500, 1655, 1, 0, 0
47010, 1672, 1, 0, 0
47500, 1655, 1, 0, 0
48011, 1654, 1, 0, 0
48501, 1652, 1, 0, 0
49010, 1655, 1, 0, 0
49515, 1653, 1, 0, 0
50004, 1649, 1, 0, 0
50508, 1643, 1, 0, 0
51013, 1652, 1, 0, 0
51512, 1658, 1, 0, 0
52008, 1728, 1, 0, 0
52504, 4122, 1, 0, 0
53013, 1742, 1, 0, 0
53503, 1688, 1, 0, 0
54001, 1703, 1, 0, 0
54503, 1754, 1, 0, 0
55003, 1849, 1, 0, 0
55503, 1705, 1, 0, 0
56006, 1729, 1, 0, 0
56508, 2867, 1, 0, 0
57000, 1764, 1, 0, 0
57507, 1722, 1, 0, 0
58013, 2023, 1, 0, 0
58507, 1723, 1, 0, 0
59000, 1680, 1, 0, 0
59515, 1659, 1, 0, 0
60000, 1774, 1, 0, 0
