500, 445582, 1, 0, 0
1000, 445955, 1, 0, 0
1500, 445955, 1, 0, 0
2000, 445958, 1, 0, 0
2500, 445962, 1, 0, 0
3000, 445963, 1, 0, 0
3500, 445954, 1, 0, 0
4000, 445958, 1, 0, 0
4500, 445961, 1, 0, 0
5000, 445960, 1, 0, 0
5500, 446419, 1, 0, 0
6000, 445906, 1, 0, 0
6500, 445905, 1, 0, 0
7000, 445914, 1, 0, 0
7500, 445907, 1, 0, 0
8000, 445898, 1, 0, 0
8500, 445904, 1, 0, 0
9000, 445899, 1, 0, 0
9500, 445897, 1, 0, 0
10000, 445903, 1, 0, 0
10500, 447422, 1, 0, 0
11000, 445908, 1, 0, 0
11500, 445889, 1, 0, 0
12000, 445913, 1, 0, 0
12500, 445917, 1, 0, 0
13000, 445914, 1, 0, 0
13500, 445895, 1, 0, 0
14000, 445870, 1, 0, 0
14500, 445914, 1, 0, 0
15000, 445912, 1, 0, 0
15500, 447425, 1, 0, 0
16000, 445899, 1, 0, 0
16500, 445903, 1, 0, 0
17000, 445905, 1, 0, 0
17500, 445908, 1, 0, 0
18000, 445906, 1, 0, 0
18500, 445910, 1, 0, 0
19000, 445908, 1, 0, 0
19500, 445909, 1, 0, 0
20000, 445907, 1, 0, 0
20500, 445908, 1, 0, 0
21000, 447359, 1, 0, 0
21500, 445912, 1, 0, 0
22000, 445920, 1, 0, 0
22500, 445913, 1, 0, 0
23000, 445917, 1, 0, 0
23500, 445919, 1, 0, 0
24000, 445923, 1, 0, 0
24500, 445915, 1, 0, 0
25000, 445907, 1, 0, 0
25500, 445906, 1, 0, 0
26000, 447338, 1, 0, 0
26500, 445926, 1, 0, 0
27000, 445930, 1, 0, 0
27500, 445921, 1, 0, 0
28000, 445911, 1, 0, 0
28500, 445912, 1, 0, 0
29000, 445928, 1, 0, 0
29500, 445927, 1, 0, 0
30000, 445930, 1, 0, 0
30500, 445922, 1, 0, 0
31000, 447513, 1, 0, 0
31500, 445911, 1, 0, 0
32000, 445908, 1, 0, 0
32500, 445913, 1, 0, 0
33000, 445912, 1, 0, 0
33500, 445921, 1, 0, 0
34000, 445936, 1, 0, 0
34500, 445928, 1, 0, 0
35000, 445918, 1, 0, 0
35500, 445923, 1, 0, 0
36000, 445927, 1, 0, 0
36500, 447492, 1, 0, 0
37000, 445915, 1, 0, 0
37500, 445915, 1, 0, 0
38000, 445931, 1, 0, 0
38500, 445926, 1, 0, 0
39000, 445927, 1, 0, 0
39500, 445923, 1, 0, 0
40000, 445914, 1, 0, 0
40500, 445917, 1, 0, 0
41000, 445930, 1, 0, 0
41500, 447415, 1, 0, 0
42000, 445910, 1, 0, 0
42500, 445920, 1, 0, 0
43000, 445916, 1, 0, 0
43500, 445917, 1, 0, 0
44000, 445924, 1, 0, 0
44500, 445921, 1, 0, 0
45000, 445911, 1, 0, 0
45500, 445923, 1, 0, 0
46000, 445915, 1, 0, 0
46500, 447335, 1, 0, 0
47000, 445897, 1, 0, 0
47500, 445918, 1, 0, 0
48000, 445921, 1, 0, 0
48500, 445904, 1, 0, 0
49000, 445919, 1, 0, 0
49500, 445924, 1, 0, 0
50000, 445924, 1, 0, 0
50500, 445908, 1, 0, 0
51000, 445915, 1, 0, 0
51500, 447500, 1, 0, 0
52000, 445913, 1, 0, 0
52500, 445916, 1, 0, 0
53000, 445921, 1, 0, 0
53500, 445904, 1, 0, 0
54000, 445917, 1, 0, 0
54500, 445919, 1, 0, 0
55000, 445919, 1, 0, 0
55500, 445922, 1, 0, 0
56000, 445915, 1, 0, 0
56500, 445914, 1, 0, 0
57000, 447481, 1, 0, 0
57500, 445911, 1, 0, 0
58000, 445913, 1, 0, 0
58500, 445912, 1, 0, 0
59000, 445914, 1, 0, 0
59500, 445900, 1, 0, 0
60000, 445921, 1, 0, 0
60000, 672392, 1, 0, 0
