500, 223587, 1, 0, 0
1000, 223725, 1, 0, 0
1500, 223726, 1, 0, 0
2000, 223726, 1, 0, 0
2500, 223726, 1, 0, 0
3000, 223726, 1, 0, 0
3500, 223726, 1, 0, 0
4000, 223726, 1, 0, 0
4500, 223725, 1, 0, 0
5000, 223725, 1, 0, 0
5500, 224069, 1, 0, 0
6000, 223718, 1, 0, 0
6500, 223718, 1, 0, 0
7000, 223719, 1, 0, 0
7500, 223718, 1, 0, 0
8000, 223718, 1, 0, 0
8500, 223719, 1, 0, 0
9000, 223719, 1, 0, 0
9500, 223719, 1, 0, 0
10000, 223719, 1, 0, 0
10500, 224439, 1, 0, 0
11000, 223706, 1, 0, 0
11500, 223708, 1, 0, 0
12000, 223707, 1, 0, 0
12500, 223707, 1, 0, 0
13000, 223707, 1, 0, 0
13500, 223707, 1, 0, 0
14000, 223706, 1, 0, 0
14500, 223707, 1, 0, 0
15000, 223706, 1, 0, 0
15000, 319027, 1, 0, 0
