500, 447272, 1, 0, 0
1000, 447882, 1, 0, 0
1500, 447616, 1, 0, 0
2000, 447637, 1, 0, 0
2500, 447617, 1, 0, 0
3000, 447618, 1, 0, 0
3500, 447616, 1, 0, 0
4000, 447618, 1, 0, 0
4500, 447618, 1, 0, 0
5000, 447618, 1, 0, 0
5500, 448011, 1, 0, 0
6000, 447614, 1, 0, 0
6500, 447615, 1, 0, 0
7000, 447615, 1, 0, 0
7500, 447616, 1, 0, 0
8000, 447616, 1, 0, 0
8500, 447616, 1, 0, 0
9000, 447617, 1, 0, 0
9500, 447615, 1, 0, 0
10000, 447614, 1, 0, 0
10500, 447963, 1, 0, 0
11000, 447617, 1, 0, 0
11500, 447617, 1, 0, 0
12000, 447618, 1, 0, 0
12500, 447618, 1, 0, 0
13000, 449350, 1, 0, 0
13500, 447620, 1, 0, 0
14000, 447619, 1, 0, 0
14500, 447619, 1, 0, 0
15000, 447620, 1, 0, 0
15500, 447936, 1, 0, 0
16000, 447617, 1, 0, 0
16500, 447617, 1, 0, 0
17000, 448124, 1, 0, 0
17500, 447616, 1, 0, 0
18000, 447615, 1, 0, 0
18500, 447615, 1, 0, 0
19000, 447614, 1, 0, 0
19500, 447616, 1, 0, 0
20000, 447617, 1, 0, 0
20500, 447616, 1, 0, 0
21000, 447980, 1, 0, 0
21500, 447616, 1, 0, 0
22000, 447613, 1, 0, 0
22500, 447613, 1, 0, 0
23000, 447615, 1, 0, 0
23500, 447614, 1, 0, 0
24000, 447614, 1, 0, 0
24500, 447614, 1, 0, 0
25000, 447614, 1, 0, 0
25500, 447614, 1, 0, 0
26000, 448063, 1, 0, 0
26500, 447618, 1, 0, 0
27000, 447619, 1, 0, 0
27500, 447619, 1, 0, 0
28000, 447620, 1, 0, 0
28500, 447620, 1, 0, 0
29000, 447620, 1, 0, 0
29500, 447620, 1, 0, 0
30000, 447620, 1, 0, 0
30500, 447620, 1, 0, 0
31000, 448320, 1, 0, 0
31500, 447613, 1, 0, 0
32000, 448026, 1, 0, 0
32500, 447614, 1, 0, 0
33000, 447615, 1, 0, 0
33500, 447612, 1, 0, 0
34000, 447614, 1, 0, 0
34500, 447614, 1, 0, 0
35000, 447614, 1, 0, 0
35500, 447613, 1, 0, 0
36000, 447610, 1, 0, 0
36500, 447963, 1, 0, 0
37000, 447615, 1, 0, 0
37500, 447616, 1, 0, 0
38000, 447616, 1, 0, 0
38500, 447616, 1, 0, 0
39000, 447616, 1, 0, 0
39500, 447616, 1, 0, 0
40000, 447616, 1, 0, 0
40500, 447615, 1, 0, 0
41000, 447614, 1, 0, 0
41500, 448056, 1, 0, 0
42000, 447617, 1, 0, 0
42500, 447617, 1, 0, 0
43000, 447616, 1, 0, 0
43500, 447617, 1, 0, 0
44000, 447617, 1, 0, 0
44500, 447616, 1, 0, 0
45000, 447617, 1, 0, 0
45500, 447616, 1, 0, 0
46000, 447616, 1, 0, 0
46500, 448021, 1, 0, 0
47000, 447617, 1, 0, 0
47500, 447617, 1, 0, 0
48000, 447618, 1, 0, 0
48500, 447614, 1, 0, 0
49000, 447617, 1, 0, 0
49500, 447616, 1, 0, 0
50000, 447616, 1, 0, 0
50500, 447616, 1, 0, 0
51000, 447616, 1, 0, 0
51500, 448017, 1, 0, 0
52000, 447616, 1, 0, 0
52500, 447616, 1, 0, 0
53000, 447614, 1, 0, 0
53500, 447617, 1, 0, 0
54000, 447617, 1, 0, 0
54500, 447617, 1, 0, 0
55000, 447616, 1, 0, 0
55500, 447617, 1, 0, 0
56000, 447617, 1, 0, 0
56500, 447617, 1, 0, 0
57000, 448036, 1, 0, 0
57500, 447616, 1, 0, 0
58000, 447618, 1, 0, 0
58500, 447617, 1, 0, 0
59000, 447617, 1, 0, 0
59500, 447617, 1, 0, 0
60000, 447617, 1, 0, 0
60000, 663392, 1, 0, 0
