500, 445678, 1, 0, 0
1000, 446239, 1, 0, 0
1500, 446042, 1, 0, 0
2000, 446056, 1, 0, 0
2500, 446041, 1, 0, 0
3000, 446032, 1, 0, 0
3500, 446041, 1, 0, 0
4000, 446026, 1, 0, 0
4500, 446051, 1, 0, 0
5000, 446035, 1, 0, 0
5500, 446322, 1, 0, 0
6000, 445941, 1, 0, 0
6500, 445963, 1, 0, 0
7000, 445952, 1, 0, 0
7500, 445967, 1, 0, 0
8000, 445954, 1, 0, 0
8500, 445962, 1, 0, 0
9000, 445958, 1, 0, 0
9500, 445964, 1, 0, 0
10000, 445947, 1, 0, 0
10500, 446287, 1, 0, 0
11000, 445951, 1, 0, 0
11500, 445960, 1, 0, 0
12000, 445953, 1, 0, 0
12500, 445960, 1, 0, 0
13000, 447657, 1, 0, 0
13500, 445990, 1, 0, 0
14000, 445989, 1, 0, 0
14500, 445996, 1, 0, 0
15000, 445997, 1, 0, 0
15500, 446286, 1, 0, 0
16000, 445955, 1, 0, 0
16500, 445973, 1, 0, 0
17000, 446458, 1, 0, 0
17500, 445985, 1, 0, 0
18000, 445978, 1, 0, 0
18500, 445982, 1, 0, 0
19000, 445968, 1, 0, 0
19500, 445981, 1, 0, 0
20000, 445975, 1, 0, 0
20500, 445968, 1, 0, 0
21000, 446295, 1, 0, 0
21500, 445966, 1, 0, 0
22000, 445954, 1, 0, 0
22500, 445963, 1, 0, 0
23000, 445961, 1, 0, 0
23500, 445970, 1, 0, 0
24000, 445965, 1, 0, 0
24500, 445963, 1, 0, 0
25000, 445966, 1, 0, 0
25500, 445965, 1, 0, 0
26000, 446373, 1, 0, 0
26500, 445972, 1, 0, 0
27000, 445963, 1, 0, 0
27500, 445975, 1, 0, 0
28000, 445961, 1, 0, 0
28500, 445969, 1, 0, 0
29000, 445963, 1, 0, 0
29500, 445973, 1, 0, 0
30000, 445968, 1, 0, 0
30500, 445967, 1, 0, 0
31000, 446522, 1, 0, 0
31500, 445965, 1, 0, 0
32000, 446369, 1, 0, 0
32500, 445981, 1, 0, 0
33000, 445948, 1, 0, 0
33500, 445973, 1, 0, 0
34000, 445975, 1, 0, 0
34500, 445977, 1, 0, 0
35000, 445974, 1, 0, 0
35500, 445969, 1, 0, 0
36000, 445948, 1, 0, 0
36500, 446263, 1, 0, 0
37000, 445950, 1, 0, 0
37500, 445952, 1, 0, 0
38000, 445948, 1, 0, 0
38500, 445952, 1, 0, 0
39000, 445959, 1, 0, 0
39500, 445969, 1, 0, 0
40000, 445965, 1, 0, 0
40500, 445956, 1, 0, 0
41000, 445941, 1, 0, 0
41500, 446375, 1, 0, 0
42000, 445972, 1, 0, 0
42500, 445980, 1, 0, 0
43000, 445981, 1, 0, 0
43500, 445985, 1, 0, 0
44000, 445982, 1, 0, 0
44500, 445982, 1, 0, 0
45000, 445977, 1, 0, 0
45500, 445974, 1, 0, 0
46000, 445980, 1, 0, 0
46500, 446358, 1, 0, 0
47000, 445959, 1, 0, 0
47500, 445960, 1, 0, 0
48000, 445965, 1, 0, 0
48500, 445958, 1, 0, 0
49000, 445965, 1, 0, 0
49500, 445972, 1, 0, 0
50000, 445962, 1, 0, 0
50500, 445961, 1, 0, 0
51000, 445969, 1, 0, 0
51500, 446343, 1, 0, 0
52000, 445955, 1, 0, 0
52500, 445962, 1, 0, 0
53000, 445956, 1, 0, 0
53500, 445955, 1, 0, 0
54000, 445960, 1, 0, 0
54500, 445968, 1, 0, 0
55000, 445965, 1, 0, 0
55500, 445966, 1, 0, 0
56000, 445967, 1, 0, 0
56500, 445967, 1, 0, 0
57000, 446369, 1, 0, 0
57500, 445953, 1, 0, 0
58000, 445952, 1, 0, 0
58500, 445950, 1, 0, 0
59000, 445955, 1, 0, 0
59500, 445963, 1, 0, 0
60000, 445957, 1, 0, 0
60000, 661719, 1, 0, 0
