500, 77496, 1, 0, 0
1000, 71346, 1, 0, 0
1500, 71482, 1, 0, 0
2000, 71288, 1, 0, 0
2500, 71494, 1, 0, 0
3000, 71276, 1, 0, 0
3500, 71500, 1, 0, 0
4000, 71606, 1, 0, 0
4500, 71406, 1, 0, 0
5000, 71636, 1, 0, 0
5500, 70110, 1, 0, 0
6000, 42144, 1, 0, 0
6500, 35918, 1, 0, 0
7000, 34004, 1, 0, 0
7500, 31872, 1, 0, 0
8000, 29940, 1, 0, 0
8500, 28300, 1, 0, 0
9000, 26529, 1, 0, 0
9500, 24876, 1, 0, 0
10000, 24088, 1, 0, 0
10500, 23286, 1, 0, 0
11000, 22570, 1, 0, 0
11500, 22182, 1, 0, 0
12000, 21740, 1, 0, 0
12500, 21172, 1, 0, 0
13000, 20670, 1, 0, 0
13500, 20406, 1, 0, 0
14000, 19832, 1, 0, 0
14500, 19278, 1, 0, 0
15001, 18580, 1, 0, 0
15500, 18252, 1, 0, 0
16000, 17242, 1, 0, 0
16500, 16548, 1, 0, 0
17001, 15822, 1, 0, 0
17500, 15196, 1, 0, 0
18000, 14754, 1, 0, 0
18501, 14132, 1, 0, 0
19000, 13911, 1, 0, 0
19500, 13344, 1, 0, 0
20000, 12947, 1, 0, 0
20500, 12546, 1, 0, 0
21000, 12128, 1, 0, 0
21500, 11636, 1, 0, 0
22000, 11146, 1, 0, 0
22500, 10734, 1, 0, 0
23000, 10506, 1, 0, 0
23500, 10328, 1, 0, 0
24001, 9948, 1, 0, 0
24501, 9773, 1, 0, 0
25001, 7992, 1, 0, 0
25501, 6811, 1, 0, 0
26000, 7108, 1, 0, 0
26500, 7614, 1, 0, 0
27002, 7800, 1, 0, 0
27502, 7834, 1, 0, 0
28002, 7926, 1, 0, 0
28503, 8350, 1, 0, 0
29003, 8210, 1, 0, 0
29505, 8607, 1, 0, 0
30005, 8448, 1, 0, 0
30505, 8608, 1, 0, 0
31006, 8904, 1, 0, 0
31506, 9112, 1, 0, 0
32007, 8634, 1, 0, 0
32507, 8828, 1, 0, 0
33007, 8906, 1, 0, 0
33507, 8636, 1, 0, 0
34007, 8488, 1, 0, 0
34508, 8970, 1, 0, 0
35008, 9054, 1, 0, 0
35508, 8968, 1, 0, 0
36009, 8594, 1, 0, 0
36509, 8954, 1, 0, 0
37009, 8804, 1, 0, 0
37509, 8942, 1, 0, 0
38010, 8938, 1, 0, 0
38510, 8810, 1, 0, 0
39010, 8854, 1, 0, 0
39510, 8874, 1, 0, 0
40010, 8692, 1, 0, 0
40510, 8738, 1, 0, 0
41010, 8884, 1, 0, 0
41511, 8884, 1, 0, 0
42011, 8874, 1, 0, 0
42511, 8790, 1, 0, 0
43011, 8898, 1, 0, 0
43511, 8986, 1, 0, 0
44011, 8796, 1, 0, 0
44512, 8480, 1, 0, 0
45012, 8540, 1, 0, 0
45512, 9092, 1, 0, 0
46013, 8866, 1, 0, 0
46513, 8820, 1, 0, 0
47013, 8958, 1, 0, 0
47514, 8966, 1, 0, 0
48014, 8962, 1, 0, 0
48514, 8740, 1, 0, 0
49014, 8814, 1, 0, 0
49515, 9014, 1, 0, 0
50015, 8898, 1, 0, 0
50516, 9008, 1, 0, 0
51016, 8796, 1, 0, 0
51516, 8800, 1, 0, 0
52017, 8794, 1, 0, 0
52517, 8574, 1, 0, 0
53017, 8830, 1, 0, 0
53519, 8788, 1, 0, 0
54019, 8834, 1, 0, 0
54519, 8626, 1, 0, 0
55019, 8942, 1, 0, 0
55520, 8884, 1, 0, 0
56020, 8800, 1, 0, 0
56520, 8754, 1, 0, 0
57020, 8932, 1, 0, 0
57520, 8786, 1, 0, 0
58020, 8806, 1, 0, 0
58520, 8872, 1, 0, 0
59021, 8752, 1, 0, 0
59521, 8378, 1, 0, 0
60021, 8622, 1, 0, 0
