500, 412620, 1, 0, 0
1000, 448354, 1, 0, 0
1500, 447508, 1, 0, 0
2000, 448763, 1, 0, 0
2500, 447400, 1, 0, 0
3000, 448812, 1, 0, 0
3500, 447367, 1, 0, 0
4000, 446738, 1, 0, 0
4500, 448017, 1, 0, 0
5000, 446519, 1, 0, 0
5500, 456068, 1, 0, 0
6000, 758481, 1, 0, 0
6500, 890677, 1, 0, 0
7000, 940784, 1, 0, 0
7500, 1003707, 1, 0, 0
8000, 1068558, 1, 0, 0
8500, 1130349, 1, 0, 0
9000, 1206182, 1, 0, 0
9500, 1286176, 1, 0, 0
10000, 1328412, 1, 0, 0
10500, 1374376, 1, 0, 0
11000, 1417143, 1, 0, 0
11500, 1443658, 1, 0, 0
12000, 1472048, 1, 0, 0
12500, 1509618, 1, 0, 0
13000, 1551056, 1, 0, 0
13500, 1566988, 1, 0, 0
14000, 1614882, 1, 0, 0
14500, 1662102, 1, 0, 0
15000, 1717730, 1, 0, 0
15500, 1757376, 1, 0, 0
16000, 1852447, 1, 0, 0
16500, 1937396, 1, 0, 0
17000, 2026049, 1, 0, 0
17500, 2101012, 1, 0, 0
18000, 2171804, 1, 0, 0
18500, 2265310, 1, 0, 0
19000, 2301843, 1, 0, 0
19500, 2394717, 1, 0, 0
20001, 2478203, 1, 0, 0
20500, 2551525, 1, 0, 0
21000, 2635574, 1, 0, 0
21502, 2747086, 1, 0, 0
22000, 2876755, 1, 0, 0
22500, 2972107, 1, 0, 0
23000, 3054736, 1, 0, 0
23500, 3107312, 1, 0, 0
24000, 3206537, 1, 0, 0
24500, 3281291, 1, 0, 0
25000, 1914010, 1, 0, 0
25500, 293519, 1, 0, 0
26000, 281218, 1, 0, 0
26500, 262926, 1, 0, 0
27000, 256012, 1, 0, 0
27501, 254497, 1, 0, 0
28000, 253074, 1, 0, 0
28500, 239100, 1, 0, 0
29000, 242995, 1, 0, 0
29500, 233498, 1, 0, 0
30000, 236564, 1, 0, 0
30500, 230830, 1, 0, 0
31000, 226097, 1, 0, 0
31500, 219313, 1, 0, 0
32000, 230497, 1, 0, 0
32500, 227258, 1, 0, 0
33000, 223275, 1, 0, 0
33500, 231204, 1, 0, 0
34000, 234423, 1, 0, 0
34500, 224080, 1, 0, 0
35000, 220780, 1, 0, 0
35500, 223215, 1, 0, 0
36000, 232082, 1, 0, 0
36500, 224159, 1, 0, 0
37000, 226110, 1, 0, 0
37500, 223368, 1, 0, 0
38000, 223825, 1, 0, 0
38500, 227011, 1, 0, 0
39000, 224734, 1, 0, 0
39500, 225648, 1, 0, 0
40000, 230017, 1, 0, 0
40500, 228425, 1, 0, 0
41000, 224841, 1, 0, 0
41500, 225073, 1, 0, 0
42000, 224721, 1, 0, 0
42500, 228506, 1, 0, 0
43000, 224319, 1, 0, 0
43500, 222577, 1, 0, 0
44000, 226870, 1, 0, 0
44500, 235546, 1, 0, 0
45000, 233525, 1, 0, 0
45500, 219997, 1, 0, 0
46000, 225920, 1, 0, 0
46500, 226776, 1, 0, 0
47000, 222085, 1, 0, 0
47501, 223826, 1, 0, 0
48000, 222515, 1, 0, 0
48500, 229264, 1, 0, 0
49000, 226572, 1, 0, 0
49500, 222550, 1, 0, 0
50000, 223829, 1, 0, 0
50500, 222255, 1, 0, 0
51000, 226603, 1, 0, 0
51500, 228171, 1, 0, 0
52001, 226747, 1, 0, 0
52500, 232067, 1, 0, 0
53000, 227622, 1, 0, 0
53500, 227141, 1, 0, 0
54000, 226485, 1, 0, 0
54500, 231896, 1, 0, 0
55000, 223328, 1, 0, 0
55500, 224541, 1, 0, 0
56000, 227126, 1, 0, 0
56500, 228401, 1, 0, 0
57000, 223314, 1, 0, 0
57500, 228566, 1, 0, 0
58000, 225797, 1, 0, 0
58500, 224302, 1, 0, 0
59000, 230293, 1, 0, 0
59500, 234997, 1, 0, 0
60000, 224261, 1, 0, 0
146506, 86506370685, 1, 0, 0
