500, 1239936, 1, 0, 0
1000, 1141600, 1, 0, 0
1500, 1143712, 1, 0, 0
2000, 1140608, 1, 0, 0
2500, 1143904, 1, 0, 0
3000, 1140416, 1, 0, 0
3500, 1144000, 1, 0, 0
4000, 1145696, 1, 0, 0
4500, 1142496, 1, 0, 0
5000, 1146176, 1, 0, 0
5500, 1121760, 1, 0, 0
6000, 674304, 1, 0, 0
6500, 574688, 1, 0, 0
7000, 544064, 1, 0, 0
7500, 509952, 1, 0, 0
8000, 479040, 1, 0, 0
8500, 452800, 1, 0, 0
9000, 424464, 1, 0, 0
9500, 398016, 1, 0, 0
10000, 385408, 1, 0, 0
10500, 372576, 1, 0, 0
11000, 361120, 1, 0, 0
11500, 354912, 1, 0, 0
12000, 347840, 1, 0, 0
12500, 338752, 1, 0, 0
13000, 330720, 1, 0, 0
13500, 326509, 1, 0, 0
14000, 317312, 1, 0, 0
14500, 308448, 1, 0, 0
15001, 297280, 1, 0, 0
15500, 292040, 1, 0, 0
16000, 275872, 1, 0, 0
16500, 264768, 1, 0, 0
17001, 253152, 1, 0, 0
17500, 243142, 1, 0, 0
18000, 236064, 1, 0, 0
18501, 226112, 1, 0, 0
19000, 222589, 1, 0, 0
19500, 213504, 1, 0, 0
20000, 207166, 1, 0, 0
20500, 200736, 1, 0, 0
21000, 194048, 1, 0, 0
21500, 186176, 1, 0, 0
22000, 178336, 1, 0, 0
22500, 171744, 1, 0, 0
23000, 168096, 1, 0, 0
23500, 165258, 1, 0, 0
24001, 159169, 1, 0, 0
24501, 156376, 1, 0, 0
25001, 127872, 1, 0, 0
25501, 108985, 1, 0, 0
26000, 113731, 1, 0, 0
26500, 121824, 1, 0, 0
27002, 124806, 1, 0, 0
27502, 125344, 1, 0, 0
28002, 126816, 1, 0, 0
28503, 133600, 1, 0, 0
29003, 131360, 1, 0, 0
29505, 137721, 1, 0, 0
30005, 135168, 1, 0, 0
30505, 137728, 1, 0, 0
31006, 142464, 1, 0, 0
31506, 145792, 1, 0, 0
32007, 138144, 1, 0, 0
32507, 141248, 1, 0, 0
33007, 142496, 1, 0, 0
33507, 138176, 1, 0, 0
34007, 135808, 1, 0, 0
34508, 143520, 1, 0, 0
35008, 144864, 1, 0, 0
35508, 143488, 1, 0, 0
36009, 137504, 1, 0, 0
36509, 143264, 1, 0, 0
37009, 140864, 1, 0, 0
37509, 143072, 1, 0, 0
38010, 143008, 1, 0, 0
38510, 140960, 1, 0, 0
39010, 141664, 1, 0, 0
39510, 141984, 1, 0, 0
40010, 139072, 1, 0, 0
40510, 139808, 1, 0, 0
41010, 142144, 1, 0, 0
41511, 142144, 1, 0, 0
42011, 141984, 1, 0, 0
42511, 140640, 1, 0, 0
43011, 142368, 1, 0, 0
43511, 143776, 1, 0, 0
44011, 140736, 1, 0, 0
44512, 135680, 1, 0, 0
45012, 136640, 1, 0, 0
45512, 145472, 1, 0, 0
46013, 141856, 1, 0, 0
46513, 141120, 1, 0, 0
47013, 143328, 1, 0, 0
47514, 143456, 1, 0, 0
48014, 143392, 1, 0, 0
48514, 139840, 1, 0, 0
49014, 141024, 1, 0, 0
49515, 144224, 1, 0, 0
50015, 142368, 1, 0, 0
50516, 144128, 1, 0, 0
51016, 140736, 1, 0, 0
51516, 140800, 1, 0, 0
52017, 140704, 1, 0, 0
52517, 137184, 1, 0, 0
53017, 141280, 1, 0, 0
53519, 140614, 1, 0, 0
54019, 141344, 1, 0, 0
54519, 138016, 1, 0, 0
55019, 143072, 1, 0, 0
55520, 142144, 1, 0, 0
56020, 140800, 1, 0, 0
56520, 140064, 1, 0, 0
57020, 142912, 1, 0, 0
57520, 140576, 1, 0, 0
58020, 140896, 1, 0, 0
58520, 141952, 1, 0, 0
59021, 140032, 1, 0, 0
59521, 134048, 1, 0, 0
60021, 137952, 1, 0, 0
