500, 1126, 1, 0, 0
1000, 1124, 1, 0, 0
1500, 1123, 1, 0, 0
2000, 1131, 1, 0, 0
2500, 1129, 1, 0, 0
3000, 1130, 1, 0, 0
3500, 1137, 1, 0, 0
4000, 1164, 1, 0, 0
4500, 1129, 1, 0, 0
5000, 1126, 1, 0, 0
5500, 1123, 1, 0, 0
6000, 1142, 1, 0, 0
6500, 1150, 1, 0, 0
7000, 1156, 1, 0, 0
7500, 1148, 1, 0, 0
8000, 1160, 1, 0, 0
8500, 1157, 1, 0, 0
9000, 1174, 1, 0, 0
9500, 1706, 1, 0, 0
10000, 1920, 1, 0, 0
10500, 2052, 1, 0, 0
11000, 2356, 1, 0, 0
11500, 2811, 1, 0, 0
12000, 3306, 1, 0, 0
12500, 3911, 1, 0, 0
13000, 4355, 1, 0, 0
13500, 3908, 1, 0, 0
14000, 3896, 1, 0, 0
14500, 4109, 1, 0, 0
15000, 4326, 1, 0, 0
15500, 4576, 1, 0, 0
16000, 3897, 1, 0, 0
16500, 4581, 1, 0, 0
17000, 4854, 1, 0, 0
17500, 4276, 1, 0, 0
18000, 4656, 1, 0, 0
18500, 4388, 1, 0, 0
19000, 4628, 1, 0, 0
19500, 4717, 1, 0, 0
20001, 3737, 1, 0, 0
20500, 4445, 1, 0, 0
21000, 4359, 1, 0, 0
21502, 4014, 1, 0, 0
22000, 5045, 1, 0, 0
22500, 4746, 1, 0, 0
23000, 4658, 1, 0, 0
23500, 4233, 1, 0, 0
24000, 5967, 1, 0, 0
24500, 3881, 1, 0, 0
25000, 3856, 1, 0, 0
25500, 3269, 1, 0, 0
26000, 3272, 1, 0, 0
26500, 3786, 1, 0, 0
27000, 3562, 1, 0, 0
27501, 3697, 1, 0, 0
28000, 3542, 1, 0, 0
28500, 3618, 1, 0, 0
29000, 4159, 1, 0, 0
29500, 5010, 1, 0, 0
30000, 3973, 1, 0, 0
30500, 3995, 1, 0, 0
31000, 4042, 1, 0, 0
31500, 4097, 1, 0, 0
32000, 3701, 1, 0, 0
32500, 4314, 1, 0, 0
33000, 3765, 1, 0, 0
33500, 4423, 1, 0, 0
34000, 3884, 1, 0, 0
34500, 3823, 1, 0, 0
35000, 3850, 1, 0, 0
35500, 4024, 1, 0, 0
36000, 4129, 1, 0, 0
36500, 3805, 1, 0, 0
37000, 4105, 1, 0, 0
37500, 3799, 1, 0, 0
38000, 3813, 1, 0, 0
38500, 4531, 1, 0, 0
39000, 4018, 1, 0, 0
39500, 3650, 1, 0, 0
40000, 4120, 1, 0, 0
40500, 3928, 1, 0, 0
41000, 3866, 1, 0, 0
41500, 3829, 1, 0, 0
42000, 4005, 1, 0, 0
42500, 3974, 1, 0, 0
43000, 3822, 1, 0, 0
43500, 4059, 1, 0, 0
44000, 3933, 1, 0, 0
44500, 5317, 1, 0, 0
45000, 4799, 1, 0, 0
45500, 3686, 1, 0, 0
46000, 4139, 1, 0, 0
46500, 3728, 1, 0, 0
47000, 4500, 1, 0, 0
47501, 3918, 1, 0, 0
48000, 4530, 1, 0, 0
48500, 3998, 1, 0, 0
49000, 3607, 1, 0, 0
49500, 3676, 1, 0, 0
50000, 4025, 1, 0, 0
50500, 3716, 1, 0, 0
51000, 4000, 1, 0, 0
51500, 3424, 1, 0, 0
52001, 4126, 1, 0, 0
52500, 3592, 1, 0, 0
53000, 2668, 1, 0, 0
53500, 3237, 1, 0, 0
54000, 3065, 1, 0, 0
54500, 4650, 1, 0, 0
55000, 3071, 1, 0, 0
55500, 3398, 1, 0, 0
56000, 4007, 1, 0, 0
56500, 3737, 1, 0, 0
57000, 3979, 1, 0, 0
57500, 3204, 1, 0, 0
58000, 4498, 1, 0, 0
58500, 3352, 1, 0, 0
59000, 4245, 1, 0, 0
59500, 3689, 1, 0, 0
146506, 4287, 1, 0, 0
