500, 411495, 1, 0, 0
1000, 447230, 1, 0, 0
1500, 446385, 1, 0, 0
2000, 447633, 1, 0, 0
2500, 446271, 1, 0, 0
3000, 447683, 1, 0, 0
3500, 446229, 1, 0, 0
4000, 445574, 1, 0, 0
4500, 446887, 1, 0, 0
5000, 445393, 1, 0, 0
5500, 454945, 1, 0, 0
6000, 757339, 1, 0, 0
6500, 889526, 1, 0, 0
7000, 939627, 1, 0, 0
7500, 1002558, 1, 0, 0
8000, 1067397, 1, 0, 0
8500, 1129192, 1, 0, 0
9000, 1205008, 1, 0, 0
9500, 1284473, 1, 0, 0
10000, 1326493, 1, 0, 0
10500, 1372323, 1, 0, 0
11000, 1414794, 1, 0, 0
11500, 1440854, 1, 0, 0
12000, 1468728, 1, 0, 0
12500, 1505713, 1, 0, 0
13000, 1546704, 1, 0, 0
13500, 1563071, 1, 0, 0
14000, 1611005, 1, 0, 0
14500, 1657979, 1, 0, 0
15000, 1713397, 1, 0, 0
15500, 1752813, 1, 0, 0
16000, 1848537, 1, 0, 0
16500, 1932825, 1, 0, 0
17000, 2021190, 1, 0, 0
17500, 2096762, 1, 0, 0
18000, 2167123, 1, 0, 0
18500, 2260915, 1, 0, 0
19000, 2297230, 1, 0, 0
19500, 2389989, 1, 0, 0
20001, 2474459, 1, 0, 0
20500, 2547086, 1, 0, 0
21000, 2631218, 1, 0, 0
21502, 2743075, 1, 0, 0
22000, 2871719, 1, 0, 0
22500, 2967343, 1, 0, 0
23000, 3050077, 1, 0, 0
23500, 3103082, 1, 0, 0
24000, 3200576, 1, 0, 0
24500, 3277401, 1, 0, 0
25000, 1910154, 1, 0, 0
25500, 290250, 1, 0, 0
26000, 277946, 1, 0, 0
26500, 259141, 1, 0, 0
27000, 252485, 1, 0, 0
27501, 250766, 1, 0, 0
28000, 249531, 1, 0, 0
28500, 235483, 1, 0, 0
29000, 238835, 1, 0, 0
29500, 228489, 1, 0, 0
30000, 232590, 1, 0, 0
30500, 226835, 1, 0, 0
31000, 222056, 1, 0, 0
31500, 215217, 1, 0, 0
32000, 226797, 1, 0, 0
32500, 222943, 1, 0, 0
33000, 219510, 1, 0, 0
33500, 226781, 1, 0, 0
34000, 230539, 1, 0, 0
34500, 220258, 1, 0, 0
35000, 216931, 1, 0, 0
35500, 219190, 1, 0, 0
36000, 227954, 1, 0, 0
36500, 220355, 1, 0, 0
37000, 222004, 1, 0, 0
37500, 219570, 1, 0, 0
38000, 220011, 1, 0, 0
38500, 222480, 1, 0, 0
39000, 220716, 1, 0, 0
39500, 221998, 1, 0, 0
40000, 225898, 1, 0, 0
40500, 224498, 1, 0, 0
41000, 220975, 1, 0, 0
41500, 221244, 1, 0, 0
42000, 220716, 1, 0, 0
42500, 224532, 1, 0, 0
43000, 220497, 1, 0, 0
43500, 218520, 1, 0, 0
44000, 222950, 1, 0, 0
44500, 230213, 1, 0, 0
45000, 228726, 1, 0, 0
45500, 216311, 1, 0, 0
46000, 221781, 1, 0, 0
46500, 223049, 1, 0, 0
47000, 217585, 1, 0, 0
47501, 219908, 1, 0, 0
48000, 217985, 1, 0, 0
48500, 225267, 1, 0, 0
49000, 222964, 1, 0, 0
49500, 218874, 1, 0, 0
50000, 219804, 1, 0, 0
50500, 218539, 1, 0, 0
51000, 222602, 1, 0, 0
51500, 224748, 1, 0, 0
52001, 222620, 1, 0, 0
52500, 228474, 1, 0, 0
53000, 224954, 1, 0, 0
53500, 223904, 1, 0, 0
54000, 223420, 1, 0, 0
54500, 227247, 1, 0, 0
55000, 220256, 1, 0, 0
55500, 221143, 1, 0, 0
56000, 223119, 1, 0, 0
56500, 224665, 1, 0, 0
57000, 219335, 1, 0, 0
57500, 225364, 1, 0, 0
58000, 221298, 1, 0, 0
58500, 220951, 1, 0, 0
59000, 226048, 1, 0, 0
59500, 231308, 1, 0, 0
60000, 219975, 1, 0, 0
146506, 86506368159, 1, 0, 0
