500, 1649, 1, 0, 0
1000, 1653, 1, 0, 0
1500, 1640, 1, 0, 0
2000, 1643, 1, 0, 0
2500, 1639, 1, 0, 0
3000, 1637, 1, 0, 0
3500, 1640, 1, 0, 0
4000, 1643, 1, 0, 0
4500, 1651, 1, 0, 0
5000, 1643, 1, 0, 0
5500, 1698, 1, 0, 0
6011, 1726, 1, 0, 0
6506, 3631, 1, 0, 0
7017, 2520, 1, 0, 0
7506, 2234, 1, 0, 0
8000, 1985, 1, 0, 0
8510, 1701, 1, 0, 0
9000, 1681, 1, 0, 0
9509, 1664, 1, 0, 0
10000, 1681, 1, 0, 0
10508, 1678, 1, 0, 0
11015, 1673, 1, 0, 0
11504, 1667, 1, 0, 0
12013, 1664, 1, 0, 0
12501, 1665, 1, 0, 0
13010, 1668, 1, 0, 0
13500, 1659, 1, 0, 0
14008, 1662, 1, 0, 0
14515, 1676, 1, 0, 0
15004, 1667, 1, 0, 0
15511, 1665, 1, 0, 0
16000, 1657, 1, 0, 0
16506, 1670, 1, 0, 0
17013, 1658, 1, 0, 0
17502, 1664, 1, 0, 0
18007, 1663, 1, 0, 0
18515, 1829, 1, 0, 0
19003, 1667, 1, 0, 0
19509, 1738, 1, 0, 0
20016, 1735, 1, 0, 0
20504, 1705, 1, 0, 0
21011, 1700, 1, 0, 0
21500, 1696, 1, 0, 0
22004, 1950, 1, 0, 0
22510, 1728, 1, 0, 0
23016, 1679, 1, 0, 0
23503, 1677, 1, 0, 0
24007, 1683, 1, 0, 0
24512, 1667, 1, 0, 0
25000, 1676, 1, 0, 0
25501, 1671, 1, 0, 0
26005, 1686, 1, 0, 0
26507, 1691, 1, 0, 0
27011, 1677, 1, 0, 0
27500, 1670, 1, 0, 0
28000, 1674, 1, 0, 0
28503, 1669, 1, 0, 0
29004, 1676, 1, 0, 0
29505, 1671, 1, 0, 0
30006, 1674, 1, 0, 0
30505, 1673, 1, 0, 0
31003, 1676, 1, 0, 0
31502, 1671, 1, 0, 0
32000, 1680, 1, 0, 0
32500, 1677, 1, 0, 0
33010, 1677, 1, 0, 0
33504, 1672, 1, 0, 0
34000, 1666, 1, 0, 0
34507, 1667, 1, 0, 0
35000, 1672, 1, 0, 0
35500, 1668, 1, 0, 0
36000, 1671, 1, 0, 0
36504, 1677, 1, 0, 0
37000, 1671, 1, 0, 0
37500, 1661, 1, 0, 0
38014, 1671, 1, 0, 0
38508, 1689, 1, 0, 0
39000, 1680, 1, 0, 0
39509, 1694, 1, 0, 0
40001, 1689, 1, 0, 0
40511, 1688, 1, 0, 0
41002, 1686, 1, 0, 0
41512, 1680, 1, 0, 0
42002, 1682, 1, 0, 0
42511, 1687, 1, 0, 0
43000, 1685, 1, 0, 0
43507, 1678, 1, 0, 0
44016, 1682, 1, 0, 0
44503, 1683, 1, 0, 0
45012, 1688, 1, 0, 0
45503, 1674, 1, 0, 0
46013, 1685, 1, 0, 0
46503, 1688, 1, 0, 0
47011, 1690, 1, 0, 0
47500, 1678, 1, 0, 0
48008, 1682, 1, 0, 0
48500, 1684, 1, 0, 0
49005, 1683, 1, 0, 0
49511, 1685, 1, 0, 0
50000, 1683, 1, 0, 0
50504, 1675, 1, 0, 0
51011, 1689, 1, 0, 0
51500, 1688, 1, 0, 0
52003, 1678, 1, 0, 0
52511, 1676, 1, 0, 0
53000, 1696, 1, 0, 0
53505, 1681, 1, 0, 0
54012, 1685, 1, 0, 0
54500, 1687, 1, 0, 0
55003, 1690, 1, 0, 0
55509, 1689, 1, 0, 0
56015, 1681, 1, 0, 0
56501, 1687, 1, 0, 0
57005, 1679, 1, 0, 0
57509, 1680, 1, 0, 0
58014, 1681, 1, 0, 0
58500, 1671, 1, 0, 0
59001, 1682, 1, 0, 0
59503, 1680, 1, 0, 0
60007, 1675, 1, 0, 0
