500, 71488, 1, 0, 0
1000, 71456, 1, 0, 0
1500, 71464, 1, 0, 0
2000, 71460, 1, 0, 0
2500, 71466, 1, 0, 0
3000, 71466, 1, 0, 0
3500, 71456, 1, 0, 0
4000, 71456, 1, 0, 0
4500, 71460, 1, 0, 0
5000, 71464, 1, 0, 0
5500, 66020, 1, 0, 0
6000, 4256, 1, 0, 0
6500, 4216, 1, 0, 0
7000, 4560, 1, 0, 0
7500, 4632, 1, 0, 0
8000, 5040, 1, 0, 0
8500, 5160, 1, 0, 0
9000, 5480, 1, 0, 0
9500, 5912, 1, 0, 0
10000, 6098, 1, 0, 0
10500, 6642, 1, 0, 0
11000, 7080, 1, 0, 0
11500, 7120, 1, 0, 0
12000, 7656, 1, 0, 0
12500, 7352, 1, 0, 0
13000, 6848, 1, 0, 0
13500, 6532, 1, 0, 0
14000, 6748, 1, 0, 0
14500, 6928, 1, 0, 0
15000, 6808, 1, 0, 0
15500, 7248, 1, 0, 0
16000, 7258, 1, 0, 0
16500, 7390, 1, 0, 0
17000, 7616, 1, 0, 0
17500, 7448, 1, 0, 0
18000, 7832, 1, 0, 0
18500, 7960, 1, 0, 0
19000, 7632, 1, 0, 0
19500, 8080, 1, 0, 0
20000, 8176, 1, 0, 0
20500, 8016, 1, 0, 0
21000, 8392, 1, 0, 0
21500, 8416, 1, 0, 0
22000, 8488, 1, 0, 0
22500, 8888, 1, 0, 0
23000, 8952, 1, 0, 0
23500, 8800, 1, 0, 0
24000, 9456, 1, 0, 0
24500, 9496, 1, 0, 0
25000, 9512, 1, 0, 0
25500, 9416, 1, 0, 0
26000, 9984, 1, 0, 0
26500, 10208, 1, 0, 0
27000, 10384, 1, 0, 0
27500, 10568, 1, 0, 0
28000, 10484, 1, 0, 0
28500, 11268, 1, 0, 0
29000, 11552, 1, 0, 0
29500, 11824, 1, 0, 0
30000, 12104, 1, 0, 0
30500, 12520, 1, 0, 0
31000, 12968, 1, 0, 0
31501, 13320, 1, 0, 0
32000, 14340, 1, 0, 0
32500, 14894, 1, 0, 0
33000, 15258, 1, 0, 0
33500, 16168, 1, 0, 0
34000, 17454, 1, 0, 0
34500, 18306, 1, 0, 0
35000, 20166, 1, 0, 0
35500, 21530, 1, 0, 0
36000, 24828, 1, 0, 0
36500, 28724, 1, 0, 0
37000, 36720, 1, 0, 0
37500, 59992, 1, 0, 0
38000, 22616, 1, 0, 0
38500, 4072, 1, 0, 0
39000, 4264, 1, 0, 0
39500, 4664, 1, 0, 0
40000, 4728, 1, 0, 0
40500, 5200, 1, 0, 0
41000, 5280, 1, 0, 0
41500, 5824, 1, 0, 0
42000, 5944, 1, 0, 0
42500, 6536, 1, 0, 0
43000, 6594, 1, 0, 0
43500, 7270, 1, 0, 0
44000, 7647, 1, 0, 0
44500, 7456, 1, 0, 0
45000, 7056, 1, 0, 0
45500, 6336, 1, 0, 0
46000, 6712, 1, 0, 0
46500, 6656, 1, 0, 0
47000, 7200, 1, 0, 0
47500, 7172, 1, 0, 0
48000, 7308, 1, 0, 0
48500, 7536, 1, 0, 0
49000, 7408, 1, 0, 0
49500, 7792, 1, 0, 0
50000, 7902, 1, 0, 0
50500, 7610, 1, 0, 0
51000, 7968, 1, 0, 0
51500, 7842, 1, 0, 0
52000, 7974, 1, 0, 0
52500, 8256, 1, 0, 0
53000, 8106, 1, 0, 0
53500, 8526, 1, 0, 0
54000, 8608, 1, 0, 0
54500, 8612, 1, 0, 0
55000, 8748, 1, 0, 0
55500, 9008, 1, 0, 0
56000, 9192, 1, 0, 0
56500, 9072, 1, 0, 0
57000, 9544, 1, 0, 0
57500, 9888, 1, 0, 0
58000, 9864, 1, 0, 0
58500, 9724, 1, 0, 0
59000, 10244, 1, 0, 0
59500, 10525, 1, 0, 0
60000, 10664, 1, 0, 0
