500, 447266, 1, 0, 0
1000, 447602, 1, 0, 0
1500, 447602, 1, 0, 0
2000, 447598, 1, 0, 0
2500, 447595, 1, 0, 0
3000, 447597, 1, 0, 0
3500, 447597, 1, 0, 0
4000, 447599, 1, 0, 0
4500, 447594, 1, 0, 0
5000, 447588, 1, 0, 0
5500, 483890, 1, 0, 0
6011, 7432136, 1, 0, 0
6506, 7516363, 1, 0, 0
7017, 7174994, 1, 0, 0
7506, 6769041, 1, 0, 0
8000, 6555389, 1, 0, 0
8510, 6047276, 1, 0, 0
9000, 5780287, 1, 0, 0
9509, 5471377, 1, 0, 0
10000, 5231095, 1, 0, 0
10508, 4830452, 1, 0, 0
11015, 4584069, 1, 0, 0
11504, 4395702, 1, 0, 0
12013, 4250177, 1, 0, 0
12501, 4248924, 1, 0, 0
13010, 4754850, 1, 0, 0
13500, 4884295, 1, 0, 0
14008, 4737671, 1, 0, 0
14515, 4692115, 1, 0, 0
15004, 4588250, 1, 0, 0
15511, 4475992, 1, 0, 0
16000, 4495513, 1, 0, 0
16506, 4206918, 1, 0, 0
17013, 4265436, 1, 0, 0
17502, 4196527, 1, 0, 0
18007, 4134372, 1, 0, 0
18515, 4081162, 1, 0, 0
19003, 4089390, 1, 0, 0
19509, 4011451, 1, 0, 0
20016, 3966140, 1, 0, 0
20504, 3888493, 1, 0, 0
21011, 3874442, 1, 0, 0
21500, 3844494, 1, 0, 0
22004, 3682984, 1, 0, 0
22510, 3639100, 1, 0, 0
23016, 3614896, 1, 0, 0
23503, 3546055, 1, 0, 0
24007, 3414537, 1, 0, 0
24512, 3397183, 1, 0, 0
25000, 3398904, 1, 0, 0
25501, 3293603, 1, 0, 0
26005, 3229559, 1, 0, 0
26507, 3150961, 1, 0, 0
27011, 3105467, 1, 0, 0
27500, 3067434, 1, 0, 0
28000, 2947979, 1, 0, 0
28503, 2852328, 1, 0, 0
29004, 2782246, 1, 0, 0
29505, 2707412, 1, 0, 0
30006, 2649424, 1, 0, 0
30505, 2550271, 1, 0, 0
31003, 2460997, 1, 0, 0
31502, 2398089, 1, 0, 0
32000, 2290203, 1, 0, 0
32500, 2146701, 1, 0, 0
33010, 2084071, 1, 0, 0
33504, 1956567, 1, 0, 0
34000, 1869439, 1, 0, 0
34506, 1722239, 1, 0, 0
35000, 1606903, 1, 0, 0
35500, 1488824, 1, 0, 0
36000, 1289611, 1, 0, 0
36504, 1101473, 1, 0, 0
37000, 880844, 1, 0, 0
37500, 533192, 1, 0, 0
38014, 1399958, 1, 0, 0
38508, 7771794, 1, 0, 0
39000, 7388037, 1, 0, 0
39509, 6987392, 1, 0, 0
40001, 6656789, 1, 0, 0
40511, 6283308, 1, 0, 0
41002, 5950235, 1, 0, 0
41512, 5606196, 1, 0, 0
42002, 5273356, 1, 0, 0
42511, 4985818, 1, 0, 0
43000, 4751978, 1, 0, 0
43507, 4465563, 1, 0, 0
44016, 4259420, 1, 0, 0
44503, 4186762, 1, 0, 0
45012, 4610037, 1, 0, 0
45503, 4959008, 1, 0, 0
46013, 4866275, 1, 0, 0
46503, 4705937, 1, 0, 0
47011, 4515072, 1, 0, 0
47500, 4530466, 1, 0, 0
48008, 4285832, 1, 0, 0
48500, 4314337, 1, 0, 0
49005, 4225049, 1, 0, 0
49511, 4156610, 1, 0, 0
50000, 4109385, 1, 0, 0
50504, 4088131, 1, 0, 0
51011, 4075383, 1, 0, 0
51500, 4153583, 1, 0, 0
52003, 3881893, 1, 0, 0
52511, 3929020, 1, 0, 0
53000, 3892132, 1, 0, 0
53505, 3764955, 1, 0, 0
54012, 3767186, 1, 0, 0
54500, 3749192, 1, 0, 0
55003, 3567070, 1, 0, 0
55509, 3593118, 1, 0, 0
56015, 3523853, 1, 0, 0
56501, 3428890, 1, 0, 0
57005, 3378955, 1, 0, 0
57509, 3262350, 1, 0, 0
58014, 3275105, 1, 0, 0
58500, 3249048, 1, 0, 0
59001, 3082138, 1, 0, 0
59503, 3063955, 1, 0, 0
60006, 3014970, 1, 0, 0
60007, 16863982, 1, 0, 0
