500, 445617, 1, 0, 0
1000, 445949, 1, 0, 0
1500, 445962, 1, 0, 0
2000, 445955, 1, 0, 0
2500, 445956, 1, 0, 0
3000, 445960, 1, 0, 0
3500, 445956, 1, 0, 0
4000, 445956, 1, 0, 0
4500, 445944, 1, 0, 0
5000, 445945, 1, 0, 0
5500, 482191, 1, 0, 0
6011, 7430411, 1, 0, 0
6506, 7512733, 1, 0, 0
7017, 7172477, 1, 0, 0
7506, 6766804, 1, 0, 0
8000, 6553405, 1, 0, 0
8510, 6045573, 1, 0, 0
9000, 5778606, 1, 0, 0
9509, 5469713, 1, 0, 0
10000, 5229415, 1, 0, 0
10508, 4828774, 1, 0, 0
11015, 4582395, 1, 0, 0
11504, 4394035, 1, 0, 0
12013, 4248513, 1, 0, 0
12501, 4247258, 1, 0, 0
13010, 4753183, 1, 0, 0
13500, 4882636, 1, 0, 0
14008, 4736010, 1, 0, 0
14515, 4690438, 1, 0, 0
15004, 4586583, 1, 0, 0
15511, 4474327, 1, 0, 0
16000, 4493857, 1, 0, 0
16506, 4205248, 1, 0, 0
17013, 4263778, 1, 0, 0
17502, 4194864, 1, 0, 0
18007, 4132709, 1, 0, 0
18515, 4079333, 1, 0, 0
19003, 4087723, 1, 0, 0
19509, 4009715, 1, 0, 0
20016, 3964405, 1, 0, 0
20504, 3886788, 1, 0, 0
21011, 3872743, 1, 0, 0
21500, 3843590, 1, 0, 0
22004, 3680299, 1, 0, 0
22510, 3637362, 1, 0, 0
23016, 3613217, 1, 0, 0
23503, 3544377, 1, 0, 0
24007, 3412855, 1, 0, 0
24512, 3395516, 1, 0, 0
25000, 3397228, 1, 0, 0
25501, 3291932, 1, 0, 0
26005, 3227874, 1, 0, 0
26507, 3149268, 1, 0, 0
27011, 3103790, 1, 0, 0
27500, 3065764, 1, 0, 0
28000, 2946305, 1, 0, 0
28503, 2850659, 1, 0, 0
29004, 2780570, 1, 0, 0
29505, 2705741, 1, 0, 0
30006, 2647750, 1, 0, 0
30505, 2548598, 1, 0, 0
31003, 2459320, 1, 0, 0
31502, 2396418, 1, 0, 0
32000, 2288523, 1, 0, 0
32500, 2145023, 1, 0, 0
33010, 2082393, 1, 0, 0
33504, 1954896, 1, 0, 0
34000, 1867773, 1, 0, 0
34506, 1720572, 1, 0, 0
35000, 1605231, 1, 0, 0
35500, 1487156, 1, 0, 0
36000, 1287940, 1, 0, 0
36504, 1099796, 1, 0, 0
37000, 879174, 1, 0, 0
37500, 531531, 1, 0, 0
38014, 1398287, 1, 0, 0
38508, 7770107, 1, 0, 0
39000, 7386356, 1, 0, 0
39509, 6985699, 1, 0, 0
40001, 6655101, 1, 0, 0
40511, 6281619, 1, 0, 0
41002, 5948548, 1, 0, 0
41512, 5604517, 1, 0, 0
42002, 5271673, 1, 0, 0
42511, 4984131, 1, 0, 0
43000, 4750293, 1, 0, 0
43507, 4463885, 1, 0, 0
44016, 4257739, 1, 0, 0
44503, 4185080, 1, 0, 0
45012, 4608349, 1, 0, 0
45503, 4957334, 1, 0, 0
46013, 4864590, 1, 0, 0
46503, 4704249, 1, 0, 0
47011, 4513383, 1, 0, 0
47500, 4528788, 1, 0, 0
48008, 4284149, 1, 0, 0
48500, 4312653, 1, 0, 0
49005, 4223366, 1, 0, 0
49511, 4154925, 1, 0, 0
50000, 4107702, 1, 0, 0
50504, 4086455, 1, 0, 0
51011, 4073694, 1, 0, 0
51500, 4151895, 1, 0, 0
52003, 3880214, 1, 0, 0
52511, 3927344, 1, 0, 0
53000, 3890436, 1, 0, 0
53505, 3763274, 1, 0, 0
54012, 3765502, 1, 0, 0
54500, 3747506, 1, 0, 0
55003, 3565380, 1, 0, 0
55509, 3591428, 1, 0, 0
56015, 3522171, 1, 0, 0
56501, 3427203, 1, 0, 0
57005, 3377276, 1, 0, 0
57509, 3260671, 1, 0, 0
58014, 3273423, 1, 0, 0
58500, 3247377, 1, 0, 0
59001, 3080456, 1, 0, 0
59503, 3062275, 1, 0, 0
60006, 3013295, 1, 0, 0
60007, 16862325, 1, 0, 0
