[67355.136675] KSC2026-MARK map4k_bs32k_r1 insmod 1791443117579346657
[67355.150627] NVMeVirt: Version 1.10 for >> Samsung 970 Pro SSD <<
[67355.150637] NVMeVirt: Storage: 0x300100000-0x600000000 (12287 MiB)
[67355.161240] NVMeVirt: Total Capacity(GiB,MiB)=3,3072 chs=2 luns=4 lines=384 blk-size(MiB,KiB)=2,2048 line-size(MiB,KiB)=8,8192
[67355.161246] NVMeVirt: KSC2026: mapping unit=4096 B, flash page=32768 B, oneshot page=32768 B, pgs_per_blk=512, blks_per_pl=384, write buffer=1048576 B
[67355.170729] NVMeVirt: [chmodel_init] bandwidth 800 max_credits 26 tx_time 152
[67355.177577] NVMeVirt: [chmodel_init] bandwidth 800 max_credits 26 tx_time 152
[67355.177589] NVMeVirt: [chmodel_init] bandwidth 3360 max_credits 110 tx_time 36
[67355.179016] NVMeVirt: pqueue: Copyright (c) 2014, Volkan Yazıcı <volkan.yazici@gmail.com>. All rights reserved.
[67355.179018] NVMeVirt: Init FTL instance with 2 channels (786432 pages)
[67355.185760] NVMeVirt: [chmodel_init] bandwidth 800 max_credits 26 tx_time 152
[67355.192508] NVMeVirt: [chmodel_init] bandwidth 800 max_credits 26 tx_time 152
[67355.192519] NVMeVirt: [chmodel_init] bandwidth 3360 max_credits 110 tx_time 36
[67355.193912] NVMeVirt: Init FTL instance with 2 channels (786432 pages)
[67355.200716] NVMeVirt: [chmodel_init] bandwidth 800 max_credits 26 tx_time 152
[67355.207514] NVMeVirt: [chmodel_init] bandwidth 800 max_credits 26 tx_time 152
[67355.207525] NVMeVirt: [chmodel_init] bandwidth 3360 max_credits 110 tx_time 36
[67355.208931] NVMeVirt: Init FTL instance with 2 channels (786432 pages)
[67355.215646] NVMeVirt: [chmodel_init] bandwidth 800 max_credits 26 tx_time 152
[67355.222419] NVMeVirt: [chmodel_init] bandwidth 800 max_credits 26 tx_time 152
[67355.222430] NVMeVirt: [chmodel_init] bandwidth 3360 max_credits 110 tx_time 36
[67355.223840] NVMeVirt: Init FTL instance with 2 channels (786432 pages)
[67355.223844] NVMeVirt: FTL physical space: 12883853312, logical space: 12040984403 (physical/logical * 100 = 107)
[67355.223845] NVMeVirt: KSC2026: WBUF_FIX=1 GC_STATS=1
[67355.223845] NVMeVirt: ns 0/1: size 11483 MiB
[67355.223879] PCI host bridge to bus 0001:10
[67355.223881] pci_bus 0001:10: root bus resource [io  0x0000-0xffff]
[67355.223883] pci_bus 0001:10: root bus resource [mem 0x00000000-0x3fffffffffff]
[67355.223884] pci_bus 0001:10: root bus resource [bus 00-ff]
[67355.223890] pci 0001:10:00.0: [0c51:0110] type 00 class 0x010802 PCIe Endpoint
[67355.223892] pci 0001:10:00.0: BAR 0 [mem 0x300000000-0x300003fff 64bit]
[67355.223894] pci 0001:10:00.0: enabling Extended Tags
[67355.223995] NVMeVirt: Virtual PCI bus created (node 0)
[67355.224212] NVMeVirt: nvmev_io_worker_0 started on cpu 4 (node 0)
[67355.224398] NVMeVirt: nvmev_io_worker_1 started on cpu 5 (node 0)
[67355.224408] NVMeVirt: nvmev_dispatcher started on cpu 3 (node 0)
[67355.224493] nvme nvme1: pci function 0001:10:00.0
[67355.227736] nvme nvme1: 1/0/0 default/read/poll queues
[67355.229647] NVMeVirt: Virtual NVMe device created
[67361.267149] KSC2026-MARK map4k_bs32k_r1 fio-start 1791443123723219546
[67366.960187] NVMeVirt: KSC2026: first GC part=0 victim line=26 vpc=1880 ipc=168 free_lines=2 host_pgs=778240
[67366.960258] NVMeVirt: KSC2026: first GC part=1 victim line=26 vpc=1880 ipc=168 free_lines=2 host_pgs=778240
[67366.960328] NVMeVirt: KSC2026: first GC part=2 victim line=26 vpc=1880 ipc=168 free_lines=2 host_pgs=778240
[67366.960394] NVMeVirt: KSC2026: first GC part=3 victim line=26 vpc=1880 ipc=168 free_lines=2 host_pgs=778240
[67422.306621] KSC2026-MARK map4k_bs32k_r1 fio-end
[67422.310627] KSC2026-MARK map4k_bs32k_r1 rmmod 1791443184768478902
[67422.380994] pci_bus 0001:10: busn_res: [bus 10-ff] is released
[67422.381107] NVMeVirt: KSC2026: stats part=0 host_pgs=1852872 gc_pgs=4700564 gc_cnt=2819 free_lines=2
[67422.381109] NVMeVirt: KSC2026: stats part=1 host_pgs=1852872 gc_pgs=4700564 gc_cnt=2819 free_lines=2
[67422.381110] NVMeVirt: KSC2026: stats part=2 host_pgs=1852872 gc_pgs=4700564 gc_cnt=2819 free_lines=2
[67422.381110] NVMeVirt: KSC2026: stats part=3 host_pgs=1852872 gc_pgs=4700564 gc_cnt=2819 free_lines=2
[67422.447910] NVMeVirt: Virtual NVMe device closed
