500, 69602, 1, 0, 0
1000, 69692, 1, 0, 0
1500, 69712, 1, 0, 0
2000, 69462, 1, 0, 0
2500, 68884, 1, 0, 0
3000, 69928, 1, 0, 0
3500, 69416, 1, 0, 0
4000, 69270, 1, 0, 0
4500, 69670, 1, 0, 0
5000, 69428, 1, 0, 0
5500, 69836, 1, 0, 0
6000, 18316, 1, 0, 0
6500, 4492, 1, 0, 0
7000, 4362, 1, 0, 0
7500, 4566, 1, 0, 0
8000, 4938, 1, 0, 0
8500, 5190, 1, 0, 0
9000, 5000, 1, 0, 0
9500, 5436, 1, 0, 0
10000, 5748, 1, 0, 0
10500, 5984, 1, 0, 0
11000, 6684, 1, 0, 0
11500, 6644, 1, 0, 0
12000, 5748, 1, 0, 0
12500, 6528, 1, 0, 0
13000, 6416, 1, 0, 0
13500, 6028, 1, 0, 0
14000, 6452, 1, 0, 0
14500, 6044, 1, 0, 0
15000, 6616, 1, 0, 0
15500, 7060, 1, 0, 0
16000, 6656, 1, 0, 0
16500, 6156, 1, 0, 0
17000, 6796, 1, 0, 0
17500, 6120, 1, 0, 0
18000, 6704, 1, 0, 0
18500, 7528, 1, 0, 0
19000, 6524, 1, 0, 0
19500, 7276, 1, 0, 0
20000, 6472, 1, 0, 0
20500, 6348, 1, 0, 0
21000, 7680, 1, 0, 0
21500, 7688, 1, 0, 0
22000, 6848, 1, 0, 0
22500, 6004, 1, 0, 0
23000, 7544, 1, 0, 0
23500, 7920, 1, 0, 0
24000, 6092, 1, 0, 0
24500, 8516, 1, 0, 0
25000, 6236, 1, 0, 0
25500, 7380, 1, 0, 0
26000, 7616, 1, 0, 0
26500, 7598, 1, 0, 0
27000, 8794, 1, 0, 0
27500, 6992, 1, 0, 0
28000, 6656, 1, 0, 0
28500, 7484, 1, 0, 0
29000, 7360, 1, 0, 0
29500, 7254, 1, 0, 0
30000, 7624, 1, 0, 0
30500, 7952, 1, 0, 0
31000, 8752, 1, 0, 0
31500, 7348, 1, 0, 0
32000, 8296, 1, 0, 0
32500, 8448, 1, 0, 0
33000, 7780, 1, 0, 0
33500, 7492, 1, 0, 0
34000, 7344, 1, 0, 0
34500, 8362, 1, 0, 0
35000, 9514, 1, 0, 0
35500, 8364, 1, 0, 0
36000, 8520, 1, 0, 0
36500, 9580, 1, 0, 0
37000, 9164, 1, 0, 0
37500, 9072, 1, 0, 0
38000, 10104, 1, 0, 0
38500, 10734, 1, 0, 0
39000, 10234, 1, 0, 0
39500, 12552, 1, 0, 0
40000, 13000, 1, 0, 0
40500, 14424, 1, 0, 0
41000, 12236, 1, 0, 0
41500, 12824, 1, 0, 0
42000, 14408, 1, 0, 0
42500, 15276, 1, 0, 0
43000, 16140, 1, 0, 0
43500, 17348, 1, 0, 0
44000, 20892, 1, 0, 0
44500, 28306, 1, 0, 0
45000, 53182, 1, 0, 0
45500, 30522, 1, 0, 0
46000, 4078, 1, 0, 0
46500, 4320, 1, 0, 0
47000, 4720, 1, 0, 0
47500, 4668, 1, 0, 0
48000, 5220, 1, 0, 0
48500, 5148, 1, 0, 0
49000, 5760, 1, 0, 0
49500, 5540, 1, 0, 0
50000, 5916, 1, 0, 0
50500, 6452, 1, 0, 0
51000, 6308, 1, 0, 0
51500, 6504, 1, 0, 0
52000, 6640, 1, 0, 0
52500, 5430, 1, 0, 0
53000, 6330, 1, 0, 0
53500, 6424, 1, 0, 0
54000, 5926, 1, 0, 0
54500, 5932, 1, 0, 0
55000, 6054, 1, 0, 0
55500, 5516, 1, 0, 0
56000, 6412, 1, 0, 0
56500, 6648, 1, 0, 0
57000, 7636, 1, 0, 0
57500, 6828, 1, 0, 0
58000, 6784, 1, 0, 0
58500, 7224, 1, 0, 0
59000, 6476, 1, 0, 0
59500, 5900, 1, 0, 0
60000, 6476, 1, 0, 0
