500, 459342, 1, 0, 0
1000, 458990, 1, 0, 0
1500, 458784, 1, 0, 0
2000, 460498, 1, 0, 0
2500, 464377, 1, 0, 0
3000, 457371, 1, 0, 0
3500, 460816, 1, 0, 0
4000, 461809, 1, 0, 0
4500, 459027, 1, 0, 0
5000, 460629, 1, 0, 0
5500, 458140, 1, 0, 0
6000, 1681296, 1, 0, 0
6510, 7256605, 1, 0, 0
7000, 7203193, 1, 0, 0
7506, 7088051, 1, 0, 0
8000, 6618327, 1, 0, 0
8509, 6062178, 1, 0, 0
9012, 6441965, 1, 0, 0
9500, 6046154, 1, 0, 0
10004, 5339984, 1, 0, 0
10508, 5393134, 1, 0, 0
11015, 4849524, 1, 0, 0
11501, 4692088, 1, 0, 0
12009, 5657130, 1, 0, 0
12505, 4867515, 1, 0, 0
13001, 4942105, 1, 0, 0
13512, 5416509, 1, 0, 0
14000, 4849947, 1, 0, 0
14500, 5468717, 1, 0, 0
15005, 4724467, 1, 0, 0
15511, 4592884, 1, 0, 0
16014, 4836107, 1, 0, 0
16509, 5150770, 1, 0, 0
17011, 4715958, 1, 0, 0
17500, 5287651, 1, 0, 0
18012, 4733094, 1, 0, 0
18500, 4144750, 1, 0, 0
19011, 5021327, 1, 0, 0
19511, 4400818, 1, 0, 0
20005, 4878044, 1, 0, 0
20509, 5081929, 1, 0, 0
21011, 4184812, 1, 0, 0
21512, 4176074, 1, 0, 0
22004, 4596262, 1, 0, 0
22500, 5307334, 1, 0, 0
23014, 4337603, 1, 0, 0
23512, 4037992, 1, 0, 0
24006, 5179631, 1, 0, 0
24508, 3778623, 1, 0, 0
25004, 5081120, 1, 0, 0
25509, 4374971, 1, 0, 0
26015, 4251152, 1, 0, 0
26500, 4248662, 1, 0, 0
27010, 3583107, 1, 0, 0
27504, 4519726, 1, 0, 0
28009, 4854139, 1, 0, 0
28504, 4228074, 1, 0, 0
29011, 4414171, 1, 0, 0
29500, 4455998, 1, 0, 0
30006, 4122924, 1, 0, 0
30500, 4006702, 1, 0, 0
31014, 3732071, 1, 0, 0
31512, 4338173, 1, 0, 0
32000, 3767121, 1, 0, 0
32500, 3895608, 1, 0, 0
33009, 4068208, 1, 0, 0
33500, 4314153, 1, 0, 0
34004, 4270651, 1, 0, 0
34500, 3914061, 1, 0, 0
35000, 3259259, 1, 0, 0
35502, 3846073, 1, 0, 0
36004, 3774423, 1, 0, 0
36513, 3394115, 1, 0, 0
37011, 3483721, 1, 0, 0
37504, 3482161, 1, 0, 0
38002, 3150260, 1, 0, 0
38500, 3068422, 1, 0, 0
39013, 3104330, 1, 0, 0
39502, 2496754, 1, 0, 0
40003, 2466111, 1, 0, 0
40505, 2224260, 1, 0, 0
41002, 2606778, 1, 0, 0
41508, 2530121, 1, 0, 0
42000, 2236662, 1, 0, 0
42504, 2066499, 1, 0, 0
43000, 2014516, 1, 0, 0
43505, 1825110, 1, 0, 0
44004, 1532239, 1, 0, 0
44500, 1141431, 1, 0, 0
45000, 601561, 1, 0, 0
45500, 1019186, 1, 0, 0
46008, 7785400, 1, 0, 0
46500, 7297552, 1, 0, 0
47010, 6932488, 1, 0, 0
47501, 6716115, 1, 0, 0
48010, 6257185, 1, 0, 0
48501, 6099309, 1, 0, 0
49011, 5663063, 1, 0, 0
49500, 5834677, 1, 0, 0
50006, 5305348, 1, 0, 0
50513, 5024708, 1, 0, 0
51000, 5108282, 1, 0, 0
51500, 4953945, 1, 0, 0
52000, 4715422, 1, 0, 0
52500, 5795234, 1, 0, 0
53015, 5192971, 1, 0, 0
53502, 4853607, 1, 0, 0
54000, 5470240, 1, 0, 0
54500, 5336936, 1, 0, 0
55000, 5428475, 1, 0, 0
55504, 5672532, 1, 0, 0
56002, 4955975, 1, 0, 0
56502, 4807734, 1, 0, 0
57008, 4249128, 1, 0, 0
57509, 4687781, 1, 0, 0
58003, 4674153, 1, 0, 0
58505, 4449980, 1, 0, 0
59015, 5031935, 1, 0, 0
59501, 5279687, 1, 0, 0
60009, 5008991, 1, 0, 0
60010, 17766196, 1, 0, 0
