500, 1628, 1, 0, 0
1000, 1635, 1, 0, 0
1500, 1632, 1, 0, 0
2000, 1616, 1, 0, 0
2500, 1622, 1, 0, 0
3000, 1624, 1, 0, 0
3500, 1622, 1, 0, 0
4000, 1624, 1, 0, 0
4500, 1622, 1, 0, 0
5000, 1620, 1, 0, 0
5500, 1624, 1, 0, 0
6000, 1645, 1, 0, 0
6510, 1641, 1, 0, 0
7000, 1655, 1, 0, 0
7506, 1649, 1, 0, 0
8000, 1651, 1, 0, 0
8509, 1639, 1, 0, 0
9012, 1642, 1, 0, 0
9500, 1631, 1, 0, 0
10004, 1639, 1, 0, 0
10508, 1629, 1, 0, 0
11015, 1634, 1, 0, 0
11501, 1643, 1, 0, 0
12009, 1652, 1, 0, 0
12505, 1643, 1, 0, 0
13001, 1650, 1, 0, 0
13512, 1638, 1, 0, 0
14000, 1644, 1, 0, 0
14500, 1632, 1, 0, 0
15005, 1631, 1, 0, 0
15511, 1635, 1, 0, 0
16014, 1649, 1, 0, 0
16509, 1647, 1, 0, 0
17011, 1660, 1, 0, 0
17500, 1639, 1, 0, 0
18012, 1639, 1, 0, 0
18500, 1630, 1, 0, 0
19011, 1645, 1, 0, 0
19511, 1630, 1, 0, 0
20005, 1646, 1, 0, 0
20509, 1639, 1, 0, 0
21011, 1637, 1, 0, 0
21512, 1621, 1, 0, 0
22004, 1628, 1, 0, 0
22500, 1632, 1, 0, 0
23014, 1640, 1, 0, 0
23512, 1646, 1, 0, 0
24006, 1643, 1, 0, 0
24508, 1639, 1, 0, 0
25004, 1649, 1, 0, 0
25509, 1650, 1, 0, 0
26015, 1653, 1, 0, 0
26500, 1642, 1, 0, 0
27010, 1634, 1, 0, 0
27504, 1628, 1, 0, 0
28009, 1645, 1, 0, 0
28504, 1637, 1, 0, 0
29011, 1640, 1, 0, 0
29500, 1636, 1, 0, 0
30006, 1638, 1, 0, 0
30500, 1643, 1, 0, 0
31014, 1637, 1, 0, 0
31512, 1646, 1, 0, 0
32000, 1652, 1, 0, 0
32500, 1648, 1, 0, 0
33009, 1633, 1, 0, 0
33500, 1630, 1, 0, 0
34004, 1637, 1, 0, 0
34500, 1625, 1, 0, 0
35000, 1631, 1, 0, 0
35502, 1626, 1, 0, 0
36004, 1629, 1, 0, 0
36513, 1628, 1, 0, 0
37011, 1636, 1, 0, 0
37504, 1629, 1, 0, 0
38002, 1634, 1, 0, 0
38500, 1636, 1, 0, 0
39013, 1635, 1, 0, 0
39502, 1633, 1, 0, 0
40003, 1628, 1, 0, 0
40505, 1627, 1, 0, 0
41002, 1623, 1, 0, 0
41508, 1622, 1, 0, 0
42000, 1623, 1, 0, 0
42504, 1624, 1, 0, 0
43000, 1621, 1, 0, 0
43505, 1617, 1, 0, 0
44004, 1618, 1, 0, 0
44500, 1617, 1, 0, 0
45000, 1621, 1, 0, 0
45500, 1631, 1, 0, 0
46008, 1658, 1, 0, 0
46500, 1663, 1, 0, 0
47010, 1736, 1, 0, 0
47501, 1668, 1, 0, 0
48010, 1842, 1, 0, 0
48501, 1639, 1, 0, 0
49011, 1648, 1, 0, 0
49500, 1648, 1, 0, 0
50006, 1653, 1, 0, 0
50513, 1650, 1, 0, 0
51000, 1651, 1, 0, 0
51500, 1643, 1, 0, 0
52000, 1642, 1, 0, 0
52500, 1648, 1, 0, 0
53015, 1654, 1, 0, 0
53502, 1647, 1, 0, 0
54000, 1656, 1, 0, 0
54500, 1649, 1, 0, 0
55000, 1653, 1, 0, 0
55504, 1641, 1, 0, 0
56002, 1651, 1, 0, 0
56502, 1642, 1, 0, 0
57008, 1653, 1, 0, 0
57509, 1643, 1, 0, 0
58003, 1660, 1, 0, 0
58505, 1645, 1, 0, 0
59015, 1656, 1, 0, 0
59501, 1646, 1, 0, 0
60010, 1648, 1, 0, 0
