500, 457714, 1, 0, 0
1000, 457355, 1, 0, 0
1500, 457152, 1, 0, 0
2000, 458882, 1, 0, 0
2500, 462755, 1, 0, 0
3000, 455747, 1, 0, 0
3500, 459193, 1, 0, 0
4000, 460185, 1, 0, 0
4500, 457405, 1, 0, 0
5000, 459010, 1, 0, 0
5500, 456515, 1, 0, 0
6000, 1679651, 1, 0, 0
6510, 7254965, 1, 0, 0
7000, 7201538, 1, 0, 0
7506, 7086403, 1, 0, 0
8000, 6616676, 1, 0, 0
8509, 6060538, 1, 0, 0
9012, 6440324, 1, 0, 0
9500, 6044522, 1, 0, 0
10004, 5338346, 1, 0, 0
10508, 5391505, 1, 0, 0
11015, 4847890, 1, 0, 0
11501, 4690446, 1, 0, 0
12009, 5655478, 1, 0, 0
12505, 4865871, 1, 0, 0
13001, 4940455, 1, 0, 0
13512, 5414872, 1, 0, 0
14000, 4848302, 1, 0, 0
14500, 5467084, 1, 0, 0
15005, 4722837, 1, 0, 0
15511, 4591248, 1, 0, 0
16014, 4834458, 1, 0, 0
16509, 5149123, 1, 0, 0
17011, 4714297, 1, 0, 0
17500, 5286013, 1, 0, 0
18012, 4731455, 1, 0, 0
18500, 4143120, 1, 0, 0
19011, 5019682, 1, 0, 0
19511, 4399189, 1, 0, 0
20005, 4876398, 1, 0, 0
20509, 5080290, 1, 0, 0
21011, 4183174, 1, 0, 0
21512, 4174453, 1, 0, 0
22004, 4594635, 1, 0, 0
22500, 5305702, 1, 0, 0
23014, 4335963, 1, 0, 0
23512, 4036346, 1, 0, 0
24006, 5177987, 1, 0, 0
24508, 3776984, 1, 0, 0
25004, 5079471, 1, 0, 0
25509, 4373320, 1, 0, 0
26015, 4249500, 1, 0, 0
26500, 4247020, 1, 0, 0
27010, 3581473, 1, 0, 0
27504, 4518097, 1, 0, 0
28009, 4852495, 1, 0, 0
28504, 4226437, 1, 0, 0
29011, 4412531, 1, 0, 0
29500, 4454362, 1, 0, 0
30006, 4121288, 1, 0, 0
30500, 4005057, 1, 0, 0
31014, 3730434, 1, 0, 0
31512, 4336526, 1, 0, 0
32000, 3765469, 1, 0, 0
32500, 3893960, 1, 0, 0
33009, 4066575, 1, 0, 0
33500, 4312522, 1, 0, 0
34004, 4269014, 1, 0, 0
34500, 3912436, 1, 0, 0
35000, 3257628, 1, 0, 0
35502, 3844447, 1, 0, 0
36004, 3772793, 1, 0, 0
36513, 3392487, 1, 0, 0
37011, 3482085, 1, 0, 0
37504, 3480532, 1, 0, 0
38002, 3148626, 1, 0, 0
38500, 3066786, 1, 0, 0
39013, 3102694, 1, 0, 0
39502, 2495121, 1, 0, 0
40003, 2464483, 1, 0, 0
40505, 2222633, 1, 0, 0
41002, 2605155, 1, 0, 0
41508, 2528499, 1, 0, 0
42000, 2235039, 1, 0, 0
42504, 2064875, 1, 0, 0
43000, 2012896, 1, 0, 0
43505, 1823493, 1, 0, 0
44004, 1530621, 1, 0, 0
44500, 1139814, 1, 0, 0
45000, 599941, 1, 0, 0
45500, 1017554, 1, 0, 0
46008, 7783742, 1, 0, 0
46500, 7295889, 1, 0, 0
47010, 6930755, 1, 0, 0
47501, 6714448, 1, 0, 0
48010, 6255341, 1, 0, 0
48501, 6097670, 1, 0, 0
49011, 5661415, 1, 0, 0
49500, 5833029, 1, 0, 0
50006, 5303694, 1, 0, 0
50513, 5023059, 1, 0, 0
51000, 5106630, 1, 0, 0
51500, 4952302, 1, 0, 0
52000, 4713780, 1, 0, 0
52500, 5793585, 1, 0, 0
53015, 5191318, 1, 0, 0
53502, 4851960, 1, 0, 0
54000, 5468583, 1, 0, 0
54500, 5335286, 1, 0, 0
55000, 5426822, 1, 0, 0
55504, 5670891, 1, 0, 0
56002, 4954324, 1, 0, 0
56502, 4806092, 1, 0, 0
57008, 4247474, 1, 0, 0
57509, 4686138, 1, 0, 0
58003, 4672493, 1, 0, 0
58505, 4448335, 1, 0, 0
59015, 5030279, 1, 0, 0
59501, 5278042, 1, 0, 0
60009, 5007342, 1, 0, 0
60010, 17764563, 1, 0, 0
