500, 71520, 1, 0, 0
1000, 71464, 1, 0, 0
1500, 71472, 1, 0, 0
2000, 71460, 1, 0, 0
2500, 71456, 1, 0, 0
3000, 71456, 1, 0, 0
3500, 71456, 1, 0, 0
4000, 71458, 1, 0, 0
4500, 71466, 1, 0, 0
5000, 71464, 1, 0, 0
5500, 69630, 1, 0, 0
6000, 53134, 1, 0, 0
6500, 52652, 1, 0, 0
7000, 53076, 1, 0, 0
7500, 52732, 1, 0, 0
8000, 52996, 1, 0, 0
8500, 52796, 1, 0, 0
9000, 52948, 1, 0, 0
9500, 52858, 1, 0, 0
10000, 52922, 1, 0, 0
10501, 52870, 1, 0, 0
11000, 52911, 1, 0, 0
11500, 52856, 1, 0, 0
12000, 52924, 1, 0, 0
12500, 52872, 1, 0, 0
13000, 52882, 1, 0, 0
13500, 52912, 1, 0, 0
14000, 52858, 1, 0, 0
14500, 52948, 1, 0, 0
15000, 52782, 1, 0, 0
