500, 876, 1, 0, 0
1000, 871, 1, 0, 0
1500, 876, 1, 0, 0
2000, 873, 1, 0, 0
2500, 877, 1, 0, 0
3000, 871, 1, 0, 0
3500, 872, 1, 0, 0
4000, 872, 1, 0, 0
4500, 871, 1, 0, 0
5000, 872, 1, 0, 0
5500, 878, 1, 0, 0
6000, 933, 1, 0, 0
6500, 934, 1, 0, 0
7000, 934, 1, 0, 0
7500, 930, 1, 0, 0
8000, 935, 1, 0, 0
8500, 933, 1, 0, 0
9000, 934, 1, 0, 0
9500, 930, 1, 0, 0
10000, 933, 1, 0, 0
10500, 932, 1, 0, 0
11000, 938, 1, 0, 0
11500, 932, 1, 0, 0
12000, 930, 1, 0, 0
12500, 933, 1, 0, 0
13000, 931, 1, 0, 0
13500, 934, 1, 0, 0
14000, 929, 1, 0, 0
14500, 938, 1, 0, 0
15001, 937, 1, 0, 0
