500, 447229, 1, 0, 0
1000, 447657, 1, 0, 0
1500, 447657, 1, 0, 0
2000, 447657, 1, 0, 0
2500, 447657, 1, 0, 0
3000, 447657, 1, 0, 0
3500, 447658, 1, 0, 0
4000, 447657, 1, 0, 0
4500, 447658, 1, 0, 0
5000, 447657, 1, 0, 0
5500, 459378, 1, 0, 0
6000, 601449, 1, 0, 0
6500, 608264, 1, 0, 0
7000, 601473, 1, 0, 0
7500, 608097, 1, 0, 0
8000, 601735, 1, 0, 0
8500, 607917, 1, 0, 0
9000, 601880, 1, 0, 0
9500, 607687, 1, 0, 0
10000, 602040, 1, 0, 0
10500, 607586, 1, 0, 0
11000, 602696, 1, 0, 0
11500, 606856, 1, 0, 0
12000, 604152, 1, 0, 0
12500, 605444, 1, 0, 0
13000, 604575, 1, 0, 0
13500, 605003, 1, 0, 0
14000, 604802, 1, 0, 0
14500, 604774, 1, 0, 0
15000, 605195, 1, 0, 0
15001, 2045078, 1, 0, 0
