500, 446353, 1, 0, 0
1000, 446785, 1, 0, 0
1500, 446782, 1, 0, 0
2000, 446784, 1, 0, 0
2500, 446781, 1, 0, 0
3000, 446786, 1, 0, 0
3500, 446785, 1, 0, 0
4000, 446785, 1, 0, 0
4500, 446787, 1, 0, 0
5000, 446786, 1, 0, 0
5500, 458501, 1, 0, 0
6000, 600516, 1, 0, 0
6500, 607330, 1, 0, 0
7000, 600539, 1, 0, 0
7500, 607167, 1, 0, 0
8000, 600800, 1, 0, 0
8500, 606984, 1, 0, 0
9000, 600946, 1, 0, 0
9500, 606757, 1, 0, 0
10000, 601106, 1, 0, 0
10500, 606653, 1, 0, 0
11000, 601757, 1, 0, 0
11500, 605924, 1, 0, 0
12000, 603222, 1, 0, 0
12500, 604512, 1, 0, 0
13000, 603644, 1, 0, 0
13500, 604069, 1, 0, 0
14000, 603874, 1, 0, 0
14500, 603836, 1, 0, 0
15000, 604258, 1, 0, 0
15001, 2044126, 1, 0, 0
