500, 286080, 1, 0, 0
1000, 285872, 1, 0, 0
1500, 285888, 1, 0, 0
2000, 285840, 1, 0, 0
2500, 285824, 1, 0, 0
3000, 285824, 1, 0, 0
3500, 285824, 1, 0, 0
4000, 285824, 1, 0, 0
4500, 285864, 1, 0, 0
5000, 285856, 1, 0, 0
5500, 278520, 1, 0, 0
6000, 212536, 1, 0, 0
6500, 210608, 1, 0, 0
7000, 212304, 1, 0, 0
7500, 210928, 1, 0, 0
8000, 211984, 1, 0, 0
8500, 211184, 1, 0, 0
9000, 211792, 1, 0, 0
9500, 211432, 1, 0, 0
10000, 211688, 1, 0, 0
10501, 211480, 1, 0, 0
11000, 211647, 1, 0, 0
11500, 211424, 1, 0, 0
12000, 211696, 1, 0, 0
12500, 211488, 1, 0, 0
13000, 211528, 1, 0, 0
13500, 211648, 1, 0, 0
14000, 211432, 1, 0, 0
14500, 211792, 1, 0, 0
15000, 211128, 1, 0, 0
