500, 457703, 1, 0, 0
1000, 457354, 1, 0, 0
1500, 457137, 1, 0, 0
2000, 458845, 1, 0, 0
2500, 462767, 1, 0, 0
3000, 455753, 1, 0, 0
3500, 459173, 1, 0, 0
4000, 460166, 1, 0, 0
4500, 457395, 1, 0, 0
5000, 459003, 1, 0, 0
5500, 456495, 1, 0, 0
6000, 1685378, 1, 0, 0
6510, 7242915, 1, 0, 0
7000, 7216361, 1, 0, 0
7507, 7074083, 1, 0, 0
8000, 6592884, 1, 0, 0
8509, 6070673, 1, 0, 0
9012, 6447095, 1, 0, 0
9500, 5985913, 1, 0, 0
10004, 5402733, 1, 0, 0
10509, 5391575, 1, 0, 0
11015, 4855522, 1, 0, 0
11501, 4757029, 1, 0, 0
12008, 5658590, 1, 0, 0
12513, 5653704, 1, 0, 0
13000, 4619473, 1, 0, 0
13512, 5177519, 1, 0, 0
14000, 4950064, 1, 0, 0
14505, 5123589, 1, 0, 0
15010, 4980006, 1, 0, 0
15500, 4622046, 1, 0, 0
16001, 5027152, 1, 0, 0
16500, 5193570, 1, 0, 0
17000, 4524564, 1, 0, 0
17515, 4883856, 1, 0, 0
18015, 4560722, 1, 0, 0
18508, 6152042, 1, 0, 0
19001, 4838354, 1, 0, 0
19505, 5251607, 1, 0, 0
20000, 4769066, 1, 0, 0
20504, 5244313, 1, 0, 0
21016, 4667465, 1, 0, 0
21501, 4034386, 1, 0, 0
22001, 5253985, 1, 0, 0
22500, 4320441, 1, 0, 0
23000, 4939955, 1, 0, 0
23512, 5145924, 1, 0, 0
24007, 5118806, 1, 0, 0
24505, 4818271, 1, 0, 0
25015, 4221752, 1, 0, 0
25502, 5453479, 1, 0, 0
26014, 4948821, 1, 0, 0
26500, 4248031, 1, 0, 0
27010, 3876549, 1, 0, 0
27501, 4624679, 1, 0, 0
28000, 4290784, 1, 0, 0
28500, 4178282, 1, 0, 0
29000, 3320460, 1, 0, 0
29504, 4513919, 1, 0, 0
30010, 4350948, 1, 0, 0
30511, 4612648, 1, 0, 0
31012, 4386828, 1, 0, 0
31506, 3854530, 1, 0, 0
32000, 3753403, 1, 0, 0
32500, 4065360, 1, 0, 0
33005, 4309521, 1, 0, 0
33504, 4779078, 1, 0, 0
34000, 3996780, 1, 0, 0
34500, 3058252, 1, 0, 0
35006, 3161317, 1, 0, 0
35501, 4418158, 1, 0, 0
36004, 3842650, 1, 0, 0
36500, 3924605, 1, 0, 0
37000, 2567702, 1, 0, 0
37508, 3526648, 1, 0, 0
38007, 3807126, 1, 0, 0
38513, 2856604, 1, 0, 0
39000, 3338158, 1, 0, 0
39505, 3416553, 1, 0, 0
40010, 2810015, 1, 0, 0
40503, 2603362, 1, 0, 0
41000, 2632047, 1, 0, 0
41504, 1900981, 1, 0, 0
42002, 2382675, 1, 0, 0
42507, 2104760, 1, 0, 0
43006, 1862381, 1, 0, 0
43508, 1872815, 1, 0, 0
44000, 1677980, 1, 0, 0
44500, 1393041, 1, 0, 0
45000, 1044212, 1, 0, 0
45500, 521635, 1, 0, 0
46012, 2708372, 1, 0, 0
46502, 7675351, 1, 0, 0
47012, 7173905, 1, 0, 0
47500, 7058324, 1, 0, 0
48011, 6371163, 1, 0, 0
48500, 6294860, 1, 0, 0
49007, 5944947, 1, 0, 0
49515, 5663162, 1, 0, 0
50003, 5676602, 1, 0, 0
50506, 5369833, 1, 0, 0
51013, 4970143, 1, 0, 0
51500, 4913247, 1, 0, 0
52003, 4538578, 1, 0, 0
52502, 4859506, 1, 0, 0
53002, 5974784, 1, 0, 0
53505, 4862722, 1, 0, 0
54011, 4981660, 1, 0, 0
54514, 5080942, 1, 0, 0
55001, 4808557, 1, 0, 0
55501, 4926529, 1, 0, 0
56001, 4776282, 1, 0, 0
56513, 5052841, 1, 0, 0
57009, 4768408, 1, 0, 0
57500, 5308406, 1, 0, 0
58010, 4937581, 1, 0, 0
58510, 4620656, 1, 0, 0
59003, 4956688, 1, 0, 0
59508, 5326581, 1, 0, 0
60011, 4282079, 1, 0, 0
60012, 16377132, 1, 0, 0
