500, 1633, 1, 0, 0
1000, 1632, 1, 0, 0
1500, 1637, 1, 0, 0
2000, 1633, 1, 0, 0
2500, 1620, 1, 0, 0
3000, 1629, 1, 0, 0
3500, 1628, 1, 0, 0
4000, 1626, 1, 0, 0
4500, 1627, 1, 0, 0
5000, 1628, 1, 0, 0
5500, 1624, 1, 0, 0
6000, 1640, 1, 0, 0
6510, 1663, 1, 0, 0
7000, 1666, 1, 0, 0
7507, 1669, 1, 0, 0
8000, 1681, 1, 0, 0
8509, 2117, 1, 0, 0
9012, 1667, 1, 0, 0
9500, 1663, 1, 0, 0
10004, 1647, 1, 0, 0
10509, 1649, 1, 0, 0
11015, 1636, 1, 0, 0
11501, 1643, 1, 0, 0
12008, 1657, 1, 0, 0
12513, 1649, 1, 0, 0
13000, 1644, 1, 0, 0
13512, 1651, 1, 0, 0
14000, 1641, 1, 0, 0
14505, 1647, 1, 0, 0
15010, 1650, 1, 0, 0
15500, 1641, 1, 0, 0
16001, 1645, 1, 0, 0
16500, 1644, 1, 0, 0
17000, 1643, 1, 0, 0
17515, 1652, 1, 0, 0
18015, 1646, 1, 0, 0
18508, 1650, 1, 0, 0
19001, 1641, 1, 0, 0
19505, 1636, 1, 0, 0
20000, 1645, 1, 0, 0
20504, 1642, 1, 0, 0
21016, 1651, 1, 0, 0
21501, 1669, 1, 0, 0
22001, 1655, 1, 0, 0
22500, 1663, 1, 0, 0
23000, 1656, 1, 0, 0
23512, 1650, 1, 0, 0
24007, 1663, 1, 0, 0
24505, 1662, 1, 0, 0
25015, 1640, 1, 0, 0
25502, 1658, 1, 0, 0
26014, 1653, 1, 0, 0
26500, 1650, 1, 0, 0
27010, 1644, 1, 0, 0
27501, 1639, 1, 0, 0
28000, 1649, 1, 0, 0
28500, 1641, 1, 0, 0
29000, 1638, 1, 0, 0
29504, 1644, 1, 0, 0
30010, 1645, 1, 0, 0
30511, 1649, 1, 0, 0
31012, 1656, 1, 0, 0
31506, 1655, 1, 0, 0
32000, 1641, 1, 0, 0
32500, 1642, 1, 0, 0
33005, 1653, 1, 0, 0
33504, 1639, 1, 0, 0
34000, 1645, 1, 0, 0
34500, 1639, 1, 0, 0
35006, 1651, 1, 0, 0
35501, 1658, 1, 0, 0
36004, 1653, 1, 0, 0
36500, 1656, 1, 0, 0
37000, 1645, 1, 0, 0
37508, 1667, 1, 0, 0
38007, 1655, 1, 0, 0
38513, 1701, 1, 0, 0
39000, 1647, 1, 0, 0
39505, 1672, 1, 0, 0
40010, 1670, 1, 0, 0
40503, 1668, 1, 0, 0
41000, 1664, 1, 0, 0
41504, 1657, 1, 0, 0
42002, 1661, 1, 0, 0
42507, 1673, 1, 0, 0
43006, 1685, 1, 0, 0
43508, 1641, 1, 0, 0
44000, 1647, 1, 0, 0
44500, 1637, 1, 0, 0
45000, 1637, 1, 0, 0
45500, 1631, 1, 0, 0
46012, 1645, 1, 0, 0
46502, 1657, 1, 0, 0
47012, 1647, 1, 0, 0
47500, 1649, 1, 0, 0
48011, 1645, 1, 0, 0
48500, 1647, 1, 0, 0
49007, 1656, 1, 0, 0
49515, 1646, 1, 0, 0
50003, 1646, 1, 0, 0
50506, 1640, 1, 0, 0
51013, 1641, 1, 0, 0
51500, 1641, 1, 0, 0
52003, 1641, 1, 0, 0
52502, 1650, 1, 0, 0
53002, 1676, 1, 0, 0
53505, 1655, 1, 0, 0
54011, 1660, 1, 0, 0
54514, 1655, 1, 0, 0
55001, 1648, 1, 0, 0
55501, 1644, 1, 0, 0
56001, 1646, 1, 0, 0
56513, 1644, 1, 0, 0
57009, 1654, 1, 0, 0
57500, 1646, 1, 0, 0
58010, 1663, 1, 0, 0
58510, 1639, 1, 0, 0
59003, 1647, 1, 0, 0
59508, 1648, 1, 0, 0
60012, 1630, 1, 0, 0
