500, 2227456, 1, 0, 0
1000, 2230208, 1, 0, 0
1500, 2231040, 1, 0, 0
2000, 2222848, 1, 0, 0
2500, 2204416, 1, 0, 0
3000, 2237760, 1, 0, 0
3500, 2221376, 1, 0, 0
4000, 2216640, 1, 0, 0
4500, 2229504, 1, 0, 0
5000, 2221632, 1, 0, 0
5500, 2234880, 1, 0, 0
6000, 586560, 1, 0, 0
6500, 142272, 1, 0, 0
7000, 141440, 1, 0, 0
7500, 144384, 1, 0, 0
8000, 158080, 1, 0, 0
8500, 166016, 1, 0, 0
9000, 159872, 1, 0, 0
9500, 175232, 1, 0, 0
10000, 182272, 1, 0, 0
10500, 191871, 1, 0, 0
11000, 213760, 1, 0, 0
11500, 209152, 1, 0, 0
12000, 183296, 1, 0, 0
12500, 183296, 1, 0, 0
13000, 222720, 1, 0, 0
13500, 195840, 1, 0, 0
14000, 202304, 1, 0, 0
14500, 201024, 1, 0, 0
15000, 208128, 1, 0, 0
15500, 216704, 1, 0, 0
16000, 204288, 1, 0, 0
16500, 203648, 1, 0, 0
17000, 218240, 1, 0, 0
17500, 215808, 1, 0, 0
18000, 224384, 1, 0, 0
18500, 164224, 1, 0, 0
19000, 208768, 1, 0, 0
19500, 196608, 1, 0, 0
20000, 212480, 1, 0, 0
20500, 196480, 1, 0, 0
21000, 224384, 1, 0, 0
21500, 245888, 1, 0, 0
22000, 195456, 1, 0, 0
22500, 243328, 1, 0, 0
23000, 208192, 1, 0, 0
23500, 196544, 1, 0, 0
24000, 197888, 1, 0, 0
24500, 211840, 1, 0, 0
25000, 247168, 1, 0, 0
25500, 183040, 1, 0, 0
26000, 211584, 1, 0, 0
26500, 237952, 1, 0, 0
27000, 265216, 1, 0, 0
27500, 217472, 1, 0, 0
28000, 244032, 1, 0, 0
28500, 246765, 1, 0, 0
29000, 305408, 1, 0, 0
29500, 223680, 1, 0, 0
30000, 238848, 1, 0, 0
30500, 222464, 1, 0, 0
31000, 233472, 1, 0, 0
31500, 262016, 1, 0, 0
32000, 278272, 1, 0, 0
32500, 252224, 1, 0, 0
33000, 232000, 1, 0, 0
33500, 213888, 1, 0, 0
34000, 261952, 1, 0, 0
34500, 333760, 1, 0, 0
35000, 318464, 1, 0, 0
35500, 229760, 1, 0, 0
36000, 267520, 1, 0, 0
36500, 266112, 1, 0, 0
37000, 399360, 1, 0, 0
37500, 285952, 1, 0, 0
38000, 268800, 1, 0, 0
38500, 361856, 1, 0, 0
39000, 307456, 1, 0, 0
39500, 294784, 1, 0, 0
40000, 368000, 1, 0, 0
40500, 386944, 1, 0, 0
41000, 396672, 1, 0, 0
41500, 529920, 1, 0, 0
42000, 428416, 1, 0, 0
42500, 491776, 1, 0, 0
43000, 549066, 1, 0, 0
43500, 549248, 1, 0, 0
44000, 611584, 1, 0, 0
44500, 734336, 1, 0, 0
45000, 979072, 1, 0, 0
45500, 1956352, 1, 0, 0
46000, 372864, 1, 0, 0
46500, 130688, 1, 0, 0
47000, 145664, 1, 0, 0
47500, 141568, 1, 0, 0
48000, 164096, 1, 0, 0
48500, 159296, 1, 0, 0
49000, 174656, 1, 0, 0
49500, 183680, 1, 0, 0
50000, 175744, 1, 0, 0
50500, 192256, 1, 0, 0
51000, 208640, 1, 0, 0
51500, 209536, 1, 0, 0
52000, 219520, 1, 0, 0
52500, 210816, 1, 0, 0
53000, 171520, 1, 0, 0
53500, 210688, 1, 0, 0
54000, 208512, 1, 0, 0
54500, 202496, 1, 0, 0
55000, 206848, 1, 0, 0
55500, 208256, 1, 0, 0
56000, 214400, 1, 0, 0
56500, 207390, 1, 0, 0
57000, 213248, 1, 0, 0
57500, 189248, 1, 0, 0
58000, 211904, 1, 0, 0
58500, 221696, 1, 0, 0
59000, 203136, 1, 0, 0
59500, 194176, 1, 0, 0
60000, 241152, 1, 0, 0
