500, 459336, 1, 0, 0
1000, 458986, 1, 0, 0
1500, 458774, 1, 0, 0
2000, 460479, 1, 0, 0
2500, 464386, 1, 0, 0
3000, 457382, 1, 0, 0
3500, 460800, 1, 0, 0
4000, 461791, 1, 0, 0
4500, 459023, 1, 0, 0
5000, 460631, 1, 0, 0
5500, 458120, 1, 0, 0
6000, 1687018, 1, 0, 0
6510, 7244577, 1, 0, 0
7000, 7218027, 1, 0, 0
7507, 7075752, 1, 0, 0
8000, 6594564, 1, 0, 0
8509, 6072790, 1, 0, 0
9012, 6448764, 1, 0, 0
9500, 5987576, 1, 0, 0
10004, 5404380, 1, 0, 0
10509, 5393224, 1, 0, 0
11015, 4857158, 1, 0, 0
11501, 4758672, 1, 0, 0
12008, 5660247, 1, 0, 0
12513, 5655354, 1, 0, 0
13000, 4621118, 1, 0, 0
13512, 5179171, 1, 0, 0
14000, 4951705, 1, 0, 0
14505, 5125234, 1, 0, 0
15010, 4981658, 1, 0, 0
15500, 4623687, 1, 0, 0
16001, 5028796, 1, 0, 0
16500, 5195214, 1, 0, 0
17000, 4526208, 1, 0, 0
17515, 4885508, 1, 0, 0
18015, 4562369, 1, 0, 0
18508, 6153692, 1, 0, 0
19001, 4839995, 1, 0, 0
19505, 5253244, 1, 0, 0
20000, 4770710, 1, 0, 0
20504, 5245956, 1, 0, 0
21016, 4669116, 1, 0, 0
21501, 4036054, 1, 0, 0
22001, 5255641, 1, 0, 0
22500, 4322103, 1, 0, 0
23000, 4941611, 1, 0, 0
23512, 5147575, 1, 0, 0
24007, 5120468, 1, 0, 0
24505, 4819934, 1, 0, 0
25015, 4223392, 1, 0, 0
25502, 5455136, 1, 0, 0
26014, 4950474, 1, 0, 0
26500, 4249680, 1, 0, 0
27010, 3878193, 1, 0, 0
27501, 4626318, 1, 0, 0
28000, 4292433, 1, 0, 0
28500, 4179923, 1, 0, 0
29000, 3322098, 1, 0, 0
29504, 4515563, 1, 0, 0
30010, 4352593, 1, 0, 0
30511, 4614296, 1, 0, 0
31012, 4388485, 1, 0, 0
31506, 3856185, 1, 0, 0
32000, 3755044, 1, 0, 0
32500, 4067002, 1, 0, 0
33005, 4311174, 1, 0, 0
33504, 4780717, 1, 0, 0
34000, 3998425, 1, 0, 0
34500, 3059891, 1, 0, 0
35006, 3162968, 1, 0, 0
35501, 4419816, 1, 0, 0
36004, 3844303, 1, 0, 0
36500, 3926261, 1, 0, 0
37000, 2569347, 1, 0, 0
37508, 3528315, 1, 0, 0
38007, 3808780, 1, 0, 0
38513, 2858305, 1, 0, 0
39000, 3339805, 1, 0, 0
39505, 3418225, 1, 0, 0
40010, 2811685, 1, 0, 0
40503, 2605030, 1, 0, 0
41000, 2633711, 1, 0, 0
41504, 1902637, 1, 0, 0
42002, 2384337, 1, 0, 0
42507, 2106433, 1, 0, 0
43006, 1864066, 1, 0, 0
43508, 1874456, 1, 0, 0
44000, 1679627, 1, 0, 0
44500, 1394677, 1, 0, 0
45000, 1045849, 1, 0, 0
45500, 523266, 1, 0, 0
46012, 2710015, 1, 0, 0
46502, 7677009, 1, 0, 0
47012, 7175552, 1, 0, 0
47500, 7059973, 1, 0, 0
48011, 6372807, 1, 0, 0
48500, 6296507, 1, 0, 0
49007, 5946603, 1, 0, 0
49515, 5664808, 1, 0, 0
50003, 5678249, 1, 0, 0
50506, 5371473, 1, 0, 0
51013, 4971784, 1, 0, 0
51500, 4914888, 1, 0, 0
52003, 4540220, 1, 0, 0
52502, 4861157, 1, 0, 0
53002, 5976460, 1, 0, 0
53505, 4864377, 1, 0, 0
54011, 4983320, 1, 0, 0
54514, 5082597, 1, 0, 0
55001, 4810205, 1, 0, 0
55501, 4928173, 1, 0, 0
56001, 4777928, 1, 0, 0
56513, 5054485, 1, 0, 0
57009, 4770062, 1, 0, 0
57500, 5310052, 1, 0, 0
58010, 4939244, 1, 0, 0
58510, 4622296, 1, 0, 0
59003, 4958335, 1, 0, 0
59508, 5328229, 1, 0, 0
60011, 4283709, 1, 0, 0
60012, 16378783, 1, 0, 0
