500, 69610, 1, 0, 0
1000, 69692, 1, 0, 0
1500, 69720, 1, 0, 0
2000, 69464, 1, 0, 0
2500, 68888, 1, 0, 0
3000, 69930, 1, 0, 0
3500, 69418, 1, 0, 0
4000, 69270, 1, 0, 0
4500, 69672, 1, 0, 0
5000, 69426, 1, 0, 0
5500, 69840, 1, 0, 0
6000, 18330, 1, 0, 0
6500, 4446, 1, 0, 0
7000, 4420, 1, 0, 0
7500, 4512, 1, 0, 0
8000, 4940, 1, 0, 0
8500, 5188, 1, 0, 0
9000, 4996, 1, 0, 0
9500, 5476, 1, 0, 0
10000, 5696, 1, 0, 0
10500, 5995, 1, 0, 0
11000, 6680, 1, 0, 0
11500, 6536, 1, 0, 0
12000, 5728, 1, 0, 0
12500, 5728, 1, 0, 0
13000, 6960, 1, 0, 0
13500, 6120, 1, 0, 0
14000, 6322, 1, 0, 0
14500, 6282, 1, 0, 0
15000, 6504, 1, 0, 0
15500, 6772, 1, 0, 0
16000, 6384, 1, 0, 0
16500, 6364, 1, 0, 0
17000, 6820, 1, 0, 0
17500, 6744, 1, 0, 0
18000, 7012, 1, 0, 0
18500, 5132, 1, 0, 0
19000, 6524, 1, 0, 0
19500, 6144, 1, 0, 0
20000, 6640, 1, 0, 0
20500, 6140, 1, 0, 0
21000, 7012, 1, 0, 0
21500, 7684, 1, 0, 0
22000, 6108, 1, 0, 0
22500, 7604, 1, 0, 0
23000, 6506, 1, 0, 0
23500, 6142, 1, 0, 0
24000, 6184, 1, 0, 0
24500, 6620, 1, 0, 0
25000, 7724, 1, 0, 0
25500, 5720, 1, 0, 0
26000, 6612, 1, 0, 0
26500, 7436, 1, 0, 0
27000, 8288, 1, 0, 0
27500, 6796, 1, 0, 0
28000, 7626, 1, 0, 0
28500, 7711, 1, 0, 0
29000, 9544, 1, 0, 0
29500, 6990, 1, 0, 0
30000, 7464, 1, 0, 0
30500, 6952, 1, 0, 0
31000, 7296, 1, 0, 0
31500, 8188, 1, 0, 0
32000, 8696, 1, 0, 0
32500, 7882, 1, 0, 0
33000, 7250, 1, 0, 0
33500, 6684, 1, 0, 0
34000, 8186, 1, 0, 0
34500, 10430, 1, 0, 0
35000, 9952, 1, 0, 0
35500, 7180, 1, 0, 0
36000, 8360, 1, 0, 0
36500, 8316, 1, 0, 0
37000, 12480, 1, 0, 0
37500, 8936, 1, 0, 0
38000, 8400, 1, 0, 0
38500, 11308, 1, 0, 0
39000, 9608, 1, 0, 0
39500, 9212, 1, 0, 0
40000, 11500, 1, 0, 0
40500, 12092, 1, 0, 0
41000, 12396, 1, 0, 0
41500, 16560, 1, 0, 0
42000, 13388, 1, 0, 0
42500, 15368, 1, 0, 0
43000, 17158, 1, 0, 0
43500, 17164, 1, 0, 0
44000, 19112, 1, 0, 0
44500, 22948, 1, 0, 0
45000, 30596, 1, 0, 0
45500, 61136, 1, 0, 0
46000, 11652, 1, 0, 0
46500, 4084, 1, 0, 0
47000, 4552, 1, 0, 0
47500, 4424, 1, 0, 0
48000, 5128, 1, 0, 0
48500, 4978, 1, 0, 0
49000, 5458, 1, 0, 0
49500, 5740, 1, 0, 0
50000, 5492, 1, 0, 0
50500, 6008, 1, 0, 0
51000, 6520, 1, 0, 0
51500, 6548, 1, 0, 0
52000, 6860, 1, 0, 0
52500, 6588, 1, 0, 0
53000, 5360, 1, 0, 0
53500, 6584, 1, 0, 0
54000, 6516, 1, 0, 0
54500, 6328, 1, 0, 0
55000, 6464, 1, 0, 0
55500, 6508, 1, 0, 0
56000, 6700, 1, 0, 0
56500, 6480, 1, 0, 0
57000, 6664, 1, 0, 0
57500, 5914, 1, 0, 0
58000, 6622, 1, 0, 0
58500, 6928, 1, 0, 0
59000, 6348, 1, 0, 0
59500, 6068, 1, 0, 0
60000, 7536, 1, 0, 0
