500, 2579, 1, 0, 0
1000, 2576, 1, 0, 0
1500, 2578, 1, 0, 0
2000, 2568, 1, 0, 0
2500, 2567, 1, 0, 0
3000, 2572, 1, 0, 0
3500, 2580, 1, 0, 0
4000, 2574, 1, 0, 0
4500, 2577, 1, 0, 0
5000, 2576, 1, 0, 0
5515, 2566, 1, 0, 0
6007, 2625, 1, 0, 0
6500, 2599, 1, 0, 0
7007, 2654, 1, 0, 0
7500, 2621, 1, 0, 0
8011, 2634, 1, 0, 0
8500, 2633, 1, 0, 0
9009, 2626, 1, 0, 0
9516, 2603, 1, 0, 0
10006, 2609, 1, 0, 0
10512, 2608, 1, 0, 0
11000, 2619, 1, 0, 0
11504, 2619, 1, 0, 0
12011, 2618, 1, 0, 0
12500, 2597, 1, 0, 0
13006, 2627, 1, 0, 0
13513, 2602, 1, 0, 0
14000, 2624, 1, 0, 0
14506, 2615, 1, 0, 0
15011, 2609, 1, 0, 0
15500, 2579, 1, 0, 0
16003, 2643, 1, 0, 0
16507, 2612, 1, 0, 0
17012, 2622, 1, 0, 0
17500, 2608, 1, 0, 0
18004, 2618, 1, 0, 0
18510, 2608, 1, 0, 0
19014, 2604, 1, 0, 0
19500, 2595, 1, 0, 0
20003, 2611, 1, 0, 0
20507, 2610, 1, 0, 0
21011, 2639, 1, 0, 0
21514, 2610, 1, 0, 0
22000, 2611, 1, 0, 0
22502, 2617, 1, 0, 0
23005, 2618, 1, 0, 0
23507, 2613, 1, 0, 0
24010, 2620, 1, 0, 0
24512, 2612, 1, 0, 0
25013, 2596, 1, 0, 0
25513, 2612, 1, 0, 0
26015, 2626, 1, 0, 0
26515, 2610, 1, 0, 0
27014, 2620, 1, 0, 0
27513, 2602, 1, 0, 0
28011, 2600, 1, 0, 0
28510, 2602, 1, 0, 0
29009, 2620, 1, 0, 0
29504, 2622, 1, 0, 0
30002, 2616, 1, 0, 0
30500, 2621, 1, 0, 0
31010, 2631, 1, 0, 0
31504, 2618, 1, 0, 0
32014, 2619, 1, 0, 0
32503, 2611, 1, 0, 0
33011, 2614, 1, 0, 0
33500, 2626, 1, 0, 0
34002, 2617, 1, 0, 0
34503, 2608, 1, 0, 0
35000, 2608, 1, 0, 0
35505, 2595, 1, 0, 0
36004, 2617, 1, 0, 0
36501, 2610, 1, 0, 0
37000, 2604, 1, 0, 0
37517, 2591, 1, 0, 0
38010, 2607, 1, 0, 0
38501, 2598, 1, 0, 0
39011, 2613, 1, 0, 0
39500, 2590, 1, 0, 0
40011, 2636, 1, 0, 0
40501, 2606, 1, 0, 0
41010, 2628, 1, 0, 0
41517, 2610, 1, 0, 0
42004, 2604, 1, 0, 0
42511, 2599, 1, 0, 0
43000, 2600, 1, 0, 0
43503, 2616, 1, 0, 0
44008, 2637, 1, 0, 0
44516, 2615, 1, 0, 0
45001, 2645, 1, 0, 0
45508, 2622, 1, 0, 0
46014, 2632, 1, 0, 0
46501, 2609, 1, 0, 0
47005, 2616, 1, 0, 0
47512, 2585, 1, 0, 0
48000, 2602, 1, 0, 0
48506, 2604, 1, 0, 0
49011, 2625, 1, 0, 0
49500, 2618, 1, 0, 0
50002, 2617, 1, 0, 0
50506, 2617, 1, 0, 0
51010, 2639, 1, 0, 0
51513, 2638, 1, 0, 0
52015, 2621, 1, 0, 0
52500, 2621, 1, 0, 0
53004, 2623, 1, 0, 0
53507, 2623, 1, 0, 0
54009, 2634, 1, 0, 0
54513, 2620, 1, 0, 0
55016, 2630, 1, 0, 0
55500, 2591, 1, 0, 0
56001, 2644, 1, 0, 0
56504, 2590, 1, 0, 0
57005, 2623, 1, 0, 0
57504, 2607, 1, 0, 0
58006, 2618, 1, 0, 0
58505, 2615, 1, 0, 0
59005, 2615, 1, 0, 0
59504, 2606, 1, 0, 0
60003, 2614, 1, 0, 0
