500, 2290688, 1, 0, 0
1000, 2286848, 1, 0, 0
1500, 2286720, 1, 0, 0
2000, 2286848, 1, 0, 0
2500, 2286557, 1, 0, 0
3000, 2286976, 1, 0, 0
3500, 2286848, 1, 0, 0
4000, 2286848, 1, 0, 0
4500, 2286592, 1, 0, 0
5000, 2286592, 1, 0, 0
5500, 2110720, 1, 0, 0
6000, 145408, 1, 0, 0
6500, 147200, 1, 0, 0
7000, 147968, 1, 0, 0
7500, 157952, 1, 0, 0
8000, 161280, 1, 0, 0
8500, 169472, 1, 0, 0
9000, 187904, 1, 0, 0
9500, 196352, 1, 0, 0
10000, 198656, 1, 0, 0
10500, 216576, 1, 0, 0
11000, 225024, 1, 0, 0
11500, 236288, 1, 0, 0
12000, 242688, 1, 0, 0
12500, 234496, 1, 0, 0
13000, 218112, 1, 0, 0
13500, 217088, 1, 0, 0
14000, 215168, 1, 0, 0
14500, 220288, 1, 0, 0
15000, 229376, 1, 0, 0
15500, 231936, 1, 0, 0
16000, 228553, 1, 0, 0
16500, 241920, 1, 0, 0
17000, 244480, 1, 0, 0
17500, 234752, 1, 0, 0
18000, 249856, 1, 0, 0
18500, 253952, 1, 0, 0
19000, 259584, 1, 0, 0
19500, 255744, 1, 0, 0
20000, 268544, 1, 0, 0
20500, 274688, 1, 0, 0
21000, 275456, 1, 0, 0
21500, 274688, 1, 0, 0
22000, 269440, 1, 0, 0
22500, 282752, 1, 0, 0
23000, 290304, 1, 0, 0
23500, 293120, 1, 0, 0
24000, 301568, 1, 0, 0
24500, 304896, 1, 0, 0
25000, 315392, 1, 0, 0
25500, 317952, 1, 0, 0
26000, 316160, 1, 0, 0
26500, 327168, 1, 0, 0
27000, 333056, 1, 0, 0
27500, 347136, 1, 0, 0
28000, 359936, 1, 0, 0
28500, 367360, 1, 0, 0
29000, 377088, 1, 0, 0
29500, 389120, 1, 0, 0
30000, 397568, 1, 0, 0
30500, 417218, 1, 0, 0
31000, 429952, 1, 0, 0
31500, 438784, 1, 0, 0
32000, 480512, 1, 0, 0
32500, 485120, 1, 0, 0
33000, 524544, 1, 0, 0
33500, 531456, 1, 0, 0
34000, 589312, 1, 0, 0
34500, 638464, 1, 0, 0
35000, 703616, 1, 0, 0
35500, 778624, 1, 0, 0
36000, 913920, 1, 0, 0
36500, 1136384, 1, 0, 0
37000, 1821952, 1, 0, 0
37500, 1052416, 1, 0, 0
38000, 140288, 1, 0, 0
38500, 143872, 1, 0, 0
39000, 157952, 1, 0, 0
39500, 158976, 1, 0, 0
40000, 171520, 1, 0, 0
40500, 174592, 1, 0, 0
41000, 190720, 1, 0, 0
41500, 201984, 1, 0, 0
42000, 202752, 1, 0, 0
42500, 222976, 1, 0, 0
43000, 229760, 1, 0, 0
43500, 227712, 1, 0, 0
44001, 241664, 1, 0, 0
44500, 230092, 1, 0, 0
45000, 208896, 1, 0, 0
45500, 215296, 1, 0, 0
46000, 219904, 1, 0, 0
46500, 218112, 1, 0, 0
47000, 235520, 1, 0, 0
47500, 235776, 1, 0, 0
48000, 236544, 1, 0, 0
48500, 241408, 1, 0, 0
49000, 251392, 1, 0, 0
49500, 251136, 1, 0, 0
50000, 244480, 1, 0, 0
50500, 255488, 1, 0, 0
51000, 259840, 1, 0, 0
51500, 261632, 1, 0, 0
52000, 267520, 1, 0, 0
52500, 260864, 1, 0, 0
53000, 271104, 1, 0, 0
53500, 274944, 1, 0, 0
54000, 283392, 1, 0, 0
54500, 290048, 1, 0, 0
55000, 291584, 1, 0, 0
55500, 293632, 1, 0, 0
56000, 294144, 1, 0, 0
56500, 303872, 1, 0, 0
57000, 309248, 1, 0, 0
57500, 318976, 1, 0, 0
58000, 323584, 1, 0, 0
58500, 332800, 1, 0, 0
59000, 341504, 1, 0, 0
59500, 350208, 1, 0, 0
60000, 354560, 1, 0, 0
