500, 894414, 1, 0, 0
1000, 895434, 1, 0, 0
1500, 895435, 1, 0, 0
2000, 895432, 1, 0, 0
2500, 895430, 1, 0, 0
3000, 895430, 1, 0, 0
3500, 895431, 1, 0, 0
4000, 895431, 1, 0, 0
4500, 895427, 1, 0, 0
5000, 895422, 1, 0, 0
5515, 966647, 1, 0, 0
6007, 13842572, 1, 0, 0
6500, 14231145, 1, 0, 0
7007, 13547584, 1, 0, 0
7500, 13364803, 1, 0, 0
8011, 12415518, 1, 0, 0
8500, 11831467, 1, 0, 0
9009, 11078204, 1, 0, 0
9516, 10590024, 1, 0, 0
10006, 10086392, 1, 0, 0
10512, 9593657, 1, 0, 0
11000, 9027072, 1, 0, 0
11504, 8601305, 1, 0, 0
12011, 8559663, 1, 0, 0
12500, 8582750, 1, 0, 0
13006, 9427942, 1, 0, 0
13513, 9575011, 1, 0, 0
14000, 9436914, 1, 0, 0
14506, 9257942, 1, 0, 0
15011, 9004645, 1, 0, 0
15500, 9012171, 1, 0, 0
16003, 8669728, 1, 0, 0
16507, 8537949, 1, 0, 0
17012, 8467608, 1, 0, 0
17500, 8490379, 1, 0, 0
18004, 8273414, 1, 0, 0
18510, 8162524, 1, 0, 0
19014, 7954130, 1, 0, 0
19500, 7813025, 1, 0, 0
20003, 7641120, 1, 0, 0
20507, 7514465, 1, 0, 0
21011, 7485347, 1, 0, 0
21514, 7501851, 1, 0, 0
22000, 7495832, 1, 0, 0
22502, 7177715, 1, 0, 0
23005, 7090010, 1, 0, 0
23507, 7025010, 1, 0, 0
24010, 6828848, 1, 0, 0
24512, 6747331, 1, 0, 0
25013, 6507835, 1, 0, 0
25513, 6436998, 1, 0, 0
26015, 6510132, 1, 0, 0
26515, 6255199, 1, 0, 0
27014, 6146723, 1, 0, 0
27513, 5885480, 1, 0, 0
28011, 5666487, 1, 0, 0
28510, 5566966, 1, 0, 0
29009, 5415196, 1, 0, 0
29504, 5223336, 1, 0, 0
30002, 5117658, 1, 0, 0
30500, 5046458, 1, 0, 0
31010, 4725581, 1, 0, 0
31504, 4609467, 1, 0, 0
32014, 4347742, 1, 0, 0
32503, 4137340, 1, 0, 0
33011, 3963866, 1, 0, 0
33500, 3840674, 1, 0, 0
34002, 3427886, 1, 0, 0
34503, 3219581, 1, 0, 0
35000, 2969568, 1, 0, 0
35505, 2596457, 1, 0, 0
36004, 2242027, 1, 0, 0
36501, 1803859, 1, 0, 0
37000, 1135455, 1, 0, 0
37517, 1940904, 1, 0, 0
38010, 14391269, 1, 0, 0
38501, 13974116, 1, 0, 0
39011, 13241077, 1, 0, 0
39500, 12661509, 1, 0, 0
40011, 12134374, 1, 0, 0
40501, 11499666, 1, 0, 0
41010, 10928920, 1, 0, 0
41517, 10281998, 1, 0, 0
42004, 9856400, 1, 0, 0
42511, 9311595, 1, 0, 0
43000, 9162863, 1, 0, 0
43503, 8611494, 1, 0, 0
44008, 8563613, 1, 0, 0
44516, 9042865, 1, 0, 0
45001, 9527642, 1, 0, 0
45508, 9635921, 1, 0, 0
46014, 9424647, 1, 0, 0
46501, 9151821, 1, 0, 0
47005, 8769699, 1, 0, 0
47512, 8799671, 1, 0, 0
48000, 8699623, 1, 0, 0
48506, 8337948, 1, 0, 0
49011, 8235847, 1, 0, 0
49500, 8282195, 1, 0, 0
50002, 8091512, 1, 0, 0
50506, 8086629, 1, 0, 0
51010, 7933583, 1, 0, 0
51513, 7880565, 1, 0, 0
52015, 7696992, 1, 0, 0
52500, 7609505, 1, 0, 0
53004, 7608145, 1, 0, 0
53507, 7509251, 1, 0, 0
54009, 7249403, 1, 0, 0
54513, 7113300, 1, 0, 0
55016, 7065428, 1, 0, 0
55500, 7002537, 1, 0, 0
56001, 6723431, 1, 0, 0
56504, 6788545, 1, 0, 0
57005, 6635145, 1, 0, 0
57504, 6418519, 1, 0, 0
58006, 6338947, 1, 0, 0
58505, 6153553, 1, 0, 0
59005, 5996606, 1, 0, 0
59504, 5833803, 1, 0, 0
60002, 5760415, 1, 0, 0
60003, 17244240, 1, 0, 0
