500, 478774, 1, 0, 0
1000, 476956, 1, 0, 0
1500, 478172, 1, 0, 0
2000, 480095, 1, 0, 0
2500, 483568, 1, 0, 0
3000, 479704, 1, 0, 0
3500, 479802, 1, 0, 0
4000, 478588, 1, 0, 0
4500, 480008, 1, 0, 0
5000, 477038, 1, 0, 0
5500, 479868, 1, 0, 0
6010, 642568, 1, 0, 0
6513, 7166671, 1, 0, 0
7015, 7379954, 1, 0, 0
7503, 6931754, 1, 0, 0
8006, 6950968, 1, 0, 0
8503, 6882304, 1, 0, 0
9004, 6568655, 1, 0, 0
9505, 6504111, 1, 0, 0
10000, 6449185, 1, 0, 0
10500, 5796756, 1, 0, 0
11005, 6338766, 1, 0, 0
11502, 5511235, 1, 0, 0
12005, 5852674, 1, 0, 0
12510, 5754613, 1, 0, 0
13010, 5613459, 1, 0, 0
13510, 5821924, 1, 0, 0
14000, 5503817, 1, 0, 0
14503, 5531261, 1, 0, 0
15000, 5378546, 1, 0, 0
15503, 5580959, 1, 0, 0
16000, 5436658, 1, 0, 0
16501, 5607909, 1, 0, 0
17003, 5893217, 1, 0, 0
17502, 5518740, 1, 0, 0
18011, 5107079, 1, 0, 0
18500, 5407596, 1, 0, 0
19000, 5435832, 1, 0, 0
19500, 5297896, 1, 0, 0
20011, 5469357, 1, 0, 0
20514, 5126586, 1, 0, 0
21009, 5274755, 1, 0, 0
21510, 5132616, 1, 0, 0
22000, 5422582, 1, 0, 0
22515, 5030359, 1, 0, 0
23013, 5160842, 1, 0, 0
23508, 5028659, 1, 0, 0
24000, 5372441, 1, 0, 0
24514, 4765521, 1, 0, 0
25001, 5186706, 1, 0, 0
25512, 5068226, 1, 0, 0
26013, 5277247, 1, 0, 0
26504, 5012696, 1, 0, 0
27002, 4546182, 1, 0, 0
27509, 4758058, 1, 0, 0
28002, 4581096, 1, 0, 0
28510, 4613907, 1, 0, 0
29003, 4292094, 1, 0, 0
29510, 4739763, 1, 0, 0
30002, 4954638, 1, 0, 0
30506, 4481254, 1, 0, 0
31002, 4551332, 1, 0, 0
31500, 4705852, 1, 0, 0
32001, 4199291, 1, 0, 0
32508, 3949576, 1, 0, 0
33000, 4283970, 1, 0, 0
33500, 4431629, 1, 0, 0
34008, 4303101, 1, 0, 0
34503, 3905033, 1, 0, 0
35000, 4443110, 1, 0, 0
35500, 4143005, 1, 0, 0
36001, 4003576, 1, 0, 0
36500, 3476234, 1, 0, 0
37000, 3822556, 1, 0, 0
37501, 3883943, 1, 0, 0
38001, 3867847, 1, 0, 0
38507, 3666413, 1, 0, 0
39002, 3867778, 1, 0, 0
39506, 3716503, 1, 0, 0
40001, 3685048, 1, 0, 0
40500, 3805741, 1, 0, 0
41000, 3592999, 1, 0, 0
41500, 3503795, 1, 0, 0
42000, 3224798, 1, 0, 0
42505, 3261982, 1, 0, 0
43001, 2970656, 1, 0, 0
43503, 2845677, 1, 0, 0
44000, 2822275, 1, 0, 0
44500, 2656022, 1, 0, 0
45000, 2528497, 1, 0, 0
45500, 2486881, 1, 0, 0
46001, 2246065, 1, 0, 0
46505, 2338544, 1, 0, 0
47006, 1851058, 1, 0, 0
47500, 1546581, 1, 0, 0
48000, 1402816, 1, 0, 0
48500, 916782, 1, 0, 0
49000, 583729, 1, 0, 0
49500, 7352965, 1, 0, 0
50000, 7854979, 1, 0, 0
50514, 7441918, 1, 0, 0
51000, 7033030, 1, 0, 0
51500, 6994097, 1, 0, 0
52000, 6638048, 1, 0, 0
52500, 6212895, 1, 0, 0
53000, 5891921, 1, 0, 0
53506, 6342325, 1, 0, 0
54002, 5785058, 1, 0, 0
54500, 5681748, 1, 0, 0
55004, 5665489, 1, 0, 0
55506, 5909286, 1, 0, 0
56000, 5438239, 1, 0, 0
56506, 5332180, 1, 0, 0
57008, 5561838, 1, 0, 0
57511, 5477430, 1, 0, 0
58010, 6082038, 1, 0, 0
58501, 5468838, 1, 0, 0
59011, 5562484, 1, 0, 0
59513, 5735648, 1, 0, 0
60000, 5715035, 1, 0, 0
60000, 8878649, 1, 0, 0
