500, 1670, 1, 0, 0
1000, 1661, 1, 0, 0
1500, 1659, 1, 0, 0
2000, 1657, 1, 0, 0
2500, 1656, 1, 0, 0
3000, 1657, 1, 0, 0
3500, 1657, 1, 0, 0
4000, 1663, 1, 0, 0
4500, 1664, 1, 0, 0
5000, 1662, 1, 0, 0
5500, 1665, 1, 0, 0
6010, 1671, 1, 0, 0
6513, 1676, 1, 0, 0
7015, 1689, 1, 0, 0
7503, 1685, 1, 0, 0
8006, 1694, 1, 0, 0
8503, 1682, 1, 0, 0
9004, 1674, 1, 0, 0
9505, 1678, 1, 0, 0
10000, 1682, 1, 0, 0
10500, 1691, 1, 0, 0
11005, 1683, 1, 0, 0
11502, 1687, 1, 0, 0
12005, 1680, 1, 0, 0
12510, 1684, 1, 0, 0
13011, 1694, 1, 0, 0
13510, 1689, 1, 0, 0
14000, 1693, 1, 0, 0
14503, 1693, 1, 0, 0
15000, 1684, 1, 0, 0
15503, 1680, 1, 0, 0
16000, 1684, 1, 0, 0
16501, 1679, 1, 0, 0
17003, 1679, 1, 0, 0
17502, 1680, 1, 0, 0
18011, 1674, 1, 0, 0
18500, 1679, 1, 0, 0
19000, 1692, 1, 0, 0
19500, 1673, 1, 0, 0
20011, 1675, 1, 0, 0
20514, 1679, 1, 0, 0
21009, 1702, 1, 0, 0
21510, 1696, 1, 0, 0
22000, 1692, 1, 0, 0
22515, 1696, 1, 0, 0
23013, 1688, 1, 0, 0
23508, 1686, 1, 0, 0
24000, 1698, 1, 0, 0
24514, 1685, 1, 0, 0
25001, 1695, 1, 0, 0
25512, 1684, 1, 0, 0
26013, 1688, 1, 0, 0
26504, 1684, 1, 0, 0
27002, 1692, 1, 0, 0
27509, 1677, 1, 0, 0
28002, 1686, 1, 0, 0
28510, 1691, 1, 0, 0
29003, 1686, 1, 0, 0
29510, 1685, 1, 0, 0
30002, 1674, 1, 0, 0
30506, 1682, 1, 0, 0
31002, 1674, 1, 0, 0
31500, 1680, 1, 0, 0
32001, 1679, 1, 0, 0
32508, 1681, 1, 0, 0
33000, 1691, 1, 0, 0
33500, 1678, 1, 0, 0
34008, 1680, 1, 0, 0
34503, 1674, 1, 0, 0
35000, 1678, 1, 0, 0
35500, 1670, 1, 0, 0
36001, 1684, 1, 0, 0
36500, 1672, 1, 0, 0
37000, 1671, 1, 0, 0
37501, 1677, 1, 0, 0
38001, 1669, 1, 0, 0
38507, 1667, 1, 0, 0
39002, 1670, 1, 0, 0
39506, 1671, 1, 0, 0
40001, 1688, 1, 0, 0
40500, 1688, 1, 0, 0
41000, 1696, 1, 0, 0
41500, 1694, 1, 0, 0
42000, 1696, 1, 0, 0
42505, 1693, 1, 0, 0
43001, 1693, 1, 0, 0
43503, 1691, 1, 0, 0
44000, 1683, 1, 0, 0
44500, 1679, 1, 0, 0
45000, 1678, 1, 0, 0
45500, 1671, 1, 0, 0
46001, 1686, 1, 0, 0
46505, 1687, 1, 0, 0
47006, 1683, 1, 0, 0
47500, 1684, 1, 0, 0
48000, 1679, 1, 0, 0
48500, 1679, 1, 0, 0
49000, 1678, 1, 0, 0
49500, 1695, 1, 0, 0
50000, 1691, 1, 0, 0
50514, 1696, 1, 0, 0
51000, 1691, 1, 0, 0
51500, 1691, 1, 0, 0
52000, 1694, 1, 0, 0
52500, 1695, 1, 0, 0
53000, 1696, 1, 0, 0
53506, 1686, 1, 0, 0
54002, 1688, 1, 0, 0
54500, 1685, 1, 0, 0
55004, 1685, 1, 0, 0
55506, 1686, 1, 0, 0
56000, 1694, 1, 0, 0
56506, 1695, 1, 0, 0
57008, 1689, 1, 0, 0
57511, 1690, 1, 0, 0
58010, 1706, 1, 0, 0
58501, 1703, 1, 0, 0
59011, 1698, 1, 0, 0
59513, 1693, 1, 0, 0
60000, 1678, 1, 0, 0
