500, 2129664, 1, 0, 0
1000, 2138432, 1, 0, 0
1500, 2133440, 1, 0, 0
2000, 2124608, 1, 0, 0
2500, 2109120, 1, 0, 0
3000, 2126464, 1, 0, 0
3500, 2126336, 1, 0, 0
4000, 2131200, 1, 0, 0
4500, 2124800, 1, 0, 0
5000, 2138560, 1, 0, 0
5500, 2125312, 1, 0, 0
6000, 1570752, 1, 0, 0
6500, 143552, 1, 0, 0
7000, 139328, 1, 0, 0
7500, 144064, 1, 0, 0
8000, 148032, 1, 0, 0
8500, 148416, 1, 0, 0
9000, 155968, 1, 0, 0
9500, 157440, 1, 0, 0
10000, 157760, 1, 0, 0
10500, 176832, 1, 0, 0
11000, 162688, 1, 0, 0
11500, 183936, 1, 0, 0
12000, 176512, 1, 0, 0
12500, 179392, 1, 0, 0
13000, 183232, 1, 0, 0
13500, 175360, 1, 0, 0
14000, 184704, 1, 0, 0
14500, 183791, 1, 0, 0
15000, 195136, 1, 0, 0
15500, 179392, 1, 0, 0
16000, 192384, 1, 0, 0
16500, 177344, 1, 0, 0
17000, 174144, 1, 0, 0
17500, 186688, 1, 0, 0
18000, 202816, 1, 0, 0
18500, 190528, 1, 0, 0
19000, 188992, 1, 0, 0
19500, 192512, 1, 0, 0
20000, 186048, 1, 0, 0
20500, 200384, 1, 0, 0
21000, 192768, 1, 0, 0
21500, 199552, 1, 0, 0
22000, 186048, 1, 0, 0
22500, 208064, 1, 0, 0
23000, 197760, 1, 0, 0
23500, 203136, 1, 0, 0
24000, 193408, 1, 0, 0
24500, 212800, 1, 0, 0
25000, 192320, 1, 0, 0
25500, 206528, 1, 0, 0
26000, 194304, 1, 0, 0
26500, 200320, 1, 0, 0
27000, 224192, 1, 0, 0
27500, 218624, 1, 0, 0
28000, 221760, 1, 0, 0
28500, 224640, 1, 0, 0
29000, 234688, 1, 0, 0
29500, 218240, 1, 0, 0
30000, 204224, 1, 0, 0
30500, 229504, 1, 0, 0
31000, 223616, 1, 0, 0
31500, 222784, 1, 0, 0
32000, 238108, 1, 0, 0
32500, 261952, 1, 0, 0
33000, 236032, 1, 0, 0
33500, 236608, 1, 0, 0
34000, 234944, 1, 0, 0
34500, 260224, 1, 0, 0
35000, 228288, 1, 0, 0
35500, 247424, 1, 0, 0
36000, 257856, 1, 0, 0
36500, 300032, 1, 0, 0
37000, 268608, 1, 0, 0
37500, 257920, 1, 0, 0
38000, 263616, 1, 0, 0
38500, 281728, 1, 0, 0
39000, 262016, 1, 0, 0
39500, 277952, 1, 0, 0
40000, 274624, 1, 0, 0
40500, 276544, 1, 0, 0
41000, 278016, 1, 0, 0
41500, 294592, 1, 0, 0
42000, 315008, 1, 0, 0
42500, 316032, 1, 0, 0
43000, 340416, 1, 0, 0
43500, 361792, 1, 0, 0
44000, 370048, 1, 0, 0
44500, 381568, 1, 0, 0
45000, 406912, 1, 0, 0
45500, 412800, 1, 0, 0
46000, 447232, 1, 0, 0
46500, 442880, 1, 0, 0
47000, 550976, 1, 0, 0
47500, 664832, 1, 0, 0
48000, 729728, 1, 0, 0
48500, 1119296, 1, 0, 0
49000, 1744704, 1, 0, 0
49500, 137747, 1, 0, 0
50000, 130304, 1, 0, 0
50500, 137664, 1, 0, 0
51000, 141376, 1, 0, 0
51500, 149632, 1, 0, 0
52000, 155456, 1, 0, 0
52500, 164992, 1, 0, 0
53000, 167680, 1, 0, 0
53500, 164544, 1, 0, 0
54000, 175040, 1, 0, 0
54500, 184960, 1, 0, 0
55000, 176512, 1, 0, 0
55500, 173568, 1, 0, 0
56000, 192320, 1, 0, 0
56500, 188096, 1, 0, 0
57000, 184256, 1, 0, 0
57500, 188672, 1, 0, 0
58000, 167872, 1, 0, 0
58500, 183232, 1, 0, 0
59000, 187968, 1, 0, 0
59500, 179392, 1, 0, 0
60000, 177024, 1, 0, 0
