500, 480443, 1, 0, 0
1000, 478617, 1, 0, 0
1500, 479831, 1, 0, 0
2000, 481752, 1, 0, 0
2500, 485224, 1, 0, 0
3000, 481361, 1, 0, 0
3500, 481459, 1, 0, 0
4000, 480251, 1, 0, 0
4500, 481672, 1, 0, 0
5000, 478701, 1, 0, 0
5500, 481534, 1, 0, 0
6010, 644239, 1, 0, 0
6513, 7168348, 1, 0, 0
7015, 7381642, 1, 0, 0
7503, 6933441, 1, 0, 0
8006, 6952662, 1, 0, 0
8503, 6883986, 1, 0, 0
9004, 6570329, 1, 0, 0
9505, 6505789, 1, 0, 0
10000, 6450865, 1, 0, 0
10500, 5798448, 1, 0, 0
11005, 6340450, 1, 0, 0
11502, 5512922, 1, 0, 0
12005, 5854353, 1, 0, 0
12510, 5756298, 1, 0, 0
13010, 5615153, 1, 0, 0
13510, 5823613, 1, 0, 0
14000, 5505510, 1, 0, 0
14503, 5532954, 1, 0, 0
15000, 5380230, 1, 0, 0
15503, 5582640, 1, 0, 0
16000, 5438342, 1, 0, 0
16501, 5609589, 1, 0, 0
17003, 5894895, 1, 0, 0
17502, 5520419, 1, 0, 0
18011, 5108752, 1, 0, 0
18500, 5409276, 1, 0, 0
19000, 5437524, 1, 0, 0
19500, 5299568, 1, 0, 0
20011, 5471033, 1, 0, 0
20514, 5128265, 1, 0, 0
21009, 5276457, 1, 0, 0
21510, 5134311, 1, 0, 0
22000, 5424274, 1, 0, 0
22515, 5032056, 1, 0, 0
23013, 5162530, 1, 0, 0
23508, 5030345, 1, 0, 0
24000, 5374140, 1, 0, 0
24514, 4767206, 1, 0, 0
25001, 5188401, 1, 0, 0
25512, 5069911, 1, 0, 0
26013, 5278934, 1, 0, 0
26504, 5014380, 1, 0, 0
27002, 4547874, 1, 0, 0
27509, 4759734, 1, 0, 0
28002, 4582782, 1, 0, 0
28510, 4615598, 1, 0, 0
29003, 4293779, 1, 0, 0
29510, 4741448, 1, 0, 0
30002, 4956313, 1, 0, 0
30506, 4482936, 1, 0, 0
31002, 4553005, 1, 0, 0
31500, 4707532, 1, 0, 0
32001, 4200970, 1, 0, 0
32508, 3951257, 1, 0, 0
33000, 4285661, 1, 0, 0
33500, 4433308, 1, 0, 0
34008, 4304781, 1, 0, 0
34503, 3906707, 1, 0, 0
35000, 4444788, 1, 0, 0
35500, 4144675, 1, 0, 0
36001, 4005261, 1, 0, 0
36500, 3477906, 1, 0, 0
37000, 3824227, 1, 0, 0
37501, 3885619, 1, 0, 0
38001, 3869515, 1, 0, 0
38507, 3668080, 1, 0, 0
39002, 3869448, 1, 0, 0
39506, 3718174, 1, 0, 0
40001, 3686737, 1, 0, 0
40500, 3807429, 1, 0, 0
41000, 3594695, 1, 0, 0
41500, 3505489, 1, 0, 0
42000, 3226494, 1, 0, 0
42505, 3263675, 1, 0, 0
43001, 2972349, 1, 0, 0
43503, 2847369, 1, 0, 0
44000, 2823958, 1, 0, 0
44500, 2657701, 1, 0, 0
45000, 2530175, 1, 0, 0
45500, 2488552, 1, 0, 0
46001, 2247751, 1, 0, 0
46505, 2340232, 1, 0, 0
47006, 1852741, 1, 0, 0
47500, 1548265, 1, 0, 0
48000, 1404495, 1, 0, 0
48500, 918462, 1, 0, 0
49000, 585407, 1, 0, 0
49500, 7354660, 1, 0, 0
50000, 7856669, 1, 0, 0
50514, 7443615, 1, 0, 0
51000, 7034722, 1, 0, 0
51500, 6995785, 1, 0, 0
52000, 6639744, 1, 0, 0
52500, 6214589, 1, 0, 0
53000, 5893617, 1, 0, 0
53506, 6344012, 1, 0, 0
54002, 5786746, 1, 0, 0
54500, 5683433, 1, 0, 0
55004, 5667174, 1, 0, 0
55506, 5910971, 1, 0, 0
56000, 5439934, 1, 0, 0
56506, 5333875, 1, 0, 0
57008, 5563527, 1, 0, 0
57511, 5479120, 1, 0, 0
58010, 6083743, 1, 0, 0
58501, 5470542, 1, 0, 0
59011, 5564182, 1, 0, 0
59513, 5737340, 1, 0, 0
60000, 5716714, 1, 0, 0
60000, 8880315, 1, 0, 0
