500, 66554, 1, 0, 0
1000, 66826, 1, 0, 0
1500, 66670, 1, 0, 0
2000, 66394, 1, 0, 0
2500, 65910, 1, 0, 0
3000, 66452, 1, 0, 0
3500, 66448, 1, 0, 0
4000, 66600, 1, 0, 0
4500, 66400, 1, 0, 0
5000, 66830, 1, 0, 0
5500, 66416, 1, 0, 0
6000, 49086, 1, 0, 0
6500, 4486, 1, 0, 0
7000, 4354, 1, 0, 0
7500, 4502, 1, 0, 0
8000, 4626, 1, 0, 0
8500, 4638, 1, 0, 0
9000, 4874, 1, 0, 0
9500, 4920, 1, 0, 0
10000, 4930, 1, 0, 0
10500, 5526, 1, 0, 0
11000, 5084, 1, 0, 0
11500, 5748, 1, 0, 0
12000, 5516, 1, 0, 0
12500, 5606, 1, 0, 0
13000, 5726, 1, 0, 0
13500, 5480, 1, 0, 0
14000, 5772, 1, 0, 0
14500, 5743, 1, 0, 0
15000, 6098, 1, 0, 0
15500, 5606, 1, 0, 0
16000, 6012, 1, 0, 0
16500, 5542, 1, 0, 0
17000, 5442, 1, 0, 0
17500, 5834, 1, 0, 0
18000, 6338, 1, 0, 0
18500, 5954, 1, 0, 0
19000, 5906, 1, 0, 0
19500, 6016, 1, 0, 0
20000, 5814, 1, 0, 0
20500, 6262, 1, 0, 0
21000, 6024, 1, 0, 0
21500, 6236, 1, 0, 0
22000, 5814, 1, 0, 0
22500, 6502, 1, 0, 0
23000, 6180, 1, 0, 0
23500, 6348, 1, 0, 0
24000, 6044, 1, 0, 0
24500, 6650, 1, 0, 0
25000, 6010, 1, 0, 0
25500, 6454, 1, 0, 0
26000, 6072, 1, 0, 0
26500, 6260, 1, 0, 0
27000, 7006, 1, 0, 0
27500, 6832, 1, 0, 0
28000, 6930, 1, 0, 0
28500, 7020, 1, 0, 0
29000, 7334, 1, 0, 0
29500, 6820, 1, 0, 0
30000, 6382, 1, 0, 0
30500, 7172, 1, 0, 0
31000, 6988, 1, 0, 0
31500, 6962, 1, 0, 0
32000, 7440, 1, 0, 0
32500, 8186, 1, 0, 0
33000, 7376, 1, 0, 0
33500, 7394, 1, 0, 0
34000, 7342, 1, 0, 0
34500, 8132, 1, 0, 0
35000, 7134, 1, 0, 0
35500, 7732, 1, 0, 0
36000, 8058, 1, 0, 0
36500, 9376, 1, 0, 0
37000, 8394, 1, 0, 0
37500, 8060, 1, 0, 0
38000, 8238, 1, 0, 0
38500, 8804, 1, 0, 0
39000, 8188, 1, 0, 0
39500, 8686, 1, 0, 0
40000, 8582, 1, 0, 0
40500, 8642, 1, 0, 0
41000, 8688, 1, 0, 0
41500, 9206, 1, 0, 0
42000, 9844, 1, 0, 0
42500, 9876, 1, 0, 0
43000, 10638, 1, 0, 0
43500, 11306, 1, 0, 0
44000, 11564, 1, 0, 0
44500, 11924, 1, 0, 0
45000, 12716, 1, 0, 0
45500, 12900, 1, 0, 0
46000, 13976, 1, 0, 0
46500, 13840, 1, 0, 0
47000, 17218, 1, 0, 0
47500, 20776, 1, 0, 0
48000, 22804, 1, 0, 0
48500, 34978, 1, 0, 0
49000, 54522, 1, 0, 0
49500, 4304, 1, 0, 0
50000, 4072, 1, 0, 0
50500, 4302, 1, 0, 0
51000, 4418, 1, 0, 0
51500, 4676, 1, 0, 0
52000, 4858, 1, 0, 0
52500, 5156, 1, 0, 0
53000, 5240, 1, 0, 0
53500, 5142, 1, 0, 0
54000, 5470, 1, 0, 0
54500, 5780, 1, 0, 0
55000, 5516, 1, 0, 0
55500, 5424, 1, 0, 0
56000, 6010, 1, 0, 0
56500, 5878, 1, 0, 0
57000, 5758, 1, 0, 0
57500, 5896, 1, 0, 0
58000, 5246, 1, 0, 0
58500, 5726, 1, 0, 0
59000, 5874, 1, 0, 0
59500, 5606, 1, 0, 0
60000, 5532, 1, 0, 0
