[69537.797409] KSC2026-MARK map32k_bs32k_r2 insmod 1791445300286570895
[69537.811014] NVMeVirt: Version 1.10 for >> Samsung 970 Pro SSD <<
[69537.811024] NVMeVirt: Storage: 0x300100000-0x600000000 (12287 MiB)
[69537.821853] NVMeVirt: Total Capacity(GiB,MiB)=3,3072 chs=2 luns=4 lines=384 blk-size(MiB,KiB)=2,2048 line-size(MiB,KiB)=8,8192
[69537.821859] NVMeVirt: KSC2026: mapping unit=32768 B, flash page=32768 B, oneshot page=32768 B, pgs_per_blk=64, blks_per_pl=384, write buffer=1048576 B
[69537.827728] NVMeVirt: [chmodel_init] bandwidth 800 max_credits 26 tx_time 152
[69537.831212] NVMeVirt: [chmodel_init] bandwidth 800 max_credits 26 tx_time 152
[69537.831222] NVMeVirt: [chmodel_init] bandwidth 3360 max_credits 110 tx_time 36
[69537.831393] NVMeVirt: pqueue: Copyright (c) 2014, Volkan Yazıcı <volkan.yazici@gmail.com>. All rights reserved.
[69537.831394] NVMeVirt: Init FTL instance with 2 channels (98304 pages)
[69537.834564] NVMeVirt: [chmodel_init] bandwidth 800 max_credits 26 tx_time 152
[69537.837727] NVMeVirt: [chmodel_init] bandwidth 800 max_credits 26 tx_time 152
[69537.837738] NVMeVirt: [chmodel_init] bandwidth 3360 max_credits 110 tx_time 36
[69537.837911] NVMeVirt: Init FTL instance with 2 channels (98304 pages)
[69537.841040] NVMeVirt: [chmodel_init] bandwidth 800 max_credits 26 tx_time 152
[69537.844180] NVMeVirt: [chmodel_init] bandwidth 800 max_credits 26 tx_time 152
[69537.844190] NVMeVirt: [chmodel_init] bandwidth 3360 max_credits 110 tx_time 36
[69537.844358] NVMeVirt: Init FTL instance with 2 channels (98304 pages)
[69537.847490] NVMeVirt: [chmodel_init] bandwidth 800 max_credits 26 tx_time 152
[69537.850585] NVMeVirt: [chmodel_init] bandwidth 800 max_credits 26 tx_time 152
[69537.850595] NVMeVirt: [chmodel_init] bandwidth 3360 max_credits 110 tx_time 36
[69537.850765] NVMeVirt: Init FTL instance with 2 channels (98304 pages)
[69537.850768] NVMeVirt: FTL physical space: 12883853312, logical space: 12040984403 (physical/logical * 100 = 107)
[69537.850769] NVMeVirt: KSC2026: WBUF_FIX=1 GC_STATS=1
[69537.850770] NVMeVirt: ns 0/1: size 11483 MiB
[69537.850800] PCI host bridge to bus 0001:10
[69537.850801] pci_bus 0001:10: root bus resource [io  0x0000-0xffff]
[69537.850803] pci_bus 0001:10: root bus resource [mem 0x00000000-0x3fffffffffff]
[69537.850804] pci_bus 0001:10: root bus resource [bus 00-ff]
[69537.850810] pci 0001:10:00.0: [0c51:0110] type 00 class 0x010802 PCIe Endpoint
[69537.850812] pci 0001:10:00.0: BAR 0 [mem 0x300000000-0x300003fff 64bit]
[69537.850813] pci 0001:10:00.0: enabling Extended Tags
[69537.850910] NVMeVirt: Virtual PCI bus created (node 0)
[69537.851141] NVMeVirt: nvmev_io_worker_0 started on cpu 4 (node 0)
[69537.852009] NVMeVirt: nvmev_io_worker_1 started on cpu 5 (node 0)
[69537.852028] NVMeVirt: nvmev_dispatcher started on cpu 3 (node 0)
[69537.852545] nvme nvme1: pci function 0001:10:00.0
[69537.856109] nvme nvme1: 1/0/0 default/read/poll queues
[69537.857023] NVMeVirt: Virtual NVMe device created
[69543.895075] KSC2026-MARK map32k_bs32k_r2 fio-start 1791445306397800806
[69549.990945] NVMeVirt: KSC2026: first GC part=0 victim line=74 vpc=229 ipc=27 free_lines=2 host_pgs=97280
[69550.014285] NVMeVirt: KSC2026: first GC part=1 victim line=143 vpc=231 ipc=25 free_lines=2 host_pgs=97280
[69550.035225] NVMeVirt: KSC2026: first GC part=2 victim line=49 vpc=230 ipc=26 free_lines=2 host_pgs=97280
[69550.035448] NVMeVirt: KSC2026: first GC part=3 victim line=344 vpc=227 ipc=29 free_lines=2 host_pgs=97280
[69604.928509] KSC2026-MARK map32k_bs32k_r2 fio-end
[69604.932495] KSC2026-MARK map32k_bs32k_r2 rmmod 1791445367436629180
[69604.999711] pci_bus 0001:10: busn_res: [bus 10-ff] is released
[69604.999815] NVMeVirt: KSC2026: stats part=0 host_pgs=204011 gc_pgs=431643 gc_cnt=2102 free_lines=2
[69604.999817] NVMeVirt: KSC2026: stats part=1 host_pgs=203744 gc_pgs=430879 gc_cnt=2098 free_lines=2
[69604.999818] NVMeVirt: KSC2026: stats part=2 host_pgs=204115 gc_pgs=434591 gc_cnt=2114 free_lines=2
[69604.999818] NVMeVirt: KSC2026: stats part=3 host_pgs=203847 gc_pgs=432294 gc_cnt=2104 free_lines=2
[69605.020648] NVMeVirt: Virtual NVMe device closed
