500, 231423, 1, 0, 0
1000, 233088, 1, 0, 0
1500, 233977, 1, 0, 0
2000, 232592, 1, 0, 0
2500, 231531, 1, 0, 0
3000, 230959, 1, 0, 0
3500, 231938, 1, 0, 0
4000, 232777, 1, 0, 0
4500, 231825, 1, 0, 0
5000, 233052, 1, 0, 0
5500, 232694, 1, 0, 0
6000, 383990, 1, 0, 0
6503, 679408, 1, 0, 0
7000, 710657, 1, 0, 0
7500, 756817, 1, 0, 0
8000, 785699, 1, 0, 0
8500, 725102, 1, 0, 0
9000, 700871, 1, 0, 0
9504, 762476, 1, 0, 0
10000, 738526, 1, 0, 0
10503, 811143, 1, 0, 0
11002, 824208, 1, 0, 0
11500, 910832, 1, 0, 0
12000, 833499, 1, 0, 0
12500, 913095, 1, 0, 0
13005, 884864, 1, 0, 0
13500, 997612, 1, 0, 0
14000, 918236, 1, 0, 0
14501, 964091, 1, 0, 0
15003, 1137179, 1, 0, 0
15500, 972998, 1, 0, 0
16005, 1074203, 1, 0, 0
16507, 1175711, 1, 0, 0
17000, 1090912, 1, 0, 0
17500, 991973, 1, 0, 0
18000, 1131719, 1, 0, 0
18508, 1187671, 1, 0, 0
19004, 1193039, 1, 0, 0
19500, 1172748, 1, 0, 0
20004, 1315692, 1, 0, 0
20507, 1248519, 1, 0, 0
21000, 1206822, 1, 0, 0
21508, 1304293, 1, 0, 0
22000, 1237468, 1, 0, 0
22501, 1346502, 1, 0, 0
23000, 1413975, 1, 0, 0
23508, 1366580, 1, 0, 0
24000, 1359330, 1, 0, 0
24509, 1421681, 1, 0, 0
25000, 1233318, 1, 0, 0
25500, 1420361, 1, 0, 0
26008, 1422245, 1, 0, 0
26500, 1499312, 1, 0, 0
27003, 1604326, 1, 0, 0
27507, 1375399, 1, 0, 0
28000, 1559005, 1, 0, 0
28509, 1596405, 1, 0, 0
29009, 1568804, 1, 0, 0
29500, 1471055, 1, 0, 0
30007, 1620346, 1, 0, 0
30506, 1662838, 1, 0, 0
31005, 1628235, 1, 0, 0
31504, 1729574, 1, 0, 0
32003, 1746932, 1, 0, 0
32501, 1559519, 1, 0, 0
33003, 1766704, 1, 0, 0
33509, 1787767, 1, 0, 0
34000, 1830466, 1, 0, 0
34507, 1566568, 1, 0, 0
35000, 1796695, 1, 0, 0
35503, 1808147, 1, 0, 0
36002, 1837503, 1, 0, 0
36502, 1850283, 1, 0, 0
37010, 1950771, 1, 0, 0
37500, 1827591, 1, 0, 0
38001, 1849077, 1, 0, 0
38500, 1934224, 1, 0, 0
39000, 1880376, 1, 0, 0
39500, 1985437, 1, 0, 0
40000, 1992906, 1, 0, 0
40506, 1946051, 1, 0, 0
41005, 1845467, 1, 0, 0
41508, 2031259, 1, 0, 0
42007, 2050231, 1, 0, 0
42510, 2077057, 1, 0, 0
43000, 2143261, 1, 0, 0
43500, 2134970, 1, 0, 0
44000, 1930350, 1, 0, 0
44503, 2135925, 1, 0, 0
45000, 2032967, 1, 0, 0
45504, 1884782, 1, 0, 0
46008, 2248790, 1, 0, 0
46502, 2277215, 1, 0, 0
47000, 2115311, 1, 0, 0
47500, 2112710, 1, 0, 0
48009, 2126664, 1, 0, 0
48500, 2158068, 1, 0, 0
49002, 2184153, 1, 0, 0
49504, 2134698, 1, 0, 0
50008, 2210999, 1, 0, 0
50500, 2199946, 1, 0, 0
51000, 2235067, 1, 0, 0
51500, 2235474, 1, 0, 0
52009, 2105852, 1, 0, 0
52511, 2208243, 1, 0, 0
53011, 2266891, 1, 0, 0
53500, 1850553, 1, 0, 0
54004, 2284247, 1, 0, 0
54500, 2228668, 1, 0, 0
55006, 2223801, 1, 0, 0
55506, 1992844, 1, 0, 0
56000, 2317722, 1, 0, 0
56508, 2268178, 1, 0, 0
57012, 2144826, 1, 0, 0
57507, 2357291, 1, 0, 0
58005, 2365470, 1, 0, 0
58509, 2232039, 1, 0, 0
59000, 2191839, 1, 0, 0
59506, 2444178, 1, 0, 0
60004, 2347851, 1, 0, 0
60004, 14487394, 1, 0, 0
