500, 550624, 1, 0, 0
1000, 546664, 1, 0, 0
1500, 544624, 1, 0, 0
2000, 547856, 1, 0, 0
2500, 550336, 1, 0, 0
3000, 551648, 1, 0, 0
3500, 549408, 1, 0, 0
4000, 547408, 1, 0, 0
4500, 549696, 1, 0, 0
5000, 546736, 1, 0, 0
5500, 547728, 1, 0, 0
6000, 332504, 1, 0, 0
6500, 186672, 1, 0, 0
7000, 180224, 1, 0, 0
7500, 169328, 1, 0, 0
8000, 162192, 1, 0, 0
8500, 176864, 1, 0, 0
9000, 182512, 1, 0, 0
9500, 166752, 1, 0, 0
10000, 173338, 1, 0, 0
10500, 156736, 1, 0, 0
11000, 155072, 1, 0, 0
11500, 141552, 1, 0, 0
12000, 153376, 1, 0, 0
12500, 140128, 1, 0, 0
13000, 143632, 1, 0, 0
13500, 128960, 1, 0, 0
14000, 139392, 1, 0, 0
14500, 130368, 1, 0, 0
15000, 113024, 1, 0, 0
15500, 130176, 1, 0, 0
16000, 120816, 1, 0, 0
16500, 108464, 1, 0, 0
17000, 118192, 1, 0, 0
17500, 128624, 1, 0, 0
18000, 113168, 1, 0, 0
18500, 107168, 1, 0, 0
19000, 106288, 1, 0, 0
19500, 110720, 1, 0, 0
20000, 95728, 1, 0, 0
20500, 103168, 1, 0, 0
21000, 106912, 1, 0, 0
21500, 97088, 1, 0, 0
22000, 102140, 1, 0, 0
22500, 95296, 1, 0, 0
23000, 91824, 1, 0, 0
23500, 93136, 1, 0, 0
24000, 94416, 1, 0, 0
24500, 89840, 1, 0, 0
25000, 104064, 1, 0, 0
25500, 90048, 1, 0, 0
26000, 89296, 1, 0, 0
26500, 84208, 1, 0, 0
27000, 79920, 1, 0, 0
27500, 93776, 1, 0, 0
28000, 82928, 1, 0, 0
28500, 79536, 1, 0, 0
29000, 81536, 1, 0, 0
29500, 87952, 1, 0, 0
30000, 77744, 1, 0, 0
30500, 76528, 1, 0, 0
31000, 78496, 1, 0, 0
31500, 73712, 1, 0, 0
32000, 73312, 1, 0, 0
32500, 81552, 1, 0, 0
33000, 72784, 1, 0, 0
33500, 72464, 1, 0, 0
34000, 68528, 1, 0, 0
34500, 82528, 1, 0, 0
35000, 72600, 1, 0, 0
35500, 68856, 1, 0, 0
36000, 69552, 1, 0, 0
36500, 69290, 1, 0, 0
37000, 66640, 1, 0, 0
37500, 70336, 1, 0, 0
38000, 67440, 1, 0, 0
38500, 67824, 1, 0, 0
39000, 66256, 1, 0, 0
39500, 66080, 1, 0, 0
40000, 64256, 1, 0, 0
40500, 64624, 1, 0, 0
41000, 69552, 1, 0, 0
41500, 63248, 1, 0, 0
42000, 62112, 1, 0, 0
42500, 61984, 1, 0, 0
43000, 60280, 1, 0, 0
43500, 60120, 1, 0, 0
44000, 66048, 1, 0, 0
44500, 58672, 1, 0, 0
45000, 64480, 1, 0, 0
45500, 65984, 1, 0, 0
46000, 57504, 1, 0, 0
46500, 55504, 1, 0, 0
47000, 60496, 1, 0, 0
47500, 61776, 1, 0, 0
48000, 59984, 1, 0, 0
48500, 59664, 1, 0, 0
49000, 57200, 1, 0, 0
49500, 60160, 1, 0, 0
50000, 58533, 1, 0, 0
50500, 58608, 1, 0, 0
51000, 57216, 1, 0, 0
51500, 55792, 1, 0, 0
52000, 62064, 1, 0, 0
52500, 57936, 1, 0, 0
53000, 56400, 1, 0, 0
53500, 68288, 1, 0, 0
54000, 55840, 1, 0, 0
54500, 58656, 1, 0, 0
55000, 56480, 1, 0, 0
55500, 64272, 1, 0, 0
56000, 56560, 1, 0, 0
56500, 55600, 1, 0, 0
57000, 59824, 1, 0, 0
57500, 53760, 1, 0, 0
58000, 53808, 1, 0, 0
58500, 57776, 1, 0, 0
59000, 59360, 1, 0, 0
59500, 51152, 1, 0, 0
60000, 54208, 1, 0, 0
