500, 232288, 1, 0, 0
1000, 233953, 1, 0, 0
1500, 234842, 1, 0, 0
2000, 233459, 1, 0, 0
2500, 232396, 1, 0, 0
3000, 231824, 1, 0, 0
3500, 232804, 1, 0, 0
4000, 233644, 1, 0, 0
4500, 232695, 1, 0, 0
5000, 233918, 1, 0, 0
5500, 233558, 1, 0, 0
6000, 384862, 1, 0, 0
6503, 680280, 1, 0, 0
7000, 711532, 1, 0, 0
7500, 757692, 1, 0, 0
8000, 786574, 1, 0, 0
8500, 725977, 1, 0, 0
9000, 701749, 1, 0, 0
9504, 763349, 1, 0, 0
10000, 739398, 1, 0, 0
10503, 812016, 1, 0, 0
11002, 825084, 1, 0, 0
11500, 911723, 1, 0, 0
12000, 834376, 1, 0, 0
12500, 913972, 1, 0, 0
13005, 885735, 1, 0, 0
13500, 998480, 1, 0, 0
14000, 919104, 1, 0, 0
14501, 964960, 1, 0, 0
15003, 1138049, 1, 0, 0
15500, 973866, 1, 0, 0
16005, 1075072, 1, 0, 0
16507, 1176582, 1, 0, 0
17000, 1091782, 1, 0, 0
17500, 992842, 1, 0, 0
18000, 1132597, 1, 0, 0
18508, 1188559, 1, 0, 0
19004, 1193954, 1, 0, 0
19500, 1173620, 1, 0, 0
20004, 1316565, 1, 0, 0
20507, 1249393, 1, 0, 0
21000, 1207712, 1, 0, 0
21508, 1305173, 1, 0, 0
22000, 1238341, 1, 0, 0
22501, 1347376, 1, 0, 0
23000, 1414849, 1, 0, 0
23508, 1367455, 1, 0, 0
24000, 1360206, 1, 0, 0
24509, 1422555, 1, 0, 0
25000, 1234189, 1, 0, 0
25500, 1421235, 1, 0, 0
26008, 1423125, 1, 0, 0
26500, 1500185, 1, 0, 0
27003, 1605203, 1, 0, 0
27507, 1376271, 1, 0, 0
28000, 1559878, 1, 0, 0
28509, 1597335, 1, 0, 0
29009, 1569758, 1, 0, 0
29500, 1471962, 1, 0, 0
30007, 1621224, 1, 0, 0
30506, 1663711, 1, 0, 0
31005, 1629117, 1, 0, 0
31504, 1730448, 1, 0, 0
32003, 1747804, 1, 0, 0
32501, 1560393, 1, 0, 0
33003, 1767579, 1, 0, 0
33509, 1788643, 1, 0, 0
34000, 1831343, 1, 0, 0
34507, 1567439, 1, 0, 0
35000, 1797573, 1, 0, 0
35503, 1809025, 1, 0, 0
36002, 1838383, 1, 0, 0
36502, 1851158, 1, 0, 0
37010, 1951643, 1, 0, 0
37500, 1828467, 1, 0, 0
38001, 1849949, 1, 0, 0
38500, 1935119, 1, 0, 0
39000, 1881254, 1, 0, 0
39500, 1986313, 1, 0, 0
40000, 1993783, 1, 0, 0
40506, 1946928, 1, 0, 0
41005, 1846340, 1, 0, 0
41508, 2032133, 1, 0, 0
42007, 2051103, 1, 0, 0
42510, 2077936, 1, 0, 0
43000, 2144134, 1, 0, 0
43500, 2135846, 1, 0, 0
44000, 1931226, 1, 0, 0
44503, 2136805, 1, 0, 0
45000, 2033847, 1, 0, 0
45504, 1885728, 1, 0, 0
46008, 2249675, 1, 0, 0
46502, 2278092, 1, 0, 0
47000, 2116186, 1, 0, 0
47500, 2113586, 1, 0, 0
48009, 2127538, 1, 0, 0
48500, 2158941, 1, 0, 0
49002, 2185027, 1, 0, 0
49504, 2135603, 1, 0, 0
50008, 2211910, 1, 0, 0
50500, 2200833, 1, 0, 0
51000, 2235946, 1, 0, 0
51500, 2236350, 1, 0, 0
52009, 2106729, 1, 0, 0
52511, 2209125, 1, 0, 0
53011, 2267766, 1, 0, 0
53500, 1851429, 1, 0, 0
54004, 2285131, 1, 0, 0
54500, 2229569, 1, 0, 0
55006, 2224675, 1, 0, 0
55506, 1993720, 1, 0, 0
56000, 2318599, 1, 0, 0
56508, 2269055, 1, 0, 0
57012, 2145704, 1, 0, 0
57507, 2358178, 1, 0, 0
58005, 2366349, 1, 0, 0
58509, 2232919, 1, 0, 0
59000, 2192716, 1, 0, 0
59506, 2445060, 1, 0, 0
60004, 2348733, 1, 0, 0
60004, 14488280, 1, 0, 0
