500, 137658, 1, 0, 0
1000, 136656, 1, 0, 0
1500, 136156, 1, 0, 0
2000, 136964, 1, 0, 0
2500, 137584, 1, 0, 0
3000, 137912, 1, 0, 0
3500, 137352, 1, 0, 0
4000, 136852, 1, 0, 0
4500, 137424, 1, 0, 0
5000, 136684, 1, 0, 0
5500, 136932, 1, 0, 0
6000, 83128, 1, 0, 0
6500, 46668, 1, 0, 0
7000, 45056, 1, 0, 0
7500, 42332, 1, 0, 0
8000, 40548, 1, 0, 0
8500, 44216, 1, 0, 0
9000, 45628, 1, 0, 0
9500, 41688, 1, 0, 0
10000, 43334, 1, 0, 0
10500, 39184, 1, 0, 0
11000, 38768, 1, 0, 0
11500, 35388, 1, 0, 0
12000, 38344, 1, 0, 0
12500, 35032, 1, 0, 0
13000, 35908, 1, 0, 0
13500, 32240, 1, 0, 0
14000, 34848, 1, 0, 0
14500, 32592, 1, 0, 0
15000, 28256, 1, 0, 0
15500, 32544, 1, 0, 0
16000, 30204, 1, 0, 0
16500, 27116, 1, 0, 0
17000, 29548, 1, 0, 0
17500, 32156, 1, 0, 0
18000, 28292, 1, 0, 0
18500, 26792, 1, 0, 0
19000, 26572, 1, 0, 0
19500, 27680, 1, 0, 0
20000, 23932, 1, 0, 0
20500, 25792, 1, 0, 0
21000, 26728, 1, 0, 0
21500, 24272, 1, 0, 0
22000, 25535, 1, 0, 0
22500, 23824, 1, 0, 0
23000, 22956, 1, 0, 0
23500, 23284, 1, 0, 0
24000, 23604, 1, 0, 0
24500, 22460, 1, 0, 0
25000, 26016, 1, 0, 0
25500, 22512, 1, 0, 0
26000, 22324, 1, 0, 0
26500, 21052, 1, 0, 0
27000, 19980, 1, 0, 0
27500, 23444, 1, 0, 0
28000, 20732, 1, 0, 0
28500, 19884, 1, 0, 0
29000, 20384, 1, 0, 0
29500, 21988, 1, 0, 0
30000, 19436, 1, 0, 0
30500, 19132, 1, 0, 0
31000, 19624, 1, 0, 0
31500, 18428, 1, 0, 0
32000, 18328, 1, 0, 0
32500, 20388, 1, 0, 0
33000, 18196, 1, 0, 0
33500, 18116, 1, 0, 0
34000, 17132, 1, 0, 0
34500, 20632, 1, 0, 0
35000, 18150, 1, 0, 0
35500, 17214, 1, 0, 0
36000, 17388, 1, 0, 0
36500, 17322, 1, 0, 0
37000, 16660, 1, 0, 0
37500, 17584, 1, 0, 0
38000, 16860, 1, 0, 0
38500, 16956, 1, 0, 0
39000, 16564, 1, 0, 0
39500, 16520, 1, 0, 0
40000, 16064, 1, 0, 0
40500, 16156, 1, 0, 0
41000, 17388, 1, 0, 0
41500, 15812, 1, 0, 0
42000, 15528, 1, 0, 0
42500, 15496, 1, 0, 0
43000, 15070, 1, 0, 0
43500, 15030, 1, 0, 0
44000, 16512, 1, 0, 0
44500, 14668, 1, 0, 0
45000, 16120, 1, 0, 0
45500, 16496, 1, 0, 0
46000, 14376, 1, 0, 0
46500, 13876, 1, 0, 0
47000, 15124, 1, 0, 0
47500, 15444, 1, 0, 0
48000, 14996, 1, 0, 0
48500, 14916, 1, 0, 0
49000, 14300, 1, 0, 0
49500, 15040, 1, 0, 0
50000, 14633, 1, 0, 0
50500, 14652, 1, 0, 0
51000, 14304, 1, 0, 0
51500, 13948, 1, 0, 0
52000, 15516, 1, 0, 0
52500, 14484, 1, 0, 0
53000, 14100, 1, 0, 0
53500, 17072, 1, 0, 0
54000, 13960, 1, 0, 0
54500, 14664, 1, 0, 0
55000, 14120, 1, 0, 0
55500, 16068, 1, 0, 0
56000, 14140, 1, 0, 0
56500, 13900, 1, 0, 0
57000, 14956, 1, 0, 0
57500, 13440, 1, 0, 0
58000, 13452, 1, 0, 0
58500, 14444, 1, 0, 0
59000, 14840, 1, 0, 0
59500, 12788, 1, 0, 0
60000, 13552, 1, 0, 0
