500, 866, 1, 0, 0
1000, 866, 1, 0, 0
1500, 865, 1, 0, 0
2000, 866, 1, 0, 0
2500, 865, 1, 0, 0
3000, 864, 1, 0, 0
3500, 866, 1, 0, 0
4000, 867, 1, 0, 0
4500, 870, 1, 0, 0
5000, 867, 1, 0, 0
5500, 864, 1, 0, 0
6000, 872, 1, 0, 0
6503, 872, 1, 0, 0
7000, 875, 1, 0, 0
7500, 875, 1, 0, 0
8000, 876, 1, 0, 0
8500, 876, 1, 0, 0
9000, 877, 1, 0, 0
9504, 873, 1, 0, 0
10000, 873, 1, 0, 0
10503, 874, 1, 0, 0
11002, 875, 1, 0, 0
11500, 892, 1, 0, 0
12000, 877, 1, 0, 0
12500, 877, 1, 0, 0
13005, 871, 1, 0, 0
13500, 868, 1, 0, 0
14000, 868, 1, 0, 0
14501, 869, 1, 0, 0
15003, 870, 1, 0, 0
15500, 869, 1, 0, 0
16005, 868, 1, 0, 0
16507, 871, 1, 0, 0
17000, 870, 1, 0, 0
17500, 870, 1, 0, 0
18000, 879, 1, 0, 0
18508, 888, 1, 0, 0
19004, 915, 1, 0, 0
19500, 872, 1, 0, 0
20004, 873, 1, 0, 0
20507, 874, 1, 0, 0
21000, 890, 1, 0, 0
21508, 879, 1, 0, 0
22000, 873, 1, 0, 0
22501, 874, 1, 0, 0
23000, 874, 1, 0, 0
23508, 875, 1, 0, 0
24000, 876, 1, 0, 0
24509, 874, 1, 0, 0
25000, 871, 1, 0, 0
25500, 874, 1, 0, 0
26008, 880, 1, 0, 0
26500, 873, 1, 0, 0
27003, 877, 1, 0, 0
27507, 872, 1, 0, 0
28000, 874, 1, 0, 0
28509, 930, 1, 0, 0
29009, 955, 1, 0, 0
29500, 907, 1, 0, 0
30007, 878, 1, 0, 0
30506, 874, 1, 0, 0
31005, 883, 1, 0, 0
31504, 874, 1, 0, 0
32003, 872, 1, 0, 0
32501, 875, 1, 0, 0
33003, 876, 1, 0, 0
33509, 876, 1, 0, 0
34000, 876, 1, 0, 0
34507, 871, 1, 0, 0
35000, 878, 1, 0, 0
35503, 878, 1, 0, 0
36002, 881, 1, 0, 0
36502, 875, 1, 0, 0
37010, 872, 1, 0, 0
37500, 876, 1, 0, 0
38001, 872, 1, 0, 0
38500, 895, 1, 0, 0
39000, 878, 1, 0, 0
39500, 876, 1, 0, 0
40000, 877, 1, 0, 0
40506, 877, 1, 0, 0
41005, 873, 1, 0, 0
41508, 874, 1, 0, 0
42007, 872, 1, 0, 0
42510, 879, 1, 0, 0
43000, 873, 1, 0, 0
43500, 876, 1, 0, 0
44000, 876, 1, 0, 0
44503, 881, 1, 0, 0
45000, 881, 1, 0, 0
45504, 946, 1, 0, 0
46008, 885, 1, 0, 0
46502, 878, 1, 0, 0
47000, 874, 1, 0, 0
47500, 876, 1, 0, 0
48009, 874, 1, 0, 0
48500, 873, 1, 0, 0
49002, 874, 1, 0, 0
49504, 905, 1, 0, 0
50008, 912, 1, 0, 0
50500, 887, 1, 0, 0
51000, 879, 1, 0, 0
51500, 876, 1, 0, 0
52009, 878, 1, 0, 0
52511, 883, 1, 0, 0
53011, 874, 1, 0, 0
53500, 875, 1, 0, 0
54004, 884, 1, 0, 0
54500, 900, 1, 0, 0
55006, 875, 1, 0, 0
55506, 876, 1, 0, 0
56000, 877, 1, 0, 0
56508, 877, 1, 0, 0
57012, 878, 1, 0, 0
57507, 886, 1, 0, 0
58005, 879, 1, 0, 0
58509, 880, 1, 0, 0
59000, 877, 1, 0, 0
59506, 882, 1, 0, 0
60004, 881, 1, 0, 0
