[67496.058534] KSC2026-MARK map16k_bs4k_r1 insmod 1791443258504626359
[67496.082666] NVMeVirt: Version 1.10 for >> Samsung 970 Pro SSD <<
[67496.082684] NVMeVirt: Storage: 0x300100000-0x600000000 (12287 MiB)
[67496.096132] NVMeVirt: Total Capacity(GiB,MiB)=3,3072 chs=2 luns=4 lines=384 blk-size(MiB,KiB)=2,2048 line-size(MiB,KiB)=8,8192
[67496.096138] NVMeVirt: KSC2026: mapping unit=16384 B, flash page=32768 B, oneshot page=32768 B, pgs_per_blk=128, blks_per_pl=384, write buffer=1048576 B
[67496.101184] NVMeVirt: [chmodel_init] bandwidth 800 max_credits 26 tx_time 152
[67496.104402] NVMeVirt: [chmodel_init] bandwidth 800 max_credits 26 tx_time 152
[67496.104413] NVMeVirt: [chmodel_init] bandwidth 3360 max_credits 110 tx_time 36
[67496.104780] NVMeVirt: pqueue: Copyright (c) 2014, Volkan Yazıcı <volkan.yazici@gmail.com>. All rights reserved.
[67496.104782] NVMeVirt: Init FTL instance with 2 channels (196608 pages)
[67496.107858] NVMeVirt: [chmodel_init] bandwidth 800 max_credits 26 tx_time 152
[67496.110961] NVMeVirt: [chmodel_init] bandwidth 800 max_credits 26 tx_time 152
[67496.110971] NVMeVirt: [chmodel_init] bandwidth 3360 max_credits 110 tx_time 36
[67496.111312] NVMeVirt: Init FTL instance with 2 channels (196608 pages)
[67496.114415] NVMeVirt: [chmodel_init] bandwidth 800 max_credits 26 tx_time 152
[67496.117485] NVMeVirt: [chmodel_init] bandwidth 800 max_credits 26 tx_time 152
[67496.117496] NVMeVirt: [chmodel_init] bandwidth 3360 max_credits 110 tx_time 36
[67496.117842] NVMeVirt: Init FTL instance with 2 channels (196608 pages)
[67496.120913] NVMeVirt: [chmodel_init] bandwidth 800 max_credits 26 tx_time 152
[67496.123979] NVMeVirt: [chmodel_init] bandwidth 800 max_credits 26 tx_time 152
[67496.123990] NVMeVirt: [chmodel_init] bandwidth 3360 max_credits 110 tx_time 36
[67496.124326] NVMeVirt: Init FTL instance with 2 channels (196608 pages)
[67496.124329] NVMeVirt: FTL physical space: 12883853312, logical space: 12040984403 (physical/logical * 100 = 107)
[67496.124330] NVMeVirt: KSC2026: WBUF_FIX=1 GC_STATS=1
[67496.124331] NVMeVirt: ns 0/1: size 11483 MiB
[67496.124362] PCI host bridge to bus 0001:10
[67496.124364] pci_bus 0001:10: root bus resource [io  0x0000-0xffff]
[67496.124366] pci_bus 0001:10: root bus resource [mem 0x00000000-0x3fffffffffff]
[67496.124367] pci_bus 0001:10: root bus resource [bus 00-ff]
[67496.124372] pci 0001:10:00.0: [0c51:0110] type 00 class 0x010802 PCIe Endpoint
[67496.124375] pci 0001:10:00.0: BAR 0 [mem 0x300000000-0x300003fff 64bit]
[67496.124376] pci 0001:10:00.0: enabling Extended Tags
[67496.124477] NVMeVirt: Virtual PCI bus created (node 0)
[67496.125104] NVMeVirt: nvmev_io_worker_0 started on cpu 4 (node 0)
[67496.125278] NVMeVirt: nvmev_io_worker_1 started on cpu 5 (node 0)
[67496.125290] NVMeVirt: nvmev_dispatcher started on cpu 3 (node 0)
[67496.125476] nvme nvme1: pci function 0001:10:00.0
[67496.129225] nvme nvme1: 1/0/0 default/read/poll queues
[67496.131144] NVMeVirt: Virtual NVMe device created
[67502.169636] KSC2026-MARK map16k_bs4k_r1 fio-start 1791443264629187908
[67508.084420] NVMeVirt: KSC2026: first GC part=2 victim line=6 vpc=171 ipc=341 free_lines=2 host_pgs=194560
[67508.095662] NVMeVirt: KSC2026: first GC part=1 victim line=8 vpc=164 ipc=348 free_lines=2 host_pgs=194560
[67508.113427] NVMeVirt: KSC2026: first GC part=3 victim line=10 vpc=168 ipc=344 free_lines=2 host_pgs=194560
[67508.114325] NVMeVirt: KSC2026: first GC part=0 victim line=4 vpc=169 ipc=343 free_lines=2 host_pgs=194560
[67563.208557] KSC2026-MARK map16k_bs4k_r1 fio-end
[67563.212625] KSC2026-MARK map16k_bs4k_r1 rmmod 1791443325673814998
[67563.295634] pci_bus 0001:10: busn_res: [bus 10-ff] is released
[67563.295713] NVMeVirt: KSC2026: stats part=0 host_pgs=497230 gc_pgs=597554 gc_cnt=1757 free_lines=1
[67563.295714] NVMeVirt: KSC2026: stats part=1 host_pgs=498246 gc_pgs=596551 gc_cnt=1757 free_lines=1
[67563.295715] NVMeVirt: KSC2026: stats part=2 host_pgs=499280 gc_pgs=608304 gc_cnt=1782 free_lines=1
[67563.295715] NVMeVirt: KSC2026: stats part=3 host_pgs=497688 gc_pgs=598080 gc_cnt=1759 free_lines=1
[67563.323382] NVMeVirt: Virtual NVMe device closed
