500, 1296, 1, 0, 0
1000, 1321, 1, 0, 0
1500, 1315, 1, 0, 0
2000, 1303, 1, 0, 0
2500, 1287, 1, 0, 0
3000, 1284, 1, 0, 0
3500, 1293, 1, 0, 0
4000, 1300, 1, 0, 0
4500, 1280, 1, 0, 0
5000, 1280, 1, 0, 0
5500, 1285, 1, 0, 0
6000, 1326, 1, 0, 0
6500, 1300, 1, 0, 0
7003, 1320, 1, 0, 0
7500, 1289, 1, 0, 0
8001, 1326, 1, 0, 0
8500, 1291, 1, 0, 0
9000, 1290, 1, 0, 0
9500, 1293, 1, 0, 0
10004, 1292, 1, 0, 0
10500, 1288, 1, 0, 0
11000, 1297, 1, 0, 0
11500, 1287, 1, 0, 0
12004, 1312, 1, 0, 0
12503, 1300, 1, 0, 0
13000, 1301, 1, 0, 0
13501, 1294, 1, 0, 0
14002, 1306, 1, 0, 0
14504, 1300, 1, 0, 0
15005, 1299, 1, 0, 0
15500, 1300, 1, 0, 0
16002, 1306, 1, 0, 0
16500, 1297, 1, 0, 0
17005, 1305, 1, 0, 0
17506, 1305, 1, 0, 0
18007, 1527, 1, 0, 0
18500, 1296, 1, 0, 0
19010, 1321, 1, 0, 0
19507, 1298, 1, 0, 0
20011, 1313, 1, 0, 0
20500, 1298, 1, 0, 0
21001, 1332, 1, 0, 0
21501, 1301, 1, 0, 0
22004, 1312, 1, 0, 0
22500, 1299, 1, 0, 0
23000, 1327, 1, 0, 0
23500, 1304, 1, 0, 0
24000, 1315, 1, 0, 0
24500, 1305, 1, 0, 0
25000, 1321, 1, 0, 0
25500, 1341, 1, 0, 0
26007, 1318, 1, 0, 0
26500, 1299, 1, 0, 0
27003, 1306, 1, 0, 0
27505, 1307, 1, 0, 0
28000, 1318, 1, 0, 0
28500, 1304, 1, 0, 0
29000, 1314, 1, 0, 0
29500, 1306, 1, 0, 0
30001, 1432, 1, 0, 0
30506, 1296, 1, 0, 0
31000, 1323, 1, 0, 0
31502, 1306, 1, 0, 0
32000, 1311, 1, 0, 0
32508, 1302, 1, 0, 0
33000, 1332, 1, 0, 0
33500, 2381, 1, 0, 0
34005, 1362, 1, 0, 0
34500, 1308, 1, 0, 0
35000, 1604, 1, 0, 0
35504, 1306, 1, 0, 0
36005, 1317, 1, 0, 0
36507, 1301, 1, 0, 0
37009, 1319, 1, 0, 0
37500, 1301, 1, 0, 0
38005, 1306, 1, 0, 0
38500, 1301, 1, 0, 0
39011, 1307, 1, 0, 0
39510, 1292, 1, 0, 0
40000, 1313, 1, 0, 0
40510, 1303, 1, 0, 0
41009, 1308, 1, 0, 0
41506, 1296, 1, 0, 0
42010, 1313, 1, 0, 0
42505, 1294, 1, 0, 0
43002, 1301, 1, 0, 0
43512, 1310, 1, 0, 0
44004, 1312, 1, 0, 0
44500, 1302, 1, 0, 0
45000, 1311, 1, 0, 0
45501, 1302, 1, 0, 0
46011, 1316, 1, 0, 0
46500, 1306, 1, 0, 0
47008, 1316, 1, 0, 0
47502, 1298, 1, 0, 0
48014, 1313, 1, 0, 0
48500, 1296, 1, 0, 0
49012, 1310, 1, 0, 0
49506, 1297, 1, 0, 0
50013, 1311, 1, 0, 0
50500, 1299, 1, 0, 0
51012, 1308, 1, 0, 0
51504, 1304, 1, 0, 0
52010, 1302, 1, 0, 0
52513, 1298, 1, 0, 0
53006, 1310, 1, 0, 0
53507, 1291, 1, 0, 0
54002, 1305, 1, 0, 0
54500, 1301, 1, 0, 0
55002, 1307, 1, 0, 0
55500, 1298, 1, 0, 0
56014, 1298, 1, 0, 0
56504, 1297, 1, 0, 0
57004, 1306, 1, 0, 0
57513, 1298, 1, 0, 0
58003, 1300, 1, 0, 0
58500, 1296, 1, 0, 0
59009, 1295, 1, 0, 0
59504, 1301, 1, 0, 0
60001, 1299, 1, 0, 0
