500, 66496, 1, 0, 0
1000, 66488, 1, 0, 0
1500, 66700, 1, 0, 0
2000, 66650, 1, 0, 0
2500, 66594, 1, 0, 0
3000, 66588, 1, 0, 0
3500, 66772, 1, 0, 0
4000, 66620, 1, 0, 0
4500, 66848, 1, 0, 0
5000, 66832, 1, 0, 0
5500, 66860, 1, 0, 0
6000, 54960, 1, 0, 0
6500, 23582, 1, 0, 0
7000, 23070, 1, 0, 0
7500, 20899, 1, 0, 0
8000, 19242, 1, 0, 0
8500, 21010, 1, 0, 0
9000, 17752, 1, 0, 0
9500, 17604, 1, 0, 0
10000, 17174, 1, 0, 0
10500, 15330, 1, 0, 0
11000, 16046, 1, 0, 0
11500, 15100, 1, 0, 0
12000, 14222, 1, 0, 0
12500, 14574, 1, 0, 0
13000, 13324, 1, 0, 0
13500, 14336, 1, 0, 0
14000, 12618, 1, 0, 0
14500, 11528, 1, 0, 0
15000, 12166, 1, 0, 0
15500, 12116, 1, 0, 0
16000, 10916, 1, 0, 0
16500, 11318, 1, 0, 0
17000, 10198, 1, 0, 0
17500, 10076, 1, 0, 0
18000, 9796, 1, 0, 0
18500, 10030, 1, 0, 0
19000, 9836, 1, 0, 0
19500, 9094, 1, 0, 0
20000, 9710, 1, 0, 0
20500, 8930, 1, 0, 0
21000, 8486, 1, 0, 0
21500, 9462, 1, 0, 0
22000, 8168, 1, 0, 0
22500, 8432, 1, 0, 0
23000, 8518, 1, 0, 0
23500, 7846, 1, 0, 0
24000, 7526, 1, 0, 0
24500, 8472, 1, 0, 0
25000, 7968, 1, 0, 0
25500, 7842, 1, 0, 0
26000, 8188, 1, 0, 0
26500, 7256, 1, 0, 0
27000, 7736, 1, 0, 0
27500, 7458, 1, 0, 0
28000, 7444, 1, 0, 0
28500, 7642, 1, 0, 0
29000, 7206, 1, 0, 0
29500, 7302, 1, 0, 0
30000, 7372, 1, 0, 0
30500, 7220, 1, 0, 0
31000, 6392, 1, 0, 0
31500, 6732, 1, 0, 0
32000, 7228, 1, 0, 0
32500, 6948, 1, 0, 0
33000, 6718, 1, 0, 0
33500, 7186, 1, 0, 0
34000, 6126, 1, 0, 0
34500, 6378, 1, 0, 0
35000, 6422, 1, 0, 0
35500, 5776, 1, 0, 0
36000, 6092, 1, 0, 0
36500, 6164, 1, 0, 0
37000, 6052, 1, 0, 0
37500, 5872, 1, 0, 0
38000, 5876, 1, 0, 0
38500, 6004, 1, 0, 0
39000, 5840, 1, 0, 0
39500, 5262, 1, 0, 0
40000, 5120, 1, 0, 0
40500, 5196, 1, 0, 0
41000, 5372, 1, 0, 0
41500, 5498, 1, 0, 0
42000, 4912, 1, 0, 0
42500, 5346, 1, 0, 0
43000, 5112, 1, 0, 0
43500, 5422, 1, 0, 0
44000, 4958, 1, 0, 0
44500, 5342, 1, 0, 0
45000, 5470, 1, 0, 0
45500, 4890, 1, 0, 0
46000, 5422, 1, 0, 0
46500, 4910, 1, 0, 0
47000, 5338, 1, 0, 0
47500, 5152, 1, 0, 0
48000, 5274, 1, 0, 0
48500, 4962, 1, 0, 0
49000, 5462, 1, 0, 0
49500, 5282, 1, 0, 0
50000, 4988, 1, 0, 0
50500, 4720, 1, 0, 0
51000, 5202, 1, 0, 0
51500, 5224, 1, 0, 0
52000, 4896, 1, 0, 0
52500, 5556, 1, 0, 0
53000, 5122, 1, 0, 0
53500, 5602, 1, 0, 0
54000, 5326, 1, 0, 0
54500, 5290, 1, 0, 0
55000, 4834, 1, 0, 0
55500, 5320, 1, 0, 0
56000, 5550, 1, 0, 0
56500, 4930, 1, 0, 0
57000, 5634, 1, 0, 0
57500, 5142, 1, 0, 0
58000, 4950, 1, 0, 0
58500, 5532, 1, 0, 0
59000, 5128, 1, 0, 0
59500, 5150, 1, 0, 0
60000, 5260, 1, 0, 0
