500, 479601, 1, 0, 0
1000, 479732, 1, 0, 0
1500, 478356, 1, 0, 0
2000, 478604, 1, 0, 0
2500, 479083, 1, 0, 0
3000, 479014, 1, 0, 0
3500, 477868, 1, 0, 0
4000, 478793, 1, 0, 0
4500, 477250, 1, 0, 0
5000, 477379, 1, 0, 0
5500, 477035, 1, 0, 0
6000, 580446, 1, 0, 0
6500, 1351997, 1, 0, 0
7003, 1379531, 1, 0, 0
7500, 1533960, 1, 0, 0
8001, 1649325, 1, 0, 0
8500, 1537605, 1, 0, 0
9000, 1799613, 1, 0, 0
9500, 1815635, 1, 0, 0
10004, 1845986, 1, 0, 0
10500, 2091395, 1, 0, 0
11000, 2009859, 1, 0, 0
11500, 2098578, 1, 0, 0
12004, 2236102, 1, 0, 0
12503, 2191723, 1, 0, 0
13000, 2389502, 1, 0, 0
13501, 2233266, 1, 0, 0
14002, 2539290, 1, 0, 0
14504, 2781892, 1, 0, 0
15005, 2633345, 1, 0, 0
15500, 2652635, 1, 0, 0
16002, 2886427, 1, 0, 0
16500, 2880444, 1, 0, 0
17005, 3097746, 1, 0, 0
17506, 3185823, 1, 0, 0
18007, 3261909, 1, 0, 0
18500, 3225472, 1, 0, 0
19010, 3231437, 1, 0, 0
19507, 3505514, 1, 0, 0
20011, 3324770, 1, 0, 0
20500, 3582731, 1, 0, 0
21001, 3683952, 1, 0, 0
21501, 3375949, 1, 0, 0
22004, 3939511, 1, 0, 0
22500, 3861502, 1, 0, 0
23000, 3763829, 1, 0, 0
23500, 4087822, 1, 0, 0
24000, 4123457, 1, 0, 0
24500, 3770219, 1, 0, 0
25000, 4128888, 1, 0, 0
25500, 3977102, 1, 0, 0
26007, 3953642, 1, 0, 0
26500, 4352428, 1, 0, 0
27003, 4155236, 1, 0, 0
27505, 4302820, 1, 0, 0
28000, 4257002, 1, 0, 0
28500, 4313415, 1, 0, 0
29000, 4344627, 1, 0, 0
29500, 4451621, 1, 0, 0
30001, 4260825, 1, 0, 0
30506, 4448528, 1, 0, 0
31000, 4976281, 1, 0, 0
31502, 4751195, 1, 0, 0
32000, 4512293, 1, 0, 0
32508, 4541744, 1, 0, 0
33000, 4683152, 1, 0, 0
33500, 4587072, 1, 0, 0
34005, 5124732, 1, 0, 0
34500, 5149353, 1, 0, 0
35000, 4955071, 1, 0, 0
35504, 5409450, 1, 0, 0
36005, 5249338, 1, 0, 0
36507, 5222317, 1, 0, 0
37009, 5303540, 1, 0, 0
37500, 5537022, 1, 0, 0
38005, 5312555, 1, 0, 0
38500, 5279650, 1, 0, 0
39011, 5587536, 1, 0, 0
39510, 6076881, 1, 0, 0
40000, 6161616, 1, 0, 0
40510, 6242524, 1, 0, 0
41009, 5935897, 1, 0, 0
41506, 5799478, 1, 0, 0
42010, 6569906, 1, 0, 0
42505, 5916230, 1, 0, 0
43002, 6209923, 1, 0, 0
43512, 6028036, 1, 0, 0
44004, 6362980, 1, 0, 0
44500, 5933952, 1, 0, 0
45000, 6017417, 1, 0, 0
45501, 6372057, 1, 0, 0
46011, 6029287, 1, 0, 0
46500, 6378549, 1, 0, 0
47008, 6072826, 1, 0, 0
47502, 6129414, 1, 0, 0
48014, 6205537, 1, 0, 0
48500, 6341575, 1, 0, 0
49012, 5933859, 1, 0, 0
49506, 5984873, 1, 0, 0
50013, 6505675, 1, 0, 0
50500, 6821722, 1, 0, 0
51012, 6104451, 1, 0, 0
51504, 6076730, 1, 0, 0
52010, 6553596, 1, 0, 0
52513, 5783228, 1, 0, 0
53006, 6176422, 1, 0, 0
53507, 5705806, 1, 0, 0
54002, 5957192, 1, 0, 0
54500, 6266369, 1, 0, 0
55002, 6393164, 1, 0, 0
55500, 6166633, 1, 0, 0
56014, 5751702, 1, 0, 0
56504, 6354654, 1, 0, 0
57004, 5682286, 1, 0, 0
57513, 6338222, 1, 0, 0
58003, 6317615, 1, 0, 0
58500, 5769783, 1, 0, 0
59009, 6348936, 1, 0, 0
59504, 6143753, 1, 0, 0
60000, 6209944, 1, 0, 0
60001, 1824230, 1, 0, 0
