500, 1063904, 1, 0, 0
1000, 1063808, 1, 0, 0
1500, 1067200, 1, 0, 0
2000, 1066432, 1, 0, 0
2500, 1065504, 1, 0, 0
3000, 1065408, 1, 0, 0
3500, 1068352, 1, 0, 0
4000, 1065920, 1, 0, 0
4500, 1069568, 1, 0, 0
5000, 1069312, 1, 0, 0
5500, 1069760, 1, 0, 0
6000, 879360, 1, 0, 0
6500, 377312, 1, 0, 0
7000, 369120, 1, 0, 0
7500, 334396, 1, 0, 0
8000, 307872, 1, 0, 0
8500, 336160, 1, 0, 0
9000, 284032, 1, 0, 0
9500, 281664, 1, 0, 0
10000, 274784, 1, 0, 0
10500, 245280, 1, 0, 0
11000, 256736, 1, 0, 0
11500, 241600, 1, 0, 0
12000, 227552, 1, 0, 0
12500, 233184, 1, 0, 0
13000, 213184, 1, 0, 0
13500, 229376, 1, 0, 0
14000, 201888, 1, 0, 0
14500, 184448, 1, 0, 0
15000, 194656, 1, 0, 0
15500, 193856, 1, 0, 0
16000, 174656, 1, 0, 0
16500, 181088, 1, 0, 0
17000, 163168, 1, 0, 0
17500, 161216, 1, 0, 0
18000, 156736, 1, 0, 0
18500, 160480, 1, 0, 0
19000, 157376, 1, 0, 0
19500, 145507, 1, 0, 0
20000, 155360, 1, 0, 0
20500, 142880, 1, 0, 0
21000, 135776, 1, 0, 0
21500, 151392, 1, 0, 0
22000, 130688, 1, 0, 0
22500, 134912, 1, 0, 0
23000, 136288, 1, 0, 0
23500, 125536, 1, 0, 0
24000, 120416, 1, 0, 0
24500, 135552, 1, 0, 0
25000, 127488, 1, 0, 0
25500, 125472, 1, 0, 0
26000, 131008, 1, 0, 0
26500, 116096, 1, 0, 0
27000, 123776, 1, 0, 0
27500, 119328, 1, 0, 0
28000, 119104, 1, 0, 0
28500, 122272, 1, 0, 0
29000, 115296, 1, 0, 0
29500, 116841, 1, 0, 0
30000, 117952, 1, 0, 0
30500, 115520, 1, 0, 0
31000, 102272, 1, 0, 0
31500, 107712, 1, 0, 0
32000, 115648, 1, 0, 0
32500, 111168, 1, 0, 0
33000, 107488, 1, 0, 0
33500, 114976, 1, 0, 0
34000, 98016, 1, 0, 0
34500, 102048, 1, 0, 0
35000, 102752, 1, 0, 0
35500, 92416, 1, 0, 0
36000, 97472, 1, 0, 0
36500, 98624, 1, 0, 0
37000, 96832, 1, 0, 0
37500, 93952, 1, 0, 0
38000, 94016, 1, 0, 0
38500, 96064, 1, 0, 0
39000, 93440, 1, 0, 0
39500, 84192, 1, 0, 0
40000, 81920, 1, 0, 0
40500, 83136, 1, 0, 0
41000, 85963, 1, 0, 0
41500, 87968, 1, 0, 0
42000, 78592, 1, 0, 0
42500, 85536, 1, 0, 0
43000, 81792, 1, 0, 0
43500, 86752, 1, 0, 0
44000, 79328, 1, 0, 0
44500, 85472, 1, 0, 0
45000, 87520, 1, 0, 0
45500, 78240, 1, 0, 0
46000, 86752, 1, 0, 0
46500, 78560, 1, 0, 0
47000, 85408, 1, 0, 0
47500, 82432, 1, 0, 0
48000, 84384, 1, 0, 0
48500, 79392, 1, 0, 0
49000, 87392, 1, 0, 0
49500, 84512, 1, 0, 0
50000, 79808, 1, 0, 0
50500, 75520, 1, 0, 0
51000, 83232, 1, 0, 0
51500, 83584, 1, 0, 0
52000, 78336, 1, 0, 0
52500, 88896, 1, 0, 0
53000, 81952, 1, 0, 0
53500, 89632, 1, 0, 0
54000, 85216, 1, 0, 0
54500, 84640, 1, 0, 0
55000, 77344, 1, 0, 0
55500, 85130, 1, 0, 0
56000, 88800, 1, 0, 0
56500, 78880, 1, 0, 0
57000, 90144, 1, 0, 0
57500, 82272, 1, 0, 0
58000, 79200, 1, 0, 0
58500, 88512, 1, 0, 0
59000, 82048, 1, 0, 0
59500, 82400, 1, 0, 0
60000, 84160, 1, 0, 0
