500, 480897, 1, 0, 0
1000, 481053, 1, 0, 0
1500, 479671, 1, 0, 0
2000, 479907, 1, 0, 0
2500, 480371, 1, 0, 0
3000, 480298, 1, 0, 0
3500, 479161, 1, 0, 0
4000, 480093, 1, 0, 0
4500, 478530, 1, 0, 0
5000, 478659, 1, 0, 0
5500, 478321, 1, 0, 0
6000, 581772, 1, 0, 0
6500, 1353298, 1, 0, 0
7003, 1380851, 1, 0, 0
7500, 1535249, 1, 0, 0
8001, 1650651, 1, 0, 0
8500, 1538896, 1, 0, 0
9000, 1800902, 1, 0, 0
9500, 1816929, 1, 0, 0
10004, 1847277, 1, 0, 0
10500, 2092683, 1, 0, 0
11000, 2011156, 1, 0, 0
11500, 2099864, 1, 0, 0
12004, 2237413, 1, 0, 0
12503, 2193023, 1, 0, 0
13000, 2390803, 1, 0, 0
13501, 2234560, 1, 0, 0
14002, 2540596, 1, 0, 0
14504, 2783192, 1, 0, 0
15005, 2634644, 1, 0, 0
15500, 2653935, 1, 0, 0
16002, 2887732, 1, 0, 0
16500, 2881741, 1, 0, 0
17005, 3099050, 1, 0, 0
17506, 3187128, 1, 0, 0
18007, 3263436, 1, 0, 0
18500, 3226768, 1, 0, 0
19010, 3232758, 1, 0, 0
19507, 3506812, 1, 0, 0
20011, 3326083, 1, 0, 0
20500, 3584029, 1, 0, 0
21001, 3685284, 1, 0, 0
21501, 3377251, 1, 0, 0
22004, 3940823, 1, 0, 0
22500, 3862800, 1, 0, 0
23000, 3765157, 1, 0, 0
23500, 4089126, 1, 0, 0
24000, 4124772, 1, 0, 0
24500, 3771524, 1, 0, 0
25000, 4130208, 1, 0, 0
25500, 3978443, 1, 0, 0
26007, 3954959, 1, 0, 0
26500, 4353728, 1, 0, 0
27003, 4156541, 1, 0, 0
27505, 4304127, 1, 0, 0
28000, 4258320, 1, 0, 0
28500, 4314719, 1, 0, 0
29000, 4345941, 1, 0, 0
29500, 4452927, 1, 0, 0
30001, 4262256, 1, 0, 0
30506, 4449824, 1, 0, 0
31000, 4977604, 1, 0, 0
31502, 4752501, 1, 0, 0
32000, 4513604, 1, 0, 0
32508, 4543046, 1, 0, 0
33000, 4684480, 1, 0, 0
33500, 4589456, 1, 0, 0
34005, 5126093, 1, 0, 0
34500, 5150660, 1, 0, 0
35000, 4956675, 1, 0, 0
35504, 5410757, 1, 0, 0
36005, 5250654, 1, 0, 0
36507, 5223618, 1, 0, 0
37009, 5304858, 1, 0, 0
37500, 5538323, 1, 0, 0
38005, 5313860, 1, 0, 0
38500, 5280951, 1, 0, 0
39011, 5588844, 1, 0, 0
39510, 6078174, 1, 0, 0
40000, 6162928, 1, 0, 0
40510, 6243828, 1, 0, 0
41009, 5937205, 1, 0, 0
41506, 5800773, 1, 0, 0
42010, 6571219, 1, 0, 0
42505, 5917524, 1, 0, 0
43002, 6211223, 1, 0, 0
43512, 6029347, 1, 0, 0
44004, 6364291, 1, 0, 0
44500, 5935254, 1, 0, 0
45000, 6018727, 1, 0, 0
45501, 6373360, 1, 0, 0
46011, 6030603, 1, 0, 0
46500, 6379855, 1, 0, 0
47008, 6074142, 1, 0, 0
47502, 6130711, 1, 0, 0
48014, 6206850, 1, 0, 0
48500, 6342870, 1, 0, 0
49012, 5935168, 1, 0, 0
49506, 5986171, 1, 0, 0
50013, 6506984, 1, 0, 0
50500, 6823021, 1, 0, 0
51012, 6105759, 1, 0, 0
51504, 6078034, 1, 0, 0
52010, 6554898, 1, 0, 0
52513, 5784525, 1, 0, 0
53006, 6177732, 1, 0, 0
53507, 5707099, 1, 0, 0
54002, 5958496, 1, 0, 0
54500, 6267670, 1, 0, 0
55002, 6394471, 1, 0, 0
55500, 6167930, 1, 0, 0
56014, 5752999, 1, 0, 0
56504, 6355952, 1, 0, 0
57004, 5683592, 1, 0, 0
57513, 6339520, 1, 0, 0
58003, 6318915, 1, 0, 0
58500, 5771078, 1, 0, 0
59009, 6350231, 1, 0, 0
59504, 6145054, 1, 0, 0
60000, 6211243, 1, 0, 0
60001, 1825504, 1, 0, 0
