500, 2291680, 1, 0, 0
1000, 2287006, 1, 0, 0
1500, 2286656, 1, 0, 0
2000, 2286976, 1, 0, 0
2500, 2287104, 1, 0, 0
3000, 2286720, 1, 0, 0
3500, 2286976, 1, 0, 0
4000, 2287072, 1, 0, 0
4500, 2286752, 1, 0, 0
5000, 2287040, 1, 0, 0
5500, 2111296, 1, 0, 0
6000, 121856, 1, 0, 0
6500, 126976, 1, 0, 0
7000, 139008, 1, 0, 0
7500, 141824, 1, 0, 0
8000, 154752, 1, 0, 0
8500, 162176, 1, 0, 0
9000, 169728, 1, 0, 0
9500, 186741, 1, 0, 0
10000, 199680, 1, 0, 0
10500, 210432, 1, 0, 0
11000, 215040, 1, 0, 0
11500, 236032, 1, 0, 0
12000, 239232, 1, 0, 0
12500, 251776, 1, 0, 0
13000, 210176, 1, 0, 0
13500, 202496, 1, 0, 0
14000, 216064, 1, 0, 0
14500, 214016, 1, 0, 0
15000, 228096, 1, 0, 0
15500, 234784, 1, 0, 0
16000, 232672, 1, 0, 0
16500, 241152, 1, 0, 0
17000, 235264, 1, 0, 0
17500, 249600, 1, 0, 0
18000, 251136, 1, 0, 0
18500, 238592, 1, 0, 0
19000, 253952, 1, 0, 0
19500, 256768, 1, 0, 0
20000, 248832, 1, 0, 0
20500, 264448, 1, 0, 0
21000, 271872, 1, 0, 0
21500, 260617, 1, 0, 0
22000, 273152, 1, 0, 0
22500, 280320, 1, 0, 0
23000, 286592, 1, 0, 0
23500, 279936, 1, 0, 0
24000, 293888, 1, 0, 0
24500, 301568, 1, 0, 0
25000, 297152, 1, 0, 0
25500, 305216, 1, 0, 0
26000, 318464, 1, 0, 0
26500, 328704, 1, 0, 0
27000, 328960, 1, 0, 0
27500, 339712, 1, 0, 0
28000, 335040, 1, 0, 0
28500, 343840, 1, 0, 0
29000, 365824, 1, 0, 0
29500, 374016, 1, 0, 0
30000, 385280, 1, 0, 0
30500, 404480, 1, 0, 0
31000, 407808, 1, 0, 0
31500, 421376, 1, 0, 0
32000, 442880, 1, 0, 0
32500, 464640, 1, 0, 0
33000, 490420, 1, 0, 0
33500, 524064, 1, 0, 0
34000, 533504, 1, 0, 0
34500, 564736, 1, 0, 0
35000, 635648, 1, 0, 0
35500, 661312, 1, 0, 0
36000, 757696, 1, 0, 0
36500, 866656, 1, 0, 0
37000, 1058208, 1, 0, 0
37500, 1536864, 1, 0, 0
38000, 1483680, 1, 0, 0
38500, 124160, 1, 0, 0
39000, 135424, 1, 0, 0
39500, 136960, 1, 0, 0
40000, 147456, 1, 0, 0
40500, 157696, 1, 0, 0
41000, 163328, 1, 0, 0
41500, 180736, 1, 0, 0
42000, 184689, 1, 0, 0
42500, 203264, 1, 0, 0
43000, 216000, 1, 0, 0
43500, 220480, 1, 0, 0
44000, 241920, 1, 0, 0
44500, 243712, 1, 0, 0
45000, 248320, 1, 0, 0
45500, 204768, 1, 0, 0
46000, 205856, 1, 0, 0
46500, 217344, 1, 0, 0
47000, 215552, 1, 0, 0
47500, 228608, 1, 0, 0
48000, 235008, 1, 0, 0
48500, 233472, 1, 0, 0
49000, 242432, 1, 0, 0
49500, 236544, 1, 0, 0
50000, 248320, 1, 0, 0
50500, 250624, 1, 0, 0
51000, 244969, 1, 0, 0
51500, 254976, 1, 0, 0
52000, 257024, 1, 0, 0
52500, 242176, 1, 0, 0
53000, 260608, 1, 0, 0
53500, 268544, 1, 0, 0
54000, 262976, 1, 0, 0
54500, 277184, 1, 0, 0
55000, 283392, 1, 0, 0
55500, 287744, 1, 0, 0
56000, 282112, 1, 0, 0
56500, 299776, 1, 0, 0
57000, 298496, 1, 0, 0
57500, 302880, 1, 0, 0
58000, 304352, 1, 0, 0
58500, 321792, 1, 0, 0
59000, 329216, 1, 0, 0
59500, 331776, 1, 0, 0
60000, 339872, 1, 0, 0
