500, 223558, 1, 0, 0
1000, 223680, 1, 0, 0
1500, 223679, 1, 0, 0
2000, 223678, 1, 0, 0
2500, 223674, 1, 0, 0
3000, 223674, 1, 0, 0
3500, 223675, 1, 0, 0
4000, 223676, 1, 0, 0
4500, 223672, 1, 0, 0
5000, 223665, 1, 0, 0
5517, 241898, 1, 0, 0
6009, 4141925, 1, 0, 0
6503, 3983793, 1, 0, 0
7016, 3770271, 1, 0, 0
7507, 3553278, 1, 0, 0
8000, 3423771, 1, 0, 0
8509, 3062277, 1, 0, 0
9002, 2975205, 1, 0, 0
9513, 2811459, 1, 0, 0
10005, 2517102, 1, 0, 0
10515, 2484610, 1, 0, 0
11003, 2328265, 1, 0, 0
11511, 2198234, 1, 0, 0
12000, 2134435, 1, 0, 0
12505, 2018163, 1, 0, 0
13014, 2474860, 1, 0, 0
13504, 2477888, 1, 0, 0
14014, 2414500, 1, 0, 0
14502, 2336738, 1, 0, 0
15009, 2280635, 1, 0, 0
15500, 2226063, 1, 0, 0
16007, 2144193, 1, 0, 0
16515, 2157053, 1, 0, 0
17003, 2121820, 1, 0, 0
17509, 2076865, 1, 0, 0
18015, 2061647, 1, 0, 0
18501, 2087257, 1, 0, 0
19007, 2043110, 1, 0, 0
19514, 2022665, 1, 0, 0
20001, 2001669, 1, 0, 0
20507, 1959693, 1, 0, 0
21013, 1906429, 1, 0, 0
21500, 1916217, 1, 0, 0
22006, 1894567, 1, 0, 0
22512, 1850028, 1, 0, 0
23000, 1803876, 1, 0, 0
23503, 1779148, 1, 0, 0
24009, 1763860, 1, 0, 0
24513, 1710265, 1, 0, 0
25000, 1737624, 1, 0, 0
25501, 1621667, 1, 0, 0
26005, 1621838, 1, 0, 0
26508, 1567597, 1, 0, 0
27010, 1560917, 1, 0, 0
27514, 1518529, 1, 0, 0
28000, 1542186, 1, 0, 0
28501, 1436736, 1, 0, 0
29002, 1404644, 1, 0, 0
29506, 1377718, 1, 0, 0
30005, 1328782, 1, 0, 0
30505, 1265851, 1, 0, 0
31006, 1256470, 1, 0, 0
31505, 1214904, 1, 0, 0
32004, 1152128, 1, 0, 0
32502, 1097570, 1, 0, 0
33000, 1070940, 1, 0, 0
33512, 975080, 1, 0, 0
34007, 948854, 1, 0, 0
34500, 895528, 1, 0, 0
35010, 821535, 1, 0, 0
35500, 778651, 1, 0, 0
36002, 662505, 1, 0, 0
36500, 602094, 1, 0, 0
37003, 478312, 1, 0, 0
37500, 336594, 1, 0, 0
38013, 341416, 1, 0, 0
38506, 4065158, 1, 0, 0
39000, 3866475, 1, 0, 0
39508, 3672118, 1, 0, 0
40000, 3469891, 1, 0, 0
40511, 3272846, 1, 0, 0
41002, 3076236, 1, 0, 0
41512, 2888417, 1, 0, 0
42001, 2719718, 1, 0, 0
42508, 2555781, 1, 0, 0
43000, 2416909, 1, 0, 0
43506, 2264718, 1, 0, 0
44013, 2147340, 1, 0, 0
44500, 2049785, 1, 0, 0
45009, 2095683, 1, 0, 0
45500, 2559907, 1, 0, 0
46008, 2420196, 1, 0, 0
46514, 2388608, 1, 0, 0
47003, 2321167, 1, 0, 0
47510, 2270133, 1, 0, 0
48000, 2222295, 1, 0, 0
48507, 2139155, 1, 0, 0
49015, 2143372, 1, 0, 0
49502, 2110616, 1, 0, 0
50008, 2085338, 1, 0, 0
50515, 2069213, 1, 0, 0
51002, 2039931, 1, 0, 0
51508, 2032165, 1, 0, 0
52014, 2015177, 1, 0, 0
52500, 2056600, 1, 0, 0
53006, 1988621, 1, 0, 0
53513, 1932068, 1, 0, 0
54000, 1917519, 1, 0, 0
54505, 1844813, 1, 0, 0
55011, 1829072, 1, 0, 0
55515, 1794434, 1, 0, 0
56002, 1767369, 1, 0, 0
56507, 1723949, 1, 0, 0
57012, 1732013, 1, 0, 0
57500, 1718455, 1, 0, 0
58002, 1620698, 1, 0, 0
58507, 1608236, 1, 0, 0
59010, 1564557, 1, 0, 0
59513, 1552627, 1, 0, 0
60000, 1511838, 1, 0, 0
60016, 16461126, 1, 0, 0
