500, 1280, 1, 0, 0
1000, 1212, 1, 0, 0
1500, 1204, 1, 0, 0
2000, 1196, 1, 0, 0
2500, 1212, 1, 0, 0
3000, 1228, 1, 0, 0
3500, 1204, 1, 0, 0
4000, 1201, 1, 0, 0
4500, 1219, 1, 0, 0
5000, 1201, 1, 0, 0
5517, 1197, 1, 0, 0
6009, 1223, 1, 0, 0
6503, 1239, 1, 0, 0
7016, 1232, 1, 0, 0
7507, 1219, 1, 0, 0
8000, 1218, 1, 0, 0
8509, 1212, 1, 0, 0
9002, 1221, 1, 0, 0
9513, 1287, 1, 0, 0
10005, 1212, 1, 0, 0
10515, 1217, 1, 0, 0
11003, 1220, 1, 0, 0
11511, 1215, 1, 0, 0
12000, 1217, 1, 0, 0
12505, 1220, 1, 0, 0
13014, 1221, 1, 0, 0
13504, 1214, 1, 0, 0
14014, 1215, 1, 0, 0
14502, 1217, 1, 0, 0
15009, 1213, 1, 0, 0
15500, 1214, 1, 0, 0
16007, 1211, 1, 0, 0
16515, 1210, 1, 0, 0
17003, 1218, 1, 0, 0
17509, 1209, 1, 0, 0
18015, 1220, 1, 0, 0
18501, 1213, 1, 0, 0
19007, 1211, 1, 0, 0
19514, 1216, 1, 0, 0
20001, 1225, 1, 0, 0
20507, 1219, 1, 0, 0
21013, 1217, 1, 0, 0
21500, 1220, 1, 0, 0
22006, 1228, 1, 0, 0
22512, 1222, 1, 0, 0
23000, 1216, 1, 0, 0
23503, 1546, 1, 0, 0
24009, 1223, 1, 0, 0
24513, 1221, 1, 0, 0
25000, 1216, 1, 0, 0
25501, 1214, 1, 0, 0
26005, 1220, 1, 0, 0
26508, 1230, 1, 0, 0
27010, 1228, 1, 0, 0
27514, 1212, 1, 0, 0
28000, 1213, 1, 0, 0
28501, 1224, 1, 0, 0
29002, 1232, 1, 0, 0
29506, 1235, 1, 0, 0
30005, 1368, 1, 0, 0
30505, 1226, 1, 0, 0
31006, 1224, 1, 0, 0
31505, 1229, 1, 0, 0
32004, 1239, 1, 0, 0
32502, 1225, 1, 0, 0
33000, 1229, 1, 0, 0
33512, 1233, 1, 0, 0
34007, 1223, 1, 0, 0
34500, 1233, 1, 0, 0
35010, 1232, 1, 0, 0
35500, 1230, 1, 0, 0
36002, 1223, 1, 0, 0
36500, 1230, 1, 0, 0
37003, 1234, 1, 0, 0
37500, 1227, 1, 0, 0
38013, 1222, 1, 0, 0
38506, 1268, 1, 0, 0
39000, 1222, 1, 0, 0
39508, 1222, 1, 0, 0
40000, 1222, 1, 0, 0
40511, 1216, 1, 0, 0
41002, 1231, 1, 0, 0
41512, 1250, 1, 0, 0
42001, 1219, 1, 0, 0
42508, 1227, 1, 0, 0
43000, 1227, 1, 0, 0
43506, 1228, 1, 0, 0
44013, 1246, 1, 0, 0
44500, 1229, 1, 0, 0
45009, 1232, 1, 0, 0
45500, 1226, 1, 0, 0
46008, 1219, 1, 0, 0
46514, 1224, 1, 0, 0
47003, 1224, 1, 0, 0
47510, 1216, 1, 0, 0
48000, 1212, 1, 0, 0
48507, 1251, 1, 0, 0
49015, 1241, 1, 0, 0
49502, 1211, 1, 0, 0
50008, 1218, 1, 0, 0
50515, 1204, 1, 0, 0
51002, 1214, 1, 0, 0
51508, 1223, 1, 0, 0
52014, 1214, 1, 0, 0
52500, 1208, 1, 0, 0
53006, 1210, 1, 0, 0
53513, 1216, 1, 0, 0
54000, 1212, 1, 0, 0
54505, 1215, 1, 0, 0
55011, 1210, 1, 0, 0
55515, 1374, 1, 0, 0
56002, 1254, 1, 0, 0
56507, 1220, 1, 0, 0
57012, 1243, 1, 0, 0
57500, 1207, 1, 0, 0
58002, 1217, 1, 0, 0
58507, 1212, 1, 0, 0
59010, 1214, 1, 0, 0
59513, 1207, 1, 0, 0
60016, 1218, 1, 0, 0
