500, 143232, 1, 0, 0
1000, 142937, 1, 0, 0
1500, 142916, 1, 0, 0
2000, 142936, 1, 0, 0
2500, 142944, 1, 0, 0
3000, 142920, 1, 0, 0
3500, 142936, 1, 0, 0
4000, 142942, 1, 0, 0
4500, 142922, 1, 0, 0
5000, 142940, 1, 0, 0
5500, 131956, 1, 0, 0
6000, 7616, 1, 0, 0
6500, 7936, 1, 0, 0
7000, 8688, 1, 0, 0
7500, 8864, 1, 0, 0
8000, 9672, 1, 0, 0
8500, 10136, 1, 0, 0
9000, 10608, 1, 0, 0
9500, 11671, 1, 0, 0
10000, 12480, 1, 0, 0
10500, 13152, 1, 0, 0
11000, 13440, 1, 0, 0
11500, 14752, 1, 0, 0
12000, 14952, 1, 0, 0
12500, 15736, 1, 0, 0
13000, 13136, 1, 0, 0
13500, 12656, 1, 0, 0
14000, 13504, 1, 0, 0
14500, 13376, 1, 0, 0
15000, 14256, 1, 0, 0
15500, 14674, 1, 0, 0
16000, 14542, 1, 0, 0
16500, 15072, 1, 0, 0
17000, 14704, 1, 0, 0
17500, 15600, 1, 0, 0
18000, 15696, 1, 0, 0
18500, 14912, 1, 0, 0
19000, 15872, 1, 0, 0
19500, 16048, 1, 0, 0
20000, 15552, 1, 0, 0
20500, 16528, 1, 0, 0
21000, 16992, 1, 0, 0
21500, 16288, 1, 0, 0
22000, 17072, 1, 0, 0
22500, 17520, 1, 0, 0
23000, 17912, 1, 0, 0
23500, 17496, 1, 0, 0
24000, 18368, 1, 0, 0
24500, 18848, 1, 0, 0
25000, 18572, 1, 0, 0
25500, 19076, 1, 0, 0
26000, 19904, 1, 0, 0
26500, 20544, 1, 0, 0
27000, 20560, 1, 0, 0
27500, 21232, 1, 0, 0
28000, 20942, 1, 0, 0
28500, 21490, 1, 0, 0
29000, 22864, 1, 0, 0
29500, 23376, 1, 0, 0
30000, 24080, 1, 0, 0
30500, 25280, 1, 0, 0
31000, 25488, 1, 0, 0
31500, 26336, 1, 0, 0
32000, 27680, 1, 0, 0
32500, 29040, 1, 0, 0
33000, 30651, 1, 0, 0
33500, 32754, 1, 0, 0
34000, 33344, 1, 0, 0
34500, 35296, 1, 0, 0
35000, 39728, 1, 0, 0
35500, 41332, 1, 0, 0
36000, 47356, 1, 0, 0
36500, 54166, 1, 0, 0
37000, 66138, 1, 0, 0
37500, 96054, 1, 0, 0
38000, 92730, 1, 0, 0
38500, 7760, 1, 0, 0
39000, 8464, 1, 0, 0
39500, 8560, 1, 0, 0
40000, 9216, 1, 0, 0
40500, 9856, 1, 0, 0
41000, 10208, 1, 0, 0
41500, 11296, 1, 0, 0
42000, 11543, 1, 0, 0
42500, 12704, 1, 0, 0
43000, 13500, 1, 0, 0
43500, 13780, 1, 0, 0
44000, 15120, 1, 0, 0
44500, 15232, 1, 0, 0
45000, 15520, 1, 0, 0
45500, 12798, 1, 0, 0
46000, 12866, 1, 0, 0
46500, 13584, 1, 0, 0
47000, 13472, 1, 0, 0
47500, 14288, 1, 0, 0
48000, 14688, 1, 0, 0
48500, 14592, 1, 0, 0
49000, 15152, 1, 0, 0
49500, 14784, 1, 0, 0
50000, 15520, 1, 0, 0
50500, 15664, 1, 0, 0
51000, 15310, 1, 0, 0
51500, 15936, 1, 0, 0
52000, 16064, 1, 0, 0
52500, 15136, 1, 0, 0
53000, 16288, 1, 0, 0
53500, 16784, 1, 0, 0
54000, 16436, 1, 0, 0
54500, 17324, 1, 0, 0
55000, 17712, 1, 0, 0
55500, 17984, 1, 0, 0
56000, 17632, 1, 0, 0
56500, 18736, 1, 0, 0
57000, 18656, 1, 0, 0
57500, 18930, 1, 0, 0
58000, 19022, 1, 0, 0
58500, 20112, 1, 0, 0
59000, 20576, 1, 0, 0
59500, 20736, 1, 0, 0
60000, 21242, 1, 0, 0
