500, 222278, 1, 0, 0
1000, 222468, 1, 0, 0
1500, 222475, 1, 0, 0
2000, 222482, 1, 0, 0
2500, 222462, 1, 0, 0
3000, 222446, 1, 0, 0
3500, 222472, 1, 0, 0
4000, 222475, 1, 0, 0
4500, 222453, 1, 0, 0
5000, 222464, 1, 0, 0
5517, 240701, 1, 0, 0
6009, 4140702, 1, 0, 0
6503, 3982553, 1, 0, 0
7016, 3769039, 1, 0, 0
7507, 3552059, 1, 0, 0
8000, 3422553, 1, 0, 0
8509, 3061066, 1, 0, 0
9002, 2973984, 1, 0, 0
9513, 2810171, 1, 0, 0
10005, 2515890, 1, 0, 0
10515, 2483393, 1, 0, 0
11003, 2327045, 1, 0, 0
11511, 2197019, 1, 0, 0
12000, 2133218, 1, 0, 0
12505, 2016943, 1, 0, 0
13014, 2473640, 1, 0, 0
13504, 2476675, 1, 0, 0
14014, 2413285, 1, 0, 0
14502, 2335521, 1, 0, 0
15009, 2279422, 1, 0, 0
15500, 2224849, 1, 0, 0
16007, 2142982, 1, 0, 0
16515, 2155843, 1, 0, 0
17003, 2120603, 1, 0, 0
17509, 2075656, 1, 0, 0
18015, 2060428, 1, 0, 0
18501, 2086043, 1, 0, 0
19007, 2041899, 1, 0, 0
19514, 2021450, 1, 0, 0
20001, 2000445, 1, 0, 0
20507, 1958475, 1, 0, 0
21013, 1905212, 1, 0, 0
21500, 1914997, 1, 0, 0
22006, 1893339, 1, 0, 0
22512, 1848807, 1, 0, 0
23000, 1802659, 1, 0, 0
23503, 1777602, 1, 0, 0
24009, 1762637, 1, 0, 0
24513, 1709044, 1, 0, 0
25000, 1736408, 1, 0, 0
25501, 1620453, 1, 0, 0
26005, 1620618, 1, 0, 0
26508, 1566367, 1, 0, 0
27010, 1559690, 1, 0, 0
27514, 1517316, 1, 0, 0
28000, 1540974, 1, 0, 0
28501, 1435513, 1, 0, 0
29002, 1403412, 1, 0, 0
29506, 1376483, 1, 0, 0
30005, 1327413, 1, 0, 0
30505, 1264625, 1, 0, 0
31006, 1255247, 1, 0, 0
31505, 1213675, 1, 0, 0
32004, 1150888, 1, 0, 0
32502, 1096346, 1, 0, 0
33000, 1069711, 1, 0, 0
33512, 973847, 1, 0, 0
34007, 947630, 1, 0, 0
34500, 894295, 1, 0, 0
35010, 820303, 1, 0, 0
35500, 777420, 1, 0, 0
36002, 661283, 1, 0, 0
36500, 600864, 1, 0, 0
37003, 477078, 1, 0, 0
37500, 335366, 1, 0, 0
38013, 340194, 1, 0, 0
38506, 4063890, 1, 0, 0
39000, 3865253, 1, 0, 0
39508, 3670896, 1, 0, 0
40000, 3468669, 1, 0, 0
40511, 3271630, 1, 0, 0
41002, 3075005, 1, 0, 0
41512, 2887167, 1, 0, 0
42001, 2718499, 1, 0, 0
42508, 2554554, 1, 0, 0
43000, 2415681, 1, 0, 0
43506, 2263491, 1, 0, 0
44013, 2146094, 1, 0, 0
44500, 2048556, 1, 0, 0
45009, 2094451, 1, 0, 0
45500, 2558681, 1, 0, 0
46008, 2418977, 1, 0, 0
46514, 2387385, 1, 0, 0
47003, 2319943, 1, 0, 0
47510, 2268916, 1, 0, 0
48000, 2221083, 1, 0, 0
48507, 2137905, 1, 0, 0
49015, 2142131, 1, 0, 0
49502, 2109406, 1, 0, 0
50008, 2084119, 1, 0, 0
50515, 2068010, 1, 0, 0
51002, 2038717, 1, 0, 0
51508, 2030942, 1, 0, 0
52014, 2013964, 1, 0, 0
52500, 2055392, 1, 0, 0
53006, 1987411, 1, 0, 0
53513, 1930852, 1, 0, 0
54000, 1916308, 1, 0, 0
54505, 1843598, 1, 0, 0
55011, 1827862, 1, 0, 0
55515, 1793060, 1, 0, 0
56002, 1766115, 1, 0, 0
56507, 1722729, 1, 0, 0
57012, 1730771, 1, 0, 0
57500, 1717248, 1, 0, 0
58002, 1619481, 1, 0, 0
58507, 1607024, 1, 0, 0
59010, 1563343, 1, 0, 0
59513, 1551420, 1, 0, 0
60000, 1510621, 1, 0, 0
60016, 16459864, 1, 0, 0
