[62933.005585] KSC2026-MARK map4k_bs16k_r1 insmod 1791438695377540791
[62933.025804] NVMeVirt: Version 1.10 for >> Samsung 970 Pro SSD <<
[62933.025823] NVMeVirt: Storage: 0x300100000-0x600000000 (12287 MiB)
[62933.039123] NVMeVirt: Total Capacity(GiB,MiB)=3,3072 chs=2 luns=4 lines=384 blk-size(MiB,KiB)=2,2048 line-size(MiB,KiB)=8,8192
[62933.039128] NVMeVirt: KSC2026: mapping unit=4096 B, flash page=32768 B, oneshot page=32768 B, pgs_per_blk=512, blks_per_pl=384, write buffer=1048576 B
[62933.047926] NVMeVirt: [chmodel_init] bandwidth 800 max_credits 26 tx_time 152
[62933.054835] NVMeVirt: [chmodel_init] bandwidth 800 max_credits 26 tx_time 152
[62933.054846] NVMeVirt: [chmodel_init] bandwidth 3360 max_credits 110 tx_time 36
[62933.056244] NVMeVirt: pqueue: Copyright (c) 2014, Volkan Yazıcı <volkan.yazici@gmail.com>. All rights reserved.
[62933.056246] NVMeVirt: Init FTL instance with 2 channels (786432 pages)
[62933.063040] NVMeVirt: [chmodel_init] bandwidth 800 max_credits 26 tx_time 152
[62933.069801] NVMeVirt: [chmodel_init] bandwidth 800 max_credits 26 tx_time 152
[62933.069812] NVMeVirt: [chmodel_init] bandwidth 3360 max_credits 110 tx_time 36
[62933.071198] NVMeVirt: Init FTL instance with 2 channels (786432 pages)
[62933.077996] NVMeVirt: [chmodel_init] bandwidth 800 max_credits 26 tx_time 152
[62933.084730] NVMeVirt: [chmodel_init] bandwidth 800 max_credits 26 tx_time 152
[62933.084741] NVMeVirt: [chmodel_init] bandwidth 3360 max_credits 110 tx_time 36
[62933.086120] NVMeVirt: Init FTL instance with 2 channels (786432 pages)
[62933.092853] NVMeVirt: [chmodel_init] bandwidth 800 max_credits 26 tx_time 152
[62933.099683] NVMeVirt: [chmodel_init] bandwidth 800 max_credits 26 tx_time 152
[62933.099694] NVMeVirt: [chmodel_init] bandwidth 3360 max_credits 110 tx_time 36
[62933.101089] NVMeVirt: Init FTL instance with 2 channels (786432 pages)
[62933.101094] NVMeVirt: FTL physical space: 12883853312, logical space: 12040984403 (physical/logical * 100 = 107)
[62933.101095] NVMeVirt: KSC2026: WBUF_FIX=1 GC_STATS=1
[62933.101095] NVMeVirt: ns 0/1: size 11483 MiB
[62933.101128] PCI host bridge to bus 0001:10
[62933.101130] pci_bus 0001:10: root bus resource [io  0x0000-0xffff]
[62933.101131] pci_bus 0001:10: root bus resource [mem 0x00000000-0x3fffffffffff]
[62933.101133] pci_bus 0001:10: root bus resource [bus 00-ff]
[62933.101139] pci 0001:10:00.0: [0c51:0110] type 00 class 0x010802 PCIe Endpoint
[62933.101141] pci 0001:10:00.0: BAR 0 [mem 0x300000000-0x300003fff 64bit]
[62933.101142] pci 0001:10:00.0: enabling Extended Tags
[62933.101240] NVMeVirt: Virtual PCI bus created (node 0)
[62933.101462] NVMeVirt: nvmev_io_worker_0 started on cpu 4 (node 0)
[62933.101653] NVMeVirt: nvmev_io_worker_1 started on cpu 5 (node 0)
[62933.101663] NVMeVirt: nvmev_dispatcher started on cpu 3 (node 0)
[62933.101795] nvme nvme1: pci function 0001:10:00.0
[62933.105557] nvme nvme1: 1/0/0 default/read/poll queues
[62933.107444] NVMeVirt: Virtual NVMe device created
[62939.134737] KSC2026-MARK map4k_bs16k_r1 fio-start 1791438701519974897
[62944.825103] NVMeVirt: KSC2026: first GC part=0 victim line=291 vpc=1902 ipc=146 free_lines=2 host_pgs=778240
[62944.825179] NVMeVirt: KSC2026: first GC part=1 victim line=291 vpc=1902 ipc=146 free_lines=2 host_pgs=778240
[62944.825250] NVMeVirt: KSC2026: first GC part=2 victim line=291 vpc=1902 ipc=146 free_lines=2 host_pgs=778240
[62944.825319] NVMeVirt: KSC2026: first GC part=3 victim line=291 vpc=1902 ipc=146 free_lines=2 host_pgs=778240
[63000.178017] KSC2026-MARK map4k_bs16k_r1 fio-end
[63000.181985] KSC2026-MARK map4k_bs16k_r1 rmmod 1791438762567171728
[63000.235680] pci_bus 0001:10: busn_res: [bus 10-ff] is released
[63000.235766] NVMeVirt: KSC2026: stats part=0 host_pgs=1847156 gc_pgs=4704306 gc_cnt=2818 free_lines=2
[63000.235767] NVMeVirt: KSC2026: stats part=1 host_pgs=1847156 gc_pgs=4704306 gc_cnt=2818 free_lines=2
[63000.235768] NVMeVirt: KSC2026: stats part=2 host_pgs=1847156 gc_pgs=4704306 gc_cnt=2818 free_lines=2
[63000.235769] NVMeVirt: KSC2026: stats part=3 host_pgs=1847156 gc_pgs=4704306 gc_cnt=2818 free_lines=2
[63000.302572] NVMeVirt: Virtual NVMe device closed
