500, 480440, 1, 0, 0
1000, 478595, 1, 0, 0
1500, 479822, 1, 0, 0
2000, 481742, 1, 0, 0
2500, 485229, 1, 0, 0
3000, 481352, 1, 0, 0
3500, 481447, 1, 0, 0
4000, 480267, 1, 0, 0
4500, 481690, 1, 0, 0
5000, 478664, 1, 0, 0
5500, 481536, 1, 0, 0
6010, 644252, 1, 0, 0
6512, 7174556, 1, 0, 0
7000, 7428657, 1, 0, 0
7504, 6902164, 1, 0, 0
8008, 6955855, 1, 0, 0
8505, 6889454, 1, 0, 0
9006, 6561925, 1, 0, 0
9506, 6500777, 1, 0, 0
10005, 6203095, 1, 0, 0
10514, 6177831, 1, 0, 0
11000, 6369330, 1, 0, 0
11500, 5510688, 1, 0, 0
12000, 5930039, 1, 0, 0
12505, 5738571, 1, 0, 0
13008, 5557515, 1, 0, 0
13507, 5808592, 1, 0, 0
14000, 5411571, 1, 0, 0
14502, 5489832, 1, 0, 0
15015, 5339594, 1, 0, 0
15502, 5605637, 1, 0, 0
16010, 5533706, 1, 0, 0
16500, 5883300, 1, 0, 0
17002, 5551265, 1, 0, 0
17502, 5611998, 1, 0, 0
18007, 5318986, 1, 0, 0
18508, 5278232, 1, 0, 0
19011, 5284050, 1, 0, 0
19507, 5273262, 1, 0, 0
20006, 5243935, 1, 0, 0
20500, 5426747, 1, 0, 0
21011, 5263975, 1, 0, 0
21506, 5180425, 1, 0, 0
22001, 5188484, 1, 0, 0
22513, 5358957, 1, 0, 0
23011, 4952171, 1, 0, 0
23501, 5205082, 1, 0, 0
24008, 5268261, 1, 0, 0
24501, 5019257, 1, 0, 0
25004, 5232757, 1, 0, 0
25500, 5251937, 1, 0, 0
26012, 4681361, 1, 0, 0
26514, 4424918, 1, 0, 0
27000, 4922775, 1, 0, 0
27512, 4808508, 1, 0, 0
28005, 4665028, 1, 0, 0
28508, 4668601, 1, 0, 0
29008, 4916905, 1, 0, 0
29500, 5119897, 1, 0, 0
30000, 4818693, 1, 0, 0
30506, 4192914, 1, 0, 0
31009, 4353749, 1, 0, 0
31506, 4443079, 1, 0, 0
32002, 4265683, 1, 0, 0
32500, 3855957, 1, 0, 0
33000, 4277436, 1, 0, 0
33508, 4312499, 1, 0, 0
34000, 4328565, 1, 0, 0
34501, 4281378, 1, 0, 0
35003, 4309966, 1, 0, 0
35500, 4235448, 1, 0, 0
36012, 4256812, 1, 0, 0
36500, 3738852, 1, 0, 0
37007, 3879884, 1, 0, 0
37500, 3969028, 1, 0, 0
38000, 3911496, 1, 0, 0
38500, 4025276, 1, 0, 0
39000, 3738603, 1, 0, 0
39500, 3695283, 1, 0, 0
40010, 3716509, 1, 0, 0
40501, 3547075, 1, 0, 0
41005, 3531809, 1, 0, 0
41500, 3461528, 1, 0, 0
42007, 3267639, 1, 0, 0
42500, 3294172, 1, 0, 0
43000, 3209053, 1, 0, 0
43505, 3103852, 1, 0, 0
44003, 2855840, 1, 0, 0
44506, 2713801, 1, 0, 0
45000, 2690656, 1, 0, 0
45500, 2508507, 1, 0, 0
46005, 2393353, 1, 0, 0
46503, 2242611, 1, 0, 0
47008, 2050648, 1, 0, 0
47502, 1788804, 1, 0, 0
48000, 1556918, 1, 0, 0
48500, 1174660, 1, 0, 0
49000, 590172, 1, 0, 0
49506, 1426515, 1, 0, 0
50010, 7804299, 1, 0, 0
50515, 6933889, 1, 0, 0
51000, 7349505, 1, 0, 0
51500, 6880158, 1, 0, 0
52000, 6353161, 1, 0, 0
52500, 6720371, 1, 0, 0
53011, 6365721, 1, 0, 0
53503, 6411553, 1, 0, 0
54000, 6290887, 1, 0, 0
54511, 5570522, 1, 0, 0
55000, 5849273, 1, 0, 0
55500, 5703047, 1, 0, 0
56007, 5537348, 1, 0, 0
56515, 5477296, 1, 0, 0
57002, 5387098, 1, 0, 0
57508, 5463496, 1, 0, 0
58000, 5382684, 1, 0, 0
58515, 5112956, 1, 0, 0
59000, 5600799, 1, 0, 0
59503, 5432046, 1, 0, 0
60004, 5809502, 1, 0, 0
60005, 15772494, 1, 0, 0
