500, 1673, 1, 0, 0
1000, 1671, 1, 0, 0
1500, 1669, 1, 0, 0
2000, 1659, 1, 0, 0
2500, 1660, 1, 0, 0
3000, 1659, 1, 0, 0
3500, 1659, 1, 0, 0
4000, 1664, 1, 0, 0
4500, 1659, 1, 0, 0
5000, 1685, 1, 0, 0
5500, 1665, 1, 0, 0
6010, 1671, 1, 0, 0
6512, 1681, 1, 0, 0
7000, 1694, 1, 0, 0
7504, 1719, 1, 0, 0
8008, 1758, 1, 0, 0
8505, 1679, 1, 0, 0
9006, 1694, 1, 0, 0
9506, 1703, 1, 0, 0
10005, 1696, 1, 0, 0
10514, 1690, 1, 0, 0
11000, 1685, 1, 0, 0
11500, 1687, 1, 0, 0
12000, 1691, 1, 0, 0
12505, 1710, 1, 0, 0
13008, 1739, 1, 0, 0
13507, 1674, 1, 0, 0
14000, 1688, 1, 0, 0
14502, 1715, 1, 0, 0
15015, 1688, 1, 0, 0
15502, 1673, 1, 0, 0
16010, 1688, 1, 0, 0
16500, 1683, 1, 0, 0
17002, 1686, 1, 0, 0
17502, 1710, 1, 0, 0
18007, 1668, 1, 0, 0
18508, 1680, 1, 0, 0
19011, 1680, 1, 0, 0
19507, 1672, 1, 0, 0
20006, 1692, 1, 0, 0
20500, 1689, 1, 0, 0
21011, 1686, 1, 0, 0
21506, 1686, 1, 0, 0
22001, 1673, 1, 0, 0
22513, 1692, 1, 0, 0
23011, 1692, 1, 0, 0
23501, 1679, 1, 0, 0
24008, 1695, 1, 0, 0
24501, 1682, 1, 0, 0
25004, 2019, 1, 0, 0
25500, 1680, 1, 0, 0
26012, 1679, 1, 0, 0
26514, 1679, 1, 0, 0
27000, 1677, 1, 0, 0
27512, 1687, 1, 0, 0
28005, 1686, 1, 0, 0
28508, 1683, 1, 0, 0
29008, 1690, 1, 0, 0
29500, 1672, 1, 0, 0
30000, 1686, 1, 0, 0
30506, 1671, 1, 0, 0
31009, 1672, 1, 0, 0
31506, 1676, 1, 0, 0
32002, 1681, 1, 0, 0
32500, 1669, 1, 0, 0
33000, 1689, 1, 0, 0
33508, 1675, 1, 0, 0
34000, 1677, 1, 0, 0
34501, 1678, 1, 0, 0
35003, 1756, 1, 0, 0
35500, 1675, 1, 0, 0
36012, 1689, 1, 0, 0
36500, 1687, 1, 0, 0
37007, 1688, 1, 0, 0
37500, 1688, 1, 0, 0
38000, 1687, 1, 0, 0
38500, 1683, 1, 0, 0
39000, 1679, 1, 0, 0
39500, 1681, 1, 0, 0
40010, 1699, 1, 0, 0
40501, 1680, 1, 0, 0
41005, 1690, 1, 0, 0
41500, 1680, 1, 0, 0
42007, 1680, 1, 0, 0
42500, 1678, 1, 0, 0
43000, 1674, 1, 0, 0
43505, 1674, 1, 0, 0
44003, 1679, 1, 0, 0
44506, 1679, 1, 0, 0
45000, 1678, 1, 0, 0
45500, 1671, 1, 0, 0
46005, 1684, 1, 0, 0
46503, 1689, 1, 0, 0
47008, 1684, 1, 0, 0
47502, 1676, 1, 0, 0
48000, 1691, 1, 0, 0
48500, 1710, 1, 0, 0
49000, 1663, 1, 0, 0
49506, 1662, 1, 0, 0
50010, 1709, 1, 0, 0
50515, 1699, 1, 0, 0
51000, 1699, 1, 0, 0
51500, 1700, 1, 0, 0
52000, 1856, 1, 0, 0
52500, 1689, 1, 0, 0
53011, 1685, 1, 0, 0
53503, 1702, 1, 0, 0
54000, 1701, 1, 0, 0
54511, 1687, 1, 0, 0
55000, 1689, 1, 0, 0
55500, 1681, 1, 0, 0
56007, 1680, 1, 0, 0
56515, 1692, 1, 0, 0
57002, 1745, 1, 0, 0
57508, 1681, 1, 0, 0
58000, 1683, 1, 0, 0
58515, 1691, 1, 0, 0
59000, 1697, 1, 0, 0
59503, 1684, 1, 0, 0
60005, 1696, 1, 0, 0
