500, 2129664, 1, 0, 0
1000, 2138560, 1, 0, 0
1500, 2133376, 1, 0, 0
2000, 2124736, 1, 0, 0
2500, 2109312, 1, 0, 0
3000, 2126528, 1, 0, 0
3500, 2126336, 1, 0, 0
4000, 2131392, 1, 0, 0
4500, 2124480, 1, 0, 0
5000, 2138880, 1, 0, 0
5500, 2125440, 1, 0, 0
6000, 1569984, 1, 0, 0
6500, 143552, 1, 0, 0
7000, 139264, 1, 0, 0
7500, 144128, 1, 0, 0
8000, 148032, 1, 0, 0
8500, 148416, 1, 0, 0
9000, 155968, 1, 0, 0
9500, 157440, 1, 0, 0
10000, 164800, 1, 0, 0
10500, 169298, 1, 0, 0
11000, 157440, 1, 0, 0
11500, 189952, 1, 0, 0
12000, 167872, 1, 0, 0
12500, 180608, 1, 0, 0
13000, 185024, 1, 0, 0
13500, 176448, 1, 0, 0
14000, 188096, 1, 0, 0
14500, 184768, 1, 0, 0
15000, 196608, 1, 0, 0
15500, 178240, 1, 0, 0
16000, 187712, 1, 0, 0
16500, 176512, 1, 0, 0
17000, 178880, 1, 0, 0
17500, 182848, 1, 0, 0
18000, 194112, 1, 0, 0
18500, 195072, 1, 0, 0
19000, 194368, 1, 0, 0
19500, 192960, 1, 0, 0
20000, 195072, 1, 0, 0
20500, 193600, 1, 0, 0
21000, 191872, 1, 0, 0
21500, 195712, 1, 0, 0
22000, 195648, 1, 0, 0
22501, 194624, 1, 0, 0
23000, 206685, 1, 0, 0
23500, 192640, 1, 0, 0
24000, 196864, 1, 0, 0
24500, 201600, 1, 0, 0
25000, 198080, 1, 0, 0
25500, 197824, 1, 0, 0
26000, 217152, 1, 0, 0
26500, 232128, 1, 0, 0
27000, 203264, 1, 0, 0
27500, 217984, 1, 0, 0
28000, 215296, 1, 0, 0
28500, 221504, 1, 0, 0
29000, 207872, 1, 0, 0
29500, 197312, 1, 0, 0
30000, 219200, 1, 0, 0
30500, 239744, 1, 0, 0
31000, 235904, 1, 0, 0
31500, 229696, 1, 0, 0
32000, 238976, 1, 0, 0
32500, 273088, 1, 0, 0
33000, 237248, 1, 0, 0
33500, 235136, 1, 0, 0
34000, 238080, 1, 0, 0
34500, 235392, 1, 0, 0
35000, 237632, 1, 0, 0
35500, 242304, 1, 0, 0
36000, 243328, 1, 0, 0
36500, 273216, 1, 0, 0
37000, 262784, 1, 0, 0
37500, 260864, 1, 0, 0
38000, 261258, 1, 0, 0
38500, 254976, 1, 0, 0
39000, 273664, 1, 0, 0
39500, 277376, 1, 0, 0
40000, 274368, 1, 0, 0
40500, 284032, 1, 0, 0
41000, 292352, 1, 0, 0
41500, 293824, 1, 0, 0
42000, 316672, 1, 0, 0
42500, 313920, 1, 0, 0
43000, 310528, 1, 0, 0
43500, 334336, 1, 0, 0
44000, 356672, 1, 0, 0
44500, 381056, 1, 0, 0
45000, 384192, 1, 0, 0
45500, 398720, 1, 0, 0
46000, 433344, 1, 0, 0
46500, 455488, 1, 0, 0
47000, 503168, 1, 0, 0
47500, 567680, 1, 0, 0
48000, 658816, 1, 0, 0
48500, 879296, 1, 0, 0
49000, 1738176, 1, 0, 0
49500, 700544, 1, 0, 0
50000, 132288, 1, 0, 0
50500, 149312, 1, 0, 0
51000, 141568, 1, 0, 0
51500, 146789, 1, 0, 0
52000, 156224, 1, 0, 0
52500, 157056, 1, 0, 0
53000, 159296, 1, 0, 0
53500, 157568, 1, 0, 0
54000, 166336, 1, 0, 0
54500, 182528, 1, 0, 0
55000, 171456, 1, 0, 0
55500, 180992, 1, 0, 0
56000, 185728, 1, 0, 0
56500, 190080, 1, 0, 0
57000, 185472, 1, 0, 0
57500, 190080, 1, 0, 0
58000, 186944, 1, 0, 0
58500, 205632, 1, 0, 0
59000, 184384, 1, 0, 0
59500, 183104, 1, 0, 0
60000, 176704, 1, 0, 0
