500, 478767, 1, 0, 0
1000, 476924, 1, 0, 0
1500, 478153, 1, 0, 0
2000, 480083, 1, 0, 0
2500, 483569, 1, 0, 0
3000, 479693, 1, 0, 0
3500, 479787, 1, 0, 0
4000, 478603, 1, 0, 0
4500, 480031, 1, 0, 0
5000, 476978, 1, 0, 0
5500, 479871, 1, 0, 0
6010, 642581, 1, 0, 0
6512, 7172875, 1, 0, 0
7000, 7426964, 1, 0, 0
7504, 6900443, 1, 0, 0
8008, 6954097, 1, 0, 0
8505, 6887776, 1, 0, 0
9006, 6560230, 1, 0, 0
9506, 6499076, 1, 0, 0
10005, 6201398, 1, 0, 0
10514, 6176141, 1, 0, 0
11000, 6367646, 1, 0, 0
11500, 5509001, 1, 0, 0
12000, 5928348, 1, 0, 0
12505, 5736861, 1, 0, 0
13008, 5555776, 1, 0, 0
13507, 5806918, 1, 0, 0
14000, 5409883, 1, 0, 0
14502, 5488117, 1, 0, 0
15015, 5337906, 1, 0, 0
15502, 5603963, 1, 0, 0
16010, 5532019, 1, 0, 0
16500, 5881617, 1, 0, 0
17002, 5549579, 1, 0, 0
17502, 5610289, 1, 0, 0
18007, 5317318, 1, 0, 0
18508, 5276552, 1, 0, 0
19011, 5282370, 1, 0, 0
19507, 5271592, 1, 0, 0
20006, 5242242, 1, 0, 0
20500, 5425058, 1, 0, 0
21011, 5262288, 1, 0, 0
21506, 5178740, 1, 0, 0
22001, 5186811, 1, 0, 0
22513, 5357265, 1, 0, 0
23011, 4950480, 1, 0, 0
23501, 5203402, 1, 0, 0
24008, 5266566, 1, 0, 0
24501, 5017575, 1, 0, 0
25004, 5230737, 1, 0, 0
25500, 5250257, 1, 0, 0
26012, 4679682, 1, 0, 0
26514, 4423239, 1, 0, 0
27000, 4921098, 1, 0, 0
27512, 4806821, 1, 0, 0
28005, 4663342, 1, 0, 0
28508, 4666919, 1, 0, 0
29008, 4915215, 1, 0, 0
29500, 5118226, 1, 0, 0
30000, 4817007, 1, 0, 0
30506, 4191243, 1, 0, 0
31009, 4352077, 1, 0, 0
31506, 4441403, 1, 0, 0
32002, 4264002, 1, 0, 0
32500, 3854287, 1, 0, 0
33000, 4275747, 1, 0, 0
33508, 4310824, 1, 0, 0
34000, 4326888, 1, 0, 0
34501, 4279700, 1, 0, 0
35003, 4308211, 1, 0, 0
35500, 4233773, 1, 0, 0
36012, 4255124, 1, 0, 0
36500, 3737165, 1, 0, 0
37007, 3878196, 1, 0, 0
37500, 3967340, 1, 0, 0
38000, 3909808, 1, 0, 0
38500, 4023594, 1, 0, 0
39000, 3736924, 1, 0, 0
39500, 3693603, 1, 0, 0
40010, 3714810, 1, 0, 0
40501, 3545396, 1, 0, 0
41005, 3530119, 1, 0, 0
41500, 3459847, 1, 0, 0
42007, 3265959, 1, 0, 0
42500, 3292494, 1, 0, 0
43000, 3207379, 1, 0, 0
43505, 3102179, 1, 0, 0
44003, 2854161, 1, 0, 0
44506, 2712123, 1, 0, 0
45000, 2688978, 1, 0, 0
45500, 2506836, 1, 0, 0
46005, 2391669, 1, 0, 0
46503, 2240922, 1, 0, 0
47008, 2048964, 1, 0, 0
47502, 1787128, 1, 0, 0
48000, 1555227, 1, 0, 0
48500, 1172950, 1, 0, 0
49000, 588509, 1, 0, 0
49506, 1424854, 1, 0, 0
50010, 7802590, 1, 0, 0
50515, 6932191, 1, 0, 0
51000, 7347806, 1, 0, 0
51500, 6878457, 1, 0, 0
52000, 6351305, 1, 0, 0
52500, 6718682, 1, 0, 0
53011, 6364036, 1, 0, 0
53503, 6409850, 1, 0, 0
54000, 6289185, 1, 0, 0
54511, 5568835, 1, 0, 0
55000, 5847584, 1, 0, 0
55500, 5701366, 1, 0, 0
56007, 5535668, 1, 0, 0
56515, 5475605, 1, 0, 0
57002, 5385352, 1, 0, 0
57508, 5461814, 1, 0, 0
58000, 5381001, 1, 0, 0
58515, 5111265, 1, 0, 0
59000, 5599102, 1, 0, 0
59503, 5430362, 1, 0, 0
60004, 5807807, 1, 0, 0
60005, 15770838, 1, 0, 0
