500, 66554, 1, 0, 0
1000, 66830, 1, 0, 0
1500, 66668, 1, 0, 0
2000, 66398, 1, 0, 0
2500, 65916, 1, 0, 0
3000, 66454, 1, 0, 0
3500, 66448, 1, 0, 0
4000, 66606, 1, 0, 0
4500, 66390, 1, 0, 0
5000, 66840, 1, 0, 0
5500, 66420, 1, 0, 0
6000, 49062, 1, 0, 0
6500, 4486, 1, 0, 0
7000, 4352, 1, 0, 0
7500, 4504, 1, 0, 0
8000, 4626, 1, 0, 0
8500, 4638, 1, 0, 0
9000, 4874, 1, 0, 0
9500, 4920, 1, 0, 0
10000, 5150, 1, 0, 0
10500, 5290, 1, 0, 0
11000, 4920, 1, 0, 0
11500, 5936, 1, 0, 0
12000, 5246, 1, 0, 0
12500, 5644, 1, 0, 0
13000, 5782, 1, 0, 0
13500, 5514, 1, 0, 0
14000, 5878, 1, 0, 0
14500, 5774, 1, 0, 0
15000, 6144, 1, 0, 0
15500, 5570, 1, 0, 0
16000, 5866, 1, 0, 0
16500, 5516, 1, 0, 0
17000, 5590, 1, 0, 0
17500, 5714, 1, 0, 0
18000, 6066, 1, 0, 0
18500, 6096, 1, 0, 0
19000, 6074, 1, 0, 0
19500, 6030, 1, 0, 0
20000, 6096, 1, 0, 0
20500, 6050, 1, 0, 0
21000, 5996, 1, 0, 0
21500, 6116, 1, 0, 0
22000, 6114, 1, 0, 0
22501, 6082, 1, 0, 0
23000, 6458, 1, 0, 0
23500, 6020, 1, 0, 0
24000, 6152, 1, 0, 0
24500, 6300, 1, 0, 0
25000, 6190, 1, 0, 0
25500, 6182, 1, 0, 0
26000, 6786, 1, 0, 0
26500, 7254, 1, 0, 0
27000, 6352, 1, 0, 0
27500, 6812, 1, 0, 0
28000, 6728, 1, 0, 0
28500, 6922, 1, 0, 0
29000, 6496, 1, 0, 0
29500, 6166, 1, 0, 0
30000, 6850, 1, 0, 0
30500, 7492, 1, 0, 0
31000, 7372, 1, 0, 0
31500, 7178, 1, 0, 0
32000, 7468, 1, 0, 0
32500, 8534, 1, 0, 0
33000, 7414, 1, 0, 0
33500, 7348, 1, 0, 0
34000, 7440, 1, 0, 0
34500, 7356, 1, 0, 0
35000, 7426, 1, 0, 0
35500, 7572, 1, 0, 0
36000, 7604, 1, 0, 0
36500, 8538, 1, 0, 0
37000, 8212, 1, 0, 0
37500, 8152, 1, 0, 0
38000, 8164, 1, 0, 0
38500, 7968, 1, 0, 0
39000, 8552, 1, 0, 0
39500, 8668, 1, 0, 0
40000, 8574, 1, 0, 0
40500, 8876, 1, 0, 0
41000, 9136, 1, 0, 0
41500, 9182, 1, 0, 0
42000, 9896, 1, 0, 0
42500, 9810, 1, 0, 0
43000, 9704, 1, 0, 0
43500, 10448, 1, 0, 0
44000, 11146, 1, 0, 0
44500, 11908, 1, 0, 0
45000, 12006, 1, 0, 0
45500, 12460, 1, 0, 0
46000, 13542, 1, 0, 0
46500, 14234, 1, 0, 0
47000, 15724, 1, 0, 0
47500, 17740, 1, 0, 0
48000, 20588, 1, 0, 0
48500, 27478, 1, 0, 0
49000, 54318, 1, 0, 0
49500, 21892, 1, 0, 0
50000, 4134, 1, 0, 0
50500, 4666, 1, 0, 0
51000, 4424, 1, 0, 0
51500, 4587, 1, 0, 0
52000, 4882, 1, 0, 0
52500, 4908, 1, 0, 0
53000, 4978, 1, 0, 0
53500, 4924, 1, 0, 0
54000, 5198, 1, 0, 0
54500, 5704, 1, 0, 0
55000, 5358, 1, 0, 0
55500, 5656, 1, 0, 0
56000, 5804, 1, 0, 0
56500, 5940, 1, 0, 0
57000, 5796, 1, 0, 0
57500, 5940, 1, 0, 0
58000, 5842, 1, 0, 0
58500, 6426, 1, 0, 0
59000, 5762, 1, 0, 0
59500, 5722, 1, 0, 0
60000, 5522, 1, 0, 0
