[64270.026481] KSC2026-MARK map32k_bs32k_r1 insmod 1791440032404071937
[64270.039768] NVMeVirt: Version 1.10 for >> Samsung 970 Pro SSD <<
[64270.039778] NVMeVirt: Storage: 0x300100000-0x600000000 (12287 MiB)
[64270.050400] NVMeVirt: Total Capacity(GiB,MiB)=3,3072 chs=2 luns=4 lines=384 blk-size(MiB,KiB)=2,2048 line-size(MiB,KiB)=8,8192
[64270.050406] NVMeVirt: KSC2026: mapping unit=32768 B, flash page=32768 B, oneshot page=32768 B, pgs_per_blk=64, blks_per_pl=384, write buffer=1048576 B
[64270.056064] NVMeVirt: [chmodel_init] bandwidth 800 max_credits 26 tx_time 152
[64270.059450] NVMeVirt: [chmodel_init] bandwidth 800 max_credits 26 tx_time 152
[64270.059460] NVMeVirt: [chmodel_init] bandwidth 3360 max_credits 110 tx_time 36
[64270.059630] NVMeVirt: pqueue: Copyright (c) 2014, Volkan Yazıcı <volkan.yazici@gmail.com>. All rights reserved.
[64270.059632] NVMeVirt: Init FTL instance with 2 channels (98304 pages)
[64270.062728] NVMeVirt: [chmodel_init] bandwidth 800 max_credits 26 tx_time 152
[64270.065788] NVMeVirt: [chmodel_init] bandwidth 800 max_credits 26 tx_time 152
[64270.065798] NVMeVirt: [chmodel_init] bandwidth 3360 max_credits 110 tx_time 36
[64270.065984] NVMeVirt: Init FTL instance with 2 channels (98304 pages)
[64270.068999] NVMeVirt: [chmodel_init] bandwidth 800 max_credits 26 tx_time 152
[64270.072040] NVMeVirt: [chmodel_init] bandwidth 800 max_credits 26 tx_time 152
[64270.072050] NVMeVirt: [chmodel_init] bandwidth 3360 max_credits 110 tx_time 36
[64270.072218] NVMeVirt: Init FTL instance with 2 channels (98304 pages)
[64270.075278] NVMeVirt: [chmodel_init] bandwidth 800 max_credits 26 tx_time 152
[64270.078342] NVMeVirt: [chmodel_init] bandwidth 800 max_credits 26 tx_time 152
[64270.078353] NVMeVirt: [chmodel_init] bandwidth 3360 max_credits 110 tx_time 36
[64270.078516] NVMeVirt: Init FTL instance with 2 channels (98304 pages)
[64270.078519] NVMeVirt: FTL physical space: 12883853312, logical space: 12040984403 (physical/logical * 100 = 107)
[64270.078520] NVMeVirt: KSC2026: WBUF_FIX=1 GC_STATS=1
[64270.078521] NVMeVirt: ns 0/1: size 11483 MiB
[64270.078552] PCI host bridge to bus 0001:10
[64270.078554] pci_bus 0001:10: root bus resource [io  0x0000-0xffff]
[64270.078556] pci_bus 0001:10: root bus resource [mem 0x00000000-0x3fffffffffff]
[64270.078557] pci_bus 0001:10: root bus resource [bus 00-ff]
[64270.078563] pci 0001:10:00.0: [0c51:0110] type 00 class 0x010802 PCIe Endpoint
[64270.078565] pci 0001:10:00.0: BAR 0 [mem 0x300000000-0x300003fff 64bit]
[64270.078567] pci 0001:10:00.0: enabling Extended Tags
[64270.078663] NVMeVirt: Virtual PCI bus created (node 0)
[64270.079193] NVMeVirt: nvmev_io_worker_0 started on cpu 4 (node 0)
[64270.079379] NVMeVirt: nvmev_io_worker_1 started on cpu 5 (node 0)
[64270.079388] NVMeVirt: nvmev_dispatcher started on cpu 3 (node 0)
[64270.079795] nvme nvme1: pci function 0001:10:00.0
[64270.082988] nvme nvme1: 1/0/0 default/read/poll queues
[64270.084940] NVMeVirt: Virtual NVMe device created
[64276.111414] KSC2026-MARK map32k_bs32k_r1 fio-start 1791440038502135423
[64282.210301] NVMeVirt: KSC2026: first GC part=0 victim line=74 vpc=229 ipc=27 free_lines=2 host_pgs=97280
[64282.233636] NVMeVirt: KSC2026: first GC part=1 victim line=143 vpc=231 ipc=25 free_lines=2 host_pgs=97280
[64282.254567] NVMeVirt: KSC2026: first GC part=2 victim line=49 vpc=230 ipc=26 free_lines=2 host_pgs=97280
[64282.254783] NVMeVirt: KSC2026: first GC part=3 victim line=344 vpc=227 ipc=29 free_lines=2 host_pgs=97280
[64337.148824] KSC2026-MARK map32k_bs32k_r1 fio-end
[64337.152829] KSC2026-MARK map32k_bs32k_r1 rmmod 1791440099544206586
[64337.207482] pci_bus 0001:10: busn_res: [bus 10-ff] is released
[64337.207510] NVMeVirt: KSC2026: stats part=0 host_pgs=203856 gc_pgs=430769 gc_cnt=2098 free_lines=2
[64337.207511] NVMeVirt: KSC2026: stats part=1 host_pgs=203604 gc_pgs=429996 gc_cnt=2094 free_lines=2
[64337.207512] NVMeVirt: KSC2026: stats part=2 host_pgs=203957 gc_pgs=433473 gc_cnt=2109 free_lines=2
[64337.207513] NVMeVirt: KSC2026: stats part=3 host_pgs=203692 gc_pgs=431426 gc_cnt=2100 free_lines=2
[64337.228116] NVMeVirt: Virtual NVMe device closed
