500, 897, 1, 0, 0
1000, 905, 1, 0, 0
1500, 906, 1, 0, 0
2000, 898, 1, 0, 0
2500, 901, 1, 0, 0
3000, 900, 1, 0, 0
3500, 897, 1, 0, 0
4000, 909, 1, 0, 0
4500, 899, 1, 0, 0
5000, 927, 1, 0, 0
5500, 899, 1, 0, 0
6000, 905, 1, 0, 0
6503, 903, 1, 0, 0
7000, 906, 1, 0, 0
7500, 906, 1, 0, 0
8000, 907, 1, 0, 0
8500, 905, 1, 0, 0
9001, 905, 1, 0, 0
9504, 906, 1, 0, 0
10000, 907, 1, 0, 0
10503, 903, 1, 0, 0
11001, 906, 1, 0, 0
11500, 903, 1, 0, 0
12000, 908, 1, 0, 0
12500, 906, 1, 0, 0
13000, 905, 1, 0, 0
13504, 905, 1, 0, 0
14008, 905, 1, 0, 0
14501, 907, 1, 0, 0
15002, 915, 1, 0, 0
15500, 904, 1, 0, 0
16003, 904, 1, 0, 0
16500, 903, 1, 0, 0
17002, 909, 1, 0, 0
17505, 905, 1, 0, 0
18006, 953, 1, 0, 0
18510, 920, 1, 0, 0
19000, 1054, 1, 0, 0
19500, 907, 1, 0, 0
20000, 909, 1, 0, 0
20500, 909, 1, 0, 0
21006, 910, 1, 0, 0
21508, 913, 1, 0, 0
22003, 925, 1, 0, 0
22500, 910, 1, 0, 0
23000, 910, 1, 0, 0
23500, 910, 1, 0, 0
24006, 915, 1, 0, 0
24507, 912, 1, 0, 0
25007, 914, 1, 0, 0
25509, 908, 1, 0, 0
26003, 992, 1, 0, 0
26507, 919, 1, 0, 0
27001, 913, 1, 0, 0
27500, 912, 1, 0, 0
28000, 932, 1, 0, 0
28507, 915, 1, 0, 0
29007, 920, 1, 0, 0
29506, 913, 1, 0, 0
30002, 920, 1, 0, 0
30504, 909, 1, 0, 0
31010, 911, 1, 0, 0
31500, 909, 1, 0, 0
32002, 910, 1, 0, 0
32504, 907, 1, 0, 0
33001, 908, 1, 0, 0
33509, 910, 1, 0, 0
34000, 912, 1, 0, 0
34500, 907, 1, 0, 0
35007, 1060, 1, 0, 0
35507, 911, 1, 0, 0
36007, 907, 1, 0, 0
36500, 911, 1, 0, 0
37000, 910, 1, 0, 0
37500, 910, 1, 0, 0
38000, 988, 1, 0, 0
38508, 915, 1, 0, 0
39004, 911, 1, 0, 0
39504, 909, 1, 0, 0
40009, 913, 1, 0, 0
40506, 912, 1, 0, 0
41008, 911, 1, 0, 0
41504, 909, 1, 0, 0
42001, 911, 1, 0, 0
42506, 910, 1, 0, 0
43008, 917, 1, 0, 0
43500, 910, 1, 0, 0
44000, 911, 1, 0, 0
44510, 914, 1, 0, 0
45010, 916, 1, 0, 0
45501, 917, 1, 0, 0
46007, 917, 1, 0, 0
46506, 918, 1, 0, 0
47000, 917, 1, 0, 0
47503, 915, 1, 0, 0
48003, 920, 1, 0, 0
48508, 916, 1, 0, 0
49008, 915, 1, 0, 0
49507, 915, 1, 0, 0
50002, 931, 1, 0, 0
50506, 910, 1, 0, 0
51004, 912, 1, 0, 0
51502, 914, 1, 0, 0
52000, 917, 1, 0, 0
52500, 915, 1, 0, 0
53002, 914, 1, 0, 0
53500, 910, 1, 0, 0
54004, 917, 1, 0, 0
54501, 911, 1, 0, 0
55012, 914, 1, 0, 0
55500, 932, 1, 0, 0
56008, 921, 1, 0, 0
56500, 918, 1, 0, 0
57000, 918, 1, 0, 0
57500, 918, 1, 0, 0
58005, 922, 1, 0, 0
58506, 912, 1, 0, 0
59010, 911, 1, 0, 0
59508, 915, 1, 0, 0
60011, 914, 1, 0, 0
