500, 232270, 1, 0, 0
1000, 233970, 1, 0, 0
1500, 234889, 1, 0, 0
2000, 233448, 1, 0, 0
2500, 232398, 1, 0, 0
3000, 231764, 1, 0, 0
3500, 232778, 1, 0, 0
4000, 233626, 1, 0, 0
4500, 232718, 1, 0, 0
5000, 234598, 1, 0, 0
5500, 233526, 1, 0, 0
6000, 384207, 1, 0, 0
6503, 677717, 1, 0, 0
7000, 711601, 1, 0, 0
7500, 756704, 1, 0, 0
8000, 793922, 1, 0, 0
8500, 724818, 1, 0, 0
9001, 708413, 1, 0, 0
9504, 775768, 1, 0, 0
10000, 744832, 1, 0, 0
10503, 788977, 1, 0, 0
11001, 857108, 1, 0, 0
11500, 928485, 1, 0, 0
12000, 862658, 1, 0, 0
12500, 881641, 1, 0, 0
13000, 897984, 1, 0, 0
13504, 985147, 1, 0, 0
14008, 894582, 1, 0, 0
14501, 987087, 1, 0, 0
15002, 1130044, 1, 0, 0
15500, 984184, 1, 0, 0
16003, 1060143, 1, 0, 0
16500, 1231007, 1, 0, 0
17002, 1069642, 1, 0, 0
17505, 1034092, 1, 0, 0
18006, 1134356, 1, 0, 0
18510, 1166674, 1, 0, 0
19000, 1185484, 1, 0, 0
19500, 1190482, 1, 0, 0
20000, 1209695, 1, 0, 0
20500, 1247166, 1, 0, 0
21006, 1213169, 1, 0, 0
21508, 1300114, 1, 0, 0
22003, 1222796, 1, 0, 0
22500, 1281665, 1, 0, 0
23000, 1368556, 1, 0, 0
23500, 1351103, 1, 0, 0
24006, 1399999, 1, 0, 0
24507, 1381681, 1, 0, 0
25007, 1270423, 1, 0, 0
25509, 1476446, 1, 0, 0
26003, 1440622, 1, 0, 0
26507, 1602078, 1, 0, 0
27001, 1477770, 1, 0, 0
27500, 1515348, 1, 0, 0
28000, 1638828, 1, 0, 0
28507, 1518047, 1, 0, 0
29007, 1571729, 1, 0, 0
29506, 1544507, 1, 0, 0
30002, 1635459, 1, 0, 0
30504, 1602772, 1, 0, 0
31010, 1602336, 1, 0, 0
31500, 1722653, 1, 0, 0
32002, 1723007, 1, 0, 0
32504, 1744198, 1, 0, 0
33001, 1589499, 1, 0, 0
33509, 1637230, 1, 0, 0
34000, 1793383, 1, 0, 0
34500, 1671365, 1, 0, 0
35007, 1818924, 1, 0, 0
35507, 1822688, 1, 0, 0
36007, 1468194, 1, 0, 0
36500, 1888132, 1, 0, 0
37000, 1879338, 1, 0, 0
37500, 1826780, 1, 0, 0
38000, 1879867, 1, 0, 0
38508, 1972227, 1, 0, 0
39004, 2022240, 1, 0, 0
39504, 1905369, 1, 0, 0
40009, 1884530, 1, 0, 0
40506, 2011171, 1, 0, 0
41008, 2045387, 1, 0, 0
41504, 1742277, 1, 0, 0
42001, 1753078, 1, 0, 0
42506, 2082867, 1, 0, 0
43008, 2062412, 1, 0, 0
43500, 2132559, 1, 0, 0
44000, 2137072, 1, 0, 0
44510, 2134626, 1, 0, 0
45010, 2147511, 1, 0, 0
45501, 2169307, 1, 0, 0
46007, 2184606, 1, 0, 0
46506, 2100633, 1, 0, 0
47000, 2252509, 1, 0, 0
47503, 2063867, 1, 0, 0
48003, 2174259, 1, 0, 0
48508, 2169932, 1, 0, 0
49008, 2223132, 1, 0, 0
49507, 2257296, 1, 0, 0
50002, 2341723, 1, 0, 0
50506, 2178650, 1, 0, 0
51004, 2216801, 1, 0, 0
51502, 2308342, 1, 0, 0
52000, 2076126, 1, 0, 0
52500, 2337602, 1, 0, 0
53002, 2267080, 1, 0, 0
53500, 2145071, 1, 0, 0
54004, 2309154, 1, 0, 0
54501, 2097238, 1, 0, 0
55012, 2178210, 1, 0, 0
55500, 2042040, 1, 0, 0
56008, 2324890, 1, 0, 0
56500, 2339619, 1, 0, 0
57000, 2227190, 1, 0, 0
57500, 2066263, 1, 0, 0
58005, 2484476, 1, 0, 0
58506, 2108107, 1, 0, 0
59010, 2161628, 1, 0, 0
59508, 2452769, 1, 0, 0
60010, 1919589, 1, 0, 0
60011, 14659104, 1, 0, 0
