500, 231373, 1, 0, 0
1000, 233065, 1, 0, 0
1500, 233983, 1, 0, 0
2000, 232551, 1, 0, 0
2500, 231497, 1, 0, 0
3000, 230864, 1, 0, 0
3500, 231881, 1, 0, 0
4000, 232717, 1, 0, 0
4500, 231818, 1, 0, 0
5000, 233671, 1, 0, 0
5500, 232627, 1, 0, 0
6000, 383302, 1, 0, 0
6503, 676814, 1, 0, 0
7000, 710695, 1, 0, 0
7500, 755799, 1, 0, 0
8000, 793015, 1, 0, 0
8500, 723914, 1, 0, 0
9001, 707508, 1, 0, 0
9504, 774863, 1, 0, 0
10000, 743924, 1, 0, 0
10503, 788074, 1, 0, 0
11001, 856202, 1, 0, 0
11500, 927583, 1, 0, 0
12000, 861750, 1, 0, 0
12500, 880735, 1, 0, 0
13000, 897079, 1, 0, 0
13504, 984241, 1, 0, 0
14008, 893677, 1, 0, 0
14501, 986180, 1, 0, 0
15002, 1129129, 1, 0, 0
15500, 983279, 1, 0, 0
16003, 1059239, 1, 0, 0
16500, 1230104, 1, 0, 0
17002, 1068733, 1, 0, 0
17505, 1033186, 1, 0, 0
18006, 1133404, 1, 0, 0
18510, 1165753, 1, 0, 0
19000, 1184430, 1, 0, 0
19500, 1189575, 1, 0, 0
20000, 1208786, 1, 0, 0
20500, 1246257, 1, 0, 0
21006, 1212259, 1, 0, 0
21508, 1299201, 1, 0, 0
22003, 1221871, 1, 0, 0
22500, 1280756, 1, 0, 0
23000, 1367646, 1, 0, 0
23500, 1350194, 1, 0, 0
24006, 1399084, 1, 0, 0
24507, 1380770, 1, 0, 0
25007, 1269509, 1, 0, 0
25509, 1475538, 1, 0, 0
26003, 1439630, 1, 0, 0
26507, 1601159, 1, 0, 0
27001, 1476857, 1, 0, 0
27500, 1514436, 1, 0, 0
28000, 1637895, 1, 0, 0
28507, 1517132, 1, 0, 0
29007, 1570808, 1, 0, 0
29506, 1543593, 1, 0, 0
30002, 1634540, 1, 0, 0
30504, 1601863, 1, 0, 0
31010, 1601425, 1, 0, 0
31500, 1721744, 1, 0, 0
32002, 1722096, 1, 0, 0
32504, 1743291, 1, 0, 0
33001, 1588591, 1, 0, 0
33509, 1636320, 1, 0, 0
34000, 1792470, 1, 0, 0
34500, 1670458, 1, 0, 0
35007, 1817864, 1, 0, 0
35507, 1821777, 1, 0, 0
36007, 1467287, 1, 0, 0
36500, 1887221, 1, 0, 0
37000, 1878428, 1, 0, 0
37500, 1825870, 1, 0, 0
38000, 1878879, 1, 0, 0
38508, 1971311, 1, 0, 0
39004, 2021329, 1, 0, 0
39504, 1904460, 1, 0, 0
40009, 1883617, 1, 0, 0
40506, 2010260, 1, 0, 0
41008, 2044475, 1, 0, 0
41504, 1741368, 1, 0, 0
42001, 1752167, 1, 0, 0
42506, 2081957, 1, 0, 0
43008, 2061495, 1, 0, 0
43500, 2131649, 1, 0, 0
44000, 2136161, 1, 0, 0
44510, 2133712, 1, 0, 0
45010, 2146595, 1, 0, 0
45501, 2168390, 1, 0, 0
46007, 2183689, 1, 0, 0
46506, 2099716, 1, 0, 0
47000, 2251592, 1, 0, 0
47503, 2062951, 1, 0, 0
48003, 2173339, 1, 0, 0
48508, 2169016, 1, 0, 0
49008, 2222217, 1, 0, 0
49507, 2256381, 1, 0, 0
50002, 2340792, 1, 0, 0
50506, 2177740, 1, 0, 0
51004, 2215889, 1, 0, 0
51502, 2307428, 1, 0, 0
52000, 2075209, 1, 0, 0
52500, 2336686, 1, 0, 0
53002, 2266166, 1, 0, 0
53500, 2144161, 1, 0, 0
54004, 2308237, 1, 0, 0
54501, 2096327, 1, 0, 0
55012, 2177297, 1, 0, 0
55500, 2041110, 1, 0, 0
56008, 2323968, 1, 0, 0
56500, 2338701, 1, 0, 0
57000, 2226272, 1, 0, 0
57500, 2065345, 1, 0, 0
58005, 2483554, 1, 0, 0
58506, 2107195, 1, 0, 0
59010, 2160717, 1, 0, 0
59508, 2451853, 1, 0, 0
60010, 1918674, 1, 0, 0
60011, 14658211, 1, 0, 0
