[67566.441730] KSC2026-MARK map16k_bs4k_r1 insmod 1791443328889857351
[67566.454629] NVMeVirt: Version 1.10 for >> Samsung 970 Pro SSD <<
[67566.454638] NVMeVirt: Storage: 0x300100000-0x600000000 (12287 MiB)
[67566.465115] NVMeVirt: Total Capacity(GiB,MiB)=3,3072 chs=2 luns=4 lines=384 blk-size(MiB,KiB)=2,2048 line-size(MiB,KiB)=8,8192
[67566.465121] NVMeVirt: KSC2026: mapping unit=16384 B, flash page=32768 B, oneshot page=32768 B, pgs_per_blk=128, blks_per_pl=384, write buffer=1048576 B
[67566.470989] NVMeVirt: [chmodel_init] bandwidth 800 max_credits 26 tx_time 152
[67566.474461] NVMeVirt: [chmodel_init] bandwidth 800 max_credits 26 tx_time 152
[67566.474472] NVMeVirt: [chmodel_init] bandwidth 3360 max_credits 110 tx_time 36
[67566.474803] NVMeVirt: pqueue: Copyright (c) 2014, Volkan Yazıcı <volkan.yazici@gmail.com>. All rights reserved.
[67566.474805] NVMeVirt: Init FTL instance with 2 channels (196608 pages)
[67566.477938] NVMeVirt: [chmodel_init] bandwidth 800 max_credits 26 tx_time 152
[67566.481029] NVMeVirt: [chmodel_init] bandwidth 800 max_credits 26 tx_time 152
[67566.481040] NVMeVirt: [chmodel_init] bandwidth 3360 max_credits 110 tx_time 36
[67566.481369] NVMeVirt: Init FTL instance with 2 channels (196608 pages)
[67566.484428] NVMeVirt: [chmodel_init] bandwidth 800 max_credits 26 tx_time 152
[67566.487508] NVMeVirt: [chmodel_init] bandwidth 800 max_credits 26 tx_time 152
[67566.487518] NVMeVirt: [chmodel_init] bandwidth 3360 max_credits 110 tx_time 36
[67566.487852] NVMeVirt: Init FTL instance with 2 channels (196608 pages)
[67566.490939] NVMeVirt: [chmodel_init] bandwidth 800 max_credits 26 tx_time 152
[67566.493997] NVMeVirt: [chmodel_init] bandwidth 800 max_credits 26 tx_time 152
[67566.494007] NVMeVirt: [chmodel_init] bandwidth 3360 max_credits 110 tx_time 36
[67566.494348] NVMeVirt: Init FTL instance with 2 channels (196608 pages)
[67566.494351] NVMeVirt: FTL physical space: 12883853312, logical space: 12040984403 (physical/logical * 100 = 107)
[67566.494352] NVMeVirt: KSC2026: WBUF_FIX=1 GC_STATS=1
[67566.494352] NVMeVirt: ns 0/1: size 11483 MiB
[67566.494383] PCI host bridge to bus 0001:10
[67566.494384] pci_bus 0001:10: root bus resource [io  0x0000-0xffff]
[67566.494386] pci_bus 0001:10: root bus resource [mem 0x00000000-0x3fffffffffff]
[67566.494387] pci_bus 0001:10: root bus resource [bus 00-ff]
[67566.494393] pci 0001:10:00.0: [0c51:0110] type 00 class 0x010802 PCIe Endpoint
[67566.494395] pci 0001:10:00.0: BAR 0 [mem 0x300000000-0x300003fff 64bit]
[67566.494396] pci 0001:10:00.0: enabling Extended Tags
[67566.494497] NVMeVirt: Virtual PCI bus created (node 0)
[67566.494697] NVMeVirt: nvmev_io_worker_0 started on cpu 4 (node 0)
[67566.494881] NVMeVirt: nvmev_io_worker_1 started on cpu 5 (node 0)
[67566.494895] NVMeVirt: nvmev_dispatcher started on cpu 3 (node 0)
[67566.494968] nvme nvme1: pci function 0001:10:00.0
[67566.498590] nvme nvme1: 1/0/0 default/read/poll queues
[67566.500504] NVMeVirt: Virtual NVMe device created
[67567.544343] tee (62171): drop_caches: 3
[67572.585995] KSC2026-MARK map16k_bs4k_r1 fio-start 1791443335042050365
[67578.535475] NVMeVirt: KSC2026: first GC part=2 victim line=6 vpc=172 ipc=340 free_lines=2 host_pgs=194560
[67578.546594] NVMeVirt: KSC2026: first GC part=1 victim line=8 vpc=164 ipc=348 free_lines=2 host_pgs=194560
[67578.564445] NVMeVirt: KSC2026: first GC part=3 victim line=10 vpc=168 ipc=344 free_lines=2 host_pgs=194560
[67578.565347] NVMeVirt: KSC2026: first GC part=0 victim line=4 vpc=169 ipc=343 free_lines=2 host_pgs=194560
[67633.625620] KSC2026-MARK map16k_bs4k_r1 fio-end
[67633.629588] KSC2026-MARK map16k_bs4k_r1 rmmod 1791443396092444069
[67633.700023] pci_bus 0001:10: busn_res: [bus 10-ff] is released
[67633.700235] NVMeVirt: KSC2026: stats part=0 host_pgs=497541 gc_pgs=598809 gc_cnt=1760 free_lines=2
[67633.700237] NVMeVirt: KSC2026: stats part=1 host_pgs=498557 gc_pgs=597295 gc_cnt=1759 free_lines=2
[67633.700238] NVMeVirt: KSC2026: stats part=2 host_pgs=499565 gc_pgs=609569 gc_cnt=1785 free_lines=2
[67633.700238] NVMeVirt: KSC2026: stats part=3 host_pgs=497981 gc_pgs=599370 gc_cnt=1762 free_lines=2
[67633.727707] NVMeVirt: Virtual NVMe device closed
