500, 64300, 1, 0, 0
1000, 63450, 1, 0, 0
1500, 63537, 1, 0, 0
2000, 63512, 1, 0, 0
2500, 63584, 1, 0, 0
3000, 63558, 1, 0, 0
3500, 63596, 1, 0, 0
4000, 63440, 1, 0, 0
4500, 63606, 1, 0, 0
5000, 63535, 1, 0, 0
5500, 63849, 1, 0, 0
6000, 61979, 1, 0, 0
6500, 139559, 1, 0, 0
7015, 1007285, 1, 0, 0
7506, 1018342, 1, 0, 0
8000, 952699, 1, 0, 0
8506, 898212, 1, 0, 0
9000, 828734, 1, 0, 0
9504, 813118, 1, 0, 0
10006, 819228, 1, 0, 0
10513, 731054, 1, 0, 0
11000, 705944, 1, 0, 0
11505, 764243, 1, 0, 0
12012, 721046, 1, 0, 0
12500, 715679, 1, 0, 0
13000, 747715, 1, 0, 0
13513, 753256, 1, 0, 0
14008, 677838, 1, 0, 0
14512, 701674, 1, 0, 0
15012, 696261, 1, 0, 0
15509, 694283, 1, 0, 0
16012, 662836, 1, 0, 0
16502, 723380, 1, 0, 0
17000, 672930, 1, 0, 0
17506, 826790, 1, 0, 0
18011, 702832, 1, 0, 0
18503, 680256, 1, 0, 0
19010, 655174, 1, 0, 0
19500, 660819, 1, 0, 0
20009, 602890, 1, 0, 0
20010, 16163814, 1, 0, 0
