500, 1986144, 1, 0, 0
1000, 2012496, 1, 0, 0
1500, 2009368, 1, 0, 0
2000, 2010152, 1, 0, 0
2500, 2007864, 1, 0, 0
3000, 2008552, 1, 0, 0
3500, 2007328, 1, 0, 0
4000, 2012368, 1, 0, 0
4500, 2007120, 1, 0, 0
5000, 2009240, 1, 0, 0
5500, 1999310, 1, 0, 0
6000, 2059456, 1, 0, 0
6500, 903128, 1, 0, 0
7000, 128704, 1, 0, 0
7500, 123136, 1, 0, 0
8000, 137536, 1, 0, 0
8500, 139072, 1, 0, 0
9000, 158848, 1, 0, 0
9500, 152896, 1, 0, 0
10000, 156096, 1, 0, 0
10500, 177600, 1, 0, 0
11000, 184512, 1, 0, 0
11500, 161984, 1, 0, 0
12000, 180288, 1, 0, 0
12500, 175184, 1, 0, 0
13000, 170928, 1, 0, 0
13500, 174400, 1, 0, 0
14000, 186496, 1, 0, 0
14500, 183168, 1, 0, 0
15000, 183808, 1, 0, 0
15500, 184496, 1, 0, 0
16000, 193408, 1, 0, 0
16500, 173952, 1, 0, 0
17000, 194816, 1, 0, 0
17500, 152256, 1, 0, 0
18000, 184576, 1, 0, 0
18500, 184320, 1, 0, 0
19000, 198464, 1, 0, 0
19500, 195320, 1, 0, 0
20000, 209280, 1, 0, 0
