500, 63401, 1, 0, 0
1000, 62576, 1, 0, 0
1500, 62662, 1, 0, 0
2000, 62637, 1, 0, 0
2500, 62708, 1, 0, 0
3000, 62685, 1, 0, 0
3500, 62724, 1, 0, 0
4000, 62569, 1, 0, 0
4500, 62729, 1, 0, 0
5000, 62664, 1, 0, 0
5500, 62970, 1, 0, 0
6000, 61107, 1, 0, 0
6500, 138677, 1, 0, 0
7015, 1006400, 1, 0, 0
7506, 1017469, 1, 0, 0
8000, 951820, 1, 0, 0
8506, 897337, 1, 0, 0
9000, 827860, 1, 0, 0
9504, 812242, 1, 0, 0
10006, 818356, 1, 0, 0
10513, 730154, 1, 0, 0
11000, 705046, 1, 0, 0
11505, 763342, 1, 0, 0
12012, 720177, 1, 0, 0
12500, 714808, 1, 0, 0
13000, 746844, 1, 0, 0
13513, 752374, 1, 0, 0
14008, 676967, 1, 0, 0
14512, 700797, 1, 0, 0
15012, 695390, 1, 0, 0
15509, 693411, 1, 0, 0
16012, 661964, 1, 0, 0
16502, 722507, 1, 0, 0
17000, 672059, 1, 0, 0
17506, 825919, 1, 0, 0
18011, 701942, 1, 0, 0
18503, 679385, 1, 0, 0
19010, 654303, 1, 0, 0
19500, 659947, 1, 0, 0
20009, 602017, 1, 0, 0
20010, 16162978, 1, 0, 0
