500, 1787675, 1, 0, 0
1000, 1791086, 1, 0, 0
1500, 1791091, 1, 0, 0
2000, 1791087, 1, 0, 0
2500, 1791086, 1, 0, 0
3000, 1791084, 1, 0, 0
3500, 1791085, 1, 0, 0
4000, 1791086, 1, 0, 0
4500, 1791084, 1, 0, 0
5000, 1791078, 1, 0, 0
5517, 1923880, 1, 0, 0
6005, 24749618, 1, 0, 0
6514, 25754748, 1, 0, 0
7001, 25013025, 1, 0, 0
7507, 24249092, 1, 0, 0
8013, 23138064, 1, 0, 0
8500, 21986079, 1, 0, 0
9004, 21512368, 1, 0, 0
9510, 20596634, 1, 0, 0
10012, 19380816, 1, 0, 0
10516, 18707894, 1, 0, 0
11000, 18028522, 1, 0, 0
11500, 17516583, 1, 0, 0
12001, 17430292, 1, 0, 0
12503, 17471266, 1, 0, 0
13006, 17663828, 1, 0, 0
13508, 17958856, 1, 0, 0
14011, 17946714, 1, 0, 0
14514, 17436127, 1, 0, 0
15014, 16946222, 1, 0, 0
15514, 16308646, 1, 0, 0
16014, 16338959, 1, 0, 0
16513, 15923074, 1, 0, 0
17013, 15660437, 1, 0, 0
17514, 15424248, 1, 0, 0
18012, 15829705, 1, 0, 0
18512, 15623614, 1, 0, 0
19011, 15292374, 1, 0, 0
19510, 14907040, 1, 0, 0
20009, 14802126, 1, 0, 0
20509, 15104472, 1, 0, 0
21007, 15018502, 1, 0, 0
21505, 14265480, 1, 0, 0
22004, 14055593, 1, 0, 0
22502, 13997789, 1, 0, 0
23000, 13604635, 1, 0, 0
23512, 13515289, 1, 0, 0
24008, 13075394, 1, 0, 0
24501, 12793420, 1, 0, 0
25000, 12726648, 1, 0, 0
25509, 12396484, 1, 0, 0
26003, 12039853, 1, 0, 0
26515, 11663178, 1, 0, 0
27008, 11529566, 1, 0, 0
27500, 11407053, 1, 0, 0
28009, 10821855, 1, 0, 0
28500, 10345925, 1, 0, 0
29008, 10075137, 1, 0, 0
29514, 9879804, 1, 0, 0
30001, 9472824, 1, 0, 0
30504, 9070782, 1, 0, 0
31009, 8896675, 1, 0, 0
31510, 8333423, 1, 0, 0
32010, 8133971, 1, 0, 0
32507, 7376453, 1, 0, 0
33000, 6927359, 1, 0, 0
33509, 6405895, 1, 0, 0
34000, 5915624, 1, 0, 0
34510, 5275137, 1, 0, 0
35000, 4501733, 1, 0, 0
35501, 3615157, 1, 0, 0
36000, 2408141, 1, 0, 0
36511, 2958134, 1, 0, 0
37000, 25934923, 1, 0, 0
37505, 25120026, 1, 0, 0
38011, 25001805, 1, 0, 0
38500, 24047930, 1, 0, 0
39005, 22698358, 1, 0, 0
39510, 21984931, 1, 0, 0
40013, 20968091, 1, 0, 0
40500, 19763157, 1, 0, 0
41001, 18968330, 1, 0, 0
41506, 18533413, 1, 0, 0
42008, 17778821, 1, 0, 0
42510, 17665606, 1, 0, 0
43012, 17697742, 1, 0, 0
43514, 17659958, 1, 0, 0
44016, 17595202, 1, 0, 0
44500, 17818747, 1, 0, 0
45000, 17288684, 1, 0, 0
45500, 17034062, 1, 0, 0
46001, 17152863, 1, 0, 0
46504, 17050839, 1, 0, 0
47005, 16639517, 1, 0, 0
47505, 16558285, 1, 0, 0
48005, 16037865, 1, 0, 0
48506, 15839070, 1, 0, 0
49004, 15821567, 1, 0, 0
49504, 15517110, 1, 0, 0
50003, 15406634, 1, 0, 0
50503, 15132744, 1, 0, 0
51001, 15292842, 1, 0, 0
51500, 14985352, 1, 0, 0
52014, 14443664, 1, 0, 0
52514, 14430833, 1, 0, 0
53011, 14096369, 1, 0, 0
53507, 13981981, 1, 0, 0
54004, 13724789, 1, 0, 0
54501, 13385780, 1, 0, 0
55000, 13303309, 1, 0, 0
55513, 12891370, 1, 0, 0
56008, 12492000, 1, 0, 0
56503, 12169767, 1, 0, 0
57015, 11683435, 1, 0, 0
57506, 11347962, 1, 0, 0
58000, 11141934, 1, 0, 0
58509, 10847662, 1, 0, 0
59000, 10758482, 1, 0, 0
59510, 10381422, 1, 0, 0
60000, 10162772, 1, 0, 0
60017, 18948796, 1, 0, 0
