500, 1783364, 1, 0, 0
1000, 1786781, 1, 0, 0
1500, 1786787, 1, 0, 0
2000, 1786781, 1, 0, 0
2500, 1786763, 1, 0, 0
3000, 1786768, 1, 0, 0
3500, 1786785, 1, 0, 0
4000, 1786783, 1, 0, 0
4500, 1786743, 1, 0, 0
5000, 1786760, 1, 0, 0
5517, 1919568, 1, 0, 0
6005, 24745160, 1, 0, 0
6514, 25750318, 1, 0, 0
7001, 25008556, 1, 0, 0
7507, 24244606, 1, 0, 0
8013, 23133602, 1, 0, 0
8500, 21981662, 1, 0, 0
9004, 21507970, 1, 0, 0
9510, 20592233, 1, 0, 0
10012, 19376374, 1, 0, 0
10516, 18703462, 1, 0, 0
11000, 18024084, 1, 0, 0
11500, 17512189, 1, 0, 0
12001, 17425839, 1, 0, 0
12503, 17466880, 1, 0, 0
13006, 17659406, 1, 0, 0
13508, 17954460, 1, 0, 0
14011, 17942333, 1, 0, 0
14514, 17431755, 1, 0, 0
15014, 16941787, 1, 0, 0
15514, 16304203, 1, 0, 0
16014, 16334550, 1, 0, 0
16513, 15918670, 1, 0, 0
17013, 15656019, 1, 0, 0
17514, 15419869, 1, 0, 0
18012, 15825340, 1, 0, 0
18512, 15619218, 1, 0, 0
19011, 15288003, 1, 0, 0
19510, 14902604, 1, 0, 0
20009, 14797715, 1, 0, 0
20509, 15100078, 1, 0, 0
21007, 15014085, 1, 0, 0
21505, 14261049, 1, 0, 0
22004, 14051140, 1, 0, 0
22502, 13993370, 1, 0, 0
23000, 13600203, 1, 0, 0
23512, 13510835, 1, 0, 0
24008, 13070984, 1, 0, 0
24501, 12789016, 1, 0, 0
25000, 12722223, 1, 0, 0
25509, 12392063, 1, 0, 0
26003, 12035440, 1, 0, 0
26515, 11658733, 1, 0, 0
27008, 11525142, 1, 0, 0
27500, 11402603, 1, 0, 0
28009, 10817394, 1, 0, 0
28500, 10341496, 1, 0, 0
29008, 10070682, 1, 0, 0
29514, 9875370, 1, 0, 0
30001, 9468355, 1, 0, 0
30504, 9066344, 1, 0, 0
31009, 8892235, 1, 0, 0
31510, 8329010, 1, 0, 0
32010, 8129559, 1, 0, 0
32507, 7372061, 1, 0, 0
33000, 6922939, 1, 0, 0
33509, 6401496, 1, 0, 0
34000, 5911205, 1, 0, 0
34510, 5270716, 1, 0, 0
35000, 4497314, 1, 0, 0
35501, 3610712, 1, 0, 0
36000, 2403734, 1, 0, 0
36511, 2953823, 1, 0, 0
37000, 25930532, 1, 0, 0
37505, 25115636, 1, 0, 0
38011, 24997473, 1, 0, 0
38500, 24043526, 1, 0, 0
39005, 22694000, 1, 0, 0
39510, 21980556, 1, 0, 0
40013, 20963732, 1, 0, 0
40500, 19758807, 1, 0, 0
41001, 18963948, 1, 0, 0
41506, 18529007, 1, 0, 0
42008, 17774433, 1, 0, 0
42510, 17661171, 1, 0, 0
43012, 17693340, 1, 0, 0
43514, 17655580, 1, 0, 0
44016, 17590768, 1, 0, 0
44500, 17814340, 1, 0, 0
45000, 17284291, 1, 0, 0
45500, 17029640, 1, 0, 0
46001, 17148462, 1, 0, 0
46504, 17046525, 1, 0, 0
47005, 16635117, 1, 0, 0
47505, 16553930, 1, 0, 0
48005, 16033502, 1, 0, 0
48506, 15834686, 1, 0, 0
49004, 15817184, 1, 0, 0
49504, 15512716, 1, 0, 0
50003, 15402250, 1, 0, 0
50503, 15128360, 1, 0, 0
51001, 15288445, 1, 0, 0
51500, 14981001, 1, 0, 0
52014, 14439257, 1, 0, 0
52514, 14426489, 1, 0, 0
53011, 14091949, 1, 0, 0
53507, 13977537, 1, 0, 0
54004, 13720357, 1, 0, 0
54501, 13381390, 1, 0, 0
55000, 13298923, 1, 0, 0
55513, 12886928, 1, 0, 0
56008, 12487614, 1, 0, 0
56503, 12165299, 1, 0, 0
57015, 11679003, 1, 0, 0
57506, 11343581, 1, 0, 0
58000, 11137538, 1, 0, 0
58509, 10843271, 1, 0, 0
59000, 10754043, 1, 0, 0
59510, 10376981, 1, 0, 0
60000, 10158346, 1, 0, 0
60017, 18944267, 1, 0, 0
