500, 17874, 1, 0, 0
1000, 17868, 1, 0, 0
1500, 17866, 1, 0, 0
2000, 17864, 1, 0, 0
2500, 17864, 1, 0, 0
3000, 17866, 1, 0, 0
3500, 17866, 1, 0, 0
4000, 17866, 1, 0, 0
4500, 17866, 1, 0, 0
5000, 17864, 1, 0, 0
5500, 16514, 1, 0, 0
6000, 1258, 1, 0, 0
6500, 1266, 1, 0, 0
7000, 1248, 1, 0, 0
7500, 1338, 1, 0, 0
8000, 1400, 1, 0, 0
8500, 1450, 1, 0, 0
9000, 1474, 1, 0, 0
9500, 1576, 1, 0, 0
10000, 1658, 1, 0, 0
10500, 1722, 1, 0, 0
11000, 1776, 1, 0, 0
11500, 1784, 1, 0, 0
12000, 1822, 1, 0, 0
12500, 1840, 1, 0, 0
13000, 1824, 1, 0, 0
13500, 1790, 1, 0, 0
14000, 1792, 1, 0, 0
14500, 1846, 1, 0, 0
15000, 1890, 1, 0, 0
15500, 1962, 1, 0, 0
16000, 1958, 1, 0, 0
16500, 2006, 1, 0, 0
17000, 2046, 1, 0, 0
17500, 2076, 1, 0, 0
18000, 2016, 1, 0, 0
18500, 2046, 1, 0, 0
19000, 2090, 1, 0, 0
19500, 2140, 1, 0, 0
20000, 2156, 1, 0, 0
20500, 2120, 1, 0, 0
21000, 2124, 1, 0, 0
21500, 2234, 1, 0, 0
22000, 2272, 1, 0, 0
22500, 2276, 1, 0, 0
23000, 2422, 1, 0, 0
23500, 2350, 1, 0, 0
24000, 2426, 1, 0, 0
24500, 2470, 1, 0, 0
25000, 2594, 1, 0, 0
25500, 2544, 1, 0, 0
26000, 2626, 1, 0, 0
26500, 2806, 1, 0, 0
27000, 2738, 1, 0, 0
27500, 2770, 1, 0, 0
28000, 3002, 1, 0, 0
28500, 3040, 1, 0, 0
29000, 3228, 1, 0, 0
29500, 3278, 1, 0, 0
30000, 3286, 1, 0, 0
30500, 3556, 1, 0, 0
31000, 3630, 1, 0, 0
31500, 3850, 1, 0, 0
32000, 3940, 1, 0, 0
32500, 4310, 1, 0, 0
33000, 4596, 1, 0, 0
33500, 5052, 1, 0, 0
34000, 5464, 1, 0, 0
34500, 6044, 1, 0, 0
35000, 7142, 1, 0, 0
35500, 8745, 1, 0, 0
36000, 13424, 1, 0, 0
36500, 10610, 1, 0, 0
37000, 1230, 1, 0, 0
37500, 1262, 1, 0, 0
38000, 1298, 1, 0, 0
38500, 1328, 1, 0, 0
39000, 1400, 1, 0, 0
39500, 1472, 1, 0, 0
40000, 1538, 1, 0, 0
40500, 1630, 1, 0, 0
41000, 1638, 1, 0, 0
41500, 1742, 1, 0, 0
42000, 1808, 1, 0, 0
42500, 1820, 1, 0, 0
43000, 1814, 1, 0, 0
43500, 1822, 1, 0, 0
44000, 1824, 1, 0, 0
44500, 1802, 1, 0, 0
45000, 1838, 1, 0, 0
45500, 1850, 1, 0, 0
46000, 1848, 1, 0, 0
46500, 1884, 1, 0, 0
47000, 1928, 1, 0, 0
47500, 1934, 1, 0, 0
48000, 1994, 1, 0, 0
48500, 2028, 1, 0, 0
49000, 2018, 1, 0, 0
49500, 2060, 1, 0, 0
50000, 2074, 1, 0, 0
50500, 2112, 1, 0, 0
51000, 2086, 1, 0, 0
51500, 2150, 1, 0, 0
52000, 2262, 1, 0, 0
52500, 2212, 1, 0, 0
53000, 2258, 1, 0, 0
53500, 2272, 1, 0, 0
54000, 2318, 1, 0, 0
54500, 2374, 1, 0, 0
55000, 2492, 1, 0, 0
55500, 2452, 1, 0, 0
56000, 2540, 1, 0, 0
56500, 2600, 1, 0, 0
57000, 2808, 1, 0, 0
57500, 2772, 1, 0, 0
58000, 2860, 1, 0, 0
58500, 2980, 1, 0, 0
59000, 2926, 1, 0, 0
59500, 3140, 1, 0, 0
60000, 3172, 1, 0, 0
