500, 4312, 1, 0, 0
1000, 4306, 1, 0, 0
1500, 4304, 1, 0, 0
2000, 4305, 1, 0, 0
2500, 4323, 1, 0, 0
3000, 4315, 1, 0, 0
3500, 4302, 1, 0, 0
4000, 4302, 1, 0, 0
4500, 4341, 1, 0, 0
5000, 4318, 1, 0, 0
5517, 4313, 1, 0, 0
6005, 4465, 1, 0, 0
6514, 4425, 1, 0, 0
7001, 4490, 1, 0, 0
7507, 4471, 1, 0, 0
8013, 4454, 1, 0, 0
8500, 4420, 1, 0, 0
9004, 4404, 1, 0, 0
9510, 4402, 1, 0, 0
10012, 4442, 1, 0, 0
10516, 4430, 1, 0, 0
11000, 4432, 1, 0, 0
11500, 4407, 1, 0, 0
12001, 4442, 1, 0, 0
12503, 4388, 1, 0, 0
13006, 4423, 1, 0, 0
13508, 4400, 1, 0, 0
14011, 4377, 1, 0, 0
14514, 4380, 1, 0, 0
15014, 4427, 1, 0, 0
15514, 4440, 1, 0, 0
16014, 4418, 1, 0, 0
16513, 4397, 1, 0, 0
17013, 4419, 1, 0, 0
17514, 4382, 1, 0, 0
18012, 4364, 1, 0, 0
18512, 4393, 1, 0, 0
19012, 4376, 1, 0, 0
19510, 4434, 1, 0, 0
20009, 4412, 1, 0, 0
20509, 4390, 1, 0, 0
21007, 4414, 1, 0, 0
21505, 4443, 1, 0, 0
22004, 4446, 1, 0, 0
22502, 4422, 1, 0, 0
23000, 4432, 1, 0, 0
23512, 4447, 1, 0, 0
24008, 4414, 1, 0, 0
24501, 4406, 1, 0, 0
25000, 4419, 1, 0, 0
25509, 4424, 1, 0, 0
26003, 4411, 1, 0, 0
26515, 4442, 1, 0, 0
27008, 4429, 1, 0, 0
27500, 4452, 1, 0, 0
28009, 4461, 1, 0, 0
28500, 4429, 1, 0, 0
29008, 4452, 1, 0, 0
29514, 4438, 1, 0, 0
30001, 4464, 1, 0, 0
30504, 4438, 1, 0, 0
31009, 4440, 1, 0, 0
31510, 4413, 1, 0, 0
32010, 4412, 1, 0, 0
32507, 4395, 1, 0, 0
33000, 4420, 1, 0, 0
33509, 4400, 1, 0, 0
34000, 4419, 1, 0, 0
34510, 4418, 1, 0, 0
35000, 4418, 1, 0, 0
35501, 4446, 1, 0, 0
36000, 4406, 1, 0, 0
36511, 4311, 1, 0, 0
37000, 4397, 1, 0, 0
37505, 4386, 1, 0, 0
38011, 4327, 1, 0, 0
38500, 4403, 1, 0, 0
39005, 4364, 1, 0, 0
39510, 4373, 1, 0, 0
40013, 4356, 1, 0, 0
40500, 4358, 1, 0, 0
41001, 4380, 1, 0, 0
41506, 4404, 1, 0, 0
42008, 4391, 1, 0, 0
42510, 4440, 1, 0, 0
43012, 4391, 1, 0, 0
43514, 4382, 1, 0, 0
44016, 4435, 1, 0, 0
44500, 4405, 1, 0, 0
45000, 4390, 1, 0, 0
45500, 4425, 1, 0, 0
46002, 4395, 1, 0, 0
46504, 4321, 1, 0, 0
47005, 4401, 1, 0, 0
47505, 4350, 1, 0, 0
48005, 4363, 1, 0, 0
48506, 4387, 1, 0, 0
49004, 4383, 1, 0, 0
49504, 4395, 1, 0, 0
50003, 4384, 1, 0, 0
50503, 4382, 1, 0, 0
51001, 4402, 1, 0, 0
51500, 4350, 1, 0, 0
52014, 4402, 1, 0, 0
52514, 4352, 1, 0, 0
53011, 4423, 1, 0, 0
53507, 4443, 1, 0, 0
54004, 4429, 1, 0, 0
54501, 4389, 1, 0, 0
55000, 4387, 1, 0, 0
55513, 4444, 1, 0, 0
56008, 4383, 1, 0, 0
56503, 4466, 1, 0, 0
57015, 4434, 1, 0, 0
57506, 4385, 1, 0, 0
58000, 4388, 1, 0, 0
58509, 4402, 1, 0, 0
59000, 4438, 1, 0, 0
59510, 4437, 1, 0, 0
60017, 4429, 1, 0, 0
