500, 71510, 1, 0, 0
1000, 71464, 1, 0, 0
1500, 71456, 1, 0, 0
2000, 71458, 1, 0, 0
2500, 71460, 1, 0, 0
3000, 71464, 1, 0, 0
3500, 71460, 1, 0, 0
4000, 71466, 1, 0, 0
4500, 71460, 1, 0, 0
5000, 71456, 1, 0, 0
5500, 66000, 1, 0, 0
6000, 4256, 1, 0, 0
6500, 4208, 1, 0, 0
7000, 4560, 1, 0, 0
7500, 4632, 1, 0, 0
8000, 4864, 1, 0, 0
8500, 5328, 1, 0, 0
9000, 5432, 1, 0, 0
9500, 5960, 1, 0, 0
10000, 6072, 1, 0, 0
10500, 6664, 1, 0, 0
11000, 7076, 1, 0, 0
11500, 7146, 1, 0, 0
12000, 7656, 1, 0, 0
12500, 7352, 1, 0, 0
13000, 6856, 1, 0, 0
13500, 6472, 1, 0, 0
14000, 6824, 1, 0, 0
14500, 6690, 1, 0, 0
15000, 7046, 1, 0, 0
15500, 7240, 1, 0, 0
16000, 7112, 1, 0, 0
16500, 7520, 1, 0, 0
17000, 7630, 1, 0, 0
17500, 7458, 1, 0, 0
18000, 7824, 1, 0, 0
18500, 7806, 1, 0, 0
19000, 7818, 1, 0, 0
19500, 8032, 1, 0, 0
20000, 7960, 1, 0, 0
20500, 8160, 1, 0, 0
21000, 8360, 1, 0, 0
21500, 8306, 1, 0, 0
22000, 8630, 1, 0, 0
22500, 8944, 1, 0, 0
23000, 8968, 1, 0, 0
23500, 8776, 1, 0, 0
24000, 9424, 1, 0, 0
24500, 9536, 1, 0, 0
25000, 9608, 1, 0, 0
25500, 9440, 1, 0, 0
26001, 9904, 1, 0, 0
26500, 10228, 1, 0, 0
27000, 10440, 1, 0, 0
27500, 10592, 1, 0, 0
28000, 10960, 1, 0, 0
28500, 11238, 1, 0, 0
29000, 11200, 1, 0, 0
29500, 11738, 1, 0, 0
30000, 12160, 1, 0, 0
30500, 12512, 1, 0, 0
31000, 12904, 1, 0, 0
31500, 13380, 1, 0, 0
32000, 14178, 1, 0, 0
32500, 15074, 1, 0, 0
33000, 15128, 1, 0, 0
33500, 16104, 1, 0, 0
34000, 17338, 1, 0, 0
34500, 18110, 1, 0, 0
35000, 20224, 1, 0, 0
35500, 21848, 1, 0, 0
36000, 24940, 1, 0, 0
36500, 28124, 1, 0, 0
37000, 37076, 1, 0, 0
37500, 59504, 1, 0, 0
38000, 22988, 1, 0, 0
38500, 4064, 1, 0, 0
39000, 4432, 1, 0, 0
39500, 4496, 1, 0, 0
40000, 4928, 1, 0, 0
40500, 5010, 1, 0, 0
41000, 5314, 1, 0, 0
41500, 5798, 1, 0, 0
42000, 6060, 1, 0, 0
42500, 6396, 1, 0, 0
43000, 6856, 1, 0, 0
43500, 6992, 1, 0, 0
44000, 7616, 1, 0, 0
44500, 7448, 1, 0, 0
45000, 7104, 1, 0, 0
45500, 6378, 1, 0, 0
46000, 6686, 1, 0, 0
46500, 6912, 1, 0, 0
47000, 6864, 1, 0, 0
47500, 7352, 1, 0, 0
48000, 7208, 1, 0, 0
48500, 7608, 1, 0, 0
49000, 7696, 1, 0, 0
49500, 7504, 1, 0, 0
50000, 7960, 1, 0, 0
50500, 7928, 1, 0, 0
51000, 7672, 1, 0, 0
51500, 7992, 1, 0, 0
52000, 8032, 1, 0, 0
52500, 7976, 1, 0, 0
53000, 8400, 1, 0, 0
53500, 8544, 1, 0, 0
54000, 8320, 1, 0, 0
54500, 8720, 1, 0, 0
55000, 8856, 1, 0, 0
55500, 8656, 1, 0, 0
56000, 9144, 1, 0, 0
56500, 9384, 1, 0, 0
57000, 9535, 1, 0, 0
57500, 9548, 1, 0, 0
58000, 9904, 1, 0, 0
58500, 10040, 1, 0, 0
59000, 10288, 1, 0, 0
59500, 10388, 1, 0, 0
60000, 10404, 1, 0, 0
