500, 447260, 1, 0, 0
1000, 447598, 1, 0, 0
1500, 447597, 1, 0, 0
2000, 447596, 1, 0, 0
2500, 447592, 1, 0, 0
3000, 447590, 1, 0, 0
3500, 447595, 1, 0, 0
4000, 447594, 1, 0, 0
4500, 447593, 1, 0, 0
5000, 447583, 1, 0, 0
5517, 484225, 1, 0, 0
6011, 7425032, 1, 0, 0
6504, 7498023, 1, 0, 0
7015, 7179312, 1, 0, 0
7507, 6784686, 1, 0, 0
8000, 6529380, 1, 0, 0
8510, 6101113, 1, 0, 0
9000, 5779045, 1, 0, 0
9511, 5477416, 1, 0, 0
10000, 5168085, 1, 0, 0
10509, 4882459, 1, 0, 0
11000, 4645807, 1, 0, 0
11506, 4339139, 1, 0, 0
12014, 4251661, 1, 0, 0
12503, 4253786, 1, 0, 0
13013, 4762215, 1, 0, 0
13503, 4838790, 1, 0, 0
14012, 4773401, 1, 0, 0
14500, 4706491, 1, 0, 0
15006, 4565607, 1, 0, 0
15513, 4482117, 1, 0, 0
16001, 4388914, 1, 0, 0
16509, 4321790, 1, 0, 0
17000, 4275058, 1, 0, 0
17504, 4169719, 1, 0, 0
18010, 4137241, 1, 0, 0
18500, 4176388, 1, 0, 0
19005, 3979157, 1, 0, 0
19512, 4033673, 1, 0, 0
20000, 4086695, 1, 0, 0
20506, 3812367, 1, 0, 0
21013, 3882946, 1, 0, 0
21500, 3871567, 1, 0, 0
22005, 3633889, 1, 0, 0
22511, 3622968, 1, 0, 0
23000, 3601131, 1, 0, 0
23503, 3549596, 1, 0, 0
24007, 3422816, 1, 0, 0
24511, 3388746, 1, 0, 0
25000, 3355690, 1, 0, 0
25501, 3290310, 1, 0, 0
26004, 3255555, 1, 0, 0
26508, 3157062, 1, 0, 0
27010, 3080555, 1, 0, 0
27511, 3023916, 1, 0, 0
28014, 2936101, 1, 0, 0
28500, 2854652, 1, 0, 0
29000, 2834993, 1, 0, 0
29500, 2668659, 1, 0, 0
30001, 2636305, 1, 0, 0
30502, 2562258, 1, 0, 0
31001, 2475271, 1, 0, 0
31500, 2388163, 1, 0, 0
32000, 2330054, 1, 0, 0
32513, 2113699, 1, 0, 0
33009, 2098086, 1, 0, 0
33503, 1964230, 1, 0, 0
34000, 1890235, 1, 0, 0
34506, 1736098, 1, 0, 0
35000, 1602959, 1, 0, 0
35500, 1470696, 1, 0, 0
36000, 1283228, 1, 0, 0
36502, 1117079, 1, 0, 0
37000, 878140, 1, 0, 0
37500, 537541, 1, 0, 0
38010, 1364621, 1, 0, 0
38503, 7763223, 1, 0, 0
39014, 7386558, 1, 0, 0
39505, 6982437, 1, 0, 0
40000, 6648923, 1, 0, 0
40508, 6298692, 1, 0, 0
41000, 6015221, 1, 0, 0
41509, 5536838, 1, 0, 0
42000, 5368089, 1, 0, 0
42509, 4920517, 1, 0, 0
43016, 4735397, 1, 0, 0
43505, 4475358, 1, 0, 0
44012, 4264587, 1, 0, 0
44501, 4193913, 1, 0, 0
45008, 4571028, 1, 0, 0
45500, 4988778, 1, 0, 0
46007, 4801548, 1, 0, 0
46515, 4708174, 1, 0, 0
47005, 4563656, 1, 0, 0
47512, 4417048, 1, 0, 0
48000, 4333396, 1, 0, 0
48507, 4267328, 1, 0, 0
49015, 4217688, 1, 0, 0
49503, 4158363, 1, 0, 0
50009, 4072684, 1, 0, 0
50516, 4093416, 1, 0, 0
51004, 4066955, 1, 0, 0
51510, 4052991, 1, 0, 0
52000, 4066519, 1, 0, 0
52504, 3882880, 1, 0, 0
53010, 3858592, 1, 0, 0
53515, 3786301, 1, 0, 0
54004, 3759996, 1, 0, 0
54509, 3706040, 1, 0, 0
55014, 3645561, 1, 0, 0
55501, 3601795, 1, 0, 0
56007, 3545490, 1, 0, 0
56513, 3450094, 1, 0, 0
57000, 3376143, 1, 0, 0
57502, 3263801, 1, 0, 0
58006, 3253282, 1, 0, 0
58510, 3214848, 1, 0, 0
59013, 3132134, 1, 0, 0
59500, 3092936, 1, 0, 0
60000, 3011997, 1, 0, 0
60000, 11238136, 1, 0, 0
