500, 445631, 1, 0, 0
1000, 445972, 1, 0, 0
1500, 445978, 1, 0, 0
2000, 445975, 1, 0, 0
2500, 445967, 1, 0, 0
3000, 445962, 1, 0, 0
3500, 445967, 1, 0, 0
4000, 445965, 1, 0, 0
4500, 445965, 1, 0, 0
5000, 445955, 1, 0, 0
5517, 482593, 1, 0, 0
6011, 7423373, 1, 0, 0
6504, 7496369, 1, 0, 0
7015, 7177636, 1, 0, 0
7507, 6783019, 1, 0, 0
8000, 6527707, 1, 0, 0
8510, 6099448, 1, 0, 0
9000, 5777393, 1, 0, 0
9511, 5475758, 1, 0, 0
10000, 5166433, 1, 0, 0
10509, 4880797, 1, 0, 0
11000, 4644148, 1, 0, 0
11506, 4337487, 1, 0, 0
12014, 4250005, 1, 0, 0
12503, 4252134, 1, 0, 0
13013, 4760570, 1, 0, 0
13503, 4837134, 1, 0, 0
14012, 4771753, 1, 0, 0
14500, 4704831, 1, 0, 0
15006, 4563954, 1, 0, 0
15513, 4480463, 1, 0, 0
16001, 4387265, 1, 0, 0
16509, 4320151, 1, 0, 0
17000, 4273406, 1, 0, 0
17504, 4168068, 1, 0, 0
18010, 4135592, 1, 0, 0
18500, 4174735, 1, 0, 0
19005, 3977504, 1, 0, 0
19512, 4032028, 1, 0, 0
20000, 4085037, 1, 0, 0
20506, 3810719, 1, 0, 0
21013, 3881291, 1, 0, 0
21500, 3869920, 1, 0, 0
22005, 3632229, 1, 0, 0
22511, 3621317, 1, 0, 0
23000, 3599484, 1, 0, 0
23503, 3547945, 1, 0, 0
24007, 3421166, 1, 0, 0
24511, 3387100, 1, 0, 0
25000, 3354042, 1, 0, 0
25501, 3288654, 1, 0, 0
26004, 3253904, 1, 0, 0
26508, 3155404, 1, 0, 0
27010, 3078894, 1, 0, 0
27511, 3022255, 1, 0, 0
28014, 2934446, 1, 0, 0
28500, 2852993, 1, 0, 0
29000, 2833329, 1, 0, 0
29500, 2667007, 1, 0, 0
30001, 2634645, 1, 0, 0
30502, 2560600, 1, 0, 0
31001, 2473504, 1, 0, 0
31500, 2386508, 1, 0, 0
32000, 2328388, 1, 0, 0
32513, 2112039, 1, 0, 0
33009, 2096432, 1, 0, 0
33503, 1962576, 1, 0, 0
34000, 1888583, 1, 0, 0
34506, 1734443, 1, 0, 0
35000, 1601306, 1, 0, 0
35500, 1469040, 1, 0, 0
36000, 1281571, 1, 0, 0
36502, 1115432, 1, 0, 0
37000, 876496, 1, 0, 0
37500, 535906, 1, 0, 0
38010, 1362977, 1, 0, 0
38503, 7761570, 1, 0, 0
39014, 7384889, 1, 0, 0
39505, 6980765, 1, 0, 0
40000, 6647257, 1, 0, 0
40508, 6297032, 1, 0, 0
41000, 6013542, 1, 0, 0
41509, 5535184, 1, 0, 0
42000, 5366419, 1, 0, 0
42509, 4918867, 1, 0, 0
43016, 4733734, 1, 0, 0
43505, 4473706, 1, 0, 0
44012, 4262926, 1, 0, 0
44501, 4192255, 1, 0, 0
45008, 4569367, 1, 0, 0
45500, 4987115, 1, 0, 0
46007, 4799885, 1, 0, 0
46515, 4706512, 1, 0, 0
47005, 4562006, 1, 0, 0
47512, 4415397, 1, 0, 0
48000, 4331740, 1, 0, 0
48507, 4265666, 1, 0, 0
49015, 4216032, 1, 0, 0
49503, 4156705, 1, 0, 0
50009, 4071030, 1, 0, 0
50516, 4091760, 1, 0, 0
51004, 4065296, 1, 0, 0
51510, 4051337, 1, 0, 0
52000, 4064855, 1, 0, 0
52504, 3881226, 1, 0, 0
53010, 3856937, 1, 0, 0
53515, 3784638, 1, 0, 0
54004, 3758338, 1, 0, 0
54509, 3704387, 1, 0, 0
55014, 3643914, 1, 0, 0
55501, 3600149, 1, 0, 0
56007, 3543847, 1, 0, 0
56513, 3448459, 1, 0, 0
57000, 3374499, 1, 0, 0
57502, 3262139, 1, 0, 0
58006, 3251641, 1, 0, 0
58510, 3213205, 1, 0, 0
59013, 3130489, 1, 0, 0
59500, 3091295, 1, 0, 0
60000, 3010349, 1, 0, 0
60000, 11236484, 1, 0, 0
