500, 2288256, 1, 0, 0
1000, 2286912, 1, 0, 0
1500, 2286592, 1, 0, 0
2000, 2286656, 1, 0, 0
2500, 2286720, 1, 0, 0
3000, 2286848, 1, 0, 0
3500, 2286720, 1, 0, 0
4000, 2286912, 1, 0, 0
4500, 2286720, 1, 0, 0
5000, 2286592, 1, 0, 0
5500, 2112000, 1, 0, 0
6000, 136192, 1, 0, 0
6500, 134656, 1, 0, 0
7000, 145920, 1, 0, 0
7500, 148224, 1, 0, 0
8000, 155648, 1, 0, 0
8500, 170496, 1, 0, 0
9000, 173824, 1, 0, 0
9500, 190720, 1, 0, 0
10000, 194304, 1, 0, 0
10500, 213248, 1, 0, 0
11000, 226432, 1, 0, 0
11500, 228681, 1, 0, 0
12000, 244992, 1, 0, 0
12500, 235264, 1, 0, 0
13000, 219392, 1, 0, 0
13500, 207104, 1, 0, 0
14000, 218368, 1, 0, 0
14500, 214080, 1, 0, 0
15000, 225472, 1, 0, 0
15500, 231680, 1, 0, 0
16000, 227584, 1, 0, 0
16500, 240640, 1, 0, 0
17000, 244160, 1, 0, 0
17500, 238656, 1, 0, 0
18000, 250368, 1, 0, 0
18500, 249792, 1, 0, 0
19000, 250176, 1, 0, 0
19500, 257024, 1, 0, 0
20000, 254720, 1, 0, 0
20500, 261120, 1, 0, 0
21000, 267520, 1, 0, 0
21500, 265792, 1, 0, 0
22000, 276160, 1, 0, 0
22500, 286208, 1, 0, 0
23000, 286976, 1, 0, 0
23500, 280832, 1, 0, 0
24000, 301568, 1, 0, 0
24500, 305152, 1, 0, 0
25000, 307456, 1, 0, 0
25500, 302080, 1, 0, 0
26001, 316928, 1, 0, 0
26500, 327310, 1, 0, 0
27000, 334080, 1, 0, 0
27500, 338944, 1, 0, 0
28000, 350720, 1, 0, 0
28500, 359616, 1, 0, 0
29000, 358400, 1, 0, 0
29500, 375616, 1, 0, 0
30000, 389120, 1, 0, 0
30500, 400384, 1, 0, 0
31000, 412928, 1, 0, 0
31500, 428160, 1, 0, 0
32000, 453696, 1, 0, 0
32500, 482368, 1, 0, 0
33000, 484096, 1, 0, 0
33500, 515328, 1, 0, 0
34000, 554816, 1, 0, 0
34500, 579520, 1, 0, 0
35000, 647168, 1, 0, 0
35500, 699136, 1, 0, 0
36000, 798080, 1, 0, 0
36500, 899968, 1, 0, 0
37000, 1186368, 1, 0, 0
37500, 1904128, 1, 0, 0
38000, 735616, 1, 0, 0
38500, 130048, 1, 0, 0
39000, 141824, 1, 0, 0
39500, 143872, 1, 0, 0
40000, 157696, 1, 0, 0
40500, 160320, 1, 0, 0
41000, 170048, 1, 0, 0
41500, 185536, 1, 0, 0
42000, 193920, 1, 0, 0
42500, 204672, 1, 0, 0
43000, 219392, 1, 0, 0
43500, 223744, 1, 0, 0
44000, 243712, 1, 0, 0
44500, 238336, 1, 0, 0
45000, 227328, 1, 0, 0
45500, 204096, 1, 0, 0
46000, 213952, 1, 0, 0
46500, 221184, 1, 0, 0
47000, 219648, 1, 0, 0
47500, 235264, 1, 0, 0
48000, 230656, 1, 0, 0
48500, 243456, 1, 0, 0
49000, 246272, 1, 0, 0
49500, 240128, 1, 0, 0
50000, 254720, 1, 0, 0
50500, 253696, 1, 0, 0
51000, 245504, 1, 0, 0
51500, 255744, 1, 0, 0
52000, 257024, 1, 0, 0
52500, 255232, 1, 0, 0
53000, 268800, 1, 0, 0
53500, 273408, 1, 0, 0
54000, 266240, 1, 0, 0
54500, 279040, 1, 0, 0
55000, 283392, 1, 0, 0
55500, 276992, 1, 0, 0
56000, 292608, 1, 0, 0
56500, 300288, 1, 0, 0
57000, 305122, 1, 0, 0
57500, 305536, 1, 0, 0
58000, 316928, 1, 0, 0
58500, 321280, 1, 0, 0
59000, 329216, 1, 0, 0
59500, 332416, 1, 0, 0
60000, 332928, 1, 0, 0
