500, 1629, 1, 0, 0
1000, 1626, 1, 0, 0
1500, 1620, 1, 0, 0
2000, 1621, 1, 0, 0
2500, 1625, 1, 0, 0
3000, 1628, 1, 0, 0
3500, 1628, 1, 0, 0
4000, 1629, 1, 0, 0
4500, 1628, 1, 0, 0
5000, 1628, 1, 0, 0
5517, 1631, 1, 0, 0
6011, 1660, 1, 0, 0
6504, 1653, 1, 0, 0
7015, 1676, 1, 0, 0
7507, 1667, 1, 0, 0
8000, 1673, 1, 0, 0
8510, 1664, 1, 0, 0
9001, 1654, 1, 0, 0
9511, 1659, 1, 0, 0
10000, 1652, 1, 0, 0
10509, 1661, 1, 0, 0
11000, 1660, 1, 0, 0
11506, 1652, 1, 0, 0
12014, 1656, 1, 0, 0
12503, 1652, 1, 0, 0
13013, 1645, 1, 0, 0
13503, 1656, 1, 0, 0
14012, 1648, 1, 0, 0
14500, 1661, 1, 0, 0
15006, 1652, 1, 0, 0
15513, 1654, 1, 0, 0
16001, 1649, 1, 0, 0
16509, 1640, 1, 0, 0
17000, 1652, 1, 0, 0
17504, 1651, 1, 0, 0
18010, 1649, 1, 0, 0
18500, 1654, 1, 0, 0
19005, 1653, 1, 0, 0
19512, 1646, 1, 0, 0
20000, 1658, 1, 0, 0
20506, 1649, 1, 0, 0
21013, 1655, 1, 0, 0
21500, 1647, 1, 0, 0
22005, 1661, 1, 0, 0
22511, 1650, 1, 0, 0
23000, 1648, 1, 0, 0
23503, 1651, 1, 0, 0
24007, 1651, 1, 0, 0
24511, 1646, 1, 0, 0
25000, 1648, 1, 0, 0
25501, 1655, 1, 0, 0
26004, 1651, 1, 0, 0
26508, 1658, 1, 0, 0
27010, 1661, 1, 0, 0
27511, 1661, 1, 0, 0
28014, 1655, 1, 0, 0
28500, 1659, 1, 0, 0
29000, 1664, 1, 0, 0
29500, 1652, 1, 0, 0
30001, 1660, 1, 0, 0
30502, 1658, 1, 0, 0
31001, 1768, 1, 0, 0
31500, 1655, 1, 0, 0
32000, 1666, 1, 0, 0
32513, 1660, 1, 0, 0
33009, 1654, 1, 0, 0
33503, 1654, 1, 0, 0
34000, 1653, 1, 0, 0
34506, 1655, 1, 0, 0
35000, 1653, 1, 0, 0
35500, 1656, 1, 0, 0
36000, 1657, 1, 0, 0
36502, 1647, 1, 0, 0
37000, 1644, 1, 0, 0
37500, 1635, 1, 0, 0
38010, 1644, 1, 0, 0
38503, 1653, 1, 0, 0
39014, 1670, 1, 0, 0
39505, 1671, 1, 0, 0
40000, 1665, 1, 0, 0
40508, 1659, 1, 0, 0
41000, 1680, 1, 0, 0
41509, 1654, 1, 0, 0
42000, 1671, 1, 0, 0
42509, 1650, 1, 0, 0
43016, 1663, 1, 0, 0
43505, 1653, 1, 0, 0
44012, 1661, 1, 0, 0
44501, 1658, 1, 0, 0
45008, 1660, 1, 0, 0
45500, 1664, 1, 0, 0
46007, 1663, 1, 0, 0
46515, 1662, 1, 0, 0
47005, 1650, 1, 0, 0
47512, 1652, 1, 0, 0
48000, 1657, 1, 0, 0
48507, 1662, 1, 0, 0
49015, 1656, 1, 0, 0
49503, 1657, 1, 0, 0
50009, 1654, 1, 0, 0
50516, 1656, 1, 0, 0
51004, 1658, 1, 0, 0
51510, 1654, 1, 0, 0
52000, 1664, 1, 0, 0
52504, 1653, 1, 0, 0
53010, 1656, 1, 0, 0
53515, 1663, 1, 0, 0
54004, 1657, 1, 0, 0
54509, 1653, 1, 0, 0
55014, 1647, 1, 0, 0
55501, 1645, 1, 0, 0
56007, 1643, 1, 0, 0
56513, 1634, 1, 0, 0
57000, 1643, 1, 0, 0
57502, 1661, 1, 0, 0
58006, 1642, 1, 0, 0
58510, 1644, 1, 0, 0
59013, 1645, 1, 0, 0
59500, 1642, 1, 0, 0
60000, 1648, 1, 0, 0
