500, 35798, 1, 0, 0
1000, 35734, 1, 0, 0
1500, 35727, 1, 0, 0
2000, 35734, 1, 0, 0
2500, 35732, 1, 0, 0
3000, 35730, 1, 0, 0
3500, 35730, 1, 0, 0
4000, 35736, 1, 0, 0
4500, 35734, 1, 0, 0
5000, 35728, 1, 0, 0
5500, 32964, 1, 0, 0
6000, 2272, 1, 0, 0
6500, 2272, 1, 0, 0
7000, 2340, 1, 0, 0
7500, 2434, 1, 0, 0
8000, 2554, 1, 0, 0
8500, 2648, 1, 0, 0
9000, 2936, 1, 0, 0
9500, 3068, 1, 0, 0
10000, 3104, 1, 0, 0
10500, 3384, 1, 0, 0
11000, 3514, 1, 0, 0
11500, 3694, 1, 0, 0
12000, 3799, 1, 0, 0
12500, 3670, 1, 0, 0
13000, 3402, 1, 0, 0
13500, 3392, 1, 0, 0
14000, 3440, 1, 0, 0
14500, 3364, 1, 0, 0
15000, 3584, 1, 0, 0
15500, 3624, 1, 0, 0
16000, 3578, 1, 0, 0
16500, 3766, 1, 0, 0
17000, 3820, 1, 0, 0
17500, 3816, 1, 0, 0
18000, 3756, 1, 0, 0
18500, 3968, 1, 0, 0
19000, 4056, 1, 0, 0
19500, 4140, 1, 0, 0
20000, 4216, 1, 0, 0
20500, 4128, 1, 0, 0
21000, 4304, 1, 0, 0
21500, 4292, 1, 0, 0
22000, 4336, 1, 0, 0
22500, 4464, 1, 0, 0
23000, 4504, 1, 0, 0
23500, 4448, 1, 0, 0
24000, 4704, 1, 0, 0
24500, 4764, 1, 0, 0
25000, 4928, 1, 0, 0
25500, 4977, 1, 0, 0
26000, 4940, 1, 0, 0
26500, 5112, 1, 0, 0
27000, 5204, 1, 0, 0
27500, 5424, 1, 0, 0
28000, 5624, 1, 0, 0
28500, 5740, 1, 0, 0
29000, 5892, 1, 0, 0
29500, 6178, 1, 0, 0
30000, 6354, 1, 0, 0
30500, 6376, 1, 0, 0
31000, 6604, 1, 0, 0
31500, 7042, 1, 0, 0
32000, 7322, 1, 0, 0
32500, 7756, 1, 0, 0
33000, 8020, 1, 0, 0
33500, 8584, 1, 0, 0
34000, 9344, 1, 0, 0
34500, 9980, 1, 0, 0
35000, 10844, 1, 0, 0
35500, 12124, 1, 0, 0
36000, 14568, 1, 0, 0
36500, 18176, 1, 0, 0
37000, 28640, 1, 0, 0
37500, 15370, 1, 0, 0
38000, 2192, 1, 0, 0
38500, 2344, 1, 0, 0
39000, 2452, 1, 0, 0
39500, 2484, 1, 0, 0
40000, 2622, 1, 0, 0
40500, 2818, 1, 0, 0
41000, 2984, 1, 0, 0
41500, 3036, 1, 0, 0
42000, 3300, 1, 0, 0
42500, 3486, 1, 0, 0
43000, 3454, 1, 0, 0
43500, 3700, 1, 0, 0
44000, 3768, 1, 0, 0
44500, 3458, 1, 0, 0
45000, 3358, 1, 0, 0
45500, 3352, 1, 0, 0
46000, 3324, 1, 0, 0
46500, 3552, 1, 0, 0
47000, 3644, 1, 0, 0
47500, 3614, 1, 0, 0
48000, 3730, 1, 0, 0
48500, 3860, 1, 0, 0
49000, 3912, 1, 0, 0
49500, 3772, 1, 0, 0
50000, 3952, 1, 0, 0
50500, 3968, 1, 0, 0
51000, 4012, 1, 0, 0
51500, 3940, 1, 0, 0
52001, 4204, 1, 0, 0
52500, 4240, 1, 0, 0
53000, 4248, 1, 0, 0
53500, 4344, 1, 0, 0
54000, 4268, 1, 0, 0
54500, 4488, 1, 0, 0
55000, 4564, 1, 0, 0
55500, 4600, 1, 0, 0
56000, 4704, 1, 0, 0
56500, 4816, 1, 0, 0
57000, 4896, 1, 0, 0
57500, 4988, 1, 0, 0
58000, 5056, 1, 0, 0
58500, 5212, 1, 0, 0
59000, 5432, 1, 0, 0
59500, 5426, 1, 0, 0
60000, 5610, 1, 0, 0
