500, 891898, 1, 0, 0
1000, 892919, 1, 0, 0
1500, 892941, 1, 0, 0
2000, 892934, 1, 0, 0
2500, 892940, 1, 0, 0
3000, 892936, 1, 0, 0
3500, 892939, 1, 0, 0
4000, 892908, 1, 0, 0
4500, 892935, 1, 0, 0
5000, 892895, 1, 0, 0
5515, 965208, 1, 0, 0
6008, 13853565, 1, 0, 0
6500, 14303890, 1, 0, 0
7008, 13481771, 1, 0, 0
7500, 13285347, 1, 0, 0
8011, 12486401, 1, 0, 0
8501, 11837944, 1, 0, 0
9010, 11084558, 1, 0, 0
9516, 10568865, 1, 0, 0
10005, 10063334, 1, 0, 0
10512, 9606581, 1, 0, 0
11000, 9004533, 1, 0, 0
11505, 8640297, 1, 0, 0
12013, 8555285, 1, 0, 0
12500, 8621725, 1, 0, 0
13005, 9350584, 1, 0, 0
13510, 9542497, 1, 0, 0
14016, 9409180, 1, 0, 0
14503, 9261002, 1, 0, 0
15007, 8987745, 1, 0, 0
15513, 8942308, 1, 0, 0
16000, 8733403, 1, 0, 0
16504, 8544430, 1, 0, 0
17010, 8463584, 1, 0, 0
17515, 8475458, 1, 0, 0
18000, 8261759, 1, 0, 0
18505, 8139053, 1, 0, 0
19009, 7953508, 1, 0, 0
19513, 7794998, 1, 0, 0
20000, 7689553, 1, 0, 0
20501, 7450130, 1, 0, 0
21004, 7482294, 1, 0, 0
21507, 7493931, 1, 0, 0
22012, 7457948, 1, 0, 0
22515, 7208063, 1, 0, 0
23000, 7205561, 1, 0, 0
23500, 6894266, 1, 0, 0
24003, 6818304, 1, 0, 0
24505, 6749829, 1, 0, 0
25006, 6499984, 1, 0, 0
25506, 6434298, 1, 0, 0
26008, 6504604, 1, 0, 0
26508, 6263088, 1, 0, 0
27008, 6144749, 1, 0, 0
27507, 5881853, 1, 0, 0
28004, 5661015, 1, 0, 0
28503, 5566337, 1, 0, 0
29002, 5408584, 1, 0, 0
29500, 5334223, 1, 0, 0
30014, 5004392, 1, 0, 0
30509, 4972303, 1, 0, 0
31003, 4788082, 1, 0, 0
31500, 4669781, 1, 0, 0
32007, 4281817, 1, 0, 0
32500, 4205951, 1, 0, 0
33004, 3891099, 1, 0, 0
33511, 3776491, 1, 0, 0
34000, 3452625, 1, 0, 0
34500, 3196650, 1, 0, 0
35008, 2922789, 1, 0, 0
35500, 2667347, 1, 0, 0
36000, 2194737, 1, 0, 0
36500, 1758128, 1, 0, 0
37000, 1114639, 1, 0, 0
37510, 2043111, 1, 0, 0
38000, 14321187, 1, 0, 0
38510, 13919834, 1, 0, 0
39000, 13280955, 1, 0, 0
39508, 12615883, 1, 0, 0
40000, 12123438, 1, 0, 0
40508, 11420024, 1, 0, 0
41015, 10882676, 1, 0, 0
41504, 10313600, 1, 0, 0
42010, 9799957, 1, 0, 0
42500, 9345853, 1, 0, 0
43004, 8984358, 1, 0, 0
43508, 8713035, 1, 0, 0
44013, 8581446, 1, 0, 0
44500, 9013181, 1, 0, 0
45007, 9638094, 1, 0, 0
45513, 9664749, 1, 0, 0
46000, 9395372, 1, 0, 0
46508, 9129777, 1, 0, 0
47014, 8904173, 1, 0, 0
47500, 8770248, 1, 0, 0
48005, 8487213, 1, 0, 0
48510, 8379030, 1, 0, 0
49016, 8270609, 1, 0, 0
49501, 8235722, 1, 0, 0
50008, 8199147, 1, 0, 0
50512, 8119132, 1, 0, 0
51000, 8114842, 1, 0, 0
51501, 7815603, 1, 0, 0
52007, 7694871, 1, 0, 0
52511, 7628142, 1, 0, 0
53014, 7570620, 1, 0, 0
53500, 7400234, 1, 0, 0
54000, 7257295, 1, 0, 0
54505, 7188582, 1, 0, 0
55009, 7070971, 1, 0, 0
55511, 6980123, 1, 0, 0
56013, 6823727, 1, 0, 0
56513, 6647436, 1, 0, 0
57014, 6547509, 1, 0, 0
57515, 6426938, 1, 0, 0
58000, 6360597, 1, 0, 0
58500, 6143983, 1, 0, 0
59000, 5890615, 1, 0, 0
59500, 5900637, 1, 0, 0
60000, 5660920, 1, 0, 0
60017, 17607458, 1, 0, 0
