500, 2290944, 1, 0, 0
1000, 2286976, 1, 0, 0
1500, 2286557, 1, 0, 0
2000, 2286976, 1, 0, 0
2500, 2286848, 1, 0, 0
3000, 2286720, 1, 0, 0
3500, 2286720, 1, 0, 0
4000, 2287104, 1, 0, 0
4500, 2286976, 1, 0, 0
5000, 2286592, 1, 0, 0
5500, 2109696, 1, 0, 0
6000, 145408, 1, 0, 0
6500, 145408, 1, 0, 0
7000, 149760, 1, 0, 0
7500, 155776, 1, 0, 0
8000, 163456, 1, 0, 0
8500, 169472, 1, 0, 0
9000, 187904, 1, 0, 0
9500, 196352, 1, 0, 0
10000, 198656, 1, 0, 0
10500, 216576, 1, 0, 0
11000, 224896, 1, 0, 0
11500, 236416, 1, 0, 0
12000, 243174, 1, 0, 0
12500, 234880, 1, 0, 0
13000, 217728, 1, 0, 0
13500, 217088, 1, 0, 0
14000, 220160, 1, 0, 0
14500, 215296, 1, 0, 0
15000, 229376, 1, 0, 0
15500, 231936, 1, 0, 0
16000, 228992, 1, 0, 0
16500, 241024, 1, 0, 0
17000, 244480, 1, 0, 0
17500, 244224, 1, 0, 0
18000, 240384, 1, 0, 0
18500, 253952, 1, 0, 0
19000, 259584, 1, 0, 0
19500, 264960, 1, 0, 0
20000, 269824, 1, 0, 0
20500, 264192, 1, 0, 0
21000, 275456, 1, 0, 0
21500, 274688, 1, 0, 0
22000, 277504, 1, 0, 0
22500, 285696, 1, 0, 0
23000, 288256, 1, 0, 0
23500, 284672, 1, 0, 0
24000, 301056, 1, 0, 0
24500, 304896, 1, 0, 0
25000, 315392, 1, 0, 0
25500, 318589, 1, 0, 0
26000, 316160, 1, 0, 0
26500, 327168, 1, 0, 0
27000, 333056, 1, 0, 0
27500, 347136, 1, 0, 0
28000, 359936, 1, 0, 0
28500, 367360, 1, 0, 0
29000, 377088, 1, 0, 0
29500, 395392, 1, 0, 0
30000, 406656, 1, 0, 0
30500, 408064, 1, 0, 0
31000, 422656, 1, 0, 0
31500, 450688, 1, 0, 0
32000, 468608, 1, 0, 0
32500, 496384, 1, 0, 0
33000, 513280, 1, 0, 0
33500, 549376, 1, 0, 0
34000, 598016, 1, 0, 0
34500, 638720, 1, 0, 0
35000, 694016, 1, 0, 0
35500, 775936, 1, 0, 0
36000, 932352, 1, 0, 0
36500, 1163264, 1, 0, 0
37000, 1832960, 1, 0, 0
37500, 983727, 1, 0, 0
38000, 140288, 1, 0, 0
38500, 150016, 1, 0, 0
39000, 156928, 1, 0, 0
39500, 158976, 1, 0, 0
40000, 167808, 1, 0, 0
40500, 180352, 1, 0, 0
41000, 190976, 1, 0, 0
41500, 194304, 1, 0, 0
42000, 211200, 1, 0, 0
42500, 223104, 1, 0, 0
43000, 221056, 1, 0, 0
43500, 236800, 1, 0, 0
44000, 241152, 1, 0, 0
44500, 221312, 1, 0, 0
45000, 214912, 1, 0, 0
45500, 214528, 1, 0, 0
46000, 212736, 1, 0, 0
46500, 227328, 1, 0, 0
47000, 233216, 1, 0, 0
47500, 231296, 1, 0, 0
48000, 238720, 1, 0, 0
48500, 247040, 1, 0, 0
49000, 250368, 1, 0, 0
49500, 241408, 1, 0, 0
50000, 252928, 1, 0, 0
50500, 253952, 1, 0, 0
51000, 256768, 1, 0, 0
51500, 252160, 1, 0, 0
52001, 269056, 1, 0, 0
52500, 271390, 1, 0, 0
53000, 271872, 1, 0, 0
53500, 278016, 1, 0, 0
54000, 273152, 1, 0, 0
54500, 287232, 1, 0, 0
55000, 292096, 1, 0, 0
55500, 294400, 1, 0, 0
56000, 301056, 1, 0, 0
56500, 308224, 1, 0, 0
57000, 313344, 1, 0, 0
57500, 319232, 1, 0, 0
58000, 323584, 1, 0, 0
58500, 333440, 1, 0, 0
59000, 347648, 1, 0, 0
59500, 347264, 1, 0, 0
60000, 359040, 1, 0, 0
