500, 894403, 1, 0, 0
1000, 895436, 1, 0, 0
1500, 895434, 1, 0, 0
2000, 895432, 1, 0, 0
2500, 895431, 1, 0, 0
3000, 895429, 1, 0, 0
3500, 895431, 1, 0, 0
4000, 895430, 1, 0, 0
4500, 895427, 1, 0, 0
5000, 895423, 1, 0, 0
5515, 967704, 1, 0, 0
6008, 13856139, 1, 0, 0
6500, 14306455, 1, 0, 0
7008, 13484337, 1, 0, 0
7500, 13287938, 1, 0, 0
8011, 12488985, 1, 0, 0
8501, 11840496, 1, 0, 0
9010, 11087194, 1, 0, 0
9516, 10571414, 1, 0, 0
10005, 10065880, 1, 0, 0
10512, 9609117, 1, 0, 0
11000, 9007067, 1, 0, 0
11505, 8642839, 1, 0, 0
12013, 8557820, 1, 0, 0
12500, 8624267, 1, 0, 0
13005, 9353120, 1, 0, 0
13510, 9545019, 1, 0, 0
14016, 9411756, 1, 0, 0
14503, 9263549, 1, 0, 0
15007, 8990325, 1, 0, 0
15513, 8944851, 1, 0, 0
16000, 8735947, 1, 0, 0
16504, 8546987, 1, 0, 0
17010, 8466147, 1, 0, 0
17515, 8477997, 1, 0, 0
18000, 8264288, 1, 0, 0
18505, 8141597, 1, 0, 0
19009, 7956056, 1, 0, 0
19513, 7797535, 1, 0, 0
20000, 7692079, 1, 0, 0
20501, 7452670, 1, 0, 0
21004, 7484842, 1, 0, 0
21507, 7496449, 1, 0, 0
22012, 7460482, 1, 0, 0
22515, 7210594, 1, 0, 0
23000, 7208097, 1, 0, 0
23500, 6896826, 1, 0, 0
24003, 6820856, 1, 0, 0
24505, 6752387, 1, 0, 0
25006, 6502553, 1, 0, 0
25506, 6436838, 1, 0, 0
26008, 6507150, 1, 0, 0
26508, 6265609, 1, 0, 0
27008, 6147317, 1, 0, 0
27507, 5884406, 1, 0, 0
28004, 5663560, 1, 0, 0
28503, 5568890, 1, 0, 0
29002, 5411133, 1, 0, 0
29500, 5336777, 1, 0, 0
30014, 5006948, 1, 0, 0
30509, 4974852, 1, 0, 0
31003, 4790610, 1, 0, 0
31500, 4672307, 1, 0, 0
32007, 4284410, 1, 0, 0
32500, 4208534, 1, 0, 0
33004, 3893619, 1, 0, 0
33511, 3779019, 1, 0, 0
34000, 3455137, 1, 0, 0
34500, 3199176, 1, 0, 0
35008, 2925320, 1, 0, 0
35500, 2669864, 1, 0, 0
36000, 2197249, 1, 0, 0
36500, 1760628, 1, 0, 0
37000, 1117159, 1, 0, 0
37510, 2045645, 1, 0, 0
38000, 14323721, 1, 0, 0
38510, 13922379, 1, 0, 0
39000, 13283496, 1, 0, 0
39508, 12618431, 1, 0, 0
40000, 12125971, 1, 0, 0
40508, 11422594, 1, 0, 0
41015, 10885194, 1, 0, 0
41504, 10316127, 1, 0, 0
42010, 9802515, 1, 0, 0
42500, 9348391, 1, 0, 0
43004, 8986887, 1, 0, 0
43508, 8715555, 1, 0, 0
44013, 8583967, 1, 0, 0
44500, 9016353, 1, 0, 0
45007, 9640941, 1, 0, 0
45513, 9667273, 1, 0, 0
46000, 9397898, 1, 0, 0
46508, 9132309, 1, 0, 0
47014, 8906723, 1, 0, 0
47500, 8772790, 1, 0, 0
48005, 8489753, 1, 0, 0
48510, 8381558, 1, 0, 0
49016, 8273152, 1, 0, 0
49501, 8238249, 1, 0, 0
50008, 8201680, 1, 0, 0
50512, 8121955, 1, 0, 0
51000, 8117434, 1, 0, 0
51501, 7818157, 1, 0, 0
52007, 7698121, 1, 0, 0
52511, 7631032, 1, 0, 0
53014, 7573148, 1, 0, 0
53500, 7402775, 1, 0, 0
54000, 7259832, 1, 0, 0
54505, 7191124, 1, 0, 0
55009, 7073510, 1, 0, 0
55511, 6982645, 1, 0, 0
56013, 6826257, 1, 0, 0
56513, 6649970, 1, 0, 0
57014, 6550044, 1, 0, 0
57515, 6429472, 1, 0, 0
58000, 6363133, 1, 0, 0
58500, 6146531, 1, 0, 0
59000, 5893157, 1, 0, 0
59500, 5903170, 1, 0, 0
60000, 5663452, 1, 0, 0
60017, 17609953, 1, 0, 0
