500, 2505, 1, 0, 0
1000, 2517, 1, 0, 0
1500, 2496, 1, 0, 0
2000, 2495, 1, 0, 0
2500, 2491, 1, 0, 0
3000, 2494, 1, 0, 0
3500, 2493, 1, 0, 0
4000, 2521, 1, 0, 0
4500, 2492, 1, 0, 0
5000, 2528, 1, 0, 0
5515, 2496, 1, 0, 0
6008, 2575, 1, 0, 0
6500, 2564, 1, 0, 0
7008, 2567, 1, 0, 0
7500, 2591, 1, 0, 0
8011, 2584, 1, 0, 0
8501, 2554, 1, 0, 0
9010, 2636, 1, 0, 0
9517, 2549, 1, 0, 0
10005, 2547, 1, 0, 0
10512, 2535, 1, 0, 0
11000, 2534, 1, 0, 0
11505, 2542, 1, 0, 0
12013, 2534, 1, 0, 0
12500, 2541, 1, 0, 0
13005, 2540, 1, 0, 0
13510, 2517, 1, 0, 0
14016, 2579, 1, 0, 0
14503, 2548, 1, 0, 0
15007, 2579, 1, 0, 0
15513, 2544, 1, 0, 0
16000, 2543, 1, 0, 0
16504, 2557, 1, 0, 0
17010, 2564, 1, 0, 0
17515, 2538, 1, 0, 0
18000, 2529, 1, 0, 0
18505, 2544, 1, 0, 0
19009, 2548, 1, 0, 0
19513, 2537, 1, 0, 0
20000, 2526, 1, 0, 0
20501, 2540, 1, 0, 0
21004, 2548, 1, 0, 0
21507, 2517, 1, 0, 0
22012, 2535, 1, 0, 0
22515, 2528, 1, 0, 0
23000, 2539, 1, 0, 0
23500, 2560, 1, 0, 0
24003, 2552, 1, 0, 0
24505, 2558, 1, 0, 0
25006, 2568, 1, 0, 0
25506, 2540, 1, 0, 0
26008, 2546, 1, 0, 0
26508, 2520, 1, 0, 0
27008, 2570, 1, 0, 0
27507, 2551, 1, 0, 0
28004, 2544, 1, 0, 0
28503, 2554, 1, 0, 0
29002, 2549, 1, 0, 0
29500, 2554, 1, 0, 0
30014, 2557, 1, 0, 0
30509, 2549, 1, 0, 0
31003, 2527, 1, 0, 0
31500, 2527, 1, 0, 0
32007, 2593, 1, 0, 0
32500, 2583, 1, 0, 0
33004, 2521, 1, 0, 0
33511, 2527, 1, 0, 0
34000, 2513, 1, 0, 0
34500, 2526, 1, 0, 0
35008, 2530, 1, 0, 0
35500, 2517, 1, 0, 0
36000, 2513, 1, 0, 0
36500, 2500, 1, 0, 0
37000, 2520, 1, 0, 0
37510, 2534, 1, 0, 0
38000, 2535, 1, 0, 0
38510, 2543, 1, 0, 0
39000, 2540, 1, 0, 0
39508, 2552, 1, 0, 0
40000, 2531, 1, 0, 0
40508, 2567, 1, 0, 0
41015, 2519, 1, 0, 0
41504, 2528, 1, 0, 0
42010, 2558, 1, 0, 0
42500, 2539, 1, 0, 0
43004, 2531, 1, 0, 0
43508, 2516, 1, 0, 0
44013, 2526, 1, 0, 0
44500, 3196, 1, 0, 0
45007, 2820, 1, 0, 0
45513, 2524, 1, 0, 0
46000, 2526, 1, 0, 0
46508, 2533, 1, 0, 0
47014, 2550, 1, 0, 0
47500, 2543, 1, 0, 0
48005, 2542, 1, 0, 0
48510, 2525, 1, 0, 0
49016, 2546, 1, 0, 0
49501, 2525, 1, 0, 0
50008, 2533, 1, 0, 0
50512, 2824, 1, 0, 0
51000, 2594, 1, 0, 0
51501, 2550, 1, 0, 0
52007, 3275, 1, 0, 0
52511, 2865, 1, 0, 0
53014, 2529, 1, 0, 0
53500, 2542, 1, 0, 0
54000, 2536, 1, 0, 0
54505, 2542, 1, 0, 0
55009, 2540, 1, 0, 0
55511, 2521, 1, 0, 0
56013, 2531, 1, 0, 0
56513, 2533, 1, 0, 0
57014, 2535, 1, 0, 0
57515, 2535, 1, 0, 0
58000, 2536, 1, 0, 0
58500, 2548, 1, 0, 0
59000, 2542, 1, 0, 0
59500, 2532, 1, 0, 0
60017, 2532, 1, 0, 0
