[62217.488973] KSC2026-MARK map16k_bs64k_r1 insmod 1791437979861350533
[62217.501909] NVMeVirt: Version 1.10 for >> Samsung 970 Pro SSD <<
[62217.501918] NVMeVirt: Storage: 0x300100000-0x600000000 (12287 MiB)
[62217.512312] NVMeVirt: Total Capacity(GiB,MiB)=3,3072 chs=2 luns=4 lines=384 blk-size(MiB,KiB)=2,2048 line-size(MiB,KiB)=8,8192
[62217.512318] NVMeVirt: KSC2026: mapping unit=16384 B, flash page=32768 B, oneshot page=32768 B, pgs_per_blk=128, blks_per_pl=384, write buffer=1048576 B
[62217.517932] NVMeVirt: [chmodel_init] bandwidth 800 max_credits 26 tx_time 152
[62217.521341] NVMeVirt: [chmodel_init] bandwidth 800 max_credits 26 tx_time 152
[62217.521352] NVMeVirt: [chmodel_init] bandwidth 3360 max_credits 110 tx_time 36
[62217.521721] NVMeVirt: pqueue: Copyright (c) 2014, Volkan Yazıcı <volkan.yazici@gmail.com>. All rights reserved.
[62217.521722] NVMeVirt: Init FTL instance with 2 channels (196608 pages)
[62217.524820] NVMeVirt: [chmodel_init] bandwidth 800 max_credits 26 tx_time 152
[62217.527910] NVMeVirt: [chmodel_init] bandwidth 800 max_credits 26 tx_time 152
[62217.527921] NVMeVirt: [chmodel_init] bandwidth 3360 max_credits 110 tx_time 36
[62217.528249] NVMeVirt: Init FTL instance with 2 channels (196608 pages)
[62217.531369] NVMeVirt: [chmodel_init] bandwidth 800 max_credits 26 tx_time 152
[62217.534448] NVMeVirt: [chmodel_init] bandwidth 800 max_credits 26 tx_time 152
[62217.534459] NVMeVirt: [chmodel_init] bandwidth 3360 max_credits 110 tx_time 36
[62217.534806] NVMeVirt: Init FTL instance with 2 channels (196608 pages)
[62217.537850] NVMeVirt: [chmodel_init] bandwidth 800 max_credits 26 tx_time 152
[62217.540900] NVMeVirt: [chmodel_init] bandwidth 800 max_credits 26 tx_time 152
[62217.540911] NVMeVirt: [chmodel_init] bandwidth 3360 max_credits 110 tx_time 36
[62217.541243] NVMeVirt: Init FTL instance with 2 channels (196608 pages)
[62217.541246] NVMeVirt: FTL physical space: 12883853312, logical space: 12040984403 (physical/logical * 100 = 107)
[62217.541246] NVMeVirt: KSC2026: WBUF_FIX=0 GC_STATS=1
[62217.541247] NVMeVirt: ns 0/1: size 11483 MiB
[62217.541278] PCI host bridge to bus 0001:10
[62217.541279] pci_bus 0001:10: root bus resource [io  0x0000-0xffff]
[62217.541281] pci_bus 0001:10: root bus resource [mem 0x00000000-0x3fffffffffff]
[62217.541282] pci_bus 0001:10: root bus resource [bus 00-ff]
[62217.541288] pci 0001:10:00.0: [0c51:0110] type 00 class 0x010802 PCIe Endpoint
[62217.541290] pci 0001:10:00.0: BAR 0 [mem 0x300000000-0x300003fff 64bit]
[62217.541291] pci 0001:10:00.0: enabling Extended Tags
[62217.541389] NVMeVirt: Virtual PCI bus created (node 0)
[62217.541595] NVMeVirt: nvmev_io_worker_0 started on cpu 4 (node 0)
[62217.542123] NVMeVirt: nvmev_io_worker_1 started on cpu 5 (node 0)
[62217.542140] NVMeVirt: nvmev_dispatcher started on cpu 3 (node 0)
[62217.542604] nvme nvme1: pci function 0001:10:00.0
[62217.545911] nvme nvme1: 1/0/0 default/read/poll queues
[62217.546873] NVMeVirt: Virtual NVMe device created
[62223.573309] KSC2026-MARK map16k_bs64k_r1 fio-start 1791437985958868006
[62229.263138] NVMeVirt: KSC2026: first GC part=0 victim line=103 vpc=469 ipc=43 free_lines=2 host_pgs=194560
[62229.263183] NVMeVirt: KSC2026: first GC part=1 victim line=103 vpc=469 ipc=43 free_lines=2 host_pgs=194560
[62229.263221] NVMeVirt: KSC2026: first GC part=2 victim line=103 vpc=469 ipc=43 free_lines=2 host_pgs=194560
[62229.263259] NVMeVirt: KSC2026: first GC part=3 victim line=103 vpc=469 ipc=43 free_lines=2 host_pgs=194560
[62283.881258] KSC2026-MARK map16k_bs64k_r1 fio-end
[62283.885229] KSC2026-MARK map16k_bs64k_r1 rmmod 1791438046272202236
[62283.956905] pci_bus 0001:10: busn_res: [bus 10-ff] is released
[62283.957116] NVMeVirt: KSC2026: stats part=0 host_pgs=467073 gc_pgs=1180476 gc_cnt=2837 free_lines=2
[62283.957118] NVMeVirt: KSC2026: stats part=1 host_pgs=467073 gc_pgs=1180476 gc_cnt=2837 free_lines=2
[62283.957119] NVMeVirt: KSC2026: stats part=2 host_pgs=467073 gc_pgs=1180476 gc_cnt=2837 free_lines=2
[62283.957119] NVMeVirt: KSC2026: stats part=3 host_pgs=467073 gc_pgs=1180476 gc_cnt=2837 free_lines=2
[62283.984629] NVMeVirt: Virtual NVMe device closed
