500, 551150, 1, 0, 0
1000, 551120, 1, 0, 0
1500, 550572, 1, 0, 0
2000, 550046, 1, 0, 0
2500, 550144, 1, 0, 0
3000, 549286, 1, 0, 0
3500, 549124, 1, 0, 0
4000, 549544, 1, 0, 0
4500, 550214, 1, 0, 0
5000, 549122, 1, 0, 0
5500, 541626, 1, 0, 0
6000, 531900, 1, 0, 0
6501, 533576, 1, 0, 0
7000, 533010, 1, 0, 0
7500, 534012, 1, 0, 0
8000, 533142, 1, 0, 0
8500, 532836, 1, 0, 0
9000, 533484, 1, 0, 0
9500, 534040, 1, 0, 0
10000, 533504, 1, 0, 0
10500, 533224, 1, 0, 0
11000, 531368, 1, 0, 0
11500, 534620, 1, 0, 0
12000, 534420, 1, 0, 0
12500, 534270, 1, 0, 0
13000, 534280, 1, 0, 0
13500, 533910, 1, 0, 0
14000, 533768, 1, 0, 0
14500, 533708, 1, 0, 0
15000, 533692, 1, 0, 0
15500, 533566, 1, 0, 0
16000, 533312, 1, 0, 0
16500, 532354, 1, 0, 0
17000, 533596, 1, 0, 0
17500, 533908, 1, 0, 0
18000, 534562, 1, 0, 0
18500, 535120, 1, 0, 0
19000, 533292, 1, 0, 0
19500, 534328, 1, 0, 0
20000, 534598, 1, 0, 0
20500, 533972, 1, 0, 0
21000, 534428, 1, 0, 0
21500, 533494, 1, 0, 0
22000, 532704, 1, 0, 0
22500, 533708, 1, 0, 0
23000, 534524, 1, 0, 0
23500, 534428, 1, 0, 0
24000, 534134, 1, 0, 0
24500, 534978, 1, 0, 0
25000, 534104, 1, 0, 0
25500, 533900, 1, 0, 0
26000, 533885, 1, 0, 0
26500, 533062, 1, 0, 0
27000, 533522, 1, 0, 0
27500, 532192, 1, 0, 0
28000, 533694, 1, 0, 0
28500, 534248, 1, 0, 0
29000, 533146, 1, 0, 0
29500, 534990, 1, 0, 0
30000, 533470, 1, 0, 0
30500, 534716, 1, 0, 0
31000, 534310, 1, 0, 0
31500, 532954, 1, 0, 0
32000, 532408, 1, 0, 0
32500, 533904, 1, 0, 0
33000, 533554, 1, 0, 0
33500, 534206, 1, 0, 0
34000, 534460, 1, 0, 0
34500, 533818, 1, 0, 0
35000, 534222, 1, 0, 0
35500, 533501, 1, 0, 0
36000, 534014, 1, 0, 0
36500, 533658, 1, 0, 0
37000, 534198, 1, 0, 0
37500, 533716, 1, 0, 0
38000, 534228, 1, 0, 0
38500, 533644, 1, 0, 0
39000, 531808, 1, 0, 0
39500, 534572, 1, 0, 0
40000, 533692, 1, 0, 0
40500, 533120, 1, 0, 0
41000, 532498, 1, 0, 0
41500, 531568, 1, 0, 0
42000, 532724, 1, 0, 0
42500, 533080, 1, 0, 0
43000, 532644, 1, 0, 0
43500, 532948, 1, 0, 0
44000, 530972, 1, 0, 0
44500, 533775, 1, 0, 0
45000, 534276, 1, 0, 0
45500, 533448, 1, 0, 0
46000, 533184, 1, 0, 0
46500, 533394, 1, 0, 0
47000, 532910, 1, 0, 0
47500, 533220, 1, 0, 0
48000, 533524, 1, 0, 0
48500, 533476, 1, 0, 0
49000, 533308, 1, 0, 0
49500, 531612, 1, 0, 0
50000, 533416, 1, 0, 0
50500, 535068, 1, 0, 0
51000, 534358, 1, 0, 0
51500, 534842, 1, 0, 0
52000, 534302, 1, 0, 0
52500, 533696, 1, 0, 0
53000, 533586, 1, 0, 0
53500, 533932, 1, 0, 0
54000, 533801, 1, 0, 0
54500, 533686, 1, 0, 0
55000, 532288, 1, 0, 0
55500, 533458, 1, 0, 0
56000, 534348, 1, 0, 0
56500, 534808, 1, 0, 0
57000, 535100, 1, 0, 0
57500, 534058, 1, 0, 0
58000, 534076, 1, 0, 0
58500, 534750, 1, 0, 0
59000, 533400, 1, 0, 0
59500, 534458, 1, 0, 0
