500, 57177, 1, 0, 0
1000, 57165, 1, 0, 0
1500, 57212, 1, 0, 0
2000, 57271, 1, 0, 0
2500, 57262, 1, 0, 0
3000, 57355, 1, 0, 0
3500, 57370, 1, 0, 0
4000, 57325, 1, 0, 0
4500, 57255, 1, 0, 0
5000, 57367, 1, 0, 0
5500, 58143, 1, 0, 0
6000, 59202, 1, 0, 0
6500, 59015, 1, 0, 0
7000, 59073, 1, 0, 0
7500, 58967, 1, 0, 0
8000, 59062, 1, 0, 0
8500, 59097, 1, 0, 0
9000, 59027, 1, 0, 0
9500, 58963, 1, 0, 0
10000, 59025, 1, 0, 0
10500, 59055, 1, 0, 0
11000, 59255, 1, 0, 0
11500, 58903, 1, 0, 0
12000, 58922, 1, 0, 0
12500, 58939, 1, 0, 0
13000, 58938, 1, 0, 0
13500, 58982, 1, 0, 0
14000, 58995, 1, 0, 0
14500, 59004, 1, 0, 0
15000, 59005, 1, 0, 0
15500, 59018, 1, 0, 0
16000, 59046, 1, 0, 0
16500, 59145, 1, 0, 0
17000, 59015, 1, 0, 0
17500, 58978, 1, 0, 0
18000, 58907, 1, 0, 0
18500, 58846, 1, 0, 0
19000, 59049, 1, 0, 0
19500, 58933, 1, 0, 0
20000, 58906, 1, 0, 0
20500, 58972, 1, 0, 0
21000, 58924, 1, 0, 0
21500, 59025, 1, 0, 0
22000, 59107, 1, 0, 0
22500, 59002, 1, 0, 0
23000, 58910, 1, 0, 0
23500, 58927, 1, 0, 0
24000, 58953, 1, 0, 0
24500, 58861, 1, 0, 0
25000, 58959, 1, 0, 0
25500, 58982, 1, 0, 0
26000, 58982, 1, 0, 0
26500, 59075, 1, 0, 0
27000, 59026, 1, 0, 0
27500, 59158, 1, 0, 0
28000, 59005, 1, 0, 0
28500, 58942, 1, 0, 0
29000, 59063, 1, 0, 0
29500, 58861, 1, 0, 0
30000, 59029, 1, 0, 0
30500, 58893, 1, 0, 0
31000, 58937, 1, 0, 0
31500, 59082, 1, 0, 0
32000, 59147, 1, 0, 0
32500, 58986, 1, 0, 0
33000, 59012, 1, 0, 0
33500, 58947, 1, 0, 0
34000, 58920, 1, 0, 0
34500, 58989, 1, 0, 0
35000, 58949, 1, 0, 0
35500, 59023, 1, 0, 0
36000, 58969, 1, 0, 0
36500, 59005, 1, 0, 0
37000, 58951, 1, 0, 0
37500, 59003, 1, 0, 0
38000, 58943, 1, 0, 0
38500, 59003, 1, 0, 0
39000, 59201, 1, 0, 0
39500, 58904, 1, 0, 0
40000, 59005, 1, 0, 0
40500, 59067, 1, 0, 0
41000, 59136, 1, 0, 0
41500, 59237, 1, 0, 0
42000, 59114, 1, 0, 0
42500, 59075, 1, 0, 0
43000, 59119, 1, 0, 0
43500, 59087, 1, 0, 0
44000, 59302, 1, 0, 0
44500, 58993, 1, 0, 0
45000, 58938, 1, 0, 0
45500, 59028, 1, 0, 0
46000, 59058, 1, 0, 0
46500, 59034, 1, 0, 0
47000, 59089, 1, 0, 0
47500, 59055, 1, 0, 0
48000, 59020, 1, 0, 0
48500, 59027, 1, 0, 0
49000, 59047, 1, 0, 0
49500, 59218, 1, 0, 0
50000, 59032, 1, 0, 0
50500, 58853, 1, 0, 0
51000, 58928, 1, 0, 0
51500, 58874, 1, 0, 0
52000, 58938, 1, 0, 0
52500, 59002, 1, 0, 0
53000, 59017, 1, 0, 0
53500, 58978, 1, 0, 0
54000, 58994, 1, 0, 0
54500, 59004, 1, 0, 0
55000, 59152, 1, 0, 0
55500, 59029, 1, 0, 0
56000, 58932, 1, 0, 0
56500, 58881, 1, 0, 0
57000, 58849, 1, 0, 0
57500, 58962, 1, 0, 0
58000, 58960, 1, 0, 0
58500, 58891, 1, 0, 0
59000, 59036, 1, 0, 0
59500, 58919, 1, 0, 0
60000, 59009, 1, 0, 0
60000, 64924, 1, 0, 0
