500, 57941, 1, 0, 0
1000, 57929, 1, 0, 0
1500, 57979, 1, 0, 0
2000, 58036, 1, 0, 0
2500, 58025, 1, 0, 0
3000, 58119, 1, 0, 0
3500, 58134, 1, 0, 0
4000, 58089, 1, 0, 0
4500, 58018, 1, 0, 0
5000, 58131, 1, 0, 0
5500, 58932, 1, 0, 0
6000, 60022, 1, 0, 0
6500, 59831, 1, 0, 0
7000, 59895, 1, 0, 0
7500, 59783, 1, 0, 0
8000, 59880, 1, 0, 0
8500, 59914, 1, 0, 0
9000, 59843, 1, 0, 0
9500, 59778, 1, 0, 0
10000, 59842, 1, 0, 0
10500, 59871, 1, 0, 0
11000, 60072, 1, 0, 0
11500, 59717, 1, 0, 0
12000, 59736, 1, 0, 0
12500, 59755, 1, 0, 0
13000, 59752, 1, 0, 0
13500, 59795, 1, 0, 0
14000, 59808, 1, 0, 0
14500, 59816, 1, 0, 0
15000, 59818, 1, 0, 0
15500, 59831, 1, 0, 0
16000, 59860, 1, 0, 0
16500, 59962, 1, 0, 0
17000, 59832, 1, 0, 0
17500, 59796, 1, 0, 0
18000, 59720, 1, 0, 0
18500, 59659, 1, 0, 0
19000, 59863, 1, 0, 0
19500, 59746, 1, 0, 0
20000, 59719, 1, 0, 0
20500, 59786, 1, 0, 0
21000, 59736, 1, 0, 0
21500, 59840, 1, 0, 0
22000, 59924, 1, 0, 0
22500, 59819, 1, 0, 0
23000, 59723, 1, 0, 0
23500, 59740, 1, 0, 0
24000, 59768, 1, 0, 0
24500, 59673, 1, 0, 0
25000, 59772, 1, 0, 0
25500, 59797, 1, 0, 0
26000, 59795, 1, 0, 0
26500, 59890, 1, 0, 0
27000, 59839, 1, 0, 0
27500, 59979, 1, 0, 0
28000, 59820, 1, 0, 0
28500, 59755, 1, 0, 0
29000, 59882, 1, 0, 0
29500, 59673, 1, 0, 0
30000, 59843, 1, 0, 0
30500, 59704, 1, 0, 0
31000, 59749, 1, 0, 0
31500, 59900, 1, 0, 0
32000, 59964, 1, 0, 0
32500, 59797, 1, 0, 0
33000, 59826, 1, 0, 0
33500, 59763, 1, 0, 0
34000, 59733, 1, 0, 0
34500, 59803, 1, 0, 0
35000, 59762, 1, 0, 0
35500, 59838, 1, 0, 0
36000, 59782, 1, 0, 0
36500, 59822, 1, 0, 0
37000, 59764, 1, 0, 0
37500, 59818, 1, 0, 0
38000, 59756, 1, 0, 0
38500, 59819, 1, 0, 0
39000, 60031, 1, 0, 0
39500, 59718, 1, 0, 0
40000, 59820, 1, 0, 0
40500, 59883, 1, 0, 0
41000, 59952, 1, 0, 0
41500, 60058, 1, 0, 0
42000, 59929, 1, 0, 0
42500, 59890, 1, 0, 0
43000, 59936, 1, 0, 0
43500, 59902, 1, 0, 0
44000, 60120, 1, 0, 0
44500, 59810, 1, 0, 0
45000, 59753, 1, 0, 0
45500, 59846, 1, 0, 0
46000, 59876, 1, 0, 0
46500, 59853, 1, 0, 0
47000, 59905, 1, 0, 0
47500, 59874, 1, 0, 0
48000, 59836, 1, 0, 0
48500, 59843, 1, 0, 0
49000, 59862, 1, 0, 0
49500, 60046, 1, 0, 0
50000, 59849, 1, 0, 0
50500, 59666, 1, 0, 0
51000, 59743, 1, 0, 0
51500, 59688, 1, 0, 0
52000, 59752, 1, 0, 0
52500, 59816, 1, 0, 0
53000, 59833, 1, 0, 0
53500, 59792, 1, 0, 0
54000, 59807, 1, 0, 0
54500, 59818, 1, 0, 0
55000, 59969, 1, 0, 0
55500, 59846, 1, 0, 0
56000, 59746, 1, 0, 0
56500, 59696, 1, 0, 0
57000, 59662, 1, 0, 0
57500, 59777, 1, 0, 0
58000, 59775, 1, 0, 0
58500, 59704, 1, 0, 0
59000, 59851, 1, 0, 0
59500, 59732, 1, 0, 0
60000, 59823, 1, 0, 0
60000, 65732, 1, 0, 0
