500, 43694, 1, 0, 0
1000, 43218, 1, 0, 0
1500, 43898, 1, 0, 0
2000, 43444, 1, 0, 0
2500, 31708, 1, 0, 0
3000, 18732, 1, 0, 0
3500, 17014, 1, 0, 0
4000, 16794, 1, 0, 0
4500, 15458, 1, 0, 0
5000, 14462, 1, 0, 0
5500, 13570, 1, 0, 0
6000, 12442, 1, 0, 0
6500, 11492, 1, 0, 0
7000, 11554, 1, 0, 0
7500, 10526, 1, 0, 0
8000, 10116, 1, 0, 0
8500, 9928, 1, 0, 0
9000, 9590, 1, 0, 0
9500, 9178, 1, 0, 0
10000, 8868, 1, 0, 0
10500, 8414, 1, 0, 0
11001, 8230, 1, 0, 0
11500, 7705, 1, 0, 0
12000, 7776, 1, 0, 0
12500, 7518, 1, 0, 0
13000, 7286, 1, 0, 0
13500, 7148, 1, 0, 0
14000, 6906, 1, 0, 0
14500, 6920, 1, 0, 0
15000, 6678, 1, 0, 0
15500, 6506, 1, 0, 0
16000, 6426, 1, 0, 0
16500, 6374, 1, 0, 0
17000, 6304, 1, 0, 0
17500, 6200, 1, 0, 0
18000, 6076, 1, 0, 0
18500, 5916, 1, 0, 0
19000, 5956, 1, 0, 0
19500, 5766, 1, 0, 0
20000, 5534, 1, 0, 0
20500, 5592, 1, 0, 0
21000, 5652, 1, 0, 0
21500, 5414, 1, 0, 0
22000, 5062, 1, 0, 0
22500, 5218, 1, 0, 0
23000, 5276, 1, 0, 0
23500, 5340, 1, 0, 0
24000, 5168, 1, 0, 0
24500, 5122, 1, 0, 0
25000, 4946, 1, 0, 0
25500, 5094, 1, 0, 0
26000, 4812, 1, 0, 0
26500, 4868, 1, 0, 0
27000, 4800, 1, 0, 0
27500, 4830, 1, 0, 0
28000, 4760, 1, 0, 0
28500, 4710, 1, 0, 0
29000, 4642, 1, 0, 0
29500, 4680, 1, 0, 0
30000, 4502, 1, 0, 0
30500, 4298, 1, 0, 0
31000, 4490, 1, 0, 0
31500, 4490, 1, 0, 0
32000, 4384, 1, 0, 0
32500, 4450, 1, 0, 0
33000, 4414, 1, 0, 0
33500, 4294, 1, 0, 0
34000, 4310, 1, 0, 0
34500, 4164, 1, 0, 0
35000, 4174, 1, 0, 0
35500, 4224, 1, 0, 0
36000, 4152, 1, 0, 0
36500, 4142, 1, 0, 0
37000, 4190, 1, 0, 0
37500, 4174, 1, 0, 0
38000, 4102, 1, 0, 0
38500, 4172, 1, 0, 0
39000, 4142, 1, 0, 0
39500, 4066, 1, 0, 0
40000, 4090, 1, 0, 0
40500, 3918, 1, 0, 0
41000, 3922, 1, 0, 0
41500, 3834, 1, 0, 0
42000, 3962, 1, 0, 0
42500, 3998, 1, 0, 0
43000, 3838, 1, 0, 0
43500, 3866, 1, 0, 0
44000, 3868, 1, 0, 0
44500, 3824, 1, 0, 0
45000, 3828, 1, 0, 0
45500, 3832, 1, 0, 0
46000, 3820, 1, 0, 0
46500, 3808, 1, 0, 0
47000, 3642, 1, 0, 0
47500, 3750, 1, 0, 0
48000, 3650, 1, 0, 0
48500, 3818, 1, 0, 0
49000, 3712, 1, 0, 0
49500, 3778, 1, 0, 0
50000, 3524, 1, 0, 0
50500, 3664, 1, 0, 0
51000, 3826, 1, 0, 0
51500, 3664, 1, 0, 0
52000, 3661, 1, 0, 0
52500, 3684, 1, 0, 0
53000, 3622, 1, 0, 0
53500, 3534, 1, 0, 0
54000, 3612, 1, 0, 0
54500, 3350, 1, 0, 0
55000, 3588, 1, 0, 0
55500, 3552, 1, 0, 0
56000, 3584, 1, 0, 0
56500, 3552, 1, 0, 0
57000, 3498, 1, 0, 0
57500, 3562, 1, 0, 0
58000, 3580, 1, 0, 0
58500, 3408, 1, 0, 0
59000, 3450, 1, 0, 0
59500, 3544, 1, 0, 0
60000, 3496, 1, 0, 0
