500, 950, 1, 0, 0
1000, 942, 1, 0, 0
1500, 945, 1, 0, 0
2000, 942, 1, 0, 0
2500, 957, 1, 0, 0
3000, 977, 1, 0, 0
3500, 980, 1, 0, 0
4000, 980, 1, 0, 0
4500, 983, 1, 0, 0
5000, 978, 1, 0, 0
5502, 983, 1, 0, 0
6000, 982, 1, 0, 0
6500, 980, 1, 0, 0
7000, 982, 1, 0, 0
7500, 980, 1, 0, 0
8000, 985, 1, 0, 0
8500, 983, 1, 0, 0
9002, 977, 1, 0, 0
9502, 980, 1, 0, 0
10003, 975, 1, 0, 0
10500, 979, 1, 0, 0
11000, 973, 1, 0, 0
11500, 981, 1, 0, 0
12000, 993, 1, 0, 0
12500, 986, 1, 0, 0
13002, 985, 1, 0, 0
13500, 984, 1, 0, 0
14000, 982, 1, 0, 0
14503, 983, 1, 0, 0
15003, 982, 1, 0, 0
15501, 983, 1, 0, 0
16001, 973, 1, 0, 0
16500, 983, 1, 0, 0
17000, 984, 1, 0, 0
17500, 984, 1, 0, 0
18005, 983, 1, 0, 0
18504, 979, 1, 0, 0
19000, 979, 1, 0, 0
19500, 978, 1, 0, 0
20000, 983, 1, 0, 0
20501, 985, 1, 0, 0
21000, 984, 1, 0, 0
21500, 988, 1, 0, 0
22000, 991, 1, 0, 0
22503, 988, 1, 0, 0
23000, 989, 1, 0, 0
23500, 993, 1, 0, 0
24000, 987, 1, 0, 0
24500, 987, 1, 0, 0
25004, 987, 1, 0, 0
25506, 989, 1, 0, 0
26004, 989, 1, 0, 0
26500, 985, 1, 0, 0
27004, 993, 1, 0, 0
27503, 995, 1, 0, 0
28005, 992, 1, 0, 0
28500, 988, 1, 0, 0
29002, 989, 1, 0, 0
29505, 990, 1, 0, 0
30000, 1063, 1, 0, 0
30501, 996, 1, 0, 0
31004, 993, 1, 0, 0
31500, 986, 1, 0, 0
32000, 988, 1, 0, 0
32504, 993, 1, 0, 0
33001, 997, 1, 0, 0
33500, 998, 1, 0, 0
34000, 989, 1, 0, 0
34502, 996, 1, 0, 0
35000, 990, 1, 0, 0
35504, 990, 1, 0, 0
36005, 990, 1, 0, 0
36500, 988, 1, 0, 0
37000, 1004, 1, 0, 0
37500, 997, 1, 0, 0
38003, 1004, 1, 0, 0
38504, 995, 1, 0, 0
39004, 996, 1, 0, 0
39503, 993, 1, 0, 0
40000, 996, 1, 0, 0
40500, 993, 1, 0, 0
41000, 1006, 1, 0, 0
41500, 988, 1, 0, 0
42007, 999, 1, 0, 0
42500, 990, 1, 0, 0
43002, 1000, 1, 0, 0
43500, 1004, 1, 0, 0
44000, 1001, 1, 0, 0
44505, 996, 1, 0, 0
45002, 997, 1, 0, 0
45502, 998, 1, 0, 0
46005, 992, 1, 0, 0
46505, 993, 1, 0, 0
47000, 992, 1, 0, 0
47501, 988, 1, 0, 0
48005, 993, 1, 0, 0
48500, 999, 1, 0, 0
49000, 997, 1, 0, 0
49500, 1000, 1, 0, 0
50000, 1002, 1, 0, 0
50500, 995, 1, 0, 0
51000, 997, 1, 0, 0
51503, 993, 1, 0, 0
52001, 1003, 1, 0, 0
52505, 994, 1, 0, 0
53006, 992, 1, 0, 0
53500, 994, 1, 0, 0
54003, 1001, 1, 0, 0
54502, 994, 1, 0, 0
55000, 1012, 1, 0, 0
55503, 998, 1, 0, 0
56005, 994, 1, 0, 0
56500, 994, 1, 0, 0
57001, 997, 1, 0, 0
57505, 999, 1, 0, 0
58000, 999, 1, 0, 0
58503, 995, 1, 0, 0
59000, 1000, 1, 0, 0
59501, 995, 1, 0, 0
60006, 997, 1, 0, 0
