500, 732044, 1, 0, 0
1000, 740124, 1, 0, 0
1500, 728962, 1, 0, 0
2000, 736160, 1, 0, 0
2500, 1006789, 1, 0, 0
3000, 1709931, 1, 0, 0
3500, 1884226, 1, 0, 0
4000, 1900614, 1, 0, 0
4500, 2068803, 1, 0, 0
5000, 2210628, 1, 0, 0
5502, 2350624, 1, 0, 0
6000, 2588312, 1, 0, 0
6500, 2778313, 1, 0, 0
7000, 2769185, 1, 0, 0
7500, 3025759, 1, 0, 0
8000, 3178211, 1, 0, 0
8500, 3216616, 1, 0, 0
9002, 3318870, 1, 0, 0
9502, 3489131, 1, 0, 0
10003, 3611149, 1, 0, 0
10500, 3826445, 1, 0, 0
11000, 3897528, 1, 0, 0
11500, 4146473, 1, 0, 0
12000, 4070250, 1, 0, 0
12500, 4260184, 1, 0, 0
13002, 4398484, 1, 0, 0
13500, 4501042, 1, 0, 0
14000, 4631355, 1, 0, 0
14503, 4611790, 1, 0, 0
15003, 4787959, 1, 0, 0
15501, 4897970, 1, 0, 0
16001, 4985892, 1, 0, 0
16500, 5068683, 1, 0, 0
17000, 5068775, 1, 0, 0
17500, 5173431, 1, 0, 0
18005, 5250501, 1, 0, 0
18504, 5404186, 1, 0, 0
19000, 5380971, 1, 0, 0
19500, 5508449, 1, 0, 0
20000, 5751316, 1, 0, 0
20501, 5748545, 1, 0, 0
21000, 5712893, 1, 0, 0
21500, 5863950, 1, 0, 0
22000, 6320116, 1, 0, 0
22503, 6142707, 1, 0, 0
23000, 6092915, 1, 0, 0
23500, 6015049, 1, 0, 0
24000, 6198617, 1, 0, 0
24500, 6242864, 1, 0, 0
25004, 6424672, 1, 0, 0
25506, 6286409, 1, 0, 0
26004, 6640115, 1, 0, 0
26500, 6537736, 1, 0, 0
27004, 6683594, 1, 0, 0
27503, 6643954, 1, 0, 0
28005, 6746300, 1, 0, 0
28500, 6741850, 1, 0, 0
29002, 6903069, 1, 0, 0
29505, 6876742, 1, 0, 0
30000, 7146710, 1, 0, 0
30501, 7334130, 1, 0, 0
31004, 7171419, 1, 0, 0
31500, 7134181, 1, 0, 0
32000, 7248281, 1, 0, 0
32504, 7233539, 1, 0, 0
33001, 7233362, 1, 0, 0
33500, 7458578, 1, 0, 0
34000, 7424566, 1, 0, 0
34502, 7698632, 1, 0, 0
35000, 7634221, 1, 0, 0
35504, 7629338, 1, 0, 0
36005, 7692190, 1, 0, 0
36500, 7657608, 1, 0, 0
37000, 7748491, 1, 0, 0
37500, 7647760, 1, 0, 0
38003, 7768686, 1, 0, 0
38504, 7675804, 1, 0, 0
39004, 7720635, 1, 0, 0
39503, 7875153, 1, 0, 0
40000, 7779149, 1, 0, 0
40500, 8168162, 1, 0, 0
41000, 8232200, 1, 0, 0
41500, 8319872, 1, 0, 0
42007, 8106710, 1, 0, 0
42500, 7910310, 1, 0, 0
43002, 8339377, 1, 0, 0
43500, 8267878, 1, 0, 0
44000, 8314140, 1, 0, 0
44505, 8394483, 1, 0, 0
45002, 8313535, 1, 0, 0
45502, 8363375, 1, 0, 0
46005, 8413596, 1, 0, 0
46505, 8424620, 1, 0, 0
47000, 8639799, 1, 0, 0
47501, 8619994, 1, 0, 0
48005, 8837439, 1, 0, 0
48500, 8378815, 1, 0, 0
49000, 8628734, 1, 0, 0
49500, 8409604, 1, 0, 0
50000, 9131307, 1, 0, 0
50500, 8655292, 1, 0, 0
51000, 8424429, 1, 0, 0
51503, 8678746, 1, 0, 0
52001, 8747787, 1, 0, 0
52505, 8727093, 1, 0, 0
53006, 8851077, 1, 0, 0
53500, 8951410, 1, 0, 0
54003, 8910175, 1, 0, 0
54502, 9576395, 1, 0, 0
55000, 8918729, 1, 0, 0
55503, 8973604, 1, 0, 0
56005, 8970659, 1, 0, 0
56500, 9030014, 1, 0, 0
57001, 9070636, 1, 0, 0
57505, 9042342, 1, 0, 0
58000, 8869944, 1, 0, 0
58503, 9456927, 1, 0, 0
59000, 9214382, 1, 0, 0
59501, 9105665, 1, 0, 0
60004, 9117276, 1, 0, 0
60006, 10733935, 1, 0, 0
