500, 174776, 1, 0, 0
1000, 172872, 1, 0, 0
1500, 175592, 1, 0, 0
2000, 173776, 1, 0, 0
2500, 126832, 1, 0, 0
3000, 74928, 1, 0, 0
3500, 68056, 1, 0, 0
4000, 67176, 1, 0, 0
4500, 61832, 1, 0, 0
5000, 57848, 1, 0, 0
5500, 54280, 1, 0, 0
6000, 49768, 1, 0, 0
6500, 45968, 1, 0, 0
7000, 46216, 1, 0, 0
7500, 42104, 1, 0, 0
8000, 40464, 1, 0, 0
8500, 39712, 1, 0, 0
9000, 38360, 1, 0, 0
9500, 36712, 1, 0, 0
10000, 35472, 1, 0, 0
10500, 33656, 1, 0, 0
11001, 32920, 1, 0, 0
11500, 30821, 1, 0, 0
12000, 31104, 1, 0, 0
12500, 30072, 1, 0, 0
13000, 29144, 1, 0, 0
13500, 28592, 1, 0, 0
14000, 27624, 1, 0, 0
14500, 27680, 1, 0, 0
15000, 26712, 1, 0, 0
15500, 26024, 1, 0, 0
16000, 25704, 1, 0, 0
16500, 25496, 1, 0, 0
17000, 25216, 1, 0, 0
17500, 24800, 1, 0, 0
18000, 24304, 1, 0, 0
18500, 23664, 1, 0, 0
19000, 23824, 1, 0, 0
19500, 23064, 1, 0, 0
20000, 22136, 1, 0, 0
20500, 22368, 1, 0, 0
21000, 22608, 1, 0, 0
21500, 21656, 1, 0, 0
22000, 20248, 1, 0, 0
22500, 20872, 1, 0, 0
23000, 21104, 1, 0, 0
23500, 21360, 1, 0, 0
24000, 20672, 1, 0, 0
24500, 20488, 1, 0, 0
25000, 19784, 1, 0, 0
25500, 20376, 1, 0, 0
26000, 19248, 1, 0, 0
26500, 19472, 1, 0, 0
27000, 19200, 1, 0, 0
27500, 19320, 1, 0, 0
28000, 19040, 1, 0, 0
28500, 18840, 1, 0, 0
29000, 18568, 1, 0, 0
29500, 18720, 1, 0, 0
30000, 18008, 1, 0, 0
30500, 17192, 1, 0, 0
31000, 17960, 1, 0, 0
31500, 17960, 1, 0, 0
32000, 17536, 1, 0, 0
32500, 17803, 1, 0, 0
33000, 17656, 1, 0, 0
33500, 17176, 1, 0, 0
34000, 17240, 1, 0, 0
34500, 16656, 1, 0, 0
35000, 16696, 1, 0, 0
35500, 16896, 1, 0, 0
36000, 16608, 1, 0, 0
36500, 16568, 1, 0, 0
37000, 16760, 1, 0, 0
37500, 16696, 1, 0, 0
38000, 16408, 1, 0, 0
38500, 16688, 1, 0, 0
39000, 16568, 1, 0, 0
39500, 16264, 1, 0, 0
40000, 16360, 1, 0, 0
40500, 15672, 1, 0, 0
41000, 15688, 1, 0, 0
41500, 15336, 1, 0, 0
42000, 15848, 1, 0, 0
42500, 15992, 1, 0, 0
43000, 15352, 1, 0, 0
43500, 15464, 1, 0, 0
44000, 15472, 1, 0, 0
44500, 15296, 1, 0, 0
45000, 15312, 1, 0, 0
45500, 15328, 1, 0, 0
46000, 15280, 1, 0, 0
46500, 15232, 1, 0, 0
47000, 14568, 1, 0, 0
47500, 15000, 1, 0, 0
48000, 14600, 1, 0, 0
48500, 15272, 1, 0, 0
49000, 14848, 1, 0, 0
49500, 15112, 1, 0, 0
50000, 14096, 1, 0, 0
50500, 14656, 1, 0, 0
51000, 15304, 1, 0, 0
51500, 14656, 1, 0, 0
52000, 14645, 1, 0, 0
52500, 14736, 1, 0, 0
53000, 14488, 1, 0, 0
53500, 14136, 1, 0, 0
54000, 14448, 1, 0, 0
54500, 13400, 1, 0, 0
55000, 14352, 1, 0, 0
55500, 14208, 1, 0, 0
56000, 14336, 1, 0, 0
56500, 14208, 1, 0, 0
57000, 13992, 1, 0, 0
57500, 14248, 1, 0, 0
58000, 14320, 1, 0, 0
58500, 13632, 1, 0, 0
59000, 13800, 1, 0, 0
59500, 14176, 1, 0, 0
60000, 13984, 1, 0, 0
