500, 445620, 1, 0, 0
1000, 445976, 1, 0, 0
1500, 445976, 1, 0, 0
2000, 445976, 1, 0, 0
2500, 445946, 1, 0, 0
3000, 445961, 1, 0, 0
3500, 445963, 1, 0, 0
4000, 445973, 1, 0, 0
4500, 445971, 1, 0, 0
5000, 445956, 1, 0, 0
5517, 482172, 1, 0, 0
6010, 7417991, 1, 0, 0
6503, 7485044, 1, 0, 0
7013, 7164510, 1, 0, 0
7504, 6780893, 1, 0, 0
8017, 6506898, 1, 0, 0
8508, 6115792, 1, 0, 0
9000, 5753625, 1, 0, 0
9507, 5471309, 1, 0, 0
10016, 5158316, 1, 0, 0
10505, 4870549, 1, 0, 0
11013, 4590177, 1, 0, 0
11502, 4388563, 1, 0, 0
12010, 4246617, 1, 0, 0
12500, 4278358, 1, 0, 0
13010, 4738396, 1, 0, 0
13500, 4852326, 1, 0, 0
14008, 4753889, 1, 0, 0
14516, 4700535, 1, 0, 0
15003, 4576646, 1, 0, 0
15511, 4492408, 1, 0, 0
16000, 4385554, 1, 0, 0
16509, 4338395, 1, 0, 0
17000, 4347965, 1, 0, 0
17505, 4100724, 1, 0, 0
18013, 4156952, 1, 0, 0
18500, 4075398, 1, 0, 0
19006, 4073166, 1, 0, 0
19513, 4024629, 1, 0, 0
20000, 3956686, 1, 0, 0
20507, 3879205, 1, 0, 0
21013, 3879145, 1, 0, 0
21500, 3791888, 1, 0, 0
22005, 3687990, 1, 0, 0
22509, 3604909, 1, 0, 0
23015, 3613980, 1, 0, 0
23501, 3552072, 1, 0, 0
24007, 3449901, 1, 0, 0
24511, 3380140, 1, 0, 0
25015, 3412691, 1, 0, 0
25501, 3318802, 1, 0, 0
26006, 3262689, 1, 0, 0
26509, 3131125, 1, 0, 0
27013, 3078589, 1, 0, 0
27500, 3062389, 1, 0, 0
28000, 2944164, 1, 0, 0
28501, 2841091, 1, 0, 0
29004, 2795357, 1, 0, 0
29504, 2722388, 1, 0, 0
30005, 2657635, 1, 0, 0
30505, 2551847, 1, 0, 0
31004, 2484706, 1, 0, 0
31501, 2374634, 1, 0, 0
32000, 2311691, 1, 0, 0
32513, 2118525, 1, 0, 0
33009, 2095062, 1, 0, 0
33503, 1981568, 1, 0, 0
34000, 1868821, 1, 0, 0
34504, 1712984, 1, 0, 0
35010, 1609432, 1, 0, 0
35500, 1471387, 1, 0, 0
36000, 1301567, 1, 0, 0
36500, 1116338, 1, 0, 0
37000, 886590, 1, 0, 0
37500, 541343, 1, 0, 0
38010, 1278585, 1, 0, 0
38504, 7781674, 1, 0, 0
39014, 7398313, 1, 0, 0
39507, 7011402, 1, 0, 0
40000, 6791538, 1, 0, 0
40511, 6170400, 1, 0, 0
41001, 5962531, 1, 0, 0
41511, 5608487, 1, 0, 0
42000, 5304123, 1, 0, 0
42509, 5006973, 1, 0, 0
43000, 4773082, 1, 0, 0
43504, 4445810, 1, 0, 0
44013, 4261137, 1, 0, 0
44500, 4169326, 1, 0, 0
45009, 4579083, 1, 0, 0
45500, 5095805, 1, 0, 0
46009, 4760781, 1, 0, 0
46500, 4796040, 1, 0, 0
47007, 4452343, 1, 0, 0
47515, 4409310, 1, 0, 0
48003, 4351633, 1, 0, 0
48511, 4294049, 1, 0, 0
49000, 4292120, 1, 0, 0
49505, 4098442, 1, 0, 0
50012, 4116571, 1, 0, 0
50500, 4181669, 1, 0, 0
51004, 3987377, 1, 0, 0
51511, 4067999, 1, 0, 0
52000, 4023663, 1, 0, 0
52504, 3950404, 1, 0, 0
53010, 3803611, 1, 0, 0
53516, 3795954, 1, 0, 0
54002, 3770225, 1, 0, 0
54509, 3749819, 1, 0, 0
55015, 3653431, 1, 0, 0
55501, 3553842, 1, 0, 0
56007, 3538434, 1, 0, 0
56512, 3437367, 1, 0, 0
57000, 3387869, 1, 0, 0
57501, 3261624, 1, 0, 0
58007, 3269154, 1, 0, 0
58511, 3223636, 1, 0, 0
59015, 3191231, 1, 0, 0
59500, 3157473, 1, 0, 0
60002, 2908587, 1, 0, 0
60003, 17071835, 1, 0, 0
