500, 2287616, 1, 0, 0
1000, 2286848, 1, 0, 0
1500, 2286848, 1, 0, 0
2000, 2286912, 1, 0, 0
2500, 2286784, 1, 0, 0
3000, 2286592, 1, 0, 0
3500, 2287040, 1, 0, 0
4000, 2286976, 1, 0, 0
4500, 2286784, 1, 0, 0
5000, 2286656, 1, 0, 0
5500, 2111936, 1, 0, 0
6000, 136192, 1, 0, 0
6500, 134656, 1, 0, 0
7000, 145920, 1, 0, 0
7500, 148224, 1, 0, 0
8000, 161280, 1, 0, 0
8500, 164864, 1, 0, 0
9000, 181098, 1, 0, 0
9500, 183808, 1, 0, 0
10000, 201984, 1, 0, 0
10500, 205568, 1, 0, 0
11000, 226560, 1, 0, 0
11500, 228096, 1, 0, 0
12000, 244992, 1, 0, 0
12500, 237376, 1, 0, 0
13000, 217280, 1, 0, 0
13500, 208128, 1, 0, 0
14000, 217344, 1, 0, 0
14500, 221184, 1, 0, 0
15000, 218112, 1, 0, 0
15500, 231424, 1, 0, 0
16000, 228992, 1, 0, 0
16500, 239488, 1, 0, 0
17000, 242048, 1, 0, 0
17500, 240512, 1, 0, 0
18000, 250368, 1, 0, 0
18500, 249088, 1, 0, 0
19000, 250112, 1, 0, 0
19500, 257536, 1, 0, 0
20000, 252665, 1, 0, 0
20500, 267264, 1, 0, 0
21000, 267520, 1, 0, 0
21500, 262912, 1, 0, 0
22000, 279808, 1, 0, 0
22500, 286464, 1, 0, 0
23000, 286464, 1, 0, 0
23500, 280320, 1, 0, 0
24000, 299776, 1, 0, 0
24500, 305408, 1, 0, 0
25000, 302592, 1, 0, 0
25500, 299776, 1, 0, 0
26000, 316672, 1, 0, 0
26500, 328960, 1, 0, 0
27000, 334848, 1, 0, 0
27500, 336384, 1, 0, 0
28000, 338816, 1, 0, 0
28500, 359040, 1, 0, 0
29000, 368128, 1, 0, 0
29500, 376817, 1, 0, 0
30000, 385536, 1, 0, 0
30500, 400896, 1, 0, 0
31000, 410880, 1, 0, 0
31500, 429312, 1, 0, 0
32000, 455104, 1, 0, 0
32500, 481344, 1, 0, 0
33000, 484096, 1, 0, 0
33500, 510720, 1, 0, 0
34000, 560576, 1, 0, 0
34500, 585280, 1, 0, 0
35000, 643840, 1, 0, 0
35500, 700096, 1, 0, 0
36000, 783424, 1, 0, 0
36500, 899520, 1, 0, 0
37000, 1175808, 1, 0, 0
37500, 1885248, 1, 0, 0
38000, 784640, 1, 0, 0
38500, 130048, 1, 0, 0
39000, 141312, 1, 0, 0
39500, 144160, 1, 0, 0
40000, 153920, 1, 0, 0
40500, 163776, 1, 0, 0
41000, 168192, 1, 0, 0
41500, 186112, 1, 0, 0
42000, 189184, 1, 0, 0
42500, 208128, 1, 0, 0
43000, 219136, 1, 0, 0
43500, 223232, 1, 0, 0
44000, 244224, 1, 0, 0
44500, 239232, 1, 0, 0
45000, 227200, 1, 0, 0
45500, 206784, 1, 0, 0
46000, 209216, 1, 0, 0
46500, 219072, 1, 0, 0
47000, 223040, 1, 0, 0
47500, 235776, 1, 0, 0
48000, 229632, 1, 0, 0
48500, 242432, 1, 0, 0
49000, 244416, 1, 0, 0
49500, 240929, 1, 0, 0
50000, 252160, 1, 0, 0
50500, 247488, 1, 0, 0
51000, 249920, 1, 0, 0
51500, 254720, 1, 0, 0
52000, 257280, 1, 0, 0
52500, 252928, 1, 0, 0
53000, 272128, 1, 0, 0
53500, 272896, 1, 0, 0
54000, 263936, 1, 0, 0
54500, 276736, 1, 0, 0
55000, 283392, 1, 0, 0
55500, 280064, 1, 0, 0
56000, 292864, 1, 0, 0
56500, 300800, 1, 0, 0
57000, 307968, 1, 0, 0
57500, 301312, 1, 0, 0
58000, 316416, 1, 0, 0
58501, 320000, 1, 0, 0
59000, 323975, 1, 0, 0
59500, 321984, 1, 0, 0
60000, 344896, 1, 0, 0
