500, 71488, 1, 0, 0
1000, 71464, 1, 0, 0
1500, 71464, 1, 0, 0
2000, 71466, 1, 0, 0
2500, 71462, 1, 0, 0
3000, 71456, 1, 0, 0
3500, 71470, 1, 0, 0
4000, 71468, 1, 0, 0
4500, 71462, 1, 0, 0
5000, 71458, 1, 0, 0
5500, 65998, 1, 0, 0
6000, 4256, 1, 0, 0
6500, 4208, 1, 0, 0
7000, 4560, 1, 0, 0
7500, 4632, 1, 0, 0
8000, 5040, 1, 0, 0
8500, 5152, 1, 0, 0
9000, 5659, 1, 0, 0
9500, 5744, 1, 0, 0
10000, 6312, 1, 0, 0
10500, 6424, 1, 0, 0
11000, 7080, 1, 0, 0
11500, 7128, 1, 0, 0
12000, 7656, 1, 0, 0
12500, 7418, 1, 0, 0
13000, 6790, 1, 0, 0
13500, 6504, 1, 0, 0
14000, 6792, 1, 0, 0
14500, 6912, 1, 0, 0
15000, 6816, 1, 0, 0
15500, 7232, 1, 0, 0
16000, 7156, 1, 0, 0
16500, 7484, 1, 0, 0
17000, 7564, 1, 0, 0
17500, 7516, 1, 0, 0
18000, 7824, 1, 0, 0
18500, 7784, 1, 0, 0
19000, 7816, 1, 0, 0
19500, 8048, 1, 0, 0
20000, 7895, 1, 0, 0
20500, 8352, 1, 0, 0
21000, 8360, 1, 0, 0
21500, 8216, 1, 0, 0
22000, 8744, 1, 0, 0
22500, 8952, 1, 0, 0
23000, 8952, 1, 0, 0
23500, 8760, 1, 0, 0
24000, 9368, 1, 0, 0
24500, 9544, 1, 0, 0
25000, 9456, 1, 0, 0
25500, 9368, 1, 0, 0
26000, 9896, 1, 0, 0
26500, 10280, 1, 0, 0
27000, 10464, 1, 0, 0
27500, 10512, 1, 0, 0
28000, 10588, 1, 0, 0
28500, 11220, 1, 0, 0
29000, 11504, 1, 0, 0
29500, 11775, 1, 0, 0
30000, 12048, 1, 0, 0
30500, 12528, 1, 0, 0
31000, 12840, 1, 0, 0
31500, 13416, 1, 0, 0
32000, 14222, 1, 0, 0
32500, 15042, 1, 0, 0
33000, 15128, 1, 0, 0
33500, 15960, 1, 0, 0
34000, 17518, 1, 0, 0
34500, 18290, 1, 0, 0
35000, 20120, 1, 0, 0
35500, 21878, 1, 0, 0
36000, 24482, 1, 0, 0
36500, 28110, 1, 0, 0
37000, 36744, 1, 0, 0
37500, 58914, 1, 0, 0
38000, 24520, 1, 0, 0
38500, 4064, 1, 0, 0
39000, 4416, 1, 0, 0
39500, 4505, 1, 0, 0
40000, 4810, 1, 0, 0
40500, 5118, 1, 0, 0
41000, 5256, 1, 0, 0
41500, 5816, 1, 0, 0
42000, 5912, 1, 0, 0
42500, 6504, 1, 0, 0
43000, 6848, 1, 0, 0
43500, 6976, 1, 0, 0
44000, 7632, 1, 0, 0
44500, 7476, 1, 0, 0
45000, 7100, 1, 0, 0
45500, 6462, 1, 0, 0
46000, 6538, 1, 0, 0
46500, 6846, 1, 0, 0
47000, 6970, 1, 0, 0
47500, 7368, 1, 0, 0
48000, 7176, 1, 0, 0
48500, 7576, 1, 0, 0
49000, 7638, 1, 0, 0
49500, 7529, 1, 0, 0
50000, 7880, 1, 0, 0
50500, 7734, 1, 0, 0
51000, 7810, 1, 0, 0
51500, 7960, 1, 0, 0
52000, 8040, 1, 0, 0
52500, 7904, 1, 0, 0
53000, 8504, 1, 0, 0
53500, 8528, 1, 0, 0
54000, 8248, 1, 0, 0
54500, 8648, 1, 0, 0
55000, 8856, 1, 0, 0
55500, 8752, 1, 0, 0
56000, 9152, 1, 0, 0
56500, 9400, 1, 0, 0
57000, 9624, 1, 0, 0
57500, 9416, 1, 0, 0
58000, 9888, 1, 0, 0
58501, 10000, 1, 0, 0
59000, 10124, 1, 0, 0
59500, 10062, 1, 0, 0
60000, 10778, 1, 0, 0
