500, 1641, 1, 0, 0
1000, 1624, 1, 0, 0
1500, 1620, 1, 0, 0
2000, 1620, 1, 0, 0
2500, 1648, 1, 0, 0
3000, 1630, 1, 0, 0
3500, 1629, 1, 0, 0
4000, 1620, 1, 0, 0
4500, 1621, 1, 0, 0
5000, 1627, 1, 0, 0
5517, 1674, 1, 0, 0
6010, 1647, 1, 0, 0
6503, 1658, 1, 0, 0
7013, 1647, 1, 0, 0
7504, 1675, 1, 0, 0
8017, 1690, 1, 0, 0
8508, 1634, 1, 0, 0
9000, 1643, 1, 0, 0
9507, 1643, 1, 0, 0
10016, 1628, 1, 0, 0
10505, 1677, 1, 0, 0
11013, 1662, 1, 0, 0
11502, 1671, 1, 0, 0
12010, 1648, 1, 0, 0
12500, 1638, 1, 0, 0
13010, 1638, 1, 0, 0
13500, 1651, 1, 0, 0
14008, 1641, 1, 0, 0
14516, 1665, 1, 0, 0
15003, 1629, 1, 0, 0
15511, 1652, 1, 0, 0
16000, 1621, 1, 0, 0
16509, 1631, 1, 0, 0
17000, 1629, 1, 0, 0
17505, 1638, 1, 0, 0
18013, 1626, 1, 0, 0
18500, 1670, 1, 0, 0
19006, 1615, 1, 0, 0
19513, 1648, 1, 0, 0
20000, 1644, 1, 0, 0
20507, 1665, 1, 0, 0
21013, 1636, 1, 0, 0
21500, 1671, 1, 0, 0
22005, 1638, 1, 0, 0
22509, 1658, 1, 0, 0
23015, 1640, 1, 0, 0
23501, 1667, 1, 0, 0
24007, 1640, 1, 0, 0
24511, 2271, 1, 0, 0
25015, 1631, 1, 0, 0
25501, 1645, 1, 0, 0
26006, 1652, 1, 0, 0
26509, 1638, 1, 0, 0
27013, 1631, 1, 0, 0
27500, 1703, 1, 0, 0
28000, 1629, 1, 0, 0
28501, 1634, 1, 0, 0
29004, 1630, 1, 0, 0
29504, 1635, 1, 0, 0
30005, 1625, 1, 0, 0
30505, 1641, 1, 0, 0
31004, 1631, 1, 0, 0
31501, 1630, 1, 0, 0
32000, 1626, 1, 0, 0
32513, 1638, 1, 0, 0
33009, 1625, 1, 0, 0
33503, 1626, 1, 0, 0
34000, 1628, 1, 0, 0
34504, 1628, 1, 0, 0
35010, 1619, 1, 0, 0
35500, 1627, 1, 0, 0
36000, 1623, 1, 0, 0
36500, 1623, 1, 0, 0
37000, 1619, 1, 0, 0
37500, 1614, 1, 0, 0
38010, 1618, 1, 0, 0
38504, 1664, 1, 0, 0
39014, 1650, 1, 0, 0
39507, 1680, 1, 0, 0
40000, 1662, 1, 0, 0
40511, 1664, 1, 0, 0
41001, 1648, 1, 0, 0
41511, 1659, 1, 0, 0
42000, 1644, 1, 0, 0
42509, 1636, 1, 0, 0
43000, 1640, 1, 0, 0
43504, 1645, 1, 0, 0
44013, 1653, 1, 0, 0
44500, 1690, 1, 0, 0
45009, 1656, 1, 0, 0
45500, 1660, 1, 0, 0
46009, 1666, 1, 0, 0
46500, 1650, 1, 0, 0
47007, 1639, 1, 0, 0
47515, 1644, 1, 0, 0
48003, 1686, 1, 0, 0
48511, 1642, 1, 0, 0
49000, 1636, 1, 0, 0
49505, 1658, 1, 0, 0
50012, 1661, 1, 0, 0
50500, 1695, 1, 0, 0
51004, 1677, 1, 0, 0
51511, 1772, 1, 0, 0
52000, 1639, 1, 0, 0
52504, 1640, 1, 0, 0
53010, 1627, 1, 0, 0
53516, 1644, 1, 0, 0
54002, 1662, 1, 0, 0
54509, 1649, 1, 0, 0
55015, 1647, 1, 0, 0
55501, 1641, 1, 0, 0
56007, 1633, 1, 0, 0
56512, 1639, 1, 0, 0
57000, 1639, 1, 0, 0
57501, 1691, 1, 0, 0
58007, 1784, 1, 0, 0
58511, 1621, 1, 0, 0
59015, 1647, 1, 0, 0
59500, 1633, 1, 0, 0
60003, 1626, 1, 0, 0
