500, 447261, 1, 0, 0
1000, 447599, 1, 0, 0
1500, 447596, 1, 0, 0
2000, 447596, 1, 0, 0
2500, 447593, 1, 0, 0
3000, 447591, 1, 0, 0
3500, 447592, 1, 0, 0
4000, 447593, 1, 0, 0
4500, 447592, 1, 0, 0
5000, 447584, 1, 0, 0
5517, 483846, 1, 0, 0
6010, 7419638, 1, 0, 0
6503, 7486701, 1, 0, 0
7013, 7166157, 1, 0, 0
7504, 6782568, 1, 0, 0
8017, 6508587, 1, 0, 0
8508, 6117427, 1, 0, 0
9000, 5755267, 1, 0, 0
9507, 5472953, 1, 0, 0
10016, 5159943, 1, 0, 0
10505, 4872226, 1, 0, 0
11013, 4591838, 1, 0, 0
11502, 4390234, 1, 0, 0
12010, 4248266, 1, 0, 0
12500, 4279995, 1, 0, 0
13010, 4740034, 1, 0, 0
13500, 4853977, 1, 0, 0
14008, 4755530, 1, 0, 0
14516, 4702200, 1, 0, 0
15003, 4578275, 1, 0, 0
15511, 4494060, 1, 0, 0
16000, 4387175, 1, 0, 0
16509, 4340026, 1, 0, 0
17000, 4349593, 1, 0, 0
17505, 4102362, 1, 0, 0
18013, 4158578, 1, 0, 0
18500, 4077068, 1, 0, 0
19006, 4074781, 1, 0, 0
19513, 4026277, 1, 0, 0
20000, 3958330, 1, 0, 0
20507, 3880870, 1, 0, 0
21013, 3880780, 1, 0, 0
21500, 3793560, 1, 0, 0
22005, 3689628, 1, 0, 0
22509, 3606568, 1, 0, 0
23015, 3615619, 1, 0, 0
23501, 3553740, 1, 0, 0
24007, 3451542, 1, 0, 0
24511, 3382411, 1, 0, 0
25015, 3414321, 1, 0, 0
25501, 3320447, 1, 0, 0
26006, 3264341, 1, 0, 0
26509, 3132764, 1, 0, 0
27013, 3080220, 1, 0, 0
27500, 3064093, 1, 0, 0
28000, 2945793, 1, 0, 0
28501, 2842726, 1, 0, 0
29004, 2796987, 1, 0, 0
29504, 2724023, 1, 0, 0
30005, 2659260, 1, 0, 0
30505, 2553488, 1, 0, 0
31004, 2486337, 1, 0, 0
31501, 2376264, 1, 0, 0
32000, 2313317, 1, 0, 0
32513, 2120163, 1, 0, 0
33009, 2096687, 1, 0, 0
33503, 1983194, 1, 0, 0
34000, 1870449, 1, 0, 0
34504, 1714612, 1, 0, 0
35010, 1611051, 1, 0, 0
35500, 1473013, 1, 0, 0
36000, 1303190, 1, 0, 0
36500, 1117961, 1, 0, 0
37000, 888209, 1, 0, 0
37500, 542957, 1, 0, 0
38010, 1280204, 1, 0, 0
38504, 7783338, 1, 0, 0
39014, 7399962, 1, 0, 0
39507, 7013081, 1, 0, 0
40000, 6793199, 1, 0, 0
40511, 6172065, 1, 0, 0
41001, 5964180, 1, 0, 0
41511, 5610147, 1, 0, 0
42000, 5305768, 1, 0, 0
42509, 5008609, 1, 0, 0
43000, 4774722, 1, 0, 0
43504, 4447455, 1, 0, 0
44013, 4262790, 1, 0, 0
44500, 4171016, 1, 0, 0
45009, 4580739, 1, 0, 0
45500, 5097464, 1, 0, 0
46009, 4762447, 1, 0, 0
46500, 4797691, 1, 0, 0
47007, 4453983, 1, 0, 0
47515, 4410953, 1, 0, 0
48003, 4353320, 1, 0, 0
48511, 4295691, 1, 0, 0
49000, 4293756, 1, 0, 0
49505, 4100100, 1, 0, 0
50012, 4118232, 1, 0, 0
50500, 4183364, 1, 0, 0
51004, 3989051, 1, 0, 0
51511, 4069774, 1, 0, 0
52000, 4025302, 1, 0, 0
52504, 3952044, 1, 0, 0
53010, 3805239, 1, 0, 0
53516, 3797598, 1, 0, 0
54002, 3771887, 1, 0, 0
54509, 3751467, 1, 0, 0
55015, 3655078, 1, 0, 0
55501, 3555483, 1, 0, 0
56007, 3540068, 1, 0, 0
56512, 3439006, 1, 0, 0
57000, 3389507, 1, 0, 0
57501, 3263315, 1, 0, 0
58007, 3270938, 1, 0, 0
58511, 3225257, 1, 0, 0
59015, 3192878, 1, 0, 0
59500, 3159106, 1, 0, 0
60002, 2910214, 1, 0, 0
60003, 17073426, 1, 0, 0
