500, 1657, 1, 0, 0
1000, 1652, 1, 0, 0
1500, 1658, 1, 0, 0
2000, 1652, 1, 0, 0
2500, 1645, 1, 0, 0
3000, 1656, 1, 0, 0
3500, 1659, 1, 0, 0
4000, 1660, 1, 0, 0
4500, 1655, 1, 0, 0
5000, 1651, 1, 0, 0
5500, 1658, 1, 0, 0
6000, 1673, 1, 0, 0
6512, 1681, 1, 0, 0
7001, 1690, 1, 0, 0
7509, 1685, 1, 0, 0
8000, 1679, 1, 0, 0
8509, 1689, 1, 0, 0
9012, 1683, 1, 0, 0
9500, 1678, 1, 0, 0
10004, 1672, 1, 0, 0
10508, 1664, 1, 0, 0
11015, 1665, 1, 0, 0
11501, 1675, 1, 0, 0
12007, 1678, 1, 0, 0
12505, 1677, 1, 0, 0
13000, 1667, 1, 0, 0
13511, 1665, 1, 0, 0
14000, 1670, 1, 0, 0
14500, 1665, 1, 0, 0
15004, 1679, 1, 0, 0
15511, 1670, 1, 0, 0
16013, 1677, 1, 0, 0
16508, 1664, 1, 0, 0
17009, 1670, 1, 0, 0
17513, 1659, 1, 0, 0
18009, 1672, 1, 0, 0
18514, 1662, 1, 0, 0
19003, 1675, 1, 0, 0
19500, 1676, 1, 0, 0
20000, 1672, 1, 0, 0
20506, 1666, 1, 0, 0
21011, 1680, 1, 0, 0
21511, 1677, 1, 0, 0
22007, 1680, 1, 0, 0
22514, 1686, 1, 0, 0
23012, 1688, 1, 0, 0
23506, 1680, 1, 0, 0
24011, 1688, 1, 0, 0
24500, 1671, 1, 0, 0
25000, 1671, 1, 0, 0
25501, 1674, 1, 0, 0
26008, 1681, 1, 0, 0
26500, 1681, 1, 0, 0
27006, 1671, 1, 0, 0
27511, 1684, 1, 0, 0
28000, 1677, 1, 0, 0
28500, 1674, 1, 0, 0
29006, 1679, 1, 0, 0
29500, 1677, 1, 0, 0
30000, 1677, 1, 0, 0
30514, 1679, 1, 0, 0
31014, 1685, 1, 0, 0
31500, 1694, 1, 0, 0
32004, 1678, 1, 0, 0
32502, 1674, 1, 0, 0
33007, 1672, 1, 0, 0
33509, 1672, 1, 0, 0
34011, 1676, 1, 0, 0
34507, 1669, 1, 0, 0
35009, 1669, 1, 0, 0
35505, 1672, 1, 0, 0
36008, 1681, 1, 0, 0
36513, 1675, 1, 0, 0
37010, 1677, 1, 0, 0
37504, 1673, 1, 0, 0
38011, 1681, 1, 0, 0
38500, 1675, 1, 0, 0
39010, 1678, 1, 0, 0
39501, 1666, 1, 0, 0
40001, 1674, 1, 0, 0
40510, 1675, 1, 0, 0
41004, 1672, 1, 0, 0
41508, 1678, 1, 0, 0
42007, 1675, 1, 0, 0
42504, 1674, 1, 0, 0
43007, 1676, 1, 0, 0
43500, 1672, 1, 0, 0
44002, 1668, 1, 0, 0
44500, 1663, 1, 0, 0
45004, 1663, 1, 0, 0
45515, 1688, 1, 0, 0
46007, 1691, 1, 0, 0
46500, 1684, 1, 0, 0
47012, 1680, 1, 0, 0
47501, 1674, 1, 0, 0
48012, 1686, 1, 0, 0
48501, 1686, 1, 0, 0
49002, 1694, 1, 0, 0
49503, 1684, 1, 0, 0
50005, 1679, 1, 0, 0
50511, 1684, 1, 0, 0
51000, 1674, 1, 0, 0
51507, 1680, 1, 0, 0
52010, 1675, 1, 0, 0
52506, 1669, 1, 0, 0
53010, 1670, 1, 0, 0
53514, 1672, 1, 0, 0
54000, 1681, 1, 0, 0
54508, 1672, 1, 0, 0
55003, 1681, 1, 0, 0
55507, 1662, 1, 0, 0
56004, 1679, 1, 0, 0
56515, 1670, 1, 0, 0
57006, 1672, 1, 0, 0
57515, 1669, 1, 0, 0
58009, 1675, 1, 0, 0
58513, 1668, 1, 0, 0
59006, 1675, 1, 0, 0
59508, 1665, 1, 0, 0
60000, 1671, 1, 0, 0
