500, 2228288, 1, 0, 0
1000, 2230080, 1, 0, 0
1500, 2231040, 1, 0, 0
2000, 2222784, 1, 0, 0
2500, 2204096, 1, 0, 0
3000, 2237632, 1, 0, 0
3500, 2221376, 1, 0, 0
4000, 2216704, 1, 0, 0
4500, 2229312, 1, 0, 0
5000, 2221632, 1, 0, 0
5500, 2234880, 1, 0, 0
6000, 584704, 1, 0, 0
6500, 144128, 1, 0, 0
7000, 139136, 1, 0, 0
7500, 146560, 1, 0, 0
8000, 158144, 1, 0, 0
8500, 165952, 1, 0, 0
9000, 160000, 1, 0, 0
9500, 172569, 1, 0, 0
10000, 185664, 1, 0, 0
10500, 191488, 1, 0, 0
11000, 213888, 1, 0, 0
11500, 212608, 1, 0, 0
12000, 183936, 1, 0, 0
12500, 208896, 1, 0, 0
13000, 205312, 1, 0, 0
13500, 192896, 1, 0, 0
14000, 207168, 1, 0, 0
14500, 195776, 1, 0, 0
15000, 208256, 1, 0, 0
15500, 225920, 1, 0, 0
16000, 212992, 1, 0, 0
16500, 196992, 1, 0, 0
17000, 217472, 1, 0, 0
17500, 196224, 1, 0, 0
18000, 213888, 1, 0, 0
18500, 240512, 1, 0, 0
19000, 199040, 1, 0, 0
19500, 223360, 1, 0, 0
20000, 227456, 1, 0, 0
20500, 201984, 1, 0, 0
21000, 256128, 1, 0, 0
21500, 245120, 1, 0, 0
22000, 234880, 1, 0, 0
22500, 219136, 1, 0, 0
23000, 199936, 1, 0, 0
23500, 238464, 1, 0, 0
24000, 178560, 1, 0, 0
24500, 277632, 1, 0, 0
25000, 218496, 1, 0, 0
25500, 278060, 1, 0, 0
26000, 257024, 1, 0, 0
26500, 262656, 1, 0, 0
27000, 268800, 1, 0, 0
27500, 260736, 1, 0, 0
28000, 269376, 1, 0, 0
28500, 261632, 1, 0, 0
29000, 189760, 1, 0, 0
29500, 300800, 1, 0, 0
30000, 326016, 1, 0, 0
30500, 285056, 1, 0, 0
31000, 244864, 1, 0, 0
31500, 217088, 1, 0, 0
32000, 276736, 1, 0, 0
32500, 219520, 1, 0, 0
33000, 241536, 1, 0, 0
33500, 236544, 1, 0, 0
34000, 244480, 1, 0, 0
34500, 284416, 1, 0, 0
35000, 266496, 1, 0, 0
35500, 254592, 1, 0, 0
36000, 245376, 1, 0, 0
36500, 309248, 1, 0, 0
37000, 296448, 1, 0, 0
37500, 306688, 1, 0, 0
38000, 320256, 1, 0, 0
38500, 366656, 1, 0, 0
39000, 315072, 1, 0, 0
39500, 375168, 1, 0, 0
40000, 336768, 1, 0, 0
40500, 395904, 1, 0, 0
41000, 483142, 1, 0, 0
41500, 418432, 1, 0, 0
42000, 510464, 1, 0, 0
42500, 587264, 1, 0, 0
43000, 638976, 1, 0, 0
43500, 662720, 1, 0, 0
44000, 820928, 1, 0, 0
44500, 1238784, 1, 0, 0
45000, 1652480, 1, 0, 0
45500, 139648, 1, 0, 0
46000, 137216, 1, 0, 0
46500, 142976, 1, 0, 0
47000, 156160, 1, 0, 0
47500, 158208, 1, 0, 0
48000, 173056, 1, 0, 0
48500, 171392, 1, 0, 0
49000, 167424, 1, 0, 0
49500, 174080, 1, 0, 0
50000, 191232, 1, 0, 0
50500, 211072, 1, 0, 0
51000, 175552, 1, 0, 0
51500, 233792, 1, 0, 0
52000, 183936, 1, 0, 0
52500, 202112, 1, 0, 0
53000, 213120, 1, 0, 0
53500, 204672, 1, 0, 0
54000, 202112, 1, 0, 0
54500, 218496, 1, 0, 0
55000, 189696, 1, 0, 0
55500, 218752, 1, 0, 0
56000, 206208, 1, 0, 0
56500, 201234, 1, 0, 0
57000, 194432, 1, 0, 0
57500, 206208, 1, 0, 0
58000, 211456, 1, 0, 0
58500, 192256, 1, 0, 0
59000, 204032, 1, 0, 0
59500, 235904, 1, 0, 0
60000, 202816, 1, 0, 0
