500, 69634, 1, 0, 0
1000, 69688, 1, 0, 0
1500, 69720, 1, 0, 0
2000, 69462, 1, 0, 0
2500, 68878, 1, 0, 0
3000, 69926, 1, 0, 0
3500, 69418, 1, 0, 0
4000, 69272, 1, 0, 0
4500, 69666, 1, 0, 0
5000, 69426, 1, 0, 0
5500, 69840, 1, 0, 0
6000, 18272, 1, 0, 0
6500, 4504, 1, 0, 0
7000, 4348, 1, 0, 0
7500, 4580, 1, 0, 0
8000, 4942, 1, 0, 0
8500, 5186, 1, 0, 0
9000, 5000, 1, 0, 0
9500, 5392, 1, 0, 0
10000, 5802, 1, 0, 0
10500, 5984, 1, 0, 0
11000, 6684, 1, 0, 0
11500, 6644, 1, 0, 0
12000, 5748, 1, 0, 0
12500, 6528, 1, 0, 0
13000, 6416, 1, 0, 0
13500, 6028, 1, 0, 0
14000, 6474, 1, 0, 0
14500, 6118, 1, 0, 0
15000, 6508, 1, 0, 0
15500, 7060, 1, 0, 0
16000, 6656, 1, 0, 0
16500, 6156, 1, 0, 0
17000, 6796, 1, 0, 0
17500, 6132, 1, 0, 0
18000, 6684, 1, 0, 0
18500, 7516, 1, 0, 0
19000, 6220, 1, 0, 0
19500, 6980, 1, 0, 0
20000, 7108, 1, 0, 0
20500, 6312, 1, 0, 0
21000, 8004, 1, 0, 0
21500, 7660, 1, 0, 0
22000, 7340, 1, 0, 0
22500, 6848, 1, 0, 0
23000, 6248, 1, 0, 0
23500, 7452, 1, 0, 0
24000, 5580, 1, 0, 0
24500, 8676, 1, 0, 0
25000, 6828, 1, 0, 0
25500, 8689, 1, 0, 0
26000, 8032, 1, 0, 0
26500, 8208, 1, 0, 0
27000, 8400, 1, 0, 0
27500, 8148, 1, 0, 0
28000, 8418, 1, 0, 0
28500, 8176, 1, 0, 0
29000, 5930, 1, 0, 0
29500, 9400, 1, 0, 0
30000, 10188, 1, 0, 0
30500, 8908, 1, 0, 0
31000, 7652, 1, 0, 0
31500, 6784, 1, 0, 0
32000, 8648, 1, 0, 0
32500, 6860, 1, 0, 0
33000, 7548, 1, 0, 0
33500, 7392, 1, 0, 0
34000, 7640, 1, 0, 0
34500, 8888, 1, 0, 0
35000, 8328, 1, 0, 0
35500, 7956, 1, 0, 0
36000, 7668, 1, 0, 0
36500, 9664, 1, 0, 0
37000, 9264, 1, 0, 0
37500, 9584, 1, 0, 0
38000, 10008, 1, 0, 0
38500, 11458, 1, 0, 0
39000, 9846, 1, 0, 0
39500, 11724, 1, 0, 0
40000, 10524, 1, 0, 0
40500, 12372, 1, 0, 0
41000, 15098, 1, 0, 0
41500, 13076, 1, 0, 0
42000, 15952, 1, 0, 0
42500, 18352, 1, 0, 0
43000, 19968, 1, 0, 0
43500, 20710, 1, 0, 0
44000, 25654, 1, 0, 0
44500, 38712, 1, 0, 0
45000, 51640, 1, 0, 0
45500, 4364, 1, 0, 0
46000, 4288, 1, 0, 0
46500, 4468, 1, 0, 0
47000, 4880, 1, 0, 0
47500, 4944, 1, 0, 0
48000, 5408, 1, 0, 0
48500, 5356, 1, 0, 0
49000, 5232, 1, 0, 0
49500, 5440, 1, 0, 0
50000, 5976, 1, 0, 0
50500, 6596, 1, 0, 0
51000, 5486, 1, 0, 0
51500, 7306, 1, 0, 0
52000, 5748, 1, 0, 0
52500, 6316, 1, 0, 0
53000, 6660, 1, 0, 0
53500, 6396, 1, 0, 0
54000, 6316, 1, 0, 0
54500, 6828, 1, 0, 0
55000, 5928, 1, 0, 0
55500, 6836, 1, 0, 0
56000, 6444, 1, 0, 0
56500, 6288, 1, 0, 0
57000, 6076, 1, 0, 0
57500, 6444, 1, 0, 0
58000, 6608, 1, 0, 0
58500, 6008, 1, 0, 0
59000, 6376, 1, 0, 0
59500, 7372, 1, 0, 0
60000, 6338, 1, 0, 0
