500, 457691, 1, 0, 0
1000, 457340, 1, 0, 0
1500, 457120, 1, 0, 0
2000, 458831, 1, 0, 0
2500, 462745, 1, 0, 0
3000, 455724, 1, 0, 0
3500, 459163, 1, 0, 0
4000, 460131, 1, 0, 0
4500, 457375, 1, 0, 0
5000, 458973, 1, 0, 0
5500, 456470, 1, 0, 0
6000, 1681013, 1, 0, 0
6512, 7269120, 1, 0, 0
7001, 7193919, 1, 0, 0
7509, 7103505, 1, 0, 0
8000, 6682374, 1, 0, 0
8509, 5984478, 1, 0, 0
9012, 6435187, 1, 0, 0
9500, 5994870, 1, 0, 0
10004, 5381394, 1, 0, 0
10508, 5385404, 1, 0, 0
11015, 4855227, 1, 0, 0
11501, 4690532, 1, 0, 0
12007, 5639863, 1, 0, 0
12505, 4866768, 1, 0, 0
13000, 4941085, 1, 0, 0
13511, 5407191, 1, 0, 0
14000, 4889663, 1, 0, 0
14500, 5336643, 1, 0, 0
15004, 4802456, 1, 0, 0
15511, 4594665, 1, 0, 0
16013, 4829728, 1, 0, 0
16508, 5146136, 1, 0, 0
17009, 4704985, 1, 0, 0
17513, 5273938, 1, 0, 0
18009, 4740273, 1, 0, 0
18514, 4293270, 1, 0, 0
19003, 5034544, 1, 0, 0
19500, 4557578, 1, 0, 0
20000, 4515790, 1, 0, 0
20506, 5101138, 1, 0, 0
21011, 4039708, 1, 0, 0
21511, 4186745, 1, 0, 0
22007, 4321283, 1, 0, 0
22514, 4721549, 1, 0, 0
23012, 5107759, 1, 0, 0
23506, 4243072, 1, 0, 0
24011, 5789429, 1, 0, 0
24500, 3725650, 1, 0, 0
25000, 4603766, 1, 0, 0
25501, 3637511, 1, 0, 0
26008, 4040196, 1, 0, 0
26500, 3954367, 1, 0, 0
27006, 3746329, 1, 0, 0
27511, 3951482, 1, 0, 0
28000, 3847857, 1, 0, 0
28500, 3902297, 1, 0, 0
29006, 5293253, 1, 0, 0
29500, 3471579, 1, 0, 0
30000, 3130528, 1, 0, 0
30514, 3586340, 1, 0, 0
31014, 4179639, 1, 0, 0
31500, 4613979, 1, 0, 0
32004, 3713701, 1, 0, 0
32502, 4643825, 1, 0, 0
33007, 4276584, 1, 0, 0
33509, 4334758, 1, 0, 0
34011, 4217406, 1, 0, 0
34507, 3560963, 1, 0, 0
35009, 3867457, 1, 0, 0
35505, 3988061, 1, 0, 0
36008, 4188337, 1, 0, 0
36513, 3340845, 1, 0, 0
37010, 3439766, 1, 0, 0
37504, 3290676, 1, 0, 0
38011, 3246119, 1, 0, 0
38500, 2826735, 1, 0, 0
39010, 3201783, 1, 0, 0
39501, 2681023, 1, 0, 0
40001, 3039090, 1, 0, 0
40510, 2628658, 1, 0, 0
41004, 2101753, 1, 0, 0
41508, 2465710, 1, 0, 0
42007, 2002266, 1, 0, 0
42504, 1737134, 1, 0, 0
43007, 1606562, 1, 0, 0
43500, 1553478, 1, 0, 0
44002, 1235910, 1, 0, 0
44500, 829968, 1, 0, 0
45004, 603069, 1, 0, 0
45515, 7479295, 1, 0, 0
46007, 7348633, 1, 0, 0
46500, 7059332, 1, 0, 0
47012, 6701037, 1, 0, 0
47501, 6347573, 1, 0, 0
48012, 6040350, 1, 0, 0
48501, 5844011, 1, 0, 0
49002, 6123845, 1, 0, 0
49503, 5909130, 1, 0, 0
50005, 5369271, 1, 0, 0
50511, 4904280, 1, 0, 0
51000, 5714168, 1, 0, 0
51507, 4435074, 1, 0, 0
52010, 5597309, 1, 0, 0
52506, 5026184, 1, 0, 0
53010, 4832941, 1, 0, 0
53514, 5035566, 1, 0, 0
54000, 4951329, 1, 0, 0
54508, 4736698, 1, 0, 0
55003, 5342418, 1, 0, 0
55507, 4714952, 1, 0, 0
56004, 4950658, 1, 0, 0
56515, 5200979, 1, 0, 0
57006, 5163347, 1, 0, 0
57515, 5058996, 1, 0, 0
58009, 4786778, 1, 0, 0
58513, 5360374, 1, 0, 0
59006, 4943357, 1, 0, 0
59508, 4358391, 1, 0, 0
60000, 4975751, 1, 0, 0
60000, 16998565, 1, 0, 0
