[70382.826534] KSC2026-MARK map16k_bs32k_r3 insmod 1791446145341695782
[70382.835655] NVMeVirt: Version 1.10 for >> Samsung 970 Pro SSD <<
[70382.835665] NVMeVirt: Storage: 0x300100000-0x600000000 (12287 MiB)
[70382.846391] NVMeVirt: Total Capacity(GiB,MiB)=3,3072 chs=2 luns=4 lines=384 blk-size(MiB,KiB)=2,2048 line-size(MiB,KiB)=8,8192
[70382.846396] NVMeVirt: KSC2026: mapping unit=16384 B, flash page=32768 B, oneshot page=32768 B, pgs_per_blk=128, blks_per_pl=384, write buffer=1048576 B
[70382.852122] NVMeVirt: [chmodel_init] bandwidth 800 max_credits 26 tx_time 152
[70382.855581] NVMeVirt: [chmodel_init] bandwidth 800 max_credits 26 tx_time 152
[70382.855593] NVMeVirt: [chmodel_init] bandwidth 3360 max_credits 110 tx_time 36
[70382.855965] NVMeVirt: pqueue: Copyright (c) 2014, Volkan Yazıcı <volkan.yazici@gmail.com>. All rights reserved.
[70382.855967] NVMeVirt: Init FTL instance with 2 channels (196608 pages)
[70382.859065] NVMeVirt: [chmodel_init] bandwidth 800 max_credits 26 tx_time 152
[70382.862190] NVMeVirt: [chmodel_init] bandwidth 800 max_credits 26 tx_time 152
[70382.862201] NVMeVirt: [chmodel_init] bandwidth 3360 max_credits 110 tx_time 36
[70382.862538] NVMeVirt: Init FTL instance with 2 channels (196608 pages)
[70382.865642] NVMeVirt: [chmodel_init] bandwidth 800 max_credits 26 tx_time 152
[70382.868707] NVMeVirt: [chmodel_init] bandwidth 800 max_credits 26 tx_time 152
[70382.868719] NVMeVirt: [chmodel_init] bandwidth 3360 max_credits 110 tx_time 36
[70382.869070] NVMeVirt: Init FTL instance with 2 channels (196608 pages)
[70382.872147] NVMeVirt: [chmodel_init] bandwidth 800 max_credits 26 tx_time 152
[70382.875226] NVMeVirt: [chmodel_init] bandwidth 800 max_credits 26 tx_time 152
[70382.875238] NVMeVirt: [chmodel_init] bandwidth 3360 max_credits 110 tx_time 36
[70382.875572] NVMeVirt: Init FTL instance with 2 channels (196608 pages)
[70382.875576] NVMeVirt: FTL physical space: 12883853312, logical space: 12040984403 (physical/logical * 100 = 107)
[70382.875577] NVMeVirt: KSC2026: WBUF_FIX=1 GC_STATS=1
[70382.875577] NVMeVirt: ns 0/1: size 11483 MiB
[70382.875609] PCI host bridge to bus 0001:10
[70382.875611] pci_bus 0001:10: root bus resource [io  0x0000-0xffff]
[70382.875612] pci_bus 0001:10: root bus resource [mem 0x00000000-0x3fffffffffff]
[70382.875613] pci_bus 0001:10: root bus resource [bus 00-ff]
[70382.875619] pci 0001:10:00.0: [0c51:0110] type 00 class 0x010802 PCIe Endpoint
[70382.875622] pci 0001:10:00.0: BAR 0 [mem 0x300000000-0x300003fff 64bit]
[70382.875623] pci 0001:10:00.0: enabling Extended Tags
[70382.875720] NVMeVirt: Virtual PCI bus created (node 0)
[70382.875928] NVMeVirt: nvmev_io_worker_0 started on cpu 4 (node 0)
[70382.876109] NVMeVirt: nvmev_io_worker_1 started on cpu 5 (node 0)
[70382.876121] NVMeVirt: nvmev_dispatcher started on cpu 3 (node 0)
[70382.876596] nvme nvme1: pci function 0001:10:00.0
[70382.878671] nvme nvme1: 1/0/0 default/read/poll queues
[70382.881599] NVMeVirt: Virtual NVMe device created
[70383.918455] tee (73182): drop_caches: 3
[70388.959414] KSC2026-MARK map16k_bs32k_r3 fio-start 1791446151473269818
[70394.834725] NVMeVirt: KSC2026: first GC part=0 victim line=152 vpc=465 ipc=47 free_lines=2 host_pgs=194560
[70394.834771] NVMeVirt: KSC2026: first GC part=1 victim line=152 vpc=465 ipc=47 free_lines=2 host_pgs=194560
[70394.856203] NVMeVirt: KSC2026: first GC part=2 victim line=344 vpc=469 ipc=43 free_lines=2 host_pgs=194560
[70394.856243] NVMeVirt: KSC2026: first GC part=3 victim line=344 vpc=469 ipc=43 free_lines=2 host_pgs=194560
[70449.995300] KSC2026-MARK map16k_bs32k_r3 fio-end
[70449.999268] KSC2026-MARK map16k_bs32k_r3 rmmod 1791446212519746887
[70450.077391] pci_bus 0001:10: busn_res: [bus 10-ff] is released
[70450.077465] NVMeVirt: KSC2026: stats part=0 host_pgs=423763 gc_pgs=981646 gc_cnt=2364 free_lines=2
[70450.077467] NVMeVirt: KSC2026: stats part=1 host_pgs=423763 gc_pgs=981646 gc_cnt=2364 free_lines=2
[70450.077467] NVMeVirt: KSC2026: stats part=2 host_pgs=423503 gc_pgs=979311 gc_cnt=2359 free_lines=2
[70450.077468] NVMeVirt: KSC2026: stats part=3 host_pgs=423503 gc_pgs=979311 gc_cnt=2359 free_lines=2
[70450.105079] NVMeVirt: Virtual NVMe device closed
