500, 459363, 1, 0, 0
1000, 458997, 1, 0, 0
1500, 458778, 1, 0, 0
2000, 460491, 1, 0, 0
2500, 464389, 1, 0, 0
3000, 457369, 1, 0, 0
3500, 460811, 1, 0, 0
4000, 461793, 1, 0, 0
4500, 459029, 1, 0, 0
5000, 460632, 1, 0, 0
5500, 458132, 1, 0, 0
6000, 1681886, 1, 0, 0
6511, 7258984, 1, 0, 0
7000, 7252231, 1, 0, 0
7507, 7044862, 1, 0, 0
8000, 6638443, 1, 0, 0
8510, 6043713, 1, 0, 0
9012, 6432845, 1, 0, 0
9500, 5979621, 1, 0, 0
10005, 5419256, 1, 0, 0
10509, 5390293, 1, 0, 0
11015, 4846470, 1, 0, 0
11501, 4692518, 1, 0, 0
12007, 5634340, 1, 0, 0
12509, 4703655, 1, 0, 0
13004, 4945275, 1, 0, 0
13517, 5446612, 1, 0, 0
14003, 5039524, 1, 0, 0
14503, 5210970, 1, 0, 0
15008, 4945429, 1, 0, 0
15507, 5131849, 1, 0, 0
16012, 4846581, 1, 0, 0
16503, 5391112, 1, 0, 0
17004, 4730525, 1, 0, 0
17507, 4407924, 1, 0, 0
18010, 5287013, 1, 0, 0
18508, 5756067, 1, 0, 0
19000, 4936011, 1, 0, 0
19500, 5445614, 1, 0, 0
20001, 5342062, 1, 0, 0
20509, 4052414, 1, 0, 0
21001, 4717737, 1, 0, 0
21506, 5019904, 1, 0, 0
22000, 4799264, 1, 0, 0
22504, 4787623, 1, 0, 0
23007, 4802214, 1, 0, 0
23508, 6076585, 1, 0, 0
24011, 3970409, 1, 0, 0
24500, 5818363, 1, 0, 0
25000, 3842856, 1, 0, 0
25501, 4449478, 1, 0, 0
26009, 5201239, 1, 0, 0
26507, 4488714, 1, 0, 0
27000, 4737162, 1, 0, 0
27505, 4078673, 1, 0, 0
28011, 4812694, 1, 0, 0
28513, 4041020, 1, 0, 0
29005, 4273870, 1, 0, 0
29511, 4490720, 1, 0, 0
30000, 4501110, 1, 0, 0
30514, 3250456, 1, 0, 0
31000, 4445615, 1, 0, 0
31500, 4127786, 1, 0, 0
32006, 3995421, 1, 0, 0
32509, 3374997, 1, 0, 0
33008, 3328887, 1, 0, 0
33500, 2983238, 1, 0, 0
34009, 3861795, 1, 0, 0
34509, 3723393, 1, 0, 0
35000, 3337574, 1, 0, 0
35500, 3314764, 1, 0, 0
36003, 3548131, 1, 0, 0
36506, 2562167, 1, 0, 0
37011, 3692661, 1, 0, 0
37508, 2870643, 1, 0, 0
38008, 3030231, 1, 0, 0
38508, 3296642, 1, 0, 0
39000, 3047301, 1, 0, 0
39500, 2847795, 1, 0, 0
40004, 2546879, 1, 0, 0
40510, 2667109, 1, 0, 0
41000, 2826279, 1, 0, 0
41504, 2529436, 1, 0, 0
42008, 2017046, 1, 0, 0
42500, 1929883, 1, 0, 0
43008, 1805668, 1, 0, 0
43501, 1759424, 1, 0, 0
44005, 1493191, 1, 0, 0
44500, 1018782, 1, 0, 0
45000, 560857, 1, 0, 0
45513, 1565975, 1, 0, 0
46001, 7822684, 1, 0, 0
46511, 7219437, 1, 0, 0
47002, 7011625, 1, 0, 0
47512, 6542495, 1, 0, 0
48004, 6243491, 1, 0, 0
48513, 5999985, 1, 0, 0
49000, 5956687, 1, 0, 0
49500, 5923118, 1, 0, 0
50004, 5406051, 1, 0, 0
50515, 6021463, 1, 0, 0
51000, 4952095, 1, 0, 0
51500, 5330631, 1, 0, 0
52000, 4801964, 1, 0, 0
52512, 5211815, 1, 0, 0
53012, 4914282, 1, 0, 0
53503, 4832019, 1, 0, 0
54007, 5154830, 1, 0, 0
54507, 5207996, 1, 0, 0
55014, 5827521, 1, 0, 0
55513, 5104339, 1, 0, 0
56010, 4829467, 1, 0, 0
56510, 4624080, 1, 0, 0
57000, 5485657, 1, 0, 0
57506, 5077671, 1, 0, 0
58011, 4282890, 1, 0, 0
58511, 4561232, 1, 0, 0
59003, 4828987, 1, 0, 0
59507, 4456828, 1, 0, 0
60000, 5063806, 1, 0, 0
60000, 1845321, 1, 0, 0
