500, 1695, 1, 0, 0
1000, 1667, 1, 0, 0
1500, 1660, 1, 0, 0
2000, 1662, 1, 0, 0
2500, 1660, 1, 0, 0
3000, 1660, 1, 0, 0
3500, 1662, 1, 0, 0
4000, 1665, 1, 0, 0
4500, 1661, 1, 0, 0
5000, 1668, 1, 0, 0
5500, 1660, 1, 0, 0
6000, 1675, 1, 0, 0
6511, 1707, 1, 0, 0
7000, 1699, 1, 0, 0
7507, 1702, 1, 0, 0
8000, 1690, 1, 0, 0
8510, 1695, 1, 0, 0
9012, 1706, 1, 0, 0
9500, 1687, 1, 0, 0
10005, 1680, 1, 0, 0
10509, 1686, 1, 0, 0
11015, 1682, 1, 0, 0
11501, 1673, 1, 0, 0
12007, 1682, 1, 0, 0
12509, 1679, 1, 0, 0
13004, 1677, 1, 0, 0
13517, 1684, 1, 0, 0
14003, 1678, 1, 0, 0
14503, 1678, 1, 0, 0
15008, 1674, 1, 0, 0
15507, 1677, 1, 0, 0
16012, 1682, 1, 0, 0
16503, 1673, 1, 0, 0
17004, 1670, 1, 0, 0
17507, 1671, 1, 0, 0
18010, 1685, 1, 0, 0
18508, 1680, 1, 0, 0
19000, 1673, 1, 0, 0
19500, 1677, 1, 0, 0
20001, 1671, 1, 0, 0
20509, 1672, 1, 0, 0
21001, 1675, 1, 0, 0
21506, 1687, 1, 0, 0
22000, 1687, 1, 0, 0
22504, 1671, 1, 0, 0
23007, 1685, 1, 0, 0
23508, 1673, 1, 0, 0
24011, 1668, 1, 0, 0
24500, 1669, 1, 0, 0
25000, 1676, 1, 0, 0
25501, 1668, 1, 0, 0
26009, 1673, 1, 0, 0
26507, 1668, 1, 0, 0
27000, 1674, 1, 0, 0
27505, 1672, 1, 0, 0
28011, 1678, 1, 0, 0
28513, 1673, 1, 0, 0
29005, 1674, 1, 0, 0
29511, 1681, 1, 0, 0
30000, 1694, 1, 0, 0
30514, 1690, 1, 0, 0
31000, 1679, 1, 0, 0
31500, 1673, 1, 0, 0
32006, 1675, 1, 0, 0
32509, 1672, 1, 0, 0
33008, 1677, 1, 0, 0
33500, 1663, 1, 0, 0
34009, 1688, 1, 0, 0
34509, 1687, 1, 0, 0
35000, 1700, 1, 0, 0
35500, 1691, 1, 0, 0
36003, 1695, 1, 0, 0
36506, 1707, 1, 0, 0
37011, 1685, 1, 0, 0
37508, 1675, 1, 0, 0
38008, 1672, 1, 0, 0
38508, 1681, 1, 0, 0
39000, 1678, 1, 0, 0
39500, 1670, 1, 0, 0
40004, 1668, 1, 0, 0
40510, 1666, 1, 0, 0
41000, 1669, 1, 0, 0
41504, 1669, 1, 0, 0
42008, 1678, 1, 0, 0
42500, 1665, 1, 0, 0
43008, 1672, 1, 0, 0
43501, 1671, 1, 0, 0
44005, 1670, 1, 0, 0
44500, 1665, 1, 0, 0
45000, 1664, 1, 0, 0
45513, 1658, 1, 0, 0
46001, 1693, 1, 0, 0
46511, 1668, 1, 0, 0
47002, 1678, 1, 0, 0
47512, 1677, 1, 0, 0
48004, 1688, 1, 0, 0
48513, 1678, 1, 0, 0
49000, 1682, 1, 0, 0
49500, 1686, 1, 0, 0
50004, 1676, 1, 0, 0
50515, 1679, 1, 0, 0
51000, 1691, 1, 0, 0
51500, 1686, 1, 0, 0
52000, 1689, 1, 0, 0
52512, 1690, 1, 0, 0
53012, 1689, 1, 0, 0
53503, 1695, 1, 0, 0
54007, 1701, 1, 0, 0
54507, 1696, 1, 0, 0
55014, 1699, 1, 0, 0
55513, 1684, 1, 0, 0
56010, 1689, 1, 0, 0
56510, 1684, 1, 0, 0
57000, 1678, 1, 0, 0
57506, 1675, 1, 0, 0
58011, 1670, 1, 0, 0
58511, 1669, 1, 0, 0
59003, 1676, 1, 0, 0
59507, 1671, 1, 0, 0
60000, 1681, 1, 0, 0
