500, 457668, 1, 0, 0
1000, 457330, 1, 0, 0
1500, 457118, 1, 0, 0
2000, 458829, 1, 0, 0
2500, 462729, 1, 0, 0
3000, 455709, 1, 0, 0
3500, 459149, 1, 0, 0
4000, 460128, 1, 0, 0
4500, 457367, 1, 0, 0
5000, 458964, 1, 0, 0
5500, 456473, 1, 0, 0
6000, 1680212, 1, 0, 0
6511, 7257277, 1, 0, 0
7000, 7250533, 1, 0, 0
7507, 7043160, 1, 0, 0
8000, 6636755, 1, 0, 0
8510, 6042018, 1, 0, 0
9012, 6431140, 1, 0, 0
9500, 5977934, 1, 0, 0
10005, 5417576, 1, 0, 0
10509, 5388606, 1, 0, 0
11015, 4844788, 1, 0, 0
11501, 4690846, 1, 0, 0
12007, 5632657, 1, 0, 0
12509, 4701976, 1, 0, 0
13004, 4943599, 1, 0, 0
13517, 5444927, 1, 0, 0
14003, 5037847, 1, 0, 0
14503, 5209292, 1, 0, 0
15008, 4943755, 1, 0, 0
15507, 5130172, 1, 0, 0
16012, 4844898, 1, 0, 0
16503, 5389439, 1, 0, 0
17004, 4728855, 1, 0, 0
17507, 4406253, 1, 0, 0
18010, 5285329, 1, 0, 0
18508, 5754388, 1, 0, 0
19000, 4934338, 1, 0, 0
19500, 5443937, 1, 0, 0
20001, 5340391, 1, 0, 0
20509, 4050742, 1, 0, 0
21001, 4716062, 1, 0, 0
21506, 5018217, 1, 0, 0
22000, 4797577, 1, 0, 0
22504, 4785950, 1, 0, 0
23007, 4800529, 1, 0, 0
23508, 6074911, 1, 0, 0
24011, 3968742, 1, 0, 0
24500, 5816694, 1, 0, 0
25000, 3841179, 1, 0, 0
25501, 4447811, 1, 0, 0
26009, 5199565, 1, 0, 0
26507, 4487046, 1, 0, 0
27000, 4735489, 1, 0, 0
27505, 4077001, 1, 0, 0
28011, 4811016, 1, 0, 0
28513, 4039347, 1, 0, 0
29005, 4272197, 1, 0, 0
29511, 4489040, 1, 0, 0
30000, 4499416, 1, 0, 0
30514, 3248766, 1, 0, 0
31000, 4443938, 1, 0, 0
31500, 4126112, 1, 0, 0
32006, 3993745, 1, 0, 0
32509, 3373325, 1, 0, 0
33008, 3327210, 1, 0, 0
33500, 2981574, 1, 0, 0
34009, 3860107, 1, 0, 0
34509, 3721707, 1, 0, 0
35000, 3335874, 1, 0, 0
35500, 3313073, 1, 0, 0
36003, 3546436, 1, 0, 0
36506, 2560460, 1, 0, 0
37011, 3690976, 1, 0, 0
37508, 2868968, 1, 0, 0
38008, 3028559, 1, 0, 0
38508, 3294961, 1, 0, 0
39000, 3045622, 1, 0, 0
39500, 2846125, 1, 0, 0
40004, 2545211, 1, 0, 0
40510, 2665442, 1, 0, 0
41000, 2824610, 1, 0, 0
41504, 2527767, 1, 0, 0
42008, 2015367, 1, 0, 0
42500, 1928218, 1, 0, 0
43008, 1803996, 1, 0, 0
43501, 1757753, 1, 0, 0
44005, 1491521, 1, 0, 0
44500, 1017117, 1, 0, 0
45000, 559194, 1, 0, 0
45513, 1564317, 1, 0, 0
46001, 7820990, 1, 0, 0
46511, 7217769, 1, 0, 0
47002, 7009947, 1, 0, 0
47512, 6540818, 1, 0, 0
48004, 6241804, 1, 0, 0
48513, 5998306, 1, 0, 0
49000, 5955006, 1, 0, 0
49500, 5921431, 1, 0, 0
50004, 5404375, 1, 0, 0
50515, 6019783, 1, 0, 0
51000, 4950405, 1, 0, 0
51500, 5328944, 1, 0, 0
52000, 4800275, 1, 0, 0
52512, 5210126, 1, 0, 0
53012, 4912592, 1, 0, 0
53503, 4830325, 1, 0, 0
54007, 5153128, 1, 0, 0
54507, 5206300, 1, 0, 0
55014, 5825822, 1, 0, 0
55513, 5102654, 1, 0, 0
56010, 4827778, 1, 0, 0
56510, 4622396, 1, 0, 0
57000, 5483979, 1, 0, 0
57506, 5075995, 1, 0, 0
58011, 4281219, 1, 0, 0
58511, 4559564, 1, 0, 0
59003, 4827311, 1, 0, 0
59507, 4455156, 1, 0, 0
60000, 5062126, 1, 0, 0
60000, 1843556, 1, 0, 0
