500, 69630, 1, 0, 0
1000, 69688, 1, 0, 0
1500, 69716, 1, 0, 0
2000, 69460, 1, 0, 0
2500, 68882, 1, 0, 0
3000, 69930, 1, 0, 0
3500, 69420, 1, 0, 0
4000, 69272, 1, 0, 0
4500, 69662, 1, 0, 0
5000, 69430, 1, 0, 0
5500, 69840, 1, 0, 0
6000, 18298, 1, 0, 0
6500, 4478, 1, 0, 0
7000, 4432, 1, 0, 0
7500, 4496, 1, 0, 0
8000, 4940, 1, 0, 0
8500, 5188, 1, 0, 0
9000, 5000, 1, 0, 0
9500, 5404, 1, 0, 0
10000, 5780, 1, 0, 0
10500, 5995, 1, 0, 0
11000, 6684, 1, 0, 0
11500, 6644, 1, 0, 0
12000, 5748, 1, 0, 0
12500, 6824, 1, 0, 0
13000, 6412, 1, 0, 0
13500, 6004, 1, 0, 0
14000, 6176, 1, 0, 0
14500, 6152, 1, 0, 0
15000, 6520, 1, 0, 0
15500, 6236, 1, 0, 0
16000, 6664, 1, 0, 0
16500, 5828, 1, 0, 0
17000, 6780, 1, 0, 0
17500, 7300, 1, 0, 0
18000, 6100, 1, 0, 0
18500, 5536, 1, 0, 0
19000, 6412, 1, 0, 0
19500, 5988, 1, 0, 0
20000, 5848, 1, 0, 0
20500, 8020, 1, 0, 0
21000, 6692, 1, 0, 0
21500, 6428, 1, 0, 0
22000, 6788, 1, 0, 0
22500, 6536, 1, 0, 0
23000, 6708, 1, 0, 0
23500, 5272, 1, 0, 0
24000, 8124, 1, 0, 0
24500, 5586, 1, 0, 0
25000, 8354, 1, 0, 0
25500, 6916, 1, 0, 0
26000, 6252, 1, 0, 0
26500, 7104, 1, 0, 0
27000, 6716, 1, 0, 0
27500, 7868, 1, 0, 0
28000, 6732, 1, 0, 0
28500, 7959, 1, 0, 0
29000, 7360, 1, 0, 0
29500, 7212, 1, 0, 0
30000, 7120, 1, 0, 0
30500, 9892, 1, 0, 0
31000, 7234, 1, 0, 0
31500, 7586, 1, 0, 0
32000, 8032, 1, 0, 0
32500, 9536, 1, 0, 0
33000, 9572, 1, 0, 0
33500, 10900, 1, 0, 0
34000, 8168, 1, 0, 0
34500, 8608, 1, 0, 0
35000, 9592, 1, 0, 0
35500, 9764, 1, 0, 0
36000, 8800, 1, 0, 0
36500, 12568, 1, 0, 0
37000, 8768, 1, 0, 0
37500, 11080, 1, 0, 0
38000, 10556, 1, 0, 0
38500, 9708, 1, 0, 0
39000, 10600, 1, 0, 0
39500, 11276, 1, 0, 0
40000, 12300, 1, 0, 0
40500, 12160, 1, 0, 0
41000, 11380, 1, 0, 0
41500, 12468, 1, 0, 0
42000, 16004, 1, 0, 0
42500, 16788, 1, 0, 0
43000, 17568, 1, 0, 0
43500, 17960, 1, 0, 0
44000, 21647, 1, 0, 0
44500, 31530, 1, 0, 0
45000, 57136, 1, 0, 0
45500, 20298, 1, 0, 0
46000, 3988, 1, 0, 0
46500, 4524, 1, 0, 0
47000, 4476, 1, 0, 0
47500, 4988, 1, 0, 0
48000, 5048, 1, 0, 0
48500, 5424, 1, 0, 0
49000, 5438, 1, 0, 0
49500, 5250, 1, 0, 0
50000, 5912, 1, 0, 0
50500, 5428, 1, 0, 0
51000, 6284, 1, 0, 0
51500, 6210, 1, 0, 0
52000, 6682, 1, 0, 0
52500, 6052, 1, 0, 0
53000, 6516, 1, 0, 0
53500, 6492, 1, 0, 0
54000, 6276, 1, 0, 0
54500, 6132, 1, 0, 0
55000, 5572, 1, 0, 0
55500, 6260, 1, 0, 0
56000, 6572, 1, 0, 0
56500, 6924, 1, 0, 0
57000, 5980, 1, 0, 0
57500, 6100, 1, 0, 0
58000, 7552, 1, 0, 0
58500, 7016, 1, 0, 0
59000, 6544, 1, 0, 0
59500, 7222, 1, 0, 0
60000, 6416, 1, 0, 0
