500, 512122, 1, 0, 0
1000, 511924, 1, 0, 0
1500, 510768, 1, 0, 0
2000, 504468, 1, 0, 0
2500, 508956, 1, 0, 0
3000, 510590, 1, 0, 0
3500, 510188, 1, 0, 0
4000, 510488, 1, 0, 0
4500, 509838, 1, 0, 0
5000, 510232, 1, 0, 0
5500, 508480, 1, 0, 0
6001, 529750, 1, 0, 0
6500, 125422, 1, 0, 0
7000, 31344, 1, 0, 0
7500, 32624, 1, 0, 0
8000, 32960, 1, 0, 0
8500, 36768, 1, 0, 0
9000, 38192, 1, 0, 0
9500, 37280, 1, 0, 0
10000, 41088, 1, 0, 0
10500, 41104, 1, 0, 0
11000, 43264, 1, 0, 0
11500, 37856, 1, 0, 0
12000, 42304, 1, 0, 0
12500, 43344, 1, 0, 0
13000, 47472, 1, 0, 0
13500, 53456, 1, 0, 0
14000, 61312, 1, 0, 0
14500, 43632, 1, 0, 0
15000, 39760, 1, 0, 0
15500, 45046, 1, 0, 0
16000, 44730, 1, 0, 0
16500, 43840, 1, 0, 0
17000, 42304, 1, 0, 0
17500, 51392, 1, 0, 0
18000, 52320, 1, 0, 0
18500, 59648, 1, 0, 0
19000, 42148, 1, 0, 0
19500, 41312, 1, 0, 0
