500, 2048424, 1, 0, 0
1000, 2047752, 1, 0, 0
1500, 2043072, 1, 0, 0
2000, 2017880, 1, 0, 0
2500, 2035824, 1, 0, 0
3000, 2042360, 1, 0, 0
3500, 2040752, 1, 0, 0
4000, 2041952, 1, 0, 0
4500, 2039352, 1, 0, 0
5000, 2040928, 1, 0, 0
5500, 2033912, 1, 0, 0
6001, 2119000, 1, 0, 0
6500, 501691, 1, 0, 0
7000, 125376, 1, 0, 0
7500, 130496, 1, 0, 0
8000, 131840, 1, 0, 0
8500, 147072, 1, 0, 0
9000, 152768, 1, 0, 0
9500, 149120, 1, 0, 0
10000, 164352, 1, 0, 0
10500, 164416, 1, 0, 0
11000, 173056, 1, 0, 0
11500, 151424, 1, 0, 0
12000, 169216, 1, 0, 0
12500, 173376, 1, 0, 0
13000, 189888, 1, 0, 0
13500, 213824, 1, 0, 0
14000, 245248, 1, 0, 0
14500, 174528, 1, 0, 0
15000, 159040, 1, 0, 0
15500, 180184, 1, 0, 0
16000, 178920, 1, 0, 0
16500, 175360, 1, 0, 0
17000, 169216, 1, 0, 0
17500, 205568, 1, 0, 0
18000, 209280, 1, 0, 0
18500, 238592, 1, 0, 0
19000, 168593, 1, 0, 0
19500, 165248, 1, 0, 0
