500, 61488, 1, 0, 0
1000, 61502, 1, 0, 0
1500, 61637, 1, 0, 0
2000, 62375, 1, 0, 0
2500, 61859, 1, 0, 0
3000, 61655, 1, 0, 0
3500, 61704, 1, 0, 0
4000, 61672, 1, 0, 0
4500, 61741, 1, 0, 0
5000, 61703, 1, 0, 0
5500, 61905, 1, 0, 0
6000, 59396, 1, 0, 0
6500, 252421, 1, 0, 0
7008, 1004608, 1, 0, 0
7516, 993706, 1, 0, 0
8005, 951556, 1, 0, 0
8516, 885134, 1, 0, 0
9007, 825263, 1, 0, 0
9507, 856292, 1, 0, 0
10012, 783648, 1, 0, 0
10511, 777991, 1, 0, 0
11010, 736969, 1, 0, 0
11511, 845996, 1, 0, 0
12015, 761009, 1, 0, 0
12501, 718317, 1, 0, 0
13004, 677504, 1, 0, 0
13500, 591132, 1, 0, 0
14005, 525399, 1, 0, 0
14500, 752101, 1, 0, 0
15003, 781886, 1, 0, 0
15500, 736014, 1, 0, 0
16010, 696722, 1, 0, 0
16500, 716566, 1, 0, 0
17002, 756756, 1, 0, 0
17502, 621242, 1, 0, 0
18000, 607881, 1, 0, 0
18509, 544217, 1, 0, 0
19005, 756432, 1, 0, 0
19500, 787066, 1, 0, 0
20000, 702921, 1, 0, 0
20000, 194042, 1, 0, 0
