500, 62335, 1, 0, 0
1000, 62348, 1, 0, 0
1500, 62486, 1, 0, 0
2000, 63265, 1, 0, 0
2500, 62711, 1, 0, 0
3000, 62502, 1, 0, 0
3500, 62552, 1, 0, 0
4000, 62519, 1, 0, 0
4500, 62595, 1, 0, 0
5000, 62550, 1, 0, 0
5500, 62757, 1, 0, 0
6000, 60245, 1, 0, 0
6500, 253269, 1, 0, 0
7008, 1005460, 1, 0, 0
7516, 994555, 1, 0, 0
8005, 952405, 1, 0, 0
8516, 885985, 1, 0, 0
9007, 826114, 1, 0, 0
9507, 857144, 1, 0, 0
10012, 784493, 1, 0, 0
10511, 778835, 1, 0, 0
11010, 737815, 1, 0, 0
11511, 846838, 1, 0, 0
12015, 761852, 1, 0, 0
12501, 719161, 1, 0, 0
13004, 678348, 1, 0, 0
13500, 591978, 1, 0, 0
14005, 526246, 1, 0, 0
14500, 752946, 1, 0, 0
15003, 782730, 1, 0, 0
15500, 736870, 1, 0, 0
16010, 697568, 1, 0, 0
16500, 717412, 1, 0, 0
17002, 757602, 1, 0, 0
17502, 622087, 1, 0, 0
18000, 608727, 1, 0, 0
18509, 545066, 1, 0, 0
19005, 757276, 1, 0, 0
19500, 787910, 1, 0, 0
20000, 703766, 1, 0, 0
20000, 194904, 1, 0, 0
