500, 35792, 1, 0, 0
1000, 35728, 1, 0, 0
1500, 35732, 1, 0, 0
2000, 35734, 1, 0, 0
2500, 35730, 1, 0, 0
3000, 35729, 1, 0, 0
3500, 35730, 1, 0, 0
4000, 35732, 1, 0, 0
4500, 35732, 1, 0, 0
5000, 35728, 1, 0, 0
5500, 32980, 1, 0, 0
6000, 2272, 1, 0, 0
6500, 2300, 1, 0, 0
7000, 2312, 1, 0, 0
7500, 2472, 1, 0, 0
8000, 2516, 1, 0, 0
8500, 2666, 1, 0, 0
9000, 2918, 1, 0, 0
9500, 3068, 1, 0, 0
10000, 3104, 1, 0, 0
10500, 3384, 1, 0, 0
11000, 3600, 1, 0, 0
11500, 3608, 1, 0, 0
12000, 3792, 1, 0, 0
12500, 3780, 1, 0, 0
13000, 3292, 1, 0, 0
13500, 3392, 1, 0, 0
14000, 3440, 1, 0, 0
14500, 3364, 1, 0, 0
15000, 3584, 1, 0, 0
15500, 3624, 1, 0, 0
16000, 3676, 1, 0, 0
16500, 3668, 1, 0, 0
17000, 3820, 1, 0, 0
17500, 3816, 1, 0, 0
18000, 3903, 1, 0, 0
18500, 3828, 1, 0, 0
19000, 4056, 1, 0, 0
19500, 4140, 1, 0, 0
20000, 4216, 1, 0, 0
20500, 4128, 1, 0, 0
21000, 4304, 1, 0, 0
21500, 4292, 1, 0, 0
22000, 4336, 1, 0, 0
22500, 4464, 1, 0, 0
23000, 4490, 1, 0, 0
23500, 4454, 1, 0, 0
24000, 4712, 1, 0, 0
24500, 4764, 1, 0, 0
25000, 4928, 1, 0, 0
25500, 4968, 1, 0, 0
26000, 4940, 1, 0, 0
26500, 5112, 1, 0, 0
27000, 5204, 1, 0, 0
27500, 5424, 1, 0, 0
28000, 5624, 1, 0, 0
28500, 5740, 1, 0, 0
29000, 5892, 1, 0, 0
29500, 6284, 1, 0, 0
30000, 6248, 1, 0, 0
30500, 6376, 1, 0, 0
31000, 6608, 1, 0, 0
31500, 7132, 1, 0, 0
32000, 7232, 1, 0, 0
32500, 7876, 1, 0, 0
33000, 7915, 1, 0, 0
33500, 8580, 1, 0, 0
34000, 9280, 1, 0, 0
34500, 9910, 1, 0, 0
35000, 10926, 1, 0, 0
35500, 12064, 1, 0, 0
36000, 14366, 1, 0, 0
36500, 17974, 1, 0, 0
37000, 28574, 1, 0, 0
37500, 15922, 1, 0, 0
38000, 2192, 1, 0, 0
38500, 2340, 1, 0, 0
39000, 2376, 1, 0, 0
39500, 2576, 1, 0, 0
40000, 2588, 1, 0, 0
40500, 2840, 1, 0, 0
41000, 2952, 1, 0, 0
41500, 3072, 1, 0, 0
42000, 3296, 1, 0, 0
42500, 3360, 1, 0, 0
43000, 3588, 1, 0, 0
43500, 3700, 1, 0, 0
44000, 3776, 1, 0, 0
44500, 3440, 1, 0, 0
45000, 3388, 1, 0, 0
45500, 3368, 1, 0, 0
46000, 3304, 1, 0, 0
46500, 3544, 1, 0, 0
47000, 3680, 1, 0, 0
47500, 3544, 1, 0, 0
48000, 3780, 1, 0, 0
48500, 3836, 1, 0, 0
49000, 3890, 1, 0, 0
49500, 3817, 1, 0, 0
50000, 3956, 1, 0, 0
50500, 3980, 1, 0, 0
51000, 4016, 1, 0, 0
51500, 3936, 1, 0, 0
52000, 4164, 1, 0, 0
52500, 4304, 1, 0, 0
53000, 4292, 1, 0, 0
53500, 4312, 1, 0, 0
54000, 4286, 1, 0, 0
54500, 4522, 1, 0, 0
55000, 4484, 1, 0, 0
55500, 4680, 1, 0, 0
56000, 4760, 1, 0, 0
56500, 4736, 1, 0, 0
57000, 4880, 1, 0, 0
57500, 5028, 1, 0, 0
58000, 5068, 1, 0, 0
58500, 5200, 1, 0, 0
59000, 5404, 1, 0, 0
59500, 5436, 1, 0, 0
60000, 5532, 1, 0, 0
