500, 2290688, 1, 0, 0
1000, 2286592, 1, 0, 0
1500, 2286848, 1, 0, 0
2000, 2286976, 1, 0, 0
2500, 2286720, 1, 0, 0
3000, 2286685, 1, 0, 0
3500, 2286720, 1, 0, 0
4000, 2286848, 1, 0, 0
4500, 2286848, 1, 0, 0
5000, 2286592, 1, 0, 0
5500, 2110720, 1, 0, 0
6000, 145408, 1, 0, 0
6500, 147200, 1, 0, 0
7000, 147968, 1, 0, 0
7500, 158208, 1, 0, 0
8000, 161024, 1, 0, 0
8500, 170624, 1, 0, 0
9000, 186752, 1, 0, 0
9500, 196352, 1, 0, 0
10000, 198656, 1, 0, 0
10500, 216576, 1, 0, 0
11000, 230400, 1, 0, 0
11500, 230912, 1, 0, 0
12000, 242688, 1, 0, 0
12500, 241920, 1, 0, 0
13000, 210688, 1, 0, 0
13500, 217088, 1, 0, 0
14000, 220160, 1, 0, 0
14500, 215296, 1, 0, 0
15000, 229376, 1, 0, 0
15500, 231936, 1, 0, 0
16000, 235264, 1, 0, 0
16500, 234752, 1, 0, 0
17000, 244480, 1, 0, 0
17500, 244224, 1, 0, 0
18000, 249843, 1, 0, 0
18500, 244992, 1, 0, 0
19000, 259584, 1, 0, 0
19500, 264960, 1, 0, 0
20000, 269824, 1, 0, 0
20500, 264192, 1, 0, 0
21000, 275456, 1, 0, 0
21500, 274688, 1, 0, 0
22000, 277504, 1, 0, 0
22500, 285696, 1, 0, 0
23000, 287360, 1, 0, 0
23500, 285056, 1, 0, 0
24000, 301568, 1, 0, 0
24500, 304896, 1, 0, 0
25000, 315392, 1, 0, 0
25500, 317952, 1, 0, 0
26000, 316160, 1, 0, 0
26500, 327168, 1, 0, 0
27000, 333056, 1, 0, 0
27500, 347136, 1, 0, 0
28000, 359936, 1, 0, 0
28500, 367360, 1, 0, 0
29000, 377088, 1, 0, 0
29500, 402176, 1, 0, 0
30000, 399872, 1, 0, 0
30500, 408064, 1, 0, 0
31000, 422912, 1, 0, 0
31500, 456448, 1, 0, 0
32000, 462848, 1, 0, 0
32500, 504064, 1, 0, 0
33000, 506613, 1, 0, 0
33500, 549120, 1, 0, 0
34000, 593920, 1, 0, 0
34500, 634240, 1, 0, 0
35000, 699264, 1, 0, 0
35500, 772096, 1, 0, 0
36000, 919424, 1, 0, 0
36500, 1150336, 1, 0, 0
37000, 1828736, 1, 0, 0
37500, 1019008, 1, 0, 0
38000, 140288, 1, 0, 0
38500, 149760, 1, 0, 0
39000, 152064, 1, 0, 0
39500, 164864, 1, 0, 0
40000, 165632, 1, 0, 0
40500, 181760, 1, 0, 0
41000, 188928, 1, 0, 0
41500, 196608, 1, 0, 0
42000, 210944, 1, 0, 0
42500, 215040, 1, 0, 0
43000, 229632, 1, 0, 0
43500, 236800, 1, 0, 0
44000, 241664, 1, 0, 0
44500, 220160, 1, 0, 0
45000, 216832, 1, 0, 0
45500, 215552, 1, 0, 0
46000, 211456, 1, 0, 0
46500, 226816, 1, 0, 0
47000, 235520, 1, 0, 0
47500, 226816, 1, 0, 0
48000, 241920, 1, 0, 0
48500, 245504, 1, 0, 0
49000, 248960, 1, 0, 0
49500, 244328, 1, 0, 0
50000, 253184, 1, 0, 0
50500, 254720, 1, 0, 0
51000, 257024, 1, 0, 0
51500, 251904, 1, 0, 0
52000, 266496, 1, 0, 0
52500, 275456, 1, 0, 0
53000, 274688, 1, 0, 0
53500, 275968, 1, 0, 0
54000, 274304, 1, 0, 0
54500, 289408, 1, 0, 0
55000, 286976, 1, 0, 0
55500, 299520, 1, 0, 0
56000, 304640, 1, 0, 0
56500, 303104, 1, 0, 0
57000, 312320, 1, 0, 0
57500, 321792, 1, 0, 0
58000, 324352, 1, 0, 0
58500, 332800, 1, 0, 0
59000, 345856, 1, 0, 0
59500, 347904, 1, 0, 0
60000, 354048, 1, 0, 0
