500, 894410, 1, 0, 0
1000, 895430, 1, 0, 0
1500, 895430, 1, 0, 0
2000, 895427, 1, 0, 0
2500, 895426, 1, 0, 0
3000, 895425, 1, 0, 0
3500, 895425, 1, 0, 0
4000, 895428, 1, 0, 0
4500, 895423, 1, 0, 0
5000, 895418, 1, 0, 0
5516, 966972, 1, 0, 0
6006, 13817516, 1, 0, 0
6516, 14182580, 1, 0, 0
7007, 13592567, 1, 0, 0
7500, 13220252, 1, 0, 0
8010, 12537863, 1, 0, 0
8500, 11835361, 1, 0, 0
9008, 11081346, 1, 0, 0
9514, 10559160, 1, 0, 0
10003, 10084856, 1, 0, 0
10510, 9595494, 1, 0, 0
11000, 9082549, 1, 0, 0
11503, 8557785, 1, 0, 0
12009, 8541004, 1, 0, 0
12516, 8573628, 1, 0, 0
13003, 9459886, 1, 0, 0
13508, 9542158, 1, 0, 0
14014, 9410727, 1, 0, 0
14500, 9255442, 1, 0, 0
15005, 8992699, 1, 0, 0
15512, 8961960, 1, 0, 0
16000, 8882471, 1, 0, 0
16502, 8388963, 1, 0, 0
17007, 8464100, 1, 0, 0
17512, 8463191, 1, 0, 0
18000, 8285464, 1, 0, 0
18503, 8149563, 1, 0, 0
19008, 7955333, 1, 0, 0
19513, 7807964, 1, 0, 0
20016, 7632531, 1, 0, 0
20500, 7511517, 1, 0, 0
21003, 7483851, 1, 0, 0
21507, 7509314, 1, 0, 0
22012, 7457873, 1, 0, 0
22515, 7212554, 1, 0, 0
23000, 7173803, 1, 0, 0
23500, 6926076, 1, 0, 0
24003, 6822666, 1, 0, 0
24505, 6752394, 1, 0, 0
25006, 6505077, 1, 0, 0
25506, 6436354, 1, 0, 0
26008, 6509409, 1, 0, 0
26508, 6263971, 1, 0, 0
27007, 6137976, 1, 0, 0
27506, 5890960, 1, 0, 0
28004, 5663792, 1, 0, 0
28503, 5564780, 1, 0, 0
29001, 5408019, 1, 0, 0
29500, 5271768, 1, 0, 0
30013, 5062633, 1, 0, 0
30508, 4974594, 1, 0, 0
31002, 4783527, 1, 0, 0
31514, 4599304, 1, 0, 0
32006, 4348772, 1, 0, 0
32500, 4137138, 1, 0, 0
33003, 3957956, 1, 0, 0
33510, 3787261, 1, 0, 0
34000, 3472212, 1, 0, 0
34500, 3227329, 1, 0, 0
35008, 2905657, 1, 0, 0
35500, 2674943, 1, 0, 0
36000, 2227515, 1, 0, 0
36500, 1780683, 1, 0, 0
37000, 1119668, 1, 0, 0
37510, 1975816, 1, 0, 0
38002, 14386590, 1, 0, 0
38512, 13950608, 1, 0, 0
39002, 13197441, 1, 0, 0
39510, 12617916, 1, 0, 0
40000, 12129457, 1, 0, 0
40509, 11461827, 1, 0, 0
41000, 11054050, 1, 0, 0
41506, 10158153, 1, 0, 0
42012, 9846542, 1, 0, 0
42500, 9302202, 1, 0, 0
43007, 9027327, 1, 0, 0
43511, 8727070, 1, 0, 0
44016, 8554888, 1, 0, 0
44504, 9063686, 1, 0, 0
45011, 9589938, 1, 0, 0
45500, 9634318, 1, 0, 0
46004, 9414904, 1, 0, 0
46510, 9135562, 1, 0, 0
47015, 8786187, 1, 0, 0
47501, 8774069, 1, 0, 0
48007, 8562362, 1, 0, 0
48513, 8453328, 1, 0, 0
49000, 8340774, 1, 0, 0
49504, 8126673, 1, 0, 0
50009, 8173132, 1, 0, 0
50513, 8101063, 1, 0, 0
51000, 8041568, 1, 0, 0
51501, 7865610, 1, 0, 0
52006, 7756447, 1, 0, 0
52511, 7505913, 1, 0, 0
53014, 7503984, 1, 0, 0
53516, 7458651, 1, 0, 0
54000, 7244284, 1, 0, 0
54501, 7075172, 1, 0, 0
55003, 7164784, 1, 0, 0
55506, 6875856, 1, 0, 0
56008, 6753326, 1, 0, 0
56510, 6784424, 1, 0, 0
57010, 6561560, 1, 0, 0
57511, 6377790, 1, 0, 0
58013, 6335786, 1, 0, 0
58512, 6150799, 1, 0, 0
59012, 5909701, 1, 0, 0
59512, 5882526, 1, 0, 0
60011, 5779072, 1, 0, 0
60012, 17332585, 1, 0, 0
