500, 891905, 1, 0, 0
1000, 892926, 1, 0, 0
1500, 892930, 1, 0, 0
2000, 892910, 1, 0, 0
2500, 892907, 1, 0, 0
3000, 892903, 1, 0, 0
3500, 892916, 1, 0, 0
4000, 892920, 1, 0, 0
4500, 892911, 1, 0, 0
5000, 892907, 1, 0, 0
5516, 964463, 1, 0, 0
6006, 13814947, 1, 0, 0
6516, 14180035, 1, 0, 0
7007, 13590010, 1, 0, 0
7500, 13217685, 1, 0, 0
8010, 12535275, 1, 0, 0
8500, 11832787, 1, 0, 0
9008, 11078787, 1, 0, 0
9514, 10556592, 1, 0, 0
10003, 10082297, 1, 0, 0
10510, 9592946, 1, 0, 0
11000, 9079996, 1, 0, 0
11503, 8555238, 1, 0, 0
12009, 8538462, 1, 0, 0
12516, 8571094, 1, 0, 0
13003, 9457290, 1, 0, 0
13508, 9539584, 1, 0, 0
14014, 9408164, 1, 0, 0
14500, 9252909, 1, 0, 0
15005, 8990124, 1, 0, 0
15512, 8959416, 1, 0, 0
16000, 8879909, 1, 0, 0
16502, 8386409, 1, 0, 0
17007, 8461550, 1, 0, 0
17512, 8460645, 1, 0, 0
18000, 8282901, 1, 0, 0
18503, 8147031, 1, 0, 0
19008, 7952786, 1, 0, 0
19513, 7805437, 1, 0, 0
20016, 7630000, 1, 0, 0
20500, 7508987, 1, 0, 0
21003, 7481284, 1, 0, 0
21507, 7506789, 1, 0, 0
22012, 7455296, 1, 0, 0
22515, 7209984, 1, 0, 0
23000, 7171205, 1, 0, 0
23500, 6923511, 1, 0, 0
24003, 6820080, 1, 0, 0
24505, 6749835, 1, 0, 0
25006, 6502506, 1, 0, 0
25506, 6433787, 1, 0, 0
26008, 6506859, 1, 0, 0
26508, 6261439, 1, 0, 0
27007, 6135422, 1, 0, 0
27506, 5888417, 1, 0, 0
28004, 5661237, 1, 0, 0
28503, 5562244, 1, 0, 0
29001, 5405446, 1, 0, 0
29500, 5269195, 1, 0, 0
30013, 5060078, 1, 0, 0
30508, 4972035, 1, 0, 0
31002, 4780956, 1, 0, 0
31514, 4596753, 1, 0, 0
32006, 4346233, 1, 0, 0
32500, 4134585, 1, 0, 0
33003, 3955395, 1, 0, 0
33510, 3784705, 1, 0, 0
34000, 3469646, 1, 0, 0
34500, 3224796, 1, 0, 0
35008, 2903128, 1, 0, 0
35500, 2672401, 1, 0, 0
36000, 2224962, 1, 0, 0
36500, 1778138, 1, 0, 0
37000, 1117156, 1, 0, 0
37510, 1973304, 1, 0, 0
38002, 14384017, 1, 0, 0
38512, 13948033, 1, 0, 0
39002, 13194879, 1, 0, 0
39510, 12615380, 1, 0, 0
40000, 12126892, 1, 0, 0
40509, 11459293, 1, 0, 0
41000, 11051523, 1, 0, 0
41506, 10155617, 1, 0, 0
42012, 9843992, 1, 0, 0
42500, 9299668, 1, 0, 0
43007, 9024791, 1, 0, 0
43511, 8724547, 1, 0, 0
44016, 8552303, 1, 0, 0
44504, 9061118, 1, 0, 0
45011, 9587365, 1, 0, 0
45500, 9631778, 1, 0, 0
46004, 9412338, 1, 0, 0
46510, 9132978, 1, 0, 0
47015, 8783607, 1, 0, 0
47501, 8771506, 1, 0, 0
48007, 8559775, 1, 0, 0
48513, 8450767, 1, 0, 0
49000, 8338213, 1, 0, 0
49504, 8124109, 1, 0, 0
50009, 8170562, 1, 0, 0
50513, 8098496, 1, 0, 0
51000, 8038982, 1, 0, 0
51501, 7863028, 1, 0, 0
52006, 7753881, 1, 0, 0
52511, 7503347, 1, 0, 0
53014, 7501404, 1, 0, 0
53516, 7456086, 1, 0, 0
54000, 7241725, 1, 0, 0
54501, 7072621, 1, 0, 0
55003, 7162206, 1, 0, 0
55506, 6873283, 1, 0, 0
56008, 6750756, 1, 0, 0
56510, 6781857, 1, 0, 0
57010, 6558982, 1, 0, 0
57511, 6375216, 1, 0, 0
58013, 6333227, 1, 0, 0
58512, 6148242, 1, 0, 0
59012, 5907134, 1, 0, 0
59512, 5879958, 1, 0, 0
60011, 5776496, 1, 0, 0
60012, 17330027, 1, 0, 0
