500, 2505, 1, 0, 0
1000, 2504, 1, 0, 0
1500, 2499, 1, 0, 0
2000, 2517, 1, 0, 0
2500, 2518, 1, 0, 0
3000, 2522, 1, 0, 0
3500, 2509, 1, 0, 0
4000, 2508, 1, 0, 0
4500, 2512, 1, 0, 0
5000, 2511, 1, 0, 0
5516, 2509, 1, 0, 0
6006, 2575, 1, 0, 0
6516, 2541, 1, 0, 0
7007, 2560, 1, 0, 0
7500, 2571, 1, 0, 0
8010, 2585, 1, 0, 0
8500, 2568, 1, 0, 0
9008, 2561, 1, 0, 0
9514, 2566, 1, 0, 0
10003, 2557, 1, 0, 0
10510, 2547, 1, 0, 0
11000, 2556, 1, 0, 0
11503, 2545, 1, 0, 0
12009, 2541, 1, 0, 0
12516, 2535, 1, 0, 0
13003, 2596, 1, 0, 0
13508, 2573, 1, 0, 0
14014, 2564, 1, 0, 0
14500, 2533, 1, 0, 0
15005, 2572, 1, 0, 0
15512, 2548, 1, 0, 0
16000, 2561, 1, 0, 0
16502, 2553, 1, 0, 0
17007, 2551, 1, 0, 0
17512, 2545, 1, 0, 0
18000, 2564, 1, 0, 0
18503, 2533, 1, 0, 0
19008, 2547, 1, 0, 0
19513, 2527, 1, 0, 0
20016, 2530, 1, 0, 0
20500, 2532, 1, 0, 0
21003, 2564, 1, 0, 0
21507, 2524, 1, 0, 0
22012, 2580, 1, 0, 0
22515, 2569, 1, 0, 0
23000, 2598, 1, 0, 0
23500, 2565, 1, 0, 0
24003, 2584, 1, 0, 0
24505, 2564, 1, 0, 0
25006, 2568, 1, 0, 0
25506, 2566, 1, 0, 0
26008, 2550, 1, 0, 0
26508, 2531, 1, 0, 0
27007, 2553, 1, 0, 0
27506, 2544, 1, 0, 0
28004, 2554, 1, 0, 0
28503, 2537, 1, 0, 0
29001, 2574, 1, 0, 0
29500, 2572, 1, 0, 0
30013, 2556, 1, 0, 0
30508, 2558, 1, 0, 0
31002, 2571, 1, 0, 0
31514, 2551, 1, 0, 0
32006, 2539, 1, 0, 0
32500, 2553, 1, 0, 0
33003, 2560, 1, 0, 0
33510, 2557, 1, 0, 0
34000, 2567, 1, 0, 0
34500, 2533, 1, 0, 0
35008, 2528, 1, 0, 0
35500, 2543, 1, 0, 0
36000, 2553, 1, 0, 0
36500, 2544, 1, 0, 0
37000, 2512, 1, 0, 0
37510, 2512, 1, 0, 0
38002, 2573, 1, 0, 0
38512, 2576, 1, 0, 0
39002, 2558, 1, 0, 0
39510, 2538, 1, 0, 0
40000, 2565, 1, 0, 0
40509, 2532, 1, 0, 0
41000, 2529, 1, 0, 0
41506, 2535, 1, 0, 0
42012, 2551, 1, 0, 0
42500, 2532, 1, 0, 0
43007, 2537, 1, 0, 0
43511, 2520, 1, 0, 0
44016, 2589, 1, 0, 0
44504, 2566, 1, 0, 0
45011, 2573, 1, 0, 0
45500, 2541, 1, 0, 0
46004, 2569, 1, 0, 0
46510, 2583, 1, 0, 0
47015, 2579, 1, 0, 0
47501, 2563, 1, 0, 0
48007, 2588, 1, 0, 0
48513, 2560, 1, 0, 0
49000, 2562, 1, 0, 0
49504, 2563, 1, 0, 0
50009, 2570, 1, 0, 0
50513, 2568, 1, 0, 0
51000, 2588, 1, 0, 0
51501, 2580, 1, 0, 0
52006, 2566, 1, 0, 0
52511, 2566, 1, 0, 0
53014, 2581, 1, 0, 0
53516, 2564, 1, 0, 0
54000, 2558, 1, 0, 0
54501, 2553, 1, 0, 0
55003, 2575, 1, 0, 0
55506, 2576, 1, 0, 0
56008, 2568, 1, 0, 0
56510, 2565, 1, 0, 0
57010, 2580, 1, 0, 0
57511, 2572, 1, 0, 0
58013, 2562, 1, 0, 0
58512, 2557, 1, 0, 0
59012, 2565, 1, 0, 0
59512, 2569, 1, 0, 0
60012, 2576, 1, 0, 0
