[90402.267927] KSC2026-MARK map16k_bs64k_r3 insmod 1791466165024637280
[90402.287591] NVMeVirt: Version 1.10 for >> Samsung 970 Pro SSD <<
[90402.287608] NVMeVirt: Storage: 0x300100000-0x600000000 (12287 MiB)
[90402.300994] NVMeVirt: Total Capacity(GiB,MiB)=3,3072 chs=2 luns=4 lines=384 blk-size(MiB,KiB)=2,2048 line-size(MiB,KiB)=8,8192
[90402.300999] NVMeVirt: KSC2026: mapping unit=16384 B, flash page=32768 B, oneshot page=32768 B, pgs_per_blk=128, blks_per_pl=384, write buffer=1048576 B
[90402.306225] NVMeVirt: [chmodel_init] bandwidth 800 max_credits 26 tx_time 152
[90402.309374] NVMeVirt: [chmodel_init] bandwidth 800 max_credits 26 tx_time 152
[90402.309386] NVMeVirt: [chmodel_init] bandwidth 3360 max_credits 110 tx_time 36
[90402.309753] NVMeVirt: pqueue: Copyright (c) 2014, Volkan Yazıcı <volkan.yazici@gmail.com>. All rights reserved.
[90402.309755] NVMeVirt: Init FTL instance with 2 channels (196608 pages)
[90402.312815] NVMeVirt: [chmodel_init] bandwidth 800 max_credits 26 tx_time 152
[90402.315902] NVMeVirt: [chmodel_init] bandwidth 800 max_credits 26 tx_time 152
[90402.315913] NVMeVirt: [chmodel_init] bandwidth 3360 max_credits 110 tx_time 36
[90402.316243] NVMeVirt: Init FTL instance with 2 channels (196608 pages)
[90402.319322] NVMeVirt: [chmodel_init] bandwidth 800 max_credits 26 tx_time 152
[90402.322377] NVMeVirt: [chmodel_init] bandwidth 800 max_credits 26 tx_time 152
[90402.322387] NVMeVirt: [chmodel_init] bandwidth 3360 max_credits 110 tx_time 36
[90402.322724] NVMeVirt: Init FTL instance with 2 channels (196608 pages)
[90402.325809] NVMeVirt: [chmodel_init] bandwidth 800 max_credits 26 tx_time 152
[90402.328866] NVMeVirt: [chmodel_init] bandwidth 800 max_credits 26 tx_time 152
[90402.328878] NVMeVirt: [chmodel_init] bandwidth 3360 max_credits 110 tx_time 36
[90402.329202] NVMeVirt: Init FTL instance with 2 channels (196608 pages)
[90402.329205] NVMeVirt: FTL physical space: 12883853312, logical space: 12040984403 (physical/logical * 100 = 107)
[90402.329206] NVMeVirt: KSC2026: WBUF_FIX=1 GC_STATS=1
[90402.329206] NVMeVirt: ns 0/1: size 11483 MiB
[90402.329237] PCI host bridge to bus 0001:10
[90402.329238] pci_bus 0001:10: root bus resource [io  0x0000-0xffff]
[90402.329240] pci_bus 0001:10: root bus resource [mem 0x00000000-0x3fffffffffff]
[90402.329241] pci_bus 0001:10: root bus resource [bus 00-ff]
[90402.329247] pci 0001:10:00.0: [0c51:0110] type 00 class 0x010802 PCIe Endpoint
[90402.329249] pci 0001:10:00.0: BAR 0 [mem 0x300000000-0x300003fff 64bit]
[90402.329251] pci 0001:10:00.0: enabling Extended Tags
[90402.329353] NVMeVirt: Virtual PCI bus created (node 0)
[90402.329540] NVMeVirt: nvmev_io_worker_0 started on cpu 4 (node 0)
[90402.329741] NVMeVirt: nvmev_io_worker_1 started on cpu 5 (node 0)
[90402.329753] NVMeVirt: nvmev_dispatcher started on cpu 3 (node 0)
[90402.329831] nvme nvme1: pci function 0001:10:00.0
[90402.333702] nvme nvme1: 1/0/0 default/read/poll queues
[90402.334657] NVMeVirt: Virtual NVMe device created
[90408.368851] KSC2026-MARK map16k_bs64k_r3 fio-start 1791466171138216797
[90414.061847] NVMeVirt: KSC2026: first GC part=0 victim line=103 vpc=469 ipc=43 free_lines=2 host_pgs=194560
[90414.061891] NVMeVirt: KSC2026: first GC part=1 victim line=103 vpc=469 ipc=43 free_lines=2 host_pgs=194560
[90414.061930] NVMeVirt: KSC2026: first GC part=2 victim line=103 vpc=469 ipc=43 free_lines=2 host_pgs=194560
[90414.061968] NVMeVirt: KSC2026: first GC part=3 victim line=103 vpc=469 ipc=43 free_lines=2 host_pgs=194560
[90469.405720] KSC2026-MARK map16k_bs64k_r3 fio-end
[90469.410554] KSC2026-MARK map16k_bs64k_r3 rmmod 1791466232181715399
[90469.466695] pci_bus 0001:10: busn_res: [bus 10-ff] is released
[90469.466882] NVMeVirt: KSC2026: stats part=0 host_pgs=467094 gc_pgs=1180466 gc_cnt=2837 free_lines=2
[90469.466884] NVMeVirt: KSC2026: stats part=1 host_pgs=467094 gc_pgs=1180466 gc_cnt=2837 free_lines=2
[90469.466885] NVMeVirt: KSC2026: stats part=2 host_pgs=467094 gc_pgs=1180466 gc_cnt=2837 free_lines=2
[90469.466886] NVMeVirt: KSC2026: stats part=3 host_pgs=467094 gc_pgs=1180466 gc_cnt=2837 free_lines=2
[90469.494276] NVMeVirt: Virtual NVMe device closed
