500, 1391408, 1, 0, 0
1000, 1387576, 1, 0, 0
1500, 1390096, 1, 0, 0
2000, 1389632, 1, 0, 0
2500, 1387568, 1, 0, 0
3000, 1384680, 1, 0, 0
3500, 1385584, 1, 0, 0
4000, 1391208, 1, 0, 0
4500, 1388288, 1, 0, 0
5000, 1368776, 1, 0, 0
5500, 1388192, 1, 0, 0
6000, 1388448, 1, 0, 0
6500, 1392360, 1, 0, 0
7000, 1391896, 1, 0, 0
7500, 1384112, 1, 0, 0
8000, 1297512, 1, 0, 0
8500, 433056, 1, 0, 0
9000, 430717, 1, 0, 0
9500, 315424, 1, 0, 0
10000, 338840, 1, 0, 0
10500, 382760, 1, 0, 0
11000, 453928, 1, 0, 0
11500, 671176, 1, 0, 0
12000, 674160, 1, 0, 0
12500, 424424, 1, 0, 0
13000, 511608, 1, 0, 0
13500, 546328, 1, 0, 0
14000, 440256, 1, 0, 0
14500, 594568, 1, 0, 0
