500, 91280, 1, 0, 0
1000, 91514, 1, 0, 0
1500, 91338, 1, 0, 0
2000, 91375, 1, 0, 0
2500, 91510, 1, 0, 0
3000, 91699, 1, 0, 0
3500, 91630, 1, 0, 0
4000, 91274, 1, 0, 0
4500, 91457, 1, 0, 0
5000, 92750, 1, 0, 0
5500, 91475, 1, 0, 0
6000, 91447, 1, 0, 0
6500, 91198, 1, 0, 0
7000, 91222, 1, 0, 0
7500, 91732, 1, 0, 0
8000, 97790, 1, 0, 0
8509, 292028, 1, 0, 0
9007, 298221, 1, 0, 0
9503, 399746, 1, 0, 0
10001, 380290, 1, 0, 0
10501, 333754, 1, 0, 0
11008, 282312, 1, 0, 0
11500, 190654, 1, 0, 0
12009, 188579, 1, 0, 0
12509, 301022, 1, 0, 0
13002, 248011, 1, 0, 0
13509, 234612, 1, 0, 0
14000, 290975, 1, 0, 0
14500, 214545, 1, 0, 0
15000, 305544, 1, 0, 0
15000, 267657, 1, 0, 0
