500, 599, 1, 0, 0
1000, 602, 1, 0, 0
1500, 599, 1, 0, 0
2000, 600, 1, 0, 0
2500, 602, 1, 0, 0
3000, 605, 1, 0, 0
3500, 604, 1, 0, 0
4000, 600, 1, 0, 0
4500, 602, 1, 0, 0
5000, 629, 1, 0, 0
5500, 601, 1, 0, 0
6000, 601, 1, 0, 0
6500, 598, 1, 0, 0
7000, 599, 1, 0, 0
7500, 606, 1, 0, 0
8000, 602, 1, 0, 0
8509, 602, 1, 0, 0
9007, 603, 1, 0, 0
9503, 601, 1, 0, 0
10001, 623, 1, 0, 0
10501, 675, 1, 0, 0
11008, 659, 1, 0, 0
11500, 659, 1, 0, 0
12009, 657, 1, 0, 0
12509, 657, 1, 0, 0
13002, 655, 1, 0, 0
13509, 655, 1, 0, 0
14000, 665, 1, 0, 0
14500, 655, 1, 0, 0
15000, 664, 1, 0, 0
