500, 91879, 1, 0, 0
1000, 92116, 1, 0, 0
1500, 91938, 1, 0, 0
2000, 91976, 1, 0, 0
2500, 92112, 1, 0, 0
3000, 92303, 1, 0, 0
3500, 92234, 1, 0, 0
4000, 91874, 1, 0, 0
4500, 92059, 1, 0, 0
5000, 93379, 1, 0, 0
5500, 92076, 1, 0, 0
6000, 92048, 1, 0, 0
6500, 91797, 1, 0, 0
7000, 91821, 1, 0, 0
7500, 92338, 1, 0, 0
8000, 98392, 1, 0, 0
8509, 292630, 1, 0, 0
9007, 298824, 1, 0, 0
9503, 400346, 1, 0, 0
10001, 380913, 1, 0, 0
10501, 334429, 1, 0, 0
11008, 282971, 1, 0, 0
11500, 191312, 1, 0, 0
12009, 189236, 1, 0, 0
12509, 301679, 1, 0, 0
13002, 248666, 1, 0, 0
13509, 235267, 1, 0, 0
14000, 291640, 1, 0, 0
14500, 215199, 1, 0, 0
15000, 306208, 1, 0, 0
15000, 268295, 1, 0, 0
