500, 2271360, 1, 0, 0
1000, 2269520, 1, 0, 0
1500, 2264480, 1, 0, 0
2000, 2262128, 1, 0, 0
2500, 2270496, 1, 0, 0
3000, 2252448, 1, 0, 0
3500, 2270576, 1, 0, 0
4000, 2263952, 1, 0, 0
4500, 2263280, 1, 0, 0
5000, 2264016, 1, 0, 0
5500, 2252704, 1, 0, 0
6000, 179968, 1, 0, 0
6500, 124537, 1, 0, 0
7000, 133312, 1, 0, 0
7500, 146112, 1, 0, 0
8000, 148992, 1, 0, 0
8500, 159488, 1, 0, 0
9000, 169216, 1, 0, 0
9500, 178048, 1, 0, 0
10000, 189056, 1, 0, 0
10500, 171392, 1, 0, 0
11000, 201344, 1, 0, 0
11500, 184576, 1, 0, 0
12000, 184320, 1, 0, 0
12500, 240512, 1, 0, 0
13000, 243200, 1, 0, 0
13500, 181632, 1, 0, 0
14000, 177312, 1, 0, 0
14500, 168032, 1, 0, 0
15000, 197120, 1, 0, 0
15500, 215808, 1, 0, 0
16000, 207232, 1, 0, 0
16500, 211200, 1, 0, 0
17000, 224961, 1, 0, 0
17500, 178304, 1, 0, 0
18000, 221568, 1, 0, 0
18500, 143616, 1, 0, 0
19000, 172672, 1, 0, 0
19500, 156480, 1, 0, 0
20000, 158400, 1, 0, 0
20500, 215680, 1, 0, 0
21000, 183808, 1, 0, 0
21500, 225280, 1, 0, 0
22000, 249216, 1, 0, 0
22500, 260992, 1, 0, 0
23000, 245376, 1, 0, 0
23500, 261888, 1, 0, 0
24000, 205696, 1, 0, 0
24500, 215552, 1, 0, 0
25000, 166144, 1, 0, 0
25500, 258688, 1, 0, 0
26000, 264064, 1, 0, 0
26500, 183552, 1, 0, 0
27000, 285184, 1, 0, 0
27500, 277504, 1, 0, 0
28001, 306432, 1, 0, 0
28500, 197771, 1, 0, 0
29000, 222592, 1, 0, 0
29500, 322304, 1, 0, 0
30000, 265248, 1, 0, 0
30500, 284256, 1, 0, 0
31000, 227200, 1, 0, 0
31500, 271360, 1, 0, 0
32000, 230912, 1, 0, 0
32500, 318464, 1, 0, 0
33000, 201344, 1, 0, 0
33500, 221952, 1, 0, 0
34000, 219648, 1, 0, 0
34500, 212736, 1, 0, 0
35000, 241920, 1, 0, 0
35500, 227712, 1, 0, 0
36000, 310784, 1, 0, 0
36500, 352256, 1, 0, 0
37000, 360576, 1, 0, 0
37500, 257664, 1, 0, 0
38000, 333824, 1, 0, 0
38500, 288896, 1, 0, 0
39000, 430464, 1, 0, 0
39500, 507520, 1, 0, 0
40000, 344704, 1, 0, 0
40500, 323328, 1, 0, 0
41000, 340008, 1, 0, 0
41500, 353408, 1, 0, 0
42000, 383392, 1, 0, 0
42500, 655024, 1, 0, 0
43000, 534944, 1, 0, 0
43500, 769920, 1, 0, 0
44000, 697728, 1, 0, 0
44500, 764416, 1, 0, 0
45000, 1358016, 1, 0, 0
45500, 1518272, 1, 0, 0
46000, 123392, 1, 0, 0
46500, 131072, 1, 0, 0
47000, 135424, 1, 0, 0
47500, 148032, 1, 0, 0
48000, 151104, 1, 0, 0
48500, 158528, 1, 0, 0
49000, 178981, 1, 0, 0
49500, 174848, 1, 0, 0
50000, 197120, 1, 0, 0
50500, 204544, 1, 0, 0
51000, 207040, 1, 0, 0
51500, 149824, 1, 0, 0
52000, 169088, 1, 0, 0
52500, 233728, 1, 0, 0
53000, 218752, 1, 0, 0
53500, 184704, 1, 0, 0
54000, 200592, 1, 0, 0
54500, 189168, 1, 0, 0
55000, 203264, 1, 0, 0
55500, 203520, 1, 0, 0
56000, 204160, 1, 0, 0
56500, 237184, 1, 0, 0
57000, 174720, 1, 0, 0
57500, 191488, 1, 0, 0
58000, 244992, 1, 0, 0
58500, 239488, 1, 0, 0
59000, 168576, 1, 0, 0
59500, 229835, 1, 0, 0
60000, 202880, 1, 0, 0
