500, 283920, 1, 0, 0
1000, 283684, 1, 0, 0
1500, 283060, 1, 0, 0
2000, 282766, 1, 0, 0
2500, 283812, 1, 0, 0
3000, 281556, 1, 0, 0
3500, 283822, 1, 0, 0
4000, 282994, 1, 0, 0
4500, 282910, 1, 0, 0
5000, 283002, 1, 0, 0
5500, 281588, 1, 0, 0
6000, 22496, 1, 0, 0
6500, 15567, 1, 0, 0
7000, 16664, 1, 0, 0
7500, 18264, 1, 0, 0
8000, 18624, 1, 0, 0
8500, 19936, 1, 0, 0
9000, 21152, 1, 0, 0
9500, 22256, 1, 0, 0
10000, 23632, 1, 0, 0
10500, 21424, 1, 0, 0
11000, 25168, 1, 0, 0
11500, 23072, 1, 0, 0
12000, 23040, 1, 0, 0
12500, 30064, 1, 0, 0
13000, 30400, 1, 0, 0
13500, 22704, 1, 0, 0
14000, 22164, 1, 0, 0
14500, 21004, 1, 0, 0
15000, 24640, 1, 0, 0
15500, 26976, 1, 0, 0
16000, 25904, 1, 0, 0
16500, 26400, 1, 0, 0
17000, 28120, 1, 0, 0
17500, 22288, 1, 0, 0
18000, 27696, 1, 0, 0
18500, 17952, 1, 0, 0
19000, 21584, 1, 0, 0
19500, 19560, 1, 0, 0
20000, 19800, 1, 0, 0
20500, 26960, 1, 0, 0
21000, 22976, 1, 0, 0
21500, 28160, 1, 0, 0
22000, 31152, 1, 0, 0
22500, 32624, 1, 0, 0
23000, 30672, 1, 0, 0
23500, 32736, 1, 0, 0
24000, 25712, 1, 0, 0
24500, 26944, 1, 0, 0
25000, 20768, 1, 0, 0
25500, 32336, 1, 0, 0
26000, 33008, 1, 0, 0
26500, 22944, 1, 0, 0
27000, 35648, 1, 0, 0
27500, 34688, 1, 0, 0
28001, 38304, 1, 0, 0
28500, 24721, 1, 0, 0
29000, 27824, 1, 0, 0
29500, 40288, 1, 0, 0
30000, 33156, 1, 0, 0
30500, 35532, 1, 0, 0
31000, 28400, 1, 0, 0
31500, 33920, 1, 0, 0
32000, 28864, 1, 0, 0
32500, 39808, 1, 0, 0
33000, 25168, 1, 0, 0
33500, 27744, 1, 0, 0
34000, 27456, 1, 0, 0
34500, 26592, 1, 0, 0
35000, 30240, 1, 0, 0
35500, 28464, 1, 0, 0
36000, 38848, 1, 0, 0
36500, 44032, 1, 0, 0
37000, 45072, 1, 0, 0
37500, 32208, 1, 0, 0
38000, 41728, 1, 0, 0
38500, 36112, 1, 0, 0
39000, 53808, 1, 0, 0
39500, 63440, 1, 0, 0
40000, 43088, 1, 0, 0
40500, 40416, 1, 0, 0
41000, 42501, 1, 0, 0
41500, 44176, 1, 0, 0
42000, 47924, 1, 0, 0
42500, 81880, 1, 0, 0
43000, 66868, 1, 0, 0
43500, 96240, 1, 0, 0
44000, 87216, 1, 0, 0
44500, 95552, 1, 0, 0
45000, 169752, 1, 0, 0
45500, 189784, 1, 0, 0
46000, 15424, 1, 0, 0
46500, 16384, 1, 0, 0
47000, 16928, 1, 0, 0
47500, 18504, 1, 0, 0
48000, 18888, 1, 0, 0
48500, 19816, 1, 0, 0
49000, 22372, 1, 0, 0
49500, 21856, 1, 0, 0
50000, 24640, 1, 0, 0
50500, 25568, 1, 0, 0
51000, 25880, 1, 0, 0
51500, 18728, 1, 0, 0
52000, 21136, 1, 0, 0
52500, 29216, 1, 0, 0
53000, 27344, 1, 0, 0
53500, 23088, 1, 0, 0
54000, 25074, 1, 0, 0
54500, 23646, 1, 0, 0
55000, 25408, 1, 0, 0
55500, 25440, 1, 0, 0
56000, 25520, 1, 0, 0
56500, 29648, 1, 0, 0
57000, 21840, 1, 0, 0
57500, 23936, 1, 0, 0
58000, 30624, 1, 0, 0
58500, 29936, 1, 0, 0
59000, 21072, 1, 0, 0
59500, 28729, 1, 0, 0
60000, 25360, 1, 0, 0
