500, 975, 1, 0, 0
1000, 982, 1, 0, 0
1500, 998, 1, 0, 0
2000, 972, 1, 0, 0
2500, 972, 1, 0, 0
3000, 987, 1, 0, 0
3500, 978, 1, 0, 0
4000, 1006, 1, 0, 0
4500, 971, 1, 0, 0
5000, 971, 1, 0, 0
5513, 967, 1, 0, 0
6000, 1051, 1, 0, 0
6507, 1047, 1, 0, 0
7000, 986, 1, 0, 0
7513, 1018, 1, 0, 0
8007, 1051, 1, 0, 0
8500, 983, 1, 0, 0
9010, 997, 1, 0, 0
9500, 976, 1, 0, 0
10008, 1048, 1, 0, 0
10505, 992, 1, 0, 0
11010, 987, 1, 0, 0
11501, 980, 1, 0, 0
12008, 985, 1, 0, 0
12513, 978, 1, 0, 0
13002, 976, 1, 0, 0
13501, 985, 1, 0, 0
14000, 993, 1, 0, 0
14510, 1001, 1, 0, 0
15012, 978, 1, 0, 0
15502, 982, 1, 0, 0
16002, 983, 1, 0, 0
16505, 994, 1, 0, 0
17009, 972, 1, 0, 0
17510, 991, 1, 0, 0
18010, 980, 1, 0, 0
18510, 995, 1, 0, 0
19006, 998, 1, 0, 0
19500, 1004, 1, 0, 0
20006, 989, 1, 0, 0
20504, 985, 1, 0, 0
21003, 988, 1, 0, 0
21500, 990, 1, 0, 0
22005, 989, 1, 0, 0
22513, 983, 1, 0, 0
23015, 981, 1, 0, 0
23503, 975, 1, 0, 0
24000, 986, 1, 0, 0
24503, 983, 1, 0, 0
25005, 986, 1, 0, 0
25501, 979, 1, 0, 0
26000, 981, 1, 0, 0
26503, 982, 1, 0, 0
27005, 971, 1, 0, 0
27502, 975, 1, 0, 0
28006, 974, 1, 0, 0
28504, 986, 1, 0, 0
29011, 1008, 1, 0, 0
29515, 974, 1, 0, 0
30000, 987, 1, 0, 0
30505, 974, 1, 0, 0
31006, 974, 1, 0, 0
31503, 979, 1, 0, 0
32002, 977, 1, 0, 0
32509, 979, 1, 0, 0
33008, 979, 1, 0, 0
33511, 976, 1, 0, 0
34012, 980, 1, 0, 0
34510, 979, 1, 0, 0
35000, 985, 1, 0, 0
35510, 979, 1, 0, 0
36013, 981, 1, 0, 0
36511, 975, 1, 0, 0
37006, 979, 1, 0, 0
37509, 982, 1, 0, 0
38001, 984, 1, 0, 0
38508, 978, 1, 0, 0
39007, 975, 1, 0, 0
39505, 974, 1, 0, 0
40006, 975, 1, 0, 0
40511, 982, 1, 0, 0
41000, 975, 1, 0, 0
41506, 1018, 1, 0, 0
42000, 998, 1, 0, 0
42500, 1004, 1, 0, 0
43000, 980, 1, 0, 0
43506, 970, 1, 0, 0
44000, 975, 1, 0, 0
44501, 969, 1, 0, 0
45000, 964, 1, 0, 0
45507, 966, 1, 0, 0
46001, 992, 1, 0, 0
46515, 1055, 1, 0, 0
47008, 992, 1, 0, 0
47500, 985, 1, 0, 0
48010, 1004, 1, 0, 0
48500, 995, 1, 0, 0
49011, 983, 1, 0, 0
49500, 981, 1, 0, 0
50008, 985, 1, 0, 0
50514, 988, 1, 0, 0
51000, 998, 1, 0, 0
51510, 1030, 1, 0, 0
52009, 994, 1, 0, 0
52510, 975, 1, 0, 0
53009, 983, 1, 0, 0
53510, 990, 1, 0, 0
54000, 980, 1, 0, 0
54515, 985, 1, 0, 0
55002, 977, 1, 0, 0
55504, 985, 1, 0, 0
56002, 986, 1, 0, 0
56510, 975, 1, 0, 0
57011, 992, 1, 0, 0
57503, 984, 1, 0, 0
58011, 1003, 1, 0, 0
58500, 978, 1, 0, 0
59009, 1013, 1, 0, 0
59509, 981, 1, 0, 0
60001, 979, 1, 0, 0
