500, 112497, 1, 0, 0
1000, 112617, 1, 0, 0
1500, 112861, 1, 0, 0
2000, 112953, 1, 0, 0
2500, 112556, 1, 0, 0
3000, 113452, 1, 0, 0
3500, 112543, 1, 0, 0
4000, 112874, 1, 0, 0
4500, 112906, 1, 0, 0
5000, 112856, 1, 0, 0
5513, 112582, 1, 0, 0
6000, 1434809, 1, 0, 0
6507, 2014916, 1, 0, 0
7000, 1907309, 1, 0, 0
7513, 1786402, 1, 0, 0
8007, 1692312, 1, 0, 0
8500, 1640664, 1, 0, 0
9010, 1489936, 1, 0, 0
9500, 1410099, 1, 0, 0
10008, 1376997, 1, 0, 0
10505, 1485166, 1, 0, 0
11010, 1282093, 1, 0, 0
11501, 1364789, 1, 0, 0
12008, 1406331, 1, 0, 0
12513, 1074650, 1, 0, 0
13002, 1030263, 1, 0, 0
13501, 1402956, 1, 0, 0
14000, 1498565, 1, 0, 0
14510, 1497213, 1, 0, 0
15012, 1302271, 1, 0, 0
15502, 1160579, 1, 0, 0
16002, 1235216, 1, 0, 0
16505, 1220571, 1, 0, 0
17009, 1150350, 1, 0, 0
17510, 1437775, 1, 0, 0
18010, 1155095, 1, 0, 0
18510, 1784050, 1, 0, 0
19006, 1468072, 1, 0, 0
19500, 1671965, 1, 0, 0
20006, 1582326, 1, 0, 0
20504, 1179850, 1, 0, 0
21003, 1392323, 1, 0, 0
21500, 1130715, 1, 0, 0
22005, 1035565, 1, 0, 0
22513, 996131, 1, 0, 0
23015, 1046093, 1, 0, 0
23503, 953352, 1, 0, 0
24000, 1244544, 1, 0, 0
24503, 1191185, 1, 0, 0
25005, 1544875, 1, 0, 0
25501, 980333, 1, 0, 0
26000, 997415, 1, 0, 0
26503, 1360602, 1, 0, 0
27005, 901032, 1, 0, 0
27502, 916693, 1, 0, 0
28006, 843522, 1, 0, 0
28504, 1293423, 1, 0, 0
29011, 1161629, 1, 0, 0
29515, 801073, 1, 0, 0
30000, 965027, 1, 0, 0
30505, 882010, 1, 0, 0
31006, 1130840, 1, 0, 0
31503, 937777, 1, 0, 0
32002, 1106225, 1, 0, 0
32509, 815693, 1, 0, 0
33008, 1268554, 1, 0, 0
33511, 1160045, 1, 0, 0
34012, 1166732, 1, 0, 0
34510, 1196830, 1, 0, 0
35000, 1069223, 1, 0, 0
35510, 1116743, 1, 0, 0
36013, 827393, 1, 0, 0
36511, 723527, 1, 0, 0
37006, 703311, 1, 0, 0
37509, 1000146, 1, 0, 0
38001, 754043, 1, 0, 0
38508, 897421, 1, 0, 0
39007, 592810, 1, 0, 0
39505, 502257, 1, 0, 0
40006, 745301, 1, 0, 0
40511, 799517, 1, 0, 0
41000, 756011, 1, 0, 0
41506, 717029, 1, 0, 0
42000, 675073, 1, 0, 0
42500, 390587, 1, 0, 0
43000, 478971, 1, 0, 0
43506, 329791, 1, 0, 0
44000, 369148, 1, 0, 0
44501, 330685, 1, 0, 0
45000, 190752, 1, 0, 0
45507, 165115, 1, 0, 0
46001, 2045506, 1, 0, 0
46515, 2007572, 1, 0, 0
47008, 1863915, 1, 0, 0
47500, 1796437, 1, 0, 0
48010, 1642181, 1, 0, 0
48500, 1583738, 1, 0, 0
49011, 1462653, 1, 0, 0
49500, 1435119, 1, 0, 0
50008, 1315781, 1, 0, 0
50514, 1267974, 1, 0, 0
51000, 1241445, 1, 0, 0
51510, 1688667, 1, 0, 0
52009, 1509286, 1, 0, 0
52510, 1097507, 1, 0, 0
53009, 1167470, 1, 0, 0
53510, 1389222, 1, 0, 0
54000, 1285902, 1, 0, 0
54515, 1356371, 1, 0, 0
55002, 1227077, 1, 0, 0
55504, 1259365, 1, 0, 0
56002, 1248004, 1, 0, 0
56510, 1099134, 1, 0, 0
57011, 1470402, 1, 0, 0
57503, 1310202, 1, 0, 0
58011, 1061444, 1, 0, 0
58500, 1079612, 1, 0, 0
59009, 1502064, 1, 0, 0
59509, 1111555, 1, 0, 0
60000, 1244880, 1, 0, 0
60001, 15734890, 1, 0, 0
