500, 111522, 1, 0, 0
1000, 111635, 1, 0, 0
1500, 111862, 1, 0, 0
2000, 111981, 1, 0, 0
2500, 111584, 1, 0, 0
3000, 112465, 1, 0, 0
3500, 111565, 1, 0, 0
4000, 111868, 1, 0, 0
4500, 111935, 1, 0, 0
5000, 111885, 1, 0, 0
5513, 111615, 1, 0, 0
6000, 1433755, 1, 0, 0
6507, 2013868, 1, 0, 0
7000, 1906322, 1, 0, 0
7513, 1785385, 1, 0, 0
8007, 1691261, 1, 0, 0
8500, 1639681, 1, 0, 0
9010, 1488939, 1, 0, 0
9500, 1409123, 1, 0, 0
10008, 1375949, 1, 0, 0
10505, 1484174, 1, 0, 0
11010, 1281106, 1, 0, 0
11501, 1363809, 1, 0, 0
12008, 1405347, 1, 0, 0
12513, 1073673, 1, 0, 0
13002, 1029287, 1, 0, 0
13501, 1401971, 1, 0, 0
14000, 1497572, 1, 0, 0
14510, 1496212, 1, 0, 0
15012, 1301293, 1, 0, 0
15502, 1159597, 1, 0, 0
16002, 1234233, 1, 0, 0
16505, 1219577, 1, 0, 0
17009, 1149377, 1, 0, 0
17510, 1436784, 1, 0, 0
18010, 1154114, 1, 0, 0
18510, 1783055, 1, 0, 0
19006, 1467073, 1, 0, 0
19500, 1670961, 1, 0, 0
20006, 1581337, 1, 0, 0
20504, 1178864, 1, 0, 0
21003, 1391335, 1, 0, 0
21500, 1129725, 1, 0, 0
22005, 1034576, 1, 0, 0
22513, 995148, 1, 0, 0
23015, 1045112, 1, 0, 0
23503, 952377, 1, 0, 0
24000, 1243558, 1, 0, 0
24503, 1190202, 1, 0, 0
25005, 1543888, 1, 0, 0
25501, 979353, 1, 0, 0
26000, 996433, 1, 0, 0
26503, 1359620, 1, 0, 0
27005, 900061, 1, 0, 0
27502, 915719, 1, 0, 0
28006, 842548, 1, 0, 0
28504, 1292437, 1, 0, 0
29011, 1160621, 1, 0, 0
29515, 800099, 1, 0, 0
30000, 964040, 1, 0, 0
30505, 881036, 1, 0, 0
31006, 1129866, 1, 0, 0
31503, 936798, 1, 0, 0
32002, 1105248, 1, 0, 0
32509, 814714, 1, 0, 0
33008, 1267575, 1, 0, 0
33511, 1159069, 1, 0, 0
34012, 1165752, 1, 0, 0
34510, 1195850, 1, 0, 0
35000, 1068238, 1, 0, 0
35510, 1115764, 1, 0, 0
36013, 826412, 1, 0, 0
36511, 722552, 1, 0, 0
37006, 702333, 1, 0, 0
37509, 999164, 1, 0, 0
38001, 753059, 1, 0, 0
38508, 896443, 1, 0, 0
39007, 591835, 1, 0, 0
39505, 501284, 1, 0, 0
40006, 744326, 1, 0, 0
40511, 798535, 1, 0, 0
41000, 755036, 1, 0, 0
41506, 716011, 1, 0, 0
42000, 674075, 1, 0, 0
42500, 389584, 1, 0, 0
43000, 477991, 1, 0, 0
43506, 328822, 1, 0, 0
44000, 368173, 1, 0, 0
44501, 329715, 1, 0, 0
45000, 189787, 1, 0, 0
45507, 164150, 1, 0, 0
46001, 2044514, 1, 0, 0
46515, 2006518, 1, 0, 0
47008, 1862923, 1, 0, 0
47500, 1795452, 1, 0, 0
48010, 1641177, 1, 0, 0
48500, 1582743, 1, 0, 0
49011, 1461670, 1, 0, 0
49500, 1434138, 1, 0, 0
50008, 1314796, 1, 0, 0
50514, 1266986, 1, 0, 0
51000, 1240446, 1, 0, 0
51510, 1687637, 1, 0, 0
52009, 1508293, 1, 0, 0
52510, 1096532, 1, 0, 0
53009, 1166488, 1, 0, 0
53510, 1388232, 1, 0, 0
54000, 1284922, 1, 0, 0
54515, 1355386, 1, 0, 0
55002, 1226099, 1, 0, 0
55504, 1258380, 1, 0, 0
56002, 1247018, 1, 0, 0
56510, 1098159, 1, 0, 0
57011, 1469410, 1, 0, 0
57503, 1309218, 1, 0, 0
58011, 1060441, 1, 0, 0
58500, 1078634, 1, 0, 0
59009, 1501051, 1, 0, 0
59509, 1110574, 1, 0, 0
60000, 1243901, 1, 0, 0
60001, 15733909, 1, 0, 0
