500, 114328, 1, 0, 0
1000, 115219, 1, 0, 0
1500, 114375, 1, 0, 0
2000, 114242, 1, 0, 0
2500, 114153, 1, 0, 0
3000, 114639, 1, 0, 0
3500, 114396, 1, 0, 0
4000, 114445, 1, 0, 0
4500, 114698, 1, 0, 0
5000, 114681, 1, 0, 0
5500, 114130, 1, 0, 0
6000, 486045, 1, 0, 0
6513, 1947770, 1, 0, 0
7005, 1861448, 1, 0, 0
7500, 1859228, 1, 0, 0
8001, 1797095, 1, 0, 0
8504, 1755270, 1, 0, 0
9011, 1647010, 1, 0, 0
9515, 1575424, 1, 0, 0
10001, 1432259, 1, 0, 0
10500, 1544334, 1, 0, 0
11010, 1433526, 1, 0, 0
11508, 1361693, 1, 0, 0
12010, 1509962, 1, 0, 0
12508, 1509852, 1, 0, 0
13009, 1140933, 1, 0, 0
13511, 1403340, 1, 0, 0
14000, 1556245, 1, 0, 0
14503, 1322791, 1, 0, 0
15001, 1395795, 1, 0, 0
15502, 1298644, 1, 0, 0
16007, 1534652, 1, 0, 0
16503, 1605292, 1, 0, 0
17008, 1481774, 1, 0, 0
17509, 1475831, 1, 0, 0
18011, 1502558, 1, 0, 0
18500, 1420318, 1, 0, 0
19001, 1376486, 1, 0, 0
19500, 1483010, 1, 0, 0
20000, 1412469, 1, 0, 0
20508, 1235515, 1, 0, 0
21004, 1210829, 1, 0, 0
21502, 1442142, 1, 0, 0
22000, 1456468, 1, 0, 0
22505, 1262797, 1, 0, 0
23005, 1336035, 1, 0, 0
23504, 1332080, 1, 0, 0
24013, 1151936, 1, 0, 0
24500, 1251261, 1, 0, 0
25004, 1218710, 1, 0, 0
25508, 1433263, 1, 0, 0
26007, 1243045, 1, 0, 0
26505, 1235147, 1, 0, 0
27000, 1290632, 1, 0, 0
27512, 1025105, 1, 0, 0
28008, 1264481, 1, 0, 0
28500, 1289579, 1, 0, 0
29002, 1057288, 1, 0, 0
29500, 1368927, 1, 0, 0
30004, 1269540, 1, 0, 0
30507, 1261454, 1, 0, 0
31000, 1425901, 1, 0, 0
31502, 1201857, 1, 0, 0
32000, 1042984, 1, 0, 0
32507, 1013373, 1, 0, 0
33010, 1143687, 1, 0, 0
33506, 1147345, 1, 0, 0
34009, 1143107, 1, 0, 0
34502, 1190957, 1, 0, 0
35011, 1160157, 1, 0, 0
35500, 1184267, 1, 0, 0
36005, 1169812, 1, 0, 0
36509, 1128023, 1, 0, 0
37000, 1146665, 1, 0, 0
37502, 1047149, 1, 0, 0
38008, 966144, 1, 0, 0
38501, 1077343, 1, 0, 0
39011, 1096364, 1, 0, 0
39507, 1031473, 1, 0, 0
40012, 1031377, 1, 0, 0
40507, 948210, 1, 0, 0
41000, 929753, 1, 0, 0
41502, 876426, 1, 0, 0
42002, 943219, 1, 0, 0
42500, 914430, 1, 0, 0
43000, 889537, 1, 0, 0
43509, 826792, 1, 0, 0
44000, 829794, 1, 0, 0
44500, 708377, 1, 0, 0
45001, 738775, 1, 0, 0
45509, 712624, 1, 0, 0
46002, 671624, 1, 0, 0
46504, 641052, 1, 0, 0
47000, 630296, 1, 0, 0
47503, 568665, 1, 0, 0
48004, 468148, 1, 0, 0
48500, 440099, 1, 0, 0
49000, 392199, 1, 0, 0
49500, 357755, 1, 0, 0
50000, 165960, 1, 0, 0
50501, 238247, 1, 0, 0
51008, 2151654, 1, 0, 0
51500, 2074903, 1, 0, 0
52004, 1936635, 1, 0, 0
52515, 1712353, 1, 0, 0
53012, 1883727, 1, 0, 0
53500, 1706525, 1, 0, 0
54000, 1706632, 1, 0, 0
54500, 1587138, 1, 0, 0
55003, 1444321, 1, 0, 0
55504, 1377184, 1, 0, 0
56000, 1481458, 1, 0, 0
56500, 1310006, 1, 0, 0
57007, 1307917, 1, 0, 0
57500, 1376181, 1, 0, 0
58002, 1487779, 1, 0, 0
58509, 1366459, 1, 0, 0
59013, 1626480, 1, 0, 0
59505, 1532677, 1, 0, 0
60000, 1523122, 1, 0, 0
60000, 292061, 1, 0, 0
