500, 2238912, 1, 0, 0
1000, 2217971, 1, 0, 0
1500, 2234288, 1, 0, 0
2000, 2236848, 1, 0, 0
2500, 2238976, 1, 0, 0
3000, 2228992, 1, 0, 0
3500, 2237675, 1, 0, 0
4000, 2232880, 1, 0, 0
4500, 2227808, 1, 0, 0
5000, 2228160, 1, 0, 0
5500, 2242949, 1, 0, 0
6000, 506752, 1, 0, 0
6500, 134848, 1, 0, 0
7000, 135552, 1, 0, 0
7500, 141888, 1, 0, 0
8000, 136896, 1, 0, 0
8500, 147366, 1, 0, 0
9000, 157056, 1, 0, 0
9500, 163648, 1, 0, 0
10000, 173760, 1, 0, 0
10501, 173808, 1, 0, 0
11000, 174573, 1, 0, 0
11500, 187328, 1, 0, 0
12000, 170240, 1, 0, 0
12500, 168448, 1, 0, 0
13000, 224320, 1, 0, 0
13500, 184128, 1, 0, 0
14000, 163360, 1, 0, 0
14500, 191072, 1, 0, 0
15000, 182144, 1, 0, 0
15500, 198144, 1, 0, 0
16000, 168384, 1, 0, 0
16500, 158208, 1, 0, 0
17000, 174528, 1, 0, 0
17500, 174400, 1, 0, 0
18000, 170688, 1, 0, 0
18500, 183824, 1, 0, 0
19000, 178709, 1, 0, 0
19500, 177024, 1, 0, 0
20000, 181952, 1, 0, 0
20500, 204608, 1, 0, 0
21000, 209088, 1, 0, 0
21500, 176640, 1, 0, 0
22000, 180416, 1, 0, 0
22500, 198336, 1, 0, 0
23000, 192384, 1, 0, 0
23500, 191680, 1, 0, 0
24000, 225024, 1, 0, 0
24500, 207936, 1, 0, 0
25000, 203200, 1, 0, 0
25500, 180608, 1, 0, 0
26000, 205824, 1, 0, 0
26500, 205760, 1, 0, 0
27000, 202420, 1, 0, 0
27500, 248352, 1, 0, 0
28000, 200768, 1, 0, 0
28500, 201344, 1, 0, 0
29000, 236160, 1, 0, 0
29500, 191488, 1, 0, 0
30000, 197696, 1, 0, 0
30500, 204672, 1, 0, 0
31000, 182080, 1, 0, 0
31500, 207744, 1, 0, 0
32000, 251776, 1, 0, 0
32500, 247424, 1, 0, 0
33000, 225280, 1, 0, 0
33500, 222016, 1, 0, 0
34000, 224768, 1, 0, 0
34500, 212032, 1, 0, 0
35000, 225088, 1, 0, 0
35500, 217984, 1, 0, 0
36000, 214509, 1, 0, 0
36500, 229440, 1, 0, 0
37000, 224384, 1, 0, 0
37500, 239040, 1, 0, 0
38000, 268864, 1, 0, 0
38500, 233280, 1, 0, 0
39000, 238464, 1, 0, 0
39500, 246144, 1, 0, 0
40000, 250368, 1, 0, 0
40500, 267136, 1, 0, 0
41000, 279744, 1, 0, 0
41500, 285184, 1, 0, 0
42000, 270912, 1, 0, 0
42500, 280256, 1, 0, 0
43000, 295616, 1, 0, 0
43500, 307072, 1, 0, 0
44000, 311232, 1, 0, 0
44500, 360512, 1, 0, 0
45000, 337088, 1, 0, 0
45500, 365312, 1, 0, 0
46000, 376192, 1, 0, 0
46500, 402276, 1, 0, 0
47000, 411088, 1, 0, 0
47500, 444208, 1, 0, 0
48000, 547776, 1, 0, 0
48500, 588032, 1, 0, 0
49000, 652608, 1, 0, 0
49500, 714240, 1, 0, 0
50000, 1541952, 1, 0, 0
50500, 1039552, 1, 0, 0
51000, 120768, 1, 0, 0
51500, 125696, 1, 0, 0
52000, 128640, 1, 0, 0
52500, 152704, 1, 0, 0
53000, 135552, 1, 0, 0
53500, 152256, 1, 0, 0
54000, 151088, 1, 0, 0
54500, 159104, 1, 0, 0
55000, 172032, 1, 0, 0
55500, 187254, 1, 0, 0
56000, 176320, 1, 0, 0
56500, 195456, 1, 0, 0
57000, 192128, 1, 0, 0
57500, 189504, 1, 0, 0
58000, 168384, 1, 0, 0
58500, 189120, 1, 0, 0
59000, 158656, 1, 0, 0
59500, 164736, 1, 0, 0
