500, 113313, 1, 0, 0
1000, 114203, 1, 0, 0
1500, 113368, 1, 0, 0
2000, 113255, 1, 0, 0
2500, 113137, 1, 0, 0
3000, 113612, 1, 0, 0
3500, 113408, 1, 0, 0
4000, 113452, 1, 0, 0
4500, 113700, 1, 0, 0
5000, 113662, 1, 0, 0
5500, 113145, 1, 0, 0
6000, 485059, 1, 0, 0
6513, 1946750, 1, 0, 0
7005, 1860445, 1, 0, 0
7500, 1858202, 1, 0, 0
8001, 1796085, 1, 0, 0
8504, 1754238, 1, 0, 0
9011, 1645964, 1, 0, 0
9515, 1574357, 1, 0, 0
10001, 1431256, 1, 0, 0
10500, 1543336, 1, 0, 0
11010, 1432511, 1, 0, 0
11508, 1360583, 1, 0, 0
12010, 1508939, 1, 0, 0
12508, 1508827, 1, 0, 0
13009, 1139944, 1, 0, 0
13511, 1402288, 1, 0, 0
14000, 1555237, 1, 0, 0
14503, 1321793, 1, 0, 0
15001, 1394782, 1, 0, 0
15502, 1297655, 1, 0, 0
16007, 1533605, 1, 0, 0
16503, 1604262, 1, 0, 0
17008, 1480753, 1, 0, 0
17509, 1474795, 1, 0, 0
18011, 1501551, 1, 0, 0
18500, 1419305, 1, 0, 0
19001, 1375462, 1, 0, 0
19500, 1481998, 1, 0, 0
20000, 1411463, 1, 0, 0
20508, 1234514, 1, 0, 0
21004, 1209824, 1, 0, 0
21502, 1441081, 1, 0, 0
22000, 1455435, 1, 0, 0
22505, 1261783, 1, 0, 0
23005, 1334939, 1, 0, 0
23504, 1331061, 1, 0, 0
24013, 1150943, 1, 0, 0
24500, 1250253, 1, 0, 0
25004, 1217717, 1, 0, 0
25508, 1432207, 1, 0, 0
26007, 1242036, 1, 0, 0
26505, 1234145, 1, 0, 0
27000, 1289636, 1, 0, 0
27512, 1024111, 1, 0, 0
28008, 1263471, 1, 0, 0
28500, 1288574, 1, 0, 0
29002, 1056265, 1, 0, 0
29500, 1367926, 1, 0, 0
30004, 1268532, 1, 0, 0
30507, 1260435, 1, 0, 0
31000, 1424899, 1, 0, 0
31502, 1200855, 1, 0, 0
32000, 1041839, 1, 0, 0
32507, 1012360, 1, 0, 0
33010, 1142686, 1, 0, 0
33506, 1146352, 1, 0, 0
34009, 1142105, 1, 0, 0
34502, 1189952, 1, 0, 0
35011, 1159156, 1, 0, 0
35500, 1183254, 1, 0, 0
36005, 1168805, 1, 0, 0
36509, 1127018, 1, 0, 0
37000, 1145669, 1, 0, 0
37502, 1046138, 1, 0, 0
38008, 965149, 1, 0, 0
38501, 1076339, 1, 0, 0
39011, 1095363, 1, 0, 0
39507, 1030465, 1, 0, 0
40012, 1030378, 1, 0, 0
40507, 947212, 1, 0, 0
41000, 928748, 1, 0, 0
41502, 875423, 1, 0, 0
42002, 942213, 1, 0, 0
42500, 913416, 1, 0, 0
43000, 888520, 1, 0, 0
43509, 825697, 1, 0, 0
44000, 828780, 1, 0, 0
44500, 707363, 1, 0, 0
45001, 737779, 1, 0, 0
45509, 711616, 1, 0, 0
46002, 670626, 1, 0, 0
46504, 640052, 1, 0, 0
47000, 629300, 1, 0, 0
47503, 567665, 1, 0, 0
48004, 467149, 1, 0, 0
48500, 439098, 1, 0, 0
49000, 391203, 1, 0, 0
49500, 356742, 1, 0, 0
50000, 164973, 1, 0, 0
50501, 237258, 1, 0, 0
51008, 2150636, 1, 0, 0
51500, 2073837, 1, 0, 0
52004, 1935620, 1, 0, 0
52515, 1711352, 1, 0, 0
53012, 1882697, 1, 0, 0
53500, 1705456, 1, 0, 0
54000, 1705628, 1, 0, 0
54500, 1586091, 1, 0, 0
55003, 1443304, 1, 0, 0
55504, 1376186, 1, 0, 0
56000, 1480454, 1, 0, 0
56500, 1308960, 1, 0, 0
57007, 1306918, 1, 0, 0
57500, 1375141, 1, 0, 0
58002, 1486692, 1, 0, 0
58509, 1365443, 1, 0, 0
59013, 1625477, 1, 0, 0
59505, 1531667, 1, 0, 0
60000, 1522114, 1, 0, 0
60000, 291092, 1, 0, 0
