500, 279870, 1, 0, 0
1000, 277238, 1, 0, 0
1500, 279288, 1, 0, 0
2000, 279606, 1, 0, 0
2500, 279872, 1, 0, 0
3000, 278624, 1, 0, 0
3500, 279709, 1, 0, 0
4000, 279110, 1, 0, 0
4500, 278476, 1, 0, 0
5000, 278520, 1, 0, 0
5500, 280368, 1, 0, 0
6000, 63344, 1, 0, 0
6500, 16856, 1, 0, 0
7000, 16944, 1, 0, 0
7500, 17736, 1, 0, 0
8000, 17112, 1, 0, 0
8500, 18420, 1, 0, 0
9000, 19632, 1, 0, 0
9500, 20456, 1, 0, 0
10000, 21720, 1, 0, 0
10501, 21726, 1, 0, 0
11000, 21821, 1, 0, 0
11500, 23416, 1, 0, 0
12000, 21280, 1, 0, 0
12500, 21056, 1, 0, 0
13000, 28040, 1, 0, 0
13500, 23016, 1, 0, 0
14000, 20420, 1, 0, 0
14500, 23884, 1, 0, 0
15000, 22768, 1, 0, 0
15500, 24768, 1, 0, 0
16000, 21048, 1, 0, 0
16500, 19776, 1, 0, 0
17000, 21816, 1, 0, 0
17500, 21800, 1, 0, 0
18000, 21336, 1, 0, 0
18500, 22978, 1, 0, 0
19000, 22338, 1, 0, 0
19500, 22128, 1, 0, 0
20000, 22744, 1, 0, 0
20500, 25576, 1, 0, 0
21000, 26136, 1, 0, 0
21500, 22080, 1, 0, 0
22000, 22552, 1, 0, 0
22500, 24792, 1, 0, 0
23000, 24048, 1, 0, 0
23500, 23960, 1, 0, 0
24000, 28128, 1, 0, 0
24500, 25992, 1, 0, 0
25000, 25400, 1, 0, 0
25500, 22576, 1, 0, 0
26000, 25728, 1, 0, 0
26500, 25720, 1, 0, 0
27000, 25302, 1, 0, 0
27500, 31044, 1, 0, 0
28000, 25096, 1, 0, 0
28500, 25168, 1, 0, 0
29000, 29520, 1, 0, 0
29500, 23936, 1, 0, 0
30000, 24712, 1, 0, 0
30500, 25584, 1, 0, 0
31000, 22760, 1, 0, 0
31500, 25968, 1, 0, 0
32000, 31472, 1, 0, 0
32500, 30928, 1, 0, 0
33000, 28160, 1, 0, 0
33500, 27752, 1, 0, 0
34000, 28096, 1, 0, 0
34500, 26504, 1, 0, 0
35000, 28136, 1, 0, 0
35500, 27248, 1, 0, 0
36000, 26813, 1, 0, 0
36500, 28680, 1, 0, 0
37000, 28048, 1, 0, 0
37500, 29880, 1, 0, 0
38000, 33608, 1, 0, 0
38500, 29160, 1, 0, 0
39000, 29808, 1, 0, 0
39500, 30768, 1, 0, 0
40000, 31296, 1, 0, 0
40500, 33392, 1, 0, 0
41000, 34968, 1, 0, 0
41500, 35648, 1, 0, 0
42000, 33864, 1, 0, 0
42500, 35032, 1, 0, 0
43000, 36952, 1, 0, 0
43500, 38384, 1, 0, 0
44000, 38904, 1, 0, 0
44500, 45064, 1, 0, 0
45000, 42136, 1, 0, 0
45500, 45664, 1, 0, 0
46000, 47024, 1, 0, 0
46500, 50284, 1, 0, 0
47000, 51386, 1, 0, 0
47500, 55526, 1, 0, 0
48000, 68472, 1, 0, 0
48500, 73504, 1, 0, 0
49000, 81576, 1, 0, 0
49500, 89280, 1, 0, 0
50000, 192744, 1, 0, 0
50500, 129944, 1, 0, 0
51000, 15096, 1, 0, 0
51500, 15712, 1, 0, 0
52000, 16080, 1, 0, 0
52500, 19088, 1, 0, 0
53000, 16944, 1, 0, 0
53500, 19032, 1, 0, 0
54000, 18888, 1, 0, 0
54500, 19888, 1, 0, 0
55000, 21504, 1, 0, 0
55500, 23406, 1, 0, 0
56000, 22040, 1, 0, 0
56500, 24432, 1, 0, 0
57000, 24016, 1, 0, 0
57500, 23688, 1, 0, 0
58000, 21048, 1, 0, 0
58500, 23640, 1, 0, 0
59000, 19832, 1, 0, 0
59500, 20592, 1, 0, 0
