500, 1016, 1, 0, 0
1000, 1016, 1, 0, 0
1500, 1007, 1, 0, 0
2000, 987, 1, 0, 0
2500, 1016, 1, 0, 0
3000, 1027, 1, 0, 0
3500, 988, 1, 0, 0
4000, 993, 1, 0, 0
4500, 999, 1, 0, 0
5000, 1019, 1, 0, 0
5500, 985, 1, 0, 0
6000, 986, 1, 0, 0
6513, 1020, 1, 0, 0
7005, 1002, 1, 0, 0
7500, 1026, 1, 0, 0
8001, 1010, 1, 0, 0
8504, 1032, 1, 0, 0
9011, 1045, 1, 0, 0
9515, 1068, 1, 0, 0
10001, 1003, 1, 0, 0
10500, 998, 1, 0, 0
11010, 1014, 1, 0, 0
11508, 1110, 1, 0, 0
12010, 1022, 1, 0, 0
12508, 1025, 1, 0, 0
13009, 989, 1, 0, 0
13511, 1052, 1, 0, 0
14000, 1008, 1, 0, 0
14503, 998, 1, 0, 0
15001, 1013, 1, 0, 0
15502, 990, 1, 0, 0
16007, 1047, 1, 0, 0
16503, 1030, 1, 0, 0
17008, 1021, 1, 0, 0
17509, 1036, 1, 0, 0
18011, 1007, 1, 0, 0
18500, 1013, 1, 0, 0
19001, 1024, 1, 0, 0
19500, 1011, 1, 0, 0
20000, 1006, 1, 0, 0
20508, 1001, 1, 0, 0
21004, 1005, 1, 0, 0
21502, 1061, 1, 0, 0
22000, 1033, 1, 0, 0
22505, 1014, 1, 0, 0
23005, 1096, 1, 0, 0
23504, 1018, 1, 0, 0
24013, 993, 1, 0, 0
24500, 1008, 1, 0, 0
25004, 993, 1, 0, 0
25508, 1056, 1, 0, 0
26007, 1008, 1, 0, 0
26505, 1002, 1, 0, 0
27000, 996, 1, 0, 0
27512, 994, 1, 0, 0
28008, 1010, 1, 0, 0
28500, 1006, 1, 0, 0
29002, 1023, 1, 0, 0
29500, 1000, 1, 0, 0
30004, 1008, 1, 0, 0
30507, 1019, 1, 0, 0
31000, 1003, 1, 0, 0
31502, 1001, 1, 0, 0
32000, 1145, 1, 0, 0
32507, 1013, 1, 0, 0
33010, 1001, 1, 0, 0
33506, 993, 1, 0, 0
34009, 1001, 1, 0, 0
34502, 1005, 1, 0, 0
35011, 1001, 1, 0, 0
35500, 1013, 1, 0, 0
36005, 1007, 1, 0, 0
36509, 1005, 1, 0, 0
37000, 996, 1, 0, 0
37502, 1010, 1, 0, 0
38008, 995, 1, 0, 0
38501, 1004, 1, 0, 0
39011, 1000, 1, 0, 0
39507, 1007, 1, 0, 0
40012, 999, 1, 0, 0
40507, 998, 1, 0, 0
41000, 1005, 1, 0, 0
41502, 1002, 1, 0, 0
42002, 1006, 1, 0, 0
42500, 1014, 1, 0, 0
43000, 1017, 1, 0, 0
43509, 1094, 1, 0, 0
44000, 1014, 1, 0, 0
44500, 1014, 1, 0, 0
45001, 996, 1, 0, 0
45509, 1008, 1, 0, 0
46002, 998, 1, 0, 0
46504, 1000, 1, 0, 0
47000, 996, 1, 0, 0
47503, 1000, 1, 0, 0
48004, 999, 1, 0, 0
48500, 1001, 1, 0, 0
49000, 1004, 1, 0, 0
49500, 1006, 1, 0, 0
50000, 986, 1, 0, 0
50501, 989, 1, 0, 0
51008, 1018, 1, 0, 0
51500, 1066, 1, 0, 0
52004, 1015, 1, 0, 0
52515, 1001, 1, 0, 0
53012, 1030, 1, 0, 0
53500, 1069, 1, 0, 0
54000, 1003, 1, 0, 0
54500, 1048, 1, 0, 0
55003, 1017, 1, 0, 0
55504, 998, 1, 0, 0
56000, 1004, 1, 0, 0
56500, 1046, 1, 0, 0
57007, 999, 1, 0, 0
57500, 1040, 1, 0, 0
58002, 1087, 1, 0, 0
58509, 1016, 1, 0, 0
59013, 1003, 1, 0, 0
59505, 1010, 1, 0, 0
60000, 1008, 1, 0, 0
