500, 2271856, 1, 0, 0
1000, 2266624, 1, 0, 0
1500, 2265952, 1, 0, 0
2000, 2263488, 1, 0, 0
2500, 2270384, 1, 0, 0
3000, 2260240, 1, 0, 0
3500, 2270512, 1, 0, 0
4000, 2265232, 1, 0, 0
4500, 2260944, 1, 0, 0
5000, 2261040, 1, 0, 0
5500, 2248656, 1, 0, 0
6000, 179968, 1, 0, 0
6500, 124537, 1, 0, 0
7000, 137616, 1, 0, 0
7500, 141936, 1, 0, 0
8000, 142720, 1, 0, 0
8500, 160512, 1, 0, 0
9000, 161984, 1, 0, 0
9500, 183232, 1, 0, 0
10000, 181120, 1, 0, 0
10500, 199168, 1, 0, 0
11000, 171904, 1, 0, 0
11500, 219520, 1, 0, 0
12000, 147968, 1, 0, 0
12500, 239744, 1, 0, 0
13000, 245632, 1, 0, 0
13500, 186240, 1, 0, 0
14000, 184704, 1, 0, 0
14500, 149312, 1, 0, 0
15000, 161600, 1, 0, 0
15500, 215086, 1, 0, 0
16000, 215040, 1, 0, 0
16500, 179840, 1, 0, 0
17000, 135168, 1, 0, 0
17500, 190400, 1, 0, 0
18000, 199232, 1, 0, 0
18500, 174848, 1, 0, 0
19000, 220160, 1, 0, 0
19500, 249600, 1, 0, 0
20000, 199936, 1, 0, 0
20500, 229504, 1, 0, 0
21000, 159744, 1, 0, 0
21500, 225920, 1, 0, 0
22000, 198016, 1, 0, 0
22500, 230848, 1, 0, 0
23000, 166336, 1, 0, 0
23500, 255104, 1, 0, 0
24000, 263680, 1, 0, 0
24500, 227840, 1, 0, 0
25000, 161280, 1, 0, 0
25500, 175711, 1, 0, 0
26000, 231680, 1, 0, 0
26500, 288128, 1, 0, 0
27000, 265216, 1, 0, 0
27500, 227584, 1, 0, 0
28000, 197504, 1, 0, 0
28500, 167040, 1, 0, 0
29000, 177792, 1, 0, 0
29500, 192000, 1, 0, 0
30000, 209488, 1, 0, 0
30500, 213168, 1, 0, 0
31000, 315264, 1, 0, 0
31500, 336256, 1, 0, 0
32000, 225920, 1, 0, 0
32500, 273536, 1, 0, 0
33000, 340992, 1, 0, 0
33500, 336256, 1, 0, 0
34000, 301056, 1, 0, 0
34500, 313600, 1, 0, 0
35000, 236825, 1, 0, 0
35500, 248512, 1, 0, 0
36000, 234112, 1, 0, 0
36500, 243712, 1, 0, 0
37000, 233728, 1, 0, 0
37500, 244224, 1, 0, 0
38000, 282752, 1, 0, 0
38500, 285952, 1, 0, 0
39000, 268288, 1, 0, 0
39500, 273536, 1, 0, 0
40000, 468352, 1, 0, 0
40500, 436736, 1, 0, 0
41000, 303104, 1, 0, 0
41500, 322048, 1, 0, 0
42000, 342272, 1, 0, 0
42500, 353536, 1, 0, 0
43000, 462080, 1, 0, 0
43500, 409344, 1, 0, 0
44000, 432960, 1, 0, 0
44500, 495552, 1, 0, 0
45000, 530432, 1, 0, 0
45500, 725450, 1, 0, 0
46000, 793184, 1, 0, 0
46500, 1244544, 1, 0, 0
47000, 1546752, 1, 0, 0
47500, 121216, 1, 0, 0
48000, 130816, 1, 0, 0
48500, 135168, 1, 0, 0
49000, 149376, 1, 0, 0
49500, 142720, 1, 0, 0
50000, 157696, 1, 0, 0
50500, 171008, 1, 0, 0
51000, 177408, 1, 0, 0
51500, 184336, 1, 0, 0
52000, 210800, 1, 0, 0
52500, 217680, 1, 0, 0
53000, 154672, 1, 0, 0
53500, 150400, 1, 0, 0
54000, 242176, 1, 0, 0
54500, 169984, 1, 0, 0
55000, 213760, 1, 0, 0
55500, 194757, 1, 0, 0
56000, 210112, 1, 0, 0
56500, 185344, 1, 0, 0
57000, 202368, 1, 0, 0
57500, 167680, 1, 0, 0
58000, 226464, 1, 0, 0
58500, 170320, 1, 0, 0
59000, 241920, 1, 0, 0
59500, 206336, 1, 0, 0
60000, 227712, 1, 0, 0
