500, 112501, 1, 0, 0
1000, 112750, 1, 0, 0
1500, 112772, 1, 0, 0
2000, 112887, 1, 0, 0
2500, 112560, 1, 0, 0
3000, 113059, 1, 0, 0
3500, 112545, 1, 0, 0
4000, 112811, 1, 0, 0
4500, 113024, 1, 0, 0
5000, 113006, 1, 0, 0
5513, 112585, 1, 0, 0
6014, 1433328, 1, 0, 0
6506, 2014352, 1, 0, 0
7000, 1905313, 1, 0, 0
7510, 1779009, 1, 0, 0
8000, 1757009, 1, 0, 0
8510, 1626688, 1, 0, 0
9000, 1600004, 1, 0, 0
9511, 1382569, 1, 0, 0
10000, 1380541, 1, 0, 0
10507, 1304356, 1, 0, 0
11001, 1469808, 1, 0, 0
11507, 1184059, 1, 0, 0
12000, 1760754, 1, 0, 0
12504, 1040813, 1, 0, 0
13011, 1055510, 1, 0, 0
13513, 1382661, 1, 0, 0
14013, 1388016, 1, 0, 0
14500, 1683576, 1, 0, 0
15006, 1588409, 1, 0, 0
15511, 1202814, 1, 0, 0
16000, 1204058, 1, 0, 0
16505, 1393250, 1, 0, 0
17007, 1901259, 1, 0, 0
17500, 1367756, 1, 0, 0
18011, 1269375, 1, 0, 0
18509, 1461731, 1, 0, 0
19008, 1160358, 1, 0, 0
19515, 1037887, 1, 0, 0
20006, 1256543, 1, 0, 0
20508, 1122762, 1, 0, 0
21000, 1628317, 1, 0, 0
21514, 1129717, 1, 0, 0
22003, 1260340, 1, 0, 0
22500, 1105600, 1, 0, 0
23004, 1550084, 1, 0, 0
23506, 1005739, 1, 0, 0
24010, 978365, 1, 0, 0
24501, 1105120, 1, 0, 0
25014, 1627261, 1, 0, 0
25500, 1460445, 1, 0, 0
26005, 1082051, 1, 0, 0
26512, 900578, 1, 0, 0
27010, 962840, 1, 0, 0
27510, 1125357, 1, 0, 0
28012, 1303671, 1, 0, 0
28502, 1501947, 1, 0, 0
29013, 1469167, 1, 0, 0
29512, 1332034, 1, 0, 0
30000, 1234526, 1, 0, 0
30501, 1159614, 1, 0, 0
31003, 814612, 1, 0, 0
31506, 765984, 1, 0, 0
32008, 1139040, 1, 0, 0
32506, 929542, 1, 0, 0
33005, 750642, 1, 0, 0
33501, 754317, 1, 0, 0
34014, 872610, 1, 0, 0
34511, 814012, 1, 0, 0
35000, 1087723, 1, 0, 0
35503, 1009333, 1, 0, 0
36013, 1113250, 1, 0, 0
36511, 1045572, 1, 0, 0
37004, 1081662, 1, 0, 0
37511, 1063688, 1, 0, 0
38009, 899606, 1, 0, 0
38504, 887196, 1, 0, 0
39005, 956173, 1, 0, 0
39503, 932323, 1, 0, 0
40009, 551569, 1, 0, 0
40511, 591102, 1, 0, 0
41001, 825558, 1, 0, 0
41506, 803378, 1, 0, 0
42005, 746497, 1, 0, 0
42501, 718474, 1, 0, 0
43000, 565572, 1, 0, 0
43500, 625203, 1, 0, 0
44000, 579630, 1, 0, 0
44500, 530177, 1, 0, 0
45000, 480973, 1, 0, 0
45500, 352391, 1, 0, 0
46000, 318657, 1, 0, 0
46500, 207991, 1, 0, 0
47009, 162823, 1, 0, 0
47500, 2077522, 1, 0, 0
48013, 2004931, 1, 0, 0
48506, 1866770, 1, 0, 0
49000, 1753765, 1, 0, 0
49505, 1751930, 1, 0, 0
50015, 1650962, 1, 0, 0
50506, 1470963, 1, 0, 0
51012, 1463787, 1, 0, 0
51500, 1352721, 1, 0, 0
52009, 1237314, 1, 0, 0
52500, 1198992, 1, 0, 0
53011, 1625985, 1, 0, 0
53503, 1674648, 1, 0, 0
54008, 1066221, 1, 0, 0
54502, 1488563, 1, 0, 0
55012, 1219360, 1, 0, 0
55500, 1300294, 1, 0, 0
56010, 1229072, 1, 0, 0
56507, 1376685, 1, 0, 0
57009, 1267133, 1, 0, 0
57511, 1536609, 1, 0, 0
58000, 1139782, 1, 0, 0
58501, 1454172, 1, 0, 0
59010, 1077095, 1, 0, 0
59506, 1232201, 1, 0, 0
60008, 1126559, 1, 0, 0
60008, 17352226, 1, 0, 0
