500, 980, 1, 0, 0
1000, 1024, 1, 0, 0
1500, 982, 1, 0, 0
2000, 990, 1, 0, 0
2500, 986, 1, 0, 0
3000, 975, 1, 0, 0
3500, 981, 1, 0, 0
4000, 980, 1, 0, 0
4500, 1011, 1, 0, 0
5000, 1035, 1, 0, 0
5513, 976, 1, 0, 0
6014, 1014, 1, 0, 0
6506, 1066, 1, 0, 0
7000, 1144, 1, 0, 0
7510, 1024, 1, 0, 0
8000, 1018, 1, 0, 0
8510, 994, 1, 0, 0
9000, 1103, 1, 0, 0
9511, 1000, 1, 0, 0
10000, 1004, 1, 0, 0
10507, 1007, 1, 0, 0
11001, 1017, 1, 0, 0
11507, 990, 1, 0, 0
12000, 1042, 1, 0, 0
12504, 987, 1, 0, 0
13011, 992, 1, 0, 0
13513, 1005, 1, 0, 0
14013, 986, 1, 0, 0
14500, 1008, 1, 0, 0
15006, 1054, 1, 0, 0
15511, 989, 1, 0, 0
16000, 1017, 1, 0, 0
16505, 991, 1, 0, 0
17007, 1008, 1, 0, 0
17500, 1001, 1, 0, 0
18011, 1013, 1, 0, 0
18509, 995, 1, 0, 0
19008, 995, 1, 0, 0
19515, 980, 1, 0, 0
20006, 1028, 1, 0, 0
20508, 986, 1, 0, 0
21000, 1011, 1, 0, 0
21514, 991, 1, 0, 0
22003, 1005, 1, 0, 0
22500, 981, 1, 0, 0
23004, 1078, 1, 0, 0
23506, 980, 1, 0, 0
24010, 990, 1, 0, 0
24501, 989, 1, 0, 0
25014, 998, 1, 0, 0
25500, 995, 1, 0, 0
26005, 1041, 1, 0, 0
26512, 1047, 1, 0, 0
27010, 982, 1, 0, 0
27510, 989, 1, 0, 0
28012, 999, 1, 0, 0
28502, 984, 1, 0, 0
29013, 1002, 1, 0, 0
29512, 991, 1, 0, 0
30000, 990, 1, 0, 0
30501, 1000, 1, 0, 0
31003, 977, 1, 0, 0
31506, 1019, 1, 0, 0
32008, 999, 1, 0, 0
32506, 981, 1, 0, 0
33005, 978, 1, 0, 0
33501, 985, 1, 0, 0
34014, 1013, 1, 0, 0
34511, 1007, 1, 0, 0
35000, 1020, 1, 0, 0
35503, 986, 1, 0, 0
36013, 989, 1, 0, 0
36511, 986, 1, 0, 0
37004, 993, 1, 0, 0
37511, 987, 1, 0, 0
38009, 995, 1, 0, 0
38504, 987, 1, 0, 0
39005, 984, 1, 0, 0
39503, 983, 1, 0, 0
40009, 979, 1, 0, 0
40511, 980, 1, 0, 0
41001, 982, 1, 0, 0
41506, 982, 1, 0, 0
42005, 980, 1, 0, 0
42501, 974, 1, 0, 0
43000, 977, 1, 0, 0
43500, 1000, 1, 0, 0
44000, 978, 1, 0, 0
44500, 977, 1, 0, 0
45000, 976, 1, 0, 0
45500, 993, 1, 0, 0
46000, 979, 1, 0, 0
46500, 974, 1, 0, 0
47009, 975, 1, 0, 0
47500, 1007, 1, 0, 0
48013, 1014, 1, 0, 0
48506, 1011, 1, 0, 0
49000, 984, 1, 0, 0
49505, 1017, 1, 0, 0
50015, 1003, 1, 0, 0
50506, 1007, 1, 0, 0
51012, 999, 1, 0, 0
51500, 994, 1, 0, 0
52009, 983, 1, 0, 0
52500, 983, 1, 0, 0
53011, 1006, 1, 0, 0
53503, 1000, 1, 0, 0
54008, 998, 1, 0, 0
54502, 1002, 1, 0, 0
55012, 986, 1, 0, 0
55500, 982, 1, 0, 0
56010, 1013, 1, 0, 0
56507, 1019, 1, 0, 0
57009, 998, 1, 0, 0
57511, 1001, 1, 0, 0
58000, 1044, 1, 0, 0
58501, 994, 1, 0, 0
59010, 991, 1, 0, 0
59506, 1006, 1, 0, 0
60008, 997, 1, 0, 0
