500, 283984, 1, 0, 0
1000, 283328, 1, 0, 0
1500, 283244, 1, 0, 0
2000, 282936, 1, 0, 0
2500, 283798, 1, 0, 0
3000, 282530, 1, 0, 0
3500, 283816, 1, 0, 0
4000, 283154, 1, 0, 0
4500, 282618, 1, 0, 0
5000, 282630, 1, 0, 0
5500, 281082, 1, 0, 0
6000, 22496, 1, 0, 0
6500, 15567, 1, 0, 0
7000, 17202, 1, 0, 0
7500, 17742, 1, 0, 0
8000, 17840, 1, 0, 0
8500, 20064, 1, 0, 0
9000, 20248, 1, 0, 0
9500, 22904, 1, 0, 0
10000, 22640, 1, 0, 0
10500, 24896, 1, 0, 0
11000, 21488, 1, 0, 0
11500, 27440, 1, 0, 0
12000, 18496, 1, 0, 0
12500, 29968, 1, 0, 0
13000, 30704, 1, 0, 0
13500, 23280, 1, 0, 0
14000, 23088, 1, 0, 0
14500, 18664, 1, 0, 0
15000, 20200, 1, 0, 0
15500, 26885, 1, 0, 0
16000, 26880, 1, 0, 0
16500, 22480, 1, 0, 0
17000, 16896, 1, 0, 0
17500, 23800, 1, 0, 0
18000, 24904, 1, 0, 0
18500, 21856, 1, 0, 0
19000, 27520, 1, 0, 0
19500, 31200, 1, 0, 0
20000, 24992, 1, 0, 0
20500, 28688, 1, 0, 0
21000, 19968, 1, 0, 0
21500, 28240, 1, 0, 0
22000, 24752, 1, 0, 0
22500, 28856, 1, 0, 0
23000, 20792, 1, 0, 0
23500, 31888, 1, 0, 0
24000, 32960, 1, 0, 0
24500, 28480, 1, 0, 0
25000, 20160, 1, 0, 0
25500, 21963, 1, 0, 0
26000, 28960, 1, 0, 0
26500, 36016, 1, 0, 0
27000, 33152, 1, 0, 0
27500, 28448, 1, 0, 0
28000, 24688, 1, 0, 0
28500, 20880, 1, 0, 0
29000, 22224, 1, 0, 0
29500, 24000, 1, 0, 0
30000, 26186, 1, 0, 0
30500, 26646, 1, 0, 0
31000, 39408, 1, 0, 0
31500, 42032, 1, 0, 0
32000, 28240, 1, 0, 0
32500, 34192, 1, 0, 0
33000, 42624, 1, 0, 0
33500, 42032, 1, 0, 0
34000, 37632, 1, 0, 0
34500, 39200, 1, 0, 0
35000, 29603, 1, 0, 0
35500, 31064, 1, 0, 0
36000, 29264, 1, 0, 0
36500, 30464, 1, 0, 0
37000, 29216, 1, 0, 0
37500, 30528, 1, 0, 0
38000, 35344, 1, 0, 0
38500, 35744, 1, 0, 0
39000, 33536, 1, 0, 0
39500, 34192, 1, 0, 0
40000, 58544, 1, 0, 0
40500, 54592, 1, 0, 0
41000, 37888, 1, 0, 0
41500, 40256, 1, 0, 0
42000, 42784, 1, 0, 0
42500, 44192, 1, 0, 0
43000, 57760, 1, 0, 0
43500, 51168, 1, 0, 0
44000, 54120, 1, 0, 0
44500, 61944, 1, 0, 0
45000, 66304, 1, 0, 0
45500, 90683, 1, 0, 0
46000, 99146, 1, 0, 0
46500, 155568, 1, 0, 0
47000, 193344, 1, 0, 0
47500, 15152, 1, 0, 0
48000, 16352, 1, 0, 0
48500, 16896, 1, 0, 0
49000, 18672, 1, 0, 0
49500, 17840, 1, 0, 0
50000, 19712, 1, 0, 0
50500, 21376, 1, 0, 0
51000, 22176, 1, 0, 0
51500, 23042, 1, 0, 0
52000, 26350, 1, 0, 0
52500, 27210, 1, 0, 0
53000, 19334, 1, 0, 0
53500, 18800, 1, 0, 0
54000, 30272, 1, 0, 0
54500, 21248, 1, 0, 0
55000, 26720, 1, 0, 0
55500, 24344, 1, 0, 0
56000, 26264, 1, 0, 0
56500, 23168, 1, 0, 0
57000, 25296, 1, 0, 0
57500, 20960, 1, 0, 0
58000, 28310, 1, 0, 0
58500, 21290, 1, 0, 0
59000, 30240, 1, 0, 0
59500, 25792, 1, 0, 0
60000, 28464, 1, 0, 0
