500, 2287616, 1, 0, 0
1000, 2286592, 1, 0, 0
1500, 2286784, 1, 0, 0
2000, 2286848, 1, 0, 0
2500, 2286848, 1, 0, 0
3000, 2286912, 1, 0, 0
3500, 2286592, 1, 0, 0
4000, 2286592, 1, 0, 0
4500, 2286848, 1, 0, 0
5000, 2286912, 1, 0, 0
5500, 2112448, 1, 0, 0
6000, 136192, 1, 0, 0
6500, 134656, 1, 0, 0
7000, 145920, 1, 0, 0
7500, 148224, 1, 0, 0
8000, 159296, 1, 0, 0
8500, 167104, 1, 0, 0
9000, 173568, 1, 0, 0
9500, 190976, 1, 0, 0
10000, 193792, 1, 0, 0
10500, 213504, 1, 0, 0
11000, 226816, 1, 0, 0
11500, 227840, 1, 0, 0
12000, 244992, 1, 0, 0
12500, 235735, 1, 0, 0
13000, 219392, 1, 0, 0
13500, 207104, 1, 0, 0
14000, 217600, 1, 0, 0
14500, 215808, 1, 0, 0
15000, 223744, 1, 0, 0
15500, 232192, 1, 0, 0
16000, 227840, 1, 0, 0
16500, 240640, 1, 0, 0
17000, 239424, 1, 0, 0
17500, 243136, 1, 0, 0
18000, 250368, 1, 0, 0
18500, 245248, 1, 0, 0
19000, 253696, 1, 0, 0
19500, 258048, 1, 0, 0
20000, 251648, 1, 0, 0
20500, 265728, 1, 0, 0
21000, 267776, 1, 0, 0
21500, 262272, 1, 0, 0
22000, 279680, 1, 0, 0
22500, 284416, 1, 0, 0
23000, 279424, 1, 0, 0
23500, 285568, 1, 0, 0
24000, 301056, 1, 0, 0
24500, 301824, 1, 0, 0
25000, 297728, 1, 0, 0
25500, 307968, 1, 0, 0
26000, 321024, 1, 0, 0
26500, 327567, 1, 0, 0
27000, 332800, 1, 0, 0
27500, 340480, 1, 0, 0
28000, 336320, 1, 0, 0
28500, 357952, 1, 0, 0
29000, 371456, 1, 0, 0
29500, 375296, 1, 0, 0
30000, 386048, 1, 0, 0
30500, 398336, 1, 0, 0
31000, 414976, 1, 0, 0
31500, 427520, 1, 0, 0
32000, 446208, 1, 0, 0
32500, 473536, 1, 0, 0
33000, 494912, 1, 0, 0
33500, 512000, 1, 0, 0
34000, 549760, 1, 0, 0
34500, 587136, 1, 0, 0
35000, 641024, 1, 0, 0
35500, 690560, 1, 0, 0
36000, 790848, 1, 0, 0
36500, 915008, 1, 0, 0
37000, 1148544, 1, 0, 0
37500, 1876736, 1, 0, 0
38000, 822400, 1, 0, 0
38500, 129792, 1, 0, 0
39000, 141568, 1, 0, 0
39500, 143360, 1, 0, 0
40000, 152512, 1, 0, 0
40500, 164488, 1, 0, 0
41000, 168192, 1, 0, 0
41500, 185856, 1, 0, 0
42000, 188928, 1, 0, 0
42500, 207872, 1, 0, 0
43000, 210432, 1, 0, 0
43500, 231680, 1, 0, 0
44000, 240256, 1, 0, 0
44500, 242048, 1, 0, 0
45000, 227072, 1, 0, 0
45500, 201728, 1, 0, 0
46000, 215296, 1, 0, 0
46500, 212736, 1, 0, 0
47000, 228608, 1, 0, 0
47500, 225408, 1, 0, 0
48000, 238208, 1, 0, 0
48500, 243072, 1, 0, 0
49000, 236928, 1, 0, 0
49500, 247296, 1, 0, 0
50000, 246016, 1, 0, 0
50500, 246272, 1, 0, 0
51000, 253440, 1, 0, 0
51500, 251136, 1, 0, 0
52000, 255744, 1, 0, 0
52500, 263936, 1, 0, 0
53000, 265728, 1, 0, 0
53500, 266752, 1, 0, 0
54000, 273699, 1, 0, 0
54500, 275392, 1, 0, 0
55000, 279872, 1, 0, 0
55500, 289536, 1, 0, 0
56000, 293120, 1, 0, 0
56500, 285696, 1, 0, 0
57000, 307200, 1, 0, 0
57500, 312832, 1, 0, 0
58000, 315392, 1, 0, 0
58500, 308736, 1, 0, 0
59000, 326912, 1, 0, 0
59500, 335104, 1, 0, 0
60000, 339712, 1, 0, 0
