500, 445642, 1, 0, 0
1000, 445990, 1, 0, 0
1500, 445977, 1, 0, 0
2000, 445982, 1, 0, 0
2500, 445968, 1, 0, 0
3000, 445974, 1, 0, 0
3500, 445974, 1, 0, 0
4000, 445994, 1, 0, 0
4500, 445984, 1, 0, 0
5000, 445976, 1, 0, 0
5518, 482639, 1, 0, 0
6012, 7434611, 1, 0, 0
6504, 7491997, 1, 0, 0
7016, 7178999, 1, 0, 0
7507, 6784927, 1, 0, 0
8000, 6641484, 1, 0, 0
8511, 5979284, 1, 0, 0
9001, 5784282, 1, 0, 0
9511, 5467270, 1, 0, 0
10001, 5170445, 1, 0, 0
10510, 4887695, 1, 0, 0
11000, 4611226, 1, 0, 0
11506, 4360991, 1, 0, 0
12014, 4240330, 1, 0, 0
12502, 4252627, 1, 0, 0
13012, 4758801, 1, 0, 0
13502, 4847949, 1, 0, 0
14010, 4774524, 1, 0, 0
14500, 4807589, 1, 0, 0
15005, 4471714, 1, 0, 0
15512, 4467452, 1, 0, 0
16000, 4387070, 1, 0, 0
16510, 4336593, 1, 0, 0
17000, 4353265, 1, 0, 0
17506, 4096115, 1, 0, 0
18013, 4148865, 1, 0, 0
18501, 4071605, 1, 0, 0
19009, 4100422, 1, 0, 0
19514, 4011897, 1, 0, 0
20001, 3957174, 1, 0, 0
20507, 3895426, 1, 0, 0
21013, 3870543, 1, 0, 0
21500, 3809761, 1, 0, 0
22005, 3694831, 1, 0, 0
22512, 3641095, 1, 0, 0
23000, 3737123, 1, 0, 0
23504, 3463663, 1, 0, 0
24009, 3429505, 1, 0, 0
24514, 3427032, 1, 0, 0
25000, 3413104, 1, 0, 0
25502, 3269508, 1, 0, 0
26006, 3213538, 1, 0, 0
26509, 3147799, 1, 0, 0
27012, 3094512, 1, 0, 0
27515, 3025448, 1, 0, 0
28000, 3024235, 1, 0, 0
28501, 2799277, 1, 0, 0
29003, 2766991, 1, 0, 0
29504, 2732302, 1, 0, 0
30005, 2652396, 1, 0, 0
30504, 2566950, 1, 0, 0
31005, 2469624, 1, 0, 0
31504, 2389309, 1, 0, 0
32001, 2277897, 1, 0, 0
32500, 2227430, 1, 0, 0
33012, 2055329, 1, 0, 0
33506, 1971197, 1, 0, 0
34000, 1898219, 1, 0, 0
34507, 1714807, 1, 0, 0
35000, 1620924, 1, 0, 0
35500, 1477768, 1, 0, 0
36000, 1296287, 1, 0, 0
36506, 1106297, 1, 0, 0
37000, 898197, 1, 0, 0
37500, 543834, 1, 0, 0
38013, 1226309, 1, 0, 0
38505, 7784154, 1, 0, 0
39000, 7494320, 1, 0, 0
39509, 6936352, 1, 0, 0
40000, 6667218, 1, 0, 0
40511, 6309475, 1, 0, 0
41002, 5974341, 1, 0, 0
41512, 5623325, 1, 0, 0
42003, 5320759, 1, 0, 0
42512, 5017926, 1, 0, 0
43001, 4758713, 1, 0, 0
43509, 4492752, 1, 0, 0
44000, 4335710, 1, 0, 0
44506, 4123759, 1, 0, 0
45016, 4597759, 1, 0, 0
45507, 4979791, 1, 0, 0
46015, 4833459, 1, 0, 0
46503, 4694321, 1, 0, 0
47012, 4555580, 1, 0, 0
47500, 4440717, 1, 0, 0
48008, 4360294, 1, 0, 0
48500, 4286612, 1, 0, 0
49004, 4207646, 1, 0, 0
49511, 4203841, 1, 0, 0
50000, 4148613, 1, 0, 0
50506, 4122322, 1, 0, 0
51012, 4085747, 1, 0, 0
51500, 4129009, 1, 0, 0
52006, 3903433, 1, 0, 0
52513, 3930655, 1, 0, 0
53000, 3853758, 1, 0, 0
53506, 3786430, 1, 0, 0
54013, 3794079, 1, 0, 0
54500, 3744317, 1, 0, 0
55003, 3563183, 1, 0, 0
55509, 3577849, 1, 0, 0
56014, 3530122, 1, 0, 0
56500, 3478074, 1, 0, 0
57005, 3366121, 1, 0, 0
57510, 3302288, 1, 0, 0
58014, 3273503, 1, 0, 0
58500, 3230916, 1, 0, 0
59004, 3146494, 1, 0, 0
59507, 3071527, 1, 0, 0
60010, 3032043, 1, 0, 0
60011, 16981314, 1, 0, 0
