500, 71488, 1, 0, 0
1000, 71456, 1, 0, 0
1500, 71462, 1, 0, 0
2000, 71464, 1, 0, 0
2500, 71464, 1, 0, 0
3000, 71466, 1, 0, 0
3500, 71456, 1, 0, 0
4000, 71456, 1, 0, 0
4500, 71464, 1, 0, 0
5000, 71466, 1, 0, 0
5500, 66014, 1, 0, 0
6000, 4256, 1, 0, 0
6500, 4208, 1, 0, 0
7000, 4560, 1, 0, 0
7500, 4632, 1, 0, 0
8000, 4978, 1, 0, 0
8500, 5222, 1, 0, 0
9000, 5424, 1, 0, 0
9500, 5968, 1, 0, 0
10000, 6056, 1, 0, 0
10500, 6672, 1, 0, 0
11000, 7088, 1, 0, 0
11500, 7120, 1, 0, 0
12000, 7656, 1, 0, 0
12500, 7366, 1, 0, 0
13000, 6856, 1, 0, 0
13500, 6472, 1, 0, 0
14000, 6800, 1, 0, 0
14500, 6744, 1, 0, 0
15000, 6992, 1, 0, 0
15500, 7256, 1, 0, 0
16000, 7120, 1, 0, 0
16500, 7520, 1, 0, 0
17000, 7482, 1, 0, 0
17500, 7598, 1, 0, 0
18000, 7824, 1, 0, 0
18500, 7664, 1, 0, 0
19000, 7928, 1, 0, 0
19500, 8064, 1, 0, 0
20000, 7864, 1, 0, 0
20500, 8304, 1, 0, 0
21000, 8368, 1, 0, 0
21500, 8196, 1, 0, 0
22000, 8740, 1, 0, 0
22500, 8888, 1, 0, 0
23000, 8732, 1, 0, 0
23500, 8924, 1, 0, 0
24000, 9408, 1, 0, 0
24500, 9432, 1, 0, 0
25000, 9304, 1, 0, 0
25500, 9624, 1, 0, 0
26000, 10032, 1, 0, 0
26500, 10236, 1, 0, 0
27000, 10400, 1, 0, 0
27500, 10640, 1, 0, 0
28000, 10510, 1, 0, 0
28500, 11186, 1, 0, 0
29000, 11608, 1, 0, 0
29500, 11728, 1, 0, 0
30000, 12064, 1, 0, 0
30500, 12448, 1, 0, 0
31000, 12968, 1, 0, 0
31500, 13360, 1, 0, 0
32000, 13944, 1, 0, 0
32500, 14798, 1, 0, 0
33000, 15466, 1, 0, 0
33500, 16000, 1, 0, 0
34000, 17180, 1, 0, 0
34500, 18348, 1, 0, 0
35000, 20032, 1, 0, 0
35500, 21580, 1, 0, 0
36000, 24714, 1, 0, 0
36500, 28594, 1, 0, 0
37000, 35892, 1, 0, 0
37500, 58648, 1, 0, 0
38000, 25700, 1, 0, 0
38500, 4056, 1, 0, 0
39000, 4424, 1, 0, 0
39500, 4480, 1, 0, 0
40001, 4766, 1, 0, 0
40500, 5140, 1, 0, 0
41000, 5256, 1, 0, 0
41500, 5808, 1, 0, 0
42000, 5904, 1, 0, 0
42500, 6496, 1, 0, 0
43000, 6576, 1, 0, 0
43500, 7240, 1, 0, 0
44000, 7508, 1, 0, 0
44500, 7564, 1, 0, 0
45000, 7096, 1, 0, 0
45500, 6304, 1, 0, 0
46000, 6728, 1, 0, 0
46500, 6648, 1, 0, 0
47000, 7144, 1, 0, 0
47500, 7044, 1, 0, 0
48000, 7444, 1, 0, 0
48500, 7596, 1, 0, 0
49000, 7404, 1, 0, 0
49500, 7728, 1, 0, 0
50000, 7688, 1, 0, 0
50500, 7696, 1, 0, 0
51000, 7920, 1, 0, 0
51500, 7848, 1, 0, 0
52000, 7992, 1, 0, 0
52500, 8248, 1, 0, 0
53000, 8304, 1, 0, 0
53500, 8336, 1, 0, 0
54000, 8553, 1, 0, 0
54500, 8606, 1, 0, 0
55000, 8746, 1, 0, 0
55500, 9048, 1, 0, 0
56000, 9160, 1, 0, 0
56500, 8928, 1, 0, 0
57000, 9600, 1, 0, 0
57500, 9776, 1, 0, 0
58000, 9856, 1, 0, 0
58500, 9648, 1, 0, 0
59000, 10216, 1, 0, 0
59500, 10472, 1, 0, 0
60000, 10616, 1, 0, 0
