500, 1625, 1, 0, 0
1000, 1613, 1, 0, 0
1500, 1623, 1, 0, 0
2000, 1617, 1, 0, 0
2500, 1624, 1, 0, 0
3000, 1622, 1, 0, 0
3500, 1623, 1, 0, 0
4000, 1606, 1, 0, 0
4500, 1612, 1, 0, 0
5000, 1613, 1, 0, 0
5518, 1628, 1, 0, 0
6012, 1659, 1, 0, 0
6504, 1658, 1, 0, 0
7016, 1648, 1, 0, 0
7507, 1664, 1, 0, 0
8000, 1651, 1, 0, 0
8511, 1655, 1, 0, 0
9001, 1647, 1, 0, 0
9511, 1649, 1, 0, 0
10001, 1641, 1, 0, 0
10510, 1641, 1, 0, 0
11000, 1646, 1, 0, 0
11506, 1641, 1, 0, 0
12014, 1649, 1, 0, 0
12502, 1630, 1, 0, 0
13012, 1633, 1, 0, 0
13502, 1639, 1, 0, 0
14010, 1642, 1, 0, 0
14500, 1638, 1, 0, 0
15005, 1632, 1, 0, 0
15512, 1643, 1, 0, 0
16000, 1638, 1, 0, 0
16510, 1640, 1, 0, 0
17000, 1653, 1, 0, 0
17506, 1664, 1, 0, 0
18013, 1656, 1, 0, 0
18501, 1652, 1, 0, 0
19009, 1652, 1, 0, 0
19514, 1656, 1, 0, 0
20001, 1659, 1, 0, 0
20507, 1652, 1, 0, 0
21013, 1654, 1, 0, 0
21500, 1649, 1, 0, 0
22005, 1660, 1, 0, 0
22512, 1653, 1, 0, 0
23000, 1651, 1, 0, 0
23504, 1655, 1, 0, 0
24009, 1652, 1, 0, 0
24514, 1653, 1, 0, 0
25000, 1646, 1, 0, 0
25502, 1652, 1, 0, 0
26006, 1645, 1, 0, 0
26509, 1664, 1, 0, 0
27012, 1656, 1, 0, 0
27515, 1661, 1, 0, 0
28000, 1645, 1, 0, 0
28501, 1642, 1, 0, 0
29003, 1652, 1, 0, 0
29504, 1647, 1, 0, 0
30005, 1647, 1, 0, 0
30504, 1648, 1, 0, 0
31005, 1646, 1, 0, 0
31504, 1651, 1, 0, 0
32001, 1647, 1, 0, 0
32500, 1645, 1, 0, 0
33012, 1654, 1, 0, 0
33506, 1653, 1, 0, 0
34000, 1645, 1, 0, 0
34507, 1647, 1, 0, 0
35000, 1649, 1, 0, 0
35500, 1651, 1, 0, 0
36000, 1657, 1, 0, 0
36506, 1644, 1, 0, 0
37000, 1633, 1, 0, 0
37500, 1632, 1, 0, 0
38013, 1630, 1, 0, 0
38505, 1683, 1, 0, 0
39000, 1671, 1, 0, 0
39509, 1658, 1, 0, 0
40000, 1666, 1, 0, 0
40511, 1662, 1, 0, 0
41002, 1672, 1, 0, 0
41512, 1656, 1, 0, 0
42003, 1668, 1, 0, 0
42512, 1657, 1, 0, 0
43001, 1667, 1, 0, 0
43509, 1654, 1, 0, 0
44000, 1660, 1, 0, 0
44506, 1653, 1, 0, 0
45016, 1657, 1, 0, 0
45507, 1641, 1, 0, 0
46015, 1638, 1, 0, 0
46503, 1638, 1, 0, 0
47012, 1641, 1, 0, 0
47500, 1642, 1, 0, 0
48008, 1643, 1, 0, 0
48500, 1634, 1, 0, 0
49004, 1634, 1, 0, 0
49511, 1637, 1, 0, 0
50000, 1646, 1, 0, 0
50506, 1660, 1, 0, 0
51012, 1657, 1, 0, 0
51500, 1649, 1, 0, 0
52006, 1656, 1, 0, 0
52513, 1649, 1, 0, 0
53000, 1647, 1, 0, 0
53506, 1648, 1, 0, 0
54013, 1649, 1, 0, 0
54500, 1643, 1, 0, 0
55003, 1642, 1, 0, 0
55509, 1635, 1, 0, 0
56014, 1629, 1, 0, 0
56500, 1633, 1, 0, 0
57005, 1633, 1, 0, 0
57510, 1632, 1, 0, 0
58014, 1632, 1, 0, 0
58500, 1635, 1, 0, 0
59004, 1645, 1, 0, 0
59507, 1633, 1, 0, 0
60011, 1636, 1, 0, 0
