500, 447266, 1, 0, 0
1000, 447602, 1, 0, 0
1500, 447600, 1, 0, 0
2000, 447599, 1, 0, 0
2500, 447593, 1, 0, 0
3000, 447596, 1, 0, 0
3500, 447597, 1, 0, 0
4000, 447600, 1, 0, 0
4500, 447596, 1, 0, 0
5000, 447589, 1, 0, 0
5518, 484267, 1, 0, 0
6012, 7436270, 1, 0, 0
6504, 7493656, 1, 0, 0
7016, 7180647, 1, 0, 0
7507, 6786589, 1, 0, 0
8000, 6643135, 1, 0, 0
8511, 5980939, 1, 0, 0
9001, 5785930, 1, 0, 0
9511, 5468918, 1, 0, 0
10001, 5172085, 1, 0, 0
10510, 4889336, 1, 0, 0
11000, 4612871, 1, 0, 0
11506, 4362632, 1, 0, 0
12014, 4241979, 1, 0, 0
12502, 4254257, 1, 0, 0
13012, 4760434, 1, 0, 0
13502, 4849588, 1, 0, 0
14010, 4776166, 1, 0, 0
14500, 4809226, 1, 0, 0
15005, 4473347, 1, 0, 0
15512, 4469094, 1, 0, 0
16000, 4388708, 1, 0, 0
16510, 4338233, 1, 0, 0
17000, 4354919, 1, 0, 0
17506, 4097779, 1, 0, 0
18013, 4150521, 1, 0, 0
18501, 4073257, 1, 0, 0
19009, 4102074, 1, 0, 0
19514, 4013553, 1, 0, 0
20001, 3958832, 1, 0, 0
20507, 3897077, 1, 0, 0
21013, 3872197, 1, 0, 0
21500, 3811410, 1, 0, 0
22005, 3696492, 1, 0, 0
22512, 3642747, 1, 0, 0
23000, 3738775, 1, 0, 0
23504, 3465317, 1, 0, 0
24009, 3431158, 1, 0, 0
24514, 3428685, 1, 0, 0
25000, 3414750, 1, 0, 0
25502, 3271160, 1, 0, 0
26006, 3215183, 1, 0, 0
26509, 3149463, 1, 0, 0
27012, 3096168, 1, 0, 0
27515, 3027109, 1, 0, 0
28000, 3025880, 1, 0, 0
28501, 2800919, 1, 0, 0
29003, 2768643, 1, 0, 0
29504, 2733949, 1, 0, 0
30005, 2654044, 1, 0, 0
30504, 2568598, 1, 0, 0
31005, 2471270, 1, 0, 0
31504, 2390960, 1, 0, 0
32001, 2279544, 1, 0, 0
32500, 2229074, 1, 0, 0
33012, 2056983, 1, 0, 0
33506, 1972851, 1, 0, 0
34000, 1899863, 1, 0, 0
34507, 1716454, 1, 0, 0
35000, 1622573, 1, 0, 0
35500, 1479419, 1, 0, 0
36000, 1297944, 1, 0, 0
36506, 1107941, 1, 0, 0
37000, 899830, 1, 0, 0
37500, 545466, 1, 0, 0
38013, 1227939, 1, 0, 0
38505, 7785836, 1, 0, 0
39000, 7495991, 1, 0, 0
39509, 6938010, 1, 0, 0
40000, 6668884, 1, 0, 0
40511, 6311137, 1, 0, 0
41002, 5976013, 1, 0, 0
41512, 5624981, 1, 0, 0
42003, 5322426, 1, 0, 0
42512, 5019584, 1, 0, 0
43001, 4760380, 1, 0, 0
43509, 4494406, 1, 0, 0
44000, 4337369, 1, 0, 0
44506, 4125413, 1, 0, 0
45016, 4599416, 1, 0, 0
45507, 4981431, 1, 0, 0
46015, 4835098, 1, 0, 0
46503, 4695959, 1, 0, 0
47012, 4557221, 1, 0, 0
47500, 4442359, 1, 0, 0
48008, 4361938, 1, 0, 0
48500, 4288245, 1, 0, 0
49004, 4209280, 1, 0, 0
49511, 4205478, 1, 0, 0
50000, 4150259, 1, 0, 0
50506, 4123982, 1, 0, 0
51012, 4087404, 1, 0, 0
51500, 4130659, 1, 0, 0
52006, 3905090, 1, 0, 0
52513, 3932304, 1, 0, 0
53000, 3855406, 1, 0, 0
53506, 3788079, 1, 0, 0
54013, 3795727, 1, 0, 0
54500, 3745959, 1, 0, 0
55003, 3564826, 1, 0, 0
55509, 3579484, 1, 0, 0
56014, 3531751, 1, 0, 0
56500, 3479707, 1, 0, 0
57005, 3367755, 1, 0, 0
57510, 3303920, 1, 0, 0
58014, 3275135, 1, 0, 0
58500, 3232550, 1, 0, 0
59004, 3148140, 1, 0, 0
59507, 3073160, 1, 0, 0
60010, 3033679, 1, 0, 0
60011, 16982910, 1, 0, 0
