[69890.041108] KSC2026-MARK map4k_bs32k_r3 insmod 1791445652537401678
[69890.054692] NVMeVirt: Version 1.10 for >> Samsung 970 Pro SSD <<
[69890.054701] NVMeVirt: Storage: 0x300100000-0x600000000 (12287 MiB)
[69890.065741] NVMeVirt: Total Capacity(GiB,MiB)=3,3072 chs=2 luns=4 lines=384 blk-size(MiB,KiB)=2,2048 line-size(MiB,KiB)=8,8192
[69890.065746] NVMeVirt: KSC2026: mapping unit=4096 B, flash page=32768 B, oneshot page=32768 B, pgs_per_blk=512, blks_per_pl=384, write buffer=1048576 B
[69890.075604] NVMeVirt: [chmodel_init] bandwidth 800 max_credits 26 tx_time 152
[69890.082491] NVMeVirt: [chmodel_init] bandwidth 800 max_credits 26 tx_time 152
[69890.082502] NVMeVirt: [chmodel_init] bandwidth 3360 max_credits 110 tx_time 36
[69890.083931] NVMeVirt: pqueue: Copyright (c) 2014, Volkan Yazıcı <volkan.yazici@gmail.com>. All rights reserved.
[69890.083932] NVMeVirt: Init FTL instance with 2 channels (786432 pages)
[69890.090733] NVMeVirt: [chmodel_init] bandwidth 800 max_credits 26 tx_time 152
[69890.097547] NVMeVirt: [chmodel_init] bandwidth 800 max_credits 26 tx_time 152
[69890.097557] NVMeVirt: [chmodel_init] bandwidth 3360 max_credits 110 tx_time 36
[69890.098934] NVMeVirt: Init FTL instance with 2 channels (786432 pages)
[69890.105669] NVMeVirt: [chmodel_init] bandwidth 800 max_credits 26 tx_time 152
[69890.112404] NVMeVirt: [chmodel_init] bandwidth 800 max_credits 26 tx_time 152
[69890.112415] NVMeVirt: [chmodel_init] bandwidth 3360 max_credits 110 tx_time 36
[69890.113828] NVMeVirt: Init FTL instance with 2 channels (786432 pages)
[69890.120604] NVMeVirt: [chmodel_init] bandwidth 800 max_credits 26 tx_time 152
[69890.127331] NVMeVirt: [chmodel_init] bandwidth 800 max_credits 26 tx_time 152
[69890.127341] NVMeVirt: [chmodel_init] bandwidth 3360 max_credits 110 tx_time 36
[69890.128721] NVMeVirt: Init FTL instance with 2 channels (786432 pages)
[69890.128726] NVMeVirt: FTL physical space: 12883853312, logical space: 12040984403 (physical/logical * 100 = 107)
[69890.128727] NVMeVirt: KSC2026: WBUF_FIX=1 GC_STATS=1
[69890.128727] NVMeVirt: ns 0/1: size 11483 MiB
[69890.128761] PCI host bridge to bus 0001:10
[69890.128763] pci_bus 0001:10: root bus resource [io  0x0000-0xffff]
[69890.128765] pci_bus 0001:10: root bus resource [mem 0x00000000-0x3fffffffffff]
[69890.128766] pci_bus 0001:10: root bus resource [bus 00-ff]
[69890.128772] pci 0001:10:00.0: [0c51:0110] type 00 class 0x010802 PCIe Endpoint
[69890.128774] pci 0001:10:00.0: BAR 0 [mem 0x300000000-0x300003fff 64bit]
[69890.128775] pci 0001:10:00.0: enabling Extended Tags
[69890.128876] NVMeVirt: Virtual PCI bus created (node 0)
[69890.129184] NVMeVirt: nvmev_io_worker_0 started on cpu 4 (node 0)
[69890.129353] NVMeVirt: nvmev_io_worker_1 started on cpu 5 (node 0)
[69890.129370] NVMeVirt: nvmev_dispatcher started on cpu 3 (node 0)
[69890.129551] nvme nvme1: pci function 0001:10:00.0
[69890.133133] nvme nvme1: 1/0/0 default/read/poll queues
[69890.135058] NVMeVirt: Virtual NVMe device created
[69896.172479] KSC2026-MARK map4k_bs32k_r3 fio-start 1791445658682180232
[69901.865930] NVMeVirt: KSC2026: first GC part=0 victim line=26 vpc=1880 ipc=168 free_lines=2 host_pgs=778240
[69901.866000] NVMeVirt: KSC2026: first GC part=1 victim line=26 vpc=1880 ipc=168 free_lines=2 host_pgs=778240
[69901.866067] NVMeVirt: KSC2026: first GC part=2 victim line=26 vpc=1880 ipc=168 free_lines=2 host_pgs=778240
[69901.866132] NVMeVirt: KSC2026: first GC part=3 victim line=26 vpc=1880 ipc=168 free_lines=2 host_pgs=778240
[69957.213240] KSC2026-MARK map4k_bs32k_r3 fio-end
[69957.217196] KSC2026-MARK map4k_bs32k_r3 rmmod 1791445719728269929
[69957.284852] pci_bus 0001:10: busn_res: [bus 10-ff] is released
[69957.284925] NVMeVirt: KSC2026: stats part=0 host_pgs=1851656 gc_pgs=4701788 gc_cnt=2819 free_lines=2
[69957.284927] NVMeVirt: KSC2026: stats part=1 host_pgs=1851656 gc_pgs=4701788 gc_cnt=2819 free_lines=2
[69957.284927] NVMeVirt: KSC2026: stats part=2 host_pgs=1851656 gc_pgs=4701788 gc_cnt=2819 free_lines=2
[69957.284928] NVMeVirt: KSC2026: stats part=3 host_pgs=1851656 gc_pgs=4701788 gc_cnt=2819 free_lines=2
[69957.352073] NVMeVirt: Virtual NVMe device closed
