500, 446941, 1, 0, 0
1000, 446001, 1, 0, 0
1500, 446000, 1, 0, 0
2000, 445999, 1, 0, 0
2500, 445989, 1, 0, 0
3000, 446008, 1, 0, 0
3500, 446005, 1, 0, 0
4000, 446017, 1, 0, 0
4500, 446001, 1, 0, 0
5000, 446009, 1, 0, 0
5500, 446459, 1, 0, 0
6000, 445953, 1, 0, 0
6500, 445955, 1, 0, 0
7000, 445887, 1, 0, 0
7500, 445958, 1, 0, 0
8000, 445969, 1, 0, 0
8500, 445957, 1, 0, 0
9000, 445963, 1, 0, 0
9500, 445956, 1, 0, 0
10000, 445952, 1, 0, 0
10500, 447436, 1, 0, 0
11000, 446136, 1, 0, 0
11500, 448406, 1, 0, 0
12000, 445938, 1, 0, 0
12500, 445923, 1, 0, 0
13000, 445950, 1, 0, 0
13500, 445947, 1, 0, 0
14000, 445949, 1, 0, 0
14500, 445929, 1, 0, 0
15000, 445943, 1, 0, 0
15500, 446439, 1, 0, 0
16000, 445874, 1, 0, 0
16500, 445950, 1, 0, 0
17000, 445953, 1, 0, 0
17500, 445953, 1, 0, 0
18000, 445956, 1, 0, 0
18500, 445955, 1, 0, 0
19000, 445957, 1, 0, 0
19500, 445955, 1, 0, 0
20000, 445955, 1, 0, 0
20500, 445952, 1, 0, 0
21000, 447314, 1, 0, 0
21500, 445961, 1, 0, 0
22000, 445965, 1, 0, 0
22500, 445956, 1, 0, 0
23000, 445964, 1, 0, 0
23500, 445960, 1, 0, 0
24000, 445967, 1, 0, 0
24500, 445955, 1, 0, 0
25000, 445711, 1, 0, 0
25500, 445548, 1, 0, 0
26000, 447535, 1, 0, 0
26500, 445963, 1, 0, 0
27000, 445958, 1, 0, 0
27500, 445948, 1, 0, 0
28000, 445961, 1, 0, 0
28500, 445956, 1, 0, 0
29000, 445964, 1, 0, 0
29500, 445958, 1, 0, 0
30000, 445961, 1, 0, 0
30500, 445957, 1, 0, 0
31000, 447213, 1, 0, 0
31500, 445944, 1, 0, 0
32000, 445950, 1, 0, 0
32500, 445952, 1, 0, 0
33000, 445953, 1, 0, 0
33500, 445951, 1, 0, 0
34000, 445950, 1, 0, 0
34500, 445949, 1, 0, 0
35000, 445952, 1, 0, 0
35500, 445944, 1, 0, 0
36000, 445951, 1, 0, 0
36500, 447514, 1, 0, 0
37000, 445940, 1, 0, 0
37500, 447996, 1, 0, 0
38000, 445904, 1, 0, 0
38500, 446395, 1, 0, 0
39000, 446466, 1, 0, 0
39500, 446273, 1, 0, 0
40000, 445956, 1, 0, 0
40500, 445961, 1, 0, 0
41000, 445958, 1, 0, 0
41500, 446456, 1, 0, 0
42000, 445955, 1, 0, 0
42500, 445962, 1, 0, 0
43000, 445958, 1, 0, 0
43500, 445951, 1, 0, 0
44000, 445949, 1, 0, 0
44500, 445952, 1, 0, 0
45000, 445950, 1, 0, 0
45500, 445957, 1, 0, 0
46000, 445952, 1, 0, 0
46500, 447363, 1, 0, 0
47000, 445944, 1, 0, 0
47500, 445947, 1, 0, 0
48000, 445938, 1, 0, 0
48500, 445944, 1, 0, 0
49000, 445943, 1, 0, 0
49500, 446519, 1, 0, 0
50000, 445961, 1, 0, 0
50501, 448589, 1, 0, 0
51000, 447889, 1, 0, 0
51500, 446502, 1, 0, 0
52000, 445950, 1, 0, 0
52500, 445958, 1, 0, 0
53000, 445954, 1, 0, 0
53500, 445948, 1, 0, 0
54000, 445961, 1, 0, 0
54500, 445961, 1, 0, 0
55000, 445966, 1, 0, 0
55500, 445967, 1, 0, 0
56000, 445966, 1, 0, 0
56500, 445960, 1, 0, 0
57000, 447420, 1, 0, 0
57500, 445959, 1, 0, 0
58000, 445956, 1, 0, 0
58500, 445940, 1, 0, 0
59000, 445959, 1, 0, 0
59500, 445955, 1, 0, 0
60000, 445950, 1, 0, 0
60000, 643292, 1, 0, 0
