500, 894410, 1, 0, 0
1000, 895419, 1, 0, 0
1500, 895420, 1, 0, 0
2000, 895418, 1, 0, 0
2500, 895413, 1, 0, 0
3000, 895411, 1, 0, 0
3500, 895416, 1, 0, 0
4000, 895416, 1, 0, 0
4500, 895415, 1, 0, 0
5000, 895407, 1, 0, 0
5515, 966711, 1, 0, 0
6007, 13834294, 1, 0, 0
6500, 14233275, 1, 0, 0
7007, 13551827, 1, 0, 0
7500, 13370792, 1, 0, 0
8010, 12399205, 1, 0, 0
8500, 11844348, 1, 0, 0
9010, 11092647, 1, 0, 0
9516, 10575004, 1, 0, 0
10005, 10077360, 1, 0, 0
10513, 9607413, 1, 0, 0
11000, 9015707, 1, 0, 0
11506, 8636400, 1, 0, 0
12013, 8555607, 1, 0, 0
12500, 8568261, 1, 0, 0
13007, 9438952, 1, 0, 0
13513, 9558373, 1, 0, 0
14000, 9447986, 1, 0, 0
14505, 9229898, 1, 0, 0
15010, 9000791, 1, 0, 0
15516, 8946013, 1, 0, 0
16003, 8743650, 1, 0, 0
16507, 8538790, 1, 0, 0
17012, 8459552, 1, 0, 0
17500, 8637113, 1, 0, 0
18003, 8119348, 1, 0, 0
18507, 8143883, 1, 0, 0
19013, 7963888, 1, 0, 0
19500, 7806990, 1, 0, 0
20001, 7632381, 1, 0, 0
20505, 7509457, 1, 0, 0
21008, 7486996, 1, 0, 0
21511, 7509530, 1, 0, 0
22000, 7495169, 1, 0, 0
22501, 7178284, 1, 0, 0
23003, 7086174, 1, 0, 0
23505, 7028662, 1, 0, 0
24008, 6820048, 1, 0, 0
24510, 6749350, 1, 0, 0
25011, 6508205, 1, 0, 0
25512, 6446057, 1, 0, 0
26014, 6513789, 1, 0, 0
26515, 6265676, 1, 0, 0
27015, 6155508, 1, 0, 0
27514, 5888569, 1, 0, 0
28012, 5665179, 1, 0, 0
28511, 5569369, 1, 0, 0
29010, 5413580, 1, 0, 0
29506, 5224471, 1, 0, 0
30002, 5115004, 1, 0, 0
30500, 5072839, 1, 0, 0
31011, 4703693, 1, 0, 0
31505, 4614494, 1, 0, 0
32000, 4381002, 1, 0, 0
32505, 4108110, 1, 0, 0
33012, 3961177, 1, 0, 0
33500, 3790777, 1, 0, 0
34003, 3479147, 1, 0, 0
34504, 3217135, 1, 0, 0
35000, 2988988, 1, 0, 0
35507, 2583718, 1, 0, 0
36006, 2243160, 1, 0, 0
36503, 1803551, 1, 0, 0
37000, 1136995, 1, 0, 0
37500, 1883375, 1, 0, 0
38011, 14348437, 1, 0, 0
38502, 13961545, 1, 0, 0
39013, 13267615, 1, 0, 0
39502, 12665653, 1, 0, 0
40012, 12122034, 1, 0, 0
40502, 11486652, 1, 0, 0
41011, 10926777, 1, 0, 0
41500, 10355953, 1, 0, 0
42006, 9816788, 1, 0, 0
42513, 9310483, 1, 0, 0
43000, 9038973, 1, 0, 0
43505, 8747070, 1, 0, 0
44011, 8566138, 1, 0, 0
44500, 9138328, 1, 0, 0
45005, 9430936, 1, 0, 0
45512, 9653710, 1, 0, 0
46000, 9529670, 1, 0, 0
46506, 9064930, 1, 0, 0
47010, 8775241, 1, 0, 0
47516, 8782489, 1, 0, 0
48002, 8576414, 1, 0, 0
48510, 8462935, 1, 0, 0
49016, 8242098, 1, 0, 0
49502, 8246984, 1, 0, 0
50007, 8143557, 1, 0, 0
50511, 8083440, 1, 0, 0
51015, 7953464, 1, 0, 0
51501, 7897308, 1, 0, 0
52004, 7736371, 1, 0, 0
52507, 7599361, 1, 0, 0
53010, 7592595, 1, 0, 0
53515, 7508328, 1, 0, 0
54000, 7353882, 1, 0, 0
54501, 7022027, 1, 0, 0
55003, 7066569, 1, 0, 0
55503, 6849800, 1, 0, 0
56009, 6887634, 1, 0, 0
56510, 6746256, 1, 0, 0
57011, 6617147, 1, 0, 0
57512, 6426926, 1, 0, 0
58011, 6369039, 1, 0, 0
58514, 6195558, 1, 0, 0
59013, 5961049, 1, 0, 0
59512, 5842883, 1, 0, 0
60011, 5775972, 1, 0, 0
60011, 17380566, 1, 0, 0
