500, 2290688, 1, 0, 0
1000, 2286976, 1, 0, 0
1500, 2286976, 1, 0, 0
2000, 2286685, 1, 0, 0
2500, 2287104, 1, 0, 0
3000, 2286720, 1, 0, 0
3500, 2286848, 1, 0, 0
4000, 2286976, 1, 0, 0
4500, 2286848, 1, 0, 0
5000, 2286720, 1, 0, 0
5500, 2109696, 1, 0, 0
6000, 145408, 1, 0, 0
6500, 147200, 1, 0, 0
7000, 147968, 1, 0, 0
7500, 158208, 1, 0, 0
8000, 161024, 1, 0, 0
8500, 169472, 1, 0, 0
9000, 187904, 1, 0, 0
9500, 196352, 1, 0, 0
10000, 198656, 1, 0, 0
10500, 216576, 1, 0, 0
11000, 222336, 1, 0, 0
11500, 239454, 1, 0, 0
12000, 242688, 1, 0, 0
12500, 232960, 1, 0, 0
13000, 219648, 1, 0, 0
13500, 217088, 1, 0, 0
14000, 213248, 1, 0, 0
14500, 222208, 1, 0, 0
15000, 229376, 1, 0, 0
15500, 231936, 1, 0, 0
16000, 228096, 1, 0, 0
16500, 241920, 1, 0, 0
17000, 244480, 1, 0, 0
17500, 241280, 1, 0, 0
18000, 243328, 1, 0, 0
18500, 253952, 1, 0, 0
19000, 259584, 1, 0, 0
19500, 264960, 1, 0, 0
20000, 259328, 1, 0, 0
20500, 274688, 1, 0, 0
21000, 275456, 1, 0, 0
21500, 274688, 1, 0, 0
22000, 277504, 1, 0, 0
22500, 274688, 1, 0, 0
23000, 290304, 1, 0, 0
23500, 293120, 1, 0, 0
24000, 301568, 1, 0, 0
24500, 305507, 1, 0, 0
25000, 315392, 1, 0, 0
25500, 317952, 1, 0, 0
26000, 316160, 1, 0, 0
26500, 327168, 1, 0, 0
27000, 333056, 1, 0, 0
27500, 347136, 1, 0, 0
28000, 359936, 1, 0, 0
28500, 367360, 1, 0, 0
29000, 377088, 1, 0, 0
29500, 389120, 1, 0, 0
30000, 397568, 1, 0, 0
30500, 416256, 1, 0, 0
31000, 430080, 1, 0, 0
31500, 438784, 1, 0, 0
32000, 478336, 1, 0, 0
32500, 487296, 1, 0, 0
33000, 524544, 1, 0, 0
33500, 528128, 1, 0, 0
34000, 592640, 1, 0, 0
34500, 638464, 1, 0, 0
35000, 696817, 1, 0, 0
35500, 786816, 1, 0, 0
36000, 913920, 1, 0, 0
36500, 1136384, 1, 0, 0
37000, 1810944, 1, 0, 0
37500, 1059840, 1, 0, 0
38000, 143872, 1, 0, 0
38500, 143872, 1, 0, 0
39000, 157952, 1, 0, 0
39500, 158208, 1, 0, 0
40000, 172288, 1, 0, 0
40500, 174592, 1, 0, 0
41000, 190720, 1, 0, 0
41500, 196864, 1, 0, 0
42000, 207872, 1, 0, 0
42500, 222976, 1, 0, 0
43000, 220928, 1, 0, 0
43500, 236544, 1, 0, 0
44000, 241664, 1, 0, 0
44500, 226560, 1, 0, 0
45000, 211968, 1, 0, 0
45500, 215296, 1, 0, 0
46000, 217216, 1, 0, 0
46500, 220800, 1, 0, 0
47000, 235520, 1, 0, 0
47500, 235776, 1, 0, 0
48000, 232448, 1, 0, 0
48500, 245504, 1, 0, 0
49000, 251392, 1, 0, 0
49500, 241664, 1, 0, 0
50000, 254460, 1, 0, 0
50500, 255488, 1, 0, 0
51000, 259584, 1, 0, 0
51500, 251648, 1, 0, 0
52000, 266752, 1, 0, 0
52500, 271104, 1, 0, 0
53000, 271360, 1, 0, 0
53500, 274944, 1, 0, 0
54000, 280704, 1, 0, 0
54500, 281472, 1, 0, 0
55000, 291328, 1, 0, 0
55500, 299008, 1, 0, 0
56000, 300288, 1, 0, 0
56500, 304640, 1, 0, 0
57000, 310528, 1, 0, 0
57500, 318976, 1, 0, 0
58000, 321280, 1, 0, 0
58500, 332288, 1, 0, 0
59000, 343296, 1, 0, 0
59500, 349184, 1, 0, 0
60000, 353792, 1, 0, 0
