500, 35792, 1, 0, 0
1000, 35734, 1, 0, 0
1500, 35734, 1, 0, 0
2000, 35729, 1, 0, 0
2500, 35736, 1, 0, 0
3000, 35730, 1, 0, 0
3500, 35732, 1, 0, 0
4000, 35734, 1, 0, 0
4500, 35732, 1, 0, 0
5000, 35730, 1, 0, 0
5500, 32964, 1, 0, 0
6000, 2272, 1, 0, 0
6500, 2300, 1, 0, 0
7000, 2312, 1, 0, 0
7500, 2472, 1, 0, 0
8000, 2516, 1, 0, 0
8500, 2648, 1, 0, 0
9000, 2936, 1, 0, 0
9500, 3068, 1, 0, 0
10000, 3104, 1, 0, 0
10500, 3384, 1, 0, 0
11000, 3474, 1, 0, 0
11500, 3741, 1, 0, 0
12000, 3792, 1, 0, 0
12500, 3640, 1, 0, 0
13000, 3432, 1, 0, 0
13500, 3392, 1, 0, 0
14000, 3332, 1, 0, 0
14500, 3472, 1, 0, 0
15000, 3584, 1, 0, 0
15500, 3624, 1, 0, 0
16000, 3564, 1, 0, 0
16500, 3780, 1, 0, 0
17000, 3820, 1, 0, 0
17500, 3770, 1, 0, 0
18000, 3802, 1, 0, 0
18500, 3968, 1, 0, 0
19000, 4056, 1, 0, 0
19500, 4140, 1, 0, 0
20000, 4052, 1, 0, 0
20500, 4292, 1, 0, 0
21000, 4304, 1, 0, 0
21500, 4292, 1, 0, 0
22000, 4336, 1, 0, 0
22500, 4292, 1, 0, 0
23000, 4536, 1, 0, 0
23500, 4580, 1, 0, 0
24000, 4712, 1, 0, 0
24500, 4773, 1, 0, 0
25000, 4928, 1, 0, 0
25500, 4968, 1, 0, 0
26000, 4940, 1, 0, 0
26500, 5112, 1, 0, 0
27000, 5204, 1, 0, 0
27500, 5424, 1, 0, 0
28000, 5624, 1, 0, 0
28500, 5740, 1, 0, 0
29000, 5892, 1, 0, 0
29500, 6080, 1, 0, 0
30000, 6212, 1, 0, 0
30500, 6504, 1, 0, 0
31000, 6720, 1, 0, 0
31500, 6856, 1, 0, 0
32000, 7474, 1, 0, 0
32500, 7614, 1, 0, 0
33000, 8196, 1, 0, 0
33500, 8252, 1, 0, 0
34000, 9260, 1, 0, 0
34500, 9976, 1, 0, 0
35000, 10887, 1, 0, 0
35500, 12294, 1, 0, 0
36000, 14280, 1, 0, 0
36500, 17756, 1, 0, 0
37000, 28296, 1, 0, 0
37500, 16560, 1, 0, 0
38000, 2248, 1, 0, 0
38500, 2248, 1, 0, 0
39000, 2468, 1, 0, 0
39500, 2472, 1, 0, 0
40000, 2692, 1, 0, 0
40500, 2728, 1, 0, 0
41000, 2980, 1, 0, 0
41500, 3076, 1, 0, 0
42000, 3248, 1, 0, 0
42500, 3484, 1, 0, 0
43000, 3452, 1, 0, 0
43500, 3696, 1, 0, 0
44000, 3776, 1, 0, 0
44500, 3540, 1, 0, 0
45000, 3312, 1, 0, 0
45500, 3364, 1, 0, 0
46000, 3394, 1, 0, 0
46500, 3450, 1, 0, 0
47000, 3680, 1, 0, 0
47500, 3684, 1, 0, 0
48000, 3632, 1, 0, 0
48500, 3836, 1, 0, 0
49000, 3928, 1, 0, 0
49500, 3776, 1, 0, 0
50000, 3975, 1, 0, 0
50500, 3992, 1, 0, 0
51000, 4056, 1, 0, 0
51500, 3932, 1, 0, 0
52000, 4168, 1, 0, 0
52500, 4236, 1, 0, 0
53000, 4240, 1, 0, 0
53500, 4296, 1, 0, 0
54000, 4386, 1, 0, 0
54500, 4398, 1, 0, 0
55000, 4552, 1, 0, 0
55500, 4672, 1, 0, 0
56000, 4692, 1, 0, 0
56500, 4760, 1, 0, 0
57000, 4852, 1, 0, 0
57500, 4984, 1, 0, 0
58000, 5020, 1, 0, 0
58500, 5192, 1, 0, 0
59000, 5364, 1, 0, 0
59500, 5456, 1, 0, 0
60000, 5528, 1, 0, 0
