500, 891851, 1, 0, 0
1000, 892866, 1, 0, 0
1500, 892882, 1, 0, 0
2000, 892874, 1, 0, 0
2500, 892850, 1, 0, 0
3000, 892812, 1, 0, 0
3500, 892857, 1, 0, 0
4000, 892879, 1, 0, 0
4500, 892875, 1, 0, 0
5000, 892843, 1, 0, 0
5515, 964064, 1, 0, 0
6007, 13831663, 1, 0, 0
6500, 14230680, 1, 0, 0
7007, 13549236, 1, 0, 0
7500, 13368165, 1, 0, 0
8010, 12396589, 1, 0, 0
8500, 11841702, 1, 0, 0
9010, 11090010, 1, 0, 0
9516, 10572409, 1, 0, 0
10005, 10074746, 1, 0, 0
10513, 9604806, 1, 0, 0
11000, 9013051, 1, 0, 0
11506, 8633809, 1, 0, 0
12013, 8553003, 1, 0, 0
12500, 8565652, 1, 0, 0
13007, 9436334, 1, 0, 0
13513, 9555775, 1, 0, 0
14000, 9445407, 1, 0, 0
14505, 9227280, 1, 0, 0
15010, 8998124, 1, 0, 0
15516, 8943420, 1, 0, 0
16003, 8741042, 1, 0, 0
16507, 8536179, 1, 0, 0
17012, 8456920, 1, 0, 0
17500, 8634516, 1, 0, 0
18003, 8116729, 1, 0, 0
18507, 8141294, 1, 0, 0
19013, 7961275, 1, 0, 0
19500, 7804415, 1, 0, 0
20001, 7629775, 1, 0, 0
20505, 7506853, 1, 0, 0
21008, 7484376, 1, 0, 0
21511, 7506909, 1, 0, 0
22000, 7492480, 1, 0, 0
22501, 7175677, 1, 0, 0
23003, 7083557, 1, 0, 0
23505, 7026052, 1, 0, 0
24008, 6817446, 1, 0, 0
24510, 6746746, 1, 0, 0
25011, 6505599, 1, 0, 0
25512, 6443462, 1, 0, 0
26014, 6511189, 1, 0, 0
26515, 6263084, 1, 0, 0
27015, 6152910, 1, 0, 0
27514, 5885985, 1, 0, 0
28012, 5662575, 1, 0, 0
28511, 5566774, 1, 0, 0
29010, 5410974, 1, 0, 0
29506, 5221870, 1, 0, 0
30002, 5112391, 1, 0, 0
30500, 5070229, 1, 0, 0
31011, 4701008, 1, 0, 0
31505, 4611871, 1, 0, 0
32000, 4378362, 1, 0, 0
32505, 4105504, 1, 0, 0
33012, 3958562, 1, 0, 0
33500, 3788177, 1, 0, 0
34003, 3476559, 1, 0, 0
34504, 3214543, 1, 0, 0
35000, 2986404, 1, 0, 0
35507, 2581118, 1, 0, 0
36006, 2240584, 1, 0, 0
36503, 1800963, 1, 0, 0
37000, 1134412, 1, 0, 0
37500, 1880823, 1, 0, 0
38011, 14345817, 1, 0, 0
38502, 13958940, 1, 0, 0
39013, 13265021, 1, 0, 0
39502, 12663062, 1, 0, 0
40012, 12119426, 1, 0, 0
40502, 11484048, 1, 0, 0
41011, 10924151, 1, 0, 0
41500, 10353337, 1, 0, 0
42006, 9814177, 1, 0, 0
42513, 9307862, 1, 0, 0
43000, 9036358, 1, 0, 0
43505, 8744446, 1, 0, 0
44011, 8563516, 1, 0, 0
44500, 9135710, 1, 0, 0
45005, 9428309, 1, 0, 0
45512, 9651097, 1, 0, 0
46000, 9527051, 1, 0, 0
46506, 9062268, 1, 0, 0
47010, 8772573, 1, 0, 0
47516, 8779897, 1, 0, 0
48002, 8573783, 1, 0, 0
48510, 8459627, 1, 0, 0
49016, 8239487, 1, 0, 0
49502, 8244348, 1, 0, 0
50007, 8140922, 1, 0, 0
50511, 8080820, 1, 0, 0
51015, 7950017, 1, 0, 0
51501, 7894339, 1, 0, 0
52004, 7733760, 1, 0, 0
52507, 7596759, 1, 0, 0
53010, 7589988, 1, 0, 0
53515, 7505734, 1, 0, 0
54000, 7351275, 1, 0, 0
54501, 7019419, 1, 0, 0
55003, 7063966, 1, 0, 0
55503, 6847200, 1, 0, 0
56009, 6885037, 1, 0, 0
56510, 6743652, 1, 0, 0
57011, 6614559, 1, 0, 0
57512, 6424345, 1, 0, 0
58011, 6366424, 1, 0, 0
58514, 6192963, 1, 0, 0
59013, 5958451, 1, 0, 0
59512, 5840281, 1, 0, 0
60011, 5773364, 1, 0, 0
60011, 17378056, 1, 0, 0
