500, 35792, 1, 0, 0
1000, 35730, 1, 0, 0
1500, 35732, 1, 0, 0
2000, 35734, 1, 0, 0
2500, 35729, 1, 0, 0
3000, 35732, 1, 0, 0
3500, 35734, 1, 0, 0
4000, 35728, 1, 0, 0
4500, 35734, 1, 0, 0
5000, 35732, 1, 0, 0
5500, 32970, 1, 0, 0
6000, 2272, 1, 0, 0
6500, 2294, 1, 0, 0
7000, 2318, 1, 0, 0
7500, 2472, 1, 0, 0
8000, 2516, 1, 0, 0
8500, 2648, 1, 0, 0
9000, 2936, 1, 0, 0
9500, 3068, 1, 0, 0
10000, 3104, 1, 0, 0
10500, 3384, 1, 0, 0
11000, 3566, 1, 0, 0
11500, 3642, 1, 0, 0
12000, 3799, 1, 0, 0
12500, 3730, 1, 0, 0
13000, 3342, 1, 0, 0
13500, 3392, 1, 0, 0
14000, 3438, 1, 0, 0
14500, 3366, 1, 0, 0
15000, 3584, 1, 0, 0
15500, 3624, 1, 0, 0
16000, 3564, 1, 0, 0
16500, 3780, 1, 0, 0
17000, 3820, 1, 0, 0
17500, 3816, 1, 0, 0
18000, 3756, 1, 0, 0
18500, 3968, 1, 0, 0
19000, 4056, 1, 0, 0
19500, 4140, 1, 0, 0
20000, 4146, 1, 0, 0
20500, 4198, 1, 0, 0
21000, 4304, 1, 0, 0
21500, 4292, 1, 0, 0
22000, 4336, 1, 0, 0
22500, 4334, 1, 0, 0
23000, 4494, 1, 0, 0
23500, 4580, 1, 0, 0
24000, 4712, 1, 0, 0
24500, 4764, 1, 0, 0
25000, 4928, 1, 0, 0
25500, 4977, 1, 0, 0
26000, 4940, 1, 0, 0
26500, 5112, 1, 0, 0
27000, 5204, 1, 0, 0
27500, 5424, 1, 0, 0
28000, 5624, 1, 0, 0
28500, 5740, 1, 0, 0
29000, 5892, 1, 0, 0
29500, 6080, 1, 0, 0
30000, 6332, 1, 0, 0
30500, 6496, 1, 0, 0
31000, 6608, 1, 0, 0
31500, 6856, 1, 0, 0
32000, 7508, 1, 0, 0
32500, 7580, 1, 0, 0
33000, 8196, 1, 0, 0
33500, 8574, 1, 0, 0
34000, 9024, 1, 0, 0
34500, 9924, 1, 0, 0
35000, 11136, 1, 0, 0
35500, 11990, 1, 0, 0
36000, 14280, 1, 0, 0
36500, 17858, 1, 0, 0
37000, 28554, 1, 0, 0
37500, 16288, 1, 0, 0
38000, 2192, 1, 0, 0
38500, 2278, 1, 0, 0
39000, 2438, 1, 0, 0
39500, 2520, 1, 0, 0
40000, 2644, 1, 0, 0
40500, 2840, 1, 0, 0
41000, 2856, 1, 0, 0
41500, 3152, 1, 0, 0
42000, 3174, 1, 0, 0
42500, 3482, 1, 0, 0
43000, 3596, 1, 0, 0
43500, 3598, 1, 0, 0
44000, 3726, 1, 0, 0
44500, 3576, 1, 0, 0
45000, 3286, 1, 0, 0
45500, 3354, 1, 0, 0
46000, 3444, 1, 0, 0
46500, 3408, 1, 0, 0
47000, 3652, 1, 0, 0
47500, 3720, 1, 0, 0
48000, 3674, 1, 0, 0
48500, 3894, 1, 0, 0
49000, 3936, 1, 0, 0
49500, 3920, 1, 0, 0
50000, 3819, 1, 0, 0
50500, 3860, 1, 0, 0
51000, 4028, 1, 0, 0
51500, 4092, 1, 0, 0
52000, 3956, 1, 0, 0
52500, 4172, 1, 0, 0
53000, 4272, 1, 0, 0
53500, 4416, 1, 0, 0
54000, 4384, 1, 0, 0
54500, 4440, 1, 0, 0
55000, 4444, 1, 0, 0
55500, 4676, 1, 0, 0
56000, 4632, 1, 0, 0
56500, 4844, 1, 0, 0
57000, 5016, 1, 0, 0
57500, 4980, 1, 0, 0
58000, 4992, 1, 0, 0
58500, 5164, 1, 0, 0
59000, 5292, 1, 0, 0
59500, 5392, 1, 0, 0
60000, 5520, 1, 0, 0
