500, 894422, 1, 0, 0
1000, 895431, 1, 0, 0
1500, 895431, 1, 0, 0
2000, 895424, 1, 0, 0
2500, 895427, 1, 0, 0
3000, 895426, 1, 0, 0
3500, 895425, 1, 0, 0
4000, 895429, 1, 0, 0
4500, 895425, 1, 0, 0
5000, 895418, 1, 0, 0
5516, 967125, 1, 0, 0
6008, 13855437, 1, 0, 0
6500, 14351576, 1, 0, 0
7007, 13417312, 1, 0, 0
7500, 13196130, 1, 0, 0
8011, 12559412, 1, 0, 0
8500, 11839247, 1, 0, 0
9009, 11082585, 1, 0, 0
9516, 10572366, 1, 0, 0
10005, 10084745, 1, 0, 0
10512, 9603373, 1, 0, 0
11000, 9100929, 1, 0, 0
11504, 8529679, 1, 0, 0
12010, 8543346, 1, 0, 0
12500, 8684538, 1, 0, 0
13005, 9344021, 1, 0, 0
13511, 9556837, 1, 0, 0
14000, 9408282, 1, 0, 0
14503, 9265112, 1, 0, 0
15007, 8984935, 1, 0, 0
15514, 8953619, 1, 0, 0
16000, 8738255, 1, 0, 0
16505, 8547759, 1, 0, 0
17009, 8453660, 1, 0, 0
17515, 8479038, 1, 0, 0
18001, 8276766, 1, 0, 0
18506, 8153975, 1, 0, 0
19010, 7946811, 1, 0, 0
19514, 7791689, 1, 0, 0
20000, 7772460, 1, 0, 0
20504, 7408592, 1, 0, 0
21007, 7490268, 1, 0, 0
21510, 7500422, 1, 0, 0
22016, 7464870, 1, 0, 0
22500, 7211112, 1, 0, 0
23001, 7082207, 1, 0, 0
23504, 7022236, 1, 0, 0
24006, 6823341, 1, 0, 0
24509, 6753865, 1, 0, 0
25010, 6508660, 1, 0, 0
25509, 6433136, 1, 0, 0
26011, 6508131, 1, 0, 0
26511, 6259479, 1, 0, 0
27012, 6150203, 1, 0, 0
27511, 5893585, 1, 0, 0
28008, 5660823, 1, 0, 0
28507, 5566780, 1, 0, 0
29005, 5405031, 1, 0, 0
29501, 5225822, 1, 0, 0
30000, 5210670, 1, 0, 0
30512, 4886644, 1, 0, 0
31007, 4786916, 1, 0, 0
31501, 4617826, 1, 0, 0
32011, 4348684, 1, 0, 0
32501, 4136566, 1, 0, 0
33008, 3959700, 1, 0, 0
33500, 3792991, 1, 0, 0
34000, 3509065, 1, 0, 0
34500, 3176622, 1, 0, 0
35000, 2948522, 1, 0, 0
35503, 2619119, 1, 0, 0
36002, 2242808, 1, 0, 0
36500, 1810118, 1, 0, 0
37000, 1127914, 1, 0, 0
37514, 1948378, 1, 0, 0
38008, 14419436, 1, 0, 0
38500, 14006346, 1, 0, 0
39008, 13173511, 1, 0, 0
39500, 12797483, 1, 0, 0
40008, 12006960, 1, 0, 0
40516, 11467841, 1, 0, 0
41004, 10924444, 1, 0, 0
41512, 10317048, 1, 0, 0
42000, 9841817, 1, 0, 0
42506, 9301475, 1, 0, 0
43014, 9029742, 1, 0, 0
43500, 8765179, 1, 0, 0
44005, 8575299, 1, 0, 0
44512, 9076983, 1, 0, 0
45000, 9508525, 1, 0, 0
45508, 9673189, 1, 0, 0
46014, 9413002, 1, 0, 0
46501, 9141085, 1, 0, 0
47007, 8874875, 1, 0, 0
47515, 8726537, 1, 0, 0
48000, 8478348, 1, 0, 0
48504, 8258382, 1, 0, 0
49008, 8196146, 1, 0, 0
49513, 8246471, 1, 0, 0
50000, 8354190, 1, 0, 0
50503, 8171420, 1, 0, 0
51008, 8016604, 1, 0, 0
51513, 7906590, 1, 0, 0
52000, 8087427, 1, 0, 0
52501, 7485463, 1, 0, 0
53007, 7585537, 1, 0, 0
53510, 7290509, 1, 0, 0
54014, 7349238, 1, 0, 0
54500, 7267436, 1, 0, 0
55000, 6946492, 1, 0, 0
55500, 6850071, 1, 0, 0
56002, 6935467, 1, 0, 0
56504, 6625851, 1, 0, 0
57004, 6380441, 1, 0, 0
57503, 6421589, 1, 0, 0
58006, 6448926, 1, 0, 0
58507, 6204879, 1, 0, 0
59007, 6046288, 1, 0, 0
59507, 5930080, 1, 0, 0
60007, 5794047, 1, 0, 0
60008, 17576216, 1, 0, 0
