500, 2290688, 1, 0, 0
1000, 2286720, 1, 0, 0
1500, 2286848, 1, 0, 0
2000, 2286976, 1, 0, 0
2500, 2286685, 1, 0, 0
3000, 2286848, 1, 0, 0
3500, 2286976, 1, 0, 0
4000, 2286592, 1, 0, 0
4500, 2286976, 1, 0, 0
5000, 2286848, 1, 0, 0
5500, 2110080, 1, 0, 0
6000, 145408, 1, 0, 0
6500, 146816, 1, 0, 0
7000, 148352, 1, 0, 0
7500, 158208, 1, 0, 0
8000, 161024, 1, 0, 0
8500, 169472, 1, 0, 0
9000, 187904, 1, 0, 0
9500, 196352, 1, 0, 0
10000, 198656, 1, 0, 0
10500, 216576, 1, 0, 0
11000, 228224, 1, 0, 0
11500, 233088, 1, 0, 0
12000, 243174, 1, 0, 0
12500, 238720, 1, 0, 0
13000, 213888, 1, 0, 0
13500, 217088, 1, 0, 0
14000, 220032, 1, 0, 0
14500, 215424, 1, 0, 0
15000, 229376, 1, 0, 0
15500, 231936, 1, 0, 0
16000, 228096, 1, 0, 0
16500, 241920, 1, 0, 0
17000, 244480, 1, 0, 0
17500, 244224, 1, 0, 0
18000, 240384, 1, 0, 0
18500, 253952, 1, 0, 0
19000, 259584, 1, 0, 0
19500, 264960, 1, 0, 0
20000, 265344, 1, 0, 0
20500, 268672, 1, 0, 0
21000, 275456, 1, 0, 0
21500, 274688, 1, 0, 0
22000, 277504, 1, 0, 0
22500, 277376, 1, 0, 0
23000, 287616, 1, 0, 0
23500, 293120, 1, 0, 0
24000, 301568, 1, 0, 0
24500, 304896, 1, 0, 0
25000, 315392, 1, 0, 0
25500, 318589, 1, 0, 0
26000, 316160, 1, 0, 0
26500, 327168, 1, 0, 0
27000, 333056, 1, 0, 0
27500, 347136, 1, 0, 0
28000, 359936, 1, 0, 0
28500, 367360, 1, 0, 0
29000, 377088, 1, 0, 0
29500, 389120, 1, 0, 0
30000, 405248, 1, 0, 0
30500, 415744, 1, 0, 0
31000, 422912, 1, 0, 0
31500, 438784, 1, 0, 0
32000, 480512, 1, 0, 0
32500, 485120, 1, 0, 0
33000, 524544, 1, 0, 0
33500, 548736, 1, 0, 0
34000, 577536, 1, 0, 0
34500, 635136, 1, 0, 0
35000, 712704, 1, 0, 0
35500, 767360, 1, 0, 0
36000, 913920, 1, 0, 0
36500, 1142912, 1, 0, 0
37000, 1827456, 1, 0, 0
37500, 1042468, 1, 0, 0
38000, 140288, 1, 0, 0
38500, 145792, 1, 0, 0
39000, 156032, 1, 0, 0
39500, 161280, 1, 0, 0
40000, 169216, 1, 0, 0
40500, 181760, 1, 0, 0
41000, 182784, 1, 0, 0
41500, 201728, 1, 0, 0
42000, 203136, 1, 0, 0
42500, 222848, 1, 0, 0
43000, 230144, 1, 0, 0
43500, 230272, 1, 0, 0
44000, 238464, 1, 0, 0
44500, 228864, 1, 0, 0
45000, 210304, 1, 0, 0
45500, 214656, 1, 0, 0
46000, 220416, 1, 0, 0
46500, 218112, 1, 0, 0
47000, 233728, 1, 0, 0
47500, 238080, 1, 0, 0
48000, 235136, 1, 0, 0
48500, 249216, 1, 0, 0
49000, 251904, 1, 0, 0
49500, 250880, 1, 0, 0
50000, 244456, 1, 0, 0
50500, 247040, 1, 0, 0
51000, 257792, 1, 0, 0
51500, 261888, 1, 0, 0
52000, 253184, 1, 0, 0
52500, 267008, 1, 0, 0
53000, 273408, 1, 0, 0
53500, 282624, 1, 0, 0
54000, 280576, 1, 0, 0
54500, 284160, 1, 0, 0
55000, 284416, 1, 0, 0
55500, 299264, 1, 0, 0
56000, 296448, 1, 0, 0
56500, 310016, 1, 0, 0
57000, 321024, 1, 0, 0
57500, 318720, 1, 0, 0
58000, 319488, 1, 0, 0
58500, 330496, 1, 0, 0
59000, 338688, 1, 0, 0
59500, 345088, 1, 0, 0
60000, 353280, 1, 0, 0
