500, 2581, 1, 0, 0
1000, 2568, 1, 0, 0
1500, 2573, 1, 0, 0
2000, 2585, 1, 0, 0
2500, 2581, 1, 0, 0
3000, 2574, 1, 0, 0
3500, 2597, 1, 0, 0
4000, 2571, 1, 0, 0
4500, 2568, 1, 0, 0
5000, 2573, 1, 0, 0
5516, 2596, 1, 0, 0
6008, 2629, 1, 0, 0
6500, 2639, 1, 0, 0
7007, 2673, 1, 0, 0
7500, 2646, 1, 0, 0
8011, 2655, 1, 0, 0
8500, 2636, 1, 0, 0
9009, 2634, 1, 0, 0
9516, 2644, 1, 0, 0
10005, 2619, 1, 0, 0
10512, 2651, 1, 0, 0
11000, 2624, 1, 0, 0
11504, 2617, 1, 0, 0
12010, 2601, 1, 0, 0
12500, 2595, 1, 0, 0
13005, 2615, 1, 0, 0
13511, 2633, 1, 0, 0
14000, 2613, 1, 0, 0
14503, 2641, 1, 0, 0
15007, 2624, 1, 0, 0
15514, 2788, 1, 0, 0
16000, 2638, 1, 0, 0
16505, 2617, 1, 0, 0
17009, 2618, 1, 0, 0
17515, 2613, 1, 0, 0
18001, 2619, 1, 0, 0
18506, 2632, 1, 0, 0
19010, 2614, 1, 0, 0
19514, 2623, 1, 0, 0
20000, 2619, 1, 0, 0
20504, 2630, 1, 0, 0
21007, 2621, 1, 0, 0
21510, 2626, 1, 0, 0
22016, 2635, 1, 0, 0
22500, 2634, 1, 0, 0
23001, 2621, 1, 0, 0
23504, 2630, 1, 0, 0
24006, 2634, 1, 0, 0
24509, 2620, 1, 0, 0
25010, 2626, 1, 0, 0
25509, 2653, 1, 0, 0
26011, 2672, 1, 0, 0
26511, 2628, 1, 0, 0
27012, 2658, 1, 0, 0
27511, 2633, 1, 0, 0
28008, 2630, 1, 0, 0
28507, 2639, 1, 0, 0
29005, 2637, 1, 0, 0
29501, 2620, 1, 0, 0
30000, 2639, 1, 0, 0
30512, 2640, 1, 0, 0
31007, 2626, 1, 0, 0
31501, 2633, 1, 0, 0
32011, 2628, 1, 0, 0
32501, 2616, 1, 0, 0
33008, 2625, 1, 0, 0
33500, 2631, 1, 0, 0
34000, 2619, 1, 0, 0
34500, 2633, 1, 0, 0
35000, 2653, 1, 0, 0
35503, 2609, 1, 0, 0
36002, 2625, 1, 0, 0
36500, 2598, 1, 0, 0
37000, 2601, 1, 0, 0
37514, 2599, 1, 0, 0
38008, 2668, 1, 0, 0
38500, 2676, 1, 0, 0
39008, 2633, 1, 0, 0
39500, 2691, 1, 0, 0
40008, 2700, 1, 0, 0
40516, 2681, 1, 0, 0
41004, 2660, 1, 0, 0
41512, 2672, 1, 0, 0
42000, 2678, 1, 0, 0
42506, 2675, 1, 0, 0
43014, 2659, 1, 0, 0
43500, 2658, 1, 0, 0
44005, 2593, 1, 0, 0
44512, 2609, 1, 0, 0
45000, 2616, 1, 0, 0
45508, 2650, 1, 0, 0
46014, 2640, 1, 0, 0
46501, 2613, 1, 0, 0
47007, 2630, 1, 0, 0
47515, 2594, 1, 0, 0
48000, 2616, 1, 0, 0
48504, 2606, 1, 0, 0
49008, 2608, 1, 0, 0
49513, 2637, 1, 0, 0
50000, 2634, 1, 0, 0
50503, 2616, 1, 0, 0
51008, 2613, 1, 0, 0
51513, 2620, 1, 0, 0
52000, 2665, 1, 0, 0
52501, 2762, 1, 0, 0
53007, 2596, 1, 0, 0
53510, 2631, 1, 0, 0
54014, 2619, 1, 0, 0
54500, 2615, 1, 0, 0
55000, 2617, 1, 0, 0
55500, 2629, 1, 0, 0
56002, 2658, 1, 0, 0
56504, 2658, 1, 0, 0
57004, 2624, 1, 0, 0
57503, 2613, 1, 0, 0
58006, 2619, 1, 0, 0
58507, 2615, 1, 0, 0
59007, 2613, 1, 0, 0
59507, 2625, 1, 0, 0
60008, 2624, 1, 0, 0
