500, 891841, 1, 0, 0
1000, 892863, 1, 0, 0
1500, 892858, 1, 0, 0
2000, 892839, 1, 0, 0
2500, 892846, 1, 0, 0
3000, 892852, 1, 0, 0
3500, 892828, 1, 0, 0
4000, 892858, 1, 0, 0
4500, 892857, 1, 0, 0
5000, 892846, 1, 0, 0
5516, 964530, 1, 0, 0
6008, 13852811, 1, 0, 0
6500, 14348935, 1, 0, 0
7007, 13414640, 1, 0, 0
7500, 13193484, 1, 0, 0
8011, 12556755, 1, 0, 0
8500, 11836613, 1, 0, 0
9009, 11079951, 1, 0, 0
9516, 10569722, 1, 0, 0
10005, 10082125, 1, 0, 0
10512, 9600723, 1, 0, 0
11000, 9098302, 1, 0, 0
11504, 8527063, 1, 0, 0
12010, 8540745, 1, 0, 0
12500, 8681943, 1, 0, 0
13005, 9341409, 1, 0, 0
13511, 9554203, 1, 0, 0
14000, 9405668, 1, 0, 0
14503, 9262472, 1, 0, 0
15007, 8982311, 1, 0, 0
15514, 8950830, 1, 0, 0
16000, 8735617, 1, 0, 0
16505, 8545142, 1, 0, 0
17009, 8451039, 1, 0, 0
17515, 8476426, 1, 0, 0
18001, 8274148, 1, 0, 0
18506, 8151342, 1, 0, 0
19010, 7944199, 1, 0, 0
19514, 7789065, 1, 0, 0
20000, 7769841, 1, 0, 0
20504, 7405962, 1, 0, 0
21007, 7487647, 1, 0, 0
21510, 7497795, 1, 0, 0
22016, 7462236, 1, 0, 0
22500, 7208479, 1, 0, 0
23001, 7079582, 1, 0, 0
23504, 7019608, 1, 0, 0
24006, 6820707, 1, 0, 0
24509, 6751245, 1, 0, 0
25010, 6506035, 1, 0, 0
25509, 6430482, 1, 0, 0
26011, 6505459, 1, 0, 0
26511, 6256852, 1, 0, 0
27012, 6147544, 1, 0, 0
27511, 5890953, 1, 0, 0
28008, 5658193, 1, 0, 0
28507, 5564144, 1, 0, 0
29005, 5402392, 1, 0, 0
29501, 5223202, 1, 0, 0
30000, 5208032, 1, 0, 0
30512, 4884004, 1, 0, 0
31007, 4784290, 1, 0, 0
31501, 4615193, 1, 0, 0
32011, 4346056, 1, 0, 0
32501, 4133949, 1, 0, 0
33008, 3957075, 1, 0, 0
33500, 3790359, 1, 0, 0
34000, 3506446, 1, 0, 0
34500, 3173990, 1, 0, 0
35000, 2945869, 1, 0, 0
35503, 2616510, 1, 0, 0
36002, 2240183, 1, 0, 0
36500, 1807520, 1, 0, 0
37000, 1125314, 1, 0, 0
37514, 1945779, 1, 0, 0
38008, 14416800, 1, 0, 0
38500, 14003640, 1, 0, 0
39008, 13170872, 1, 0, 0
39500, 12794801, 1, 0, 0
40008, 12004267, 1, 0, 0
40516, 11465154, 1, 0, 0
41004, 10921780, 1, 0, 0
41512, 10314376, 1, 0, 0
42000, 9839140, 1, 0, 0
42506, 9298802, 1, 0, 0
43014, 9027079, 1, 0, 0
43500, 8762522, 1, 0, 0
44005, 8572704, 1, 0, 0
44512, 9074377, 1, 0, 0
45000, 9505907, 1, 0, 0
45508, 9670540, 1, 0, 0
46014, 9410363, 1, 0, 0
46501, 9138469, 1, 0, 0
47007, 8872246, 1, 0, 0
47515, 8723942, 1, 0, 0
48000, 8475734, 1, 0, 0
48504, 8255772, 1, 0, 0
49008, 8193540, 1, 0, 0
49513, 8243837, 1, 0, 0
50000, 8351555, 1, 0, 0
50503, 8168805, 1, 0, 0
51008, 8013990, 1, 0, 0
51513, 7903970, 1, 0, 0
52000, 8084821, 1, 0, 0
52501, 7482643, 1, 0, 0
53007, 7582944, 1, 0, 0
53510, 7287879, 1, 0, 0
54014, 7346619, 1, 0, 0
54500, 7264819, 1, 0, 0
55000, 6943875, 1, 0, 0
55500, 6847443, 1, 0, 0
56002, 6932808, 1, 0, 0
56504, 6623192, 1, 0, 0
57004, 6377819, 1, 0, 0
57503, 6418976, 1, 0, 0
58006, 6446310, 1, 0, 0
58507, 6202260, 1, 0, 0
59007, 6043677, 1, 0, 0
59507, 5927454, 1, 0, 0
60007, 5791422, 1, 0, 0
60008, 17573652, 1, 0, 0
