500, 266312, 1, 0, 0
1000, 267528, 1, 0, 0
1500, 266960, 1, 0, 0
2000, 266248, 1, 0, 0
2500, 265296, 1, 0, 0
3000, 265168, 1, 0, 0
3500, 267176, 1, 0, 0
4000, 268176, 1, 0, 0
4500, 267272, 1, 0, 0
5000, 265528, 1, 0, 0
5500, 266232, 1, 0, 0
6000, 214936, 1, 0, 0
6500, 101488, 1, 0, 0
7000, 103736, 1, 0, 0
7500, 93664, 1, 0, 0
8000, 88568, 1, 0, 0
8500, 90949, 1, 0, 0
9000, 85440, 1, 0, 0
9500, 88392, 1, 0, 0
10000, 85160, 1, 0, 0
10500, 84696, 1, 0, 0
11000, 78496, 1, 0, 0
11500, 80200, 1, 0, 0
12000, 77512, 1, 0, 0
12500, 84144, 1, 0, 0
13000, 81552, 1, 0, 0
13500, 69752, 1, 0, 0
14000, 70776, 1, 0, 0
14500, 69376, 1, 0, 0
15000, 74088, 1, 0, 0
15500, 71376, 1, 0, 0
16000, 64880, 1, 0, 0
16500, 65136, 1, 0, 0
17000, 65304, 1, 0, 0
17500, 58096, 1, 0, 0
18000, 58824, 1, 0, 0
18500, 59064, 1, 0, 0
19000, 58792, 1, 0, 0
19500, 55360, 1, 0, 0
20000, 59216, 1, 0, 0
20500, 54120, 1, 0, 0
21000, 56352, 1, 0, 0
21500, 55488, 1, 0, 0
22000, 52904, 1, 0, 0
22500, 50792, 1, 0, 0
23000, 53608, 1, 0, 0
23500, 50184, 1, 0, 0
24000, 50184, 1, 0, 0
24500, 49752, 1, 0, 0
25000, 48801, 1, 0, 0
25500, 53480, 1, 0, 0
26000, 44920, 1, 0, 0
26500, 47472, 1, 0, 0
27000, 46704, 1, 0, 0
27500, 44576, 1, 0, 0
28000, 45224, 1, 0, 0
28500, 44352, 1, 0, 0
29000, 45216, 1, 0, 0
29500, 42888, 1, 0, 0
30000, 42320, 1, 0, 0
30500, 43632, 1, 0, 0
31000, 44720, 1, 0, 0
31500, 46552, 1, 0, 0
32000, 42176, 1, 0, 0
32500, 41600, 1, 0, 0
33000, 39632, 1, 0, 0
33500, 40928, 1, 0, 0
34000, 39608, 1, 0, 0
34500, 40232, 1, 0, 0
35000, 39776, 1, 0, 0
35500, 38696, 1, 0, 0
36000, 41056, 1, 0, 0
36500, 38760, 1, 0, 0
37000, 37968, 1, 0, 0
37500, 37984, 1, 0, 0
38000, 38752, 1, 0, 0
38500, 38664, 1, 0, 0
39000, 37016, 1, 0, 0
39500, 36248, 1, 0, 0
40000, 36152, 1, 0, 0
40500, 36288, 1, 0, 0
41000, 35440, 1, 0, 0
41500, 39232, 1, 0, 0
42000, 33696, 1, 0, 0
42500, 34224, 1, 0, 0
43000, 36288, 1, 0, 0
43500, 35264, 1, 0, 0
44000, 34656, 1, 0, 0
44500, 37992, 1, 0, 0
45000, 33976, 1, 0, 0
45500, 36408, 1, 0, 0
46000, 33024, 1, 0, 0
46500, 35320, 1, 0, 0
47000, 33520, 1, 0, 0
47500, 34888, 1, 0, 0
48000, 32360, 1, 0, 0
48500, 35080, 1, 0, 0
49000, 34256, 1, 0, 0
49500, 33128, 1, 0, 0
50000, 36600, 1, 0, 0
50500, 34096, 1, 0, 0
51000, 31936, 1, 0, 0
51500, 33168, 1, 0, 0
52000, 31776, 1, 0, 0
52500, 33992, 1, 0, 0
53000, 29584, 1, 0, 0
53500, 31536, 1, 0, 0
54000, 34640, 1, 0, 0
54500, 31240, 1, 0, 0
55000, 31000, 1, 0, 0
55500, 31752, 1, 0, 0
56000, 33488, 1, 0, 0
56500, 29168, 1, 0, 0
57000, 31640, 1, 0, 0
57500, 29888, 1, 0, 0
58000, 30304, 1, 0, 0
58500, 31776, 1, 0, 0
59000, 35744, 1, 0, 0
59500, 31552, 1, 0, 0
60000, 31704, 1, 0, 0
