500, 66578, 1, 0, 0
1000, 66882, 1, 0, 0
1500, 66740, 1, 0, 0
2000, 66562, 1, 0, 0
2500, 66324, 1, 0, 0
3000, 66292, 1, 0, 0
3500, 66794, 1, 0, 0
4000, 67044, 1, 0, 0
4500, 66818, 1, 0, 0
5000, 66382, 1, 0, 0
5500, 66558, 1, 0, 0
6000, 53734, 1, 0, 0
6500, 25372, 1, 0, 0
7000, 25934, 1, 0, 0
7500, 23416, 1, 0, 0
8000, 22142, 1, 0, 0
8500, 22737, 1, 0, 0
9000, 21360, 1, 0, 0
9500, 22098, 1, 0, 0
10000, 21290, 1, 0, 0
10500, 21174, 1, 0, 0
11000, 19624, 1, 0, 0
11500, 20050, 1, 0, 0
12000, 19378, 1, 0, 0
12500, 21036, 1, 0, 0
13000, 20388, 1, 0, 0
13500, 17438, 1, 0, 0
14000, 17694, 1, 0, 0
14500, 17344, 1, 0, 0
15000, 18522, 1, 0, 0
15500, 17844, 1, 0, 0
16000, 16220, 1, 0, 0
16500, 16284, 1, 0, 0
17000, 16326, 1, 0, 0
17500, 14524, 1, 0, 0
18000, 14706, 1, 0, 0
18500, 14766, 1, 0, 0
19000, 14698, 1, 0, 0
19500, 13840, 1, 0, 0
20000, 14804, 1, 0, 0
20500, 13530, 1, 0, 0
21000, 14088, 1, 0, 0
21500, 13872, 1, 0, 0
22000, 13226, 1, 0, 0
22500, 12698, 1, 0, 0
23000, 13402, 1, 0, 0
23500, 12546, 1, 0, 0
24000, 12546, 1, 0, 0
24500, 12438, 1, 0, 0
25000, 12200, 1, 0, 0
25500, 13370, 1, 0, 0
26000, 11230, 1, 0, 0
26500, 11868, 1, 0, 0
27000, 11676, 1, 0, 0
27500, 11144, 1, 0, 0
28000, 11306, 1, 0, 0
28500, 11088, 1, 0, 0
29000, 11304, 1, 0, 0
29500, 10722, 1, 0, 0
30000, 10580, 1, 0, 0
30500, 10908, 1, 0, 0
31000, 11180, 1, 0, 0
31500, 11638, 1, 0, 0
32000, 10544, 1, 0, 0
32500, 10400, 1, 0, 0
33000, 9908, 1, 0, 0
33500, 10232, 1, 0, 0
34000, 9902, 1, 0, 0
34500, 10058, 1, 0, 0
35000, 9944, 1, 0, 0
35500, 9674, 1, 0, 0
36000, 10264, 1, 0, 0
36500, 9690, 1, 0, 0
37000, 9492, 1, 0, 0
37500, 9496, 1, 0, 0
38000, 9688, 1, 0, 0
38500, 9666, 1, 0, 0
39000, 9254, 1, 0, 0
39500, 9062, 1, 0, 0
40000, 9038, 1, 0, 0
40500, 9072, 1, 0, 0
41000, 8860, 1, 0, 0
41500, 9808, 1, 0, 0
42000, 8424, 1, 0, 0
42500, 8556, 1, 0, 0
43000, 9072, 1, 0, 0
43500, 8816, 1, 0, 0
44000, 8664, 1, 0, 0
44500, 9498, 1, 0, 0
45000, 8494, 1, 0, 0
45500, 9102, 1, 0, 0
46000, 8256, 1, 0, 0
46500, 8830, 1, 0, 0
47000, 8380, 1, 0, 0
47500, 8722, 1, 0, 0
48000, 8090, 1, 0, 0
48500, 8770, 1, 0, 0
49000, 8564, 1, 0, 0
49500, 8282, 1, 0, 0
50000, 9150, 1, 0, 0
50500, 8524, 1, 0, 0
51000, 7984, 1, 0, 0
51500, 8292, 1, 0, 0
52000, 7944, 1, 0, 0
52500, 8498, 1, 0, 0
53000, 7396, 1, 0, 0
53500, 7884, 1, 0, 0
54000, 8660, 1, 0, 0
54500, 7810, 1, 0, 0
55000, 7750, 1, 0, 0
55500, 7938, 1, 0, 0
56000, 8372, 1, 0, 0
56500, 7292, 1, 0, 0
57000, 7910, 1, 0, 0
57500, 7472, 1, 0, 0
58000, 7576, 1, 0, 0
58500, 7944, 1, 0, 0
59000, 8936, 1, 0, 0
59500, 7888, 1, 0, 0
60000, 7926, 1, 0, 0
