500, 480541, 1, 0, 0
1000, 478289, 1, 0, 0
1500, 479267, 1, 0, 0
2000, 480563, 1, 0, 0
2500, 482398, 1, 0, 0
3000, 482462, 1, 0, 0
3500, 478847, 1, 0, 0
4000, 477234, 1, 0, 0
4500, 478664, 1, 0, 0
5000, 481810, 1, 0, 0
5500, 480626, 1, 0, 0
6000, 594937, 1, 0, 0
6500, 1260641, 1, 0, 0
7000, 1236037, 1, 0, 0
7500, 1364727, 1, 0, 0
8000, 1442476, 1, 0, 0
8500, 1407426, 1, 0, 0
9000, 1497514, 1, 0, 0
9500, 1447685, 1, 0, 0
10000, 1501907, 1, 0, 0
10501, 1497818, 1, 0, 0
11000, 1648477, 1, 0, 0
11500, 1590956, 1, 0, 0
12000, 1635113, 1, 0, 0
12504, 1533088, 1, 0, 0
13005, 1565884, 1, 0, 0
13502, 1835894, 1, 0, 0
14004, 1804464, 1, 0, 0
14507, 1854743, 1, 0, 0
15007, 1726615, 1, 0, 0
15503, 1783147, 1, 0, 0
16006, 1980463, 1, 0, 0
16500, 1980392, 1, 0, 0
17000, 1955358, 1, 0, 0
17500, 2209535, 1, 0, 0
18002, 2146318, 1, 0, 0
18504, 2162708, 1, 0, 0
19000, 2174101, 1, 0, 0
19500, 2305774, 1, 0, 0
20001, 2158804, 1, 0, 0
20507, 2390779, 1, 0, 0
21000, 2298306, 1, 0, 0
21502, 2259317, 1, 0, 0
22005, 2427036, 1, 0, 0
22500, 2514358, 1, 0, 0
23000, 2416058, 1, 0, 0
23500, 2558307, 1, 0, 0
24002, 2499539, 1, 0, 0
24500, 2645805, 1, 0, 0
25000, 2546402, 1, 0, 0
25507, 2422173, 1, 0, 0
26001, 2816214, 1, 0, 0
26505, 2724145, 1, 0, 0
27000, 2762622, 1, 0, 0
27509, 2866799, 1, 0, 0
28000, 2841385, 1, 0, 0
28504, 2846936, 1, 0, 0
29000, 2849945, 1, 0, 0
29505, 2961741, 1, 0, 0
30000, 3003894, 1, 0, 0
30503, 2946737, 1, 0, 0
31000, 2842453, 1, 0, 0
31508, 2796091, 1, 0, 0
32009, 3038185, 1, 0, 0
32500, 3093556, 1, 0, 0
33000, 3151205, 1, 0, 0
33500, 3132796, 1, 0, 0
34005, 3258901, 1, 0, 0
34508, 3209543, 1, 0, 0
35000, 3233411, 1, 0, 0
35506, 3268696, 1, 0, 0
36007, 3128979, 1, 0, 0
36505, 3282553, 1, 0, 0
37003, 3351776, 1, 0, 0
37501, 3367724, 1, 0, 0
38005, 3320418, 1, 0, 0
38510, 3345701, 1, 0, 0
39011, 3462892, 1, 0, 0
39510, 3521341, 1, 0, 0
40000, 3558285, 1, 0, 0
40512, 3520822, 1, 0, 0
41000, 3634367, 1, 0, 0
41512, 3241564, 1, 0, 0
42010, 3796408, 1, 0, 0
42502, 3671819, 1, 0, 0
43001, 3522763, 1, 0, 0
43500, 3707002, 1, 0, 0
44003, 3625375, 1, 0, 0
44508, 3407841, 1, 0, 0
45000, 3791599, 1, 0, 0
45500, 3430521, 1, 0, 0
46003, 3915180, 1, 0, 0
46505, 3629316, 1, 0, 0
47007, 3841489, 1, 0, 0
47500, 3623726, 1, 0, 0
48009, 4030715, 1, 0, 0
48508, 3623094, 1, 0, 0
49000, 3772453, 1, 0, 0
49506, 3803073, 1, 0, 0
50006, 3500847, 1, 0, 0
50500, 3728964, 1, 0, 0
51003, 4012414, 1, 0, 0
51509, 3919315, 1, 0, 0
52001, 3947976, 1, 0, 0
52500, 3850680, 1, 0, 0
53000, 4343149, 1, 0, 0
53501, 3948581, 1, 0, 0
54006, 3739705, 1, 0, 0
54500, 4162878, 1, 0, 0
55009, 4088664, 1, 0, 0
55511, 4052658, 1, 0, 0
56012, 3818587, 1, 0, 0
56509, 4367248, 1, 0, 0
57010, 4063915, 1, 0, 0
57503, 4210522, 1, 0, 0
58005, 4240307, 1, 0, 0
58507, 4054850, 1, 0, 0
59004, 3551492, 1, 0, 0
59507, 4080130, 1, 0, 0
60000, 4076939, 1, 0, 0
60014, 15663315, 1, 0, 0
