500, 479596, 1, 0, 0
1000, 477341, 1, 0, 0
1500, 478317, 1, 0, 0
2000, 479616, 1, 0, 0
2500, 481458, 1, 0, 0
3000, 481516, 1, 0, 0
3500, 477904, 1, 0, 0
4000, 476291, 1, 0, 0
4500, 477721, 1, 0, 0
5000, 480864, 1, 0, 0
5500, 479679, 1, 0, 0
6000, 593898, 1, 0, 0
6500, 1259503, 1, 0, 0
7000, 1234203, 1, 0, 0
7500, 1362994, 1, 0, 0
8000, 1441497, 1, 0, 0
8500, 1406401, 1, 0, 0
9000, 1496543, 1, 0, 0
9500, 1446708, 1, 0, 0
10000, 1500936, 1, 0, 0
10501, 1496846, 1, 0, 0
11000, 1647507, 1, 0, 0
11500, 1589985, 1, 0, 0
12000, 1634141, 1, 0, 0
12504, 1532118, 1, 0, 0
13005, 1564918, 1, 0, 0
13502, 1834921, 1, 0, 0
14004, 1803494, 1, 0, 0
14507, 1853776, 1, 0, 0
15007, 1725645, 1, 0, 0
15503, 1782176, 1, 0, 0
16006, 1979487, 1, 0, 0
16500, 1979422, 1, 0, 0
17000, 1954388, 1, 0, 0
17500, 2208560, 1, 0, 0
18002, 2145346, 1, 0, 0
18504, 2161737, 1, 0, 0
19000, 2173129, 1, 0, 0
19500, 2304799, 1, 0, 0
20001, 2157834, 1, 0, 0
20507, 2389809, 1, 0, 0
21000, 2297341, 1, 0, 0
21502, 2258350, 1, 0, 0
22005, 2426059, 1, 0, 0
22500, 2513370, 1, 0, 0
23000, 2415083, 1, 0, 0
23500, 2557336, 1, 0, 0
24002, 2498563, 1, 0, 0
24500, 2644820, 1, 0, 0
25000, 2545416, 1, 0, 0
25507, 2421189, 1, 0, 0
26001, 2815231, 1, 0, 0
26505, 2723163, 1, 0, 0
27000, 2761639, 1, 0, 0
27509, 2865825, 1, 0, 0
28000, 2840409, 1, 0, 0
28504, 2845959, 1, 0, 0
29000, 2848965, 1, 0, 0
29505, 2960759, 1, 0, 0
30000, 3002918, 1, 0, 0
30503, 2945755, 1, 0, 0
31000, 2841472, 1, 0, 0
31508, 2795112, 1, 0, 0
32009, 3037199, 1, 0, 0
32500, 3092577, 1, 0, 0
33000, 3150222, 1, 0, 0
33500, 3131819, 1, 0, 0
34005, 3257920, 1, 0, 0
34508, 3208560, 1, 0, 0
35000, 3232431, 1, 0, 0
35506, 3267716, 1, 0, 0
36007, 3127998, 1, 0, 0
36505, 3281569, 1, 0, 0
37003, 3350798, 1, 0, 0
37501, 3366738, 1, 0, 0
38005, 3319438, 1, 0, 0
38510, 3344717, 1, 0, 0
39011, 3461916, 1, 0, 0
39510, 3520366, 1, 0, 0
40000, 3557301, 1, 0, 0
40512, 3519839, 1, 0, 0
41000, 3633382, 1, 0, 0
41512, 3240583, 1, 0, 0
42010, 3795426, 1, 0, 0
42502, 3670833, 1, 0, 0
43001, 3521781, 1, 0, 0
43500, 3706020, 1, 0, 0
44003, 3624390, 1, 0, 0
44508, 3406857, 1, 0, 0
45000, 3790613, 1, 0, 0
45500, 3429544, 1, 0, 0
46003, 3914199, 1, 0, 0
46505, 3628327, 1, 0, 0
47007, 3840503, 1, 0, 0
47500, 3622745, 1, 0, 0
48009, 4029728, 1, 0, 0
48508, 3622118, 1, 0, 0
49000, 3771472, 1, 0, 0
49506, 3802099, 1, 0, 0
50006, 3499874, 1, 0, 0
50500, 3727986, 1, 0, 0
51003, 4011434, 1, 0, 0
51509, 3918311, 1, 0, 0
52001, 3947001, 1, 0, 0
52500, 3849703, 1, 0, 0
53000, 4342168, 1, 0, 0
53501, 3947606, 1, 0, 0
54006, 3738730, 1, 0, 0
54500, 4161904, 1, 0, 0
55009, 4087691, 1, 0, 0
55511, 4051677, 1, 0, 0
56012, 3817606, 1, 0, 0
56509, 4366264, 1, 0, 0
57010, 4062931, 1, 0, 0
57503, 4209539, 1, 0, 0
58005, 4239325, 1, 0, 0
58507, 4053871, 1, 0, 0
59004, 3550517, 1, 0, 0
59507, 4079150, 1, 0, 0
60000, 4075960, 1, 0, 0
60014, 15662320, 1, 0, 0
