500, 945, 1, 0, 0
1000, 948, 1, 0, 0
1500, 950, 1, 0, 0
2000, 948, 1, 0, 0
2500, 941, 1, 0, 0
3000, 946, 1, 0, 0
3500, 943, 1, 0, 0
4000, 942, 1, 0, 0
4500, 943, 1, 0, 0
5000, 946, 1, 0, 0
5500, 946, 1, 0, 0
6000, 1039, 1, 0, 0
6500, 1140, 1, 0, 0
7000, 1834, 1, 0, 0
7500, 1731, 1, 0, 0
8000, 979, 1, 0, 0
8500, 1025, 1, 0, 0
9000, 971, 1, 0, 0
9500, 977, 1, 0, 0
10000, 971, 1, 0, 0
10501, 972, 1, 0, 0
11000, 969, 1, 0, 0
11500, 970, 1, 0, 0
12000, 971, 1, 0, 0
12504, 969, 1, 0, 0
13005, 967, 1, 0, 0
13502, 973, 1, 0, 0
14004, 970, 1, 0, 0
14507, 968, 1, 0, 0
15007, 970, 1, 0, 0
15503, 970, 1, 0, 0
16006, 975, 1, 0, 0
16500, 971, 1, 0, 0
17000, 970, 1, 0, 0
17500, 976, 1, 0, 0
18002, 972, 1, 0, 0
18504, 971, 1, 0, 0
19000, 973, 1, 0, 0
19500, 974, 1, 0, 0
20001, 969, 1, 0, 0
20507, 970, 1, 0, 0
21000, 966, 1, 0, 0
21502, 968, 1, 0, 0
22005, 977, 1, 0, 0
22500, 988, 1, 0, 0
23000, 975, 1, 0, 0
23500, 971, 1, 0, 0
24002, 976, 1, 0, 0
24500, 985, 1, 0, 0
25000, 986, 1, 0, 0
25507, 983, 1, 0, 0
26001, 983, 1, 0, 0
26505, 981, 1, 0, 0
27000, 982, 1, 0, 0
27509, 974, 1, 0, 0
28000, 975, 1, 0, 0
28504, 976, 1, 0, 0
29000, 980, 1, 0, 0
29505, 982, 1, 0, 0
30000, 976, 1, 0, 0
30503, 982, 1, 0, 0
31000, 981, 1, 0, 0
31508, 979, 1, 0, 0
32009, 986, 1, 0, 0
32500, 978, 1, 0, 0
33000, 983, 1, 0, 0
33500, 976, 1, 0, 0
34005, 981, 1, 0, 0
34508, 983, 1, 0, 0
35000, 980, 1, 0, 0
35506, 980, 1, 0, 0
36007, 982, 1, 0, 0
36505, 983, 1, 0, 0
37003, 978, 1, 0, 0
37501, 985, 1, 0, 0
38005, 980, 1, 0, 0
38510, 984, 1, 0, 0
39011, 977, 1, 0, 0
39510, 975, 1, 0, 0
40000, 985, 1, 0, 0
40512, 983, 1, 0, 0
41000, 985, 1, 0, 0
41512, 981, 1, 0, 0
42010, 981, 1, 0, 0
42502, 986, 1, 0, 0
43001, 982, 1, 0, 0
43500, 982, 1, 0, 0
44003, 985, 1, 0, 0
44508, 983, 1, 0, 0
45000, 986, 1, 0, 0
45500, 976, 1, 0, 0
46003, 982, 1, 0, 0
46505, 989, 1, 0, 0
47007, 986, 1, 0, 0
47500, 981, 1, 0, 0
48009, 986, 1, 0, 0
48508, 976, 1, 0, 0
49000, 982, 1, 0, 0
49506, 974, 1, 0, 0
50006, 974, 1, 0, 0
50500, 977, 1, 0, 0
51003, 981, 1, 0, 0
51509, 1004, 1, 0, 0
52001, 974, 1, 0, 0
52500, 976, 1, 0, 0
53000, 982, 1, 0, 0
53501, 974, 1, 0, 0
54006, 974, 1, 0, 0
54500, 975, 1, 0, 0
55009, 973, 1, 0, 0
55511, 981, 1, 0, 0
56012, 981, 1, 0, 0
56509, 984, 1, 0, 0
57010, 984, 1, 0, 0
57503, 983, 1, 0, 0
58005, 982, 1, 0, 0
58507, 979, 1, 0, 0
59004, 975, 1, 0, 0
59507, 980, 1, 0, 0
60014, 979, 1, 0, 0
