500, 2053832, 1, 0, 0
1000, 2050408, 1, 0, 0
1500, 2043112, 1, 0, 0
2000, 2054400, 1, 0, 0
2500, 2052352, 1, 0, 0
3000, 2052792, 1, 0, 0
3500, 2036144, 1, 0, 0
4000, 2050424, 1, 0, 0
4500, 2042432, 1, 0, 0
5000, 2050552, 1, 0, 0
5500, 2044857, 1, 0, 0
6000, 2133160, 1, 0, 0
6500, 402144, 1, 0, 0
7000, 125248, 1, 0, 0
7500, 124608, 1, 0, 0
8000, 140032, 1, 0, 0
8500, 140544, 1, 0, 0
9000, 159424, 1, 0, 0
9500, 141312, 1, 0, 0
10000, 170112, 1, 0, 0
10500, 176192, 1, 0, 0
11000, 184384, 1, 0, 0
11500, 174080, 1, 0, 0
12000, 187008, 1, 0, 0
12500, 194368, 1, 0, 0
13000, 223232, 1, 0, 0
13500, 235350, 1, 0, 0
14000, 196352, 1, 0, 0
14500, 163456, 1, 0, 0
15000, 179136, 1, 0, 0
15500, 201088, 1, 0, 0
16000, 161280, 1, 0, 0
16500, 160640, 1, 0, 0
17000, 200896, 1, 0, 0
17500, 207040, 1, 0, 0
18000, 199360, 1, 0, 0
18500, 186816, 1, 0, 0
19000, 234944, 1, 0, 0
19500, 187712, 1, 0, 0
20000, 194176, 1, 0, 0
20500, 190592, 1, 0, 0
21000, 167616, 1, 0, 0
21501, 214912, 1, 0, 0
22000, 176032, 1, 0, 0
22500, 200576, 1, 0, 0
23000, 194816, 1, 0, 0
23500, 166592, 1, 0, 0
24000, 183040, 1, 0, 0
24500, 190336, 1, 0, 0
25000, 173056, 1, 0, 0
25500, 178112, 1, 0, 0
26000, 226864, 1, 0, 0
26500, 219856, 1, 0, 0
27000, 182528, 1, 0, 0
27500, 204608, 1, 0, 0
28000, 213824, 1, 0, 0
28500, 175552, 1, 0, 0
29000, 227840, 1, 0, 0
29500, 189440, 1, 0, 0
30000, 207232, 1, 0, 0
30500, 207839, 1, 0, 0
31000, 220480, 1, 0, 0
31500, 204608, 1, 0, 0
32000, 201216, 1, 0, 0
32500, 186304, 1, 0, 0
33000, 207872, 1, 0, 0
33500, 216960, 1, 0, 0
34000, 274560, 1, 0, 0
34500, 262080, 1, 0, 0
35000, 211264, 1, 0, 0
35500, 198064, 1, 0, 0
36000, 230920, 1, 0, 0
36500, 216768, 1, 0, 0
37000, 216640, 1, 0, 0
37500, 231040, 1, 0, 0
38000, 221056, 1, 0, 0
38500, 216064, 1, 0, 0
39000, 296320, 1, 0, 0
39500, 241600, 1, 0, 0
40000, 238584, 1, 0, 0
40500, 240224, 1, 0, 0
41000, 261896, 1, 0, 0
41500, 274880, 1, 0, 0
42000, 306560, 1, 0, 0
42500, 280896, 1, 0, 0
43000, 290944, 1, 0, 0
43500, 290624, 1, 0, 0
44000, 308416, 1, 0, 0
44500, 325696, 1, 0, 0
45000, 384960, 1, 0, 0
45500, 342720, 1, 0, 0
46000, 361344, 1, 0, 0
46500, 367616, 1, 0, 0
47000, 344512, 1, 0, 0
47500, 432512, 1, 0, 0
48000, 414912, 1, 0, 0
48500, 515334, 1, 0, 0
49000, 497472, 1, 0, 0
49500, 648256, 1, 0, 0
50000, 841920, 1, 0, 0
50500, 1524664, 1, 0, 0
51000, 1000776, 1, 0, 0
51500, 122688, 1, 0, 0
52000, 133440, 1, 0, 0
52500, 136768, 1, 0, 0
53000, 137408, 1, 0, 0
53500, 148672, 1, 0, 0
54000, 165120, 1, 0, 0
54500, 174976, 1, 0, 0
55000, 162368, 1, 0, 0
55500, 188992, 1, 0, 0
56000, 171008, 1, 0, 0
56500, 172992, 1, 0, 0
57001, 183936, 1, 0, 0
57500, 189434, 1, 0, 0
58000, 204928, 1, 0, 0
58500, 196672, 1, 0, 0
59000, 165568, 1, 0, 0
59500, 173696, 1, 0, 0
60000, 178752, 1, 0, 0
