500, 61333, 1, 0, 0
1000, 61424, 1, 0, 0
1500, 61638, 1, 0, 0
2000, 61300, 1, 0, 0
2500, 61359, 1, 0, 0
3000, 61348, 1, 0, 0
3500, 61844, 1, 0, 0
4000, 61415, 1, 0, 0
4500, 61660, 1, 0, 0
5000, 61416, 1, 0, 0
5500, 61582, 1, 0, 0
6000, 58995, 1, 0, 0
6500, 317284, 1, 0, 0
7010, 1002813, 1, 0, 0
7500, 1004832, 1, 0, 0
8011, 933721, 1, 0, 0
8500, 889082, 1, 0, 0
9010, 820235, 1, 0, 0
9506, 898947, 1, 0, 0
10014, 763084, 1, 0, 0
10504, 709658, 1, 0, 0
11007, 696226, 1, 0, 0
11501, 726567, 1, 0, 0
12010, 696167, 1, 0, 0
12500, 670539, 1, 0, 0
13016, 567749, 1, 0, 0
13500, 535840, 1, 0, 0
14010, 656253, 1, 0, 0
14501, 768271, 1, 0, 0
15000, 731502, 1, 0, 0
15503, 620366, 1, 0, 0
16002, 791419, 1, 0, 0
16500, 795055, 1, 0, 0
17013, 648475, 1, 0, 0
17512, 616767, 1, 0, 0
18005, 633030, 1, 0, 0
18508, 689229, 1, 0, 0
19012, 547397, 1, 0, 0
19500, 684764, 1, 0, 0
20001, 640091, 1, 0, 0
20501, 674327, 1, 0, 0
21006, 768977, 1, 0, 0
21504, 588782, 1, 0, 0
22000, 744037, 1, 0, 0
22504, 623692, 1, 0, 0
23005, 658631, 1, 0, 0
23508, 772827, 1, 0, 0
24005, 690109, 1, 0, 0
24500, 685899, 1, 0, 0
25003, 724719, 1, 0, 0
25509, 726456, 1, 0, 0
26000, 573027, 1, 0, 0
26504, 562937, 1, 0, 0
27006, 703244, 1, 0, 0
27501, 617487, 1, 0, 0
28014, 613597, 1, 0, 0
28510, 723096, 1, 0, 0
29008, 560109, 1, 0, 0
29509, 675127, 1, 0, 0
30000, 615070, 1, 0, 0
30504, 611894, 1, 0, 0
31012, 588611, 1, 0, 0
31505, 616668, 1, 0, 0
32002, 628566, 1, 0, 0
32507, 694548, 1, 0, 0
33006, 613371, 1, 0, 0
33501, 582846, 1, 0, 0
34014, 476141, 1, 0, 0
34507, 482305, 1, 0, 0
35000, 614846, 1, 0, 0
35500, 646626, 1, 0, 0
36000, 548954, 1, 0, 0
36507, 584898, 1, 0, 0
37001, 581046, 1, 0, 0
37500, 569008, 1, 0, 0
38011, 571932, 1, 0, 0
38501, 580015, 1, 0, 0
39000, 442622, 1, 0, 0
39500, 526760, 1, 0, 0
40000, 540706, 1, 0, 0
40500, 527970, 1, 0, 0
41000, 487846, 1, 0, 0
41503, 455350, 1, 0, 0
42000, 414473, 1, 0, 0
42501, 455206, 1, 0, 0
43000, 449840, 1, 0, 0
43506, 433999, 1, 0, 0
44000, 410864, 1, 0, 0
44508, 398382, 1, 0, 0
45007, 329634, 1, 0, 0
45506, 370967, 1, 0, 0
46000, 357602, 1, 0, 0
46509, 346295, 1, 0, 0
47004, 366652, 1, 0, 0
47509, 297740, 1, 0, 0
48002, 304510, 1, 0, 0
48500, 250658, 1, 0, 0
49004, 254393, 1, 0, 0
49500, 197976, 1, 0, 0
50000, 150938, 1, 0, 0
50500, 82995, 1, 0, 0
51010, 125429, 1, 0, 0
51503, 1026814, 1, 0, 0
52000, 987639, 1, 0, 0
52510, 919318, 1, 0, 0
53000, 946220, 1, 0, 0
53508, 841380, 1, 0, 0
54000, 795714, 1, 0, 0
54509, 714395, 1, 0, 0
55007, 783959, 1, 0, 0
55512, 683829, 1, 0, 0
56003, 733653, 1, 0, 0
56507, 743756, 1, 0, 0
57009, 701840, 1, 0, 0
57513, 679481, 1, 0, 0
58004, 613266, 1, 0, 0
58508, 653070, 1, 0, 0
59000, 783684, 1, 0, 0
59513, 731482, 1, 0, 0
60009, 710871, 1, 0, 0
60009, 15509316, 1, 0, 0
