500, 513458, 1, 0, 0
1000, 512602, 1, 0, 0
1500, 510778, 1, 0, 0
2000, 513598, 1, 0, 0
2500, 513090, 1, 0, 0
3000, 513198, 1, 0, 0
3500, 509036, 1, 0, 0
4000, 512606, 1, 0, 0
4500, 510608, 1, 0, 0
5000, 512638, 1, 0, 0
5500, 511214, 1, 0, 0
6000, 533290, 1, 0, 0
6500, 100536, 1, 0, 0
7000, 31312, 1, 0, 0
7500, 31152, 1, 0, 0
8000, 35008, 1, 0, 0
8500, 35136, 1, 0, 0
9000, 39856, 1, 0, 0
9500, 35328, 1, 0, 0
10000, 42528, 1, 0, 0
10500, 44048, 1, 0, 0
11000, 46096, 1, 0, 0
11500, 43520, 1, 0, 0
12000, 46752, 1, 0, 0
12500, 48592, 1, 0, 0
13000, 55808, 1, 0, 0
13500, 58837, 1, 0, 0
14000, 49088, 1, 0, 0
14500, 40864, 1, 0, 0
15000, 44784, 1, 0, 0
15500, 50272, 1, 0, 0
16000, 40320, 1, 0, 0
16500, 40160, 1, 0, 0
17000, 50224, 1, 0, 0
17500, 51760, 1, 0, 0
18000, 49840, 1, 0, 0
18500, 46704, 1, 0, 0
19000, 58736, 1, 0, 0
19500, 46928, 1, 0, 0
20000, 48544, 1, 0, 0
20500, 47648, 1, 0, 0
21000, 41904, 1, 0, 0
21501, 53728, 1, 0, 0
22000, 44010, 1, 0, 0
22500, 50142, 1, 0, 0
23000, 48704, 1, 0, 0
23500, 41648, 1, 0, 0
24000, 45760, 1, 0, 0
24500, 47584, 1, 0, 0
25000, 43264, 1, 0, 0
25500, 44528, 1, 0, 0
26000, 56716, 1, 0, 0
26500, 54964, 1, 0, 0
27000, 45632, 1, 0, 0
27500, 51152, 1, 0, 0
28000, 53456, 1, 0, 0
28500, 43888, 1, 0, 0
29000, 56960, 1, 0, 0
29500, 47360, 1, 0, 0
30000, 51808, 1, 0, 0
30500, 51959, 1, 0, 0
31000, 55120, 1, 0, 0
31500, 51152, 1, 0, 0
32000, 50304, 1, 0, 0
32500, 46576, 1, 0, 0
33000, 51968, 1, 0, 0
33500, 54240, 1, 0, 0
34000, 68640, 1, 0, 0
34500, 65520, 1, 0, 0
35000, 52816, 1, 0, 0
35500, 49518, 1, 0, 0
36000, 57730, 1, 0, 0
36500, 54192, 1, 0, 0
37000, 54160, 1, 0, 0
37500, 57760, 1, 0, 0
38000, 55264, 1, 0, 0
38500, 54016, 1, 0, 0
39000, 74080, 1, 0, 0
39500, 60400, 1, 0, 0
40000, 59646, 1, 0, 0
40500, 60056, 1, 0, 0
41000, 65474, 1, 0, 0
41500, 68720, 1, 0, 0
42000, 76640, 1, 0, 0
42500, 70224, 1, 0, 0
43000, 72736, 1, 0, 0
43500, 72656, 1, 0, 0
44000, 77104, 1, 0, 0
44500, 81424, 1, 0, 0
45000, 96240, 1, 0, 0
45500, 85680, 1, 0, 0
46000, 90336, 1, 0, 0
46500, 91904, 1, 0, 0
47000, 86128, 1, 0, 0
47500, 108128, 1, 0, 0
48000, 103728, 1, 0, 0
48500, 128833, 1, 0, 0
49000, 124368, 1, 0, 0
49500, 162064, 1, 0, 0
50000, 210480, 1, 0, 0
50500, 381166, 1, 0, 0
51000, 250194, 1, 0, 0
51500, 30672, 1, 0, 0
52000, 33360, 1, 0, 0
52500, 34192, 1, 0, 0
53000, 34352, 1, 0, 0
53500, 37168, 1, 0, 0
54000, 41280, 1, 0, 0
54500, 43744, 1, 0, 0
55000, 40592, 1, 0, 0
55500, 47248, 1, 0, 0
56000, 42752, 1, 0, 0
56500, 43248, 1, 0, 0
57001, 45984, 1, 0, 0
57500, 47358, 1, 0, 0
58000, 51232, 1, 0, 0
58500, 49168, 1, 0, 0
59000, 41392, 1, 0, 0
59500, 43424, 1, 0, 0
60000, 44688, 1, 0, 0
