500, 137668, 1, 0, 0
1000, 136648, 1, 0, 0
1500, 136148, 1, 0, 0
2000, 136972, 1, 0, 0
2500, 137592, 1, 0, 0
3000, 137868, 1, 0, 0
3500, 137360, 1, 0, 0
4000, 136868, 1, 0, 0
4500, 137374, 1, 0, 0
5000, 136712, 1, 0, 0
5500, 136932, 1, 0, 0
6000, 83280, 1, 0, 0
6500, 45332, 1, 0, 0
7000, 44856, 1, 0, 0
7500, 42940, 1, 0, 0
8000, 40701, 1, 0, 0
8500, 44688, 1, 0, 0
9000, 45660, 1, 0, 0
9500, 40504, 1, 0, 0
10000, 43796, 1, 0, 0
10500, 39636, 1, 0, 0
11000, 37380, 1, 0, 0
11500, 34864, 1, 0, 0
12000, 37000, 1, 0, 0
12500, 36768, 1, 0, 0
13000, 35824, 1, 0, 0
13500, 32456, 1, 0, 0
14000, 35612, 1, 0, 0
14500, 32992, 1, 0, 0
15000, 28960, 1, 0, 0
15500, 32696, 1, 0, 0
16000, 29544, 1, 0, 0
16500, 26840, 1, 0, 0
17000, 30492, 1, 0, 0
17500, 32008, 1, 0, 0
18000, 27356, 1, 0, 0
18500, 27080, 1, 0, 0
19000, 27628, 1, 0, 0
19500, 28976, 1, 0, 0
20000, 26668, 1, 0, 0
20500, 24852, 1, 0, 0
21000, 24541, 1, 0, 0
21500, 24548, 1, 0, 0
22000, 26052, 1, 0, 0
22500, 25148, 1, 0, 0
23000, 23576, 1, 0, 0
23500, 22400, 1, 0, 0
24000, 23060, 1, 0, 0
24500, 23120, 1, 0, 0
25000, 24920, 1, 0, 0
25500, 21488, 1, 0, 0
26000, 21924, 1, 0, 0
26500, 20748, 1, 0, 0
27000, 20392, 1, 0, 0
27500, 20516, 1, 0, 0
28000, 19740, 1, 0, 0
28500, 20816, 1, 0, 0
29000, 19208, 1, 0, 0
29500, 21976, 1, 0, 0
30000, 20460, 1, 0, 0
30500, 19276, 1, 0, 0
31000, 19304, 1, 0, 0
31500, 18720, 1, 0, 0
32000, 19340, 1, 0, 0
32500, 23556, 1, 0, 0
33000, 18916, 1, 0, 0
33500, 18936, 1, 0, 0
34000, 18336, 1, 0, 0
34500, 17168, 1, 0, 0
35000, 17228, 1, 0, 0
35500, 21158, 1, 0, 0
36000, 17460, 1, 0, 0
36500, 16432, 1, 0, 0
37000, 16768, 1, 0, 0
37500, 16452, 1, 0, 0
38000, 16756, 1, 0, 0
38500, 16896, 1, 0, 0
39000, 15884, 1, 0, 0
39500, 18056, 1, 0, 0
40000, 18900, 1, 0, 0
40500, 16178, 1, 0, 0
41000, 16512, 1, 0, 0
41500, 16712, 1, 0, 0
42000, 16144, 1, 0, 0
42500, 15388, 1, 0, 0
43000, 15744, 1, 0, 0
43500, 15292, 1, 0, 0
44000, 15316, 1, 0, 0
44500, 16300, 1, 0, 0
45000, 15618, 1, 0, 0
45500, 15526, 1, 0, 0
46000, 15780, 1, 0, 0
46500, 14672, 1, 0, 0
47000, 14880, 1, 0, 0
47500, 14316, 1, 0, 0
48000, 14164, 1, 0, 0
48500, 16740, 1, 0, 0
49000, 15560, 1, 0, 0
49500, 14172, 1, 0, 0
50000, 14788, 1, 0, 0
50500, 14176, 1, 0, 0
51000, 14568, 1, 0, 0
51500, 15852, 1, 0, 0
52000, 15503, 1, 0, 0
52500, 14724, 1, 0, 0
53000, 13308, 1, 0, 0
53500, 13816, 1, 0, 0
54000, 13200, 1, 0, 0
54500, 13112, 1, 0, 0
55000, 15544, 1, 0, 0
55500, 15408, 1, 0, 0
56000, 15608, 1, 0, 0
56500, 13664, 1, 0, 0
57000, 13932, 1, 0, 0
57500, 13372, 1, 0, 0
58000, 13592, 1, 0, 0
58500, 13944, 1, 0, 0
59000, 14772, 1, 0, 0
59500, 13648, 1, 0, 0
