500, 550672, 1, 0, 0
1000, 546592, 1, 0, 0
1500, 544592, 1, 0, 0
2000, 547888, 1, 0, 0
2500, 550368, 1, 0, 0
3000, 551472, 1, 0, 0
3500, 549440, 1, 0, 0
4000, 547472, 1, 0, 0
4500, 549496, 1, 0, 0
5000, 546848, 1, 0, 0
5500, 547728, 1, 0, 0
6000, 333120, 1, 0, 0
6500, 181328, 1, 0, 0
7000, 179424, 1, 0, 0
7500, 171760, 1, 0, 0
8000, 162805, 1, 0, 0
8500, 178752, 1, 0, 0
9000, 182640, 1, 0, 0
9500, 162016, 1, 0, 0
10000, 175184, 1, 0, 0
10500, 158544, 1, 0, 0
11000, 149520, 1, 0, 0
11500, 139456, 1, 0, 0
12000, 148000, 1, 0, 0
12500, 147072, 1, 0, 0
13000, 143296, 1, 0, 0
13500, 129824, 1, 0, 0
14000, 142448, 1, 0, 0
14500, 131968, 1, 0, 0
15000, 115840, 1, 0, 0
15500, 130784, 1, 0, 0
16000, 118176, 1, 0, 0
16500, 107360, 1, 0, 0
17000, 121968, 1, 0, 0
17500, 128032, 1, 0, 0
18000, 109424, 1, 0, 0
18500, 108320, 1, 0, 0
19000, 110512, 1, 0, 0
19500, 115904, 1, 0, 0
20000, 106672, 1, 0, 0
20500, 99408, 1, 0, 0
21000, 98164, 1, 0, 0
21500, 98192, 1, 0, 0
22000, 104208, 1, 0, 0
22500, 100592, 1, 0, 0
23000, 94304, 1, 0, 0
23500, 89600, 1, 0, 0
24000, 92240, 1, 0, 0
24500, 92480, 1, 0, 0
25000, 99680, 1, 0, 0
25500, 85952, 1, 0, 0
26000, 87696, 1, 0, 0
26500, 82992, 1, 0, 0
27000, 81568, 1, 0, 0
27500, 82064, 1, 0, 0
28000, 78960, 1, 0, 0
28500, 83264, 1, 0, 0
29000, 76832, 1, 0, 0
29500, 87904, 1, 0, 0
30000, 81840, 1, 0, 0
30500, 77104, 1, 0, 0
31000, 77216, 1, 0, 0
31500, 74880, 1, 0, 0
32000, 77360, 1, 0, 0
32500, 94224, 1, 0, 0
33000, 75664, 1, 0, 0
33500, 75744, 1, 0, 0
34000, 73344, 1, 0, 0
34500, 68672, 1, 0, 0
35000, 68912, 1, 0, 0
35500, 84633, 1, 0, 0
36000, 69840, 1, 0, 0
36500, 65728, 1, 0, 0
37000, 67072, 1, 0, 0
37500, 65808, 1, 0, 0
38000, 67024, 1, 0, 0
38500, 67584, 1, 0, 0
39000, 63536, 1, 0, 0
39500, 72224, 1, 0, 0
40000, 75600, 1, 0, 0
40500, 64712, 1, 0, 0
41000, 66048, 1, 0, 0
41500, 66848, 1, 0, 0
42000, 64576, 1, 0, 0
42500, 61552, 1, 0, 0
43000, 62976, 1, 0, 0
43500, 61168, 1, 0, 0
44000, 61264, 1, 0, 0
44500, 65200, 1, 0, 0
45000, 62472, 1, 0, 0
45500, 62104, 1, 0, 0
46000, 63120, 1, 0, 0
46500, 58688, 1, 0, 0
47000, 59520, 1, 0, 0
47500, 57264, 1, 0, 0
48000, 56656, 1, 0, 0
48500, 66960, 1, 0, 0
49000, 62240, 1, 0, 0
49500, 56688, 1, 0, 0
50000, 59152, 1, 0, 0
50500, 56704, 1, 0, 0
51000, 58272, 1, 0, 0
51500, 63408, 1, 0, 0
52000, 62012, 1, 0, 0
52500, 58896, 1, 0, 0
53000, 53232, 1, 0, 0
53500, 55264, 1, 0, 0
54000, 52800, 1, 0, 0
54500, 52448, 1, 0, 0
55000, 62176, 1, 0, 0
55500, 61632, 1, 0, 0
56000, 62432, 1, 0, 0
56500, 54656, 1, 0, 0
57000, 55728, 1, 0, 0
57500, 53488, 1, 0, 0
58000, 54368, 1, 0, 0
58500, 55776, 1, 0, 0
59000, 59088, 1, 0, 0
59500, 54592, 1, 0, 0
