500, 232289, 1, 0, 0
1000, 233973, 1, 0, 0
1500, 234864, 1, 0, 0
2000, 233491, 1, 0, 0
2500, 232400, 1, 0, 0
3000, 231917, 1, 0, 0
3500, 232745, 1, 0, 0
4000, 233666, 1, 0, 0
4500, 232731, 1, 0, 0
5000, 233879, 1, 0, 0
5500, 233519, 1, 0, 0
6000, 384046, 1, 0, 0
6500, 705950, 1, 0, 0
7005, 707672, 1, 0, 0
7500, 740724, 1, 0, 0
8001, 789140, 1, 0, 0
8502, 717201, 1, 0, 0
9002, 699129, 1, 0, 0
9502, 789630, 1, 0, 0
10000, 736400, 1, 0, 0
10501, 798304, 1, 0, 0
11000, 865448, 1, 0, 0
11502, 906470, 1, 0, 0
12001, 864863, 1, 0, 0
12503, 871546, 1, 0, 0
13004, 898389, 1, 0, 0
13505, 983583, 1, 0, 0
14001, 890037, 1, 0, 0
14507, 979697, 1, 0, 0
15004, 1100983, 1, 0, 0
15500, 984082, 1, 0, 0
16004, 1074278, 1, 0, 0
16500, 1211540, 1, 0, 0
17000, 1045692, 1, 0, 0
17507, 989983, 1, 0, 0
18006, 1169762, 1, 0, 0
18500, 1191725, 1, 0, 0
19004, 1140899, 1, 0, 0
19500, 1123079, 1, 0, 0
20007, 1190917, 1, 0, 0
20501, 1275999, 1, 0, 0
21000, 1321468, 1, 0, 0
21504, 1289602, 1, 0, 0
22000, 1242141, 1, 0, 0
22505, 1258026, 1, 0, 0
23008, 1363425, 1, 0, 0
23500, 1437442, 1, 0, 0
24008, 1380974, 1, 0, 0
24507, 1381331, 1, 0, 0
25007, 1285606, 1, 0, 0
25505, 1484682, 1, 0, 0
26008, 1465375, 1, 0, 0
26501, 1521399, 1, 0, 0
27002, 1577889, 1, 0, 0
27500, 1575532, 1, 0, 0
28001, 1589352, 1, 0, 0
28500, 1571430, 1, 0, 0
29006, 1644659, 1, 0, 0
29511, 1470839, 1, 0, 0
30009, 1557114, 1, 0, 0
30500, 1631953, 1, 0, 0
31000, 1668126, 1, 0, 0
31500, 1744671, 1, 0, 0
32008, 1633765, 1, 0, 0
32507, 1354992, 1, 0, 0
33011, 1704532, 1, 0, 0
33504, 1665830, 1, 0, 0
34000, 1772852, 1, 0, 0
34505, 1837496, 1, 0, 0
35000, 1839085, 1, 0, 0
35500, 1551657, 1, 0, 0
36007, 1816171, 1, 0, 0
36502, 1923861, 1, 0, 0
37002, 1914637, 1, 0, 0
37507, 1957938, 1, 0, 0
38011, 1926833, 1, 0, 0
38500, 1894240, 1, 0, 0
39008, 2003804, 1, 0, 0
39503, 1754318, 1, 0, 0
40011, 1715519, 1, 0, 0
40501, 1938706, 1, 0, 0
41011, 1980009, 1, 0, 0
41503, 1884873, 1, 0, 0
42004, 1981878, 1, 0, 0
42507, 2089712, 1, 0, 0
43008, 2038623, 1, 0, 0
43509, 2101152, 1, 0, 0
44004, 2062197, 1, 0, 0
44501, 1956623, 1, 0, 0
45000, 2093319, 1, 0, 0
45500, 2060434, 1, 0, 0
46011, 2017120, 1, 0, 0
46504, 2152584, 1, 0, 0
47002, 2151271, 1, 0, 0
47510, 2257393, 1, 0, 0
48002, 2237095, 1, 0, 0
48513, 1940059, 1, 0, 0
49014, 2059695, 1, 0, 0
49501, 2206262, 1, 0, 0
50005, 2179200, 1, 0, 0
50503, 2255218, 1, 0, 0
51007, 2204646, 1, 0, 0
51505, 2013864, 1, 0, 0
52012, 2089266, 1, 0, 0
52503, 2141215, 1, 0, 0
53007, 2419274, 1, 0, 0
53500, 2347869, 1, 0, 0
54000, 2428359, 1, 0, 0
54500, 2438189, 1, 0, 0
55000, 2057505, 1, 0, 0
55502, 2030429, 1, 0, 0
56005, 2060781, 1, 0, 0
56500, 2313979, 1, 0, 0
57000, 2363688, 1, 0, 0
57506, 2358991, 1, 0, 0
58002, 2329203, 1, 0, 0
58500, 2359815, 1, 0, 0
59000, 2128022, 1, 0, 0
59500, 2313717, 1, 0, 0
60000, 2298566, 1, 0, 0
60000, 556981, 1, 0, 0
