500, 862, 1, 0, 0
1000, 859, 1, 0, 0
1500, 860, 1, 0, 0
2000, 859, 1, 0, 0
2500, 860, 1, 0, 0
3000, 875, 1, 0, 0
3500, 860, 1, 0, 0
4000, 859, 1, 0, 0
4500, 858, 1, 0, 0
5000, 862, 1, 0, 0
5500, 863, 1, 0, 0
6000, 862, 1, 0, 0
6500, 865, 1, 0, 0
7005, 880, 1, 0, 0
7500, 869, 1, 0, 0
8001, 871, 1, 0, 0
8502, 874, 1, 0, 0
9002, 867, 1, 0, 0
9502, 917, 1, 0, 0
10000, 866, 1, 0, 0
10501, 865, 1, 0, 0
11000, 867, 1, 0, 0
11502, 867, 1, 0, 0
12001, 865, 1, 0, 0
12503, 863, 1, 0, 0
13004, 865, 1, 0, 0
13505, 867, 1, 0, 0
14001, 865, 1, 0, 0
14507, 866, 1, 0, 0
15004, 872, 1, 0, 0
15500, 863, 1, 0, 0
16004, 867, 1, 0, 0
16500, 868, 1, 0, 0
17000, 867, 1, 0, 0
17507, 865, 1, 0, 0
18006, 868, 1, 0, 0
18500, 873, 1, 0, 0
19004, 868, 1, 0, 0
19500, 866, 1, 0, 0
20007, 868, 1, 0, 0
20501, 867, 1, 0, 0
21000, 871, 1, 0, 0
21504, 868, 1, 0, 0
22000, 866, 1, 0, 0
22505, 866, 1, 0, 0
23008, 868, 1, 0, 0
23500, 869, 1, 0, 0
24008, 871, 1, 0, 0
24507, 868, 1, 0, 0
25007, 869, 1, 0, 0
25505, 874, 1, 0, 0
26008, 871, 1, 0, 0
26501, 868, 1, 0, 0
27002, 868, 1, 0, 0
27500, 877, 1, 0, 0
28001, 871, 1, 0, 0
28500, 868, 1, 0, 0
29006, 896, 1, 0, 0
29511, 895, 1, 0, 0
30009, 873, 1, 0, 0
30500, 871, 1, 0, 0
31000, 869, 1, 0, 0
31500, 875, 1, 0, 0
32008, 870, 1, 0, 0
32507, 862, 1, 0, 0
33011, 871, 1, 0, 0
33504, 870, 1, 0, 0
34000, 869, 1, 0, 0
34505, 868, 1, 0, 0
35000, 868, 1, 0, 0
35500, 868, 1, 0, 0
36007, 869, 1, 0, 0
36502, 869, 1, 0, 0
37002, 870, 1, 0, 0
37507, 872, 1, 0, 0
38011, 869, 1, 0, 0
38500, 869, 1, 0, 0
39008, 871, 1, 0, 0
39503, 877, 1, 0, 0
40011, 873, 1, 0, 0
40501, 869, 1, 0, 0
41011, 868, 1, 0, 0
41503, 873, 1, 0, 0
42004, 870, 1, 0, 0
42507, 870, 1, 0, 0
43008, 873, 1, 0, 0
43509, 872, 1, 0, 0
44004, 880, 1, 0, 0
44501, 952, 1, 0, 0
45000, 873, 1, 0, 0
45500, 874, 1, 0, 0
46011, 894, 1, 0, 0
46504, 872, 1, 0, 0
47002, 874, 1, 0, 0
47510, 883, 1, 0, 0
48002, 871, 1, 0, 0
48513, 871, 1, 0, 0
49014, 871, 1, 0, 0
49501, 869, 1, 0, 0
50005, 873, 1, 0, 0
50503, 873, 1, 0, 0
51007, 871, 1, 0, 0
51505, 871, 1, 0, 0
52012, 870, 1, 0, 0
52503, 869, 1, 0, 0
53007, 871, 1, 0, 0
53500, 875, 1, 0, 0
54000, 877, 1, 0, 0
54500, 879, 1, 0, 0
55000, 871, 1, 0, 0
55502, 868, 1, 0, 0
56005, 874, 1, 0, 0
56500, 872, 1, 0, 0
57000, 873, 1, 0, 0
57506, 877, 1, 0, 0
58002, 871, 1, 0, 0
58500, 875, 1, 0, 0
59000, 885, 1, 0, 0
59500, 883, 1, 0, 0
60000, 876, 1, 0, 0
