500, 231427, 1, 0, 0
1000, 233113, 1, 0, 0
1500, 234004, 1, 0, 0
2000, 232633, 1, 0, 0
2500, 231541, 1, 0, 0
3000, 231042, 1, 0, 0
3500, 231884, 1, 0, 0
4000, 232807, 1, 0, 0
4500, 231873, 1, 0, 0
5000, 233017, 1, 0, 0
5500, 232656, 1, 0, 0
6000, 383184, 1, 0, 0
6500, 705085, 1, 0, 0
7005, 706792, 1, 0, 0
7500, 739855, 1, 0, 0
8001, 788269, 1, 0, 0
8502, 716327, 1, 0, 0
9002, 698262, 1, 0, 0
9502, 788712, 1, 0, 0
10000, 735534, 1, 0, 0
10501, 797439, 1, 0, 0
11000, 864582, 1, 0, 0
11502, 905603, 1, 0, 0
12001, 863998, 1, 0, 0
12503, 870682, 1, 0, 0
13004, 897524, 1, 0, 0
13505, 982717, 1, 0, 0
14001, 889172, 1, 0, 0
14507, 978831, 1, 0, 0
15004, 1100111, 1, 0, 0
15500, 983219, 1, 0, 0
16004, 1073410, 1, 0, 0
16500, 1210673, 1, 0, 0
17000, 1044825, 1, 0, 0
17507, 989118, 1, 0, 0
18006, 1168894, 1, 0, 0
18500, 1190852, 1, 0, 0
19004, 1140031, 1, 0, 0
19500, 1122213, 1, 0, 0
20007, 1190049, 1, 0, 0
20501, 1275132, 1, 0, 0
21000, 1320597, 1, 0, 0
21504, 1288735, 1, 0, 0
22000, 1241275, 1, 0, 0
22505, 1257160, 1, 0, 0
23008, 1362558, 1, 0, 0
23500, 1436573, 1, 0, 0
24008, 1380103, 1, 0, 0
24507, 1380462, 1, 0, 0
25007, 1284737, 1, 0, 0
25505, 1483808, 1, 0, 0
26008, 1464504, 1, 0, 0
26501, 1520531, 1, 0, 0
27002, 1577021, 1, 0, 0
27500, 1574654, 1, 0, 0
28001, 1588481, 1, 0, 0
28500, 1570562, 1, 0, 0
29006, 1643763, 1, 0, 0
29511, 1469944, 1, 0, 0
30009, 1556241, 1, 0, 0
30500, 1631082, 1, 0, 0
31000, 1667257, 1, 0, 0
31500, 1743795, 1, 0, 0
32008, 1632895, 1, 0, 0
32507, 1354129, 1, 0, 0
33011, 1703661, 1, 0, 0
33504, 1664960, 1, 0, 0
34000, 1771982, 1, 0, 0
34505, 1836627, 1, 0, 0
35000, 1838217, 1, 0, 0
35500, 1550789, 1, 0, 0
36007, 1815303, 1, 0, 0
36502, 1922992, 1, 0, 0
37002, 1913767, 1, 0, 0
37507, 1957065, 1, 0, 0
38011, 1925964, 1, 0, 0
38500, 1893372, 1, 0, 0
39008, 2002932, 1, 0, 0
39503, 1753441, 1, 0, 0
40011, 1714646, 1, 0, 0
40501, 1937836, 1, 0, 0
41011, 1979141, 1, 0, 0
41503, 1884001, 1, 0, 0
42004, 1981007, 1, 0, 0
42507, 2088842, 1, 0, 0
43008, 2037750, 1, 0, 0
43509, 2100280, 1, 0, 0
44004, 2061317, 1, 0, 0
44501, 1955671, 1, 0, 0
45000, 2092446, 1, 0, 0
45500, 2059560, 1, 0, 0
46011, 2016226, 1, 0, 0
46504, 2151713, 1, 0, 0
47002, 2150397, 1, 0, 0
47510, 2256510, 1, 0, 0
48002, 2236224, 1, 0, 0
48513, 1939188, 1, 0, 0
49014, 2058824, 1, 0, 0
49501, 2205393, 1, 0, 0
50005, 2178327, 1, 0, 0
50503, 2254345, 1, 0, 0
51007, 2203775, 1, 0, 0
51505, 2012993, 1, 0, 0
52012, 2088396, 1, 0, 0
52503, 2140346, 1, 0, 0
53007, 2418403, 1, 0, 0
53500, 2346995, 1, 0, 0
54000, 2427482, 1, 0, 0
54500, 2437310, 1, 0, 0
55000, 2056634, 1, 0, 0
55502, 2029561, 1, 0, 0
56005, 2059907, 1, 0, 0
56500, 2313107, 1, 0, 0
57000, 2362815, 1, 0, 0
57506, 2358114, 1, 0, 0
58002, 2328332, 1, 0, 0
58500, 2358941, 1, 0, 0
59000, 2127137, 1, 0, 0
59500, 2312834, 1, 0, 0
60000, 2297689, 1, 0, 0
60000, 556133, 1, 0, 0
