500, 1195, 1, 0, 0
1000, 1193, 1, 0, 0
1500, 1192, 1, 0, 0
2000, 1189, 1, 0, 0
2500, 1190, 1, 0, 0
3000, 1192, 1, 0, 0
3500, 1191, 1, 0, 0
4000, 1197, 1, 0, 0
4500, 1195, 1, 0, 0
5000, 1197, 1, 0, 0
5517, 1189, 1, 0, 0
6009, 1220, 1, 0, 0
6503, 1222, 1, 0, 0
7014, 1215, 1, 0, 0
7506, 1224, 1, 0, 0
8000, 1229, 1, 0, 0
8506, 1221, 1, 0, 0
9000, 1222, 1, 0, 0
9508, 1224, 1, 0, 0
10000, 1220, 1, 0, 0
10508, 1210, 1, 0, 0
11016, 1215, 1, 0, 0
11505, 1212, 1, 0, 0
12011, 1211, 1, 0, 0
12500, 1215, 1, 0, 0
13008, 1214, 1, 0, 0
13500, 1211, 1, 0, 0
14007, 1215, 1, 0, 0
14515, 1217, 1, 0, 0
15004, 1212, 1, 0, 0
15510, 1209, 1, 0, 0
16000, 1214, 1, 0, 0
16508, 1207, 1, 0, 0
17014, 1216, 1, 0, 0
17502, 1215, 1, 0, 0
18009, 1214, 1, 0, 0
18515, 1216, 1, 0, 0
19003, 1216, 1, 0, 0
19508, 1219, 1, 0, 0
20014, 1217, 1, 0, 0
20500, 1211, 1, 0, 0
21007, 1213, 1, 0, 0
21514, 1217, 1, 0, 0
22001, 1228, 1, 0, 0
22505, 1227, 1, 0, 0
23010, 1218, 1, 0, 0
23500, 1212, 1, 0, 0
24002, 1208, 1, 0, 0
24505, 1215, 1, 0, 0
25010, 1213, 1, 0, 0
25514, 1223, 1, 0, 0
26000, 1215, 1, 0, 0
26504, 1222, 1, 0, 0
27007, 1217, 1, 0, 0
27509, 1218, 1, 0, 0
28011, 1212, 1, 0, 0
28514, 1210, 1, 0, 0
29000, 1219, 1, 0, 0
29500, 1226, 1, 0, 0
30000, 1227, 1, 0, 0
30500, 1225, 1, 0, 0
31000, 1227, 1, 0, 0
31500, 1221, 1, 0, 0
32000, 1216, 1, 0, 0
32500, 1226, 1, 0, 0
33014, 1223, 1, 0, 0
33509, 1228, 1, 0, 0
34003, 1235, 1, 0, 0
34500, 1222, 1, 0, 0
35005, 1229, 1, 0, 0
35500, 1234, 1, 0, 0
36000, 1225, 1, 0, 0
36500, 1224, 1, 0, 0
37000, 1230, 1, 0, 0
37500, 1217, 1, 0, 0
38006, 1214, 1, 0, 0
38500, 1226, 1, 0, 0
39011, 1232, 1, 0, 0
39503, 1222, 1, 0, 0
40015, 1228, 1, 0, 0
40507, 1227, 1, 0, 0
41000, 1228, 1, 0, 0
41509, 1220, 1, 0, 0
42000, 1230, 1, 0, 0
42507, 1216, 1, 0, 0
43017, 1214, 1, 0, 0
43505, 1209, 1, 0, 0
44012, 1215, 1, 0, 0
44500, 1216, 1, 0, 0
45005, 1225, 1, 0, 0
45513, 1224, 1, 0, 0
46003, 1221, 1, 0, 0
46511, 1214, 1, 0, 0
47000, 1209, 1, 0, 0
47508, 1217, 1, 0, 0
48000, 1215, 1, 0, 0
48505, 1210, 1, 0, 0
49013, 1217, 1, 0, 0
49500, 1220, 1, 0, 0
50005, 1213, 1, 0, 0
50513, 1216, 1, 0, 0
51000, 1220, 1, 0, 0
51507, 1210, 1, 0, 0
52014, 1208, 1, 0, 0
52500, 1229, 1, 0, 0
53006, 1227, 1, 0, 0
53511, 1220, 1, 0, 0
54000, 1220, 1, 0, 0
54506, 1206, 1, 0, 0
55011, 1260, 1, 0, 0
55500, 1220, 1, 0, 0
56003, 1221, 1, 0, 0
56507, 1228, 1, 0, 0
57010, 1211, 1, 0, 0
57515, 1210, 1, 0, 0
58000, 1239, 1, 0, 0
58501, 1216, 1, 0, 0
59006, 1213, 1, 0, 0
59509, 1206, 1, 0, 0
60013, 1215, 1, 0, 0
