500, 223563, 1, 0, 0
1000, 223689, 1, 0, 0
1500, 223687, 1, 0, 0
2000, 223684, 1, 0, 0
2500, 223682, 1, 0, 0
3000, 223681, 1, 0, 0
3500, 223683, 1, 0, 0
4000, 223683, 1, 0, 0
4500, 223681, 1, 0, 0
5000, 223673, 1, 0, 0
5517, 241814, 1, 0, 0
6009, 4139433, 1, 0, 0
6503, 3982674, 1, 0, 0
7014, 3763639, 1, 0, 0
7506, 3553141, 1, 0, 0
8000, 3332837, 1, 0, 0
8506, 3133923, 1, 0, 0
9000, 3013715, 1, 0, 0
9508, 2755415, 1, 0, 0
10000, 2585035, 1, 0, 0
10508, 2411019, 1, 0, 0
11016, 2326829, 1, 0, 0
11505, 2200753, 1, 0, 0
12011, 2095249, 1, 0, 0
12500, 2054136, 1, 0, 0
13008, 2472557, 1, 0, 0
13500, 2494671, 1, 0, 0
14007, 2396761, 1, 0, 0
14515, 2333603, 1, 0, 0
15004, 2285907, 1, 0, 0
15510, 2197385, 1, 0, 0
16000, 2171110, 1, 0, 0
16508, 2153379, 1, 0, 0
17014, 2117455, 1, 0, 0
17502, 2082097, 1, 0, 0
18009, 2071453, 1, 0, 0
18515, 2087752, 1, 0, 0
19003, 2041745, 1, 0, 0
19508, 2015205, 1, 0, 0
20014, 1989349, 1, 0, 0
20500, 1964277, 1, 0, 0
21007, 1926399, 1, 0, 0
21514, 1915727, 1, 0, 0
22001, 1882184, 1, 0, 0
22505, 1838966, 1, 0, 0
23010, 1806588, 1, 0, 0
23500, 1784318, 1, 0, 0
24002, 1763765, 1, 0, 0
24505, 1700612, 1, 0, 0
25010, 1706012, 1, 0, 0
25514, 1668787, 1, 0, 0
26000, 1609403, 1, 0, 0
26504, 1586675, 1, 0, 0
27007, 1563450, 1, 0, 0
27509, 1515423, 1, 0, 0
28011, 1492504, 1, 0, 0
28514, 1469438, 1, 0, 0
29000, 1428527, 1, 0, 0
29500, 1362684, 1, 0, 0
30000, 1344301, 1, 0, 0
30500, 1255744, 1, 0, 0
31000, 1255993, 1, 0, 0
31500, 1223326, 1, 0, 0
32000, 1187541, 1, 0, 0
32500, 1094899, 1, 0, 0
33014, 1030249, 1, 0, 0
33509, 996334, 1, 0, 0
34003, 952505, 1, 0, 0
34500, 907922, 1, 0, 0
35005, 810933, 1, 0, 0
35500, 762905, 1, 0, 0
36000, 687282, 1, 0, 0
36500, 582543, 1, 0, 0
37000, 491330, 1, 0, 0
37500, 331283, 1, 0, 0
38006, 335451, 1, 0, 0
38500, 4049697, 1, 0, 0
39011, 3878526, 1, 0, 0
39503, 3680858, 1, 0, 0
40015, 3469248, 1, 0, 0
40507, 3270135, 1, 0, 0
41000, 3100989, 1, 0, 0
41509, 2870132, 1, 0, 0
42000, 2744929, 1, 0, 0
42507, 2538553, 1, 0, 0
43017, 2410685, 1, 0, 0
43505, 2272994, 1, 0, 0
44012, 2147634, 1, 0, 0
44500, 2094336, 1, 0, 0
45005, 2037532, 1, 0, 0
45513, 2515790, 1, 0, 0
46003, 2472298, 1, 0, 0
46511, 2396321, 1, 0, 0
47000, 2321057, 1, 0, 0
47508, 2271339, 1, 0, 0
48000, 2203377, 1, 0, 0
48505, 2172958, 1, 0, 0
49013, 2134668, 1, 0, 0
49500, 2150101, 1, 0, 0
50005, 2053819, 1, 0, 0
50513, 2069600, 1, 0, 0
51000, 2045281, 1, 0, 0
51507, 2043757, 1, 0, 0
52014, 2059424, 1, 0, 0
52500, 2033848, 1, 0, 0
53006, 1977364, 1, 0, 0
53511, 1927349, 1, 0, 0
54000, 1899979, 1, 0, 0
54506, 1859076, 1, 0, 0
55011, 1830239, 1, 0, 0
55500, 1806568, 1, 0, 0
56003, 1762290, 1, 0, 0
56507, 1715585, 1, 0, 0
57010, 1711131, 1, 0, 0
57515, 1671439, 1, 0, 0
58000, 1681546, 1, 0, 0
58501, 1609105, 1, 0, 0
59006, 1579706, 1, 0, 0
59509, 1531707, 1, 0, 0
60012, 1531785, 1, 0, 0
60013, 16430111, 1, 0, 0
