500, 222368, 1, 0, 0
1000, 222495, 1, 0, 0
1500, 222495, 1, 0, 0
2000, 222495, 1, 0, 0
2500, 222492, 1, 0, 0
3000, 222489, 1, 0, 0
3500, 222492, 1, 0, 0
4000, 222486, 1, 0, 0
4500, 222486, 1, 0, 0
5000, 222476, 1, 0, 0
5517, 240626, 1, 0, 0
6009, 4138213, 1, 0, 0
6503, 3981451, 1, 0, 0
7014, 3762424, 1, 0, 0
7506, 3551917, 1, 0, 0
8000, 3331608, 1, 0, 0
8506, 3132702, 1, 0, 0
9000, 3012493, 1, 0, 0
9508, 2754191, 1, 0, 0
10000, 2583814, 1, 0, 0
10508, 2409809, 1, 0, 0
11016, 2325613, 1, 0, 0
11505, 2199541, 1, 0, 0
12011, 2094037, 1, 0, 0
12500, 2052921, 1, 0, 0
13008, 2471342, 1, 0, 0
13500, 2493460, 1, 0, 0
14007, 2395547, 1, 0, 0
14515, 2332387, 1, 0, 0
15004, 2284694, 1, 0, 0
15510, 2196176, 1, 0, 0
16000, 2169896, 1, 0, 0
16508, 2152172, 1, 0, 0
17014, 2116239, 1, 0, 0
17502, 2080881, 1, 0, 0
18009, 2070239, 1, 0, 0
18515, 2086536, 1, 0, 0
19003, 2040529, 1, 0, 0
19508, 2013986, 1, 0, 0
20014, 1988131, 1, 0, 0
20500, 1963067, 1, 0, 0
21007, 1925186, 1, 0, 0
21514, 1914510, 1, 0, 0
22001, 1880956, 1, 0, 0
22505, 1837739, 1, 0, 0
23010, 1805370, 1, 0, 0
23500, 1783106, 1, 0, 0
24002, 1762557, 1, 0, 0
24505, 1699397, 1, 0, 0
25010, 1704799, 1, 0, 0
25514, 1667565, 1, 0, 0
26000, 1608188, 1, 0, 0
26504, 1585453, 1, 0, 0
27007, 1562232, 1, 0, 0
27509, 1514205, 1, 0, 0
28011, 1491292, 1, 0, 0
28514, 1468228, 1, 0, 0
29000, 1427307, 1, 0, 0
29500, 1361458, 1, 0, 0
30000, 1343074, 1, 0, 0
30500, 1254520, 1, 0, 0
31000, 1254766, 1, 0, 0
31500, 1222105, 1, 0, 0
32000, 1186325, 1, 0, 0
32500, 1093673, 1, 0, 0
33014, 1029026, 1, 0, 0
33509, 995107, 1, 0, 0
34003, 951270, 1, 0, 0
34500, 906700, 1, 0, 0
35005, 809704, 1, 0, 0
35500, 761670, 1, 0, 0
36000, 686057, 1, 0, 0
36500, 581319, 1, 0, 0
37000, 490100, 1, 0, 0
37500, 330065, 1, 0, 0
38006, 334237, 1, 0, 0
38500, 4048471, 1, 0, 0
39011, 3877295, 1, 0, 0
39503, 3679635, 1, 0, 0
40015, 3468020, 1, 0, 0
40507, 3268908, 1, 0, 0
41000, 3099760, 1, 0, 0
41509, 2868912, 1, 0, 0
42000, 2743699, 1, 0, 0
42507, 2537337, 1, 0, 0
43017, 2409471, 1, 0, 0
43505, 2271785, 1, 0, 0
44012, 2146419, 1, 0, 0
44500, 2093119, 1, 0, 0
45005, 2036307, 1, 0, 0
45513, 2514566, 1, 0, 0
46003, 2471077, 1, 0, 0
46511, 2395107, 1, 0, 0
47000, 2319847, 1, 0, 0
47508, 2270122, 1, 0, 0
48000, 2202162, 1, 0, 0
48505, 2171748, 1, 0, 0
49013, 2133451, 1, 0, 0
49500, 2148881, 1, 0, 0
50005, 2052606, 1, 0, 0
50513, 2068385, 1, 0, 0
51000, 2044060, 1, 0, 0
51507, 2042547, 1, 0, 0
52014, 2058216, 1, 0, 0
52500, 2032619, 1, 0, 0
53006, 1976138, 1, 0, 0
53511, 1926129, 1, 0, 0
54000, 1898759, 1, 0, 0
54506, 1857870, 1, 0, 0
55011, 1828979, 1, 0, 0
55500, 1805348, 1, 0, 0
56003, 1761070, 1, 0, 0
56507, 1714357, 1, 0, 0
57010, 1709923, 1, 0, 0
57515, 1670226, 1, 0, 0
58000, 1680307, 1, 0, 0
58501, 1607888, 1, 0, 0
59006, 1578493, 1, 0, 0
59509, 1530501, 1, 0, 0
60012, 1530570, 1, 0, 0
60013, 16428889, 1, 0, 0
