500, 143004, 1, 0, 0
1000, 142936, 1, 0, 0
1500, 142916, 1, 0, 0
2000, 142926, 1, 0, 0
2500, 142934, 1, 0, 0
3000, 142934, 1, 0, 0
3500, 142918, 1, 0, 0
4000, 142920, 1, 0, 0
4500, 142930, 1, 0, 0
5000, 142942, 1, 0, 0
5500, 131928, 1, 0, 0
6000, 7616, 1, 0, 0
6500, 7936, 1, 0, 0
7000, 8688, 1, 0, 0
7500, 8881, 1, 0, 0
8000, 9792, 1, 0, 0
8500, 10016, 1, 0, 0
9000, 10876, 1, 0, 0
9500, 11380, 1, 0, 0
10000, 12584, 1, 0, 0
10500, 13048, 1, 0, 0
11000, 13984, 1, 0, 0
11500, 14208, 1, 0, 0
12000, 15488, 1, 0, 0
12500, 15200, 1, 0, 0
13000, 13152, 1, 0, 0
13500, 13152, 1, 0, 0
14000, 12992, 1, 0, 0
14500, 13920, 1, 0, 0
15000, 13696, 1, 0, 0
15500, 14752, 1, 0, 0
16000, 14452, 1, 0, 0
16500, 15084, 1, 0, 0
17000, 15296, 1, 0, 0
17500, 15008, 1, 0, 0
18000, 15648, 1, 0, 0
18501, 15520, 1, 0, 0
19000, 15310, 1, 0, 0
19500, 16048, 1, 0, 0
20000, 16272, 1, 0, 0
20500, 15856, 1, 0, 0
21000, 16832, 1, 0, 0
21500, 16944, 1, 0, 0
22000, 16528, 1, 0, 0
22500, 17552, 1, 0, 0
23000, 17888, 1, 0, 0
23500, 18128, 1, 0, 0
24000, 17664, 1, 0, 0
24500, 18928, 1, 0, 0
25000, 18928, 1, 0, 0
25500, 19344, 1, 0, 0
26000, 19352, 1, 0, 0
26500, 20280, 1, 0, 0
27000, 20608, 1, 0, 0
27500, 21184, 1, 0, 0
28000, 21568, 1, 0, 0
28500, 21888, 1, 0, 0
29000, 22628, 1, 0, 0
29500, 23532, 1, 0, 0
30000, 23810, 1, 0, 0
30500, 24543, 1, 0, 0
31000, 25488, 1, 0, 0
31500, 26160, 1, 0, 0
32000, 27638, 1, 0, 0
32500, 29320, 1, 0, 0
33000, 31010, 1, 0, 0
33500, 31824, 1, 0, 0
34000, 33232, 1, 0, 0
34500, 36024, 1, 0, 0
35000, 38744, 1, 0, 0
35500, 42560, 1, 0, 0
36000, 46696, 1, 0, 0
36500, 54936, 1, 0, 0
37000, 65108, 1, 0, 0
37500, 96536, 1, 0, 0
38000, 93060, 1, 0, 0
38500, 8096, 1, 0, 0
39000, 8128, 1, 0, 0
39500, 8560, 1, 0, 0
40000, 9456, 1, 0, 0
40501, 9616, 1, 0, 0
41000, 10539, 1, 0, 0
41500, 10986, 1, 0, 0
42000, 11544, 1, 0, 0
42500, 12696, 1, 0, 0
43000, 13504, 1, 0, 0
43500, 13760, 1, 0, 0
44000, 15120, 1, 0, 0
44500, 15480, 1, 0, 0
45000, 15272, 1, 0, 0
45500, 12912, 1, 0, 0
46000, 12688, 1, 0, 0
46500, 13584, 1, 0, 0
47000, 13480, 1, 0, 0
47500, 14296, 1, 0, 0
48000, 14752, 1, 0, 0
48500, 14416, 1, 0, 0
49000, 15216, 1, 0, 0
49500, 14916, 1, 0, 0
50000, 15324, 1, 0, 0
50500, 15696, 1, 0, 0
51000, 15248, 1, 0, 0
51500, 15872, 1, 0, 0
52000, 15760, 1, 0, 0
52500, 15280, 1, 0, 0
53000, 16384, 1, 0, 0
53500, 16816, 1, 0, 0
54000, 16488, 1, 0, 0
54500, 17368, 1, 0, 0
55000, 17664, 1, 0, 0
55500, 17958, 1, 0, 0
56000, 17610, 1, 0, 0
56500, 18816, 1, 0, 0
57000, 18832, 1, 0, 0
57500, 19296, 1, 0, 0
58000, 19172, 1, 0, 0
58500, 19228, 1, 0, 0
59000, 20432, 1, 0, 0
59500, 21024, 1, 0, 0
60000, 21040, 1, 0, 0
