500, 2288064, 1, 0, 0
1000, 2287104, 1, 0, 0
1500, 2286656, 1, 0, 0
2000, 2286816, 1, 0, 0
2500, 2286944, 1, 0, 0
3000, 2286944, 1, 0, 0
3500, 2286688, 1, 0, 0
4000, 2286720, 1, 0, 0
4500, 2286880, 1, 0, 0
5000, 2287072, 1, 0, 0
5500, 2110848, 1, 0, 0
6000, 121856, 1, 0, 0
6500, 126976, 1, 0, 0
7000, 139008, 1, 0, 0
7500, 142108, 1, 0, 0
8000, 156672, 1, 0, 0
8500, 160256, 1, 0, 0
9000, 174016, 1, 0, 0
9500, 182080, 1, 0, 0
10000, 201344, 1, 0, 0
10500, 208768, 1, 0, 0
11000, 223744, 1, 0, 0
11500, 227328, 1, 0, 0
12000, 247808, 1, 0, 0
12500, 243200, 1, 0, 0
13000, 210432, 1, 0, 0
13500, 210432, 1, 0, 0
14000, 207872, 1, 0, 0
14500, 222720, 1, 0, 0
15000, 219136, 1, 0, 0
15500, 236032, 1, 0, 0
16000, 231232, 1, 0, 0
16500, 241344, 1, 0, 0
17000, 244736, 1, 0, 0
17500, 240128, 1, 0, 0
18000, 250368, 1, 0, 0
18501, 248320, 1, 0, 0
19000, 244969, 1, 0, 0
19500, 256768, 1, 0, 0
20000, 260352, 1, 0, 0
20500, 253696, 1, 0, 0
21000, 269312, 1, 0, 0
21500, 271104, 1, 0, 0
22000, 264448, 1, 0, 0
22500, 280832, 1, 0, 0
23000, 286208, 1, 0, 0
23500, 290048, 1, 0, 0
24000, 282624, 1, 0, 0
24500, 302848, 1, 0, 0
25000, 302848, 1, 0, 0
25500, 309504, 1, 0, 0
26000, 309632, 1, 0, 0
26500, 324480, 1, 0, 0
27000, 329728, 1, 0, 0
27500, 338944, 1, 0, 0
28000, 345088, 1, 0, 0
28500, 350208, 1, 0, 0
29000, 362048, 1, 0, 0
29500, 376512, 1, 0, 0
30000, 380928, 1, 0, 0
30500, 392689, 1, 0, 0
31000, 407808, 1, 0, 0
31500, 418560, 1, 0, 0
32000, 442208, 1, 0, 0
32500, 469120, 1, 0, 0
33000, 496160, 1, 0, 0
33500, 509184, 1, 0, 0
34000, 531712, 1, 0, 0
34500, 576352, 1, 0, 0
35000, 619904, 1, 0, 0
35500, 680960, 1, 0, 0
36000, 747136, 1, 0, 0
36500, 878976, 1, 0, 0
37000, 1041728, 1, 0, 0
37500, 1544576, 1, 0, 0
38000, 1488960, 1, 0, 0
38500, 129536, 1, 0, 0
39000, 130048, 1, 0, 0
39500, 136960, 1, 0, 0
40000, 151296, 1, 0, 0
40501, 153856, 1, 0, 0
41000, 168625, 1, 0, 0
41500, 175776, 1, 0, 0
42000, 184704, 1, 0, 0
42500, 203136, 1, 0, 0
43000, 216064, 1, 0, 0
43500, 220160, 1, 0, 0
44000, 241920, 1, 0, 0
44500, 247680, 1, 0, 0
45000, 244352, 1, 0, 0
45500, 206592, 1, 0, 0
46000, 203008, 1, 0, 0
46500, 217344, 1, 0, 0
47000, 215680, 1, 0, 0
47500, 228736, 1, 0, 0
48000, 236032, 1, 0, 0
48500, 230656, 1, 0, 0
49000, 243456, 1, 0, 0
49500, 238656, 1, 0, 0
50000, 245184, 1, 0, 0
50500, 251136, 1, 0, 0
51000, 243968, 1, 0, 0
51500, 253952, 1, 0, 0
52000, 252160, 1, 0, 0
52500, 244480, 1, 0, 0
53000, 262156, 1, 0, 0
53500, 269056, 1, 0, 0
54000, 263808, 1, 0, 0
54500, 277888, 1, 0, 0
55000, 282624, 1, 0, 0
55500, 287328, 1, 0, 0
56000, 281760, 1, 0, 0
56500, 301056, 1, 0, 0
57000, 301312, 1, 0, 0
57500, 308736, 1, 0, 0
58000, 306752, 1, 0, 0
58500, 307648, 1, 0, 0
59000, 326912, 1, 0, 0
59500, 336384, 1, 0, 0
60000, 336640, 1, 0, 0
