500, 1787608, 1, 0, 0
1000, 1791079, 1, 0, 0
1500, 1791087, 1, 0, 0
2000, 1791082, 1, 0, 0
2500, 1791079, 1, 0, 0
3000, 1791077, 1, 0, 0
3500, 1791079, 1, 0, 0
4000, 1793500, 1, 0, 0
4500, 1791071, 1, 0, 0
5000, 1791066, 1, 0, 0
5500, 1918559, 1, 0, 0
6005, 24752832, 1, 0, 0
6513, 25747156, 1, 0, 0
7001, 24988597, 1, 0, 0
7508, 24281284, 1, 0, 0
8012, 23093408, 1, 0, 0
8517, 21957304, 1, 0, 0
9003, 21530523, 1, 0, 0
9508, 20546064, 1, 0, 0
10011, 19411031, 1, 0, 0
10514, 18691618, 1, 0, 0
11015, 17962150, 1, 0, 0
11516, 17531277, 1, 0, 0
12016, 17417443, 1, 0, 0
12500, 17492017, 1, 0, 0
13004, 17663818, 1, 0, 0
13506, 17978750, 1, 0, 0
14008, 17903902, 1, 0, 0
14510, 17429358, 1, 0, 0
15011, 16949369, 1, 0, 0
15510, 16299055, 1, 0, 0
16010, 16339827, 1, 0, 0
16509, 15922569, 1, 0, 0
17009, 15656734, 1, 0, 0
17509, 15375908, 1, 0, 0
18007, 15835553, 1, 0, 0
18506, 15566608, 1, 0, 0
19004, 15238272, 1, 0, 0
19504, 14883525, 1, 0, 0
20003, 14874243, 1, 0, 0
20501, 15052275, 1, 0, 0
21000, 15011827, 1, 0, 0
21515, 14193356, 1, 0, 0
22012, 13990537, 1, 0, 0
22509, 13949042, 1, 0, 0
23003, 13450868, 1, 0, 0
23500, 13500871, 1, 0, 0
24013, 13210969, 1, 0, 0
24508, 12739069, 1, 0, 0
25003, 12411126, 1, 0, 0
25500, 12439847, 1, 0, 0
26010, 11850589, 1, 0, 0
26504, 11707607, 1, 0, 0
27015, 11498951, 1, 0, 0
27507, 11241311, 1, 0, 0
28000, 10870117, 1, 0, 0
28507, 10302269, 1, 0, 0
29000, 10253115, 1, 0, 0
29504, 10255243, 1, 0, 0
30011, 9633283, 1, 0, 0
30500, 9168650, 1, 0, 0
31000, 8581076, 1, 0, 0
31501, 8331609, 1, 0, 0
32000, 7958082, 1, 0, 0
32500, 7528305, 1, 0, 0
33010, 6736662, 1, 0, 0
33501, 6494164, 1, 0, 0
34004, 5870260, 1, 0, 0
34501, 5254708, 1, 0, 0
35006, 4516295, 1, 0, 0
35500, 3728314, 1, 0, 0
36000, 2427001, 1, 0, 0
36503, 2863757, 1, 0, 0
37011, 25826685, 1, 0, 0
37517, 25215968, 1, 0, 0
38004, 24892094, 1, 0, 0
38510, 23953730, 1, 0, 0
39016, 22856386, 1, 0, 0
39502, 22017824, 1, 0, 0
40008, 21096908, 1, 0, 0
40513, 19781200, 1, 0, 0
41015, 18989197, 1, 0, 0
41500, 18636796, 1, 0, 0
42002, 17783122, 1, 0, 0
42504, 17705983, 1, 0, 0
43006, 17775796, 1, 0, 0
43508, 17600294, 1, 0, 0
44010, 17739963, 1, 0, 0
44511, 17794156, 1, 0, 0
45012, 17545440, 1, 0, 0
45514, 17377391, 1, 0, 0
46016, 17096418, 1, 0, 0
46515, 17000058, 1, 0, 0
47014, 16384769, 1, 0, 0
47515, 16018566, 1, 0, 0
48013, 15910376, 1, 0, 0
48514, 15839932, 1, 0, 0
49015, 15701896, 1, 0, 0
49500, 15690339, 1, 0, 0
50015, 15313502, 1, 0, 0
50515, 15210548, 1, 0, 0
51014, 15131604, 1, 0, 0
51513, 14815388, 1, 0, 0
52013, 14596534, 1, 0, 0
52510, 14118521, 1, 0, 0
53009, 14340041, 1, 0, 0
53507, 14035107, 1, 0, 0
54003, 13652225, 1, 0, 0
54500, 13264303, 1, 0, 0
55014, 12928141, 1, 0, 0
55509, 12725849, 1, 0, 0
56003, 12346246, 1, 0, 0
56500, 12379121, 1, 0, 0
57011, 12044879, 1, 0, 0
57504, 11743996, 1, 0, 0
58014, 11514152, 1, 0, 0
58507, 11301205, 1, 0, 0
59000, 10989231, 1, 0, 0
59507, 10282047, 1, 0, 0
60014, 9907514, 1, 0, 0
60016, 17860156, 1, 0, 0
