500, 1783433, 1, 0, 0
1000, 1786899, 1, 0, 0
1500, 1786901, 1, 0, 0
2000, 1786865, 1, 0, 0
2500, 1786874, 1, 0, 0
3000, 1786873, 1, 0, 0
3500, 1786886, 1, 0, 0
4000, 1788887, 1, 0, 0
4500, 1786883, 1, 0, 0
5000, 1786856, 1, 0, 0
5500, 1914361, 1, 0, 0
6005, 24748492, 1, 0, 0
6513, 25742932, 1, 0, 0
7001, 24984298, 1, 0, 0
7508, 24277003, 1, 0, 0
8012, 23089098, 1, 0, 0
8517, 21953053, 1, 0, 0
9003, 21526248, 1, 0, 0
9508, 20541767, 1, 0, 0
10011, 19406734, 1, 0, 0
10514, 18687330, 1, 0, 0
11015, 17957843, 1, 0, 0
11516, 17526987, 1, 0, 0
12016, 17413202, 1, 0, 0
12500, 17487744, 1, 0, 0
13004, 17659525, 1, 0, 0
13506, 17974425, 1, 0, 0
14008, 17899562, 1, 0, 0
14510, 17425072, 1, 0, 0
15011, 16945073, 1, 0, 0
15510, 16294751, 1, 0, 0
16010, 16335507, 1, 0, 0
16509, 15918308, 1, 0, 0
17009, 15652463, 1, 0, 0
17509, 15371622, 1, 0, 0
18007, 15830505, 1, 0, 0
18506, 15562321, 1, 0, 0
19004, 15233901, 1, 0, 0
19504, 14879197, 1, 0, 0
20003, 14869973, 1, 0, 0
20501, 15048008, 1, 0, 0
21000, 15007575, 1, 0, 0
21515, 14189098, 1, 0, 0
22012, 13986315, 1, 0, 0
22509, 13944761, 1, 0, 0
23003, 13445208, 1, 0, 0
23500, 13496566, 1, 0, 0
24013, 13206731, 1, 0, 0
24508, 12734781, 1, 0, 0
25003, 12406835, 1, 0, 0
25500, 12435532, 1, 0, 0
26010, 11846243, 1, 0, 0
26504, 11703276, 1, 0, 0
27015, 11494591, 1, 0, 0
27507, 11236978, 1, 0, 0
28000, 10865782, 1, 0, 0
28507, 10297943, 1, 0, 0
29000, 10248778, 1, 0, 0
29504, 10250879, 1, 0, 0
30011, 9628958, 1, 0, 0
30500, 9164311, 1, 0, 0
31000, 8576730, 1, 0, 0
31501, 8327295, 1, 0, 0
32000, 7953752, 1, 0, 0
32500, 7523975, 1, 0, 0
33010, 6732337, 1, 0, 0
33501, 6489805, 1, 0, 0
34004, 5865918, 1, 0, 0
34501, 5250379, 1, 0, 0
35006, 4511947, 1, 0, 0
35500, 3723971, 1, 0, 0
36000, 2422638, 1, 0, 0
36503, 2859398, 1, 0, 0
37011, 25822351, 1, 0, 0
37517, 25211645, 1, 0, 0
38004, 24887766, 1, 0, 0
38510, 23949392, 1, 0, 0
39016, 22852072, 1, 0, 0
39502, 22013514, 1, 0, 0
40008, 21092559, 1, 0, 0
40513, 19776893, 1, 0, 0
41015, 18984922, 1, 0, 0
41500, 18632478, 1, 0, 0
42002, 17778835, 1, 0, 0
42504, 17701656, 1, 0, 0
43006, 17771527, 1, 0, 0
43508, 17595980, 1, 0, 0
44010, 17735617, 1, 0, 0
44511, 17789801, 1, 0, 0
45012, 17541120, 1, 0, 0
45514, 17373081, 1, 0, 0
46016, 17092109, 1, 0, 0
46515, 16995777, 1, 0, 0
47014, 16380462, 1, 0, 0
47515, 16014252, 1, 0, 0
48013, 15906056, 1, 0, 0
48514, 15835574, 1, 0, 0
49015, 15697608, 1, 0, 0
49500, 15686044, 1, 0, 0
50015, 15309168, 1, 0, 0
50515, 15206237, 1, 0, 0
51014, 15127325, 1, 0, 0
51513, 14811085, 1, 0, 0
52013, 14592249, 1, 0, 0
52510, 14114206, 1, 0, 0
53009, 14335747, 1, 0, 0
53507, 14030842, 1, 0, 0
54003, 13647960, 1, 0, 0
54500, 13259996, 1, 0, 0
55014, 12923829, 1, 0, 0
55509, 12721527, 1, 0, 0
56003, 12341921, 1, 0, 0
56500, 12374814, 1, 0, 0
57011, 12040566, 1, 0, 0
57504, 11739681, 1, 0, 0
58014, 11509813, 1, 0, 0
58507, 11296858, 1, 0, 0
59000, 10984910, 1, 0, 0
59507, 10277710, 1, 0, 0
60014, 9903141, 1, 0, 0
60016, 17855806, 1, 0, 0
