500, 17878, 1, 0, 0
1000, 17866, 1, 0, 0
1500, 17864, 1, 0, 0
2000, 17866, 1, 0, 0
2500, 17866, 1, 0, 0
3000, 17868, 1, 0, 0
3500, 17864, 1, 0, 0
4000, 17844, 1, 0, 0
4500, 17864, 1, 0, 0
5000, 17866, 1, 0, 0
5500, 16532, 1, 0, 0
6000, 1258, 1, 0, 0
6500, 1266, 1, 0, 0
7000, 1250, 1, 0, 0
7500, 1338, 1, 0, 0
8000, 1400, 1, 0, 0
8500, 1472, 1, 0, 0
9000, 1450, 1, 0, 0
9500, 1576, 1, 0, 0
10000, 1658, 1, 0, 0
10500, 1722, 1, 0, 0
11000, 1784, 1, 0, 0
11500, 1828, 1, 0, 0
12000, 1840, 1, 0, 0
12500, 1770, 1, 0, 0
13000, 1824, 1, 0, 0
13500, 1790, 1, 0, 0
14000, 1792, 1, 0, 0
14500, 1846, 1, 0, 0
15000, 1890, 1, 0, 0
15500, 1962, 1, 0, 0
16000, 1958, 1, 0, 0
16500, 2006, 1, 0, 0
17000, 2046, 1, 0, 0
17500, 2076, 1, 0, 0
18000, 2016, 1, 0, 0
18500, 2050, 1, 0, 0
19000, 2094, 1, 0, 0
19501, 2146, 1, 0, 0
20000, 2152, 1, 0, 0
20500, 2120, 1, 0, 0
21000, 2148, 1, 0, 0
21500, 2300, 1, 0, 0
22000, 2272, 1, 0, 0
22500, 2284, 1, 0, 0
23000, 2348, 1, 0, 0
23500, 2374, 1, 0, 0
24000, 2470, 1, 0, 0
24500, 2488, 1, 0, 0
25000, 2552, 1, 0, 0
25500, 2632, 1, 0, 0
26000, 2676, 1, 0, 0
26500, 2698, 1, 0, 0
27000, 2846, 1, 0, 0
27500, 2802, 1, 0, 0
28000, 2996, 1, 0, 0
28500, 3058, 1, 0, 0
29000, 3170, 1, 0, 0
29500, 3052, 1, 0, 0
30000, 3368, 1, 0, 0
30500, 3504, 1, 0, 0
31000, 3640, 1, 0, 0
31500, 3844, 1, 0, 0
32000, 4028, 1, 0, 0
32500, 4388, 1, 0, 0
33000, 4701, 1, 0, 0
33500, 4840, 1, 0, 0
34000, 5502, 1, 0, 0
34500, 6064, 1, 0, 0
35000, 7166, 1, 0, 0
35500, 8640, 1, 0, 0
36000, 13186, 1, 0, 0
36500, 10794, 1, 0, 0
37000, 1256, 1, 0, 0
37500, 1284, 1, 0, 0
38000, 1254, 1, 0, 0
38500, 1352, 1, 0, 0
39000, 1420, 1, 0, 0
39500, 1416, 1, 0, 0
40000, 1536, 1, 0, 0
40500, 1636, 1, 0, 0
41000, 1694, 1, 0, 0
41500, 1692, 1, 0, 0
42000, 1780, 1, 0, 0
42500, 1816, 1, 0, 0
43000, 1806, 1, 0, 0
43500, 1824, 1, 0, 0
44000, 1812, 1, 0, 0
44500, 1802, 1, 0, 0
45000, 1830, 1, 0, 0
45500, 1848, 1, 0, 0
46000, 1876, 1, 0, 0
46500, 1882, 1, 0, 0
47000, 1950, 1, 0, 0
47500, 2002, 1, 0, 0
48000, 2004, 1, 0, 0
48500, 2024, 1, 0, 0
49000, 2046, 1, 0, 0
49500, 2040, 1, 0, 0
50000, 2088, 1, 0, 0
50500, 2104, 1, 0, 0
51000, 2114, 1, 0, 0
51500, 2152, 1, 0, 0
52000, 2190, 1, 0, 0
52500, 2254, 1, 0, 0
53000, 2230, 1, 0, 0
53500, 2268, 1, 0, 0
54000, 2326, 1, 0, 0
54500, 2400, 1, 0, 0
55000, 2546, 1, 0, 0
55500, 2488, 1, 0, 0
56000, 2560, 1, 0, 0
56500, 2644, 1, 0, 0
57000, 2640, 1, 0, 0
57500, 2686, 1, 0, 0
58000, 2840, 1, 0, 0
58500, 2788, 1, 0, 0
59000, 2906, 1, 0, 0
59500, 3126, 1, 0, 0
60000, 3274, 1, 0, 0
