500, 2288384, 1, 0, 0
1000, 2286848, 1, 0, 0
1500, 2286592, 1, 0, 0
2000, 2286848, 1, 0, 0
2500, 2286848, 1, 0, 0
3000, 2287104, 1, 0, 0
3500, 2286592, 1, 0, 0
4000, 2284032, 1, 0, 0
4500, 2286592, 1, 0, 0
5000, 2286848, 1, 0, 0
5500, 2116096, 1, 0, 0
6000, 161024, 1, 0, 0
6500, 162048, 1, 0, 0
7000, 160064, 1, 0, 0
7500, 171264, 1, 0, 0
8000, 179200, 1, 0, 0
8500, 188416, 1, 0, 0
9000, 185600, 1, 0, 0
9500, 201728, 1, 0, 0
10000, 212224, 1, 0, 0
10500, 220416, 1, 0, 0
11000, 228352, 1, 0, 0
11500, 233984, 1, 0, 0
12000, 235520, 1, 0, 0
12500, 226560, 1, 0, 0
13000, 233472, 1, 0, 0
13500, 229120, 1, 0, 0
14000, 229376, 1, 0, 0
14500, 236288, 1, 0, 0
15000, 241920, 1, 0, 0
15500, 251136, 1, 0, 0
16000, 250624, 1, 0, 0
16500, 256768, 1, 0, 0
17000, 261888, 1, 0, 0
17500, 265728, 1, 0, 0
18000, 258048, 1, 0, 0
18500, 262400, 1, 0, 0
19000, 268032, 1, 0, 0
19501, 274688, 1, 0, 0
20000, 275494, 1, 0, 0
20500, 271360, 1, 0, 0
21000, 274944, 1, 0, 0
21500, 294400, 1, 0, 0
22000, 290816, 1, 0, 0
22500, 292352, 1, 0, 0
23000, 300544, 1, 0, 0
23500, 303872, 1, 0, 0
24000, 316160, 1, 0, 0
24500, 318464, 1, 0, 0
25000, 326656, 1, 0, 0
25500, 336896, 1, 0, 0
26000, 342528, 1, 0, 0
26500, 345344, 1, 0, 0
27000, 364288, 1, 0, 0
27500, 358656, 1, 0, 0
28000, 383488, 1, 0, 0
28500, 391424, 1, 0, 0
29000, 405760, 1, 0, 0
29500, 390656, 1, 0, 0
30000, 431104, 1, 0, 0
30500, 448512, 1, 0, 0
31000, 465920, 1, 0, 0
31500, 492032, 1, 0, 0
32000, 515584, 1, 0, 0
32500, 561664, 1, 0, 0
33000, 601779, 1, 0, 0
33500, 619520, 1, 0, 0
34000, 704256, 1, 0, 0
34500, 776192, 1, 0, 0
35000, 917248, 1, 0, 0
35500, 1105920, 1, 0, 0
36000, 1687808, 1, 0, 0
36500, 1381632, 1, 0, 0
37000, 160768, 1, 0, 0
37500, 164352, 1, 0, 0
38000, 160512, 1, 0, 0
38500, 173056, 1, 0, 0
39000, 181760, 1, 0, 0
39500, 181248, 1, 0, 0
40000, 196608, 1, 0, 0
40500, 209408, 1, 0, 0
41000, 216832, 1, 0, 0
41500, 216576, 1, 0, 0
42000, 227840, 1, 0, 0
42500, 232448, 1, 0, 0
43000, 231168, 1, 0, 0
43500, 233472, 1, 0, 0
44000, 231936, 1, 0, 0
44500, 230656, 1, 0, 0
45000, 234240, 1, 0, 0
45500, 236544, 1, 0, 0
46000, 240128, 1, 0, 0
46500, 240896, 1, 0, 0
47000, 249600, 1, 0, 0
47500, 256256, 1, 0, 0
48000, 256512, 1, 0, 0
48500, 259072, 1, 0, 0
49000, 261888, 1, 0, 0
49500, 261120, 1, 0, 0
50000, 267264, 1, 0, 0
50500, 269312, 1, 0, 0
51000, 270592, 1, 0, 0
51500, 275456, 1, 0, 0
52000, 280320, 1, 0, 0
52500, 288512, 1, 0, 0
53000, 285440, 1, 0, 0
53500, 290304, 1, 0, 0
54000, 297728, 1, 0, 0
54500, 307200, 1, 0, 0
55000, 325888, 1, 0, 0
55500, 318464, 1, 0, 0
56000, 327680, 1, 0, 0
56500, 338432, 1, 0, 0
57000, 337920, 1, 0, 0
57500, 343808, 1, 0, 0
58000, 363520, 1, 0, 0
58500, 356864, 1, 0, 0
59000, 371968, 1, 0, 0
59500, 400128, 1, 0, 0
60000, 419072, 1, 0, 0
