500, 4176, 1, 0, 0
1000, 4180, 1, 0, 0
1500, 4185, 1, 0, 0
2000, 4218, 1, 0, 0
2500, 4205, 1, 0, 0
3000, 4203, 1, 0, 0
3500, 4193, 1, 0, 0
4000, 4613, 1, 0, 0
4500, 4187, 1, 0, 0
5000, 4209, 1, 0, 0
5500, 4199, 1, 0, 0
6005, 4331, 1, 0, 0
6513, 4234, 1, 0, 0
7001, 4294, 1, 0, 0
7508, 4283, 1, 0, 0
8012, 4311, 1, 0, 0
8517, 4252, 1, 0, 0
9003, 4272, 1, 0, 0
9508, 4312, 1, 0, 0
10011, 4280, 1, 0, 0
10514, 4301, 1, 0, 0
11015, 4302, 1, 0, 0
11516, 4284, 1, 0, 0
12016, 4242, 1, 0, 0
12500, 4281, 1, 0, 0
13004, 4296, 1, 0, 0
13506, 4322, 1, 0, 0
14008, 4341, 1, 0, 0
14510, 4279, 1, 0, 0
15011, 4300, 1, 0, 0
15510, 4305, 1, 0, 0
16010, 4314, 1, 0, 0
16509, 4266, 1, 0, 0
17009, 4268, 1, 0, 0
17509, 4282, 1, 0, 0
18007, 5051, 1, 0, 0
18506, 4295, 1, 0, 0
19004, 4363, 1, 0, 0
19504, 4333, 1, 0, 0
20003, 4265, 1, 0, 0
20501, 4268, 1, 0, 0
21000, 4253, 1, 0, 0
21515, 4258, 1, 0, 0
22012, 4225, 1, 0, 0
22509, 4284, 1, 0, 0
23003, 5660, 1, 0, 0
23500, 4292, 1, 0, 0
24013, 4241, 1, 0, 0
24508, 4288, 1, 0, 0
25003, 4289, 1, 0, 0
25500, 4322, 1, 0, 0
26010, 4346, 1, 0, 0
26504, 4329, 1, 0, 0
27015, 4359, 1, 0, 0
27507, 4338, 1, 0, 0
28000, 4333, 1, 0, 0
28507, 4324, 1, 0, 0
29000, 4341, 1, 0, 0
29504, 4359, 1, 0, 0
30011, 4330, 1, 0, 0
30500, 4338, 1, 0, 0
31000, 4346, 1, 0, 0
31501, 4311, 1, 0, 0
32000, 4328, 1, 0, 0
32500, 4332, 1, 0, 0
33010, 4327, 1, 0, 0
33501, 4356, 1, 0, 0
34004, 4345, 1, 0, 0
34501, 4328, 1, 0, 0
35006, 4347, 1, 0, 0
35500, 4346, 1, 0, 0
36000, 4362, 1, 0, 0
36503, 4359, 1, 0, 0
37011, 4333, 1, 0, 0
37517, 4323, 1, 0, 0
38004, 4324, 1, 0, 0
38510, 4336, 1, 0, 0
39016, 4312, 1, 0, 0
39502, 4313, 1, 0, 0
40008, 4352, 1, 0, 0
40513, 4302, 1, 0, 0
41015, 4272, 1, 0, 0
41500, 4320, 1, 0, 0
42002, 4299, 1, 0, 0
42504, 4315, 1, 0, 0
43006, 4270, 1, 0, 0
43508, 4316, 1, 0, 0
44010, 4340, 1, 0, 0
44511, 4361, 1, 0, 0
45012, 4319, 1, 0, 0
45514, 4311, 1, 0, 0
46016, 4303, 1, 0, 0
46515, 4279, 1, 0, 0
47014, 4308, 1, 0, 0
47515, 4320, 1, 0, 0
48013, 4319, 1, 0, 0
48514, 4358, 1, 0, 0
49015, 4288, 1, 0, 0
49500, 4293, 1, 0, 0
50015, 4345, 1, 0, 0
50515, 4301, 1, 0, 0
51014, 4277, 1, 0, 0
51513, 4302, 1, 0, 0
52013, 4289, 1, 0, 0
52510, 4316, 1, 0, 0
53009, 4290, 1, 0, 0
53507, 4266, 1, 0, 0
54003, 4265, 1, 0, 0
54500, 4309, 1, 0, 0
55014, 4316, 1, 0, 0
55509, 4318, 1, 0, 0
56003, 4321, 1, 0, 0
56500, 4312, 1, 0, 0
57011, 4312, 1, 0, 0
57504, 4313, 1, 0, 0
58014, 4336, 1, 0, 0
58507, 4350, 1, 0, 0
59000, 4323, 1, 0, 0
59507, 4335, 1, 0, 0
60016, 4374, 1, 0, 0
