500, 137732, 1, 0, 0
1000, 136652, 1, 0, 0
1500, 136128, 1, 0, 0
2000, 136992, 1, 0, 0
2500, 137588, 1, 0, 0
3000, 137970, 1, 0, 0
3500, 137334, 1, 0, 0
4000, 136860, 1, 0, 0
4500, 137420, 1, 0, 0
5000, 136640, 1, 0, 0
5500, 136928, 1, 0, 0
6000, 83160, 1, 0, 0
6500, 46576, 1, 0, 0
7000, 44798, 1, 0, 0
7500, 42298, 1, 0, 0
8000, 40176, 1, 0, 0
8500, 44672, 1, 0, 0
9000, 44528, 1, 0, 0
9500, 40816, 1, 0, 0
10000, 42924, 1, 0, 0
10500, 40548, 1, 0, 0
11000, 37844, 1, 0, 0
11500, 34160, 1, 0, 0
12000, 37224, 1, 0, 0
12500, 36424, 1, 0, 0
13000, 37336, 1, 0, 0
13500, 31928, 1, 0, 0
14000, 35740, 1, 0, 0
14500, 32864, 1, 0, 0
15000, 29148, 1, 0, 0
15500, 33128, 1, 0, 0
16000, 30904, 1, 0, 0
16500, 24626, 1, 0, 0
17000, 29322, 1, 0, 0
17500, 29980, 1, 0, 0
18000, 27596, 1, 0, 0
18500, 27308, 1, 0, 0
19000, 26976, 1, 0, 0
19500, 29164, 1, 0, 0
20000, 25368, 1, 0, 0
20500, 27004, 1, 0, 0
21000, 24824, 1, 0, 0
21500, 23644, 1, 0, 0
22000, 25450, 1, 0, 0
22500, 24548, 1, 0, 0
23000, 23280, 1, 0, 0
23500, 22964, 1, 0, 0
24000, 23208, 1, 0, 0
24500, 22888, 1, 0, 0
25000, 22972, 1, 0, 0
25500, 21592, 1, 0, 0
26000, 23736, 1, 0, 0
26500, 20820, 1, 0, 0
27000, 20724, 1, 0, 0
27500, 20492, 1, 0, 0
28000, 21024, 1, 0, 0
28500, 21252, 1, 0, 0
29000, 20208, 1, 0, 0
29500, 20040, 1, 0, 0
30000, 19880, 1, 0, 0
30500, 19744, 1, 0, 0
31000, 19348, 1, 0, 0
31500, 18988, 1, 0, 0
32000, 19524, 1, 0, 0
32500, 19204, 1, 0, 0
33000, 18000, 1, 0, 0
33500, 18104, 1, 0, 0
34000, 18372, 1, 0, 0
34500, 18084, 1, 0, 0
35000, 17912, 1, 0, 0
35500, 18888, 1, 0, 0
36000, 17568, 1, 0, 0
36500, 18884, 1, 0, 0
37000, 18244, 1, 0, 0
37500, 16504, 1, 0, 0
38000, 17512, 1, 0, 0
38500, 17284, 1, 0, 0
39000, 16176, 1, 0, 0
39500, 16184, 1, 0, 0
40000, 16420, 1, 0, 0
40500, 16332, 1, 0, 0
41000, 15284, 1, 0, 0
41500, 16180, 1, 0, 0
42000, 16084, 1, 0, 0
42500, 15848, 1, 0, 0
43000, 15740, 1, 0, 0
43500, 18760, 1, 0, 0
44000, 14984, 1, 0, 0
44500, 16432, 1, 0, 0
45000, 14736, 1, 0, 0
45500, 16328, 1, 0, 0
46000, 15228, 1, 0, 0
46500, 16704, 1, 0, 0
47000, 16760, 1, 0, 0
47500, 14740, 1, 0, 0
48000, 14364, 1, 0, 0
48500, 16932, 1, 0, 0
49000, 14896, 1, 0, 0
49500, 14208, 1, 0, 0
50000, 14172, 1, 0, 0
50500, 15080, 1, 0, 0
51000, 14176, 1, 0, 0
51500, 14548, 1, 0, 0
52000, 14032, 1, 0, 0
52500, 14948, 1, 0, 0
53000, 14512, 1, 0, 0
53500, 14460, 1, 0, 0
54000, 14104, 1, 0, 0
54500, 14620, 1, 0, 0
55000, 14384, 1, 0, 0
55500, 13448, 1, 0, 0
56000, 13232, 1, 0, 0
56500, 13404, 1, 0, 0
57000, 14240, 1, 0, 0
57500, 14160, 1, 0, 0
58000, 13820, 1, 0, 0
58500, 14104, 1, 0, 0
59000, 13448, 1, 0, 0
59500, 12696, 1, 0, 0
60000, 11622, 1, 0, 0
