500, 862, 1, 0, 0
1000, 864, 1, 0, 0
1500, 861, 1, 0, 0
2000, 862, 1, 0, 0
2500, 862, 1, 0, 0
3000, 863, 1, 0, 0
3500, 860, 1, 0, 0
4000, 862, 1, 0, 0
4500, 860, 1, 0, 0
5000, 863, 1, 0, 0
5500, 863, 1, 0, 0
6000, 876, 1, 0, 0
6502, 867, 1, 0, 0
7000, 870, 1, 0, 0
7500, 871, 1, 0, 0
8002, 874, 1, 0, 0
8501, 871, 1, 0, 0
9000, 868, 1, 0, 0
9500, 871, 1, 0, 0
10000, 868, 1, 0, 0
10500, 870, 1, 0, 0
11006, 870, 1, 0, 0
11500, 867, 1, 0, 0
12000, 869, 1, 0, 0
12505, 868, 1, 0, 0
13000, 869, 1, 0, 0
13500, 870, 1, 0, 0
14004, 867, 1, 0, 0
14500, 870, 1, 0, 0
15000, 871, 1, 0, 0
15507, 868, 1, 0, 0
16000, 869, 1, 0, 0
16500, 880, 1, 0, 0
17004, 869, 1, 0, 0
17502, 869, 1, 0, 0
18008, 871, 1, 0, 0
18502, 867, 1, 0, 0
19000, 872, 1, 0, 0
19509, 870, 1, 0, 0
20000, 872, 1, 0, 0
20500, 873, 1, 0, 0
21006, 875, 1, 0, 0
21500, 872, 1, 0, 0
22003, 869, 1, 0, 0
22508, 872, 1, 0, 0
23004, 871, 1, 0, 0
23500, 874, 1, 0, 0
24000, 870, 1, 0, 0
24510, 874, 1, 0, 0
25000, 876, 1, 0, 0
25500, 874, 1, 0, 0
26000, 875, 1, 0, 0
26503, 874, 1, 0, 0
27000, 875, 1, 0, 0
27502, 877, 1, 0, 0
28002, 875, 1, 0, 0
28500, 873, 1, 0, 0
29011, 875, 1, 0, 0
29510, 873, 1, 0, 0
30004, 875, 1, 0, 0
30504, 873, 1, 0, 0
31003, 874, 1, 0, 0
31507, 872, 1, 0, 0
32000, 873, 1, 0, 0
32509, 872, 1, 0, 0
33002, 875, 1, 0, 0
33504, 876, 1, 0, 0
34008, 879, 1, 0, 0
34507, 875, 1, 0, 0
35003, 875, 1, 0, 0
35504, 873, 1, 0, 0
36000, 874, 1, 0, 0
36500, 874, 1, 0, 0
37003, 875, 1, 0, 0
37500, 872, 1, 0, 0
38013, 875, 1, 0, 0
38510, 874, 1, 0, 0
39002, 877, 1, 0, 0
39500, 877, 1, 0, 0
40000, 876, 1, 0, 0
40500, 874, 1, 0, 0
41007, 876, 1, 0, 0
41508, 877, 1, 0, 0
42000, 878, 1, 0, 0
42500, 879, 1, 0, 0
43002, 878, 1, 0, 0
43500, 873, 1, 0, 0
44001, 878, 1, 0, 0
44500, 875, 1, 0, 0
45004, 879, 1, 0, 0
45506, 875, 1, 0, 0
46005, 879, 1, 0, 0
46513, 881, 1, 0, 0
47003, 878, 1, 0, 0
47500, 879, 1, 0, 0
48002, 880, 1, 0, 0
48513, 875, 1, 0, 0
49000, 876, 1, 0, 0
49513, 877, 1, 0, 0
50000, 876, 1, 0, 0
50503, 876, 1, 0, 0
51004, 881, 1, 0, 0
51508, 875, 1, 0, 0
52010, 876, 1, 0, 0
52500, 873, 1, 0, 0
53009, 879, 1, 0, 0
53502, 882, 1, 0, 0
54003, 877, 1, 0, 0
54500, 877, 1, 0, 0
55010, 878, 1, 0, 0
55502, 878, 1, 0, 0
56007, 879, 1, 0, 0
56500, 879, 1, 0, 0
57012, 876, 1, 0, 0
57510, 874, 1, 0, 0
58008, 880, 1, 0, 0
58506, 874, 1, 0, 0
59004, 876, 1, 0, 0
59512, 877, 1, 0, 0
60000, 877, 1, 0, 0
