500, 232274, 1, 0, 0
1000, 233968, 1, 0, 0
1500, 234869, 1, 0, 0
2000, 233416, 1, 0, 0
2500, 232417, 1, 0, 0
3000, 231730, 1, 0, 0
3500, 232770, 1, 0, 0
4000, 233642, 1, 0, 0
4500, 232697, 1, 0, 0
5000, 233958, 1, 0, 0
5500, 233555, 1, 0, 0
6000, 384615, 1, 0, 0
6502, 681010, 1, 0, 0
7000, 720720, 1, 0, 0
7500, 746484, 1, 0, 0
8002, 799126, 1, 0, 0
8501, 714888, 1, 0, 0
9000, 723271, 1, 0, 0
9500, 783872, 1, 0, 0
10000, 744513, 1, 0, 0
10500, 788153, 1, 0, 0
11006, 844764, 1, 0, 0
11500, 940403, 1, 0, 0
12000, 860329, 1, 0, 0
12505, 873544, 1, 0, 0
13000, 860495, 1, 0, 0
13500, 1002355, 1, 0, 0
14004, 885570, 1, 0, 0
14500, 985223, 1, 0, 0
15000, 1078970, 1, 0, 0
15507, 975855, 1, 0, 0
16000, 1039405, 1, 0, 0
16500, 1282245, 1, 0, 0
17004, 1095107, 1, 0, 0
17502, 1063700, 1, 0, 0
18008, 1169511, 1, 0, 0
18502, 1159828, 1, 0, 0
19000, 1206197, 1, 0, 0
19509, 1091519, 1, 0, 0
20000, 1263049, 1, 0, 0
20500, 1191750, 1, 0, 0
21006, 1275354, 1, 0, 0
21500, 1375264, 1, 0, 0
22003, 1230000, 1, 0, 0
22508, 1314041, 1, 0, 0
23004, 1365749, 1, 0, 0
23500, 1411393, 1, 0, 0
24000, 1348426, 1, 0, 0
24510, 1426420, 1, 0, 0
25000, 1394687, 1, 0, 0
25500, 1448747, 1, 0, 0
26000, 1374698, 1, 0, 0
26503, 1513473, 1, 0, 0
27000, 1570483, 1, 0, 0
27502, 1532499, 1, 0, 0
28002, 1517777, 1, 0, 0
28500, 1540771, 1, 0, 0
29011, 1573729, 1, 0, 0
29510, 1593707, 1, 0, 0
30004, 1597765, 1, 0, 0
30504, 1616706, 1, 0, 0
31003, 1652606, 1, 0, 0
31507, 1696046, 1, 0, 0
32000, 1661543, 1, 0, 0
32509, 1645463, 1, 0, 0
33002, 1754046, 1, 0, 0
33504, 1772374, 1, 0, 0
34008, 1761337, 1, 0, 0
34507, 1759044, 1, 0, 0
35003, 1776185, 1, 0, 0
35504, 1703828, 1, 0, 0
36000, 1843677, 1, 0, 0
36500, 1665641, 1, 0, 0
37003, 1752947, 1, 0, 0
37500, 1926212, 1, 0, 0
38013, 1869685, 1, 0, 0
38510, 1845862, 1, 0, 0
39002, 1946434, 1, 0, 0
39500, 2016790, 1, 0, 0
40000, 1903419, 1, 0, 0
40500, 2008777, 1, 0, 0
41007, 2070154, 1, 0, 0
41508, 1979901, 1, 0, 0
42000, 2006436, 1, 0, 0
42500, 2020816, 1, 0, 0
43002, 1996363, 1, 0, 0
43500, 1737424, 1, 0, 0
44001, 2083615, 1, 0, 0
44500, 1996927, 1, 0, 0
45004, 2135275, 1, 0, 0
45506, 1957110, 1, 0, 0
46005, 2100161, 1, 0, 0
46513, 1941249, 1, 0, 0
47003, 1875473, 1, 0, 0
47500, 2215418, 1, 0, 0
48002, 2183945, 1, 0, 0
48512, 1923044, 1, 0, 0
49000, 2164052, 1, 0, 0
49513, 2233990, 1, 0, 0
50000, 2283717, 1, 0, 0
50503, 2065791, 1, 0, 0
51004, 2258105, 1, 0, 0
51508, 2217804, 1, 0, 0
52010, 2282730, 1, 0, 0
52500, 2176169, 1, 0, 0
53009, 2163528, 1, 0, 0
53502, 2188834, 1, 0, 0
54003, 2277408, 1, 0, 0
54500, 2168510, 1, 0, 0
55010, 2260912, 1, 0, 0
55502, 2343121, 1, 0, 0
56007, 2450960, 1, 0, 0
56500, 2354454, 1, 0, 0
57012, 2295099, 1, 0, 0
57510, 2263368, 1, 0, 0
58008, 2295152, 1, 0, 0
58506, 2269750, 1, 0, 0
59004, 2369216, 1, 0, 0
59512, 2552177, 1, 0, 0
60000, 2685727, 1, 0, 0
60000, 15027047, 1, 0, 0
