500, 231412, 1, 0, 0
1000, 233104, 1, 0, 0
1500, 234008, 1, 0, 0
2000, 232554, 1, 0, 0
2500, 231555, 1, 0, 0
3000, 230867, 1, 0, 0
3500, 231911, 1, 0, 0
4000, 232780, 1, 0, 0
4500, 231837, 1, 0, 0
5000, 233096, 1, 0, 0
5500, 232692, 1, 0, 0
6000, 383739, 1, 0, 0
6502, 680143, 1, 0, 0
7000, 719850, 1, 0, 0
7500, 745612, 1, 0, 0
8002, 798253, 1, 0, 0
8501, 714017, 1, 0, 0
9000, 722402, 1, 0, 0
9500, 783000, 1, 0, 0
10000, 743645, 1, 0, 0
10500, 787283, 1, 0, 0
11006, 843893, 1, 0, 0
11500, 939536, 1, 0, 0
12000, 859493, 1, 0, 0
12505, 872640, 1, 0, 0
13000, 859625, 1, 0, 0
13500, 1001485, 1, 0, 0
14004, 884703, 1, 0, 0
14500, 984353, 1, 0, 0
15000, 1078099, 1, 0, 0
15507, 974987, 1, 0, 0
16000, 1038535, 1, 0, 0
16500, 1281365, 1, 0, 0
17004, 1094238, 1, 0, 0
17502, 1062831, 1, 0, 0
18008, 1168640, 1, 0, 0
18502, 1158961, 1, 0, 0
19000, 1205325, 1, 0, 0
19509, 1090649, 1, 0, 0
20000, 1262177, 1, 0, 0
20500, 1190877, 1, 0, 0
21006, 1274479, 1, 0, 0
21500, 1374392, 1, 0, 0
22003, 1229131, 1, 0, 0
22508, 1313168, 1, 0, 0
23004, 1364879, 1, 0, 0
23500, 1410519, 1, 0, 0
24000, 1347556, 1, 0, 0
24510, 1425546, 1, 0, 0
25000, 1393811, 1, 0, 0
25500, 1447873, 1, 0, 0
26000, 1373823, 1, 0, 0
26503, 1512599, 1, 0, 0
27000, 1569608, 1, 0, 0
27502, 1531622, 1, 0, 0
28002, 1516903, 1, 0, 0
28500, 1539898, 1, 0, 0
29011, 1572854, 1, 0, 0
29510, 1592834, 1, 0, 0
30004, 1596890, 1, 0, 0
30504, 1615833, 1, 0, 0
31003, 1651732, 1, 0, 0
31507, 1695175, 1, 0, 0
32000, 1660669, 1, 0, 0
32509, 1644591, 1, 0, 0
33002, 1753171, 1, 0, 0
33504, 1771498, 1, 0, 0
34008, 1760458, 1, 0, 0
34507, 1758170, 1, 0, 0
35003, 1775310, 1, 0, 0
35504, 1702955, 1, 0, 0
36000, 1842803, 1, 0, 0
36500, 1664767, 1, 0, 0
37003, 1752072, 1, 0, 0
37500, 1925341, 1, 0, 0
38013, 1868810, 1, 0, 0
38510, 1844988, 1, 0, 0
39002, 1945558, 1, 0, 0
39500, 2015913, 1, 0, 0
40000, 1902543, 1, 0, 0
40500, 2007903, 1, 0, 0
41007, 2069278, 1, 0, 0
41508, 1979023, 1, 0, 0
42000, 2005557, 1, 0, 0
42500, 2019937, 1, 0, 0
43002, 1995485, 1, 0, 0
43500, 1736551, 1, 0, 0
44001, 2082737, 1, 0, 0
44500, 1996052, 1, 0, 0
45004, 2134397, 1, 0, 0
45506, 1956234, 1, 0, 0
46005, 2099282, 1, 0, 0
46513, 1940368, 1, 0, 0
47003, 1874595, 1, 0, 0
47500, 2214539, 1, 0, 0
48002, 2183065, 1, 0, 0
48512, 1922169, 1, 0, 0
49000, 2163176, 1, 0, 0
49513, 2233113, 1, 0, 0
50000, 2282841, 1, 0, 0
50503, 2064915, 1, 0, 0
51004, 2257225, 1, 0, 0
51508, 2216929, 1, 0, 0
52010, 2281855, 1, 0, 0
52500, 2175296, 1, 0, 0
53009, 2162649, 1, 0, 0
53502, 2187952, 1, 0, 0
54003, 2276531, 1, 0, 0
54500, 2167633, 1, 0, 0
55010, 2260033, 1, 0, 0
55502, 2342243, 1, 0, 0
56007, 2450081, 1, 0, 0
56500, 2353574, 1, 0, 0
57012, 2294223, 1, 0, 0
57510, 2262493, 1, 0, 0
58008, 2294272, 1, 0, 0
58506, 2268876, 1, 0, 0
59004, 2368339, 1, 0, 0
59512, 2551299, 1, 0, 0
60000, 2684850, 1, 0, 0
60000, 15026161, 1, 0, 0
