500, 550928, 1, 0, 0
1000, 546608, 1, 0, 0
1500, 544512, 1, 0, 0
2000, 547968, 1, 0, 0
2500, 550352, 1, 0, 0
3000, 551880, 1, 0, 0
3500, 549336, 1, 0, 0
4000, 547440, 1, 0, 0
4500, 549680, 1, 0, 0
5000, 546560, 1, 0, 0
5500, 547712, 1, 0, 0
6000, 332640, 1, 0, 0
6500, 186304, 1, 0, 0
7000, 179192, 1, 0, 0
7500, 169192, 1, 0, 0
8000, 160705, 1, 0, 0
8500, 178688, 1, 0, 0
9000, 178112, 1, 0, 0
9500, 163264, 1, 0, 0
10000, 171696, 1, 0, 0
10500, 162192, 1, 0, 0
11000, 151376, 1, 0, 0
11500, 136640, 1, 0, 0
12000, 148896, 1, 0, 0
12500, 145696, 1, 0, 0
13000, 149344, 1, 0, 0
13500, 127712, 1, 0, 0
14000, 142960, 1, 0, 0
14500, 131456, 1, 0, 0
15000, 116592, 1, 0, 0
15500, 132512, 1, 0, 0
16000, 123616, 1, 0, 0
16500, 98504, 1, 0, 0
17000, 117288, 1, 0, 0
17500, 119920, 1, 0, 0
18000, 110384, 1, 0, 0
18500, 109232, 1, 0, 0
19000, 107904, 1, 0, 0
19500, 116656, 1, 0, 0
20000, 101472, 1, 0, 0
20500, 108016, 1, 0, 0
21000, 99296, 1, 0, 0
21500, 94576, 1, 0, 0
22000, 101803, 1, 0, 0
22500, 98192, 1, 0, 0
23000, 93120, 1, 0, 0
23500, 91856, 1, 0, 0
24000, 92832, 1, 0, 0
24500, 91552, 1, 0, 0
25000, 91888, 1, 0, 0
25500, 86368, 1, 0, 0
26000, 94944, 1, 0, 0
26500, 83280, 1, 0, 0
27000, 82896, 1, 0, 0
27500, 81968, 1, 0, 0
28000, 84096, 1, 0, 0
28500, 85008, 1, 0, 0
29000, 80832, 1, 0, 0
29500, 80160, 1, 0, 0
30000, 79520, 1, 0, 0
30500, 78976, 1, 0, 0
31000, 77392, 1, 0, 0
31500, 75952, 1, 0, 0
32000, 78096, 1, 0, 0
32500, 76816, 1, 0, 0
33000, 72000, 1, 0, 0
33500, 72416, 1, 0, 0
34000, 73488, 1, 0, 0
34500, 72336, 1, 0, 0
35000, 71648, 1, 0, 0
35500, 75552, 1, 0, 0
36000, 70272, 1, 0, 0
36500, 75536, 1, 0, 0
37000, 72976, 1, 0, 0
37500, 66016, 1, 0, 0
38000, 70048, 1, 0, 0
38500, 69136, 1, 0, 0
39000, 64704, 1, 0, 0
39500, 64737, 1, 0, 0
40000, 65680, 1, 0, 0
40500, 65328, 1, 0, 0
41000, 61136, 1, 0, 0
41500, 64720, 1, 0, 0
42000, 64336, 1, 0, 0
42500, 63392, 1, 0, 0
43000, 62960, 1, 0, 0
43500, 75040, 1, 0, 0
44000, 59936, 1, 0, 0
44500, 65728, 1, 0, 0
45000, 58944, 1, 0, 0
45500, 65312, 1, 0, 0
46000, 60912, 1, 0, 0
46500, 66816, 1, 0, 0
47000, 67040, 1, 0, 0
47500, 58960, 1, 0, 0
48000, 57456, 1, 0, 0
48500, 67728, 1, 0, 0
49000, 59584, 1, 0, 0
49500, 56832, 1, 0, 0
50000, 56688, 1, 0, 0
50500, 60320, 1, 0, 0
51000, 56704, 1, 0, 0
51500, 58192, 1, 0, 0
52000, 56128, 1, 0, 0
52500, 59792, 1, 0, 0
53000, 58048, 1, 0, 0
53500, 57840, 1, 0, 0
54000, 56416, 1, 0, 0
54500, 58480, 1, 0, 0
55000, 57536, 1, 0, 0
55500, 53792, 1, 0, 0
56000, 52928, 1, 0, 0
56500, 53616, 1, 0, 0
57000, 56960, 1, 0, 0
57500, 56640, 1, 0, 0
58000, 55280, 1, 0, 0
58500, 56416, 1, 0, 0
59000, 53792, 1, 0, 0
59500, 50784, 1, 0, 0
60000, 46488, 1, 0, 0
