500, 222262, 1, 0, 0
1000, 222539, 1, 0, 0
1500, 222538, 1, 0, 0
2000, 222540, 1, 0, 0
2500, 222538, 1, 0, 0
3000, 222550, 1, 0, 0
3500, 222532, 1, 0, 0
4000, 222544, 1, 0, 0
4500, 222542, 1, 0, 0
5000, 222541, 1, 0, 0
5500, 222812, 1, 0, 0
6000, 222482, 1, 0, 0
6500, 222495, 1, 0, 0
7000, 222496, 1, 0, 0
7500, 222501, 1, 0, 0
8000, 222494, 1, 0, 0
8500, 222486, 1, 0, 0
9000, 222491, 1, 0, 0
9500, 222491, 1, 0, 0
10000, 222492, 1, 0, 0
10500, 223150, 1, 0, 0
11000, 222462, 1, 0, 0
11500, 222476, 1, 0, 0
12000, 222484, 1, 0, 0
12500, 222472, 1, 0, 0
13000, 222473, 1, 0, 0
13500, 222478, 1, 0, 0
14000, 222473, 1, 0, 0
14500, 222471, 1, 0, 0
15000, 222469, 1, 0, 0
15500, 223288, 1, 0, 0
16000, 222434, 1, 0, 0
16500, 222443, 1, 0, 0
17000, 222444, 1, 0, 0
17500, 222444, 1, 0, 0
18000, 222445, 1, 0, 0
18500, 222442, 1, 0, 0
19000, 222445, 1, 0, 0
19500, 222443, 1, 0, 0
20000, 222445, 1, 0, 0
20500, 222444, 1, 0, 0
21000, 223242, 1, 0, 0
21500, 222486, 1, 0, 0
22000, 222491, 1, 0, 0
22500, 222485, 1, 0, 0
23000, 222489, 1, 0, 0
23500, 222484, 1, 0, 0
24000, 222481, 1, 0, 0
24500, 222479, 1, 0, 0
25000, 222489, 1, 0, 0
25500, 222490, 1, 0, 0
26000, 223155, 1, 0, 0
26500, 222501, 1, 0, 0
27000, 222506, 1, 0, 0
27500, 222504, 1, 0, 0
28000, 222513, 1, 0, 0
28500, 222506, 1, 0, 0
29000, 222509, 1, 0, 0
29500, 222502, 1, 0, 0
30000, 222510, 1, 0, 0
30500, 222506, 1, 0, 0
31000, 223251, 1, 0, 0
31500, 222418, 1, 0, 0
32000, 222432, 1, 0, 0
32500, 222428, 1, 0, 0
33000, 222428, 1, 0, 0
33500, 222423, 1, 0, 0
34000, 222434, 1, 0, 0
34500, 222431, 1, 0, 0
35000, 222433, 1, 0, 0
35500, 222433, 1, 0, 0
36000, 222438, 1, 0, 0
36500, 223345, 1, 0, 0
37000, 222491, 1, 0, 0
37500, 222477, 1, 0, 0
38000, 222477, 1, 0, 0
38500, 222484, 1, 0, 0
39000, 222477, 1, 0, 0
39500, 222482, 1, 0, 0
40000, 222491, 1, 0, 0
40500, 222491, 1, 0, 0
41000, 222485, 1, 0, 0
41500, 223147, 1, 0, 0
42000, 222451, 1, 0, 0
42500, 222451, 1, 0, 0
43000, 222451, 1, 0, 0
43500, 222453, 1, 0, 0
44000, 222455, 1, 0, 0
44500, 222455, 1, 0, 0
45000, 222465, 1, 0, 0
45500, 222454, 1, 0, 0
46000, 222458, 1, 0, 0
46500, 223345, 1, 0, 0
47000, 222472, 1, 0, 0
47500, 222477, 1, 0, 0
48000, 222484, 1, 0, 0
48500, 222479, 1, 0, 0
49000, 222478, 1, 0, 0
49500, 222474, 1, 0, 0
50000, 222481, 1, 0, 0
50500, 222480, 1, 0, 0
51000, 222481, 1, 0, 0
51500, 223256, 1, 0, 0
52000, 222474, 1, 0, 0
52500, 222469, 1, 0, 0
53000, 222474, 1, 0, 0
53500, 222476, 1, 0, 0
54000, 222475, 1, 0, 0
54500, 222471, 1, 0, 0
55000, 222466, 1, 0, 0
55500, 222469, 1, 0, 0
56000, 222465, 1, 0, 0
56500, 222466, 1, 0, 0
57000, 223353, 1, 0, 0
57500, 222476, 1, 0, 0
58000, 222478, 1, 0, 0
58500, 222475, 1, 0, 0
59000, 222480, 1, 0, 0
59500, 222483, 1, 0, 0
60000, 222485, 1, 0, 0
60000, 339102, 1, 0, 0
