500, 2288096, 1, 0, 0
1000, 2286976, 1, 0, 0
1500, 2286592, 1, 0, 0
2000, 2286976, 1, 0, 0
2500, 2286880, 1, 0, 0
3000, 2286944, 1, 0, 0
3500, 2286592, 1, 0, 0
4000, 2286944, 1, 0, 0
4500, 2286880, 1, 0, 0
5000, 2286944, 1, 0, 0
5500, 2110752, 1, 0, 0
6000, 121856, 1, 0, 0
6500, 126976, 1, 0, 0
7000, 139008, 1, 0, 0
7500, 141824, 1, 0, 0
8000, 157242, 1, 0, 0
8500, 160000, 1, 0, 0
9000, 176640, 1, 0, 0
9500, 179456, 1, 0, 0
10000, 205568, 1, 0, 0
10500, 204544, 1, 0, 0
11000, 223744, 1, 0, 0
11500, 227328, 1, 0, 0
12000, 247808, 1, 0, 0
12500, 247168, 1, 0, 0
13000, 206464, 1, 0, 0
13500, 210688, 1, 0, 0
14000, 207616, 1, 0, 0
14500, 222720, 1, 0, 0
15000, 219136, 1, 0, 0
15500, 236032, 1, 0, 0
16000, 239904, 1, 0, 0
16500, 232672, 1, 0, 0
17000, 244736, 1, 0, 0
17500, 239872, 1, 0, 0
18000, 251392, 1, 0, 0
18500, 248576, 1, 0, 0
19000, 243712, 1, 0, 0
19500, 256512, 1, 0, 0
20000, 260864, 1, 0, 0
20500, 254720, 1, 0, 0
21000, 271903, 1, 0, 0
21500, 270592, 1, 0, 0
22000, 264768, 1, 0, 0
22500, 279744, 1, 0, 0
23000, 286976, 1, 0, 0
23500, 290048, 1, 0, 0
24000, 282112, 1, 0, 0
24500, 300800, 1, 0, 0
25000, 304640, 1, 0, 0
25500, 310784, 1, 0, 0
26000, 311616, 1, 0, 0
26500, 321984, 1, 0, 0
27000, 331264, 1, 0, 0
27500, 340224, 1, 0, 0
28000, 341504, 1, 0, 0
28500, 353792, 1, 0, 0
29000, 364032, 1, 0, 0
29500, 376032, 1, 0, 0
30000, 383552, 1, 0, 0
30500, 396864, 1, 0, 0
31000, 411872, 1, 0, 0
31500, 423360, 1, 0, 0
32000, 446720, 1, 0, 0
32500, 466432, 1, 0, 0
33000, 488144, 1, 0, 0
33500, 509696, 1, 0, 0
34000, 539648, 1, 0, 0
34500, 586144, 1, 0, 0
35000, 611680, 1, 0, 0
35500, 690432, 1, 0, 0
36000, 756096, 1, 0, 0
36500, 881632, 1, 0, 0
37000, 1054112, 1, 0, 0
37500, 1577696, 1, 0, 0
38000, 1400608, 1, 0, 0
38500, 124416, 1, 0, 0
39000, 135424, 1, 0, 0
39500, 137216, 1, 0, 0
40000, 151552, 1, 0, 0
40500, 154368, 1, 0, 0
41000, 170496, 1, 0, 0
41500, 174080, 1, 0, 0
42000, 192256, 1, 0, 0
42500, 196096, 1, 0, 0
43000, 216576, 1, 0, 0
43500, 220928, 1, 0, 0
44000, 242176, 1, 0, 0
44500, 254204, 1, 0, 0
45000, 236032, 1, 0, 0
45500, 207872, 1, 0, 0
46000, 203392, 1, 0, 0
46500, 216192, 1, 0, 0
47000, 224256, 1, 0, 0
47500, 220416, 1, 0, 0
48000, 236544, 1, 0, 0
48500, 230912, 1, 0, 0
49000, 243200, 1, 0, 0
49500, 246528, 1, 0, 0
50000, 239104, 1, 0, 0
50500, 251392, 1, 0, 0
51000, 254464, 1, 0, 0
51500, 246016, 1, 0, 0
52000, 253952, 1, 0, 0
52500, 256768, 1, 0, 0
53000, 251648, 1, 0, 0
53500, 266496, 1, 0, 0
54000, 272128, 1, 0, 0
54500, 266496, 1, 0, 0
55000, 286720, 1, 0, 0
55500, 285696, 1, 0, 0
56000, 293824, 1, 0, 0
56500, 290624, 1, 0, 0
57000, 298837, 1, 0, 0
57500, 306688, 1, 0, 0
58000, 313088, 1, 0, 0
58500, 307712, 1, 0, 0
59000, 329472, 1, 0, 0
59500, 332800, 1, 0, 0
60000, 338688, 1, 0, 0
