500, 223558, 1, 0, 0
1000, 223681, 1, 0, 0
1500, 223680, 1, 0, 0
2000, 223678, 1, 0, 0
2500, 223676, 1, 0, 0
3000, 223675, 1, 0, 0
3500, 223676, 1, 0, 0
4000, 223677, 1, 0, 0
4500, 223676, 1, 0, 0
5000, 223666, 1, 0, 0
5517, 242006, 1, 0, 0
6007, 4122108, 1, 0, 0
6501, 3980891, 1, 0, 0
7013, 3769910, 1, 0, 0
7504, 3545119, 1, 0, 0
8013, 3331229, 1, 0, 0
8504, 3132358, 1, 0, 0
9016, 2970945, 1, 0, 0
9507, 2801799, 1, 0, 0
10000, 2545196, 1, 0, 0
10507, 2450552, 1, 0, 0
11000, 2326210, 1, 0, 0
11505, 2201524, 1, 0, 0
12012, 2096469, 1, 0, 0
12500, 2101397, 1, 0, 0
13007, 2415236, 1, 0, 0
13516, 2474351, 1, 0, 0
14005, 2410229, 1, 0, 0
14513, 2339162, 1, 0, 0
15001, 2281301, 1, 0, 0
15509, 2198209, 1, 0, 0
16000, 2185774, 1, 0, 0
16507, 2142242, 1, 0, 0
17014, 2120990, 1, 0, 0
17502, 2083122, 1, 0, 0
18008, 2060405, 1, 0, 0
18515, 2085223, 1, 0, 0
19000, 2043264, 1, 0, 0
19507, 2024034, 1, 0, 0
20013, 1985508, 1, 0, 0
20501, 1959578, 1, 0, 0
21006, 1907677, 1, 0, 0
21512, 1914294, 1, 0, 0
22000, 1949541, 1, 0, 0
22505, 1789148, 1, 0, 0
23009, 1799470, 1, 0, 0
23514, 1781606, 1, 0, 0
24001, 1766119, 1, 0, 0
24505, 1717080, 1, 0, 0
25009, 1694969, 1, 0, 0
25513, 1659547, 1, 0, 0
26000, 1661021, 1, 0, 0
26502, 1538293, 1, 0, 0
27006, 1556851, 1, 0, 0
27508, 1513294, 1, 0, 0
28011, 1508207, 1, 0, 0
28514, 1454499, 1, 0, 0
29014, 1408102, 1, 0, 0
29500, 1369964, 1, 0, 0
30000, 1338963, 1, 0, 0
30500, 1290318, 1, 0, 0
31000, 1244081, 1, 0, 0
31500, 1209429, 1, 0, 0
32000, 1146904, 1, 0, 0
32500, 1091300, 1, 0, 0
33011, 1042828, 1, 0, 0
33507, 996265, 1, 0, 0
34001, 937559, 1, 0, 0
34500, 893600, 1, 0, 0
35004, 823383, 1, 0, 0
35511, 752523, 1, 0, 0
36000, 678875, 1, 0, 0
36500, 580175, 1, 0, 0
37000, 485934, 1, 0, 0
37500, 324326, 1, 0, 0
38008, 358864, 1, 0, 0
38500, 4046669, 1, 0, 0
39013, 3877853, 1, 0, 0
39504, 3667317, 1, 0, 0
40015, 3449271, 1, 0, 0
40507, 3263175, 1, 0, 0
41000, 3060445, 1, 0, 0
41507, 2888062, 1, 0, 0
42000, 2709482, 1, 0, 0
42505, 2553789, 1, 0, 0
43014, 2406475, 1, 0, 0
43502, 2258284, 1, 0, 0
44008, 2143160, 1, 0, 0
44513, 2039909, 1, 0, 0
45001, 2115742, 1, 0, 0
45510, 2502829, 1, 0, 0
46000, 2489948, 1, 0, 0
46508, 2386931, 1, 0, 0
47015, 2314594, 1, 0, 0
47503, 2266033, 1, 0, 0
48011, 2200932, 1, 0, 0
48501, 2171641, 1, 0, 0
49007, 2133423, 1, 0, 0
49514, 2103797, 1, 0, 0
50000, 2082817, 1, 0, 0
50507, 2065316, 1, 0, 0
51014, 2037944, 1, 0, 0
51502, 2033390, 1, 0, 0
52009, 2043437, 1, 0, 0
52515, 2018178, 1, 0, 0
53002, 1982034, 1, 0, 0
53509, 1947923, 1, 0, 0
54015, 1903804, 1, 0, 0
54502, 1866661, 1, 0, 0
55008, 1808074, 1, 0, 0
55511, 1807155, 1, 0, 0
56000, 1780693, 1, 0, 0
56503, 1693829, 1, 0, 0
57008, 1732024, 1, 0, 0
57512, 1684150, 1, 0, 0
58015, 1645591, 1, 0, 0
58501, 1616073, 1, 0, 0
59005, 1567966, 1, 0, 0
59509, 1550011, 1, 0, 0
60009, 1513634, 1, 0, 0
60010, 16461231, 1, 0, 0
