500, 1213, 1, 0, 0
1000, 1213, 1, 0, 0
1500, 1215, 1, 0, 0
2000, 1215, 1, 0, 0
2500, 1210, 1, 0, 0
3000, 1206, 1, 0, 0
3500, 1214, 1, 0, 0
4000, 1217, 1, 0, 0
4500, 1214, 1, 0, 0
5000, 1216, 1, 0, 0
5517, 1205, 1, 0, 0
6007, 1232, 1, 0, 0
6501, 1226, 1, 0, 0
7013, 1237, 1, 0, 0
7504, 1232, 1, 0, 0
8013, 1229, 1, 0, 0
8504, 1231, 1, 0, 0
9016, 1232, 1, 0, 0
9507, 1232, 1, 0, 0
10000, 1228, 1, 0, 0
10507, 1223, 1, 0, 0
11000, 1231, 1, 0, 0
11505, 1219, 1, 0, 0
12012, 1226, 1, 0, 0
12500, 1225, 1, 0, 0
13007, 1222, 1, 0, 0
13516, 1219, 1, 0, 0
14005, 1230, 1, 0, 0
14513, 1227, 1, 0, 0
15001, 1223, 1, 0, 0
15509, 1223, 1, 0, 0
16000, 1219, 1, 0, 0
16507, 1224, 1, 0, 0
17014, 1224, 1, 0, 0
17502, 1238, 1, 0, 0
18008, 1224, 1, 0, 0
18515, 1229, 1, 0, 0
19000, 1235, 1, 0, 0
19507, 1223, 1, 0, 0
20013, 1217, 1, 0, 0
20501, 1220, 1, 0, 0
21006, 1221, 1, 0, 0
21512, 1226, 1, 0, 0
22000, 1223, 1, 0, 0
22505, 1299, 1, 0, 0
23009, 1230, 1, 0, 0
23514, 1226, 1, 0, 0
24001, 1232, 1, 0, 0
24505, 1238, 1, 0, 0
25009, 1230, 1, 0, 0
25513, 1234, 1, 0, 0
26000, 1227, 1, 0, 0
26502, 1233, 1, 0, 0
27006, 1227, 1, 0, 0
27508, 1238, 1, 0, 0
28011, 1234, 1, 0, 0
28514, 1226, 1, 0, 0
29014, 1226, 1, 0, 0
29500, 1224, 1, 0, 0
30000, 1224, 1, 0, 0
30500, 1223, 1, 0, 0
31000, 1229, 1, 0, 0
31500, 1225, 1, 0, 0
32000, 1229, 1, 0, 0
32500, 1229, 1, 0, 0
33011, 1238, 1, 0, 0
33507, 1235, 1, 0, 0
34001, 1230, 1, 0, 0
34500, 1235, 1, 0, 0
35004, 1230, 1, 0, 0
35511, 1234, 1, 0, 0
36000, 1240, 1, 0, 0
36500, 1235, 1, 0, 0
37000, 1237, 1, 0, 0
37500, 1230, 1, 0, 0
38008, 1228, 1, 0, 0
38500, 1238, 1, 0, 0
39013, 1235, 1, 0, 0
39504, 1224, 1, 0, 0
40015, 1233, 1, 0, 0
40507, 1230, 1, 0, 0
41000, 1225, 1, 0, 0
41507, 1225, 1, 0, 0
42000, 1229, 1, 0, 0
42505, 1225, 1, 0, 0
43014, 1225, 1, 0, 0
43502, 1226, 1, 0, 0
44008, 1217, 1, 0, 0
44513, 1223, 1, 0, 0
45001, 1224, 1, 0, 0
45510, 1226, 1, 0, 0
46000, 1225, 1, 0, 0
46508, 1240, 1, 0, 0
47015, 1280, 1, 0, 0
47503, 1230, 1, 0, 0
48011, 1229, 1, 0, 0
48501, 1215, 1, 0, 0
49007, 1221, 1, 0, 0
49514, 1223, 1, 0, 0
50000, 1229, 1, 0, 0
50507, 1223, 1, 0, 0
51014, 1222, 1, 0, 0
51502, 1219, 1, 0, 0
52009, 1222, 1, 0, 0
52515, 1226, 1, 0, 0
53002, 1225, 1, 0, 0
53509, 1226, 1, 0, 0
54015, 1226, 1, 0, 0
54502, 1223, 1, 0, 0
55008, 1224, 1, 0, 0
55511, 1229, 1, 0, 0
56000, 1225, 1, 0, 0
56503, 1224, 1, 0, 0
57008, 1226, 1, 0, 0
57512, 1224, 1, 0, 0
58015, 1226, 1, 0, 0
58501, 1226, 1, 0, 0
59005, 1236, 1, 0, 0
59509, 1229, 1, 0, 0
60010, 1225, 1, 0, 0
