500, 136998, 1, 0, 0
1000, 136998, 1, 0, 0
1500, 136854, 1, 0, 0
2000, 137180, 1, 0, 0
2500, 137276, 1, 0, 0
3000, 136968, 1, 0, 0
3500, 137348, 1, 0, 0
4000, 137732, 1, 0, 0
4500, 136806, 1, 0, 0
5000, 137072, 1, 0, 0
5500, 137620, 1, 0, 0
6000, 55900, 1, 0, 0
6500, 8288, 1, 0, 0
7000, 9108, 1, 0, 0
7500, 8148, 1, 0, 0
8000, 8616, 1, 0, 0
8500, 8832, 1, 0, 0
9000, 9920, 1, 0, 0
9500, 9508, 1, 0, 0
10000, 10020, 1, 0, 0
10500, 11324, 1, 0, 0
11000, 11883, 1, 0, 0
11500, 9872, 1, 0, 0
12000, 10952, 1, 0, 0
12500, 11540, 1, 0, 0
13000, 10656, 1, 0, 0
13500, 11196, 1, 0, 0
14000, 10896, 1, 0, 0
14500, 12260, 1, 0, 0
15000, 11580, 1, 0, 0
15500, 11028, 1, 0, 0
16000, 10788, 1, 0, 0
16500, 10980, 1, 0, 0
17000, 10742, 1, 0, 0
17500, 11574, 1, 0, 0
18000, 11572, 1, 0, 0
18500, 11344, 1, 0, 0
19000, 12216, 1, 0, 0
19500, 12612, 1, 0, 0
20000, 11944, 1, 0, 0
20500, 11552, 1, 0, 0
21000, 12232, 1, 0, 0
21500, 12116, 1, 0, 0
22000, 12160, 1, 0, 0
22500, 12276, 1, 0, 0
23000, 12688, 1, 0, 0
23500, 11872, 1, 0, 0
24000, 12232, 1, 0, 0
24500, 12828, 1, 0, 0
25000, 12609, 1, 0, 0
25500, 11608, 1, 0, 0
26000, 12028, 1, 0, 0
26500, 12244, 1, 0, 0
27000, 13472, 1, 0, 0
27500, 13236, 1, 0, 0
28000, 11852, 1, 0, 0
28500, 13324, 1, 0, 0
29000, 12960, 1, 0, 0
29500, 13428, 1, 0, 0
30000, 12188, 1, 0, 0
30500, 14016, 1, 0, 0
31000, 14048, 1, 0, 0
31500, 12904, 1, 0, 0
32000, 14956, 1, 0, 0
32500, 15224, 1, 0, 0
33000, 13816, 1, 0, 0
33500, 12644, 1, 0, 0
34000, 13188, 1, 0, 0
34500, 13876, 1, 0, 0
35000, 14514, 1, 0, 0
35500, 12878, 1, 0, 0
36000, 13240, 1, 0, 0
36500, 14264, 1, 0, 0
37000, 14144, 1, 0, 0
37500, 15454, 1, 0, 0
38000, 16150, 1, 0, 0
38500, 16256, 1, 0, 0
39000, 15292, 1, 0, 0
39500, 17294, 1, 0, 0
40000, 16352, 1, 0, 0
40500, 15840, 1, 0, 0
41000, 18216, 1, 0, 0
41500, 17272, 1, 0, 0
42000, 17696, 1, 0, 0
42500, 17812, 1, 0, 0
43000, 18500, 1, 0, 0
43500, 19612, 1, 0, 0
44000, 18876, 1, 0, 0
44500, 20556, 1, 0, 0
45000, 22404, 1, 0, 0
45500, 21872, 1, 0, 0
46000, 22464, 1, 0, 0
46500, 24470, 1, 0, 0
47000, 24598, 1, 0, 0
47500, 27092, 1, 0, 0
48000, 29488, 1, 0, 0
48500, 35040, 1, 0, 0
49000, 42500, 1, 0, 0
49500, 46120, 1, 0, 0
50000, 76438, 1, 0, 0
50500, 91762, 1, 0, 0
51000, 8533, 1, 0, 0
51500, 8156, 1, 0, 0
52000, 8296, 1, 0, 0
52500, 8700, 1, 0, 0
53000, 9744, 1, 0, 0
53500, 9676, 1, 0, 0
54000, 9748, 1, 0, 0
54500, 9720, 1, 0, 0
55000, 9468, 1, 0, 0
55500, 11152, 1, 0, 0
56000, 11532, 1, 0, 0
56500, 11452, 1, 0, 0
57000, 11976, 1, 0, 0
57500, 11728, 1, 0, 0
58000, 11004, 1, 0, 0
58500, 11372, 1, 0, 0
59000, 11604, 1, 0, 0
59500, 11372, 1, 0, 0
60000, 10784, 1, 0, 0
