500, 1243, 1, 0, 0
1000, 1237, 1, 0, 0
1500, 1233, 1, 0, 0
2000, 1234, 1, 0, 0
2500, 1235, 1, 0, 0
3000, 1233, 1, 0, 0
3500, 1240, 1, 0, 0
4000, 1237, 1, 0, 0
4500, 1240, 1, 0, 0
5000, 1243, 1, 0, 0
5500, 1236, 1, 0, 0
6014, 1240, 1, 0, 0
6506, 1246, 1, 0, 0
7000, 1247, 1, 0, 0
7514, 1249, 1, 0, 0
8000, 1247, 1, 0, 0
8502, 1246, 1, 0, 0
9007, 1247, 1, 0, 0
9503, 1243, 1, 0, 0
10005, 1254, 1, 0, 0
10508, 1239, 1, 0, 0
11015, 1244, 1, 0, 0
11502, 1240, 1, 0, 0
12009, 1244, 1, 0, 0
12500, 1248, 1, 0, 0
13000, 1245, 1, 0, 0
13500, 1247, 1, 0, 0
14002, 1243, 1, 0, 0
14514, 1238, 1, 0, 0
15013, 1242, 1, 0, 0
15503, 1230, 1, 0, 0
16009, 1243, 1, 0, 0
16500, 1262, 1, 0, 0
17000, 1237, 1, 0, 0
17504, 1238, 1, 0, 0
18011, 1234, 1, 0, 0
18513, 1249, 1, 0, 0
19005, 1248, 1, 0, 0
19512, 1244, 1, 0, 0
20000, 1236, 1, 0, 0
20500, 1235, 1, 0, 0
21008, 1234, 1, 0, 0
21509, 1241, 1, 0, 0
22012, 1244, 1, 0, 0
22512, 1258, 1, 0, 0
23000, 1244, 1, 0, 0
23500, 1241, 1, 0, 0
24014, 1233, 1, 0, 0
24513, 1242, 1, 0, 0
25008, 1266, 1, 0, 0
25502, 1255, 1, 0, 0
26009, 1248, 1, 0, 0
26500, 1240, 1, 0, 0
27000, 1234, 1, 0, 0
27510, 1255, 1, 0, 0
28000, 1234, 1, 0, 0
28508, 1233, 1, 0, 0
29000, 1235, 1, 0, 0
29506, 1235, 1, 0, 0
30005, 1235, 1, 0, 0
30500, 1239, 1, 0, 0
31006, 1236, 1, 0, 0
31505, 1243, 1, 0, 0
32000, 1248, 1, 0, 0
32510, 1236, 1, 0, 0
33007, 1241, 1, 0, 0
33511, 1238, 1, 0, 0
34002, 1236, 1, 0, 0
34505, 1239, 1, 0, 0
35000, 1258, 1, 0, 0
35510, 1232, 1, 0, 0
36007, 1242, 1, 0, 0
36509, 1244, 1, 0, 0
37009, 1244, 1, 0, 0
37500, 1238, 1, 0, 0
38003, 1232, 1, 0, 0
38503, 1232, 1, 0, 0
39000, 1236, 1, 0, 0
39500, 1233, 1, 0, 0
40003, 1239, 1, 0, 0
40503, 1247, 1, 0, 0
41005, 1239, 1, 0, 0
41503, 1237, 1, 0, 0
42000, 1249, 1, 0, 0
42506, 1230, 1, 0, 0
43008, 1243, 1, 0, 0
43500, 1238, 1, 0, 0
44006, 1238, 1, 0, 0
44502, 1249, 1, 0, 0
45010, 1249, 1, 0, 0
45505, 1256, 1, 0, 0
46008, 1249, 1, 0, 0
46500, 1263, 1, 0, 0
47000, 1251, 1, 0, 0
47500, 1254, 1, 0, 0
48000, 1247, 1, 0, 0
48504, 1251, 1, 0, 0
49004, 1251, 1, 0, 0
49501, 1238, 1, 0, 0
50000, 1240, 1, 0, 0
50506, 1245, 1, 0, 0
51016, 1252, 1, 0, 0
51505, 1250, 1, 0, 0
52004, 1249, 1, 0, 0
52508, 1240, 1, 0, 0
53000, 1234, 1, 0, 0
53504, 1238, 1, 0, 0
54004, 1247, 1, 0, 0
54500, 1243, 1, 0, 0
55008, 1238, 1, 0, 0
55508, 1233, 1, 0, 0
56007, 1235, 1, 0, 0
56503, 1228, 1, 0, 0
57000, 1231, 1, 0, 0
57506, 1263, 1, 0, 0
58004, 1237, 1, 0, 0
58506, 1237, 1, 0, 0
59000, 1242, 1, 0, 0
59513, 1239, 1, 0, 0
60003, 1238, 1, 0, 0
