500, 232117, 1, 0, 0
1000, 232141, 1, 0, 0
1500, 232365, 1, 0, 0
2000, 231821, 1, 0, 0
2500, 231633, 1, 0, 0
3000, 232166, 1, 0, 0
3500, 231519, 1, 0, 0
4000, 230894, 1, 0, 0
4500, 232455, 1, 0, 0
5000, 231960, 1, 0, 0
5500, 231048, 1, 0, 0
6014, 567760, 1, 0, 0
6506, 3788529, 1, 0, 0
7000, 3605539, 1, 0, 0
7514, 3892006, 1, 0, 0
8000, 3771128, 1, 0, 0
8502, 3479992, 1, 0, 0
9007, 3261608, 1, 0, 0
9503, 3347205, 1, 0, 0
10005, 3195133, 1, 0, 0
10508, 2843653, 1, 0, 0
11015, 2725266, 1, 0, 0
11502, 3174809, 1, 0, 0
12009, 2945535, 1, 0, 0
12500, 2726121, 1, 0, 0
13000, 3092047, 1, 0, 0
13500, 2855812, 1, 0, 0
14002, 2856923, 1, 0, 0
14514, 2674581, 1, 0, 0
15013, 2753088, 1, 0, 0
15503, 2854377, 1, 0, 0
16009, 2990304, 1, 0, 0
16500, 2970084, 1, 0, 0
17000, 2886969, 1, 0, 0
17504, 2765511, 1, 0, 0
18011, 2805829, 1, 0, 0
18513, 2834518, 1, 0, 0
19005, 2578175, 1, 0, 0
19512, 2566612, 1, 0, 0
20000, 2718949, 1, 0, 0
20500, 2755218, 1, 0, 0
21008, 2559339, 1, 0, 0
21509, 2658672, 1, 0, 0
22012, 2635406, 1, 0, 0
22512, 2612596, 1, 0, 0
23000, 2546949, 1, 0, 0
23500, 2610894, 1, 0, 0
24014, 2674547, 1, 0, 0
24513, 2492871, 1, 0, 0
25008, 2526377, 1, 0, 0
25502, 2711773, 1, 0, 0
26009, 2693234, 1, 0, 0
26500, 2571578, 1, 0, 0
27000, 2431485, 1, 0, 0
27510, 2398274, 1, 0, 0
28000, 2721335, 1, 0, 0
28508, 2379537, 1, 0, 0
29000, 2490303, 1, 0, 0
29506, 2344594, 1, 0, 0
30005, 2616826, 1, 0, 0
30500, 2325115, 1, 0, 0
31006, 2238228, 1, 0, 0
31505, 2474868, 1, 0, 0
32000, 2174292, 1, 0, 0
32510, 2093411, 1, 0, 0
33007, 2305596, 1, 0, 0
33511, 2538393, 1, 0, 0
34002, 2392619, 1, 0, 0
34505, 2304758, 1, 0, 0
35000, 2253892, 1, 0, 0
35510, 2461562, 1, 0, 0
36007, 2397703, 1, 0, 0
36509, 2247098, 1, 0, 0
37009, 2269059, 1, 0, 0
37500, 2108789, 1, 0, 0
38003, 1913103, 1, 0, 0
38503, 1966578, 1, 0, 0
39000, 2136842, 1, 0, 0
39500, 1807379, 1, 0, 0
40003, 1969986, 1, 0, 0
40503, 2009172, 1, 0, 0
41005, 1774205, 1, 0, 0
41503, 1839487, 1, 0, 0
42000, 1836329, 1, 0, 0
42506, 1772349, 1, 0, 0
43008, 1738856, 1, 0, 0
43500, 1641964, 1, 0, 0
44006, 1674384, 1, 0, 0
44502, 1540848, 1, 0, 0
45010, 1452436, 1, 0, 0
45505, 1446935, 1, 0, 0
46008, 1436621, 1, 0, 0
46500, 1316177, 1, 0, 0
47000, 1300365, 1, 0, 0
47500, 1176900, 1, 0, 0
48000, 1084883, 1, 0, 0
48504, 901229, 1, 0, 0
49004, 754414, 1, 0, 0
49501, 692035, 1, 0, 0
50000, 420332, 1, 0, 0
50506, 339431, 1, 0, 0
51016, 3830946, 1, 0, 0
51505, 3828987, 1, 0, 0
52004, 3902840, 1, 0, 0
52508, 3655290, 1, 0, 0
53000, 3350022, 1, 0, 0
53504, 3216647, 1, 0, 0
54004, 3303918, 1, 0, 0
54500, 3251800, 1, 0, 0
55008, 3436181, 1, 0, 0
55508, 2860786, 1, 0, 0
56007, 2770524, 1, 0, 0
56503, 2763129, 1, 0, 0
57000, 2738336, 1, 0, 0
57506, 2676690, 1, 0, 0
58004, 2906417, 1, 0, 0
58506, 2818461, 1, 0, 0
59000, 2721066, 1, 0, 0
59513, 2891001, 1, 0, 0
60003, 2897133, 1, 0, 0
60003, 16480971, 1, 0, 0
