500, 233360, 1, 0, 0
1000, 233378, 1, 0, 0
1500, 233598, 1, 0, 0
2000, 233055, 1, 0, 0
2500, 232867, 1, 0, 0
3000, 233399, 1, 0, 0
3500, 232758, 1, 0, 0
4000, 232131, 1, 0, 0
4500, 233695, 1, 0, 0
5000, 233203, 1, 0, 0
5500, 232284, 1, 0, 0
6014, 569000, 1, 0, 0
6506, 3789776, 1, 0, 0
7000, 3606785, 1, 0, 0
7514, 3893256, 1, 0, 0
8000, 3772375, 1, 0, 0
8502, 3481237, 1, 0, 0
9007, 3262855, 1, 0, 0
9503, 3348449, 1, 0, 0
10005, 3196387, 1, 0, 0
10508, 2844892, 1, 0, 0
11015, 2726510, 1, 0, 0
11502, 3176049, 1, 0, 0
12009, 2946779, 1, 0, 0
12500, 2727369, 1, 0, 0
13000, 3093293, 1, 0, 0
13500, 2857060, 1, 0, 0
14002, 2858166, 1, 0, 0
14514, 2675820, 1, 0, 0
15013, 2754331, 1, 0, 0
15503, 2855608, 1, 0, 0
16009, 2991547, 1, 0, 0
16500, 2971346, 1, 0, 0
17000, 2888206, 1, 0, 0
17504, 2766749, 1, 0, 0
18011, 2807063, 1, 0, 0
18513, 2835767, 1, 0, 0
19005, 2579423, 1, 0, 0
19512, 2567856, 1, 0, 0
20000, 2720185, 1, 0, 0
20500, 2756453, 1, 0, 0
21008, 2560573, 1, 0, 0
21509, 2659913, 1, 0, 0
22012, 2636650, 1, 0, 0
22512, 2613854, 1, 0, 0
23000, 2548193, 1, 0, 0
23500, 2612135, 1, 0, 0
24014, 2675780, 1, 0, 0
24513, 2494113, 1, 0, 0
25008, 2527643, 1, 0, 0
25502, 2713028, 1, 0, 0
26009, 2694483, 1, 0, 0
26500, 2572819, 1, 0, 0
27000, 2432719, 1, 0, 0
27510, 2399529, 1, 0, 0
28000, 2722569, 1, 0, 0
28508, 2380769, 1, 0, 0
29000, 2491539, 1, 0, 0
29506, 2345830, 1, 0, 0
30005, 2618061, 1, 0, 0
30500, 2326354, 1, 0, 0
31006, 2239464, 1, 0, 0
31505, 2476111, 1, 0, 0
32000, 2175541, 1, 0, 0
32510, 2094647, 1, 0, 0
33007, 2306837, 1, 0, 0
33511, 2539631, 1, 0, 0
34002, 2393855, 1, 0, 0
34505, 2305997, 1, 0, 0
35000, 2255150, 1, 0, 0
35510, 2462794, 1, 0, 0
36007, 2398945, 1, 0, 0
36509, 2248343, 1, 0, 0
37009, 2270303, 1, 0, 0
37500, 2110027, 1, 0, 0
38003, 1914335, 1, 0, 0
38503, 1967810, 1, 0, 0
39000, 2138078, 1, 0, 0
39500, 1808612, 1, 0, 0
40003, 1971226, 1, 0, 0
40503, 2010420, 1, 0, 0
41005, 1775443, 1, 0, 0
41503, 1840725, 1, 0, 0
42000, 1837578, 1, 0, 0
42506, 1773578, 1, 0, 0
43008, 1740099, 1, 0, 0
43500, 1643203, 1, 0, 0
44006, 1675622, 1, 0, 0
44502, 1542097, 1, 0, 0
45010, 1453684, 1, 0, 0
45505, 1448191, 1, 0, 0
46008, 1437869, 1, 0, 0
46500, 1317440, 1, 0, 0
47000, 1301616, 1, 0, 0
47500, 1178154, 1, 0, 0
48000, 1086130, 1, 0, 0
48504, 902480, 1, 0, 0
49004, 755665, 1, 0, 0
49501, 693273, 1, 0, 0
50000, 421572, 1, 0, 0
50506, 340676, 1, 0, 0
51016, 3832198, 1, 0, 0
51505, 3830237, 1, 0, 0
52004, 3904089, 1, 0, 0
52508, 3656530, 1, 0, 0
53000, 3351257, 1, 0, 0
53504, 3217885, 1, 0, 0
54004, 3305165, 1, 0, 0
54500, 3253043, 1, 0, 0
55008, 3437418, 1, 0, 0
55508, 2862019, 1, 0, 0
56007, 2771759, 1, 0, 0
56503, 2764357, 1, 0, 0
57000, 2739566, 1, 0, 0
57506, 2677952, 1, 0, 0
58004, 2907654, 1, 0, 0
58506, 2819699, 1, 0, 0
59000, 2722308, 1, 0, 0
59513, 2892240, 1, 0, 0
60003, 2898372, 1, 0, 0
60003, 16482117, 1, 0, 0
