500, 946, 1, 0, 0
1000, 950, 1, 0, 0
1500, 952, 1, 0, 0
2000, 948, 1, 0, 0
2500, 951, 1, 0, 0
3000, 952, 1, 0, 0
3500, 959, 1, 0, 0
4000, 955, 1, 0, 0
4500, 955, 1, 0, 0
5000, 955, 1, 0, 0
5500, 957, 1, 0, 0
6000, 962, 1, 0, 0
6500, 965, 1, 0, 0
7000, 964, 1, 0, 0
7500, 971, 1, 0, 0
8000, 964, 1, 0, 0
8500, 968, 1, 0, 0
9000, 967, 1, 0, 0
9500, 967, 1, 0, 0
10000, 964, 1, 0, 0
10500, 964, 1, 0, 0
11000, 965, 1, 0, 0
11500, 963, 1, 0, 0
12000, 964, 1, 0, 0
12500, 979, 1, 0, 0
13000, 1258, 1, 0, 0
13500, 1328, 1, 0, 0
14000, 1806, 1, 0, 0
14500, 1833, 1, 0, 0
15000, 2299, 1, 0, 0
15500, 2768, 1, 0, 0
16000, 2414, 1, 0, 0
16500, 3426, 1, 0, 0
17000, 2912, 1, 0, 0
17500, 2504, 1, 0, 0
18000, 2126, 1, 0, 0
18500, 3061, 1, 0, 0
19000, 2620, 1, 0, 0
19500, 2634, 1, 0, 0
20000, 2256, 1, 0, 0
20500, 2666, 1, 0, 0
21000, 2620, 1, 0, 0
21500, 3473, 1, 0, 0
22000, 2985, 1, 0, 0
22500, 3687, 1, 0, 0
23000, 3996, 1, 0, 0
23500, 4005, 1, 0, 0
24000, 3761, 1, 0, 0
24500, 3467, 1, 0, 0
25000, 2274, 1, 0, 0
25500, 2359, 1, 0, 0
26000, 2237, 1, 0, 0
26500, 3253, 1, 0, 0
27000, 2145, 1, 0, 0
27500, 2165, 1, 0, 0
28000, 3586, 1, 0, 0
28500, 3164, 1, 0, 0
29000, 3729, 1, 0, 0
29500, 3387, 1, 0, 0
30000, 3367, 1, 0, 0
30500, 3442, 1, 0, 0
31000, 3593, 1, 0, 0
31500, 3098, 1, 0, 0
32000, 3760, 1, 0, 0
32500, 2740, 1, 0, 0
33000, 3299, 1, 0, 0
33500, 3259, 1, 0, 0
34000, 3544, 1, 0, 0
34500, 3847, 1, 0, 0
35000, 3390, 1, 0, 0
35500, 3083, 1, 0, 0
36000, 2183, 1, 0, 0
36500, 2396, 1, 0, 0
37000, 2481, 1, 0, 0
37500, 2152, 1, 0, 0
38000, 3083, 1, 0, 0
38500, 2362, 1, 0, 0
39000, 3817, 1, 0, 0
39500, 3473, 1, 0, 0
40000, 3415, 1, 0, 0
40500, 2997, 1, 0, 0
41000, 3248, 1, 0, 0
41500, 3189, 1, 0, 0
42000, 3099, 1, 0, 0
42500, 3282, 1, 0, 0
43000, 2893, 1, 0, 0
43500, 3401, 1, 0, 0
44000, 3909, 1, 0, 0
44500, 3576, 1, 0, 0
45000, 3070, 1, 0, 0
45500, 3203, 1, 0, 0
46000, 3196, 1, 0, 0
46500, 3342, 1, 0, 0
47000, 2829, 1, 0, 0
47500, 3458, 1, 0, 0
48000, 2679, 1, 0, 0
48500, 4133, 1, 0, 0
49000, 3522, 1, 0, 0
49500, 3062, 1, 0, 0
50000, 2547, 1, 0, 0
50500, 3399, 1, 0, 0
51000, 2552, 1, 0, 0
51500, 3188, 1, 0, 0
52000, 2797, 1, 0, 0
52500, 3232, 1, 0, 0
53000, 2814, 1, 0, 0
53500, 4277, 1, 0, 0
54000, 2647, 1, 0, 0
54500, 3381, 1, 0, 0
55000, 2599, 1, 0, 0
55500, 3564, 1, 0, 0
56000, 2493, 1, 0, 0
56500, 3158, 1, 0, 0
57000, 2836, 1, 0, 0
57500, 3463, 1, 0, 0
58000, 2427, 1, 0, 0
58500, 3560, 1, 0, 0
59000, 3862, 1, 0, 0
59500, 3883, 1, 0, 0
60002, 2834, 1, 0, 0
