500, 215190, 1, 0, 0
1000, 223896, 1, 0, 0
1500, 223688, 1, 0, 0
2000, 223400, 1, 0, 0
2500, 223787, 1, 0, 0
3000, 223954, 1, 0, 0
3500, 224175, 1, 0, 0
4000, 223508, 1, 0, 0
4500, 224309, 1, 0, 0
5000, 223818, 1, 0, 0
5500, 228428, 1, 0, 0
6000, 413055, 1, 0, 0
6500, 461774, 1, 0, 0
7000, 488376, 1, 0, 0
7500, 517933, 1, 0, 0
8000, 551237, 1, 0, 0
8500, 582754, 1, 0, 0
9000, 623632, 1, 0, 0
9500, 665332, 1, 0, 0
10000, 698567, 1, 0, 0
10500, 735667, 1, 0, 0
11000, 775138, 1, 0, 0
11500, 806084, 1, 0, 0
12000, 839256, 1, 0, 0
12500, 879667, 1, 0, 0
13000, 927062, 1, 0, 0
13500, 956908, 1, 0, 0
14000, 973294, 1, 0, 0
14500, 992787, 1, 0, 0
15000, 1002105, 1, 0, 0
15500, 1018545, 1, 0, 0
16000, 1027519, 1, 0, 0
16500, 1045607, 1, 0, 0
17000, 1054777, 1, 0, 0
17500, 1078897, 1, 0, 0
18000, 1088769, 1, 0, 0
18500, 1108112, 1, 0, 0
19000, 1131747, 1, 0, 0
19500, 1148389, 1, 0, 0
20000, 1194673, 1, 0, 0
20500, 1235983, 1, 0, 0
21000, 1268279, 1, 0, 0
21500, 1307300, 1, 0, 0
22000, 1352515, 1, 0, 0
22500, 1392437, 1, 0, 0
23000, 1452542, 1, 0, 0
23500, 1484137, 1, 0, 0
24000, 1568891, 1, 0, 0
24500, 1620273, 1, 0, 0
25000, 1677879, 1, 0, 0
25500, 1716433, 1, 0, 0
26000, 1764809, 1, 0, 0
26500, 1797868, 1, 0, 0
27000, 1824994, 1, 0, 0
27500, 1835537, 1, 0, 0
28000, 1849373, 1, 0, 0
28500, 1841233, 1, 0, 0
29000, 1850309, 1, 0, 0
29500, 1851203, 1, 0, 0
30000, 1864432, 1, 0, 0
30500, 1865852, 1, 0, 0
31000, 1859661, 1, 0, 0
31500, 1867079, 1, 0, 0
32000, 1876737, 1, 0, 0
32500, 1871392, 1, 0, 0
33000, 1881517, 1, 0, 0
33500, 1868249, 1, 0, 0
34000, 1873064, 1, 0, 0
34500, 1887650, 1, 0, 0
35000, 1867991, 1, 0, 0
35500, 1879368, 1, 0, 0
36000, 1877068, 1, 0, 0
36500, 1868731, 1, 0, 0
37000, 1870879, 1, 0, 0
37500, 1864825, 1, 0, 0
38000, 1872574, 1, 0, 0
38500, 1867106, 1, 0, 0
39000, 1884503, 1, 0, 0
39500, 1869822, 1, 0, 0
40000, 1862125, 1, 0, 0
40500, 1881447, 1, 0, 0
41000, 1857844, 1, 0, 0
41500, 1867429, 1, 0, 0
42000, 1862782, 1, 0, 0
42500, 1860487, 1, 0, 0
43000, 1866229, 1, 0, 0
43500, 1865681, 1, 0, 0
44000, 1888367, 1, 0, 0
44500, 1871055, 1, 0, 0
45000, 1872831, 1, 0, 0
45500, 1875093, 1, 0, 0
46000, 1871060, 1, 0, 0
46500, 1876766, 1, 0, 0
47000, 1868881, 1, 0, 0
47500, 1878163, 1, 0, 0
48000, 1869128, 1, 0, 0
48500, 1862194, 1, 0, 0
49000, 1903714, 1, 0, 0
49500, 1862407, 1, 0, 0
50000, 1868632, 1, 0, 0
50500, 1875915, 1, 0, 0
51000, 1878200, 1, 0, 0
51500, 1875974, 1, 0, 0
52000, 1871491, 1, 0, 0
52500, 1872039, 1, 0, 0
53000, 1886398, 1, 0, 0
53500, 1881694, 1, 0, 0
54000, 1871381, 1, 0, 0
54500, 1873314, 1, 0, 0
55000, 1867344, 1, 0, 0
55500, 1867572, 1, 0, 0
56000, 1865632, 1, 0, 0
56500, 1871260, 1, 0, 0
57000, 1869054, 1, 0, 0
57500, 1877746, 1, 0, 0
58000, 1869454, 1, 0, 0
58500, 1874891, 1, 0, 0
59000, 1898616, 1, 0, 0
59500, 1867118, 1, 0, 0
60000, 1883150, 1, 0, 0
60002, 2920990, 1, 0, 0
