500, 148604, 1, 0, 0
1000, 142816, 1, 0, 0
1500, 142940, 1, 0, 0
2000, 143118, 1, 0, 0
2500, 142886, 1, 0, 0
3000, 142770, 1, 0, 0
3500, 142620, 1, 0, 0
4000, 143062, 1, 0, 0
4500, 142534, 1, 0, 0
5000, 142862, 1, 0, 0
5500, 139906, 1, 0, 0
6000, 77364, 1, 0, 0
6500, 69266, 1, 0, 0
7000, 65488, 1, 0, 0
7500, 61762, 1, 0, 0
8000, 58022, 1, 0, 0
8500, 54890, 1, 0, 0
9001, 51288, 1, 0, 0
9500, 48080, 1, 0, 0
10000, 45798, 1, 0, 0
10500, 43486, 1, 0, 0
11000, 41270, 1, 0, 0
11500, 39690, 1, 0, 0
12000, 38120, 1, 0, 0
12500, 36366, 1, 0, 0
13000, 34516, 1, 0, 0
13500, 33436, 1, 0, 0
14000, 32850, 1, 0, 0
14500, 32254, 1, 0, 0
15000, 31934, 1, 0, 0
15500, 31416, 1, 0, 0
16000, 31140, 1, 0, 0
16500, 30606, 1, 0, 0
17000, 30310, 1, 0, 0
17500, 29646, 1, 0, 0
18000, 29428, 1, 0, 0
18500, 28847, 1, 0, 0
19000, 28238, 1, 0, 0
19500, 27884, 1, 0, 0
20000, 26818, 1, 0, 0
20500, 25862, 1, 0, 0
21000, 25260, 1, 0, 0
21500, 24482, 1, 0, 0
22000, 23638, 1, 0, 0
22500, 23022, 1, 0, 0
23000, 22060, 1, 0, 0
23500, 21486, 1, 0, 0
24000, 20444, 1, 0, 0
24500, 19748, 1, 0, 0
25000, 19070, 1, 0, 0
25500, 18610, 1, 0, 0
26000, 18184, 1, 0, 0
26500, 17760, 1, 0, 0
27000, 17586, 1, 0, 0
27500, 17416, 1, 0, 0
28000, 17352, 1, 0, 0
28500, 17380, 1, 0, 0
29000, 17294, 1, 0, 0
29500, 17248, 1, 0, 0
30000, 17218, 1, 0, 0
30501, 17126, 1, 0, 0
31000, 17214, 1, 0, 0
31500, 17140, 1, 0, 0
32000, 17030, 1, 0, 0
32500, 17136, 1, 0, 0
33000, 17000, 1, 0, 0
33500, 17130, 1, 0, 0
34000, 17030, 1, 0, 0
34500, 16994, 1, 0, 0
35000, 17122, 1, 0, 0
35501, 17048, 1, 0, 0
36002, 17074, 1, 0, 0
36502, 17110, 1, 0, 0
37002, 17088, 1, 0, 0
37503, 17184, 1, 0, 0
38003, 17146, 1, 0, 0
38503, 17106, 1, 0, 0
39003, 17026, 1, 0, 0
39503, 17110, 1, 0, 0
40005, 17185, 1, 0, 0
40506, 17010, 1, 0, 0
41006, 17224, 1, 0, 0
41506, 17122, 1, 0, 0
42007, 17300, 1, 0, 0
42507, 17144, 1, 0, 0
43007, 17172, 1, 0, 0
43507, 17096, 1, 0, 0
44008, 16978, 1, 0, 0
44508, 17098, 1, 0, 0
45010, 17081, 1, 0, 0
45510, 17118, 1, 0, 0
46010, 17094, 1, 0, 0
46511, 17054, 1, 0, 0
47011, 17108, 1, 0, 0
47511, 17084, 1, 0, 0
48011, 17128, 1, 0, 0
48511, 17150, 1, 0, 0
49012, 16826, 1, 0, 0
49513, 17197, 1, 0, 0
50013, 17106, 1, 0, 0
50513, 17060, 1, 0, 0
51013, 17032, 1, 0, 0
51514, 17090, 1, 0, 0
52014, 17122, 1, 0, 0
52515, 17076, 1, 0, 0
53015, 17018, 1, 0, 0
53515, 16972, 1, 0, 0
54015, 17124, 1, 0, 0
54515, 17084, 1, 0, 0
55015, 17152, 1, 0, 0
55516, 17102, 1, 0, 0
56016, 17190, 1, 0, 0
56516, 17104, 1, 0, 0
57016, 17082, 1, 0, 0
57516, 17112, 1, 0, 0
58017, 17062, 1, 0, 0
58517, 17102, 1, 0, 0
59017, 16870, 1, 0, 0
59518, 17172, 1, 0, 0
