500, 214244, 1, 0, 0
1000, 222946, 1, 0, 0
1500, 222736, 1, 0, 0
2000, 222452, 1, 0, 0
2500, 222836, 1, 0, 0
3000, 223003, 1, 0, 0
3500, 223216, 1, 0, 0
4000, 222553, 1, 0, 0
4500, 223354, 1, 0, 0
5000, 222863, 1, 0, 0
5500, 227471, 1, 0, 0
6000, 412093, 1, 0, 0
6500, 460809, 1, 0, 0
7000, 487412, 1, 0, 0
7500, 516963, 1, 0, 0
8000, 550273, 1, 0, 0
8500, 581786, 1, 0, 0
9000, 622665, 1, 0, 0
9500, 664365, 1, 0, 0
10000, 697603, 1, 0, 0
10500, 734703, 1, 0, 0
11000, 774174, 1, 0, 0
11500, 805121, 1, 0, 0
12000, 838292, 1, 0, 0
12500, 878688, 1, 0, 0
13000, 925804, 1, 0, 0
13500, 955580, 1, 0, 0
14000, 971490, 1, 0, 0
14500, 990953, 1, 0, 0
15000, 999806, 1, 0, 0
15500, 1015778, 1, 0, 0
16000, 1025105, 1, 0, 0
16500, 1042180, 1, 0, 0
17000, 1051865, 1, 0, 0
17500, 1076393, 1, 0, 0
18000, 1086644, 1, 0, 0
18500, 1105051, 1, 0, 0
19000, 1129129, 1, 0, 0
19500, 1145752, 1, 0, 0
20000, 1192418, 1, 0, 0
20500, 1233318, 1, 0, 0
21000, 1265665, 1, 0, 0
21500, 1303821, 1, 0, 0
22000, 1349530, 1, 0, 0
22500, 1388754, 1, 0, 0
23000, 1448540, 1, 0, 0
23500, 1480133, 1, 0, 0
24000, 1565128, 1, 0, 0
24500, 1616807, 1, 0, 0
25000, 1675606, 1, 0, 0
25500, 1714073, 1, 0, 0
26000, 1762573, 1, 0, 0
26500, 1794621, 1, 0, 0
27000, 1822842, 1, 0, 0
27500, 1833372, 1, 0, 0
28000, 1845793, 1, 0, 0
28500, 1838064, 1, 0, 0
29000, 1846581, 1, 0, 0
29500, 1847816, 1, 0, 0
30000, 1861093, 1, 0, 0
30500, 1862390, 1, 0, 0
31000, 1856061, 1, 0, 0
31500, 1863981, 1, 0, 0
32000, 1872983, 1, 0, 0
32500, 1868645, 1, 0, 0
33000, 1878223, 1, 0, 0
33500, 1864985, 1, 0, 0
34000, 1869520, 1, 0, 0
34500, 1883819, 1, 0, 0
35000, 1864586, 1, 0, 0
35500, 1876285, 1, 0, 0
36000, 1874885, 1, 0, 0
36500, 1866335, 1, 0, 0
37000, 1868399, 1, 0, 0
37500, 1862673, 1, 0, 0
38000, 1869501, 1, 0, 0
38500, 1864735, 1, 0, 0
39000, 1880686, 1, 0, 0
39500, 1866350, 1, 0, 0
40000, 1858710, 1, 0, 0
40500, 1878449, 1, 0, 0
41000, 1854596, 1, 0, 0
41500, 1864239, 1, 0, 0
42000, 1859690, 1, 0, 0
42500, 1857220, 1, 0, 0
43000, 1863313, 1, 0, 0
43500, 1862287, 1, 0, 0
44000, 1884453, 1, 0, 0
44500, 1867478, 1, 0, 0
45000, 1869762, 1, 0, 0
45500, 1871889, 1, 0, 0
46000, 1867869, 1, 0, 0
46500, 1873444, 1, 0, 0
47000, 1866027, 1, 0, 0
47500, 1874706, 1, 0, 0
48000, 1866471, 1, 0, 0
48500, 1858039, 1, 0, 0
49000, 1900191, 1, 0, 0
49500, 1859345, 1, 0, 0
50000, 1866085, 1, 0, 0
50500, 1872516, 1, 0, 0
51000, 1875691, 1, 0, 0
51500, 1872744, 1, 0, 0
52000, 1868694, 1, 0, 0
52500, 1868808, 1, 0, 0
53000, 1883593, 1, 0, 0
53500, 1877409, 1, 0, 0
54000, 1868735, 1, 0, 0
54500, 1869932, 1, 0, 0
55000, 1864769, 1, 0, 0
55500, 1863986, 1, 0, 0
56000, 1863145, 1, 0, 0
56500, 1868094, 1, 0, 0
57000, 1866219, 1, 0, 0
57500, 1874284, 1, 0, 0
58000, 1867052, 1, 0, 0
58500, 1871304, 1, 0, 0
59000, 1894757, 1, 0, 0
59500, 1863233, 1, 0, 0
60000, 1880320, 1, 0, 0
60002, 2918130, 1, 0, 0
