500, 1188800, 1, 0, 0
1000, 1142560, 1, 0, 0
1500, 1143520, 1, 0, 0
2000, 1144944, 1, 0, 0
2500, 1143088, 1, 0, 0
3000, 1142160, 1, 0, 0
3500, 1140960, 1, 0, 0
4000, 1144496, 1, 0, 0
4500, 1140272, 1, 0, 0
5000, 1142896, 1, 0, 0
5500, 1119248, 1, 0, 0
6000, 618912, 1, 0, 0
6500, 554128, 1, 0, 0
7000, 523904, 1, 0, 0
7500, 494096, 1, 0, 0
8000, 464176, 1, 0, 0
8500, 439120, 1, 0, 0
9001, 410304, 1, 0, 0
9500, 384641, 1, 0, 0
10000, 366384, 1, 0, 0
10500, 347888, 1, 0, 0
11000, 330160, 1, 0, 0
11500, 317520, 1, 0, 0
12000, 304960, 1, 0, 0
12500, 290928, 1, 0, 0
13000, 276128, 1, 0, 0
13500, 267488, 1, 0, 0
14000, 262800, 1, 0, 0
14500, 258032, 1, 0, 0
15000, 255472, 1, 0, 0
15500, 251328, 1, 0, 0
16000, 249120, 1, 0, 0
16500, 244848, 1, 0, 0
17000, 242480, 1, 0, 0
17500, 237168, 1, 0, 0
18000, 235424, 1, 0, 0
18500, 230781, 1, 0, 0
19000, 225904, 1, 0, 0
19500, 223072, 1, 0, 0
20000, 214544, 1, 0, 0
20500, 206896, 1, 0, 0
21000, 202080, 1, 0, 0
21500, 195863, 1, 0, 0
22000, 189104, 1, 0, 0
22500, 184176, 1, 0, 0
23000, 176480, 1, 0, 0
23500, 171888, 1, 0, 0
24000, 163552, 1, 0, 0
24500, 157984, 1, 0, 0
25000, 152560, 1, 0, 0
25500, 148880, 1, 0, 0
26000, 145474, 1, 0, 0
26500, 142080, 1, 0, 0
27000, 140688, 1, 0, 0
27500, 139328, 1, 0, 0
28000, 138821, 1, 0, 0
28500, 139040, 1, 0, 0
29000, 138352, 1, 0, 0
29500, 137984, 1, 0, 0
30000, 137744, 1, 0, 0
30501, 137008, 1, 0, 0
31000, 137715, 1, 0, 0
31500, 137120, 1, 0, 0
32000, 136240, 1, 0, 0
32500, 137088, 1, 0, 0
33000, 136000, 1, 0, 0
33500, 137040, 1, 0, 0
34000, 136240, 1, 0, 0
34500, 135952, 1, 0, 0
35000, 136976, 1, 0, 0
35501, 136384, 1, 0, 0
36002, 136592, 1, 0, 0
36502, 136880, 1, 0, 0
37002, 136704, 1, 0, 0
37503, 137472, 1, 0, 0
38003, 137168, 1, 0, 0
38503, 136848, 1, 0, 0
39003, 136208, 1, 0, 0
39503, 136880, 1, 0, 0
40005, 137485, 1, 0, 0
40506, 136080, 1, 0, 0
41006, 137776, 1, 0, 0
41506, 136976, 1, 0, 0
42007, 138384, 1, 0, 0
42507, 137152, 1, 0, 0
43007, 137376, 1, 0, 0
43507, 136768, 1, 0, 0
44008, 135824, 1, 0, 0
44508, 136784, 1, 0, 0
45010, 136653, 1, 0, 0
45510, 136944, 1, 0, 0
46010, 136752, 1, 0, 0
46511, 136432, 1, 0, 0
47011, 136864, 1, 0, 0
47511, 136672, 1, 0, 0
48011, 137024, 1, 0, 0
48511, 137200, 1, 0, 0
49012, 134608, 1, 0, 0
49513, 137580, 1, 0, 0
50013, 136848, 1, 0, 0
50513, 136480, 1, 0, 0
51013, 136256, 1, 0, 0
51514, 136720, 1, 0, 0
52014, 136976, 1, 0, 0
52515, 136608, 1, 0, 0
53015, 136144, 1, 0, 0
53515, 135776, 1, 0, 0
54015, 136992, 1, 0, 0
54515, 136672, 1, 0, 0
55015, 137216, 1, 0, 0
55516, 136816, 1, 0, 0
56016, 137520, 1, 0, 0
56516, 136832, 1, 0, 0
57016, 136656, 1, 0, 0
57516, 136896, 1, 0, 0
58017, 136496, 1, 0, 0
58517, 136816, 1, 0, 0
59017, 134960, 1, 0, 0
59518, 137376, 1, 0, 0
