[62007.457541] KSC2026-MARK map16k_bs8k_r1 insmod 1791437769826918633
[62007.477212] NVMeVirt: Version 1.10 for >> Samsung 970 Pro SSD <<
[62007.477231] NVMeVirt: Storage: 0x300100000-0x600000000 (12287 MiB)
[62007.490293] NVMeVirt: Total Capacity(GiB,MiB)=3,3072 chs=2 luns=4 lines=384 blk-size(MiB,KiB)=2,2048 line-size(MiB,KiB)=8,8192
[62007.490302] NVMeVirt: KSC2026: mapping unit=16384 B, flash page=32768 B, oneshot page=32768 B, pgs_per_blk=128, blks_per_pl=384, write buffer=1048576 B
[62007.495143] NVMeVirt: [chmodel_init] bandwidth 800 max_credits 26 tx_time 152
[62007.498283] NVMeVirt: [chmodel_init] bandwidth 800 max_credits 26 tx_time 152
[62007.498294] NVMeVirt: [chmodel_init] bandwidth 3360 max_credits 110 tx_time 36
[62007.498655] NVMeVirt: pqueue: Copyright (c) 2014, Volkan Yazıcı <volkan.yazici@gmail.com>. All rights reserved.
[62007.498656] NVMeVirt: Init FTL instance with 2 channels (196608 pages)
[62007.501734] NVMeVirt: [chmodel_init] bandwidth 800 max_credits 26 tx_time 152
[62007.504825] NVMeVirt: [chmodel_init] bandwidth 800 max_credits 26 tx_time 152
[62007.504836] NVMeVirt: [chmodel_init] bandwidth 3360 max_credits 110 tx_time 36
[62007.505168] NVMeVirt: Init FTL instance with 2 channels (196608 pages)
[62007.508226] NVMeVirt: [chmodel_init] bandwidth 800 max_credits 26 tx_time 152
[62007.511265] NVMeVirt: [chmodel_init] bandwidth 800 max_credits 26 tx_time 152
[62007.511276] NVMeVirt: [chmodel_init] bandwidth 3360 max_credits 110 tx_time 36
[62007.511619] NVMeVirt: Init FTL instance with 2 channels (196608 pages)
[62007.514663] NVMeVirt: [chmodel_init] bandwidth 800 max_credits 26 tx_time 152
[62007.517726] NVMeVirt: [chmodel_init] bandwidth 800 max_credits 26 tx_time 152
[62007.517737] NVMeVirt: [chmodel_init] bandwidth 3360 max_credits 110 tx_time 36
[62007.518072] NVMeVirt: Init FTL instance with 2 channels (196608 pages)
[62007.518076] NVMeVirt: FTL physical space: 12883853312, logical space: 12040984403 (physical/logical * 100 = 107)
[62007.518076] NVMeVirt: KSC2026: WBUF_FIX=0 GC_STATS=1
[62007.518077] NVMeVirt: ns 0/1: size 11483 MiB
[62007.518108] PCI host bridge to bus 0001:10
[62007.518109] pci_bus 0001:10: root bus resource [io  0x0000-0xffff]
[62007.518111] pci_bus 0001:10: root bus resource [mem 0x00000000-0x3fffffffffff]
[62007.518112] pci_bus 0001:10: root bus resource [bus 00-ff]
[62007.518118] pci 0001:10:00.0: [0c51:0110] type 00 class 0x010802 PCIe Endpoint
[62007.518120] pci 0001:10:00.0: BAR 0 [mem 0x300000000-0x300003fff 64bit]
[62007.518122] pci 0001:10:00.0: enabling Extended Tags
[62007.518225] NVMeVirt: Virtual PCI bus created (node 0)
[62007.518426] NVMeVirt: nvmev_io_worker_0 started on cpu 4 (node 0)
[62007.518598] NVMeVirt: nvmev_io_worker_1 started on cpu 5 (node 0)
[62007.518607] NVMeVirt: nvmev_dispatcher started on cpu 3 (node 0)
[62007.519347] nvme nvme1: pci function 0001:10:00.0
[62007.521396] nvme nvme1: 1/0/0 default/read/poll queues
[62007.524049] NVMeVirt: Virtual NVMe device created
[62013.557622] KSC2026-MARK map16k_bs8k_r1 fio-start 1791437775940226519
[62019.223563] NVMeVirt: KSC2026: first GC part=2 victim line=2 vpc=183 ipc=329 free_lines=2 host_pgs=194560
[62019.233797] NVMeVirt: KSC2026: first GC part=1 victim line=8 vpc=171 ipc=341 free_lines=2 host_pgs=194560
[62019.233932] NVMeVirt: KSC2026: first GC part=3 victim line=10 vpc=178 ipc=334 free_lines=2 host_pgs=194560
[62019.254778] NVMeVirt: KSC2026: first GC part=0 victim line=4 vpc=177 ipc=335 free_lines=2 host_pgs=194560
[62026.143244] NVMeVirt: [chmodel_request] Need to increase array size 0x3869adac449b 0x3869963c2073 0x18002
[62026.143249] NVMeVirt: [chmodel_request] Need to increase array size 0x3869adac449b 0x3869963c335b 0x18001
[62026.161698] NVMeVirt: [chmodel_request] Need to increase array size 0x3869aec66b6a 0x38699755b6bb 0x1800c
[62026.161700] NVMeVirt: [chmodel_request] Need to increase array size 0x3869aec66b6a 0x38699755beb7 0x1800b
[62026.161782] NVMeVirt: [chmodel_request] No free entry 0x3869aec6de89 0x38699756fee5 0x17ffe
[62026.179536] NVMeVirt: [chmodel_request] Need to increase array size 0x3869afd68d26 0x38699865e495 0x1800a
[62026.179537] NVMeVirt: [chmodel_request] Need to increase array size 0x3869afd68d26 0x38699865eb5f 0x1800a
[62026.179539] NVMeVirt: [chmodel_request] Need to increase array size 0x3869afd5fdfc 0x38699865f137 0x18001
[62026.179540] NVMeVirt: [chmodel_request] Need to increase array size 0x3869afd5fdfc 0x38699865f669 0x18000
[62026.179542] NVMeVirt: [chmodel_request] Need to increase array size 0x3869afd68d26 0x38699865fcf6 0x18009
[62026.179543] NVMeVirt: [chmodel_request] Need to increase array size 0x3869afd9d50b 0x386998660214 0x1803f
[62026.179544] NVMeVirt: [chmodel_request] Need to increase array size 0x3869afd9d50b 0x3869986606fe 0x1803e
[62026.179546] NVMeVirt: [chmodel_request] Need to increase array size 0x3869afd945e1 0x386998660c57 0x18035
[62026.179547] NVMeVirt: [chmodel_request] Need to increase array size 0x3869afd945e1 0x386998661154 0x18035
[62026.179548] NVMeVirt: [chmodel_request] Need to increase array size 0x3869afd945e1 0x3869986616b4 0x18034
[62026.179550] NVMeVirt: [chmodel_request] Need to increase array size 0x3869afd9d50b 0x386998661cca 0x1803d
[62026.179551] NVMeVirt: [chmodel_request] Need to increase array size 0x3869afdd4bd0 0x3869986621c4 0x18076
[62026.179552] NVMeVirt: [chmodel_request] Need to increase array size 0x3869afdd4bd0 0x38699866269b 0x18075
[62026.179554] NVMeVirt: [chmodel_request] Need to increase array size 0x3869afddc10d 0x386998662c85 0x1807c
[62026.179555] NVMeVirt: [chmodel_request] Need to increase array size 0x3869afddc10d 0x386998663171 0x1807c
[62028.442123] systemd-journald[350]: /dev/kmsg buffer overrun, some messages lost. (Dropped 2747 similar message(s))
[62029.513128] systemd-journald[350]: /dev/kmsg buffer overrun, some messages lost.
[62029.515013] systemd-journald[350]: /dev/kmsg buffer overrun, some messages lost.
[62073.845976] KSC2026-MARK map16k_bs8k_r1 fio-end
[62073.849933] KSC2026-MARK map16k_bs8k_r1 rmmod 1791437836233741979
[62075.039480] ldm_validate_partition_table(): Disk read failed.
[62075.039484] Dev nvme1n1: unable to read RDB block 0
[62075.039487]  nvme1n1: unable to read partition table
[62075.039491] nvme1n1: partition table beyond EOD, truncated
[62075.112067] pci_bus 0001:10: busn_res: [bus 10-ff] is released
[62075.112166] NVMeVirt: KSC2026: stats part=0 host_pgs=524049 gc_pgs=1610601 gc_cnt=3788 free_lines=2
[62075.112167] NVMeVirt: KSC2026: stats part=1 host_pgs=523663 gc_pgs=1607896 gc_cnt=3782 free_lines=2
[62075.112168] NVMeVirt: KSC2026: stats part=2 host_pgs=523873 gc_pgs=1614352 gc_cnt=3795 free_lines=1
[62075.112168] NVMeVirt: KSC2026: stats part=3 host_pgs=523528 gc_pgs=1612141 gc_cnt=3790 free_lines=2
[62075.139704] NVMeVirt: Virtual NVMe device closed
