500, 445657, 1, 0, 0
1000, 446008, 1, 0, 0
1500, 446013, 1, 0, 0
2000, 446015, 1, 0, 0
2500, 446015, 1, 0, 0
3000, 446018, 1, 0, 0
3500, 446023, 1, 0, 0
4000, 446019, 1, 0, 0
4500, 446016, 1, 0, 0
5000, 446021, 1, 0, 0
5500, 446345, 1, 0, 0
6000, 445941, 1, 0, 0
6500, 445942, 1, 0, 0
7000, 445940, 1, 0, 0
7500, 445946, 1, 0, 0
8000, 445943, 1, 0, 0
8500, 445946, 1, 0, 0
9000, 445941, 1, 0, 0
9500, 445942, 1, 0, 0
10000, 445941, 1, 0, 0
10500, 446795, 1, 0, 0
11000, 445937, 1, 0, 0
11500, 445945, 1, 0, 0
12000, 445942, 1, 0, 0
12500, 445945, 1, 0, 0
13000, 445950, 1, 0, 0
13500, 445946, 1, 0, 0
14000, 445946, 1, 0, 0
14500, 445946, 1, 0, 0
15000, 445948, 1, 0, 0
15500, 446778, 1, 0, 0
16000, 445927, 1, 0, 0
16500, 445939, 1, 0, 0
17000, 445938, 1, 0, 0
17500, 445936, 1, 0, 0
18000, 445931, 1, 0, 0
18500, 445940, 1, 0, 0
19000, 445940, 1, 0, 0
19500, 445935, 1, 0, 0
20000, 445926, 1, 0, 0
20500, 445936, 1, 0, 0
21000, 446683, 1, 0, 0
21500, 445937, 1, 0, 0
22000, 445937, 1, 0, 0
22500, 445939, 1, 0, 0
23000, 445939, 1, 0, 0
23500, 445938, 1, 0, 0
24000, 445937, 1, 0, 0
24500, 445939, 1, 0, 0
25000, 445940, 1, 0, 0
25500, 445938, 1, 0, 0
26000, 446762, 1, 0, 0
26500, 445957, 1, 0, 0
27000, 445963, 1, 0, 0
27500, 445961, 1, 0, 0
28000, 445961, 1, 0, 0
28500, 445965, 1, 0, 0
29000, 445965, 1, 0, 0
29500, 445964, 1, 0, 0
30000, 445969, 1, 0, 0
30500, 445963, 1, 0, 0
31000, 446624, 1, 0, 0
31500, 445926, 1, 0, 0
32000, 445929, 1, 0, 0
32500, 445925, 1, 0, 0
33000, 445928, 1, 0, 0
33500, 445934, 1, 0, 0
34000, 445939, 1, 0, 0
34500, 445934, 1, 0, 0
35000, 445927, 1, 0, 0
35500, 445929, 1, 0, 0
36000, 445936, 1, 0, 0
36500, 446664, 1, 0, 0
37000, 445939, 1, 0, 0
37500, 445936, 1, 0, 0
38000, 445942, 1, 0, 0
38500, 445945, 1, 0, 0
39000, 445942, 1, 0, 0
39500, 445937, 1, 0, 0
40000, 445936, 1, 0, 0
40500, 445947, 1, 0, 0
41000, 445941, 1, 0, 0
41500, 446711, 1, 0, 0
42000, 445962, 1, 0, 0
42500, 445965, 1, 0, 0
43000, 445962, 1, 0, 0
43500, 445970, 1, 0, 0
44000, 445973, 1, 0, 0
44500, 445972, 1, 0, 0
45000, 445972, 1, 0, 0
45500, 445964, 1, 0, 0
46000, 445966, 1, 0, 0
46500, 446733, 1, 0, 0
47000, 445927, 1, 0, 0
47500, 445936, 1, 0, 0
48000, 445922, 1, 0, 0
48500, 445931, 1, 0, 0
49000, 445933, 1, 0, 0
49500, 445936, 1, 0, 0
50000, 445931, 1, 0, 0
50500, 445936, 1, 0, 0
51000, 445938, 1, 0, 0
51500, 447415, 1, 0, 0
52000, 445944, 1, 0, 0
52500, 445951, 1, 0, 0
53000, 445956, 1, 0, 0
53500, 445948, 1, 0, 0
54000, 445952, 1, 0, 0
54500, 445958, 1, 0, 0
55000, 445952, 1, 0, 0
55500, 445951, 1, 0, 0
56000, 445949, 1, 0, 0
56500, 445952, 1, 0, 0
57000, 446412, 1, 0, 0
57500, 445954, 1, 0, 0
58000, 445963, 1, 0, 0
58500, 445961, 1, 0, 0
59000, 445959, 1, 0, 0
59500, 445957, 1, 0, 0
60000, 445961, 1, 0, 0
60000, 631247, 1, 0, 0
