[85728.539336] KSC2026-MARK map16k_bs32k_r3 insmod 1791461491225370453
[85728.552388] NVMeVirt: Version 1.10 for >> Samsung 970 Pro SSD <<
[85728.552394] NVMeVirt: Storage: 0x300100000-0x600000000 (12287 MiB)
[85728.556445] NVMeVirt: Total Capacity(GiB,MiB)=3,3072 chs=2 luns=4 lines=384 blk-size(MiB,KiB)=2,2048 line-size(MiB,KiB)=8,8192
[85728.556448] NVMeVirt: KSC2026: mapping unit=16384 B, flash page=32768 B, oneshot page=32768 B, pgs_per_blk=128, blks_per_pl=384, write buffer=1048576 B
[85728.559655] NVMeVirt: [chmodel_init] bandwidth 800 max_credits 26 tx_time 152
[85728.562743] NVMeVirt: [chmodel_init] bandwidth 800 max_credits 26 tx_time 152
[85728.562755] NVMeVirt: [chmodel_init] bandwidth 3360 max_credits 110 tx_time 36
[85728.563086] NVMeVirt: pqueue: Copyright (c) 2014, Volkan Yazıcı <volkan.yazici@gmail.com>. All rights reserved.
[85728.563088] NVMeVirt: Init FTL instance with 2 channels (196608 pages)
[85728.566180] NVMeVirt: [chmodel_init] bandwidth 800 max_credits 26 tx_time 152
[85728.569272] NVMeVirt: [chmodel_init] bandwidth 800 max_credits 26 tx_time 152
[85728.569283] NVMeVirt: [chmodel_init] bandwidth 3360 max_credits 110 tx_time 36
[85728.569617] NVMeVirt: Init FTL instance with 2 channels (196608 pages)
[85728.572697] NVMeVirt: [chmodel_init] bandwidth 800 max_credits 26 tx_time 152
[85728.575784] NVMeVirt: [chmodel_init] bandwidth 800 max_credits 26 tx_time 152
[85728.575795] NVMeVirt: [chmodel_init] bandwidth 3360 max_credits 110 tx_time 36
[85728.576128] NVMeVirt: Init FTL instance with 2 channels (196608 pages)
[85728.579200] NVMeVirt: [chmodel_init] bandwidth 800 max_credits 26 tx_time 152
[85728.582257] NVMeVirt: [chmodel_init] bandwidth 800 max_credits 26 tx_time 152
[85728.582267] NVMeVirt: [chmodel_init] bandwidth 3360 max_credits 110 tx_time 36
[85728.582622] NVMeVirt: Init FTL instance with 2 channels (196608 pages)
[85728.582625] NVMeVirt: FTL physical space: 12883853312, logical space: 12040984403 (physical/logical * 100 = 107)
[85728.582625] NVMeVirt: KSC2026: WBUF_FIX=1 GC_STATS=1
[85728.582626] NVMeVirt: ns 0/1: size 11483 MiB
[85728.582659] PCI host bridge to bus 0001:10
[85728.582660] pci_bus 0001:10: root bus resource [io  0x0000-0xffff]
[85728.582662] pci_bus 0001:10: root bus resource [mem 0x00000000-0x3fffffffffff]
[85728.582663] pci_bus 0001:10: root bus resource [bus 00-ff]
[85728.582669] pci 0001:10:00.0: [0c51:0110] type 00 class 0x010802 PCIe Endpoint
[85728.582671] pci 0001:10:00.0: BAR 0 [mem 0x300000000-0x300003fff 64bit]
[85728.582672] pci 0001:10:00.0: enabling Extended Tags
[85728.582773] NVMeVirt: Virtual PCI bus created (node 0)
[85728.582983] NVMeVirt: nvmev_io_worker_0 started on cpu 4 (node 0)
[85728.583161] NVMeVirt: nvmev_io_worker_1 started on cpu 5 (node 0)
[85728.583176] NVMeVirt: nvmev_dispatcher started on cpu 3 (node 0)
[85728.583243] nvme nvme1: pci function 0001:10:00.0
[85728.586722] nvme nvme1: 1/0/0 default/read/poll queues
[85728.588407] NVMeVirt: Virtual NVMe device created
[85734.627426] KSC2026-MARK map16k_bs32k_r3 fio-start 1791461497325993377
[85740.320166] NVMeVirt: KSC2026: first GC part=0 victim line=0 vpc=0 ipc=512 free_lines=2 host_pgs=194560
[85740.320173] NVMeVirt: KSC2026: first GC part=1 victim line=0 vpc=0 ipc=512 free_lines=2 host_pgs=194560
[85740.320228] NVMeVirt: KSC2026: first GC part=2 victim line=0 vpc=0 ipc=512 free_lines=2 host_pgs=194560
[85740.320232] NVMeVirt: KSC2026: first GC part=3 victim line=0 vpc=0 ipc=512 free_lines=2 host_pgs=194560
[85795.663317] KSC2026-MARK map16k_bs32k_r3 fio-end
[85795.668135] KSC2026-MARK map16k_bs32k_r3 rmmod 1791461558369067559
[85795.729932] pci_bus 0001:10: busn_res: [bus 10-ff] is released
[85795.730134] NVMeVirt: KSC2026: stats part=0 host_pgs=2143299 gc_pgs=0 gc_cnt=3807 free_lines=3
[85795.730135] NVMeVirt: KSC2026: stats part=1 host_pgs=2143299 gc_pgs=0 gc_cnt=3807 free_lines=3
[85795.730136] NVMeVirt: KSC2026: stats part=2 host_pgs=2143287 gc_pgs=0 gc_cnt=3807 free_lines=3
[85795.730137] NVMeVirt: KSC2026: stats part=3 host_pgs=2143287 gc_pgs=0 gc_cnt=3807 free_lines=3
[85795.757714] NVMeVirt: Virtual NVMe device closed
