500, 1787653, 1, 0, 0
1000, 1791088, 1, 0, 0
1500, 1791093, 1, 0, 0
2000, 1791091, 1, 0, 0
2500, 1791089, 1, 0, 0
3000, 1791091, 1, 0, 0
3500, 1791090, 1, 0, 0
4000, 1791096, 1, 0, 0
4500, 1791084, 1, 0, 0
5000, 1791077, 1, 0, 0
5517, 1924255, 1, 0, 0
6005, 24727822, 1, 0, 0
6513, 25744137, 1, 0, 0
7000, 24974571, 1, 0, 0
7507, 24249915, 1, 0, 0
8011, 23111839, 1, 0, 0
8516, 21955243, 1, 0, 0
9002, 21518626, 1, 0, 0
9507, 20553892, 1, 0, 0
10009, 19371753, 1, 0, 0
10511, 18679279, 1, 0, 0
11013, 17990821, 1, 0, 0
11514, 17552963, 1, 0, 0
12015, 17413888, 1, 0, 0
12500, 17509586, 1, 0, 0
13001, 17621269, 1, 0, 0
13504, 17954750, 1, 0, 0
14005, 17913877, 1, 0, 0
14507, 17421642, 1, 0, 0
15008, 16934216, 1, 0, 0
15508, 16311775, 1, 0, 0
16007, 16342326, 1, 0, 0
16507, 15928698, 1, 0, 0
17007, 15649161, 1, 0, 0
17507, 15397197, 1, 0, 0
18005, 15839562, 1, 0, 0
18504, 15599970, 1, 0, 0
19002, 15261336, 1, 0, 0
19500, 14905033, 1, 0, 0
20000, 14802986, 1, 0, 0
20500, 15098478, 1, 0, 0
21000, 15050417, 1, 0, 0
21513, 14160636, 1, 0, 0
22010, 14015585, 1, 0, 0
22507, 13947287, 1, 0, 0
23003, 13624991, 1, 0, 0
23501, 13511120, 1, 0, 0
24000, 13027983, 1, 0, 0
24510, 12724405, 1, 0, 0
25006, 12675634, 1, 0, 0
25500, 12385079, 1, 0, 0
26011, 11906473, 1, 0, 0
26504, 11550719, 1, 0, 0
27000, 11617299, 1, 0, 0
27511, 11414376, 1, 0, 0
28000, 10729683, 1, 0, 0
28510, 10566905, 1, 0, 0
29000, 10242806, 1, 0, 0
29505, 9728992, 1, 0, 0
30011, 9459765, 1, 0, 0
30500, 9307278, 1, 0, 0
31001, 8688260, 1, 0, 0
31502, 8263398, 1, 0, 0
32001, 7837162, 1, 0, 0
32500, 7527696, 1, 0, 0
33009, 6817436, 1, 0, 0
33500, 6515999, 1, 0, 0
34003, 5781422, 1, 0, 0
34500, 5294279, 1, 0, 0
35004, 4509622, 1, 0, 0
35500, 3625209, 1, 0, 0
36000, 2375662, 1, 0, 0
36502, 3023914, 1, 0, 0
37009, 25831097, 1, 0, 0
37516, 25237560, 1, 0, 0
38003, 24893429, 1, 0, 0
38509, 23943885, 1, 0, 0
39000, 22847401, 1, 0, 0
39501, 21944635, 1, 0, 0
40005, 21011152, 1, 0, 0
40509, 19699920, 1, 0, 0
41012, 18854396, 1, 0, 0
41514, 18403209, 1, 0, 0
42017, 17686875, 1, 0, 0
42500, 17668988, 1, 0, 0
43002, 17801191, 1, 0, 0
43503, 17642225, 1, 0, 0
44005, 17745370, 1, 0, 0
44507, 17893205, 1, 0, 0
45009, 17378820, 1, 0, 0
45510, 16888468, 1, 0, 0
46012, 17005090, 1, 0, 0
46516, 17005917, 1, 0, 0
47000, 16808923, 1, 0, 0
47500, 16478542, 1, 0, 0
48000, 16252605, 1, 0, 0
48500, 15766718, 1, 0, 0
49000, 15736685, 1, 0, 0
49500, 15888131, 1, 0, 0
50015, 15282106, 1, 0, 0
50516, 15161546, 1, 0, 0
51013, 14713567, 1, 0, 0
51511, 14505129, 1, 0, 0
52008, 14398944, 1, 0, 0
52508, 14342034, 1, 0, 0
53007, 14230568, 1, 0, 0
53503, 14138074, 1, 0, 0
54001, 13662524, 1, 0, 0
54500, 13507097, 1, 0, 0
55012, 13210019, 1, 0, 0
55507, 12811295, 1, 0, 0
56001, 12571576, 1, 0, 0
56514, 12126835, 1, 0, 0
57009, 11852593, 1, 0, 0
57503, 11777009, 1, 0, 0
58000, 11481456, 1, 0, 0
58506, 10858349, 1, 0, 0
59015, 10750919, 1, 0, 0
59506, 10463658, 1, 0, 0
60014, 10100067, 1, 0, 0
60016, 18140333, 1, 0, 0
