500, 17880, 1, 0, 0
1000, 17864, 1, 0, 0
1500, 17868, 1, 0, 0
2000, 17864, 1, 0, 0
2500, 17868, 1, 0, 0
3000, 17864, 1, 0, 0
3500, 17864, 1, 0, 0
4000, 17866, 1, 0, 0
4500, 17868, 1, 0, 0
5000, 17866, 1, 0, 0
5500, 16506, 1, 0, 0
6000, 1260, 1, 0, 0
6500, 1266, 1, 0, 0
7000, 1248, 1, 0, 0
7500, 1338, 1, 0, 0
8000, 1400, 1, 0, 0
8500, 1472, 1, 0, 0
9000, 1450, 1, 0, 0
9500, 1576, 1, 0, 0
10000, 1658, 1, 0, 0
10500, 1722, 1, 0, 0
11000, 1784, 1, 0, 0
11500, 1828, 1, 0, 0
12000, 1840, 1, 0, 0
12500, 1830, 1, 0, 0
13000, 1764, 1, 0, 0
13500, 1790, 1, 0, 0
14000, 1792, 1, 0, 0
14500, 1846, 1, 0, 0
15000, 1890, 1, 0, 0
15500, 1962, 1, 0, 0
16000, 1958, 1, 0, 0
16500, 2006, 1, 0, 0
17000, 2046, 1, 0, 0
17500, 2076, 1, 0, 0
18000, 2016, 1, 0, 0
18500, 2046, 1, 0, 0
19000, 2094, 1, 0, 0
19500, 2140, 1, 0, 0
20000, 2160, 1, 0, 0
20500, 2124, 1, 0, 0
21000, 2194, 1, 0, 0
21500, 2240, 1, 0, 0
22000, 2272, 1, 0, 0
22500, 2278, 1, 0, 0
23000, 2332, 1, 0, 0
23500, 2358, 1, 0, 0
24000, 2528, 1, 0, 0
24500, 2484, 1, 0, 0
25000, 2506, 1, 0, 0
25500, 2568, 1, 0, 0
26000, 2738, 1, 0, 0
26500, 2730, 1, 0, 0
27000, 2814, 1, 0, 0
27500, 2780, 1, 0, 0
28000, 2920, 1, 0, 0
28500, 3088, 1, 0, 0
29000, 3124, 1, 0, 0
29500, 3260, 1, 0, 0
30000, 3426, 1, 0, 0
30500, 3452, 1, 0, 0
31000, 3598, 1, 0, 0
31500, 3882, 1, 0, 0
32000, 4082, 1, 0, 0
32500, 4376, 1, 0, 0
33000, 4632, 1, 0, 0
33500, 4930, 1, 0, 0
34000, 5466, 1, 0, 0
34500, 6028, 1, 0, 0
35000, 7174, 1, 0, 0
35500, 8917, 1, 0, 0
36000, 13468, 1, 0, 0
36500, 10192, 1, 0, 0
37000, 1256, 1, 0, 0
37500, 1284, 1, 0, 0
38000, 1254, 1, 0, 0
38500, 1356, 1, 0, 0
39000, 1422, 1, 0, 0
39500, 1418, 1, 0, 0
40000, 1536, 1, 0, 0
40500, 1640, 1, 0, 0
41000, 1708, 1, 0, 0
41500, 1746, 1, 0, 0
42000, 1818, 1, 0, 0
42500, 1758, 1, 0, 0
43000, 1796, 1, 0, 0
43500, 1818, 1, 0, 0
44000, 1810, 1, 0, 0
44500, 1798, 1, 0, 0
45000, 1846, 1, 0, 0
45500, 1900, 1, 0, 0
46000, 1892, 1, 0, 0
46500, 1892, 1, 0, 0
47000, 1864, 1, 0, 0
47500, 1936, 1, 0, 0
48000, 1966, 1, 0, 0
48500, 2100, 1, 0, 0
49000, 2020, 1, 0, 0
49500, 2028, 1, 0, 0
50000, 2076, 1, 0, 0
50500, 2112, 1, 0, 0
51000, 2164, 1, 0, 0
51500, 2196, 1, 0, 0
52000, 2212, 1, 0, 0
52500, 2234, 1, 0, 0
53000, 2244, 1, 0, 0
53500, 2246, 1, 0, 0
54000, 2332, 1, 0, 0
54500, 2438, 1, 0, 0
55000, 2406, 1, 0, 0
55500, 2472, 1, 0, 0
56000, 2518, 1, 0, 0
56500, 2712, 1, 0, 0
57000, 2666, 1, 0, 0
57500, 2684, 1, 0, 0
58000, 2862, 1, 0, 0
58500, 2888, 1, 0, 0
59000, 3032, 1, 0, 0
59500, 3006, 1, 0, 0
60000, 3218, 1, 0, 0
