500, 1783350, 1, 0, 0
1000, 1786807, 1, 0, 0
1500, 1786798, 1, 0, 0
2000, 1786813, 1, 0, 0
2500, 1786809, 1, 0, 0
3000, 1786811, 1, 0, 0
3500, 1786783, 1, 0, 0
4000, 1786798, 1, 0, 0
4500, 1786785, 1, 0, 0
5000, 1786783, 1, 0, 0
5517, 1919969, 1, 0, 0
6005, 24723406, 1, 0, 0
6513, 25739747, 1, 0, 0
7000, 24970179, 1, 0, 0
7507, 24245482, 1, 0, 0
8011, 23107431, 1, 0, 0
8516, 21950789, 1, 0, 0
9002, 21514275, 1, 0, 0
9507, 20549499, 1, 0, 0
10009, 19367393, 1, 0, 0
10511, 18674864, 1, 0, 0
11013, 17986410, 1, 0, 0
11514, 17548546, 1, 0, 0
12015, 17409517, 1, 0, 0
12500, 17505122, 1, 0, 0
13001, 17616892, 1, 0, 0
13504, 17950347, 1, 0, 0
14005, 17909519, 1, 0, 0
14507, 17417250, 1, 0, 0
15008, 16929844, 1, 0, 0
15508, 16307370, 1, 0, 0
16007, 16337956, 1, 0, 0
16507, 15924296, 1, 0, 0
17007, 15644792, 1, 0, 0
17507, 15392811, 1, 0, 0
18005, 15835164, 1, 0, 0
18504, 15595646, 1, 0, 0
19002, 15256964, 1, 0, 0
19500, 14900623, 1, 0, 0
20000, 14798587, 1, 0, 0
20500, 15094072, 1, 0, 0
21000, 15046049, 1, 0, 0
21513, 14156245, 1, 0, 0
22010, 14011168, 1, 0, 0
22507, 13942882, 1, 0, 0
23003, 13620614, 1, 0, 0
23501, 13506695, 1, 0, 0
24000, 13023579, 1, 0, 0
24510, 12719980, 1, 0, 0
25006, 12671219, 1, 0, 0
25500, 12380662, 1, 0, 0
26011, 11902098, 1, 0, 0
26504, 11546307, 1, 0, 0
27000, 11612888, 1, 0, 0
27511, 11409978, 1, 0, 0
28000, 10725251, 1, 0, 0
28510, 10562501, 1, 0, 0
29000, 10238420, 1, 0, 0
29505, 9724603, 1, 0, 0
30011, 9455373, 1, 0, 0
30500, 9302844, 1, 0, 0
31001, 8683826, 1, 0, 0
31502, 8258977, 1, 0, 0
32001, 7832712, 1, 0, 0
32500, 7523305, 1, 0, 0
33009, 6813019, 1, 0, 0
33500, 6511616, 1, 0, 0
34003, 5777036, 1, 0, 0
34500, 5289864, 1, 0, 0
35004, 4505174, 1, 0, 0
35500, 3620761, 1, 0, 0
36000, 2371257, 1, 0, 0
36502, 3019588, 1, 0, 0
37009, 25826756, 1, 0, 0
37516, 25233185, 1, 0, 0
38003, 24889045, 1, 0, 0
38509, 23939526, 1, 0, 0
39000, 22843016, 1, 0, 0
39501, 21940234, 1, 0, 0
40005, 21006792, 1, 0, 0
40509, 19695555, 1, 0, 0
41012, 18850027, 1, 0, 0
41514, 18398825, 1, 0, 0
42017, 17682474, 1, 0, 0
42500, 17664575, 1, 0, 0
43002, 17796775, 1, 0, 0
43503, 17637837, 1, 0, 0
44005, 17741001, 1, 0, 0
44507, 17888786, 1, 0, 0
45009, 17374370, 1, 0, 0
45510, 16884098, 1, 0, 0
46012, 17000664, 1, 0, 0
46516, 17001517, 1, 0, 0
47000, 16804512, 1, 0, 0
47500, 16474154, 1, 0, 0
48000, 16248183, 1, 0, 0
48500, 15762314, 1, 0, 0
49000, 15732269, 1, 0, 0
49500, 15883719, 1, 0, 0
50015, 15277738, 1, 0, 0
50516, 15157166, 1, 0, 0
51013, 14709136, 1, 0, 0
51511, 14500706, 1, 0, 0
52008, 14394568, 1, 0, 0
52508, 14337607, 1, 0, 0
53007, 14226159, 1, 0, 0
53503, 14133700, 1, 0, 0
54001, 13658105, 1, 0, 0
54500, 13502705, 1, 0, 0
55012, 13205621, 1, 0, 0
55507, 12806925, 1, 0, 0
56001, 12567177, 1, 0, 0
56514, 12122481, 1, 0, 0
57009, 11848138, 1, 0, 0
57503, 11772634, 1, 0, 0
58000, 11477087, 1, 0, 0
58506, 10853994, 1, 0, 0
59015, 10746472, 1, 0, 0
59506, 10459217, 1, 0, 0
60014, 10095682, 1, 0, 0
60016, 18135705, 1, 0, 0
