500, 2288640, 1, 0, 0
1000, 2286592, 1, 0, 0
1500, 2287104, 1, 0, 0
2000, 2286592, 1, 0, 0
2500, 2287104, 1, 0, 0
3000, 2286592, 1, 0, 0
3500, 2286592, 1, 0, 0
4000, 2286848, 1, 0, 0
4500, 2287104, 1, 0, 0
5000, 2286848, 1, 0, 0
5500, 2112768, 1, 0, 0
6000, 161346, 1, 0, 0
6500, 162048, 1, 0, 0
7000, 159744, 1, 0, 0
7500, 171264, 1, 0, 0
8000, 179200, 1, 0, 0
8500, 188416, 1, 0, 0
9000, 185600, 1, 0, 0
9500, 201728, 1, 0, 0
10000, 212224, 1, 0, 0
10500, 220416, 1, 0, 0
11000, 228352, 1, 0, 0
11500, 233984, 1, 0, 0
12000, 235520, 1, 0, 0
12500, 234240, 1, 0, 0
13000, 225792, 1, 0, 0
13500, 229120, 1, 0, 0
14000, 229376, 1, 0, 0
14500, 236288, 1, 0, 0
15000, 241920, 1, 0, 0
15500, 251136, 1, 0, 0
16000, 250624, 1, 0, 0
16500, 256768, 1, 0, 0
17000, 261888, 1, 0, 0
17500, 265728, 1, 0, 0
18000, 258048, 1, 0, 0
18500, 261888, 1, 0, 0
19000, 268056, 1, 0, 0
19500, 273920, 1, 0, 0
20000, 276480, 1, 0, 0
20500, 271872, 1, 0, 0
21000, 280832, 1, 0, 0
21500, 286720, 1, 0, 0
22000, 290816, 1, 0, 0
22500, 291584, 1, 0, 0
23000, 298496, 1, 0, 0
23500, 301824, 1, 0, 0
24000, 323584, 1, 0, 0
24500, 317952, 1, 0, 0
25000, 320768, 1, 0, 0
25500, 328704, 1, 0, 0
26000, 350464, 1, 0, 0
26500, 349440, 1, 0, 0
27000, 360192, 1, 0, 0
27500, 355840, 1, 0, 0
28000, 373760, 1, 0, 0
28500, 395264, 1, 0, 0
29000, 399872, 1, 0, 0
29500, 417280, 1, 0, 0
30000, 438528, 1, 0, 0
30500, 441856, 1, 0, 0
31000, 460544, 1, 0, 0
31500, 496896, 1, 0, 0
32000, 522496, 1, 0, 0
32500, 560128, 1, 0, 0
33000, 592896, 1, 0, 0
33500, 631040, 1, 0, 0
34000, 699648, 1, 0, 0
34500, 771584, 1, 0, 0
35000, 918272, 1, 0, 0
35500, 1141482, 1, 0, 0
36000, 1723904, 1, 0, 0
36500, 1304576, 1, 0, 0
37000, 160768, 1, 0, 0
37500, 164352, 1, 0, 0
38000, 160512, 1, 0, 0
38500, 173568, 1, 0, 0
39000, 182016, 1, 0, 0
39500, 181504, 1, 0, 0
40000, 196608, 1, 0, 0
40500, 209920, 1, 0, 0
41000, 218624, 1, 0, 0
41500, 223488, 1, 0, 0
42000, 232704, 1, 0, 0
42500, 225024, 1, 0, 0
43000, 229888, 1, 0, 0
43500, 232704, 1, 0, 0
44000, 231680, 1, 0, 0
44500, 230144, 1, 0, 0
45000, 236288, 1, 0, 0
45500, 243200, 1, 0, 0
46000, 242176, 1, 0, 0
46500, 242176, 1, 0, 0
47000, 238592, 1, 0, 0
47500, 247808, 1, 0, 0
48000, 251648, 1, 0, 0
48500, 268800, 1, 0, 0
49000, 258560, 1, 0, 0
49500, 259584, 1, 0, 0
50000, 265728, 1, 0, 0
50500, 270336, 1, 0, 0
51000, 276992, 1, 0, 0
51500, 281088, 1, 0, 0
52000, 283136, 1, 0, 0
52500, 286012, 1, 0, 0
53000, 287232, 1, 0, 0
53500, 287488, 1, 0, 0
54000, 298496, 1, 0, 0
54500, 312064, 1, 0, 0
55000, 307968, 1, 0, 0
55500, 316416, 1, 0, 0
56000, 322304, 1, 0, 0
56500, 347136, 1, 0, 0
57000, 341248, 1, 0, 0
57500, 343552, 1, 0, 0
58000, 366336, 1, 0, 0
58500, 369664, 1, 0, 0
59000, 388096, 1, 0, 0
59500, 384768, 1, 0, 0
60000, 411904, 1, 0, 0
