[62287.104312] KSC2026-MARK map16k_bs128k_r1 insmod 1791438049478093853
[62287.124547] NVMeVirt: Version 1.10 for >> Samsung 970 Pro SSD <<
[62287.124566] NVMeVirt: Storage: 0x300100000-0x600000000 (12287 MiB)
[62287.137509] NVMeVirt: Total Capacity(GiB,MiB)=3,3072 chs=2 luns=4 lines=384 blk-size(MiB,KiB)=2,2048 line-size(MiB,KiB)=8,8192
[62287.137514] NVMeVirt: KSC2026: mapping unit=16384 B, flash page=32768 B, oneshot page=32768 B, pgs_per_blk=128, blks_per_pl=384, write buffer=1048576 B
[62287.142308] NVMeVirt: [chmodel_init] bandwidth 800 max_credits 26 tx_time 152
[62287.145493] NVMeVirt: [chmodel_init] bandwidth 800 max_credits 26 tx_time 152
[62287.145504] NVMeVirt: [chmodel_init] bandwidth 3360 max_credits 110 tx_time 36
[62287.145841] NVMeVirt: pqueue: Copyright (c) 2014, Volkan Yazıcı <volkan.yazici@gmail.com>. All rights reserved.
[62287.145843] NVMeVirt: Init FTL instance with 2 channels (196608 pages)
[62287.148997] NVMeVirt: [chmodel_init] bandwidth 800 max_credits 26 tx_time 152
[62287.152091] NVMeVirt: [chmodel_init] bandwidth 800 max_credits 26 tx_time 152
[62287.152102] NVMeVirt: [chmodel_init] bandwidth 3360 max_credits 110 tx_time 36
[62287.152434] NVMeVirt: Init FTL instance with 2 channels (196608 pages)
[62287.155517] NVMeVirt: [chmodel_init] bandwidth 800 max_credits 26 tx_time 152
[62287.158602] NVMeVirt: [chmodel_init] bandwidth 800 max_credits 26 tx_time 152
[62287.158613] NVMeVirt: [chmodel_init] bandwidth 3360 max_credits 110 tx_time 36
[62287.158947] NVMeVirt: Init FTL instance with 2 channels (196608 pages)
[62287.162033] NVMeVirt: [chmodel_init] bandwidth 800 max_credits 26 tx_time 152
[62287.165109] NVMeVirt: [chmodel_init] bandwidth 800 max_credits 26 tx_time 152
[62287.165119] NVMeVirt: [chmodel_init] bandwidth 3360 max_credits 110 tx_time 36
[62287.165464] NVMeVirt: Init FTL instance with 2 channels (196608 pages)
[62287.165466] NVMeVirt: FTL physical space: 12883853312, logical space: 12040984403 (physical/logical * 100 = 107)
[62287.165467] NVMeVirt: KSC2026: WBUF_FIX=0 GC_STATS=1
[62287.165468] NVMeVirt: ns 0/1: size 11483 MiB
[62287.165499] PCI host bridge to bus 0001:10
[62287.165501] pci_bus 0001:10: root bus resource [io  0x0000-0xffff]
[62287.165503] pci_bus 0001:10: root bus resource [mem 0x00000000-0x3fffffffffff]
[62287.165504] pci_bus 0001:10: root bus resource [bus 00-ff]
[62287.165509] pci 0001:10:00.0: [0c51:0110] type 00 class 0x010802 PCIe Endpoint
[62287.165512] pci 0001:10:00.0: BAR 0 [mem 0x300000000-0x300003fff 64bit]
[62287.165513] pci 0001:10:00.0: enabling Extended Tags
[62287.165610] NVMeVirt: Virtual PCI bus created (node 0)
[62287.166073] NVMeVirt: nvmev_io_worker_0 started on cpu 4 (node 0)
[62287.166247] NVMeVirt: nvmev_io_worker_1 started on cpu 5 (node 0)
[62287.166260] NVMeVirt: nvmev_dispatcher started on cpu 3 (node 0)
[62287.166326] nvme nvme1: pci function 0001:10:00.0
[62287.169880] nvme nvme1: 1/0/0 default/read/poll queues
[62287.171805] NVMeVirt: Virtual NVMe device created
[62293.197838] KSC2026-MARK map16k_bs128k_r1 fio-start 1791438055584655194
[62298.894749] NVMeVirt: KSC2026: first GC part=0 victim line=38 vpc=462 ipc=50 free_lines=2 host_pgs=194560
[62298.894789] NVMeVirt: KSC2026: first GC part=1 victim line=38 vpc=462 ipc=50 free_lines=2 host_pgs=194560
[62298.894825] NVMeVirt: KSC2026: first GC part=2 victim line=38 vpc=462 ipc=50 free_lines=2 host_pgs=194560
[62298.894860] NVMeVirt: KSC2026: first GC part=3 victim line=38 vpc=462 ipc=50 free_lines=2 host_pgs=194560
[62353.506071] KSC2026-MARK map16k_bs128k_r1 fio-end
[62353.510042] KSC2026-MARK map16k_bs128k_r1 rmmod 1791438115898049496
[62353.578854] pci_bus 0001:10: busn_res: [bus 10-ff] is released
[62353.578919] NVMeVirt: KSC2026: stats part=0 host_pgs=477014 gc_pgs=1187492 gc_cnt=2870 free_lines=2
[62353.578920] NVMeVirt: KSC2026: stats part=1 host_pgs=477014 gc_pgs=1187492 gc_cnt=2870 free_lines=2
[62353.578921] NVMeVirt: KSC2026: stats part=2 host_pgs=477014 gc_pgs=1187492 gc_cnt=2870 free_lines=2
[62353.578922] NVMeVirt: KSC2026: stats part=3 host_pgs=477014 gc_pgs=1187492 gc_cnt=2870 free_lines=2
[62353.606737] NVMeVirt: Virtual NVMe device closed
