500, 480452, 1, 0, 0
1000, 478613, 1, 0, 0
1500, 479820, 1, 0, 0
2000, 481754, 1, 0, 0
2500, 485224, 1, 0, 0
3000, 481358, 1, 0, 0
3500, 481463, 1, 0, 0
4000, 480274, 1, 0, 0
4500, 481703, 1, 0, 0
5000, 478683, 1, 0, 0
5500, 481546, 1, 0, 0
6011, 644451, 1, 0, 0
6513, 7178499, 1, 0, 0
7000, 7382458, 1, 0, 0
7504, 6922035, 1, 0, 0
8006, 6938681, 1, 0, 0
8503, 6900957, 1, 0, 0
9005, 6561729, 1, 0, 0
9505, 6513319, 1, 0, 0
10000, 6455320, 1, 0, 0
10511, 6124410, 1, 0, 0
11000, 6380135, 1, 0, 0
11511, 5549182, 1, 0, 0
12014, 5954220, 1, 0, 0
12500, 5996863, 1, 0, 0
13013, 5899888, 1, 0, 0
13500, 5677943, 1, 0, 0
14000, 5783599, 1, 0, 0
14504, 5211290, 1, 0, 0
15000, 5422264, 1, 0, 0
15500, 5938233, 1, 0, 0
16009, 5350928, 1, 0, 0
16500, 5688178, 1, 0, 0
17000, 5799988, 1, 0, 0
17505, 5175454, 1, 0, 0
18002, 5768417, 1, 0, 0
18510, 5208944, 1, 0, 0
19005, 4759883, 1, 0, 0
19509, 4965451, 1, 0, 0
20004, 5421296, 1, 0, 0
20504, 5117409, 1, 0, 0
21015, 5472726, 1, 0, 0
21500, 5029053, 1, 0, 0
22000, 5020223, 1, 0, 0
22508, 5168461, 1, 0, 0
23005, 5154459, 1, 0, 0
23501, 5069628, 1, 0, 0
24012, 5083187, 1, 0, 0
24511, 4869242, 1, 0, 0
25000, 5133225, 1, 0, 0
25500, 5066456, 1, 0, 0
26000, 5182926, 1, 0, 0
26512, 4594419, 1, 0, 0
27006, 4669237, 1, 0, 0
27502, 4630902, 1, 0, 0
28009, 4800113, 1, 0, 0
28500, 4397612, 1, 0, 0
29000, 4836840, 1, 0, 0
29509, 4963315, 1, 0, 0
30001, 4444694, 1, 0, 0
30509, 4949474, 1, 0, 0
31000, 4864363, 1, 0, 0
31500, 4719961, 1, 0, 0
32009, 4427897, 1, 0, 0
32500, 3967259, 1, 0, 0
33000, 4247655, 1, 0, 0
33500, 4627658, 1, 0, 0
34007, 4210364, 1, 0, 0
34513, 4336181, 1, 0, 0
35001, 4230265, 1, 0, 0
35500, 4122068, 1, 0, 0
36002, 3933584, 1, 0, 0
36502, 3946290, 1, 0, 0
37000, 4006292, 1, 0, 0
37500, 3754919, 1, 0, 0
38009, 4028289, 1, 0, 0
38505, 4179531, 1, 0, 0
39007, 3869933, 1, 0, 0
39505, 3780819, 1, 0, 0
40009, 3800241, 1, 0, 0
40505, 3544679, 1, 0, 0
41002, 3541334, 1, 0, 0
41500, 3532779, 1, 0, 0
42007, 3306640, 1, 0, 0
42506, 3071865, 1, 0, 0
43010, 3128126, 1, 0, 0
43500, 2856706, 1, 0, 0
44002, 2657044, 1, 0, 0
44502, 2797814, 1, 0, 0
45009, 2683119, 1, 0, 0
45500, 2449984, 1, 0, 0
46000, 2182900, 1, 0, 0
46500, 2266389, 1, 0, 0
47000, 1917579, 1, 0, 0
47500, 2001678, 1, 0, 0
48000, 1620049, 1, 0, 0
48500, 1258634, 1, 0, 0
49000, 639130, 1, 0, 0
49504, 1135292, 1, 0, 0
50005, 7798725, 1, 0, 0
50511, 7051049, 1, 0, 0
51000, 6939665, 1, 0, 0
51513, 7129232, 1, 0, 0
52011, 6966117, 1, 0, 0
52511, 6399160, 1, 0, 0
53005, 6324392, 1, 0, 0
53514, 6391655, 1, 0, 0
54009, 5946805, 1, 0, 0
54513, 6318608, 1, 0, 0
55005, 5812776, 1, 0, 0
55508, 5910067, 1, 0, 0
56007, 5981918, 1, 0, 0
56500, 5480222, 1, 0, 0
57014, 5880413, 1, 0, 0
57514, 5785480, 1, 0, 0
58000, 5824961, 1, 0, 0
58508, 5293605, 1, 0, 0
59004, 6019367, 1, 0, 0
59505, 5589273, 1, 0, 0
60006, 4966051, 1, 0, 0
60007, 17647695, 1, 0, 0
