500, 478775, 1, 0, 0
1000, 476940, 1, 0, 0
1500, 478147, 1, 0, 0
2000, 480084, 1, 0, 0
2500, 483561, 1, 0, 0
3000, 479687, 1, 0, 0
3500, 479793, 1, 0, 0
4000, 478600, 1, 0, 0
4500, 480019, 1, 0, 0
5000, 477014, 1, 0, 0
5500, 479883, 1, 0, 0
6011, 642765, 1, 0, 0
6513, 7176794, 1, 0, 0
7000, 7380757, 1, 0, 0
7504, 6920342, 1, 0, 0
8006, 6936962, 1, 0, 0
8503, 6899257, 1, 0, 0
9005, 6560028, 1, 0, 0
9505, 6511619, 1, 0, 0
10000, 6453623, 1, 0, 0
10511, 6122713, 1, 0, 0
11000, 6378441, 1, 0, 0
11511, 5547488, 1, 0, 0
12014, 5952529, 1, 0, 0
12500, 5995162, 1, 0, 0
13013, 5898190, 1, 0, 0
13500, 5676251, 1, 0, 0
14000, 5781910, 1, 0, 0
14504, 5209597, 1, 0, 0
15000, 5420568, 1, 0, 0
15500, 5936546, 1, 0, 0
16009, 5349232, 1, 0, 0
16500, 5686498, 1, 0, 0
17000, 5798287, 1, 0, 0
17505, 5173776, 1, 0, 0
18002, 5766721, 1, 0, 0
18510, 5207253, 1, 0, 0
19005, 4758186, 1, 0, 0
19509, 4963764, 1, 0, 0
20004, 5419603, 1, 0, 0
20504, 5115708, 1, 0, 0
21015, 5471025, 1, 0, 0
21500, 5027348, 1, 0, 0
22000, 5018518, 1, 0, 0
22508, 5166754, 1, 0, 0
23005, 5152757, 1, 0, 0
23501, 5067948, 1, 0, 0
24012, 5081488, 1, 0, 0
24511, 4867544, 1, 0, 0
25000, 5131520, 1, 0, 0
25500, 5064767, 1, 0, 0
26000, 5181224, 1, 0, 0
26512, 4592711, 1, 0, 0
27006, 4667536, 1, 0, 0
27502, 4629208, 1, 0, 0
28009, 4798413, 1, 0, 0
28500, 4395911, 1, 0, 0
29000, 4835134, 1, 0, 0
29509, 4961622, 1, 0, 0
30001, 4442995, 1, 0, 0
30509, 4947784, 1, 0, 0
31000, 4862658, 1, 0, 0
31500, 4718269, 1, 0, 0
32009, 4426200, 1, 0, 0
32500, 3965575, 1, 0, 0
33000, 4245965, 1, 0, 0
33500, 4625971, 1, 0, 0
34007, 4208674, 1, 0, 0
34513, 4334088, 1, 0, 0
35001, 4228563, 1, 0, 0
35500, 4120370, 1, 0, 0
36002, 3931888, 1, 0, 0
36502, 3944592, 1, 0, 0
37000, 4004601, 1, 0, 0
37500, 3753227, 1, 0, 0
38009, 4026595, 1, 0, 0
38505, 4177826, 1, 0, 0
39007, 3868040, 1, 0, 0
39505, 3779134, 1, 0, 0
40009, 3798553, 1, 0, 0
40505, 3542991, 1, 0, 0
41002, 3539643, 1, 0, 0
41500, 3531083, 1, 0, 0
42007, 3304959, 1, 0, 0
42506, 3070181, 1, 0, 0
43010, 3126441, 1, 0, 0
43500, 2855023, 1, 0, 0
44002, 2655358, 1, 0, 0
44502, 2796134, 1, 0, 0
45009, 2681433, 1, 0, 0
45500, 2448307, 1, 0, 0
46000, 2181219, 1, 0, 0
46500, 2264707, 1, 0, 0
47000, 1915898, 1, 0, 0
47500, 1999994, 1, 0, 0
48000, 1618372, 1, 0, 0
48500, 1256948, 1, 0, 0
49000, 637454, 1, 0, 0
49504, 1133622, 1, 0, 0
50005, 7797035, 1, 0, 0
50511, 7049340, 1, 0, 0
51000, 6937974, 1, 0, 0
51513, 7127545, 1, 0, 0
52011, 6964426, 1, 0, 0
52511, 6397474, 1, 0, 0
53005, 6322688, 1, 0, 0
53514, 6389954, 1, 0, 0
54009, 5945114, 1, 0, 0
54513, 6316906, 1, 0, 0
55005, 5811081, 1, 0, 0
55508, 5908376, 1, 0, 0
56007, 5980221, 1, 0, 0
56500, 5478542, 1, 0, 0
57014, 5878728, 1, 0, 0
57514, 5783797, 1, 0, 0
58000, 5823279, 1, 0, 0
58508, 5291912, 1, 0, 0
59004, 6017670, 1, 0, 0
59505, 5587593, 1, 0, 0
60006, 4964361, 1, 0, 0
60007, 17646028, 1, 0, 0
