500, 2132864, 1, 0, 0
1000, 2138048, 1, 0, 0
1500, 2133824, 1, 0, 0
2000, 2124416, 1, 0, 0
2500, 2109498, 1, 0, 0
3000, 2126528, 1, 0, 0
3500, 2126208, 1, 0, 0
4000, 2131136, 1, 0, 0
4500, 2124864, 1, 0, 0
5000, 2138560, 1, 0, 0
5500, 2125312, 1, 0, 0
6000, 1571712, 1, 0, 0
6500, 143552, 1, 0, 0
7000, 139328, 1, 0, 0
7500, 144064, 1, 0, 0
8000, 148032, 1, 0, 0
8500, 148416, 1, 0, 0
9000, 155904, 1, 0, 0
9500, 157440, 1, 0, 0
10000, 158080, 1, 0, 0
10500, 169664, 1, 0, 0
11000, 162560, 1, 0, 0
11500, 182464, 1, 0, 0
12000, 173440, 1, 0, 0
12500, 170496, 1, 0, 0
13000, 173184, 1, 0, 0
13500, 182848, 1, 0, 0
14000, 177600, 1, 0, 0
14500, 190016, 1, 0, 0
15000, 191168, 1, 0, 0
15500, 175936, 1, 0, 0
16000, 187200, 1, 0, 0
16500, 182336, 1, 0, 0
17000, 176064, 1, 0, 0
17500, 194693, 1, 0, 0
18000, 176640, 1, 0, 0
18500, 199936, 1, 0, 0
19000, 212928, 1, 0, 0
19500, 208000, 1, 0, 0
20000, 186368, 1, 0, 0
20500, 199936, 1, 0, 0
21000, 191232, 1, 0, 0
21500, 203392, 1, 0, 0
22000, 204416, 1, 0, 0
22500, 195136, 1, 0, 0
23000, 197760, 1, 0, 0
23500, 200704, 1, 0, 0
24000, 206016, 1, 0, 0
24500, 209408, 1, 0, 0
25000, 195328, 1, 0, 0
25500, 208448, 1, 0, 0
26000, 194752, 1, 0, 0
26500, 224512, 1, 0, 0
27000, 216576, 1, 0, 0
27500, 219200, 1, 0, 0
28000, 216320, 1, 0, 0
28500, 229376, 1, 0, 0
29000, 217216, 1, 0, 0
29500, 203968, 1, 0, 0
30000, 227072, 1, 0, 0
30500, 210432, 1, 0, 0
31000, 209728, 1, 0, 0
31500, 222080, 1, 0, 0
32000, 226368, 1, 0, 0
32500, 255104, 1, 0, 0
33000, 245952, 1, 0, 0
33500, 222848, 1, 0, 0
34001, 239744, 1, 0, 0
34500, 237851, 1, 0, 0
35000, 237120, 1, 0, 0
35500, 253760, 1, 0, 0
36000, 255808, 1, 0, 0
36500, 258560, 1, 0, 0
37000, 260736, 1, 0, 0
37500, 272576, 1, 0, 0
38000, 253824, 1, 0, 0
38500, 243008, 1, 0, 0
39000, 265088, 1, 0, 0
39500, 269184, 1, 0, 0
40000, 272704, 1, 0, 0
40500, 286080, 1, 0, 0
41000, 287680, 1, 0, 0
41500, 297152, 1, 0, 0
42000, 304256, 1, 0, 0
42500, 333760, 1, 0, 0
43000, 329984, 1, 0, 0
43500, 350528, 1, 0, 0
44000, 388096, 1, 0, 0
44500, 366272, 1, 0, 0
45000, 386944, 1, 0, 0
45500, 421504, 1, 0, 0
46000, 467904, 1, 0, 0
46500, 449984, 1, 0, 0
47000, 532608, 1, 0, 0
47500, 514112, 1, 0, 0
48000, 633600, 1, 0, 0
48500, 813824, 1, 0, 0
49000, 1602432, 1, 0, 0
49500, 874048, 1, 0, 0
50000, 132553, 1, 0, 0
50500, 146304, 1, 0, 0
51000, 149312, 1, 0, 0
51500, 143104, 1, 0, 0
52000, 146176, 1, 0, 0
52500, 160000, 1, 0, 0
53000, 159744, 1, 0, 0
53500, 162944, 1, 0, 0
54000, 170752, 1, 0, 0
54500, 163456, 1, 0, 0
55000, 173632, 1, 0, 0
55500, 174400, 1, 0, 0
56000, 171264, 1, 0, 0
56500, 190016, 1, 0, 0
57000, 172928, 1, 0, 0
57500, 176832, 1, 0, 0
58000, 175488, 1, 0, 0
58500, 191552, 1, 0, 0
59000, 169216, 1, 0, 0
59500, 184064, 1, 0, 0
60000, 205376, 1, 0, 0
