500, 66652, 1, 0, 0
1000, 66812, 1, 0, 0
1500, 66682, 1, 0, 0
2000, 66388, 1, 0, 0
2500, 65921, 1, 0, 0
3000, 66454, 1, 0, 0
3500, 66444, 1, 0, 0
4000, 66598, 1, 0, 0
4500, 66402, 1, 0, 0
5000, 66830, 1, 0, 0
5500, 66416, 1, 0, 0
6000, 49116, 1, 0, 0
6500, 4486, 1, 0, 0
7000, 4354, 1, 0, 0
7500, 4502, 1, 0, 0
8000, 4626, 1, 0, 0
8500, 4638, 1, 0, 0
9000, 4872, 1, 0, 0
9500, 4920, 1, 0, 0
10000, 4940, 1, 0, 0
10500, 5302, 1, 0, 0
11000, 5080, 1, 0, 0
11500, 5702, 1, 0, 0
12000, 5420, 1, 0, 0
12500, 5328, 1, 0, 0
13000, 5412, 1, 0, 0
13500, 5714, 1, 0, 0
14000, 5550, 1, 0, 0
14500, 5938, 1, 0, 0
15000, 5974, 1, 0, 0
15500, 5498, 1, 0, 0
16000, 5850, 1, 0, 0
16500, 5698, 1, 0, 0
17000, 5502, 1, 0, 0
17500, 6084, 1, 0, 0
18000, 5520, 1, 0, 0
18500, 6248, 1, 0, 0
19000, 6654, 1, 0, 0
19500, 6500, 1, 0, 0
20000, 5824, 1, 0, 0
20500, 6248, 1, 0, 0
21000, 5976, 1, 0, 0
21500, 6356, 1, 0, 0
22000, 6388, 1, 0, 0
22500, 6098, 1, 0, 0
23000, 6180, 1, 0, 0
23500, 6272, 1, 0, 0
24000, 6438, 1, 0, 0
24500, 6544, 1, 0, 0
25000, 6104, 1, 0, 0
25500, 6514, 1, 0, 0
26000, 6086, 1, 0, 0
26500, 7016, 1, 0, 0
27000, 6768, 1, 0, 0
27500, 6850, 1, 0, 0
28000, 6760, 1, 0, 0
28500, 7168, 1, 0, 0
29000, 6788, 1, 0, 0
29500, 6374, 1, 0, 0
30000, 7096, 1, 0, 0
30500, 6576, 1, 0, 0
31000, 6554, 1, 0, 0
31500, 6940, 1, 0, 0
32000, 7074, 1, 0, 0
32500, 7972, 1, 0, 0
33000, 7686, 1, 0, 0
33500, 6964, 1, 0, 0
34001, 7492, 1, 0, 0
34500, 7432, 1, 0, 0
35000, 7410, 1, 0, 0
35500, 7930, 1, 0, 0
36000, 7994, 1, 0, 0
36500, 8080, 1, 0, 0
37000, 8148, 1, 0, 0
37500, 8518, 1, 0, 0
38000, 7932, 1, 0, 0
38500, 7594, 1, 0, 0
39000, 8284, 1, 0, 0
39500, 8412, 1, 0, 0
40000, 8522, 1, 0, 0
40500, 8940, 1, 0, 0
41000, 8990, 1, 0, 0
41500, 9286, 1, 0, 0
42000, 9508, 1, 0, 0
42500, 10430, 1, 0, 0
43000, 10312, 1, 0, 0
43500, 10954, 1, 0, 0
44000, 12128, 1, 0, 0
44500, 11446, 1, 0, 0
45000, 12092, 1, 0, 0
45500, 13172, 1, 0, 0
46000, 14622, 1, 0, 0
46500, 14062, 1, 0, 0
47000, 16644, 1, 0, 0
47500, 16066, 1, 0, 0
48000, 19800, 1, 0, 0
48500, 25432, 1, 0, 0
49000, 50076, 1, 0, 0
49500, 27314, 1, 0, 0
50000, 4142, 1, 0, 0
50500, 4572, 1, 0, 0
51000, 4666, 1, 0, 0
51500, 4472, 1, 0, 0
52000, 4568, 1, 0, 0
52500, 5000, 1, 0, 0
53000, 4992, 1, 0, 0
53500, 5092, 1, 0, 0
54000, 5336, 1, 0, 0
54500, 5108, 1, 0, 0
55000, 5426, 1, 0, 0
55500, 5450, 1, 0, 0
56000, 5352, 1, 0, 0
56500, 5938, 1, 0, 0
57000, 5404, 1, 0, 0
57500, 5526, 1, 0, 0
58000, 5484, 1, 0, 0
58500, 5986, 1, 0, 0
59000, 5288, 1, 0, 0
59500, 5752, 1, 0, 0
60000, 6418, 1, 0, 0
