500, 1678, 1, 0, 0
1000, 1673, 1, 0, 0
1500, 1673, 1, 0, 0
2000, 1670, 1, 0, 0
2500, 1663, 1, 0, 0
3000, 1671, 1, 0, 0
3500, 1671, 1, 0, 0
4000, 1674, 1, 0, 0
4500, 1684, 1, 0, 0
5000, 1669, 1, 0, 0
5500, 1663, 1, 0, 0
6011, 1686, 1, 0, 0
6513, 1705, 1, 0, 0
7000, 1700, 1, 0, 0
7504, 1694, 1, 0, 0
8006, 1720, 1, 0, 0
8503, 1698, 1, 0, 0
9005, 1700, 1, 0, 0
9505, 1701, 1, 0, 0
10000, 1696, 1, 0, 0
10511, 1697, 1, 0, 0
11000, 1693, 1, 0, 0
11511, 1694, 1, 0, 0
12014, 1692, 1, 0, 0
12500, 1700, 1, 0, 0
13013, 1698, 1, 0, 0
13500, 1692, 1, 0, 0
14000, 1689, 1, 0, 0
14504, 1694, 1, 0, 0
15000, 1696, 1, 0, 0
15500, 1686, 1, 0, 0
16009, 1696, 1, 0, 0
16500, 1680, 1, 0, 0
17000, 1701, 1, 0, 0
17505, 1677, 1, 0, 0
18002, 1696, 1, 0, 0
18510, 1692, 1, 0, 0
19005, 1696, 1, 0, 0
19509, 1687, 1, 0, 0
20004, 1693, 1, 0, 0
20504, 1701, 1, 0, 0
21015, 1700, 1, 0, 0
21500, 1706, 1, 0, 0
22000, 1704, 1, 0, 0
22508, 1708, 1, 0, 0
23005, 1701, 1, 0, 0
23501, 1681, 1, 0, 0
24012, 1700, 1, 0, 0
24511, 1697, 1, 0, 0
25000, 1705, 1, 0, 0
25500, 1688, 1, 0, 0
26000, 1702, 1, 0, 0
26512, 1709, 1, 0, 0
27006, 1700, 1, 0, 0
27502, 1695, 1, 0, 0
28009, 1699, 1, 0, 0
28500, 1701, 1, 0, 0
29000, 1707, 1, 0, 0
29509, 1693, 1, 0, 0
30001, 1699, 1, 0, 0
30509, 1690, 1, 0, 0
31000, 1705, 1, 0, 0
31500, 1691, 1, 0, 0
32009, 1697, 1, 0, 0
32500, 1684, 1, 0, 0
33000, 1690, 1, 0, 0
33500, 1687, 1, 0, 0
34007, 1691, 1, 0, 0
34513, 2092, 1, 0, 0
35001, 1702, 1, 0, 0
35500, 1698, 1, 0, 0
36002, 1696, 1, 0, 0
36502, 1698, 1, 0, 0
37000, 1691, 1, 0, 0
37500, 1693, 1, 0, 0
38009, 1694, 1, 0, 0
38505, 1705, 1, 0, 0
39007, 1892, 1, 0, 0
39505, 1685, 1, 0, 0
40009, 1689, 1, 0, 0
40505, 1687, 1, 0, 0
41002, 1691, 1, 0, 0
41500, 1695, 1, 0, 0
42007, 1682, 1, 0, 0
42506, 1684, 1, 0, 0
43010, 1684, 1, 0, 0
43500, 1683, 1, 0, 0
44002, 1686, 1, 0, 0
44502, 1680, 1, 0, 0
45009, 1686, 1, 0, 0
45500, 1677, 1, 0, 0
46000, 1680, 1, 0, 0
46500, 1682, 1, 0, 0
47000, 1681, 1, 0, 0
47500, 1684, 1, 0, 0
48000, 1677, 1, 0, 0
48500, 1685, 1, 0, 0
49000, 1676, 1, 0, 0
49504, 1670, 1, 0, 0
50005, 1690, 1, 0, 0
50511, 1708, 1, 0, 0
51000, 1691, 1, 0, 0
51513, 1687, 1, 0, 0
52011, 1691, 1, 0, 0
52511, 1686, 1, 0, 0
53005, 1703, 1, 0, 0
53514, 1702, 1, 0, 0
54009, 1691, 1, 0, 0
54513, 1702, 1, 0, 0
55005, 1696, 1, 0, 0
55508, 1691, 1, 0, 0
56007, 1698, 1, 0, 0
56500, 1680, 1, 0, 0
57014, 1686, 1, 0, 0
57514, 1682, 1, 0, 0
58000, 1682, 1, 0, 0
58508, 1694, 1, 0, 0
59004, 1697, 1, 0, 0
59505, 1679, 1, 0, 0
60007, 1690, 1, 0, 0
