500, 447210, 1, 0, 0
1000, 447622, 1, 0, 0
1500, 447623, 1, 0, 0
2000, 447623, 1, 0, 0
2500, 447622, 1, 0, 0
3000, 447623, 1, 0, 0
3500, 447621, 1, 0, 0
4000, 447624, 1, 0, 0
4500, 447623, 1, 0, 0
5000, 447622, 1, 0, 0
5500, 473051, 1, 0, 0
6000, 1292506, 1, 0, 0
6500, 1257793, 1, 0, 0
7000, 1291378, 1, 0, 0
7500, 1258989, 1, 0, 0
8000, 1290548, 1, 0, 0
8500, 1259935, 1, 0, 0
9000, 1291723, 1, 0, 0
9501, 1260680, 1, 0, 0
10000, 1300847, 1, 0, 0
10503, 1255450, 1, 0, 0
11000, 1294486, 1, 0, 0
11505, 1262946, 1, 0, 0
12002, 1294465, 1, 0, 0
12500, 1266211, 1, 0, 0
13000, 1290062, 1, 0, 0
13500, 1278587, 1, 0, 0
14001, 1263398, 1, 0, 0
14500, 1305113, 1, 0, 0
15003, 1252416, 1, 0, 0
15500, 1294460, 1, 0, 0
16000, 1262476, 1, 0, 0
16503, 1294948, 1, 0, 0
17000, 1270273, 1, 0, 0
17500, 1275827, 1, 0, 0
18000, 1292584, 1, 0, 0
18502, 1259455, 1, 0, 0
19000, 1302502, 1, 0, 0
19500, 1100838, 1, 0, 0
20000, 952267, 1, 0, 0
20500, 895175, 1, 0, 0
21005, 1975848, 1, 0, 0
21501, 2102048, 1, 0, 0
22000, 2108349, 1, 0, 0
22500, 2112512, 1, 0, 0
23000, 2101957, 1, 0, 0
23501, 2115801, 1, 0, 0
24000, 2110248, 1, 0, 0
24501, 2098193, 1, 0, 0
25000, 2118980, 1, 0, 0
25502, 2092914, 1, 0, 0
26000, 2119652, 1, 0, 0
26500, 2105019, 1, 0, 0
27000, 2127912, 1, 0, 0
27500, 2093818, 1, 0, 0
28000, 2113375, 1, 0, 0
28502, 2090644, 1, 0, 0
29000, 2122954, 1, 0, 0
29505, 2099519, 1, 0, 0
30000, 2096498, 1, 0, 0
30504, 2111530, 1, 0, 0
31000, 2114552, 1, 0, 0
31503, 2089195, 1, 0, 0
32000, 2127106, 1, 0, 0
32500, 2092563, 1, 0, 0
33000, 2105693, 1, 0, 0
33500, 2101412, 1, 0, 0
34000, 2104489, 1, 0, 0
34500, 2103792, 1, 0, 0
35000, 2112777, 1, 0, 0
35502, 2109926, 1, 0, 0
36000, 2105376, 1, 0, 0
36502, 2103714, 1, 0, 0
37000, 2113214, 1, 0, 0
37503, 2095995, 1, 0, 0
38000, 2139329, 1, 0, 0
38500, 2090707, 1, 0, 0
39000, 2120515, 1, 0, 0
39500, 2107703, 1, 0, 0
40000, 2101619, 1, 0, 0
40500, 2090256, 1, 0, 0
41000, 2115473, 1, 0, 0
41505, 2108208, 1, 0, 0
42001, 2098190, 1, 0, 0
42500, 2110487, 1, 0, 0
43000, 2114644, 1, 0, 0
43500, 1641834, 1, 0, 0
44000, 1914593, 1, 0, 0
44500, 1819651, 1, 0, 0
45000, 1819565, 1, 0, 0
45500, 1845190, 1, 0, 0
46004, 1820105, 1, 0, 0
46500, 1843008, 1, 0, 0
47001, 1824684, 1, 0, 0
47504, 1844781, 1, 0, 0
48000, 1828527, 1, 0, 0
48503, 1841062, 1, 0, 0
49000, 1839117, 1, 0, 0
49501, 1829123, 1, 0, 0
50001, 1838163, 1, 0, 0
50500, 1849460, 1, 0, 0
51000, 1819783, 1, 0, 0
51500, 1843058, 1, 0, 0
52000, 1834734, 1, 0, 0
52506, 1827824, 1, 0, 0
53000, 1835792, 1, 0, 0
53505, 1834596, 1, 0, 0
54000, 1834943, 1, 0, 0
54503, 1833651, 1, 0, 0
55001, 1833830, 1, 0, 0
55500, 1831378, 1, 0, 0
56000, 1842078, 1, 0, 0
56500, 1844506, 1, 0, 0
57000, 1826273, 1, 0, 0
57500, 1844585, 1, 0, 0
58000, 1811858, 1, 0, 0
58500, 1832868, 1, 0, 0
59000, 1835638, 1, 0, 0
59500, 1818598, 1, 0, 0
60000, 1842321, 1, 0, 0
60008, 9282280, 1, 0, 0
