500, 445987, 1, 0, 0
1000, 446399, 1, 0, 0
1500, 446396, 1, 0, 0
2000, 446393, 1, 0, 0
2500, 446394, 1, 0, 0
3000, 446399, 1, 0, 0
3500, 446399, 1, 0, 0
4000, 446397, 1, 0, 0
4500, 446396, 1, 0, 0
5000, 446399, 1, 0, 0
5500, 471828, 1, 0, 0
6000, 1291259, 1, 0, 0
6500, 1256550, 1, 0, 0
7000, 1290116, 1, 0, 0
7500, 1257726, 1, 0, 0
8000, 1289287, 1, 0, 0
8500, 1258677, 1, 0, 0
9000, 1290473, 1, 0, 0
9501, 1259429, 1, 0, 0
10000, 1299598, 1, 0, 0
10503, 1254200, 1, 0, 0
11000, 1293236, 1, 0, 0
11505, 1261700, 1, 0, 0
12002, 1293227, 1, 0, 0
12500, 1264965, 1, 0, 0
13000, 1288811, 1, 0, 0
13500, 1277340, 1, 0, 0
14001, 1262144, 1, 0, 0
14500, 1303866, 1, 0, 0
15003, 1251167, 1, 0, 0
15500, 1293214, 1, 0, 0
16000, 1261232, 1, 0, 0
16503, 1293708, 1, 0, 0
17000, 1269029, 1, 0, 0
17500, 1274582, 1, 0, 0
18000, 1291338, 1, 0, 0
18502, 1258217, 1, 0, 0
19000, 1301258, 1, 0, 0
19500, 1099546, 1, 0, 0
20000, 950963, 1, 0, 0
20500, 893866, 1, 0, 0
21005, 1974536, 1, 0, 0
21501, 2100738, 1, 0, 0
22000, 2107049, 1, 0, 0
22500, 2111207, 1, 0, 0
23000, 2100645, 1, 0, 0
23501, 2114492, 1, 0, 0
24000, 2108942, 1, 0, 0
24501, 2096887, 1, 0, 0
25000, 2117673, 1, 0, 0
25502, 2091608, 1, 0, 0
26000, 2118343, 1, 0, 0
26500, 2103713, 1, 0, 0
27000, 2126616, 1, 0, 0
27500, 2092512, 1, 0, 0
28000, 2112073, 1, 0, 0
28502, 2089341, 1, 0, 0
29000, 2121653, 1, 0, 0
29505, 2098213, 1, 0, 0
30000, 2095194, 1, 0, 0
30504, 2110230, 1, 0, 0
31000, 2113251, 1, 0, 0
31503, 2087891, 1, 0, 0
32000, 2125797, 1, 0, 0
32500, 2091251, 1, 0, 0
33000, 2104381, 1, 0, 0
33500, 2100104, 1, 0, 0
34000, 2103188, 1, 0, 0
34500, 2102498, 1, 0, 0
35000, 2111482, 1, 0, 0
35502, 2108633, 1, 0, 0
36000, 2104072, 1, 0, 0
36502, 2102409, 1, 0, 0
37000, 2111899, 1, 0, 0
37503, 2094687, 1, 0, 0
38000, 2138021, 1, 0, 0
38500, 2089402, 1, 0, 0
39000, 2119221, 1, 0, 0
39500, 2106401, 1, 0, 0
40000, 2100314, 1, 0, 0
40500, 2088944, 1, 0, 0
41000, 2114160, 1, 0, 0
41505, 2106901, 1, 0, 0
42001, 2096883, 1, 0, 0
42500, 2109181, 1, 0, 0
43000, 2113340, 1, 0, 0
43500, 1640532, 1, 0, 0
44000, 1913292, 1, 0, 0
44500, 1818346, 1, 0, 0
45000, 1818254, 1, 0, 0
45500, 1843878, 1, 0, 0
46004, 1818795, 1, 0, 0
46500, 1841701, 1, 0, 0
47001, 1823370, 1, 0, 0
47504, 1843468, 1, 0, 0
48000, 1827216, 1, 0, 0
48503, 1839753, 1, 0, 0
49000, 1837807, 1, 0, 0
49501, 1827816, 1, 0, 0
50001, 1836855, 1, 0, 0
50500, 1848155, 1, 0, 0
51000, 1818478, 1, 0, 0
51500, 1841759, 1, 0, 0
52000, 1833425, 1, 0, 0
52506, 1826510, 1, 0, 0
53000, 1834477, 1, 0, 0
53505, 1833289, 1, 0, 0
54000, 1833640, 1, 0, 0
54503, 1832348, 1, 0, 0
55001, 1832518, 1, 0, 0
55500, 1830071, 1, 0, 0
56000, 1840773, 1, 0, 0
56500, 1843203, 1, 0, 0
57000, 1824970, 1, 0, 0
57500, 1843284, 1, 0, 0
58000, 1810558, 1, 0, 0
58500, 1831565, 1, 0, 0
59000, 1834333, 1, 0, 0
59500, 1817292, 1, 0, 0
60000, 1841015, 1, 0, 0
60008, 9280912, 1, 0, 0
