500, 1144320, 1, 0, 0
1000, 1143296, 1, 0, 0
1500, 1143328, 1, 0, 0
2000, 1143296, 1, 0, 0
2500, 1143328, 1, 0, 0
3000, 1143520, 1, 0, 0
3500, 1143520, 1, 0, 0
4000, 1143296, 1, 0, 0
4500, 1143296, 1, 0, 0
5000, 1143328, 1, 0, 0
5500, 1067488, 1, 0, 0
6000, 402336, 1, 0, 0
6500, 400480, 1, 0, 0
7000, 399296, 1, 0, 0
7500, 403520, 1, 0, 0
8000, 394656, 1, 0, 0
8500, 408160, 1, 0, 0
9000, 394240, 1, 0, 0
9500, 408160, 1, 0, 0
10000, 394656, 1, 0, 0
10500, 402816, 1, 0, 0
11000, 398976, 1, 0, 0
11500, 398592, 1, 0, 0
12001, 404224, 1, 0, 0
12500, 395030, 1, 0, 0
13000, 408544, 1, 0, 0
13500, 394272, 1, 0, 0
14000, 404768, 1, 0, 0
14500, 397568, 1, 0, 0
15000, 399616, 1, 0, 0
