500, 71520, 1, 0, 0
1000, 71456, 1, 0, 0
1500, 71458, 1, 0, 0
2000, 71456, 1, 0, 0
2500, 71458, 1, 0, 0
3000, 71470, 1, 0, 0
3500, 71470, 1, 0, 0
4000, 71456, 1, 0, 0
4500, 71456, 1, 0, 0
5000, 71458, 1, 0, 0
5500, 66718, 1, 0, 0
6000, 25146, 1, 0, 0
6500, 25030, 1, 0, 0
7000, 24956, 1, 0, 0
7500, 25220, 1, 0, 0
8000, 24666, 1, 0, 0
8500, 25510, 1, 0, 0
9000, 24640, 1, 0, 0
9500, 25510, 1, 0, 0
10000, 24666, 1, 0, 0
10500, 25176, 1, 0, 0
11000, 24936, 1, 0, 0
11500, 24912, 1, 0, 0
12001, 25264, 1, 0, 0
12500, 24689, 1, 0, 0
13000, 25534, 1, 0, 0
13500, 24642, 1, 0, 0
14000, 25298, 1, 0, 0
14500, 24848, 1, 0, 0
15000, 24976, 1, 0, 0
