500, 1221, 1, 0, 0
1000, 1220, 1, 0, 0
1500, 1211, 1, 0, 0
2000, 1214, 1, 0, 0
2500, 1214, 1, 0, 0
3000, 1212, 1, 0, 0
3500, 1215, 1, 0, 0
4000, 1215, 1, 0, 0
4500, 1214, 1, 0, 0
5000, 1214, 1, 0, 0
5500, 1223, 1, 0, 0
6000, 1258, 1, 0, 0
6501, 1252, 1, 0, 0
7000, 1256, 1, 0, 0
7503, 1258, 1, 0, 0
8000, 1260, 1, 0, 0
8505, 1259, 1, 0, 0
9002, 1261, 1, 0, 0
9500, 1262, 1, 0, 0
10000, 1258, 1, 0, 0
10500, 1258, 1, 0, 0
11001, 1262, 1, 0, 0
11500, 1263, 1, 0, 0
12003, 1259, 1, 0, 0
12500, 1263, 1, 0, 0
13000, 1258, 1, 0, 0
13503, 1259, 1, 0, 0
14000, 1252, 1, 0, 0
14500, 1253, 1, 0, 0
15000, 1255, 1, 0, 0
