500, 447211, 1, 0, 0
1000, 447631, 1, 0, 0
1500, 447630, 1, 0, 0
2000, 447630, 1, 0, 0
2500, 447628, 1, 0, 0
3000, 447630, 1, 0, 0
3500, 447630, 1, 0, 0
4000, 447630, 1, 0, 0
4500, 447629, 1, 0, 0
5000, 447629, 1, 0, 0
5500, 473052, 1, 0, 0
6000, 1292180, 1, 0, 0
6501, 1259774, 1, 0, 0
7000, 1301433, 1, 0, 0
7503, 1254699, 1, 0, 0
8000, 1294550, 1, 0, 0
8505, 1262875, 1, 0, 0
9002, 1294544, 1, 0, 0
9500, 1266452, 1, 0, 0
10000, 1289808, 1, 0, 0
10500, 1278782, 1, 0, 0
11001, 1263103, 1, 0, 0
11500, 1305354, 1, 0, 0
12003, 1252189, 1, 0, 0
12500, 1294545, 1, 0, 0
13000, 1262380, 1, 0, 0
13503, 1295045, 1, 0, 0
14000, 1269767, 1, 0, 0
14500, 1277262, 1, 0, 0
15000, 1291208, 1, 0, 0
15000, 616546, 1, 0, 0
