500, 445990, 1, 0, 0
1000, 446411, 1, 0, 0
1500, 446419, 1, 0, 0
2000, 446415, 1, 0, 0
2500, 446415, 1, 0, 0
3000, 446418, 1, 0, 0
3500, 446416, 1, 0, 0
4000, 446415, 1, 0, 0
4500, 446416, 1, 0, 0
5000, 446415, 1, 0, 0
5500, 471830, 1, 0, 0
6000, 1290923, 1, 0, 0
6501, 1258521, 1, 0, 0
7000, 1300177, 1, 0, 0
7503, 1253441, 1, 0, 0
8000, 1293290, 1, 0, 0
8505, 1261616, 1, 0, 0
9002, 1293283, 1, 0, 0
9500, 1265190, 1, 0, 0
10000, 1288550, 1, 0, 0
10500, 1277523, 1, 0, 0
11001, 1261841, 1, 0, 0
11500, 1304091, 1, 0, 0
12003, 1250931, 1, 0, 0
12500, 1293282, 1, 0, 0
13000, 1261122, 1, 0, 0
13503, 1293786, 1, 0, 0
14000, 1268514, 1, 0, 0
14500, 1276008, 1, 0, 0
15000, 1289953, 1, 0, 0
15000, 615269, 1, 0, 0
