[82639.811208] KSC2026-MARK map32k_bs16k_r1 insmod 1791458402464233617
[82639.825183] NVMeVirt: Version 1.10 for >> Samsung 970 Pro SSD <<
[82639.825192] NVMeVirt: Storage: 0x300100000-0x600000000 (12287 MiB)
[82639.835800] NVMeVirt: Total Capacity(GiB,MiB)=3,3072 chs=2 luns=4 lines=384 blk-size(MiB,KiB)=2,2048 line-size(MiB,KiB)=8,8192
[82639.835805] NVMeVirt: KSC2026: mapping unit=32768 B, flash page=32768 B, oneshot page=32768 B, pgs_per_blk=64, blks_per_pl=384, write buffer=1048576 B
[82639.841303] NVMeVirt: [chmodel_init] bandwidth 800 max_credits 26 tx_time 152
[82639.844712] NVMeVirt: [chmodel_init] bandwidth 800 max_credits 26 tx_time 152
[82639.844723] NVMeVirt: [chmodel_init] bandwidth 3360 max_credits 110 tx_time 36
[82639.844899] NVMeVirt: pqueue: Copyright (c) 2014, Volkan Yazıcı <volkan.yazici@gmail.com>. All rights reserved.
[82639.844900] NVMeVirt: Init FTL instance with 2 channels (98304 pages)
[82639.848035] NVMeVirt: [chmodel_init] bandwidth 800 max_credits 26 tx_time 152
[82639.851125] NVMeVirt: [chmodel_init] bandwidth 800 max_credits 26 tx_time 152
[82639.851137] NVMeVirt: [chmodel_init] bandwidth 3360 max_credits 110 tx_time 36
[82639.851359] NVMeVirt: Init FTL instance with 2 channels (98304 pages)
[82639.854487] NVMeVirt: [chmodel_init] bandwidth 800 max_credits 26 tx_time 152
[82639.857608] NVMeVirt: [chmodel_init] bandwidth 800 max_credits 26 tx_time 152
[82639.857618] NVMeVirt: [chmodel_init] bandwidth 3360 max_credits 110 tx_time 36
[82639.857787] NVMeVirt: Init FTL instance with 2 channels (98304 pages)
[82639.860944] NVMeVirt: [chmodel_init] bandwidth 800 max_credits 26 tx_time 152
[82639.864030] NVMeVirt: [chmodel_init] bandwidth 800 max_credits 26 tx_time 152
[82639.864041] NVMeVirt: [chmodel_init] bandwidth 3360 max_credits 110 tx_time 36
[82639.864232] NVMeVirt: Init FTL instance with 2 channels (98304 pages)
[82639.864235] NVMeVirt: FTL physical space: 12883853312, logical space: 12040984403 (physical/logical * 100 = 107)
[82639.864236] NVMeVirt: KSC2026: WBUF_FIX=1 GC_STATS=1
[82639.864236] NVMeVirt: ns 0/1: size 11483 MiB
[82639.864267] PCI host bridge to bus 0001:10
[82639.864268] pci_bus 0001:10: root bus resource [io  0x0000-0xffff]
[82639.864274] pci_bus 0001:10: root bus resource [mem 0x00000000-0x3fffffffffff]
[82639.864275] pci_bus 0001:10: root bus resource [bus 00-ff]
[82639.864281] pci 0001:10:00.0: [0c51:0110] type 00 class 0x010802 PCIe Endpoint
[82639.864283] pci 0001:10:00.0: BAR 0 [mem 0x300000000-0x300003fff 64bit]
[82639.864285] pci 0001:10:00.0: enabling Extended Tags
[82639.864382] NVMeVirt: Virtual PCI bus created (node 0)
[82639.864592] NVMeVirt: nvmev_io_worker_0 started on cpu 4 (node 0)
[82639.864765] NVMeVirt: nvmev_io_worker_1 started on cpu 5 (node 0)
[82639.864776] NVMeVirt: nvmev_dispatcher started on cpu 3 (node 0)
[82639.864845] nvme nvme1: pci function 0001:10:00.0
[82639.868283] nvme nvme1: 1/0/0 default/read/poll queues
[82639.870218] NVMeVirt: Virtual NVMe device created
[82645.909130] KSC2026-MARK map32k_bs16k_r1 fio-start 1791458408574788952
[82651.601308] NVMeVirt: KSC2026: first GC part=0 victim line=0 vpc=128 ipc=128 free_lines=2 host_pgs=97280
[82651.601331] NVMeVirt: KSC2026: first GC part=1 victim line=0 vpc=128 ipc=128 free_lines=2 host_pgs=97280
[82651.601351] NVMeVirt: KSC2026: first GC part=2 victim line=0 vpc=128 ipc=128 free_lines=2 host_pgs=97280
[82651.601370] NVMeVirt: KSC2026: first GC part=3 victim line=0 vpc=128 ipc=128 free_lines=2 host_pgs=97280
[82661.920633] KSC2026-MARK map32k_bs16k_r1 fio-end
[82661.925466] KSC2026-MARK map32k_bs16k_r1 rmmod 1791458424592373229
[82661.994920] pci_bus 0001:10: busn_res: [bus 10-ff] is released
[82661.994946] NVMeVirt: KSC2026: stats part=0 host_pgs=157126 gc_pgs=59776 gc_cnt=467 free_lines=3
[82661.994948] NVMeVirt: KSC2026: stats part=1 host_pgs=157126 gc_pgs=59776 gc_cnt=467 free_lines=3
[82661.994949] NVMeVirt: KSC2026: stats part=2 host_pgs=157126 gc_pgs=59776 gc_cnt=467 free_lines=3
[82661.994949] NVMeVirt: KSC2026: stats part=3 host_pgs=157126 gc_pgs=59776 gc_cnt=467 free_lines=3
[82662.015273] NVMeVirt: Virtual NVMe device closed
