500, 2287616, 1, 0, 0
1000, 2286784, 1, 0, 0
1500, 2286848, 1, 0, 0
2000, 2286976, 1, 0, 0
2500, 2286784, 1, 0, 0
3000, 2286592, 1, 0, 0
3500, 2286720, 1, 0, 0
4000, 2287040, 1, 0, 0
4500, 2286912, 1, 0, 0
5000, 2286720, 1, 0, 0
5500, 2112000, 1, 0, 0
6000, 136192, 1, 0, 0
6500, 134656, 1, 0, 0
7000, 145920, 1, 0, 0
7500, 148224, 1, 0, 0
8000, 161280, 1, 0, 0
8500, 165120, 1, 0, 0
9000, 177891, 1, 0, 0
9500, 187008, 1, 0, 0
10000, 201408, 1, 0, 0
10500, 205888, 1, 0, 0
11000, 226560, 1, 0, 0
11500, 227840, 1, 0, 0
12000, 244992, 1, 0, 0
12500, 239296, 1, 0, 0
13000, 215104, 1, 0, 0
13500, 215552, 1, 0, 0
14000, 209408, 1, 0, 0
14500, 221696, 1, 0, 0
15000, 217856, 1, 0, 0
15500, 232192, 1, 0, 0
16000, 237312, 1, 0, 0
16500, 232192, 1, 0, 0
17000, 243968, 1, 0, 0
17500, 241344, 1, 0, 0
18000, 247872, 1, 0, 0
18500, 255232, 1, 0, 0
19000, 250176, 1, 0, 0
19500, 253120, 1, 0, 0
20000, 262400, 1, 0, 0
20500, 260096, 1, 0, 0
21000, 263424, 1, 0, 0
21500, 272384, 1, 0, 0
22000, 273600, 1, 0, 0
22500, 279104, 1, 0, 0
23000, 286525, 1, 0, 0
23500, 291584, 1, 0, 0
24000, 293568, 1, 0, 0
24500, 298048, 1, 0, 0
25000, 306432, 1, 0, 0
25500, 312064, 1, 0, 0
26000, 320512, 1, 0, 0
26500, 318784, 1, 0, 0
27000, 327360, 1, 0, 0
27500, 338176, 1, 0, 0
28000, 350720, 1, 0, 0
28500, 363520, 1, 0, 0
29000, 362752, 1, 0, 0
29500, 378368, 1, 0, 0
30000, 387584, 1, 0, 0
30500, 402432, 1, 0, 0
31000, 413952, 1, 0, 0
31500, 431360, 1, 0, 0
32000, 446720, 1, 0, 0
32500, 461824, 1, 0, 0
33000, 487680, 1, 0, 0
33500, 519552, 1, 0, 0
34000, 555414, 1, 0, 0
34500, 575744, 1, 0, 0
35000, 641024, 1, 0, 0
35500, 710912, 1, 0, 0
36000, 785664, 1, 0, 0
36500, 904832, 1, 0, 0
37000, 1170560, 1, 0, 0
37500, 1891200, 1, 0, 0
38000, 776832, 1, 0, 0
38500, 130048, 1, 0, 0
39000, 141312, 1, 0, 0
39500, 143104, 1, 0, 0
40000, 156928, 1, 0, 0
40500, 159744, 1, 0, 0
41000, 174848, 1, 0, 0
41500, 178688, 1, 0, 0
42000, 194560, 1, 0, 0
42500, 202752, 1, 0, 0
43000, 218304, 1, 0, 0
43500, 224769, 1, 0, 0
44000, 243456, 1, 0, 0
44500, 238592, 1, 0, 0
45000, 226560, 1, 0, 0
45500, 202496, 1, 0, 0
46000, 214272, 1, 0, 0
46500, 222720, 1, 0, 0
47000, 221952, 1, 0, 0
47500, 235008, 1, 0, 0
48000, 229632, 1, 0, 0
48500, 242688, 1, 0, 0
49000, 245248, 1, 0, 0
49500, 239104, 1, 0, 0
50000, 254208, 1, 0, 0
50500, 252544, 1, 0, 0
51000, 244096, 1, 0, 0
51500, 254720, 1, 0, 0
52000, 257664, 1, 0, 0
52500, 255872, 1, 0, 0
53000, 269824, 1, 0, 0
53500, 272576, 1, 0, 0
54000, 262976, 1, 0, 0
54500, 278528, 1, 0, 0
55000, 283904, 1, 0, 0
55500, 282624, 1, 0, 0
56000, 284729, 1, 0, 0
56500, 299776, 1, 0, 0
57000, 308736, 1, 0, 0
57500, 309312, 1, 0, 0
58000, 307392, 1, 0, 0
58500, 318208, 1, 0, 0
59000, 325888, 1, 0, 0
59500, 332288, 1, 0, 0
