500, 447263, 1, 0, 0
1000, 447597, 1, 0, 0
1500, 447595, 1, 0, 0
2000, 447598, 1, 0, 0
2500, 447594, 1, 0, 0
3000, 447594, 1, 0, 0
3500, 447594, 1, 0, 0
4000, 447595, 1, 0, 0
4500, 447593, 1, 0, 0
5000, 447585, 1, 0, 0
5517, 484080, 1, 0, 0
6011, 7427013, 1, 0, 0
6503, 7489969, 1, 0, 0
7014, 7178506, 1, 0, 0
7506, 6786255, 1, 0, 0
8000, 6497067, 1, 0, 0
8509, 6097996, 1, 0, 0
9000, 5855373, 1, 0, 0
9508, 5384471, 1, 0, 0
10000, 5182983, 1, 0, 0
10506, 4860947, 1, 0, 0
11012, 4578597, 1, 0, 0
11502, 4399706, 1, 0, 0
12011, 4247319, 1, 0, 0
12500, 4349601, 1, 0, 0
13007, 4652826, 1, 0, 0
13516, 4832011, 1, 0, 0
14006, 4788938, 1, 0, 0
14515, 4696701, 1, 0, 0
15002, 4581890, 1, 0, 0
15508, 4468725, 1, 0, 0
16016, 4381015, 1, 0, 0
16504, 4306055, 1, 0, 0
17012, 4263856, 1, 0, 0
17500, 4207888, 1, 0, 0
18005, 4108148, 1, 0, 0
18511, 4058611, 1, 0, 0
19000, 4190559, 1, 0, 0
19504, 3899944, 1, 0, 0
20010, 3953851, 1, 0, 0
20500, 3925998, 1, 0, 0
21007, 3870486, 1, 0, 0
21513, 3809333, 1, 0, 0
22000, 3704896, 1, 0, 0
22505, 3644465, 1, 0, 0
23010, 3614408, 1, 0, 0
23514, 3537109, 1, 0, 0
24000, 3505255, 1, 0, 0
24502, 3338891, 1, 0, 0
25006, 3372457, 1, 0, 0
25510, 3304257, 1, 0, 0
26015, 3226713, 1, 0, 0
26500, 3228404, 1, 0, 0
27003, 3037223, 1, 0, 0
27506, 3051164, 1, 0, 0
28010, 2938458, 1, 0, 0
28510, 2822064, 1, 0, 0
29012, 2833034, 1, 0, 0
29514, 2716108, 1, 0, 0
30015, 2646580, 1, 0, 0
30514, 2541698, 1, 0, 0
31014, 2474046, 1, 0, 0
31513, 2366870, 1, 0, 0
32010, 2280458, 1, 0, 0
32507, 2207336, 1, 0, 0
33003, 2081474, 1, 0, 0
33500, 2030111, 1, 0, 0
34009, 1816933, 1, 0, 0
34500, 1749693, 1, 0, 0
35007, 1618949, 1, 0, 0
35510, 1451191, 1, 0, 0
36008, 1299479, 1, 0, 0
36500, 1140037, 1, 0, 0
37006, 873395, 1, 0, 0
37500, 541792, 1, 0, 0
38007, 1289316, 1, 0, 0
38501, 7776700, 1, 0, 0
39012, 7419321, 1, 0, 0
39505, 7038099, 1, 0, 0
40016, 6673371, 1, 0, 0
40507, 6292256, 1, 0, 0
41000, 5978010, 1, 0, 0
41508, 5624048, 1, 0, 0
42000, 5412785, 1, 0, 0
42509, 4934301, 1, 0, 0
43000, 4848576, 1, 0, 0
43507, 4395530, 1, 0, 0
44013, 4265488, 1, 0, 0
44501, 4183329, 1, 0, 0
45010, 4602541, 1, 0, 0
45500, 4951038, 1, 0, 0
46008, 4860227, 1, 0, 0
46516, 4665935, 1, 0, 0
47005, 4508020, 1, 0, 0
47511, 4421431, 1, 0, 0
48001, 4365350, 1, 0, 0
48509, 4284944, 1, 0, 0
49016, 4236437, 1, 0, 0
49504, 4178491, 1, 0, 0
50011, 4081849, 1, 0, 0
50500, 4128038, 1, 0, 0
51004, 4061820, 1, 0, 0
51510, 4073558, 1, 0, 0
52000, 4060050, 1, 0, 0
52505, 3874398, 1, 0, 0
53011, 3841004, 1, 0, 0
53500, 3834199, 1, 0, 0
54003, 3756028, 1, 0, 0
54508, 3712609, 1, 0, 0
55014, 3645112, 1, 0, 0
55500, 3693567, 1, 0, 0
56005, 3470033, 1, 0, 0
56510, 3453539, 1, 0, 0
57013, 3338957, 1, 0, 0
57500, 3333081, 1, 0, 0
58002, 3237215, 1, 0, 0
58507, 3246408, 1, 0, 0
59011, 3164832, 1, 0, 0
59513, 3099291, 1, 0, 0
60000, 3021214, 1, 0, 0
60000, 804063, 1, 0, 0
