500, 1626, 1, 0, 0
1000, 1628, 1, 0, 0
1500, 1634, 1, 0, 0
2000, 1626, 1, 0, 0
2500, 1630, 1, 0, 0
3000, 1632, 1, 0, 0
3500, 1627, 1, 0, 0
4000, 1627, 1, 0, 0
4500, 1627, 1, 0, 0
5000, 1624, 1, 0, 0
5517, 1629, 1, 0, 0
6011, 1698, 1, 0, 0
6503, 1710, 1, 0, 0
7014, 1687, 1, 0, 0
7506, 1733, 1, 0, 0
8000, 1715, 1, 0, 0
8509, 1708, 1, 0, 0
9000, 1666, 1, 0, 0
9508, 1665, 1, 0, 0
10000, 1673, 1, 0, 0
10506, 1662, 1, 0, 0
11012, 1657, 1, 0, 0
11502, 1646, 1, 0, 0
12011, 1653, 1, 0, 0
12500, 1656, 1, 0, 0
13007, 1653, 1, 0, 0
13516, 1651, 1, 0, 0
14006, 1649, 1, 0, 0
14515, 1654, 1, 0, 0
15002, 1656, 1, 0, 0
15508, 1653, 1, 0, 0
16016, 1646, 1, 0, 0
16504, 1638, 1, 0, 0
17012, 1654, 1, 0, 0
17500, 1650, 1, 0, 0
18005, 1668, 1, 0, 0
18511, 1670, 1, 0, 0
19000, 1671, 1, 0, 0
19504, 1668, 1, 0, 0
20010, 1658, 1, 0, 0
20500, 1660, 1, 0, 0
21007, 1661, 1, 0, 0
21513, 1669, 1, 0, 0
22000, 1665, 1, 0, 0
22505, 1672, 1, 0, 0
23010, 1672, 1, 0, 0
23514, 1668, 1, 0, 0
24000, 1662, 1, 0, 0
24502, 1663, 1, 0, 0
25006, 1672, 1, 0, 0
25510, 1665, 1, 0, 0
26015, 1667, 1, 0, 0
26500, 1665, 1, 0, 0
27003, 1672, 1, 0, 0
27506, 1662, 1, 0, 0
28010, 1661, 1, 0, 0
28510, 1649, 1, 0, 0
29012, 1662, 1, 0, 0
29514, 1655, 1, 0, 0
30015, 1661, 1, 0, 0
30514, 1671, 1, 0, 0
31014, 1670, 1, 0, 0
31513, 1670, 1, 0, 0
32010, 1665, 1, 0, 0
32507, 1676, 1, 0, 0
33003, 1654, 1, 0, 0
33500, 1643, 1, 0, 0
34009, 1653, 1, 0, 0
34500, 1657, 1, 0, 0
35007, 1677, 1, 0, 0
35510, 1679, 1, 0, 0
36008, 1673, 1, 0, 0
36500, 1658, 1, 0, 0
37006, 1783, 1, 0, 0
37500, 1630, 1, 0, 0
38007, 1621, 1, 0, 0
38501, 1673, 1, 0, 0
39012, 1691, 1, 0, 0
39505, 1683, 1, 0, 0
40016, 1689, 1, 0, 0
40507, 1672, 1, 0, 0
41000, 1673, 1, 0, 0
41508, 1994, 1, 0, 0
42000, 1710, 1, 0, 0
42509, 1654, 1, 0, 0
43000, 1652, 1, 0, 0
43507, 1652, 1, 0, 0
44013, 1663, 1, 0, 0
44501, 1676, 1, 0, 0
45010, 1670, 1, 0, 0
45500, 1652, 1, 0, 0
46008, 1683, 1, 0, 0
46516, 1681, 1, 0, 0
47005, 1659, 1, 0, 0
47511, 1660, 1, 0, 0
48001, 1664, 1, 0, 0
48509, 1662, 1, 0, 0
49016, 1656, 1, 0, 0
49504, 1658, 1, 0, 0
50011, 1660, 1, 0, 0
50500, 1654, 1, 0, 0
51004, 1662, 1, 0, 0
51510, 1667, 1, 0, 0
52000, 1671, 1, 0, 0
52505, 1640, 1, 0, 0
53011, 1650, 1, 0, 0
53500, 1663, 1, 0, 0
54003, 1659, 1, 0, 0
54508, 1662, 1, 0, 0
55014, 1654, 1, 0, 0
55500, 1651, 1, 0, 0
56005, 1653, 1, 0, 0
56510, 1642, 1, 0, 0
57013, 1667, 1, 0, 0
57500, 1658, 1, 0, 0
58002, 1652, 1, 0, 0
58507, 1652, 1, 0, 0
59011, 1648, 1, 0, 0
59513, 1651, 1, 0, 0
60000, 1651, 1, 0, 0
