500, 445637, 1, 0, 0
1000, 445970, 1, 0, 0
1500, 445961, 1, 0, 0
2000, 445972, 1, 0, 0
2500, 445964, 1, 0, 0
3000, 445962, 1, 0, 0
3500, 445966, 1, 0, 0
4000, 445968, 1, 0, 0
4500, 445966, 1, 0, 0
5000, 445961, 1, 0, 0
5517, 482452, 1, 0, 0
6011, 7425316, 1, 0, 0
6503, 7488259, 1, 0, 0
7014, 7176819, 1, 0, 0
7506, 6784522, 1, 0, 0
8000, 6495352, 1, 0, 0
8509, 6096288, 1, 0, 0
9000, 5853707, 1, 0, 0
9508, 5382806, 1, 0, 0
10000, 5181309, 1, 0, 0
10506, 4859284, 1, 0, 0
11012, 4576940, 1, 0, 0
11502, 4398060, 1, 0, 0
12011, 4245666, 1, 0, 0
12500, 4347946, 1, 0, 0
13007, 4651172, 1, 0, 0
13516, 4830360, 1, 0, 0
14006, 4787289, 1, 0, 0
14515, 4695048, 1, 0, 0
15002, 4580234, 1, 0, 0
15508, 4467072, 1, 0, 0
16016, 4379370, 1, 0, 0
16504, 4304416, 1, 0, 0
17012, 4262203, 1, 0, 0
17500, 4206238, 1, 0, 0
18005, 4106480, 1, 0, 0
18511, 4056940, 1, 0, 0
19000, 4189839, 1, 0, 0
19504, 3897434, 1, 0, 0
20010, 3952192, 1, 0, 0
20500, 3924338, 1, 0, 0
21007, 3868826, 1, 0, 0
21513, 3807663, 1, 0, 0
22000, 3703230, 1, 0, 0
22505, 3642793, 1, 0, 0
23010, 3612737, 1, 0, 0
23514, 3535442, 1, 0, 0
24000, 3503593, 1, 0, 0
24502, 3337227, 1, 0, 0
25006, 3370786, 1, 0, 0
25510, 3302592, 1, 0, 0
26015, 3225046, 1, 0, 0
26500, 3226739, 1, 0, 0
27003, 3035552, 1, 0, 0
27506, 3049502, 1, 0, 0
28010, 2936797, 1, 0, 0
28510, 2820414, 1, 0, 0
29012, 2831372, 1, 0, 0
29514, 2714454, 1, 0, 0
30015, 2644919, 1, 0, 0
30514, 2540027, 1, 0, 0
31014, 2472375, 1, 0, 0
31513, 2365200, 1, 0, 0
32010, 2278793, 1, 0, 0
32507, 2205660, 1, 0, 0
33003, 2079820, 1, 0, 0
33500, 2028468, 1, 0, 0
34009, 1815279, 1, 0, 0
34500, 1748036, 1, 0, 0
35007, 1617272, 1, 0, 0
35510, 1449513, 1, 0, 0
36008, 1297806, 1, 0, 0
36500, 1138378, 1, 0, 0
37006, 871612, 1, 0, 0
37500, 540162, 1, 0, 0
38007, 1287695, 1, 0, 0
38501, 7775028, 1, 0, 0
39012, 7417630, 1, 0, 0
39505, 7036416, 1, 0, 0
40016, 6671681, 1, 0, 0
40507, 6290583, 1, 0, 0
41000, 5976337, 1, 0, 0
41508, 5622077, 1, 0, 0
42000, 5411055, 1, 0, 0
42509, 4932647, 1, 0, 0
43000, 4846924, 1, 0, 0
43507, 4393878, 1, 0, 0
44013, 4263824, 1, 0, 0
44501, 4181653, 1, 0, 0
45010, 4600871, 1, 0, 0
45500, 4949388, 1, 0, 0
46008, 4858544, 1, 0, 0
46516, 4664252, 1, 0, 0
47005, 4506361, 1, 0, 0
47511, 4419770, 1, 0, 0
48001, 4363687, 1, 0, 0
48509, 4283283, 1, 0, 0
49016, 4234780, 1, 0, 0
49504, 4176836, 1, 0, 0
50011, 4080187, 1, 0, 0
50500, 4126385, 1, 0, 0
51004, 4060156, 1, 0, 0
51510, 4071890, 1, 0, 0
52000, 4058379, 1, 0, 0
52505, 3872758, 1, 0, 0
53011, 3839354, 1, 0, 0
53500, 3832536, 1, 0, 0
54003, 3754368, 1, 0, 0
54508, 3710947, 1, 0, 0
55014, 3643458, 1, 0, 0
55500, 3691917, 1, 0, 0
56005, 3468379, 1, 0, 0
56510, 3451897, 1, 0, 0
57013, 3337290, 1, 0, 0
57500, 3331424, 1, 0, 0
58002, 3235562, 1, 0, 0
58507, 3244756, 1, 0, 0
59011, 3163184, 1, 0, 0
59513, 3097640, 1, 0, 0
60000, 3019563, 1, 0, 0
60000, 802424, 1, 0, 0
