500, 71488, 1, 0, 0
1000, 71462, 1, 0, 0
1500, 71464, 1, 0, 0
2000, 71468, 1, 0, 0
2500, 71462, 1, 0, 0
3000, 71456, 1, 0, 0
3500, 71460, 1, 0, 0
4000, 71470, 1, 0, 0
4500, 71466, 1, 0, 0
5000, 71460, 1, 0, 0
5500, 66000, 1, 0, 0
6000, 4256, 1, 0, 0
6500, 4208, 1, 0, 0
7000, 4560, 1, 0, 0
7500, 4632, 1, 0, 0
8000, 5040, 1, 0, 0
8500, 5160, 1, 0, 0
9000, 5559, 1, 0, 0
9500, 5844, 1, 0, 0
10000, 6294, 1, 0, 0
10500, 6434, 1, 0, 0
11000, 7080, 1, 0, 0
11500, 7120, 1, 0, 0
12000, 7656, 1, 0, 0
12500, 7478, 1, 0, 0
13000, 6722, 1, 0, 0
13500, 6736, 1, 0, 0
14000, 6544, 1, 0, 0
14500, 6928, 1, 0, 0
15000, 6808, 1, 0, 0
15500, 7256, 1, 0, 0
16000, 7416, 1, 0, 0
16500, 7256, 1, 0, 0
17000, 7624, 1, 0, 0
17500, 7542, 1, 0, 0
18000, 7746, 1, 0, 0
18500, 7976, 1, 0, 0
19000, 7818, 1, 0, 0
19500, 7910, 1, 0, 0
20000, 8200, 1, 0, 0
20500, 8128, 1, 0, 0
21000, 8232, 1, 0, 0
21500, 8512, 1, 0, 0
22000, 8550, 1, 0, 0
22500, 8722, 1, 0, 0
23000, 8953, 1, 0, 0
23500, 9112, 1, 0, 0
24000, 9174, 1, 0, 0
24500, 9314, 1, 0, 0
25000, 9576, 1, 0, 0
25500, 9752, 1, 0, 0
26000, 10016, 1, 0, 0
26500, 9962, 1, 0, 0
27000, 10230, 1, 0, 0
27500, 10568, 1, 0, 0
28000, 10960, 1, 0, 0
28500, 11360, 1, 0, 0
29000, 11336, 1, 0, 0
29500, 11824, 1, 0, 0
30000, 12112, 1, 0, 0
30500, 12576, 1, 0, 0
31000, 12936, 1, 0, 0
31500, 13480, 1, 0, 0
32000, 13960, 1, 0, 0
32500, 14432, 1, 0, 0
33000, 15240, 1, 0, 0
33500, 16238, 1, 0, 0
34000, 17356, 1, 0, 0
34500, 17992, 1, 0, 0
35000, 20032, 1, 0, 0
35500, 22216, 1, 0, 0
36000, 24552, 1, 0, 0
36500, 28276, 1, 0, 0
37000, 36580, 1, 0, 0
37500, 59100, 1, 0, 0
38000, 24276, 1, 0, 0
38500, 4064, 1, 0, 0
39000, 4416, 1, 0, 0
39500, 4472, 1, 0, 0
40000, 4904, 1, 0, 0
40500, 4992, 1, 0, 0
41000, 5464, 1, 0, 0
41500, 5584, 1, 0, 0
42000, 6080, 1, 0, 0
42500, 6336, 1, 0, 0
43000, 6822, 1, 0, 0
43500, 7024, 1, 0, 0
44000, 7608, 1, 0, 0
44500, 7456, 1, 0, 0
45000, 7080, 1, 0, 0
45500, 6328, 1, 0, 0
46000, 6696, 1, 0, 0
46500, 6960, 1, 0, 0
47000, 6936, 1, 0, 0
47500, 7344, 1, 0, 0
48000, 7176, 1, 0, 0
48500, 7584, 1, 0, 0
49000, 7664, 1, 0, 0
49500, 7472, 1, 0, 0
50000, 7944, 1, 0, 0
50500, 7892, 1, 0, 0
51000, 7628, 1, 0, 0
51500, 7960, 1, 0, 0
52000, 8052, 1, 0, 0
52500, 7996, 1, 0, 0
53000, 8432, 1, 0, 0
53500, 8518, 1, 0, 0
54000, 8218, 1, 0, 0
54500, 8704, 1, 0, 0
55000, 8872, 1, 0, 0
55500, 8832, 1, 0, 0
56000, 8897, 1, 0, 0
56500, 9368, 1, 0, 0
57000, 9648, 1, 0, 0
57500, 9666, 1, 0, 0
58000, 9606, 1, 0, 0
58500, 9944, 1, 0, 0
59000, 10184, 1, 0, 0
59500, 10384, 1, 0, 0
