500, 731695, 1, 0, 0
1000, 738883, 1, 0, 0
1500, 729518, 1, 0, 0
2000, 736373, 1, 0, 0
2500, 1014659, 1, 0, 0
3000, 1693330, 1, 0, 0
3500, 1844947, 1, 0, 0
4000, 1933648, 1, 0, 0
4500, 2032540, 1, 0, 0
5000, 2222299, 1, 0, 0
5500, 2364183, 1, 0, 0
6002, 2624381, 1, 0, 0
6503, 2739576, 1, 0, 0
7000, 2917598, 1, 0, 0
7500, 3001891, 1, 0, 0
8000, 3228876, 1, 0, 0
8501, 3299420, 1, 0, 0
9000, 3451193, 1, 0, 0
9502, 3523820, 1, 0, 0
10000, 3638947, 1, 0, 0
10500, 3874264, 1, 0, 0
11000, 3902150, 1, 0, 0
11501, 3960857, 1, 0, 0
12005, 4090824, 1, 0, 0
12502, 4223251, 1, 0, 0
13000, 4308273, 1, 0, 0
13500, 4449277, 1, 0, 0
14000, 4641463, 1, 0, 0
14502, 4573009, 1, 0, 0
15001, 4661372, 1, 0, 0
15500, 4811291, 1, 0, 0
16000, 4886541, 1, 0, 0
16506, 5189703, 1, 0, 0
17000, 5179857, 1, 0, 0
17500, 5234710, 1, 0, 0
18005, 5253874, 1, 0, 0
18502, 5387164, 1, 0, 0
19000, 5358901, 1, 0, 0
19501, 5573413, 1, 0, 0
20003, 5708420, 1, 0, 0
20504, 5931682, 1, 0, 0
21000, 5712515, 1, 0, 0
21500, 5807961, 1, 0, 0
22003, 6174535, 1, 0, 0
22504, 6075387, 1, 0, 0
23001, 6337794, 1, 0, 0
23501, 6036157, 1, 0, 0
24002, 6232805, 1, 0, 0
24500, 6251323, 1, 0, 0
25001, 6377876, 1, 0, 0
25501, 6381109, 1, 0, 0
26000, 6443908, 1, 0, 0
26500, 6607821, 1, 0, 0
27000, 6802501, 1, 0, 0
27500, 6619038, 1, 0, 0
28000, 6843772, 1, 0, 0
28502, 6990665, 1, 0, 0
29004, 7251818, 1, 0, 0
29500, 7068690, 1, 0, 0
30000, 7011551, 1, 0, 0
30503, 7146535, 1, 0, 0
31003, 7281814, 1, 0, 0
31500, 7137296, 1, 0, 0
32000, 7287716, 1, 0, 0
32503, 7400803, 1, 0, 0
33000, 7172877, 1, 0, 0
33502, 7549819, 1, 0, 0
34002, 7215669, 1, 0, 0
34500, 7549939, 1, 0, 0
35000, 7534716, 1, 0, 0
35505, 7581863, 1, 0, 0
36002, 7745016, 1, 0, 0
36500, 7725672, 1, 0, 0
37000, 7899762, 1, 0, 0
37500, 7935153, 1, 0, 0
38000, 7903757, 1, 0, 0
38500, 7759794, 1, 0, 0
39001, 8039214, 1, 0, 0
39500, 8267508, 1, 0, 0
40000, 8023313, 1, 0, 0
40506, 8224385, 1, 0, 0
41003, 7963267, 1, 0, 0
41503, 8468574, 1, 0, 0
42005, 8228632, 1, 0, 0
42506, 8016371, 1, 0, 0
43000, 8170584, 1, 0, 0
43502, 8105429, 1, 0, 0
44000, 8214272, 1, 0, 0
44501, 8406433, 1, 0, 0
45004, 8491717, 1, 0, 0
45500, 8629811, 1, 0, 0
46000, 8313596, 1, 0, 0
46501, 8620426, 1, 0, 0
47003, 8552867, 1, 0, 0
47504, 8712323, 1, 0, 0
48000, 8870870, 1, 0, 0
48502, 8464159, 1, 0, 0
49003, 8293987, 1, 0, 0
49500, 8833490, 1, 0, 0
50001, 8564341, 1, 0, 0
50503, 9022240, 1, 0, 0
51000, 8478385, 1, 0, 0
51501, 8982737, 1, 0, 0
52003, 8711511, 1, 0, 0
52500, 8891175, 1, 0, 0
53002, 8865731, 1, 0, 0
53503, 8801421, 1, 0, 0
54007, 8942379, 1, 0, 0
54500, 8854250, 1, 0, 0
55002, 9180390, 1, 0, 0
55500, 9078609, 1, 0, 0
56000, 9026788, 1, 0, 0
56506, 9026120, 1, 0, 0
57002, 9127514, 1, 0, 0
57504, 9014725, 1, 0, 0
58006, 9234648, 1, 0, 0
58501, 9320547, 1, 0, 0
59008, 9222690, 1, 0, 0
59502, 9346995, 1, 0, 0
60000, 9204637, 1, 0, 0
60004, 11308631, 1, 0, 0
