500, 730629, 1, 0, 0
1000, 737820, 1, 0, 0
1500, 728461, 1, 0, 0
2000, 735318, 1, 0, 0
2500, 1013603, 1, 0, 0
3000, 1692267, 1, 0, 0
3500, 1843880, 1, 0, 0
4000, 1932590, 1, 0, 0
4500, 2031470, 1, 0, 0
5000, 2221232, 1, 0, 0
5500, 2363119, 1, 0, 0
6002, 2623313, 1, 0, 0
6503, 2738511, 1, 0, 0
7000, 2916530, 1, 0, 0
7500, 3000821, 1, 0, 0
8000, 3227794, 1, 0, 0
8501, 3298342, 1, 0, 0
9000, 3450124, 1, 0, 0
9502, 3522753, 1, 0, 0
10000, 3637880, 1, 0, 0
10500, 3873199, 1, 0, 0
11000, 3901082, 1, 0, 0
11501, 3959788, 1, 0, 0
12005, 4089755, 1, 0, 0
12502, 4222184, 1, 0, 0
13000, 4307202, 1, 0, 0
13500, 4448201, 1, 0, 0
14000, 4640399, 1, 0, 0
14502, 4571938, 1, 0, 0
15001, 4660305, 1, 0, 0
15500, 4810223, 1, 0, 0
16000, 4885472, 1, 0, 0
16506, 5188627, 1, 0, 0
17000, 5178786, 1, 0, 0
17500, 5233646, 1, 0, 0
18005, 5252808, 1, 0, 0
18502, 5386099, 1, 0, 0
19000, 5357830, 1, 0, 0
19501, 5572346, 1, 0, 0
20003, 5707347, 1, 0, 0
20504, 5930610, 1, 0, 0
21000, 5711439, 1, 0, 0
21500, 5806892, 1, 0, 0
22003, 6173464, 1, 0, 0
22504, 6074319, 1, 0, 0
23001, 6336723, 1, 0, 0
23501, 6035087, 1, 0, 0
24002, 6231732, 1, 0, 0
24500, 6250253, 1, 0, 0
25001, 6376805, 1, 0, 0
25501, 6380039, 1, 0, 0
26000, 6442837, 1, 0, 0
26500, 6606747, 1, 0, 0
27000, 6801428, 1, 0, 0
27500, 6617966, 1, 0, 0
28000, 6842697, 1, 0, 0
28502, 6989593, 1, 0, 0
29004, 7250747, 1, 0, 0
29500, 7067620, 1, 0, 0
30000, 7010478, 1, 0, 0
30503, 7145470, 1, 0, 0
31003, 7280743, 1, 0, 0
31500, 7136228, 1, 0, 0
32000, 7286645, 1, 0, 0
32503, 7399731, 1, 0, 0
33000, 7171806, 1, 0, 0
33502, 7548295, 1, 0, 0
34002, 7214583, 1, 0, 0
34500, 7548872, 1, 0, 0
35000, 7533644, 1, 0, 0
35505, 7580791, 1, 0, 0
36002, 7743946, 1, 0, 0
36500, 7724604, 1, 0, 0
37000, 7898693, 1, 0, 0
37500, 7934084, 1, 0, 0
38000, 7902686, 1, 0, 0
38500, 7758728, 1, 0, 0
39001, 8038137, 1, 0, 0
39500, 8266437, 1, 0, 0
40000, 8022242, 1, 0, 0
40506, 8223310, 1, 0, 0
41003, 7962187, 1, 0, 0
41503, 8467499, 1, 0, 0
42005, 8227559, 1, 0, 0
42506, 8015297, 1, 0, 0
43000, 8169513, 1, 0, 0
43502, 8104352, 1, 0, 0
44000, 8213192, 1, 0, 0
44501, 8405359, 1, 0, 0
45004, 8490631, 1, 0, 0
45500, 8628734, 1, 0, 0
46000, 8312521, 1, 0, 0
46501, 8619339, 1, 0, 0
47003, 8551790, 1, 0, 0
47504, 8711251, 1, 0, 0
48000, 8869799, 1, 0, 0
48502, 8463092, 1, 0, 0
49003, 8292917, 1, 0, 0
49500, 8832421, 1, 0, 0
50001, 8563267, 1, 0, 0
50503, 9021166, 1, 0, 0
51000, 8477317, 1, 0, 0
51501, 8981665, 1, 0, 0
52003, 8710438, 1, 0, 0
52500, 8890110, 1, 0, 0
53002, 8864659, 1, 0, 0
53503, 8800348, 1, 0, 0
54007, 8941309, 1, 0, 0
54500, 8853177, 1, 0, 0
55002, 9179312, 1, 0, 0
55500, 9077535, 1, 0, 0
56000, 9025721, 1, 0, 0
56506, 9025053, 1, 0, 0
57002, 9126443, 1, 0, 0
57504, 9013656, 1, 0, 0
58006, 9233574, 1, 0, 0
58501, 9319483, 1, 0, 0
59008, 9221625, 1, 0, 0
59502, 9345926, 1, 0, 0
60000, 9203563, 1, 0, 0
60004, 11307562, 1, 0, 0
