500, 1066, 1, 0, 0
1000, 1062, 1, 0, 0
1500, 1058, 1, 0, 0
2000, 1055, 1, 0, 0
2500, 1057, 1, 0, 0
3000, 1063, 1, 0, 0
3500, 1067, 1, 0, 0
4000, 1058, 1, 0, 0
4500, 1069, 1, 0, 0
5000, 1067, 1, 0, 0
5500, 1064, 1, 0, 0
6002, 1068, 1, 0, 0
6503, 1064, 1, 0, 0
7000, 1067, 1, 0, 0
7500, 1069, 1, 0, 0
8000, 1082, 1, 0, 0
8501, 1078, 1, 0, 0
9000, 1069, 1, 0, 0
9502, 1067, 1, 0, 0
10000, 1068, 1, 0, 0
10500, 1065, 1, 0, 0
11000, 1069, 1, 0, 0
11501, 1069, 1, 0, 0
12005, 1070, 1, 0, 0
12502, 1067, 1, 0, 0
13000, 1072, 1, 0, 0
13500, 1076, 1, 0, 0
14000, 1064, 1, 0, 0
14502, 1072, 1, 0, 0
15001, 1067, 1, 0, 0
15500, 1068, 1, 0, 0
16000, 1068, 1, 0, 0
16506, 1075, 1, 0, 0
17000, 1071, 1, 0, 0
17500, 1064, 1, 0, 0
18005, 1066, 1, 0, 0
18502, 1066, 1, 0, 0
19000, 1071, 1, 0, 0
19501, 1067, 1, 0, 0
20003, 1073, 1, 0, 0
20504, 1072, 1, 0, 0
21000, 1076, 1, 0, 0
21500, 1068, 1, 0, 0
22003, 1072, 1, 0, 0
22504, 1069, 1, 0, 0
23001, 1071, 1, 0, 0
23501, 1070, 1, 0, 0
24002, 1073, 1, 0, 0
24500, 1069, 1, 0, 0
25001, 1071, 1, 0, 0
25501, 1071, 1, 0, 0
26000, 1071, 1, 0, 0
26500, 1073, 1, 0, 0
27000, 1074, 1, 0, 0
27500, 1071, 1, 0, 0
28000, 1075, 1, 0, 0
28502, 1070, 1, 0, 0
29004, 1071, 1, 0, 0
29500, 1070, 1, 0, 0
30000, 1073, 1, 0, 0
30503, 1065, 1, 0, 0
31003, 1071, 1, 0, 0
31500, 1069, 1, 0, 0
32000, 1071, 1, 0, 0
32503, 1073, 1, 0, 0
33000, 1070, 1, 0, 0
33502, 1524, 1, 0, 0
34002, 1085, 1, 0, 0
34500, 1067, 1, 0, 0
35000, 1073, 1, 0, 0
35505, 1072, 1, 0, 0
36002, 1071, 1, 0, 0
36500, 1068, 1, 0, 0
37000, 1070, 1, 0, 0
37500, 1069, 1, 0, 0
38000, 1072, 1, 0, 0
38500, 1066, 1, 0, 0
39001, 1077, 1, 0, 0
39500, 1071, 1, 0, 0
40000, 1072, 1, 0, 0
40506, 1075, 1, 0, 0
41003, 1080, 1, 0, 0
41503, 1075, 1, 0, 0
42005, 1072, 1, 0, 0
42506, 1075, 1, 0, 0
43000, 1071, 1, 0, 0
43502, 1077, 1, 0, 0
44000, 1080, 1, 0, 0
44501, 1075, 1, 0, 0
45004, 1085, 1, 0, 0
45500, 1077, 1, 0, 0
46000, 1075, 1, 0, 0
46501, 1088, 1, 0, 0
47003, 1077, 1, 0, 0
47504, 1073, 1, 0, 0
48000, 1071, 1, 0, 0
48502, 1067, 1, 0, 0
49003, 1071, 1, 0, 0
49500, 1069, 1, 0, 0
50001, 1073, 1, 0, 0
50503, 1074, 1, 0, 0
51000, 1068, 1, 0, 0
51501, 1071, 1, 0, 0
52003, 1073, 1, 0, 0
52500, 1066, 1, 0, 0
53002, 1073, 1, 0, 0
53503, 1073, 1, 0, 0
54007, 1070, 1, 0, 0
54500, 1075, 1, 0, 0
55002, 1077, 1, 0, 0
55500, 1073, 1, 0, 0
56000, 1068, 1, 0, 0
56506, 1067, 1, 0, 0
57002, 1071, 1, 0, 0
57504, 1068, 1, 0, 0
58006, 1073, 1, 0, 0
58501, 1064, 1, 0, 0
59008, 1065, 1, 0, 0
59502, 1069, 1, 0, 0
60004, 1075, 1, 0, 0
