500, 43718, 1, 0, 0
1000, 43282, 1, 0, 0
1500, 43864, 1, 0, 0
2000, 43452, 1, 0, 0
2500, 31510, 1, 0, 0
3000, 18788, 1, 0, 0
3500, 17434, 1, 0, 0
4000, 16520, 1, 0, 0
4500, 15770, 1, 0, 0
5000, 14380, 1, 0, 0
5500, 13548, 1, 0, 0
6000, 12148, 1, 0, 0
6500, 11684, 1, 0, 0
7000, 10974, 1, 0, 0
7500, 10580, 1, 0, 0
8000, 9954, 1, 0, 0
8500, 9674, 1, 0, 0
9000, 9328, 1, 0, 0
9500, 9022, 1, 0, 0
10000, 8874, 1, 0, 0
10500, 8256, 1, 0, 0
11000, 8158, 1, 0, 0
11500, 8024, 1, 0, 0
12000, 7901, 1, 0, 0
12500, 7542, 1, 0, 0
13000, 7472, 1, 0, 0
13500, 7184, 1, 0, 0
14000, 6898, 1, 0, 0
14500, 6940, 1, 0, 0
15000, 6842, 1, 0, 0
15500, 6724, 1, 0, 0
16000, 6528, 1, 0, 0
16500, 6182, 1, 0, 0
17000, 6112, 1, 0, 0
17500, 6134, 1, 0, 0
18000, 6124, 1, 0, 0
18500, 5902, 1, 0, 0
19000, 5948, 1, 0, 0
19500, 5756, 1, 0, 0
20000, 5638, 1, 0, 0
20500, 5386, 1, 0, 0
21000, 5664, 1, 0, 0
21500, 5438, 1, 0, 0
22000, 5194, 1, 0, 0
22500, 5274, 1, 0, 0
23000, 5002, 1, 0, 0
23500, 5316, 1, 0, 0
24000, 5132, 1, 0, 0
24500, 5112, 1, 0, 0
25000, 5020, 1, 0, 0
25500, 5014, 1, 0, 0
26000, 5028, 1, 0, 0
26500, 4836, 1, 0, 0
27000, 4668, 1, 0, 0
27500, 4824, 1, 0, 0
28000, 4692, 1, 0, 0
28500, 4566, 1, 0, 0
29000, 4420, 1, 0, 0
29500, 4548, 1, 0, 0
30000, 4550, 1, 0, 0
30500, 4462, 1, 0, 0
31000, 4406, 1, 0, 0
31500, 4510, 1, 0, 0
32000, 4342, 1, 0, 0
32500, 4350, 1, 0, 0
33000, 4442, 1, 0, 0
33500, 4256, 1, 0, 0
34000, 4418, 1, 0, 0
34500, 4282, 1, 0, 0
35000, 4240, 1, 0, 0
35500, 4214, 1, 0, 0
36000, 4104, 1, 0, 0
36500, 4128, 1, 0, 0
37000, 4054, 1, 0, 0
37500, 4050, 1, 0, 0
38000, 4068, 1, 0, 0
38500, 4096, 1, 0, 0
39000, 3972, 1, 0, 0
39500, 3900, 1, 0, 0
40000, 3996, 1, 0, 0
40500, 3894, 1, 0, 0
41000, 4012, 1, 0, 0
41500, 3768, 1, 0, 0
42000, 3902, 1, 0, 0
42500, 3996, 1, 0, 0
43000, 3902, 1, 0, 0
43500, 3926, 1, 0, 0
44000, 3892, 1, 0, 0
44500, 3836, 1, 0, 0
45000, 3766, 1, 0, 0
45500, 3712, 1, 0, 0
46000, 3838, 1, 0, 0
46500, 3694, 1, 0, 0
47000, 3754, 1, 0, 0
47500, 3682, 1, 0, 0
48000, 3636, 1, 0, 0
48500, 3739, 1, 0, 0
49000, 3880, 1, 0, 0
49500, 3612, 1, 0, 0
50000, 3718, 1, 0, 0
50500, 3564, 1, 0, 0
51000, 3802, 1, 0, 0
51500, 3522, 1, 0, 0
52000, 3690, 1, 0, 0
52500, 3578, 1, 0, 0
53000, 3618, 1, 0, 0
53500, 3658, 1, 0, 0
54000, 3592, 1, 0, 0
54500, 3610, 1, 0, 0
55000, 3458, 1, 0, 0
55500, 3562, 1, 0, 0
56000, 3504, 1, 0, 0
56500, 3574, 1, 0, 0
57000, 3478, 1, 0, 0
57500, 3566, 1, 0, 0
58000, 3484, 1, 0, 0
58500, 3398, 1, 0, 0
59000, 3508, 1, 0, 0
59500, 3400, 1, 0, 0
60000, 3462, 1, 0, 0
