500, 349696, 1, 0, 0
1000, 346256, 1, 0, 0
1500, 350912, 1, 0, 0
2000, 347616, 1, 0, 0
2500, 252080, 1, 0, 0
3000, 150304, 1, 0, 0
3500, 139472, 1, 0, 0
4000, 132160, 1, 0, 0
4500, 126160, 1, 0, 0
5000, 115040, 1, 0, 0
5500, 108384, 1, 0, 0
6000, 97184, 1, 0, 0
6500, 93472, 1, 0, 0
7000, 87792, 1, 0, 0
7500, 84640, 1, 0, 0
8000, 79632, 1, 0, 0
8500, 77392, 1, 0, 0
9000, 74624, 1, 0, 0
9500, 72176, 1, 0, 0
10000, 70992, 1, 0, 0
10500, 66048, 1, 0, 0
11000, 65264, 1, 0, 0
11500, 64192, 1, 0, 0
12000, 63214, 1, 0, 0
12500, 60336, 1, 0, 0
13000, 59776, 1, 0, 0
13500, 57472, 1, 0, 0
14000, 55184, 1, 0, 0
14500, 55520, 1, 0, 0
15000, 54736, 1, 0, 0
15500, 53792, 1, 0, 0
16000, 52224, 1, 0, 0
16500, 49456, 1, 0, 0
17000, 48896, 1, 0, 0
17500, 49072, 1, 0, 0
18000, 48992, 1, 0, 0
18500, 47216, 1, 0, 0
19000, 47584, 1, 0, 0
19500, 46048, 1, 0, 0
20000, 45104, 1, 0, 0
20500, 43088, 1, 0, 0
21000, 45312, 1, 0, 0
21500, 43504, 1, 0, 0
22000, 41552, 1, 0, 0
22500, 42192, 1, 0, 0
23000, 40016, 1, 0, 0
23500, 42528, 1, 0, 0
24000, 41056, 1, 0, 0
24500, 40896, 1, 0, 0
25000, 40160, 1, 0, 0
25500, 40112, 1, 0, 0
26000, 40224, 1, 0, 0
26500, 38688, 1, 0, 0
27000, 37344, 1, 0, 0
27500, 38592, 1, 0, 0
28000, 37536, 1, 0, 0
28500, 36528, 1, 0, 0
29000, 35360, 1, 0, 0
29500, 36384, 1, 0, 0
30000, 36400, 1, 0, 0
30500, 35696, 1, 0, 0
31000, 35254, 1, 0, 0
31500, 36080, 1, 0, 0
32000, 34736, 1, 0, 0
32500, 34800, 1, 0, 0
33000, 35536, 1, 0, 0
33500, 34048, 1, 0, 0
34000, 35344, 1, 0, 0
34500, 34256, 1, 0, 0
35000, 33920, 1, 0, 0
35500, 33712, 1, 0, 0
36000, 32832, 1, 0, 0
36500, 33024, 1, 0, 0
37000, 32432, 1, 0, 0
37500, 32400, 1, 0, 0
38000, 32544, 1, 0, 0
38500, 32768, 1, 0, 0
39000, 31776, 1, 0, 0
39500, 31200, 1, 0, 0
40000, 31968, 1, 0, 0
40500, 31152, 1, 0, 0
41000, 32096, 1, 0, 0
41500, 30144, 1, 0, 0
42000, 31216, 1, 0, 0
42500, 31968, 1, 0, 0
43000, 31216, 1, 0, 0
43500, 31408, 1, 0, 0
44000, 31136, 1, 0, 0
44500, 30688, 1, 0, 0
45000, 30128, 1, 0, 0
45500, 29696, 1, 0, 0
46000, 30704, 1, 0, 0
46500, 29552, 1, 0, 0
47000, 30032, 1, 0, 0
47500, 29456, 1, 0, 0
48000, 29088, 1, 0, 0
48500, 29915, 1, 0, 0
49000, 31040, 1, 0, 0
49500, 28896, 1, 0, 0
50000, 29744, 1, 0, 0
50500, 28512, 1, 0, 0
51000, 30416, 1, 0, 0
51500, 28176, 1, 0, 0
52000, 29520, 1, 0, 0
52500, 28624, 1, 0, 0
53000, 28944, 1, 0, 0
53500, 29264, 1, 0, 0
54000, 28736, 1, 0, 0
54500, 28880, 1, 0, 0
55000, 27664, 1, 0, 0
55500, 28496, 1, 0, 0
56000, 28032, 1, 0, 0
56500, 28592, 1, 0, 0
57000, 27824, 1, 0, 0
57500, 28528, 1, 0, 0
58000, 27872, 1, 0, 0
58500, 27184, 1, 0, 0
59000, 28064, 1, 0, 0
59500, 27200, 1, 0, 0
60000, 27696, 1, 0, 0
