500, 447219, 1, 0, 0
1000, 447648, 1, 0, 0
1500, 447648, 1, 0, 0
2000, 447648, 1, 0, 0
2500, 447648, 1, 0, 0
3000, 447648, 1, 0, 0
3500, 447648, 1, 0, 0
4000, 447647, 1, 0, 0
4500, 447648, 1, 0, 0
5000, 447648, 1, 0, 0
5500, 459367, 1, 0, 0
6000, 601455, 1, 0, 0
6500, 608161, 1, 0, 0
7000, 601621, 1, 0, 0
7500, 607936, 1, 0, 0
8000, 601838, 1, 0, 0
8500, 607751, 1, 0, 0
9000, 602023, 1, 0, 0
9500, 607544, 1, 0, 0
10000, 602253, 1, 0, 0
10500, 607314, 1, 0, 0
11000, 603444, 1, 0, 0
11500, 606119, 1, 0, 0
12000, 604394, 1, 0, 0
12500, 605133, 1, 0, 0
13000, 604750, 1, 0, 0
13500, 604797, 1, 0, 0
14000, 605007, 1, 0, 0
14500, 604553, 1, 0, 0
15000, 605445, 1, 0, 0
15500, 604125, 1, 0, 0
16000, 605697, 1, 0, 0
16500, 603824, 1, 0, 0
17000, 606144, 1, 0, 0
17500, 603461, 1, 0, 0
18000, 606675, 1, 0, 0
18500, 602812, 1, 0, 0
19000, 607488, 1, 0, 0
19500, 602124, 1, 0, 0
20000, 607733, 1, 0, 0
20500, 601775, 1, 0, 0
21000, 607970, 1, 0, 0
21500, 601641, 1, 0, 0
22000, 608038, 1, 0, 0
22500, 601470, 1, 0, 0
23000, 608187, 1, 0, 0
23500, 601450, 1, 0, 0
24000, 608183, 1, 0, 0
24500, 601348, 1, 0, 0
25000, 608228, 1, 0, 0
25500, 601480, 1, 0, 0
26000, 608181, 1, 0, 0
26501, 601630, 1, 0, 0
27000, 607894, 1, 0, 0
27500, 601868, 1, 0, 0
28000, 607730, 1, 0, 0
28500, 602008, 1, 0, 0
29000, 607498, 1, 0, 0
29500, 602716, 1, 0, 0
30000, 606866, 1, 0, 0
30500, 604118, 1, 0, 0
31000, 605363, 1, 0, 0
31500, 604632, 1, 0, 0
32000, 604975, 1, 0, 0
32500, 604890, 1, 0, 0
33000, 604579, 1, 0, 0
33500, 605275, 1, 0, 0
34000, 604335, 1, 0, 0
34500, 605625, 1, 0, 0
35000, 603884, 1, 0, 0
35500, 605902, 1, 0, 0
36000, 603697, 1, 0, 0
36500, 606401, 1, 0, 0
37000, 603136, 1, 0, 0
37500, 607151, 1, 0, 0
38000, 602470, 1, 0, 0
38500, 607677, 1, 0, 0
39000, 601933, 1, 0, 0
39500, 607831, 1, 0, 0
40000, 601690, 1, 0, 0
40500, 608056, 1, 0, 0
41000, 601577, 1, 0, 0
41500, 608057, 1, 0, 0
42000, 601482, 1, 0, 0
42500, 608177, 1, 0, 0
43000, 601453, 1, 0, 0
43500, 608124, 1, 0, 0
44000, 601436, 1, 0, 0
44500, 608178, 1, 0, 0
45000, 601583, 1, 0, 0
45500, 608011, 1, 0, 0
46000, 601782, 1, 0, 0
46500, 607773, 1, 0, 0
47000, 601977, 1, 0, 0
47500, 607605, 1, 0, 0
48000, 602113, 1, 0, 0
48500, 607417, 1, 0, 0
49000, 603101, 1, 0, 0
49500, 606490, 1, 0, 0
50000, 604352, 1, 0, 0
50500, 605170, 1, 0, 0
51000, 604670, 1, 0, 0
51500, 604924, 1, 0, 0
52000, 604920, 1, 0, 0
52500, 604572, 1, 0, 0
53000, 606458, 1, 0, 0
53500, 605544, 1, 0, 0
54000, 502193, 1, 0, 0
54500, 591100, 1, 0, 0
55000, 604884, 1, 0, 0
55500, 605063, 1, 0, 0
56000, 604656, 1, 0, 0
56500, 605366, 1, 0, 0
57000, 604326, 1, 0, 0
57500, 645596, 1, 0, 0
58000, 1107005, 1, 0, 0
58512, 1111223, 1, 0, 0
59010, 1110100, 1, 0, 0
59507, 1110085, 1, 0, 0
60005, 1110157, 1, 0, 0
60006, 17193945, 1, 0, 0
