500, 446361, 1, 0, 0
1000, 446797, 1, 0, 0
1500, 446793, 1, 0, 0
2000, 446797, 1, 0, 0
2500, 446797, 1, 0, 0
3000, 446800, 1, 0, 0
3500, 446798, 1, 0, 0
4000, 446798, 1, 0, 0
4500, 446800, 1, 0, 0
5000, 446800, 1, 0, 0
5500, 458514, 1, 0, 0
6000, 600536, 1, 0, 0
6500, 607236, 1, 0, 0
7000, 600699, 1, 0, 0
7500, 607013, 1, 0, 0
8000, 600920, 1, 0, 0
8500, 606829, 1, 0, 0
9000, 601100, 1, 0, 0
9500, 606624, 1, 0, 0
10000, 601337, 1, 0, 0
10500, 606392, 1, 0, 0
11000, 602517, 1, 0, 0
11500, 605196, 1, 0, 0
12000, 603477, 1, 0, 0
12500, 604214, 1, 0, 0
13000, 603823, 1, 0, 0
13500, 603871, 1, 0, 0
14000, 604086, 1, 0, 0
14500, 603632, 1, 0, 0
15000, 604521, 1, 0, 0
15500, 603203, 1, 0, 0
16000, 604772, 1, 0, 0
16500, 602902, 1, 0, 0
17000, 605220, 1, 0, 0
17500, 602537, 1, 0, 0
18000, 605716, 1, 0, 0
18500, 601885, 1, 0, 0
19000, 606560, 1, 0, 0
19500, 601126, 1, 0, 0
20000, 606804, 1, 0, 0
20500, 600855, 1, 0, 0
21000, 607043, 1, 0, 0
21500, 600708, 1, 0, 0
22000, 607109, 1, 0, 0
22500, 600539, 1, 0, 0
23000, 607258, 1, 0, 0
23500, 600517, 1, 0, 0
24000, 607250, 1, 0, 0
24500, 600414, 1, 0, 0
25000, 607300, 1, 0, 0
25500, 600543, 1, 0, 0
26000, 607246, 1, 0, 0
26501, 600699, 1, 0, 0
27000, 606975, 1, 0, 0
27500, 600938, 1, 0, 0
28000, 606798, 1, 0, 0
28500, 601075, 1, 0, 0
29000, 606568, 1, 0, 0
29500, 601786, 1, 0, 0
30000, 605931, 1, 0, 0
30500, 603185, 1, 0, 0
31000, 604434, 1, 0, 0
31500, 603704, 1, 0, 0
32000, 604045, 1, 0, 0
32500, 603959, 1, 0, 0
33000, 603649, 1, 0, 0
33500, 604352, 1, 0, 0
34000, 603403, 1, 0, 0
34500, 604690, 1, 0, 0
35000, 602961, 1, 0, 0
35500, 604986, 1, 0, 0
36000, 602775, 1, 0, 0
36500, 605479, 1, 0, 0
37000, 602214, 1, 0, 0
37500, 606215, 1, 0, 0
38000, 601547, 1, 0, 0
38500, 606755, 1, 0, 0
39000, 601009, 1, 0, 0
39500, 606909, 1, 0, 0
40000, 600766, 1, 0, 0
40500, 607138, 1, 0, 0
41000, 600655, 1, 0, 0
41500, 607140, 1, 0, 0
42000, 600559, 1, 0, 0
42500, 607260, 1, 0, 0
43000, 600528, 1, 0, 0
43500, 607207, 1, 0, 0
44000, 600518, 1, 0, 0
44500, 607260, 1, 0, 0
45000, 600655, 1, 0, 0
45500, 607082, 1, 0, 0
46000, 600858, 1, 0, 0
46500, 606844, 1, 0, 0
47000, 601043, 1, 0, 0
47500, 606685, 1, 0, 0
48000, 601184, 1, 0, 0
48500, 606489, 1, 0, 0
49000, 602169, 1, 0, 0
49500, 605558, 1, 0, 0
50000, 603427, 1, 0, 0
50500, 604244, 1, 0, 0
51000, 603742, 1, 0, 0
51500, 604000, 1, 0, 0
52000, 603991, 1, 0, 0
52500, 603635, 1, 0, 0
53000, 605495, 1, 0, 0
53500, 604609, 1, 0, 0
54000, 501249, 1, 0, 0
54500, 590131, 1, 0, 0
55000, 603916, 1, 0, 0
55500, 604090, 1, 0, 0
56000, 603689, 1, 0, 0
56500, 604400, 1, 0, 0
57000, 603364, 1, 0, 0
57500, 644628, 1, 0, 0
58000, 1106037, 1, 0, 0
58512, 1110256, 1, 0, 0
59010, 1109055, 1, 0, 0
59507, 1109123, 1, 0, 0
60005, 1109189, 1, 0, 0
60006, 17192935, 1, 0, 0
