500, 286128, 1, 0, 0
1000, 285880, 1, 0, 0
1500, 285840, 1, 0, 0
2000, 285824, 1, 0, 0
2500, 285824, 1, 0, 0
3000, 285872, 1, 0, 0
3500, 285888, 1, 0, 0
4000, 285840, 1, 0, 0
4500, 285824, 1, 0, 0
5000, 285824, 1, 0, 0
5500, 278560, 1, 0, 0
6000, 212448, 1, 0, 0
6500, 210728, 1, 0, 0
7000, 212184, 1, 0, 0
7500, 211032, 1, 0, 0
8000, 211888, 1, 0, 0
8500, 211296, 1, 0, 0
9000, 211728, 1, 0, 0
9500, 211448, 1, 0, 0
10000, 211664, 1, 0, 0
10500, 211544, 1, 0, 0
11000, 211480, 1, 0, 0
11500, 211559, 1, 0, 0
12000, 211664, 1, 0, 0
12500, 211544, 1, 0, 0
13000, 211480, 1, 0, 0
13500, 211720, 1, 0, 0
14000, 211360, 1, 0, 0
14500, 211832, 1, 0, 0
15000, 211128, 1, 0, 0
15500, 212048, 1, 0, 0
16000, 210936, 1, 0, 0
16500, 212264, 1, 0, 0
17000, 210728, 1, 0, 0
17500, 212448, 1, 0, 0
18000, 210632, 1, 0, 0
18500, 212624, 1, 0, 0
19000, 210520, 1, 0, 0
19500, 212656, 1, 0, 0
20000, 210496, 1, 0, 0
20500, 212736, 1, 0, 0
21000, 210424, 1, 0, 0
21500, 212768, 1, 0, 0
22000, 210408, 1, 0, 0
22500, 212800, 1, 0, 0
23000, 210384, 1, 0, 0
23500, 212760, 1, 0, 0
24000, 210416, 1, 0, 0
24500, 212552, 1, 0, 0
25000, 210648, 1, 0, 0
25500, 212264, 1, 0, 0
26000, 210920, 1, 0, 0
26500, 211992, 1, 0, 0
27000, 211224, 1, 0, 0
27500, 211792, 1, 0, 0
28000, 211246, 1, 0, 0
28500, 211984, 1, 0, 0
29000, 211240, 1, 0, 0
29500, 211760, 1, 0, 0
30000, 211408, 1, 0, 0
30500, 211680, 1, 0, 0
31000, 211536, 1, 0, 0
31500, 211520, 1, 0, 0
32000, 211656, 1, 0, 0
32500, 211384, 1, 0, 0
33000, 211808, 1, 0, 0
33500, 211216, 1, 0, 0
34000, 211992, 1, 0, 0
34500, 210968, 1, 0, 0
35000, 212232, 1, 0, 0
35500, 210760, 1, 0, 0
36000, 212432, 1, 0, 0
36500, 210632, 1, 0, 0
37000, 212568, 1, 0, 0
37500, 210512, 1, 0, 0
38000, 212696, 1, 0, 0
38500, 210464, 1, 0, 0
39000, 212712, 1, 0, 0
39500, 210464, 1, 0, 0
40000, 212728, 1, 0, 0
40500, 210400, 1, 0, 0
41000, 212808, 1, 0, 0
41500, 210416, 1, 0, 0
42000, 212784, 1, 0, 0
42500, 210400, 1, 0, 0
43000, 212624, 1, 0, 0
43500, 210560, 1, 0, 0
44000, 212360, 1, 0, 0
44500, 210824, 1, 0, 0
45000, 212505, 1, 0, 0
45500, 210552, 1, 0, 0
46000, 212368, 1, 0, 0
46500, 210800, 1, 0, 0
47000, 212112, 1, 0, 0
47500, 211112, 1, 0, 0
48000, 211824, 1, 0, 0
48500, 211392, 1, 0, 0
49000, 211696, 1, 0, 0
49500, 211472, 1, 0, 0
50000, 211608, 1, 0, 0
50500, 211584, 1, 0, 0
51000, 211448, 1, 0, 0
51500, 211728, 1, 0, 0
52000, 211304, 1, 0, 0
52500, 211928, 1, 0, 0
53000, 210744, 1, 0, 0
53500, 211632, 1, 0, 0
54000, 254768, 1, 0, 0
54500, 216208, 1, 0, 0
55000, 211840, 1, 0, 0
55500, 211136, 1, 0, 0
56000, 212024, 1, 0, 0
56500, 210944, 1, 0, 0
57000, 212216, 1, 0, 0
57500, 198200, 1, 0, 0
58000, 115024, 1, 0, 0
58500, 114688, 1, 0, 0
59000, 114688, 1, 0, 0
59500, 114688, 1, 0, 0
60000, 114688, 1, 0, 0
