500, 71534, 1, 0, 0
1000, 71468, 1, 0, 0
1500, 71460, 1, 0, 0
2000, 71456, 1, 0, 0
2500, 71456, 1, 0, 0
3000, 71468, 1, 0, 0
3500, 71472, 1, 0, 0
4000, 71460, 1, 0, 0
4500, 71456, 1, 0, 0
5000, 71456, 1, 0, 0
5500, 69640, 1, 0, 0
6000, 53112, 1, 0, 0
6500, 52682, 1, 0, 0
7000, 53046, 1, 0, 0
7500, 52758, 1, 0, 0
8000, 52972, 1, 0, 0
8500, 52824, 1, 0, 0
9000, 52932, 1, 0, 0
9500, 52862, 1, 0, 0
10000, 52916, 1, 0, 0
10500, 52886, 1, 0, 0
11000, 52870, 1, 0, 0
11500, 52889, 1, 0, 0
12000, 52916, 1, 0, 0
12500, 52886, 1, 0, 0
13000, 52870, 1, 0, 0
13500, 52930, 1, 0, 0
14000, 52840, 1, 0, 0
14500, 52958, 1, 0, 0
15000, 52782, 1, 0, 0
15500, 53012, 1, 0, 0
16000, 52734, 1, 0, 0
16500, 53066, 1, 0, 0
17000, 52682, 1, 0, 0
17500, 53112, 1, 0, 0
18000, 52658, 1, 0, 0
18500, 53156, 1, 0, 0
19000, 52630, 1, 0, 0
19500, 53164, 1, 0, 0
20000, 52624, 1, 0, 0
20500, 53184, 1, 0, 0
21000, 52606, 1, 0, 0
21500, 53192, 1, 0, 0
22000, 52602, 1, 0, 0
22500, 53200, 1, 0, 0
23000, 52596, 1, 0, 0
23500, 53190, 1, 0, 0
24000, 52604, 1, 0, 0
24500, 53138, 1, 0, 0
25000, 52662, 1, 0, 0
25500, 53066, 1, 0, 0
26000, 52730, 1, 0, 0
26500, 52998, 1, 0, 0
27000, 52806, 1, 0, 0
27500, 52948, 1, 0, 0
28000, 52811, 1, 0, 0
28500, 52996, 1, 0, 0
29000, 52810, 1, 0, 0
29500, 52940, 1, 0, 0
30000, 52852, 1, 0, 0
30500, 52920, 1, 0, 0
31000, 52884, 1, 0, 0
31500, 52880, 1, 0, 0
32000, 52914, 1, 0, 0
32500, 52846, 1, 0, 0
33000, 52952, 1, 0, 0
33500, 52804, 1, 0, 0
34000, 52998, 1, 0, 0
34500, 52742, 1, 0, 0
35000, 53058, 1, 0, 0
35500, 52690, 1, 0, 0
36000, 53108, 1, 0, 0
36500, 52658, 1, 0, 0
37000, 53142, 1, 0, 0
37500, 52628, 1, 0, 0
38000, 53174, 1, 0, 0
38500, 52616, 1, 0, 0
39000, 53178, 1, 0, 0
39500, 52616, 1, 0, 0
40000, 53182, 1, 0, 0
40500, 52600, 1, 0, 0
41000, 53202, 1, 0, 0
41500, 52604, 1, 0, 0
42000, 53196, 1, 0, 0
42500, 52600, 1, 0, 0
43000, 53156, 1, 0, 0
43500, 52640, 1, 0, 0
44000, 53090, 1, 0, 0
44500, 52706, 1, 0, 0
45000, 53126, 1, 0, 0
45500, 52638, 1, 0, 0
46000, 53092, 1, 0, 0
46500, 52700, 1, 0, 0
47000, 53028, 1, 0, 0
47500, 52778, 1, 0, 0
48000, 52956, 1, 0, 0
48500, 52848, 1, 0, 0
49000, 52924, 1, 0, 0
49500, 52868, 1, 0, 0
50000, 52902, 1, 0, 0
50500, 52896, 1, 0, 0
51000, 52862, 1, 0, 0
51500, 52932, 1, 0, 0
52000, 52826, 1, 0, 0
52500, 52982, 1, 0, 0
53000, 52686, 1, 0, 0
53500, 52908, 1, 0, 0
54000, 63692, 1, 0, 0
54500, 54052, 1, 0, 0
55000, 52960, 1, 0, 0
55500, 52784, 1, 0, 0
56000, 53006, 1, 0, 0
56500, 52736, 1, 0, 0
57000, 53054, 1, 0, 0
57500, 49550, 1, 0, 0
58000, 28756, 1, 0, 0
58500, 28672, 1, 0, 0
59000, 28672, 1, 0, 0
59500, 28672, 1, 0, 0
60000, 28672, 1, 0, 0
