500, 858, 1, 0, 0
1000, 850, 1, 0, 0
1500, 855, 1, 0, 0
2000, 851, 1, 0, 0
2500, 851, 1, 0, 0
3000, 848, 1, 0, 0
3500, 850, 1, 0, 0
4000, 849, 1, 0, 0
4500, 848, 1, 0, 0
5000, 847, 1, 0, 0
5500, 853, 1, 0, 0
6000, 919, 1, 0, 0
6500, 925, 1, 0, 0
7000, 922, 1, 0, 0
7500, 923, 1, 0, 0
8000, 918, 1, 0, 0
8500, 921, 1, 0, 0
9000, 923, 1, 0, 0
9500, 920, 1, 0, 0
10000, 916, 1, 0, 0
10500, 921, 1, 0, 0
11000, 928, 1, 0, 0
11500, 922, 1, 0, 0
12000, 917, 1, 0, 0
12500, 918, 1, 0, 0
13000, 926, 1, 0, 0
13500, 926, 1, 0, 0
14000, 922, 1, 0, 0
14500, 920, 1, 0, 0
15000, 924, 1, 0, 0
15500, 922, 1, 0, 0
16000, 926, 1, 0, 0
16500, 922, 1, 0, 0
17000, 924, 1, 0, 0
17500, 924, 1, 0, 0
18000, 959, 1, 0, 0
18500, 927, 1, 0, 0
19000, 927, 1, 0, 0
19500, 999, 1, 0, 0
20000, 929, 1, 0, 0
20500, 920, 1, 0, 0
21000, 926, 1, 0, 0
21500, 933, 1, 0, 0
22000, 929, 1, 0, 0
22500, 931, 1, 0, 0
23000, 929, 1, 0, 0
23500, 934, 1, 0, 0
24000, 932, 1, 0, 0
24500, 934, 1, 0, 0
25000, 929, 1, 0, 0
25500, 937, 1, 0, 0
26000, 934, 1, 0, 0
26501, 931, 1, 0, 0
27000, 919, 1, 0, 0
27500, 930, 1, 0, 0
28000, 932, 1, 0, 0
28500, 933, 1, 0, 0
29000, 930, 1, 0, 0
29500, 930, 1, 0, 0
30000, 935, 1, 0, 0
30500, 933, 1, 0, 0
31000, 929, 1, 0, 0
31500, 928, 1, 0, 0
32000, 930, 1, 0, 0
32500, 931, 1, 0, 0
33000, 930, 1, 0, 0
33500, 923, 1, 0, 0
34000, 933, 1, 0, 0
34500, 935, 1, 0, 0
35000, 923, 1, 0, 0
35500, 915, 1, 0, 0
36000, 922, 1, 0, 0
36500, 922, 1, 0, 0
37000, 922, 1, 0, 0
37500, 936, 1, 0, 0
38000, 923, 1, 0, 0
38500, 922, 1, 0, 0
39000, 924, 1, 0, 0
39500, 922, 1, 0, 0
40000, 924, 1, 0, 0
40500, 918, 1, 0, 0
41000, 923, 1, 0, 0
41500, 918, 1, 0, 0
42000, 922, 1, 0, 0
42500, 918, 1, 0, 0
43000, 925, 1, 0, 0
43500, 916, 1, 0, 0
44000, 917, 1, 0, 0
44500, 918, 1, 0, 0
45000, 928, 1, 0, 0
45500, 929, 1, 0, 0
46000, 923, 1, 0, 0
46500, 929, 1, 0, 0
47000, 934, 1, 0, 0
47500, 920, 1, 0, 0
48000, 928, 1, 0, 0
48500, 928, 1, 0, 0
49000, 932, 1, 0, 0
49500, 932, 1, 0, 0
50000, 925, 1, 0, 0
50500, 926, 1, 0, 0
51000, 927, 1, 0, 0
51500, 924, 1, 0, 0
52000, 929, 1, 0, 0
52500, 937, 1, 0, 0
53000, 963, 1, 0, 0
53500, 935, 1, 0, 0
54000, 944, 1, 0, 0
54500, 970, 1, 0, 0
55000, 967, 1, 0, 0
55500, 973, 1, 0, 0
56000, 967, 1, 0, 0
56500, 966, 1, 0, 0
57000, 962, 1, 0, 0
57500, 968, 1, 0, 0
58000, 968, 1, 0, 0
58512, 967, 1, 0, 0
59010, 1044, 1, 0, 0
59507, 962, 1, 0, 0
60006, 967, 1, 0, 0
