500, 57751, 1, 0, 0
1000, 57727, 1, 0, 0
1500, 57760, 1, 0, 0
2000, 59090, 1, 0, 0
2500, 57792, 1, 0, 0
3000, 57976, 1, 0, 0
3500, 57842, 1, 0, 0
4000, 57945, 1, 0, 0
4500, 57865, 1, 0, 0
5000, 57892, 1, 0, 0
5500, 58515, 1, 0, 0
6000, 59669, 1, 0, 0
6500, 59576, 1, 0, 0
7000, 59546, 1, 0, 0
7500, 59621, 1, 0, 0
8000, 59670, 1, 0, 0
8500, 59731, 1, 0, 0
9000, 59662, 1, 0, 0
9500, 59751, 1, 0, 0
10000, 59690, 1, 0, 0
10500, 59670, 1, 0, 0
11000, 59821, 1, 0, 0
11500, 59662, 1, 0, 0
12000, 59607, 1, 0, 0
12500, 59629, 1, 0, 0
13000, 59591, 1, 0, 0
13500, 59583, 1, 0, 0
14000, 59716, 1, 0, 0
14500, 59628, 1, 0, 0
15000, 59645, 1, 0, 0
15500, 59617, 1, 0, 0
16000, 59663, 1, 0, 0
16500, 59780, 1, 0, 0
17000, 59627, 1, 0, 0
17500, 59542, 1, 0, 0
18000, 59594, 1, 0, 0
18500, 59627, 1, 0, 0
19000, 59677, 1, 0, 0
19500, 59712, 1, 0, 0
20000, 59681, 1, 0, 0
20500, 59688, 1, 0, 0
21000, 59717, 1, 0, 0
21500, 59793, 1, 0, 0
22000, 59859, 1, 0, 0
22500, 59740, 1, 0, 0
23000, 59641, 1, 0, 0
23500, 59669, 1, 0, 0
24000, 59697, 1, 0, 0
24500, 59811, 1, 0, 0
25000, 59759, 1, 0, 0
25500, 59738, 1, 0, 0
26000, 59751, 1, 0, 0
26500, 59735, 1, 0, 0
27000, 59746, 1, 0, 0
27500, 59799, 1, 0, 0
28000, 59776, 1, 0, 0
28500, 59728, 1, 0, 0
29000, 59719, 1, 0, 0
29500, 59744, 1, 0, 0
30000, 59816, 1, 0, 0
30500, 59874, 1, 0, 0
31000, 59850, 1, 0, 0
31500, 59799, 1, 0, 0
32000, 59810, 1, 0, 0
32500, 59774, 1, 0, 0
33000, 59835, 1, 0, 0
33500, 59703, 1, 0, 0
34000, 59662, 1, 0, 0
34500, 59624, 1, 0, 0
35000, 59671, 1, 0, 0
35500, 59762, 1, 0, 0
36000, 59728, 1, 0, 0
36500, 59805, 1, 0, 0
37000, 59724, 1, 0, 0
37500, 59713, 1, 0, 0
38000, 59719, 1, 0, 0
38500, 59965, 1, 0, 0
39000, 59692, 1, 0, 0
39500, 59591, 1, 0, 0
40000, 59609, 1, 0, 0
40500, 59585, 1, 0, 0
41000, 59630, 1, 0, 0
41500, 59763, 1, 0, 0
42000, 59656, 1, 0, 0
42500, 59728, 1, 0, 0
43000, 59704, 1, 0, 0
43500, 59741, 1, 0, 0
44000, 59884, 1, 0, 0
44500, 59738, 1, 0, 0
45000, 59541, 1, 0, 0
45500, 59544, 1, 0, 0
46000, 59625, 1, 0, 0
46500, 59676, 1, 0, 0
47000, 59713, 1, 0, 0
47500, 59727, 1, 0, 0
48000, 59723, 1, 0, 0
48500, 59669, 1, 0, 0
49000, 59636, 1, 0, 0
49500, 59832, 1, 0, 0
50000, 59766, 1, 0, 0
50500, 59662, 1, 0, 0
51000, 59630, 1, 0, 0
51500, 59740, 1, 0, 0
52000, 59744, 1, 0, 0
52500, 59749, 1, 0, 0
53000, 59813, 1, 0, 0
53500, 59753, 1, 0, 0
54000, 59789, 1, 0, 0
54500, 59721, 1, 0, 0
55000, 59865, 1, 0, 0
55500, 59785, 1, 0, 0
56000, 59712, 1, 0, 0
56500, 59661, 1, 0, 0
57000, 59712, 1, 0, 0
57500, 59757, 1, 0, 0
58000, 59783, 1, 0, 0
58500, 59758, 1, 0, 0
59000, 59807, 1, 0, 0
59500, 59772, 1, 0, 0
60000, 59800, 1, 0, 0
60000, 69606, 1, 0, 0
