500, 760, 1, 0, 0
1000, 760, 1, 0, 0
1500, 763, 1, 0, 0
2000, 845, 1, 0, 0
2500, 759, 1, 0, 0
3000, 761, 1, 0, 0
3500, 760, 1, 0, 0
4000, 760, 1, 0, 0
4500, 759, 1, 0, 0
5000, 760, 1, 0, 0
5500, 778, 1, 0, 0
6000, 812, 1, 0, 0
6500, 815, 1, 0, 0
7000, 810, 1, 0, 0
7500, 812, 1, 0, 0
8000, 811, 1, 0, 0
8500, 811, 1, 0, 0
9000, 809, 1, 0, 0
9500, 816, 1, 0, 0
10000, 810, 1, 0, 0
10500, 809, 1, 0, 0
11000, 815, 1, 0, 0
11500, 816, 1, 0, 0
12000, 812, 1, 0, 0
12500, 813, 1, 0, 0
13000, 810, 1, 0, 0
13500, 809, 1, 0, 0
14000, 812, 1, 0, 0
14500, 809, 1, 0, 0
15000, 810, 1, 0, 0
15500, 810, 1, 0, 0
16000, 811, 1, 0, 0
16500, 815, 1, 0, 0
17000, 812, 1, 0, 0
17500, 812, 1, 0, 0
18000, 811, 1, 0, 0
18500, 811, 1, 0, 0
19000, 810, 1, 0, 0
19500, 811, 1, 0, 0
20000, 813, 1, 0, 0
20500, 813, 1, 0, 0
21000, 812, 1, 0, 0
21500, 815, 1, 0, 0
22000, 815, 1, 0, 0
22500, 816, 1, 0, 0
23000, 811, 1, 0, 0
23500, 814, 1, 0, 0
24000, 813, 1, 0, 0
24500, 814, 1, 0, 0
25000, 812, 1, 0, 0
25500, 814, 1, 0, 0
26000, 812, 1, 0, 0
26500, 815, 1, 0, 0
27000, 813, 1, 0, 0
27500, 815, 1, 0, 0
28000, 815, 1, 0, 0
28500, 816, 1, 0, 0
29000, 813, 1, 0, 0
29500, 813, 1, 0, 0
30000, 812, 1, 0, 0
30500, 814, 1, 0, 0
31000, 813, 1, 0, 0
31500, 813, 1, 0, 0
32000, 814, 1, 0, 0
32500, 813, 1, 0, 0
33000, 814, 1, 0, 0
33500, 813, 1, 0, 0
34000, 811, 1, 0, 0
34500, 810, 1, 0, 0
35000, 811, 1, 0, 0
35500, 811, 1, 0, 0
36000, 810, 1, 0, 0
36500, 816, 1, 0, 0
37000, 810, 1, 0, 0
37500, 809, 1, 0, 0
38000, 810, 1, 0, 0
38500, 822, 1, 0, 0
39000, 812, 1, 0, 0
39500, 809, 1, 0, 0
40000, 810, 1, 0, 0
40500, 809, 1, 0, 0
41000, 810, 1, 0, 0
41500, 814, 1, 0, 0
42000, 809, 1, 0, 0
42500, 809, 1, 0, 0
43000, 810, 1, 0, 0
43500, 810, 1, 0, 0
44000, 818, 1, 0, 0
44500, 813, 1, 0, 0
45000, 809, 1, 0, 0
45500, 810, 1, 0, 0
46000, 809, 1, 0, 0
46500, 810, 1, 0, 0
47000, 809, 1, 0, 0
47500, 810, 1, 0, 0
48000, 810, 1, 0, 0
48500, 809, 1, 0, 0
49000, 809, 1, 0, 0
49500, 815, 1, 0, 0
50000, 813, 1, 0, 0
50500, 811, 1, 0, 0
51000, 811, 1, 0, 0
51500, 812, 1, 0, 0
52000, 811, 1, 0, 0
52500, 813, 1, 0, 0
53000, 812, 1, 0, 0
53500, 811, 1, 0, 0
54000, 812, 1, 0, 0
54500, 811, 1, 0, 0
55000, 813, 1, 0, 0
55500, 815, 1, 0, 0
56000, 812, 1, 0, 0
56500, 810, 1, 0, 0
57000, 811, 1, 0, 0
57500, 810, 1, 0, 0
58000, 810, 1, 0, 0
58500, 809, 1, 0, 0
59000, 810, 1, 0, 0
59500, 809, 1, 0, 0
60000, 810, 1, 0, 0
