500, 552936, 1, 0, 0
1000, 553048, 1, 0, 0
1500, 552686, 1, 0, 0
2000, 540278, 1, 0, 0
2500, 552374, 1, 0, 0
3000, 550634, 1, 0, 0
3500, 551866, 1, 0, 0
4000, 550928, 1, 0, 0
4500, 551642, 1, 0, 0
5000, 551416, 1, 0, 0
5500, 545468, 1, 0, 0
6000, 535030, 1, 0, 0
6500, 535871, 1, 0, 0
7000, 536132, 1, 0, 0
7500, 535434, 1, 0, 0
8000, 535010, 1, 0, 0
8500, 534488, 1, 0, 0
9000, 535090, 1, 0, 0
9500, 534278, 1, 0, 0
10000, 534838, 1, 0, 0
10500, 535010, 1, 0, 0
11000, 533600, 1, 0, 0
11500, 535090, 1, 0, 0
12000, 535558, 1, 0, 0
12500, 535384, 1, 0, 0
13000, 535712, 1, 0, 0
13500, 535784, 1, 0, 0
14000, 534626, 1, 0, 0
14500, 535392, 1, 0, 0
15000, 535242, 1, 0, 0
15500, 535498, 1, 0, 0
16000, 535080, 1, 0, 0
16500, 533961, 1, 0, 0
17000, 535404, 1, 0, 0
17500, 536168, 1, 0, 0
18000, 535720, 1, 0, 0
18500, 535402, 1, 0, 0
19000, 534944, 1, 0, 0
19500, 534654, 1, 0, 0
20000, 534932, 1, 0, 0
20500, 534850, 1, 0, 0
21000, 534604, 1, 0, 0
21500, 533926, 1, 0, 0
22000, 533272, 1, 0, 0
22500, 534416, 1, 0, 0
23000, 535256, 1, 0, 0
23500, 535044, 1, 0, 0
24000, 534768, 1, 0, 0
24500, 533740, 1, 0, 0
25001, 534244, 1, 0, 0
25500, 534404, 1, 0, 0
26000, 534288, 1, 0, 0
26500, 534430, 1, 0, 0
27000, 534346, 1, 0, 0
27500, 533792, 1, 0, 0
28000, 534096, 1, 0, 0
28500, 534492, 1, 0, 0
29000, 534574, 1, 0, 0
29500, 534322, 1, 0, 0
30000, 533740, 1, 0, 0
30500, 533200, 1, 0, 0
31000, 533420, 1, 0, 0
31500, 533858, 1, 0, 0
32000, 533778, 1, 0, 0
32500, 534064, 1, 0, 0
33000, 533484, 1, 0, 0
33500, 534724, 1, 0, 0
34000, 535096, 1, 0, 0
34500, 535424, 1, 0, 0
35000, 535002, 1, 0, 0
35500, 534204, 1, 0, 0
36000, 534506, 1, 0, 0
36500, 533798, 1, 0, 0
37000, 534538, 1, 0, 0
37500, 534624, 1, 0, 0
38000, 534578, 1, 0, 0
38500, 532328, 1, 0, 0
39000, 534822, 1, 0, 0
39500, 535724, 1, 0, 0
40000, 535582, 1, 0, 0
40500, 535758, 1, 0, 0
41000, 535382, 1, 0, 0
41500, 534186, 1, 0, 0
42000, 535122, 1, 0, 0
42500, 534506, 1, 0, 0
43000, 534724, 1, 0, 0
43500, 534346, 1, 0, 0
44000, 533058, 1, 0, 0
44500, 534418, 1, 0, 0
45000, 536146, 1, 0, 0
45500, 536128, 1, 0, 0
46000, 535418, 1, 0, 0
46500, 534956, 1, 0, 0
47000, 534626, 1, 0, 0
47500, 534510, 1, 0, 0
48000, 534546, 1, 0, 0
48500, 535002, 1, 0, 0
49000, 535310, 1, 0, 0
49500, 533496, 1, 0, 0
50000, 534166, 1, 0, 0
50500, 535110, 1, 0, 0
51000, 535344, 1, 0, 0
51500, 534388, 1, 0, 0
52000, 534364, 1, 0, 0
52500, 534316, 1, 0, 0
53000, 533762, 1, 0, 0
53500, 534270, 1, 0, 0
54000, 533948, 1, 0, 0
54500, 534573, 1, 0, 0
55000, 533222, 1, 0, 0
55500, 533996, 1, 0, 0
56000, 534652, 1, 0, 0
56500, 535112, 1, 0, 0
57000, 534620, 1, 0, 0
57500, 534234, 1, 0, 0
58000, 534026, 1, 0, 0
58500, 534216, 1, 0, 0
59000, 533820, 1, 0, 0
59500, 534084, 1, 0, 0
