500, 2211704, 1, 0, 0
1000, 2212232, 1, 0, 0
1500, 2210744, 1, 0, 0
2000, 2161112, 1, 0, 0
2500, 2209496, 1, 0, 0
3000, 2202536, 1, 0, 0
3500, 2207456, 1, 0, 0
4000, 2203712, 1, 0, 0
4500, 2206560, 1, 0, 0
5000, 2205664, 1, 0, 0
5500, 2181872, 1, 0, 0
6000, 2140120, 1, 0, 0
6500, 2143486, 1, 0, 0
7000, 2144528, 1, 0, 0
7500, 2141736, 1, 0, 0
8000, 2140040, 1, 0, 0
8500, 2137952, 1, 0, 0
9000, 2140360, 1, 0, 0
9500, 2137112, 1, 0, 0
10000, 2139352, 1, 0, 0
10500, 2140040, 1, 0, 0
11000, 2134400, 1, 0, 0
11500, 2140352, 1, 0, 0
12000, 2142232, 1, 0, 0
12500, 2141528, 1, 0, 0
13000, 2142848, 1, 0, 0
13500, 2143128, 1, 0, 0
14000, 2138496, 1, 0, 0
14500, 2141560, 1, 0, 0
15000, 2140968, 1, 0, 0
15500, 2141992, 1, 0, 0
16000, 2140320, 1, 0, 0
16500, 2135839, 1, 0, 0
17000, 2141616, 1, 0, 0
17500, 2144672, 1, 0, 0
18000, 2142872, 1, 0, 0
18500, 2141608, 1, 0, 0
19000, 2139776, 1, 0, 0
19500, 2138616, 1, 0, 0
20000, 2139728, 1, 0, 0
20500, 2139400, 1, 0, 0
21000, 2138416, 1, 0, 0
21500, 2135704, 1, 0, 0
22000, 2133088, 1, 0, 0
22500, 2137664, 1, 0, 0
23000, 2141024, 1, 0, 0
23500, 2140176, 1, 0, 0
24000, 2139072, 1, 0, 0
24500, 2134952, 1, 0, 0
25001, 2136976, 1, 0, 0
25500, 2137611, 1, 0, 0
26000, 2137144, 1, 0, 0
26500, 2137720, 1, 0, 0
27000, 2137376, 1, 0, 0
27500, 2135168, 1, 0, 0
28000, 2136384, 1, 0, 0
28500, 2137968, 1, 0, 0
29000, 2138296, 1, 0, 0
29500, 2137288, 1, 0, 0
30000, 2134960, 1, 0, 0
30500, 2132800, 1, 0, 0
31000, 2133672, 1, 0, 0
31500, 2135440, 1, 0, 0
32000, 2135112, 1, 0, 0
32500, 2136248, 1, 0, 0
33000, 2133936, 1, 0, 0
33500, 2138888, 1, 0, 0
34000, 2140384, 1, 0, 0
34500, 2141707, 1, 0, 0
35000, 2140008, 1, 0, 0
35500, 2136816, 1, 0, 0
36000, 2138024, 1, 0, 0
36500, 2135184, 1, 0, 0
37000, 2138152, 1, 0, 0
37500, 2138496, 1, 0, 0
38000, 2138312, 1, 0, 0
38500, 2129312, 1, 0, 0
39000, 2139288, 1, 0, 0
39500, 2142896, 1, 0, 0
40000, 2142328, 1, 0, 0
40500, 2143032, 1, 0, 0
41000, 2141528, 1, 0, 0
41500, 2136744, 1, 0, 0
42000, 2140488, 1, 0, 0
42500, 2138024, 1, 0, 0
43000, 2138896, 1, 0, 0
43500, 2137384, 1, 0, 0
44000, 2132232, 1, 0, 0
44500, 2137667, 1, 0, 0
45000, 2144584, 1, 0, 0
45500, 2144504, 1, 0, 0
46000, 2141672, 1, 0, 0
46500, 2139824, 1, 0, 0
47000, 2138504, 1, 0, 0
47500, 2138032, 1, 0, 0
48000, 2138184, 1, 0, 0
48500, 2140008, 1, 0, 0
49000, 2141232, 1, 0, 0
49500, 2133984, 1, 0, 0
50000, 2136664, 1, 0, 0
50500, 2140440, 1, 0, 0
51000, 2141368, 1, 0, 0
51500, 2137552, 1, 0, 0
52000, 2137448, 1, 0, 0
52500, 2137256, 1, 0, 0
53000, 2135040, 1, 0, 0
53500, 2137080, 1, 0, 0
54000, 2135784, 1, 0, 0
54500, 2138292, 1, 0, 0
55000, 2132888, 1, 0, 0
55500, 2135984, 1, 0, 0
56000, 2138600, 1, 0, 0
56500, 2140448, 1, 0, 0
57000, 2138472, 1, 0, 0
57500, 2136936, 1, 0, 0
58000, 2136096, 1, 0, 0
58500, 2136864, 1, 0, 0
59000, 2135280, 1, 0, 0
59500, 2136336, 1, 0, 0
