500, 1096496, 1, 0, 0
1000, 1096336, 1, 0, 0
1500, 1094848, 1, 0, 0
2000, 1097792, 1, 0, 0
2500, 1101264, 1, 0, 0
3000, 1101648, 1, 0, 0
3500, 1103264, 1, 0, 0
4000, 1099360, 1, 0, 0
4500, 1099696, 1, 0, 0
5000, 1094656, 1, 0, 0
5500, 1090016, 1, 0, 0
6000, 617856, 1, 0, 0
6500, 354816, 1, 0, 0
7000, 309408, 1, 0, 0
7500, 295008, 1, 0, 0
8000, 298144, 1, 0, 0
8500, 277536, 1, 0, 0
9000, 307936, 1, 0, 0
9500, 284000, 1, 0, 0
10000, 260264, 1, 0, 0
10500, 264992, 1, 0, 0
11000, 235136, 1, 0, 0
11500, 225312, 1, 0, 0
12000, 238272, 1, 0, 0
12500, 198176, 1, 0, 0
13000, 212944, 1, 0, 0
13500, 209328, 1, 0, 0
14000, 203680, 1, 0, 0
14500, 203648, 1, 0, 0
15000, 187424, 1, 0, 0
15500, 180416, 1, 0, 0
16000, 184480, 1, 0, 0
16500, 197600, 1, 0, 0
17000, 178912, 1, 0, 0
17500, 160352, 1, 0, 0
18000, 160320, 1, 0, 0
18500, 156928, 1, 0, 0
19000, 149312, 1, 0, 0
19500, 144576, 1, 0, 0
20000, 149440, 1, 0, 0
20500, 141568, 1, 0, 0
21000, 151104, 1, 0, 0
21500, 128320, 1, 0, 0
22000, 133632, 1, 0, 0
22500, 135776, 1, 0, 0
23000, 127968, 1, 0, 0
23500, 132224, 1, 0, 0
24000, 131040, 1, 0, 0
24500, 129040, 1, 0, 0
25000, 125328, 1, 0, 0
25500, 113248, 1, 0, 0
26000, 115616, 1, 0, 0
26500, 117216, 1, 0, 0
27000, 117963, 1, 0, 0
27500, 121440, 1, 0, 0
28000, 116928, 1, 0, 0
28500, 114016, 1, 0, 0
29000, 121984, 1, 0, 0
29500, 100384, 1, 0, 0
30000, 102720, 1, 0, 0
30500, 118240, 1, 0, 0
31000, 109664, 1, 0, 0
31500, 119376, 1, 0, 0
32000, 98176, 1, 0, 0
32500, 114384, 1, 0, 0
33000, 97696, 1, 0, 0
33500, 105152, 1, 0, 0
34000, 101232, 1, 0, 0
34500, 93600, 1, 0, 0
35000, 93152, 1, 0, 0
35500, 99200, 1, 0, 0
36000, 98912, 1, 0, 0
36500, 90336, 1, 0, 0
37000, 92992, 1, 0, 0
37500, 91648, 1, 0, 0
38000, 91872, 1, 0, 0
38500, 95168, 1, 0, 0
39000, 89456, 1, 0, 0
39500, 91248, 1, 0, 0
40000, 86400, 1, 0, 0
40500, 87808, 1, 0, 0
41000, 81264, 1, 0, 0
41500, 87264, 1, 0, 0
42000, 83664, 1, 0, 0
42500, 85328, 1, 0, 0
43000, 84320, 1, 0, 0
43500, 79872, 1, 0, 0
44000, 84969, 1, 0, 0
44500, 82304, 1, 0, 0
45000, 79008, 1, 0, 0
45500, 89792, 1, 0, 0
46000, 85024, 1, 0, 0
46500, 82848, 1, 0, 0
47000, 79680, 1, 0, 0
47500, 82816, 1, 0, 0
48000, 79840, 1, 0, 0
48500, 79392, 1, 0, 0
49000, 75648, 1, 0, 0
49500, 88064, 1, 0, 0
50000, 80832, 1, 0, 0
50500, 84064, 1, 0, 0
51000, 81632, 1, 0, 0
51500, 79296, 1, 0, 0
52000, 88128, 1, 0, 0
52500, 85344, 1, 0, 0
53000, 81792, 1, 0, 0
53500, 81856, 1, 0, 0
54000, 83552, 1, 0, 0
54500, 83040, 1, 0, 0
55000, 81056, 1, 0, 0
55500, 82784, 1, 0, 0
56000, 83648, 1, 0, 0
56500, 80192, 1, 0, 0
57000, 83136, 1, 0, 0
57500, 83200, 1, 0, 0
58000, 88736, 1, 0, 0
58500, 85856, 1, 0, 0
59000, 81792, 1, 0, 0
59500, 80704, 1, 0, 0
60000, 76736, 1, 0, 0
