500, 1049, 1, 0, 0
1000, 1047, 1, 0, 0
1500, 1044, 1, 0, 0
2000, 1048, 1, 0, 0
2500, 1036, 1, 0, 0
3000, 1044, 1, 0, 0
3500, 1043, 1, 0, 0
4000, 1041, 1, 0, 0
4500, 1041, 1, 0, 0
5000, 1039, 1, 0, 0
5500, 1044, 1, 0, 0
6002, 1048, 1, 0, 0
6500, 1051, 1, 0, 0
7000, 1051, 1, 0, 0
7500, 1056, 1, 0, 0
8000, 1050, 1, 0, 0
8500, 1053, 1, 0, 0
9000, 1053, 1, 0, 0
9500, 1052, 1, 0, 0
10008, 1044, 1, 0, 0
10500, 1045, 1, 0, 0
11000, 1053, 1, 0, 0
11500, 1054, 1, 0, 0
12001, 1056, 1, 0, 0
12500, 1054, 1, 0, 0
13000, 1051, 1, 0, 0
13507, 1050, 1, 0, 0
14000, 1052, 1, 0, 0
14505, 1050, 1, 0, 0
15003, 1054, 1, 0, 0
15500, 1045, 1, 0, 0
16002, 1050, 1, 0, 0
16500, 1050, 1, 0, 0
17000, 1049, 1, 0, 0
17507, 1045, 1, 0, 0
18010, 1053, 1, 0, 0
18500, 1050, 1, 0, 0
19000, 1052, 1, 0, 0
19504, 1053, 1, 0, 0
20009, 1052, 1, 0, 0
20500, 1065, 1, 0, 0
21000, 1058, 1, 0, 0
21504, 1061, 1, 0, 0
22000, 1060, 1, 0, 0
22500, 1065, 1, 0, 0
23000, 1063, 1, 0, 0
23507, 1058, 1, 0, 0
24002, 1053, 1, 0, 0
24500, 1058, 1, 0, 0
25000, 1057, 1, 0, 0
25505, 1057, 1, 0, 0
26000, 1051, 1, 0, 0
26500, 1053, 1, 0, 0
27003, 1056, 1, 0, 0
27512, 1052, 1, 0, 0
28002, 1050, 1, 0, 0
28504, 1065, 1, 0, 0
29008, 1049, 1, 0, 0
29500, 1056, 1, 0, 0
30003, 1058, 1, 0, 0
30500, 1051, 1, 0, 0
31002, 1058, 1, 0, 0
31512, 1060, 1, 0, 0
32000, 1060, 1, 0, 0
32500, 1053, 1, 0, 0
33000, 1059, 1, 0, 0
33513, 1058, 1, 0, 0
34006, 1057, 1, 0, 0
34512, 1055, 1, 0, 0
35003, 1057, 1, 0, 0
35500, 1051, 1, 0, 0
36012, 1055, 1, 0, 0
36504, 1049, 1, 0, 0
37005, 1054, 1, 0, 0
37504, 1065, 1, 0, 0
38006, 1055, 1, 0, 0
38510, 1054, 1, 0, 0
39000, 1059, 1, 0, 0
39503, 1055, 1, 0, 0
40008, 1071, 1, 0, 0
40500, 1059, 1, 0, 0
41002, 1048, 1, 0, 0
41504, 1046, 1, 0, 0
42000, 1059, 1, 0, 0
42500, 1049, 1, 0, 0
43000, 1055, 1, 0, 0
43510, 1080, 1, 0, 0
44009, 1059, 1, 0, 0
44507, 1061, 1, 0, 0
45000, 1065, 1, 0, 0
45502, 1053, 1, 0, 0
46000, 1053, 1, 0, 0
46513, 1054, 1, 0, 0
47005, 1064, 1, 0, 0
47502, 1063, 1, 0, 0
48009, 1066, 1, 0, 0
48502, 1055, 1, 0, 0
49005, 1055, 1, 0, 0
49505, 1056, 1, 0, 0
50000, 1059, 1, 0, 0
50500, 1056, 1, 0, 0
51011, 1060, 1, 0, 0
51504, 1065, 1, 0, 0
52004, 1053, 1, 0, 0
52508, 1059, 1, 0, 0
53003, 1059, 1, 0, 0
53501, 1061, 1, 0, 0
54000, 1072, 1, 0, 0
54500, 1067, 1, 0, 0
55010, 1067, 1, 0, 0
55508, 1063, 1, 0, 0
56006, 1058, 1, 0, 0
56500, 1055, 1, 0, 0
57012, 1058, 1, 0, 0
57509, 1056, 1, 0, 0
58012, 1059, 1, 0, 0
58511, 1063, 1, 0, 0
59007, 1060, 1, 0, 0
59502, 1062, 1, 0, 0
60010, 1067, 1, 0, 0
