500, 137066, 1, 0, 0
1000, 137040, 1, 0, 0
1500, 136856, 1, 0, 0
2000, 137224, 1, 0, 0
2500, 137658, 1, 0, 0
3000, 137706, 1, 0, 0
3500, 137906, 1, 0, 0
4000, 137422, 1, 0, 0
4500, 137462, 1, 0, 0
5000, 136832, 1, 0, 0
5500, 136252, 1, 0, 0
6000, 77232, 1, 0, 0
6500, 44352, 1, 0, 0
7000, 38676, 1, 0, 0
7500, 36876, 1, 0, 0
8000, 37268, 1, 0, 0
8500, 34692, 1, 0, 0
9000, 38492, 1, 0, 0
9500, 35500, 1, 0, 0
10000, 32533, 1, 0, 0
10500, 33124, 1, 0, 0
11000, 29392, 1, 0, 0
11500, 28164, 1, 0, 0
12000, 29784, 1, 0, 0
12500, 24772, 1, 0, 0
13000, 26618, 1, 0, 0
13500, 26166, 1, 0, 0
14000, 25460, 1, 0, 0
14500, 25456, 1, 0, 0
15000, 23428, 1, 0, 0
15500, 22552, 1, 0, 0
16000, 23060, 1, 0, 0
16500, 24700, 1, 0, 0
17000, 22364, 1, 0, 0
17500, 20044, 1, 0, 0
18000, 20040, 1, 0, 0
18500, 19616, 1, 0, 0
19000, 18664, 1, 0, 0
19500, 18072, 1, 0, 0
20000, 18680, 1, 0, 0
20500, 17696, 1, 0, 0
21000, 18888, 1, 0, 0
21500, 16040, 1, 0, 0
22000, 16704, 1, 0, 0
22500, 16972, 1, 0, 0
23000, 15996, 1, 0, 0
23500, 16528, 1, 0, 0
24000, 16380, 1, 0, 0
24500, 16130, 1, 0, 0
25000, 15666, 1, 0, 0
25500, 14156, 1, 0, 0
26000, 14452, 1, 0, 0
26500, 14652, 1, 0, 0
27000, 14745, 1, 0, 0
27500, 15180, 1, 0, 0
28000, 14616, 1, 0, 0
28500, 14252, 1, 0, 0
29000, 15248, 1, 0, 0
29500, 12548, 1, 0, 0
30000, 12840, 1, 0, 0
30500, 14780, 1, 0, 0
31000, 13708, 1, 0, 0
31500, 14922, 1, 0, 0
32000, 12272, 1, 0, 0
32500, 14298, 1, 0, 0
33000, 12212, 1, 0, 0
33500, 13144, 1, 0, 0
34000, 12654, 1, 0, 0
34500, 11700, 1, 0, 0
35000, 11644, 1, 0, 0
35500, 12400, 1, 0, 0
36000, 12364, 1, 0, 0
36500, 11292, 1, 0, 0
37000, 11624, 1, 0, 0
37500, 11456, 1, 0, 0
38000, 11484, 1, 0, 0
38500, 11896, 1, 0, 0
39000, 11182, 1, 0, 0
39500, 11406, 1, 0, 0
40000, 10800, 1, 0, 0
40500, 10976, 1, 0, 0
41000, 10158, 1, 0, 0
41500, 10908, 1, 0, 0
42000, 10458, 1, 0, 0
42500, 10666, 1, 0, 0
43000, 10540, 1, 0, 0
43500, 9984, 1, 0, 0
44000, 10621, 1, 0, 0
44500, 10288, 1, 0, 0
45000, 9876, 1, 0, 0
45500, 11224, 1, 0, 0
46000, 10628, 1, 0, 0
46500, 10356, 1, 0, 0
47000, 9960, 1, 0, 0
47500, 10352, 1, 0, 0
48000, 9980, 1, 0, 0
48500, 9924, 1, 0, 0
49000, 9456, 1, 0, 0
49500, 11008, 1, 0, 0
50000, 10104, 1, 0, 0
50500, 10508, 1, 0, 0
51000, 10204, 1, 0, 0
51500, 9912, 1, 0, 0
52000, 11016, 1, 0, 0
52500, 10668, 1, 0, 0
53000, 10224, 1, 0, 0
53500, 10232, 1, 0, 0
54000, 10444, 1, 0, 0
54500, 10380, 1, 0, 0
55000, 10132, 1, 0, 0
55500, 10348, 1, 0, 0
56000, 10456, 1, 0, 0
56500, 10024, 1, 0, 0
57000, 10392, 1, 0, 0
57500, 10400, 1, 0, 0
58000, 11092, 1, 0, 0
58500, 10732, 1, 0, 0
59000, 10224, 1, 0, 0
59500, 10088, 1, 0, 0
60000, 9592, 1, 0, 0
