500, 232232, 1, 0, 0
1000, 232247, 1, 0, 0
1500, 232574, 1, 0, 0
2000, 231954, 1, 0, 0
2500, 231200, 1, 0, 0
3000, 231116, 1, 0, 0
3500, 230796, 1, 0, 0
4000, 231608, 1, 0, 0
4500, 231513, 1, 0, 0
5000, 232614, 1, 0, 0
5500, 233587, 1, 0, 0
6002, 410180, 1, 0, 0
6500, 726483, 1, 0, 0
7000, 812512, 1, 0, 0
7500, 880440, 1, 0, 0
8000, 857218, 1, 0, 0
8500, 918173, 1, 0, 0
9000, 828662, 1, 0, 0
9500, 886351, 1, 0, 0
10008, 996896, 1, 0, 0
10500, 968213, 1, 0, 0
11000, 1086727, 1, 0, 0
11500, 1114109, 1, 0, 0
12001, 1075321, 1, 0, 0
12500, 1310962, 1, 0, 0
13000, 1201021, 1, 0, 0
13507, 1217459, 1, 0, 0
14000, 1263071, 1, 0, 0
14505, 1243289, 1, 0, 0
15003, 1350680, 1, 0, 0
15500, 1411812, 1, 0, 0
16002, 1391614, 1, 0, 0
16500, 1324366, 1, 0, 0
17000, 1421581, 1, 0, 0
17507, 1584726, 1, 0, 0
18010, 1601964, 1, 0, 0
18500, 1642604, 1, 0, 0
19000, 1711591, 1, 0, 0
19504, 1732023, 1, 0, 0
20009, 1730668, 1, 0, 0
20500, 1826222, 1, 0, 0
21000, 1687311, 1, 0, 0
21504, 1958714, 1, 0, 0
22000, 1953075, 1, 0, 0
22500, 1882992, 1, 0, 0
23000, 1980978, 1, 0, 0
23507, 1928422, 1, 0, 0
24002, 1926907, 1, 0, 0
24500, 2040856, 1, 0, 0
25000, 2036878, 1, 0, 0
25505, 2219843, 1, 0, 0
26000, 2200773, 1, 0, 0
26500, 2225628, 1, 0, 0
27003, 2120110, 1, 0, 0
27512, 2144852, 1, 0, 0
28002, 2153165, 1, 0, 0
28504, 2250337, 1, 0, 0
29008, 2112317, 1, 0, 0
29500, 2548657, 1, 0, 0
30003, 2474953, 1, 0, 0
30500, 2198180, 1, 0, 0
31002, 2275600, 1, 0, 0
31512, 2188650, 1, 0, 0
32000, 2543473, 1, 0, 0
32500, 2305701, 1, 0, 0
33000, 2561014, 1, 0, 0
33513, 2471352, 1, 0, 0
34006, 2512228, 1, 0, 0
34512, 2749676, 1, 0, 0
35003, 2694810, 1, 0, 0
35500, 2648651, 1, 0, 0
36012, 2570664, 1, 0, 0
36504, 2784343, 1, 0, 0
37005, 2753408, 1, 0, 0
37504, 2789814, 1, 0, 0
38006, 2791152, 1, 0, 0
38510, 2713380, 1, 0, 0
39000, 2819179, 1, 0, 0
39503, 2805430, 1, 0, 0
40008, 2990664, 1, 0, 0
40500, 2872124, 1, 0, 0
41002, 3170237, 1, 0, 0
41504, 2923313, 1, 0, 0
42000, 3181373, 1, 0, 0
42500, 2935024, 1, 0, 0
43000, 2971644, 1, 0, 0
43510, 3253803, 1, 0, 0
44009, 3019637, 1, 0, 0
44507, 3081667, 1, 0, 0
45000, 3296278, 1, 0, 0
45502, 2787286, 1, 0, 0
46000, 2991968, 1, 0, 0
46513, 3162423, 1, 0, 0
47005, 3156963, 1, 0, 0
47502, 3084814, 1, 0, 0
48009, 3242991, 1, 0, 0
48502, 3178854, 1, 0, 0
49005, 3405219, 1, 0, 0
49505, 2911773, 1, 0, 0
50000, 3133987, 1, 0, 0
50500, 3131266, 1, 0, 0
51011, 3102825, 1, 0, 0
51504, 3173535, 1, 0, 0
52004, 2926628, 1, 0, 0
52508, 3001197, 1, 0, 0
53003, 3116471, 1, 0, 0
53501, 3098708, 1, 0, 0
54000, 3158407, 1, 0, 0
54500, 3082615, 1, 0, 0
55010, 3120886, 1, 0, 0
55508, 3066483, 1, 0, 0
56006, 3045015, 1, 0, 0
56500, 3172024, 1, 0, 0
57012, 3146205, 1, 0, 0
57509, 3061668, 1, 0, 0
58012, 2897896, 1, 0, 0
58511, 2986473, 1, 0, 0
59007, 3078960, 1, 0, 0
59502, 3144367, 1, 0, 0
60009, 3382771, 1, 0, 0
60010, 16677525, 1, 0, 0
