500, 233281, 1, 0, 0
1000, 233293, 1, 0, 0
1500, 233618, 1, 0, 0
2000, 233002, 1, 0, 0
2500, 232236, 1, 0, 0
3000, 232160, 1, 0, 0
3500, 231839, 1, 0, 0
4000, 232649, 1, 0, 0
4500, 232554, 1, 0, 0
5000, 233653, 1, 0, 0
5500, 234630, 1, 0, 0
6002, 411228, 1, 0, 0
6500, 727534, 1, 0, 0
7000, 813563, 1, 0, 0
7500, 881496, 1, 0, 0
8000, 858268, 1, 0, 0
8500, 919226, 1, 0, 0
9000, 829715, 1, 0, 0
9500, 887403, 1, 0, 0
10008, 997940, 1, 0, 0
10500, 969258, 1, 0, 0
11000, 1087780, 1, 0, 0
11500, 1115162, 1, 0, 0
12001, 1076377, 1, 0, 0
12500, 1312016, 1, 0, 0
13000, 1202072, 1, 0, 0
13507, 1218510, 1, 0, 0
14000, 1264122, 1, 0, 0
14505, 1244339, 1, 0, 0
15003, 1351734, 1, 0, 0
15500, 1412857, 1, 0, 0
16002, 1392664, 1, 0, 0
16500, 1325417, 1, 0, 0
17000, 1422630, 1, 0, 0
17507, 1585771, 1, 0, 0
18010, 1603017, 1, 0, 0
18500, 1643655, 1, 0, 0
19000, 1712643, 1, 0, 0
19504, 1733076, 1, 0, 0
20009, 1731720, 1, 0, 0
20500, 1827287, 1, 0, 0
21000, 1688368, 1, 0, 0
21504, 1959775, 1, 0, 0
22000, 1954135, 1, 0, 0
22500, 1884057, 1, 0, 0
23000, 1982041, 1, 0, 0
23507, 1929480, 1, 0, 0
24002, 1927960, 1, 0, 0
24500, 2041914, 1, 0, 0
25000, 2037936, 1, 0, 0
25505, 2220900, 1, 0, 0
26000, 2201825, 1, 0, 0
26500, 2226681, 1, 0, 0
27003, 2121166, 1, 0, 0
27512, 2145904, 1, 0, 0
28002, 2154215, 1, 0, 0
28504, 2251402, 1, 0, 0
29008, 2113366, 1, 0, 0
29500, 2549712, 1, 0, 0
30003, 2476010, 1, 0, 0
30500, 2199231, 1, 0, 0
31002, 2276659, 1, 0, 0
31512, 2189711, 1, 0, 0
32000, 2544532, 1, 0, 0
32500, 2306754, 1, 0, 0
33000, 2562073, 1, 0, 0
33513, 2472411, 1, 0, 0
34006, 2513284, 1, 0, 0
34512, 2750731, 1, 0, 0
35003, 2695867, 1, 0, 0
35500, 2649703, 1, 0, 0
36012, 2571719, 1, 0, 0
36504, 2785392, 1, 0, 0
37005, 2754462, 1, 0, 0
37504, 2790879, 1, 0, 0
38006, 2792207, 1, 0, 0
38510, 2714434, 1, 0, 0
39000, 2820238, 1, 0, 0
39503, 2806485, 1, 0, 0
40008, 2991735, 1, 0, 0
40500, 2873183, 1, 0, 0
41002, 3171284, 1, 0, 0
41504, 2924360, 1, 0, 0
42000, 3182431, 1, 0, 0
42500, 2936073, 1, 0, 0
43000, 2972699, 1, 0, 0
43510, 3254883, 1, 0, 0
44009, 3020696, 1, 0, 0
44507, 3082728, 1, 0, 0
45000, 3297343, 1, 0, 0
45502, 2788340, 1, 0, 0
46000, 2993022, 1, 0, 0
46513, 3163476, 1, 0, 0
47005, 3158026, 1, 0, 0
47502, 3085877, 1, 0, 0
48009, 3244056, 1, 0, 0
48502, 3179909, 1, 0, 0
49005, 3406274, 1, 0, 0
49505, 2912830, 1, 0, 0
50000, 3135045, 1, 0, 0
50500, 3132322, 1, 0, 0
51011, 3103885, 1, 0, 0
51504, 3174600, 1, 0, 0
52004, 2927681, 1, 0, 0
52508, 3002255, 1, 0, 0
53003, 3117529, 1, 0, 0
53501, 3099770, 1, 0, 0
54000, 3159479, 1, 0, 0
54500, 3083681, 1, 0, 0
55010, 3121953, 1, 0, 0
55508, 3067546, 1, 0, 0
56006, 3046074, 1, 0, 0
56500, 3173080, 1, 0, 0
57012, 3147263, 1, 0, 0
57509, 3062725, 1, 0, 0
58012, 2898955, 1, 0, 0
58511, 2987536, 1, 0, 0
59007, 3080021, 1, 0, 0
59502, 3145430, 1, 0, 0
60009, 3383837, 1, 0, 0
60010, 16678619, 1, 0, 0
