[90331.930970] KSC2026-MARK map16k_bs8k_r3 insmod 1791466094686589865
[90331.950634] NVMeVirt: Version 1.10 for >> Samsung 970 Pro SSD <<
[90331.950652] NVMeVirt: Storage: 0x300100000-0x600000000 (12287 MiB)
[90331.963951] NVMeVirt: Total Capacity(GiB,MiB)=3,3072 chs=2 luns=4 lines=384 blk-size(MiB,KiB)=2,2048 line-size(MiB,KiB)=8,8192
[90331.963955] NVMeVirt: KSC2026: mapping unit=16384 B, flash page=32768 B, oneshot page=32768 B, pgs_per_blk=128, blks_per_pl=384, write buffer=1048576 B
[90331.968810] NVMeVirt: [chmodel_init] bandwidth 800 max_credits 26 tx_time 152
[90331.971986] NVMeVirt: [chmodel_init] bandwidth 800 max_credits 26 tx_time 152
[90331.971997] NVMeVirt: [chmodel_init] bandwidth 3360 max_credits 110 tx_time 36
[90331.972354] NVMeVirt: pqueue: Copyright (c) 2014, Volkan Yazıcı <volkan.yazici@gmail.com>. All rights reserved.
[90331.972356] NVMeVirt: Init FTL instance with 2 channels (196608 pages)
[90331.975465] NVMeVirt: [chmodel_init] bandwidth 800 max_credits 26 tx_time 152
[90331.978565] NVMeVirt: [chmodel_init] bandwidth 800 max_credits 26 tx_time 152
[90331.978575] NVMeVirt: [chmodel_init] bandwidth 3360 max_credits 110 tx_time 36
[90331.978911] NVMeVirt: Init FTL instance with 2 channels (196608 pages)
[90331.982020] NVMeVirt: [chmodel_init] bandwidth 800 max_credits 26 tx_time 152
[90331.985102] NVMeVirt: [chmodel_init] bandwidth 800 max_credits 26 tx_time 152
[90331.985112] NVMeVirt: [chmodel_init] bandwidth 3360 max_credits 110 tx_time 36
[90331.985460] NVMeVirt: Init FTL instance with 2 channels (196608 pages)
[90331.988531] NVMeVirt: [chmodel_init] bandwidth 800 max_credits 26 tx_time 152
[90331.991600] NVMeVirt: [chmodel_init] bandwidth 800 max_credits 26 tx_time 152
[90331.991615] NVMeVirt: [chmodel_init] bandwidth 3360 max_credits 110 tx_time 36
[90331.991943] NVMeVirt: Init FTL instance with 2 channels (196608 pages)
[90331.991946] NVMeVirt: FTL physical space: 12883853312, logical space: 12040984403 (physical/logical * 100 = 107)
[90331.991947] NVMeVirt: KSC2026: WBUF_FIX=1 GC_STATS=1
[90331.991948] NVMeVirt: ns 0/1: size 11483 MiB
[90331.991978] PCI host bridge to bus 0001:10
[90331.991979] pci_bus 0001:10: root bus resource [io  0x0000-0xffff]
[90331.991981] pci_bus 0001:10: root bus resource [mem 0x00000000-0x3fffffffffff]
[90331.991982] pci_bus 0001:10: root bus resource [bus 00-ff]
[90331.991988] pci 0001:10:00.0: [0c51:0110] type 00 class 0x010802 PCIe Endpoint
[90331.991990] pci 0001:10:00.0: BAR 0 [mem 0x300000000-0x300003fff 64bit]
[90331.991992] pci 0001:10:00.0: enabling Extended Tags
[90331.992094] NVMeVirt: Virtual PCI bus created (node 0)
[90331.992391] NVMeVirt: nvmev_io_worker_0 started on cpu 4 (node 0)
[90331.992652] NVMeVirt: nvmev_io_worker_1 started on cpu 5 (node 0)
[90331.993442] NVMeVirt: nvmev_dispatcher started on cpu 3 (node 0)
[90331.993512] nvme nvme1: pci function 0001:10:00.0
[90331.996779] nvme nvme1: 1/0/0 default/read/poll queues
[90331.998018] NVMeVirt: Virtual NVMe device created
[90338.031625] KSC2026-MARK map16k_bs8k_r3 fio-start 1791466100799833131
[90343.936464] NVMeVirt: KSC2026: first GC part=2 victim line=2 vpc=183 ipc=329 free_lines=2 host_pgs=194560
[90343.953977] NVMeVirt: KSC2026: first GC part=1 victim line=8 vpc=171 ipc=341 free_lines=2 host_pgs=194560
[90343.954121] NVMeVirt: KSC2026: first GC part=3 victim line=10 vpc=179 ipc=333 free_lines=2 host_pgs=194560
[90344.004238] NVMeVirt: KSC2026: first GC part=0 victim line=4 vpc=177 ipc=335 free_lines=2 host_pgs=194560
[90399.067092] KSC2026-MARK map16k_bs8k_r3 fio-end
[90399.071937] KSC2026-MARK map16k_bs8k_r3 rmmod 1791466161842041331
[90399.131737] pci_bus 0001:10: busn_res: [bus 10-ff] is released
[90399.131815] NVMeVirt: KSC2026: stats part=0 host_pgs=417140 gc_pgs=810776 gc_cnt=2017 free_lines=2
[90399.131817] NVMeVirt: KSC2026: stats part=1 host_pgs=417291 gc_pgs=812127 gc_cnt=2020 free_lines=1
[90399.131818] NVMeVirt: KSC2026: stats part=2 host_pgs=417030 gc_pgs=813404 gc_cnt=2022 free_lines=2
[90399.131818] NVMeVirt: KSC2026: stats part=3 host_pgs=416703 gc_pgs=810152 gc_cnt=2015 free_lines=2
[90399.159114] NVMeVirt: Virtual NVMe device closed
