500, 62022, 1, 0, 0
1000, 62032, 1, 0, 0
1500, 62015, 1, 0, 0
2000, 62158, 1, 0, 0
2500, 62085, 1, 0, 0
3000, 62169, 1, 0, 0
3500, 62055, 1, 0, 0
4000, 62190, 1, 0, 0
4500, 62177, 1, 0, 0
5000, 62275, 1, 0, 0
5500, 62336, 1, 0, 0
6000, 59275, 1, 0, 0
6514, 400410, 1, 0, 0
7006, 1018187, 1, 0, 0
7500, 994841, 1, 0, 0
8008, 925597, 1, 0, 0
8500, 856525, 1, 0, 0
9013, 809238, 1, 0, 0
9513, 871718, 1, 0, 0
10003, 733815, 1, 0, 0
10514, 684176, 1, 0, 0
11012, 718327, 1, 0, 0
11500, 792050, 1, 0, 0
12008, 678195, 1, 0, 0
12515, 732204, 1, 0, 0
13012, 725342, 1, 0, 0
13515, 661890, 1, 0, 0
14012, 585276, 1, 0, 0
14507, 757767, 1, 0, 0
15000, 772950, 1, 0, 0
15500, 825116, 1, 0, 0
16011, 821821, 1, 0, 0
16506, 814816, 1, 0, 0
17000, 682648, 1, 0, 0
17502, 577861, 1, 0, 0
18010, 680881, 1, 0, 0
18500, 551220, 1, 0, 0
19000, 615502, 1, 0, 0
19500, 691582, 1, 0, 0
20009, 734464, 1, 0, 0
20504, 583572, 1, 0, 0
21000, 731758, 1, 0, 0
21500, 722541, 1, 0, 0
22002, 648613, 1, 0, 0
22500, 603877, 1, 0, 0
23000, 540247, 1, 0, 0
23508, 592375, 1, 0, 0
24006, 671377, 1, 0, 0
24509, 595931, 1, 0, 0
25004, 665817, 1, 0, 0
25500, 673991, 1, 0, 0
26008, 627533, 1, 0, 0
26505, 607400, 1, 0, 0
27006, 706651, 1, 0, 0
27500, 642565, 1, 0, 0
28003, 553762, 1, 0, 0
28509, 532935, 1, 0, 0
29006, 743080, 1, 0, 0
29512, 629952, 1, 0, 0
30004, 618596, 1, 0, 0
30504, 639555, 1, 0, 0
31004, 610697, 1, 0, 0
31505, 591822, 1, 0, 0
32007, 591145, 1, 0, 0
32506, 606317, 1, 0, 0
33007, 583302, 1, 0, 0
33512, 675824, 1, 0, 0
34000, 702683, 1, 0, 0
34507, 610297, 1, 0, 0
35006, 619660, 1, 0, 0
35500, 548867, 1, 0, 0
36000, 621024, 1, 0, 0
36500, 594880, 1, 0, 0
37010, 585935, 1, 0, 0
37501, 419003, 1, 0, 0
38011, 459669, 1, 0, 0
38505, 517187, 1, 0, 0
39012, 547343, 1, 0, 0
39504, 549040, 1, 0, 0
40006, 540540, 1, 0, 0
40512, 526604, 1, 0, 0
41006, 506357, 1, 0, 0
41500, 482845, 1, 0, 0
42001, 482106, 1, 0, 0
42500, 463923, 1, 0, 0
43000, 426198, 1, 0, 0
43505, 444741, 1, 0, 0
44000, 425491, 1, 0, 0
44509, 413579, 1, 0, 0
45000, 398131, 1, 0, 0
45500, 392077, 1, 0, 0
46010, 369921, 1, 0, 0
46510, 363644, 1, 0, 0
47000, 330853, 1, 0, 0
47500, 299014, 1, 0, 0
48010, 284926, 1, 0, 0
48502, 271027, 1, 0, 0
49000, 315773, 1, 0, 0
49503, 261126, 1, 0, 0
50001, 222271, 1, 0, 0
50500, 151969, 1, 0, 0
51000, 76143, 1, 0, 0
51507, 181959, 1, 0, 0
52000, 1017180, 1, 0, 0
52512, 982886, 1, 0, 0
53005, 917655, 1, 0, 0
53517, 888300, 1, 0, 0
54006, 848836, 1, 0, 0
54513, 802167, 1, 0, 0
55008, 852839, 1, 0, 0
55512, 873920, 1, 0, 0
56011, 745547, 1, 0, 0
56515, 673789, 1, 0, 0
57009, 698127, 1, 0, 0
57500, 570456, 1, 0, 0
58000, 716670, 1, 0, 0
58503, 622783, 1, 0, 0
59012, 617514, 1, 0, 0
59500, 816075, 1, 0, 0
60009, 748353, 1, 0, 0
60009, 15653696, 1, 0, 0
