500, 61183, 1, 0, 0
1000, 61193, 1, 0, 0
1500, 61177, 1, 0, 0
2000, 61316, 1, 0, 0
2500, 61248, 1, 0, 0
3000, 61330, 1, 0, 0
3500, 61218, 1, 0, 0
4000, 61351, 1, 0, 0
4500, 61339, 1, 0, 0
5000, 61434, 1, 0, 0
5500, 61498, 1, 0, 0
6000, 58436, 1, 0, 0
6514, 399569, 1, 0, 0
7006, 1017345, 1, 0, 0
7500, 993998, 1, 0, 0
8008, 924755, 1, 0, 0
8500, 855680, 1, 0, 0
9013, 808397, 1, 0, 0
9513, 870878, 1, 0, 0
10003, 732974, 1, 0, 0
10514, 683334, 1, 0, 0
11012, 717487, 1, 0, 0
11500, 791212, 1, 0, 0
12008, 677352, 1, 0, 0
12515, 731365, 1, 0, 0
13012, 724499, 1, 0, 0
13515, 661052, 1, 0, 0
14012, 584435, 1, 0, 0
14507, 756929, 1, 0, 0
15000, 772110, 1, 0, 0
15500, 824277, 1, 0, 0
16011, 820980, 1, 0, 0
16506, 813977, 1, 0, 0
17000, 681809, 1, 0, 0
17502, 577020, 1, 0, 0
18010, 680041, 1, 0, 0
18500, 550377, 1, 0, 0
19000, 614661, 1, 0, 0
19500, 690743, 1, 0, 0
20009, 733624, 1, 0, 0
20504, 582732, 1, 0, 0
21000, 730919, 1, 0, 0
21500, 721704, 1, 0, 0
22002, 647774, 1, 0, 0
22500, 603038, 1, 0, 0
23000, 539402, 1, 0, 0
23508, 591534, 1, 0, 0
24006, 670527, 1, 0, 0
24509, 595091, 1, 0, 0
25004, 664978, 1, 0, 0
25500, 673154, 1, 0, 0
26008, 626690, 1, 0, 0
26505, 606557, 1, 0, 0
27006, 705809, 1, 0, 0
27500, 641726, 1, 0, 0
28003, 552919, 1, 0, 0
28509, 532094, 1, 0, 0
29006, 742240, 1, 0, 0
29512, 629116, 1, 0, 0
30004, 617757, 1, 0, 0
30504, 638717, 1, 0, 0
31004, 609858, 1, 0, 0
31505, 590984, 1, 0, 0
32007, 590307, 1, 0, 0
32506, 605480, 1, 0, 0
33007, 582464, 1, 0, 0
33512, 674983, 1, 0, 0
34000, 701840, 1, 0, 0
34507, 609455, 1, 0, 0
35006, 618816, 1, 0, 0
35500, 548029, 1, 0, 0
36000, 620186, 1, 0, 0
36500, 594041, 1, 0, 0
37010, 585092, 1, 0, 0
37501, 418162, 1, 0, 0
38011, 458830, 1, 0, 0
38505, 516349, 1, 0, 0
39012, 546504, 1, 0, 0
39504, 548198, 1, 0, 0
40006, 539700, 1, 0, 0
40512, 525765, 1, 0, 0
41006, 505518, 1, 0, 0
41500, 482006, 1, 0, 0
42001, 481267, 1, 0, 0
42500, 463086, 1, 0, 0
43000, 425355, 1, 0, 0
43505, 443902, 1, 0, 0
44000, 424649, 1, 0, 0
44509, 412736, 1, 0, 0
45000, 397289, 1, 0, 0
45500, 391240, 1, 0, 0
46010, 369084, 1, 0, 0
46510, 362807, 1, 0, 0
47000, 330012, 1, 0, 0
47500, 298174, 1, 0, 0
48010, 284088, 1, 0, 0
48502, 270190, 1, 0, 0
49000, 314864, 1, 0, 0
49503, 260284, 1, 0, 0
50001, 221430, 1, 0, 0
50500, 151129, 1, 0, 0
51000, 75306, 1, 0, 0
51507, 181116, 1, 0, 0
52000, 1016333, 1, 0, 0
52512, 982044, 1, 0, 0
53005, 916812, 1, 0, 0
53517, 887459, 1, 0, 0
54006, 847992, 1, 0, 0
54513, 801325, 1, 0, 0
55008, 852001, 1, 0, 0
55512, 873079, 1, 0, 0
56011, 744703, 1, 0, 0
56515, 672950, 1, 0, 0
57009, 697285, 1, 0, 0
57500, 569614, 1, 0, 0
58000, 715831, 1, 0, 0
58503, 621945, 1, 0, 0
59012, 616676, 1, 0, 0
59500, 815237, 1, 0, 0
60009, 747513, 1, 0, 0
60009, 15652885, 1, 0, 0
