500, 839, 1, 0, 0
1000, 839, 1, 0, 0
1500, 837, 1, 0, 0
2000, 842, 1, 0, 0
2500, 837, 1, 0, 0
3000, 839, 1, 0, 0
3500, 837, 1, 0, 0
4000, 839, 1, 0, 0
4500, 838, 1, 0, 0
5000, 841, 1, 0, 0
5500, 839, 1, 0, 0
6000, 838, 1, 0, 0
6514, 841, 1, 0, 0
7006, 843, 1, 0, 0
7500, 842, 1, 0, 0
8008, 841, 1, 0, 0
8500, 845, 1, 0, 0
9013, 841, 1, 0, 0
9513, 839, 1, 0, 0
10003, 841, 1, 0, 0
10514, 842, 1, 0, 0
11012, 840, 1, 0, 0
11500, 838, 1, 0, 0
12008, 843, 1, 0, 0
12515, 838, 1, 0, 0
13012, 843, 1, 0, 0
13515, 838, 1, 0, 0
14012, 841, 1, 0, 0
14507, 838, 1, 0, 0
15000, 841, 1, 0, 0
15500, 839, 1, 0, 0
16011, 841, 1, 0, 0
16506, 840, 1, 0, 0
17000, 839, 1, 0, 0
17502, 841, 1, 0, 0
18010, 840, 1, 0, 0
18500, 842, 1, 0, 0
19000, 841, 1, 0, 0
19500, 839, 1, 0, 0
20009, 840, 1, 0, 0
20504, 840, 1, 0, 0
21000, 840, 1, 0, 0
21500, 838, 1, 0, 0
22002, 839, 1, 0, 0
22500, 839, 1, 0, 0
23000, 845, 1, 0, 0
23508, 841, 1, 0, 0
24006, 851, 1, 0, 0
24509, 840, 1, 0, 0
25004, 839, 1, 0, 0
25500, 837, 1, 0, 0
26008, 842, 1, 0, 0
26505, 843, 1, 0, 0
27006, 841, 1, 0, 0
27500, 839, 1, 0, 0
28003, 843, 1, 0, 0
28509, 841, 1, 0, 0
29006, 840, 1, 0, 0
29512, 836, 1, 0, 0
30004, 839, 1, 0, 0
30504, 838, 1, 0, 0
31004, 839, 1, 0, 0
31505, 838, 1, 0, 0
32007, 839, 1, 0, 0
32506, 838, 1, 0, 0
33007, 838, 1, 0, 0
33512, 840, 1, 0, 0
34000, 842, 1, 0, 0
34507, 841, 1, 0, 0
35006, 845, 1, 0, 0
35500, 838, 1, 0, 0
36000, 838, 1, 0, 0
36500, 839, 1, 0, 0
37010, 843, 1, 0, 0
37501, 840, 1, 0, 0
38011, 839, 1, 0, 0
38505, 838, 1, 0, 0
39012, 840, 1, 0, 0
39504, 843, 1, 0, 0
40006, 840, 1, 0, 0
40512, 839, 1, 0, 0
41006, 840, 1, 0, 0
41500, 839, 1, 0, 0
42001, 840, 1, 0, 0
42500, 837, 1, 0, 0
43000, 843, 1, 0, 0
43505, 839, 1, 0, 0
44000, 841, 1, 0, 0
44509, 843, 1, 0, 0
45000, 842, 1, 0, 0
45500, 836, 1, 0, 0
46010, 837, 1, 0, 0
46510, 837, 1, 0, 0
47000, 841, 1, 0, 0
47500, 841, 1, 0, 0
48010, 838, 1, 0, 0
48502, 838, 1, 0, 0
49000, 909, 1, 0, 0
49503, 842, 1, 0, 0
50001, 840, 1, 0, 0
50500, 841, 1, 0, 0
51000, 838, 1, 0, 0
51507, 844, 1, 0, 0
52000, 847, 1, 0, 0
52512, 841, 1, 0, 0
53005, 842, 1, 0, 0
53517, 841, 1, 0, 0
54006, 843, 1, 0, 0
54513, 842, 1, 0, 0
55008, 838, 1, 0, 0
55512, 841, 1, 0, 0
56011, 844, 1, 0, 0
56515, 839, 1, 0, 0
57009, 842, 1, 0, 0
57500, 842, 1, 0, 0
58000, 839, 1, 0, 0
58503, 838, 1, 0, 0
59012, 838, 1, 0, 0
59500, 838, 1, 0, 0
60009, 840, 1, 0, 0
