500, 2059576, 1, 0, 0
1000, 2058184, 1, 0, 0
1500, 2058592, 1, 0, 0
2000, 2053744, 1, 0, 0
2500, 2056064, 1, 0, 0
3000, 2053320, 1, 0, 0
3500, 2057104, 1, 0, 0
4000, 2052680, 1, 0, 0
4500, 2053072, 1, 0, 0
5000, 2049827, 1, 0, 0
5500, 2047760, 1, 0, 0
6000, 2153288, 1, 0, 0
6500, 318360, 1, 0, 0
7000, 124096, 1, 0, 0
7500, 131200, 1, 0, 0
8000, 135360, 1, 0, 0
8500, 146880, 1, 0, 0
9000, 162112, 1, 0, 0
9500, 147072, 1, 0, 0
10000, 171136, 1, 0, 0
10500, 190848, 1, 0, 0
11000, 177920, 1, 0, 0
11500, 164504, 1, 0, 0
12000, 184488, 1, 0, 0
12500, 176640, 1, 0, 0
13000, 175808, 1, 0, 0
13500, 193920, 1, 0, 0
14000, 218368, 1, 0, 0
14500, 166528, 1, 0, 0
15000, 169920, 1, 0, 0
15500, 153856, 1, 0, 0
16000, 154933, 1, 0, 0
16500, 155648, 1, 0, 0
17000, 189760, 1, 0, 0
17500, 215552, 1, 0, 0
18000, 191424, 1, 0, 0
18500, 226880, 1, 0, 0
19000, 214336, 1, 0, 0
19500, 185216, 1, 0, 0
20000, 172544, 1, 0, 0
20500, 216640, 1, 0, 0
21000, 179600, 1, 0, 0
21500, 175792, 1, 0, 0
22000, 193024, 1, 0, 0
22500, 218136, 1, 0, 0
23000, 236200, 1, 0, 0
23500, 212672, 1, 0, 0
24000, 189760, 1, 0, 0
24500, 215872, 1, 0, 0
25000, 191104, 1, 0, 0
25500, 193344, 1, 0, 0
26000, 201728, 1, 0, 0
26500, 210048, 1, 0, 0
27000, 180672, 1, 0, 0
27500, 199360, 1, 0, 0
28000, 230016, 1, 0, 0
28500, 242496, 1, 0, 0
29000, 171008, 1, 0, 0
29500, 205952, 1, 0, 0
30000, 203350, 1, 0, 0
30500, 200960, 1, 0, 0
31000, 209856, 1, 0, 0
31500, 216512, 1, 0, 0
32000, 216768, 1, 0, 0
32500, 210176, 1, 0, 0
33000, 220928, 1, 0, 0
33500, 190464, 1, 0, 0
34000, 183104, 1, 0, 0
34500, 206400, 1, 0, 0
35000, 206976, 1, 0, 0
35500, 236792, 1, 0, 0
36000, 205856, 1, 0, 0
36500, 214120, 1, 0, 0
37000, 217792, 1, 0, 0
37500, 298240, 1, 0, 0
38000, 284480, 1, 0, 0
38500, 243968, 1, 0, 0
39000, 237888, 1, 0, 0
39500, 230272, 1, 0, 0
40000, 236480, 1, 0, 0
40500, 246080, 1, 0, 0
41000, 249856, 1, 0, 0
41500, 268569, 1, 0, 0
42000, 259072, 1, 0, 0
42500, 282368, 1, 0, 0
43000, 300160, 1, 0, 0
43500, 284416, 1, 0, 0
44000, 297536, 1, 0, 0
44500, 315008, 1, 0, 0
45000, 323992, 1, 0, 0
45500, 325672, 1, 0, 0
46000, 344448, 1, 0, 0
46500, 352128, 1, 0, 0
47000, 388800, 1, 0, 0
47500, 427128, 1, 0, 0
48000, 447616, 1, 0, 0
48500, 468032, 1, 0, 0
49000, 410880, 1, 0, 0
49500, 484096, 1, 0, 0
50000, 575616, 1, 0, 0
50500, 850584, 1, 0, 0
51000, 1677440, 1, 0, 0
51500, 687615, 1, 0, 0
52000, 124096, 1, 0, 0
52500, 132992, 1, 0, 0
53000, 137664, 1, 0, 0
53500, 147392, 1, 0, 0
54000, 147392, 1, 0, 0
54500, 162304, 1, 0, 0
55000, 148928, 1, 0, 0
55500, 147456, 1, 0, 0
56000, 170560, 1, 0, 0
56500, 192064, 1, 0, 0
57000, 180992, 1, 0, 0
57500, 229448, 1, 0, 0
58000, 177720, 1, 0, 0
58500, 199040, 1, 0, 0
59000, 211520, 1, 0, 0
59500, 158144, 1, 0, 0
60000, 168192, 1, 0, 0
