500, 514912, 1, 0, 0
1000, 514530, 1, 0, 0
1500, 514648, 1, 0, 0
2000, 513436, 1, 0, 0
2500, 514018, 1, 0, 0
3000, 513332, 1, 0, 0
3500, 514274, 1, 0, 0
4000, 513172, 1, 0, 0
4500, 513270, 1, 0, 0
5000, 512458, 1, 0, 0
5500, 511942, 1, 0, 0
6000, 538322, 1, 0, 0
6500, 79590, 1, 0, 0
7000, 31024, 1, 0, 0
7500, 32800, 1, 0, 0
8000, 33840, 1, 0, 0
8500, 36720, 1, 0, 0
9000, 40528, 1, 0, 0
9500, 36768, 1, 0, 0
10000, 42784, 1, 0, 0
10500, 47712, 1, 0, 0
11000, 44480, 1, 0, 0
11500, 41126, 1, 0, 0
12000, 46122, 1, 0, 0
12500, 44160, 1, 0, 0
13000, 43952, 1, 0, 0
13500, 48480, 1, 0, 0
14000, 54592, 1, 0, 0
14500, 41632, 1, 0, 0
15000, 42480, 1, 0, 0
15500, 38464, 1, 0, 0
16000, 38733, 1, 0, 0
16500, 38912, 1, 0, 0
17000, 47440, 1, 0, 0
17500, 53888, 1, 0, 0
18000, 47856, 1, 0, 0
18500, 56720, 1, 0, 0
19000, 53584, 1, 0, 0
19500, 46304, 1, 0, 0
20000, 43136, 1, 0, 0
20500, 54160, 1, 0, 0
21000, 44900, 1, 0, 0
21500, 43948, 1, 0, 0
22000, 48256, 1, 0, 0
22500, 54534, 1, 0, 0
23000, 59050, 1, 0, 0
23500, 53168, 1, 0, 0
24000, 47440, 1, 0, 0
24500, 53968, 1, 0, 0
25000, 47776, 1, 0, 0
25500, 48336, 1, 0, 0
26000, 50430, 1, 0, 0
26500, 52512, 1, 0, 0
27000, 45168, 1, 0, 0
27500, 49840, 1, 0, 0
28000, 57504, 1, 0, 0
28500, 60624, 1, 0, 0
29000, 42752, 1, 0, 0
29500, 51488, 1, 0, 0
30000, 50837, 1, 0, 0
30500, 50240, 1, 0, 0
31000, 52464, 1, 0, 0
31500, 54128, 1, 0, 0
32000, 54192, 1, 0, 0
32500, 52544, 1, 0, 0
33000, 55232, 1, 0, 0
33500, 47616, 1, 0, 0
34000, 45776, 1, 0, 0
34500, 51600, 1, 0, 0
35000, 51744, 1, 0, 0
35500, 59198, 1, 0, 0
36000, 51464, 1, 0, 0
36500, 53530, 1, 0, 0
37000, 54448, 1, 0, 0
37500, 74560, 1, 0, 0
38000, 71120, 1, 0, 0
38500, 60992, 1, 0, 0
39000, 59472, 1, 0, 0
39500, 57568, 1, 0, 0
40000, 59120, 1, 0, 0
40500, 61520, 1, 0, 0
41000, 62464, 1, 0, 0
41500, 67142, 1, 0, 0
42000, 64768, 1, 0, 0
42500, 70592, 1, 0, 0
43000, 75040, 1, 0, 0
43500, 71104, 1, 0, 0
44000, 74384, 1, 0, 0
44500, 78752, 1, 0, 0
45000, 80998, 1, 0, 0
45500, 81418, 1, 0, 0
46000, 86112, 1, 0, 0
46500, 88032, 1, 0, 0
47000, 97200, 1, 0, 0
47500, 106784, 1, 0, 0
48000, 111904, 1, 0, 0
48500, 117008, 1, 0, 0
49000, 102720, 1, 0, 0
49500, 121024, 1, 0, 0
50000, 143904, 1, 0, 0
50500, 212648, 1, 0, 0
51000, 419360, 1, 0, 0
51500, 171903, 1, 0, 0
52000, 31024, 1, 0, 0
52500, 33248, 1, 0, 0
53000, 34416, 1, 0, 0
53500, 36848, 1, 0, 0
54000, 36848, 1, 0, 0
54500, 40576, 1, 0, 0
55000, 37232, 1, 0, 0
55500, 36864, 1, 0, 0
56000, 42640, 1, 0, 0
56500, 48016, 1, 0, 0
57000, 45248, 1, 0, 0
57500, 57362, 1, 0, 0
58000, 44430, 1, 0, 0
58500, 49760, 1, 0, 0
59000, 52880, 1, 0, 0
59500, 39536, 1, 0, 0
60000, 42048, 1, 0, 0
