500, 232261, 1, 0, 0
1000, 233917, 1, 0, 0
1500, 234891, 1, 0, 0
2000, 233450, 1, 0, 0
2500, 232426, 1, 0, 0
3000, 231729, 1, 0, 0
3500, 232781, 1, 0, 0
4000, 233674, 1, 0, 0
4500, 232745, 1, 0, 0
5000, 233931, 1, 0, 0
5500, 233596, 1, 0, 0
6000, 384260, 1, 0, 0
6500, 690895, 1, 0, 0
7000, 734758, 1, 0, 0
7504, 735513, 1, 0, 0
8003, 793509, 1, 0, 0
8504, 721735, 1, 0, 0
9000, 695020, 1, 0, 0
9500, 795651, 1, 0, 0
10000, 741304, 1, 0, 0
10500, 819903, 1, 0, 0
11000, 838028, 1, 0, 0
11500, 876189, 1, 0, 0
12004, 875730, 1, 0, 0
12501, 888994, 1, 0, 0
13002, 892063, 1, 0, 0
13500, 984006, 1, 0, 0
14005, 932469, 1, 0, 0
14505, 961374, 1, 0, 0
15000, 1114312, 1, 0, 0
15500, 1006233, 1, 0, 0
16006, 1072360, 1, 0, 0
16502, 1187847, 1, 0, 0
17005, 1078775, 1, 0, 0
17502, 1057250, 1, 0, 0
18006, 1168239, 1, 0, 0
18500, 1204351, 1, 0, 0
19004, 1125110, 1, 0, 0
19500, 1127939, 1, 0, 0
20000, 1333607, 1, 0, 0
20500, 1370909, 1, 0, 0
21000, 1229459, 1, 0, 0
21503, 1205236, 1, 0, 0
22009, 1269554, 1, 0, 0
22500, 1316324, 1, 0, 0
23003, 1304385, 1, 0, 0
23502, 1366304, 1, 0, 0
24001, 1387641, 1, 0, 0
24505, 1374393, 1, 0, 0
25000, 1318244, 1, 0, 0
25508, 1341694, 1, 0, 0
26000, 1477462, 1, 0, 0
26502, 1517125, 1, 0, 0
27000, 1505754, 1, 0, 0
27511, 1573154, 1, 0, 0
28003, 1507955, 1, 0, 0
28503, 1593997, 1, 0, 0
29002, 1558476, 1, 0, 0
29502, 1580533, 1, 0, 0
30000, 1564464, 1, 0, 0
30509, 1667658, 1, 0, 0
31000, 1649480, 1, 0, 0
31500, 1656144, 1, 0, 0
32002, 1647187, 1, 0, 0
32505, 1768169, 1, 0, 0
33011, 1724386, 1, 0, 0
33509, 1620694, 1, 0, 0
34003, 1823476, 1, 0, 0
34507, 1796511, 1, 0, 0
35002, 1797732, 1, 0, 0
35501, 1752386, 1, 0, 0
36008, 1848854, 1, 0, 0
36502, 1859803, 1, 0, 0
37000, 1689366, 1, 0, 0
37511, 1833903, 1, 0, 0
38004, 1693444, 1, 0, 0
38512, 1777324, 1, 0, 0
39007, 1996220, 1, 0, 0
39503, 2031858, 1, 0, 0
40001, 1971755, 1, 0, 0
40500, 1909092, 1, 0, 0
41000, 2047033, 1, 0, 0
41502, 1869628, 1, 0, 0
42002, 2028917, 1, 0, 0
42507, 2047311, 1, 0, 0
43001, 1937611, 1, 0, 0
43501, 2134048, 1, 0, 0
44005, 2018503, 1, 0, 0
44504, 1919471, 1, 0, 0
45012, 2180649, 1, 0, 0
45510, 2138768, 1, 0, 0
46006, 2098379, 1, 0, 0
46505, 2104109, 1, 0, 0
47006, 2087345, 1, 0, 0
47506, 2125776, 1, 0, 0
48012, 2097562, 1, 0, 0
48509, 2217035, 1, 0, 0
49010, 2122902, 1, 0, 0
49500, 2195513, 1, 0, 0
50000, 2189250, 1, 0, 0
50500, 2188919, 1, 0, 0
51000, 2202469, 1, 0, 0
51500, 2252432, 1, 0, 0
52003, 2289341, 1, 0, 0
52506, 2298328, 1, 0, 0
53003, 2428751, 1, 0, 0
53513, 2178177, 1, 0, 0
54002, 2308189, 1, 0, 0
54500, 2203631, 1, 0, 0
55005, 2257049, 1, 0, 0
55500, 2284277, 1, 0, 0
56000, 2147055, 1, 0, 0
56500, 2158557, 1, 0, 0
57000, 2002787, 1, 0, 0
57500, 2346459, 1, 0, 0
58011, 2272831, 1, 0, 0
58509, 2286970, 1, 0, 0
59010, 2299989, 1, 0, 0
59509, 2331716, 1, 0, 0
60005, 1948188, 1, 0, 0
60006, 13846539, 1, 0, 0
