500, 137672, 1, 0, 0
1000, 136698, 1, 0, 0
1500, 136134, 1, 0, 0
2000, 136962, 1, 0, 0
2500, 137556, 1, 0, 0
3000, 137996, 1, 0, 0
3500, 137348, 1, 0, 0
4000, 136844, 1, 0, 0
4500, 137396, 1, 0, 0
5000, 136682, 1, 0, 0
5500, 136866, 1, 0, 0
6000, 83260, 1, 0, 0
6500, 46244, 1, 0, 0
7000, 43580, 1, 0, 0
7500, 43244, 1, 0, 0
8000, 40168, 1, 0, 0
8500, 44320, 1, 0, 0
9000, 46416, 1, 0, 0
9500, 40164, 1, 0, 0
10000, 43164, 1, 0, 0
10500, 38953, 1, 0, 0
11000, 38180, 1, 0, 0
11500, 36544, 1, 0, 0
12000, 36372, 1, 0, 0
12500, 35740, 1, 0, 0
13000, 35876, 1, 0, 0
13500, 32368, 1, 0, 0
14000, 34636, 1, 0, 0
14500, 33300, 1, 0, 0
15000, 28376, 1, 0, 0
15500, 31784, 1, 0, 0
16000, 30240, 1, 0, 0
16500, 26676, 1, 0, 0
17000, 29928, 1, 0, 0
17500, 29924, 1, 0, 0
18000, 27584, 1, 0, 0
18500, 26844, 1, 0, 0
19000, 28160, 1, 0, 0
19500, 28580, 1, 0, 0
20000, 24048, 1, 0, 0
20500, 23316, 1, 0, 0
21000, 26148, 1, 0, 0
21500, 25992, 1, 0, 0
22000, 25516, 1, 0, 0
22500, 24388, 1, 0, 0
23000, 24224, 1, 0, 0
23500, 23260, 1, 0, 0
24000, 23000, 1, 0, 0
24500, 23460, 1, 0, 0
25000, 24780, 1, 0, 0
25500, 23592, 1, 0, 0
26000, 21743, 1, 0, 0
26500, 20704, 1, 0, 0
27000, 21628, 1, 0, 0
27500, 20348, 1, 0, 0
28000, 20924, 1, 0, 0
28500, 20000, 1, 0, 0
29000, 20488, 1, 0, 0
29500, 20232, 1, 0, 0
30000, 20884, 1, 0, 0
30500, 19048, 1, 0, 0
31000, 19556, 1, 0, 0
31500, 18910, 1, 0, 0
32000, 19458, 1, 0, 0
32500, 18200, 1, 0, 0
33000, 18744, 1, 0, 0
33500, 19720, 1, 0, 0
34000, 17248, 1, 0, 0
34500, 18028, 1, 0, 0
35000, 17584, 1, 0, 0
35500, 18168, 1, 0, 0
36000, 17624, 1, 0, 0
36500, 16968, 1, 0, 0
37000, 19398, 1, 0, 0
37500, 17314, 1, 0, 0
38000, 18628, 1, 0, 0
38500, 18296, 1, 0, 0
39000, 15848, 1, 0, 0
39500, 15680, 1, 0, 0
40000, 16168, 1, 0, 0
40500, 16720, 1, 0, 0
41000, 16022, 1, 0, 0
41500, 16741, 1, 0, 0
42000, 15772, 1, 0, 0
42500, 15816, 1, 0, 0
43000, 16292, 1, 0, 0
43500, 14984, 1, 0, 0
44000, 16044, 1, 0, 0
44500, 16552, 1, 0, 0
45000, 14904, 1, 0, 0
45500, 14900, 1, 0, 0
46000, 15164, 1, 0, 0
46500, 15176, 1, 0, 0
47000, 15324, 1, 0, 0
47500, 15056, 1, 0, 0
48000, 15432, 1, 0, 0
48500, 14404, 1, 0, 0
49000, 15080, 1, 0, 0
49500, 14624, 1, 0, 0
50000, 14672, 1, 0, 0
50500, 14164, 1, 0, 0
51000, 14608, 1, 0, 0
51500, 14152, 1, 0, 0
52000, 14044, 1, 0, 0
52500, 14060, 1, 0, 0
53000, 13084, 1, 0, 0
53500, 14912, 1, 0, 0
54000, 13592, 1, 0, 0
54500, 14960, 1, 0, 0
55000, 13828, 1, 0, 0
55500, 14248, 1, 0, 0
56000, 14948, 1, 0, 0
56500, 14828, 1, 0, 0
57000, 15556, 1, 0, 0
57500, 13960, 1, 0, 0
58000, 14004, 1, 0, 0
58500, 13968, 1, 0, 0
59000, 13892, 1, 0, 0
59500, 13740, 1, 0, 0
60000, 16276, 1, 0, 0
