500, 550688, 1, 0, 0
1000, 546816, 1, 0, 0
1500, 544544, 1, 0, 0
2000, 547848, 1, 0, 0
2500, 550224, 1, 0, 0
3000, 551976, 1, 0, 0
3500, 549400, 1, 0, 0
4000, 547376, 1, 0, 0
4500, 549584, 1, 0, 0
5000, 546728, 1, 0, 0
5500, 547464, 1, 0, 0
6000, 333040, 1, 0, 0
6500, 184976, 1, 0, 0
7000, 174320, 1, 0, 0
7500, 172976, 1, 0, 0
8000, 160672, 1, 0, 0
8500, 177280, 1, 0, 0
9000, 185664, 1, 0, 0
9500, 160656, 1, 0, 0
10000, 172656, 1, 0, 0
10500, 155815, 1, 0, 0
11000, 152720, 1, 0, 0
11500, 146176, 1, 0, 0
12000, 145488, 1, 0, 0
12500, 142960, 1, 0, 0
13000, 143504, 1, 0, 0
13500, 129472, 1, 0, 0
14000, 138544, 1, 0, 0
14500, 133200, 1, 0, 0
15000, 113504, 1, 0, 0
15500, 127136, 1, 0, 0
16000, 120960, 1, 0, 0
16500, 106704, 1, 0, 0
17000, 119712, 1, 0, 0
17500, 119696, 1, 0, 0
18000, 110336, 1, 0, 0
18500, 107368, 1, 0, 0
19000, 112640, 1, 0, 0
19500, 114320, 1, 0, 0
20000, 96192, 1, 0, 0
20500, 93264, 1, 0, 0
21000, 104592, 1, 0, 0
21500, 103968, 1, 0, 0
22000, 102064, 1, 0, 0
22500, 97552, 1, 0, 0
23000, 96896, 1, 0, 0
23500, 93040, 1, 0, 0
24000, 92000, 1, 0, 0
24500, 93840, 1, 0, 0
25000, 99120, 1, 0, 0
25500, 94368, 1, 0, 0
26000, 86973, 1, 0, 0
26500, 82816, 1, 0, 0
27000, 86512, 1, 0, 0
27500, 81392, 1, 0, 0
28000, 83696, 1, 0, 0
28500, 80000, 1, 0, 0
29000, 81952, 1, 0, 0
29500, 80928, 1, 0, 0
30000, 83536, 1, 0, 0
30500, 76192, 1, 0, 0
31000, 78224, 1, 0, 0
31500, 75640, 1, 0, 0
32000, 77832, 1, 0, 0
32500, 72800, 1, 0, 0
33000, 74976, 1, 0, 0
33500, 78880, 1, 0, 0
34000, 68992, 1, 0, 0
34500, 72112, 1, 0, 0
35000, 70336, 1, 0, 0
35500, 72672, 1, 0, 0
36000, 70496, 1, 0, 0
36500, 67872, 1, 0, 0
37000, 77584, 1, 0, 0
37500, 69256, 1, 0, 0
38000, 74512, 1, 0, 0
38500, 73184, 1, 0, 0
39000, 63392, 1, 0, 0
39500, 62720, 1, 0, 0
40000, 64672, 1, 0, 0
40500, 66880, 1, 0, 0
41000, 64088, 1, 0, 0
41500, 66965, 1, 0, 0
42000, 63088, 1, 0, 0
42500, 63264, 1, 0, 0
43000, 65168, 1, 0, 0
43500, 59936, 1, 0, 0
44000, 64176, 1, 0, 0
44500, 66208, 1, 0, 0
45000, 59616, 1, 0, 0
45500, 59600, 1, 0, 0
46000, 60656, 1, 0, 0
46500, 60704, 1, 0, 0
47000, 61296, 1, 0, 0
47500, 60224, 1, 0, 0
48000, 61728, 1, 0, 0
48500, 57616, 1, 0, 0
49000, 60320, 1, 0, 0
49500, 58496, 1, 0, 0
50000, 58688, 1, 0, 0
50500, 56656, 1, 0, 0
51000, 58432, 1, 0, 0
51500, 56608, 1, 0, 0
52000, 56176, 1, 0, 0
52500, 56240, 1, 0, 0
53000, 52336, 1, 0, 0
53500, 59648, 1, 0, 0
54000, 54368, 1, 0, 0
54500, 59840, 1, 0, 0
55000, 55312, 1, 0, 0
55500, 56992, 1, 0, 0
56000, 59792, 1, 0, 0
56500, 59312, 1, 0, 0
57000, 62224, 1, 0, 0
57500, 55840, 1, 0, 0
58000, 56016, 1, 0, 0
58500, 55872, 1, 0, 0
59000, 55568, 1, 0, 0
59500, 54960, 1, 0, 0
60000, 65104, 1, 0, 0
