500, 231394, 1, 0, 0
1000, 233046, 1, 0, 0
1500, 234026, 1, 0, 0
2000, 232585, 1, 0, 0
2500, 231558, 1, 0, 0
3000, 230862, 1, 0, 0
3500, 231912, 1, 0, 0
4000, 232806, 1, 0, 0
4500, 231879, 1, 0, 0
5000, 233064, 1, 0, 0
5500, 232730, 1, 0, 0
6000, 383387, 1, 0, 0
6500, 690025, 1, 0, 0
7000, 733884, 1, 0, 0
7504, 734640, 1, 0, 0
8003, 792636, 1, 0, 0
8504, 720863, 1, 0, 0
9000, 694149, 1, 0, 0
9500, 794777, 1, 0, 0
10000, 740432, 1, 0, 0
10500, 819030, 1, 0, 0
11000, 837153, 1, 0, 0
11500, 875310, 1, 0, 0
12004, 874854, 1, 0, 0
12501, 888116, 1, 0, 0
13002, 891188, 1, 0, 0
13500, 983131, 1, 0, 0
14005, 931592, 1, 0, 0
14505, 960493, 1, 0, 0
15000, 1113431, 1, 0, 0
15500, 1005353, 1, 0, 0
16006, 1071479, 1, 0, 0
16502, 1186970, 1, 0, 0
17005, 1077901, 1, 0, 0
17502, 1056378, 1, 0, 0
18006, 1167314, 1, 0, 0
18500, 1203480, 1, 0, 0
19004, 1124240, 1, 0, 0
19500, 1127068, 1, 0, 0
20000, 1332731, 1, 0, 0
20500, 1370038, 1, 0, 0
21000, 1228587, 1, 0, 0
21503, 1204365, 1, 0, 0
22009, 1268679, 1, 0, 0
22500, 1315448, 1, 0, 0
23003, 1303510, 1, 0, 0
23502, 1365430, 1, 0, 0
24001, 1386765, 1, 0, 0
24505, 1373515, 1, 0, 0
25000, 1317373, 1, 0, 0
25508, 1340820, 1, 0, 0
26000, 1476587, 1, 0, 0
26502, 1516251, 1, 0, 0
27000, 1504878, 1, 0, 0
27511, 1572279, 1, 0, 0
28003, 1507079, 1, 0, 0
28503, 1593119, 1, 0, 0
29002, 1557599, 1, 0, 0
29502, 1579655, 1, 0, 0
30000, 1563589, 1, 0, 0
30509, 1666782, 1, 0, 0
31000, 1648601, 1, 0, 0
31500, 1655266, 1, 0, 0
32002, 1646309, 1, 0, 0
32505, 1767292, 1, 0, 0
33011, 1723506, 1, 0, 0
33509, 1619822, 1, 0, 0
34003, 1822597, 1, 0, 0
34507, 1795639, 1, 0, 0
35002, 1796856, 1, 0, 0
35501, 1751509, 1, 0, 0
36008, 1847977, 1, 0, 0
36502, 1858927, 1, 0, 0
37000, 1688490, 1, 0, 0
37511, 1833023, 1, 0, 0
38004, 1692571, 1, 0, 0
38512, 1776452, 1, 0, 0
39007, 1995339, 1, 0, 0
39503, 2030976, 1, 0, 0
40001, 1970878, 1, 0, 0
40500, 1908217, 1, 0, 0
41000, 2046153, 1, 0, 0
41502, 1868748, 1, 0, 0
42002, 2028034, 1, 0, 0
42507, 2046430, 1, 0, 0
43001, 1936728, 1, 0, 0
43501, 2133170, 1, 0, 0
44005, 2017620, 1, 0, 0
44504, 1918592, 1, 0, 0
45012, 2179765, 1, 0, 0
45510, 2137885, 1, 0, 0
46006, 2097496, 1, 0, 0
46505, 2103228, 1, 0, 0
47006, 2086464, 1, 0, 0
47506, 2124895, 1, 0, 0
48012, 2096676, 1, 0, 0
48509, 2216158, 1, 0, 0
49010, 2122022, 1, 0, 0
49500, 2194636, 1, 0, 0
50000, 2188370, 1, 0, 0
50500, 2188043, 1, 0, 0
51000, 2201592, 1, 0, 0
51500, 2251556, 1, 0, 0
52003, 2288463, 1, 0, 0
52506, 2297451, 1, 0, 0
53003, 2427868, 1, 0, 0
53513, 2177303, 1, 0, 0
54002, 2307312, 1, 0, 0
54500, 2202754, 1, 0, 0
55005, 2256173, 1, 0, 0
55500, 2283401, 1, 0, 0
56000, 2146177, 1, 0, 0
56500, 2157674, 1, 0, 0
57000, 2001906, 1, 0, 0
57500, 2345581, 1, 0, 0
58011, 2271948, 1, 0, 0
58509, 2286087, 1, 0, 0
59010, 2299104, 1, 0, 0
59509, 2330831, 1, 0, 0
60005, 1947306, 1, 0, 0
60006, 13845654, 1, 0, 0
