[66169.545671] KSC2026-MARK map16k_bs4k_r2 insmod 1791441931955504607
[66169.566135] NVMeVirt: Version 1.10 for >> Samsung 970 Pro SSD <<
[66169.566156] NVMeVirt: Storage: 0x300100000-0x600000000 (12287 MiB)
[66169.579301] NVMeVirt: Total Capacity(GiB,MiB)=3,3072 chs=2 luns=4 lines=384 blk-size(MiB,KiB)=2,2048 line-size(MiB,KiB)=8,8192
[66169.579306] NVMeVirt: KSC2026: mapping unit=16384 B, flash page=32768 B, oneshot page=32768 B, pgs_per_blk=128, blks_per_pl=384, write buffer=1048576 B
[66169.584151] NVMeVirt: [chmodel_init] bandwidth 800 max_credits 26 tx_time 152
[66169.587333] NVMeVirt: [chmodel_init] bandwidth 800 max_credits 26 tx_time 152
[66169.587345] NVMeVirt: [chmodel_init] bandwidth 3360 max_credits 110 tx_time 36
[66169.587719] NVMeVirt: pqueue: Copyright (c) 2014, Volkan Yazıcı <volkan.yazici@gmail.com>. All rights reserved.
[66169.587721] NVMeVirt: Init FTL instance with 2 channels (196608 pages)
[66169.590841] NVMeVirt: [chmodel_init] bandwidth 800 max_credits 26 tx_time 152
[66169.593961] NVMeVirt: [chmodel_init] bandwidth 800 max_credits 26 tx_time 152
[66169.593971] NVMeVirt: [chmodel_init] bandwidth 3360 max_credits 110 tx_time 36
[66169.594301] NVMeVirt: Init FTL instance with 2 channels (196608 pages)
[66169.597427] NVMeVirt: [chmodel_init] bandwidth 800 max_credits 26 tx_time 152
[66169.600498] NVMeVirt: [chmodel_init] bandwidth 800 max_credits 26 tx_time 152
[66169.600510] NVMeVirt: [chmodel_init] bandwidth 3360 max_credits 110 tx_time 36
[66169.600847] NVMeVirt: Init FTL instance with 2 channels (196608 pages)
[66169.603932] NVMeVirt: [chmodel_init] bandwidth 800 max_credits 26 tx_time 152
[66169.606998] NVMeVirt: [chmodel_init] bandwidth 800 max_credits 26 tx_time 152
[66169.607009] NVMeVirt: [chmodel_init] bandwidth 3360 max_credits 110 tx_time 36
[66169.607337] NVMeVirt: Init FTL instance with 2 channels (196608 pages)
[66169.607340] NVMeVirt: FTL physical space: 12883853312, logical space: 12040984403 (physical/logical * 100 = 107)
[66169.607341] NVMeVirt: KSC2026: WBUF_FIX=1 GC_STATS=1
[66169.607341] NVMeVirt: ns 0/1: size 11483 MiB
[66169.607372] PCI host bridge to bus 0001:10
[66169.607373] pci_bus 0001:10: root bus resource [io  0x0000-0xffff]
[66169.607375] pci_bus 0001:10: root bus resource [mem 0x00000000-0x3fffffffffff]
[66169.607376] pci_bus 0001:10: root bus resource [bus 00-ff]
[66169.607381] pci 0001:10:00.0: [0c51:0110] type 00 class 0x010802 PCIe Endpoint
[66169.607383] pci 0001:10:00.0: BAR 0 [mem 0x300000000-0x300003fff 64bit]
[66169.607385] pci 0001:10:00.0: enabling Extended Tags
[66169.607489] NVMeVirt: Virtual PCI bus created (node 0)
[66169.607705] NVMeVirt: nvmev_io_worker_0 started on cpu 4 (node 0)
[66169.607873] NVMeVirt: nvmev_io_worker_1 started on cpu 5 (node 0)
[66169.607881] NVMeVirt: nvmev_dispatcher started on cpu 3 (node 0)
[66169.607974] nvme nvme1: pci function 0001:10:00.0
[66169.611734] nvme nvme1: 1/0/0 default/read/poll queues
[66169.613632] NVMeVirt: Virtual NVMe device created
[66175.640423] KSC2026-MARK map16k_bs4k_r2 fio-start 1791441938063566062
[66181.559995] NVMeVirt: KSC2026: first GC part=2 victim line=6 vpc=171 ipc=341 free_lines=2 host_pgs=194560
[66181.571267] NVMeVirt: KSC2026: first GC part=1 victim line=8 vpc=164 ipc=348 free_lines=2 host_pgs=194560
[66181.589143] NVMeVirt: KSC2026: first GC part=3 victim line=10 vpc=168 ipc=344 free_lines=2 host_pgs=194560
[66181.590045] NVMeVirt: KSC2026: first GC part=0 victim line=4 vpc=169 ipc=343 free_lines=2 host_pgs=194560
[66236.676484] KSC2026-MARK map16k_bs4k_r2 fio-end
[66236.680454] KSC2026-MARK map16k_bs4k_r2 rmmod 1791441999104444171
[66236.750872] pci_bus 0001:10: busn_res: [bus 10-ff] is released
[66236.750899] NVMeVirt: KSC2026: stats part=0 host_pgs=497178 gc_pgs=597630 gc_cnt=1757 free_lines=1
[66236.750900] NVMeVirt: KSC2026: stats part=1 host_pgs=498195 gc_pgs=597137 gc_cnt=1758 free_lines=1
[66236.750901] NVMeVirt: KSC2026: stats part=2 host_pgs=499228 gc_pgs=608304 gc_cnt=1782 free_lines=1
[66236.750902] NVMeVirt: KSC2026: stats part=3 host_pgs=497629 gc_pgs=598189 gc_cnt=1759 free_lines=2
[66236.778614] NVMeVirt: Virtual NVMe device closed
