500, 43676, 1, 0, 0
1000, 43320, 1, 0, 0
1500, 43444, 1, 0, 0
2000, 43522, 1, 0, 0
2500, 31210, 1, 0, 0
3000, 17864, 1, 0, 0
3500, 16676, 1, 0, 0
4000, 15834, 1, 0, 0
4500, 14680, 1, 0, 0
5000, 13648, 1, 0, 0
5500, 12646, 1, 0, 0
6000, 11918, 1, 0, 0
6500, 11036, 1, 0, 0
7000, 10304, 1, 0, 0
7500, 10108, 1, 0, 0
8000, 9388, 1, 0, 0
8500, 9018, 1, 0, 0
9000, 8730, 1, 0, 0
9500, 8164, 1, 0, 0
10000, 7992, 1, 0, 0
10500, 7566, 1, 0, 0
11000, 7558, 1, 0, 0
11500, 7268, 1, 0, 0
12000, 6988, 1, 0, 0
12500, 6692, 1, 0, 0
13000, 6626, 1, 0, 0
13500, 6502, 1, 0, 0
14000, 6164, 1, 0, 0
14500, 6072, 1, 0, 0
15000, 6100, 1, 0, 0
15500, 5793, 1, 0, 0
16000, 5730, 1, 0, 0
16500, 5336, 1, 0, 0
17000, 5304, 1, 0, 0
17500, 5238, 1, 0, 0
18000, 5438, 1, 0, 0
18500, 5290, 1, 0, 0
19000, 5176, 1, 0, 0
19500, 5084, 1, 0, 0
20000, 5004, 1, 0, 0
20500, 4970, 1, 0, 0
21000, 4832, 1, 0, 0
21500, 4612, 1, 0, 0
22000, 4692, 1, 0, 0
22500, 4480, 1, 0, 0
23000, 4474, 1, 0, 0
23500, 4402, 1, 0, 0
24000, 4438, 1, 0, 0
24500, 4336, 1, 0, 0
25000, 4194, 1, 0, 0
25500, 4302, 1, 0, 0
26000, 4040, 1, 0, 0
26500, 4240, 1, 0, 0
27000, 4046, 1, 0, 0
27500, 4084, 1, 0, 0
28000, 4132, 1, 0, 0
28500, 3964, 1, 0, 0
29000, 4026, 1, 0, 0
29500, 3946, 1, 0, 0
30000, 3876, 1, 0, 0
30500, 3896, 1, 0, 0
31000, 3840, 1, 0, 0
31500, 3720, 1, 0, 0
32000, 3720, 1, 0, 0
32500, 3722, 1, 0, 0
33000, 3726, 1, 0, 0
33500, 3559, 1, 0, 0
34000, 3648, 1, 0, 0
34500, 3570, 1, 0, 0
35000, 3616, 1, 0, 0
35500, 3448, 1, 0, 0
36000, 3632, 1, 0, 0
36500, 3578, 1, 0, 0
37000, 3396, 1, 0, 0
37500, 3484, 1, 0, 0
38000, 3344, 1, 0, 0
38500, 3478, 1, 0, 0
39000, 3296, 1, 0, 0
39500, 3296, 1, 0, 0
40000, 3416, 1, 0, 0
40500, 3248, 1, 0, 0
41000, 3302, 1, 0, 0
41500, 3230, 1, 0, 0
42000, 3220, 1, 0, 0
42500, 3312, 1, 0, 0
43000, 3328, 1, 0, 0
43500, 3204, 1, 0, 0
44000, 3200, 1, 0, 0
44500, 3132, 1, 0, 0
45000, 2986, 1, 0, 0
45500, 3176, 1, 0, 0
46000, 3204, 1, 0, 0
46500, 3030, 1, 0, 0
47000, 3016, 1, 0, 0
47500, 3106, 1, 0, 0
48000, 3074, 1, 0, 0
48500, 3158, 1, 0, 0
49000, 3110, 1, 0, 0
49500, 3156, 1, 0, 0
50000, 3088, 1, 0, 0
50500, 3094, 1, 0, 0
51000, 3356, 1, 0, 0
51500, 3561, 1, 0, 0
52000, 3108, 1, 0, 0
52500, 3002, 1, 0, 0
53000, 2992, 1, 0, 0
53500, 2978, 1, 0, 0
54000, 3120, 1, 0, 0
54500, 3108, 1, 0, 0
55000, 3162, 1, 0, 0
55500, 3116, 1, 0, 0
56000, 2982, 1, 0, 0
56500, 3038, 1, 0, 0
57000, 3068, 1, 0, 0
57500, 3154, 1, 0, 0
58000, 3090, 1, 0, 0
58500, 3056, 1, 0, 0
59000, 3160, 1, 0, 0
59500, 3152, 1, 0, 0
60000, 3030, 1, 0, 0
