500, 730300, 1, 0, 0
1000, 736802, 1, 0, 0
1500, 734882, 1, 0, 0
2000, 733352, 1, 0, 0
2500, 1022948, 1, 0, 0
3000, 1787498, 1, 0, 0
3501, 1913817, 1, 0, 0
4000, 2020604, 1, 0, 0
4500, 2175905, 1, 0, 0
5000, 2351010, 1, 0, 0
5500, 2526735, 1, 0, 0
6000, 2689099, 1, 0, 0
6500, 2883633, 1, 0, 0
7000, 3085448, 1, 0, 0
7503, 3179418, 1, 0, 0
8000, 3426440, 1, 0, 0
8500, 3522339, 1, 0, 0
9001, 3657147, 1, 0, 0
9501, 3923303, 1, 0, 0
10000, 4005649, 1, 0, 0
10503, 4228445, 1, 0, 0
11000, 4231255, 1, 0, 0
11500, 4418755, 1, 0, 0
12002, 4547298, 1, 0, 0
12500, 4751514, 1, 0, 0
13001, 4838487, 1, 0, 0
13505, 4956279, 1, 0, 0
14001, 5153205, 1, 0, 0
14500, 5315219, 1, 0, 0
15000, 5242113, 1, 0, 0
15500, 5455734, 1, 0, 0
16001, 5624157, 1, 0, 0
16503, 5999048, 1, 0, 0
17003, 6040180, 1, 0, 0
17502, 6096915, 1, 0, 0
18003, 5867932, 1, 0, 0
18500, 6104822, 1, 0, 0
19000, 6175289, 1, 0, 0
19503, 6267038, 1, 0, 0
20003, 6374854, 1, 0, 0
20503, 6429953, 1, 0, 0
21004, 6648490, 1, 0, 0
21500, 6895288, 1, 0, 0
22002, 6814503, 1, 0, 0
22506, 7202751, 1, 0, 0
23003, 7109051, 1, 0, 0
23502, 7259812, 1, 0, 0
24000, 7281934, 1, 0, 0
24504, 7323234, 1, 0, 0
25000, 7637396, 1, 0, 0
25500, 7472295, 1, 0, 0
26001, 7814084, 1, 0, 0
26500, 7615537, 1, 0, 0
27001, 7807643, 1, 0, 0
27501, 7907234, 1, 0, 0
28002, 7721323, 1, 0, 0
28500, 8068348, 1, 0, 0
29000, 7982968, 1, 0, 0
29502, 8078752, 1, 0, 0
30000, 8266976, 1, 0, 0
30505, 8233609, 1, 0, 0
31006, 8341986, 1, 0, 0
31500, 8623459, 1, 0, 0
32001, 8490299, 1, 0, 0
32504, 8651451, 1, 0, 0
33000, 8634575, 1, 0, 0
33500, 8922354, 1, 0, 0
34003, 8813924, 1, 0, 0
34500, 8901188, 1, 0, 0
35002, 8905877, 1, 0, 0
35500, 9183996, 1, 0, 0
36005, 8908731, 1, 0, 0
36500, 8871122, 1, 0, 0
37000, 9395475, 1, 0, 0
37501, 9185336, 1, 0, 0
38000, 9651903, 1, 0, 0
38505, 9220512, 1, 0, 0
39002, 9637589, 1, 0, 0
39503, 9715910, 1, 0, 0
40000, 9451266, 1, 0, 0
40501, 9732537, 1, 0, 0
41000, 9717053, 1, 0, 0
41502, 9941508, 1, 0, 0
42001, 9899770, 1, 0, 0
42500, 9670623, 1, 0, 0
43007, 9671721, 1, 0, 0
43505, 9977486, 1, 0, 0
44000, 9982736, 1, 0, 0
44500, 10137989, 1, 0, 0
45000, 10715030, 1, 0, 0
45500, 10080579, 1, 0, 0
46008, 10082073, 1, 0, 0
46501, 10471356, 1, 0, 0
47000, 10604301, 1, 0, 0
47500, 10302937, 1, 0, 0
48000, 10400297, 1, 0, 0
48500, 10173390, 1, 0, 0
49000, 10250832, 1, 0, 0
49500, 10151657, 1, 0, 0
50000, 10366174, 1, 0, 0
50503, 10345894, 1, 0, 0
51001, 9471019, 1, 0, 0
51500, 9057133, 1, 0, 0
52006, 10354148, 1, 0, 0
52504, 10578062, 1, 0, 0
53002, 10714984, 1, 0, 0
53503, 10786615, 1, 0, 0
54002, 10205893, 1, 0, 0
54502, 10338790, 1, 0, 0
55000, 10020738, 1, 0, 0
55500, 10346706, 1, 0, 0
56001, 10684882, 1, 0, 0
56500, 10455211, 1, 0, 0
57001, 10522192, 1, 0, 0
57503, 10182518, 1, 0, 0
58003, 10305805, 1, 0, 0
58500, 10380551, 1, 0, 0
59000, 10231021, 1, 0, 0
59500, 10193519, 1, 0, 0
60005, 10532113, 1, 0, 0
60010, 13662457, 1, 0, 0
