500, 1630, 1, 0, 0
1000, 1631, 1, 0, 0
1500, 1625, 1, 0, 0
2000, 1624, 1, 0, 0
2500, 1629, 1, 0, 0
3000, 1626, 1, 0, 0
3501, 1636, 1, 0, 0
4000, 1635, 1, 0, 0
4500, 1636, 1, 0, 0
5000, 1637, 1, 0, 0
5500, 1637, 1, 0, 0
6000, 1639, 1, 0, 0
6500, 1636, 1, 0, 0
7000, 1637, 1, 0, 0
7503, 1630, 1, 0, 0
8000, 1640, 1, 0, 0
8500, 1634, 1, 0, 0
9001, 1626, 1, 0, 0
9501, 1626, 1, 0, 0
10000, 1646, 1, 0, 0
10503, 1638, 1, 0, 0
11000, 1645, 1, 0, 0
11500, 1648, 1, 0, 0
12002, 1644, 1, 0, 0
12500, 1648, 1, 0, 0
13001, 1649, 1, 0, 0
13505, 1650, 1, 0, 0
14001, 1640, 1, 0, 0
14500, 1647, 1, 0, 0
15000, 1638, 1, 0, 0
15500, 1641, 1, 0, 0
16001, 1649, 1, 0, 0
16503, 1655, 1, 0, 0
17003, 1638, 1, 0, 0
17502, 1642, 1, 0, 0
18003, 1620, 1, 0, 0
18500, 1638, 1, 0, 0
19000, 1639, 1, 0, 0
19503, 1649, 1, 0, 0
20003, 1655, 1, 0, 0
20503, 1648, 1, 0, 0
21004, 1656, 1, 0, 0
21500, 1675, 1, 0, 0
22002, 1675, 1, 0, 0
22506, 1669, 1, 0, 0
23003, 1668, 1, 0, 0
23502, 1641, 1, 0, 0
24000, 1660, 1, 0, 0
24504, 1660, 1, 0, 0
25000, 1672, 1, 0, 0
25500, 1635, 1, 0, 0
26001, 1635, 1, 0, 0
26500, 1619, 1, 0, 0
27001, 1665, 1, 0, 0
27501, 1633, 1, 0, 0
28002, 1652, 1, 0, 0
28500, 1646, 1, 0, 0
29000, 1652, 1, 0, 0
29502, 1656, 1, 0, 0
30000, 1648, 1, 0, 0
30505, 1639, 1, 0, 0
31006, 1647, 1, 0, 0
31500, 1653, 1, 0, 0
32001, 1662, 1, 0, 0
32504, 1656, 1, 0, 0
33000, 1646, 1, 0, 0
33500, 1630, 1, 0, 0
34003, 1637, 1, 0, 0
34500, 1675, 1, 0, 0
35002, 1640, 1, 0, 0
35500, 1645, 1, 0, 0
36005, 1623, 1, 0, 0
36500, 1633, 1, 0, 0
37000, 1646, 1, 0, 0
37501, 1666, 1, 0, 0
38000, 1659, 1, 0, 0
38505, 1665, 1, 0, 0
39002, 1658, 1, 0, 0
39503, 1657, 1, 0, 0
40000, 1639, 1, 0, 0
40501, 1657, 1, 0, 0
41000, 1638, 1, 0, 0
41502, 1660, 1, 0, 0
42001, 1704, 1, 0, 0
42500, 1650, 1, 0, 0
43007, 1656, 1, 0, 0
43505, 1616, 1, 0, 0
44000, 1661, 1, 0, 0
44500, 1662, 1, 0, 0
45000, 1685, 1, 0, 0
45500, 1662, 1, 0, 0
46008, 1669, 1, 0, 0
46501, 1654, 1, 0, 0
47000, 1672, 1, 0, 0
47500, 1654, 1, 0, 0
48000, 1656, 1, 0, 0
48500, 1666, 1, 0, 0
49000, 1671, 1, 0, 0
49500, 1645, 1, 0, 0
50000, 1664, 1, 0, 0
50503, 1649, 1, 0, 0
51001, 1638, 1, 0, 0
51500, 1651, 1, 0, 0
52006, 1646, 1, 0, 0
52504, 1643, 1, 0, 0
53002, 1682, 1, 0, 0
53503, 1675, 1, 0, 0
54002, 1676, 1, 0, 0
54502, 1702, 1, 0, 0
55000, 1651, 1, 0, 0
55500, 1645, 1, 0, 0
56001, 1655, 1, 0, 0
56500, 1669, 1, 0, 0
57001, 1655, 1, 0, 0
57503, 1661, 1, 0, 0
58003, 1667, 1, 0, 0
58500, 1655, 1, 0, 0
59000, 1669, 1, 0, 0
59500, 1668, 1, 0, 0
60010, 1680, 1, 0, 0
