500, 1397504, 1, 0, 0
1000, 1386304, 1, 0, 0
1500, 1390208, 1, 0, 0
2000, 1392704, 1, 0, 0
2500, 998720, 1, 0, 0
3000, 571648, 1, 0, 0
3500, 533632, 1, 0, 0
4000, 506688, 1, 0, 0
4500, 469760, 1, 0, 0
5000, 436736, 1, 0, 0
5500, 404672, 1, 0, 0
6000, 381376, 1, 0, 0
6500, 353152, 1, 0, 0
7000, 329728, 1, 0, 0
7500, 323456, 1, 0, 0
8000, 300416, 1, 0, 0
8500, 288576, 1, 0, 0
9000, 279360, 1, 0, 0
9500, 261248, 1, 0, 0
10000, 255744, 1, 0, 0
10500, 242112, 1, 0, 0
11000, 241856, 1, 0, 0
11500, 232576, 1, 0, 0
12000, 223616, 1, 0, 0
12500, 214144, 1, 0, 0
13000, 212032, 1, 0, 0
13500, 208064, 1, 0, 0
14000, 197248, 1, 0, 0
14500, 194304, 1, 0, 0
15000, 195200, 1, 0, 0
15500, 185394, 1, 0, 0
16000, 183360, 1, 0, 0
16500, 170752, 1, 0, 0
17000, 169728, 1, 0, 0
17500, 167616, 1, 0, 0
18000, 174016, 1, 0, 0
18500, 169280, 1, 0, 0
19000, 165632, 1, 0, 0
19500, 162688, 1, 0, 0
20000, 160128, 1, 0, 0
20500, 159040, 1, 0, 0
21000, 154624, 1, 0, 0
21500, 147584, 1, 0, 0
22000, 150144, 1, 0, 0
22500, 143360, 1, 0, 0
23000, 143168, 1, 0, 0
23500, 140864, 1, 0, 0
24000, 142016, 1, 0, 0
24500, 138752, 1, 0, 0
25000, 134208, 1, 0, 0
25500, 137664, 1, 0, 0
26000, 129280, 1, 0, 0
26500, 135680, 1, 0, 0
27000, 129472, 1, 0, 0
27500, 130688, 1, 0, 0
28000, 132224, 1, 0, 0
28500, 126848, 1, 0, 0
29000, 128832, 1, 0, 0
29500, 126272, 1, 0, 0
30000, 124032, 1, 0, 0
30500, 124672, 1, 0, 0
31000, 122880, 1, 0, 0
31500, 119040, 1, 0, 0
32000, 119040, 1, 0, 0
32500, 119104, 1, 0, 0
33000, 119232, 1, 0, 0
33500, 113891, 1, 0, 0
34000, 116736, 1, 0, 0
34500, 114240, 1, 0, 0
35000, 115712, 1, 0, 0
35500, 110336, 1, 0, 0
36000, 116224, 1, 0, 0
36500, 114496, 1, 0, 0
37000, 108672, 1, 0, 0
37500, 111488, 1, 0, 0
38000, 107008, 1, 0, 0
38500, 111296, 1, 0, 0
39000, 105472, 1, 0, 0
39500, 105472, 1, 0, 0
40000, 109312, 1, 0, 0
40500, 103936, 1, 0, 0
41000, 105664, 1, 0, 0
41500, 103360, 1, 0, 0
42000, 103040, 1, 0, 0
42500, 105984, 1, 0, 0
43000, 106496, 1, 0, 0
43500, 102528, 1, 0, 0
44000, 102400, 1, 0, 0
44500, 100224, 1, 0, 0
45000, 95552, 1, 0, 0
45500, 101632, 1, 0, 0
46000, 102528, 1, 0, 0
46500, 96960, 1, 0, 0
47000, 96512, 1, 0, 0
47500, 99392, 1, 0, 0
48000, 98368, 1, 0, 0
48500, 101056, 1, 0, 0
49000, 99520, 1, 0, 0
49500, 100992, 1, 0, 0
50000, 98816, 1, 0, 0
50500, 99008, 1, 0, 0
51000, 107392, 1, 0, 0
51500, 113955, 1, 0, 0
52000, 99456, 1, 0, 0
52500, 96064, 1, 0, 0
53000, 95744, 1, 0, 0
53500, 95296, 1, 0, 0
54000, 99840, 1, 0, 0
54500, 99456, 1, 0, 0
55000, 101184, 1, 0, 0
55500, 99712, 1, 0, 0
56000, 95424, 1, 0, 0
56500, 97216, 1, 0, 0
57000, 98176, 1, 0, 0
57500, 100928, 1, 0, 0
58000, 98880, 1, 0, 0
58500, 97792, 1, 0, 0
59000, 101120, 1, 0, 0
59500, 100864, 1, 0, 0
60000, 96960, 1, 0, 0
