500, 731931, 1, 0, 0
1000, 738433, 1, 0, 0
1500, 736508, 1, 0, 0
2000, 734976, 1, 0, 0
2500, 1024576, 1, 0, 0
3000, 1789124, 1, 0, 0
3501, 1915453, 1, 0, 0
4000, 2022238, 1, 0, 0
4500, 2177540, 1, 0, 0
5000, 2352648, 1, 0, 0
5500, 2528372, 1, 0, 0
6000, 2690737, 1, 0, 0
6500, 2885270, 1, 0, 0
7000, 3087084, 1, 0, 0
7503, 3181049, 1, 0, 0
8000, 3428080, 1, 0, 0
8500, 3523973, 1, 0, 0
9001, 3658773, 1, 0, 0
9501, 3924928, 1, 0, 0
10000, 4007296, 1, 0, 0
10503, 4230083, 1, 0, 0
11000, 4232900, 1, 0, 0
11500, 4420403, 1, 0, 0
12002, 4548943, 1, 0, 0
12500, 4753160, 1, 0, 0
13001, 4840138, 1, 0, 0
13505, 4957928, 1, 0, 0
14001, 5154846, 1, 0, 0
14500, 5316865, 1, 0, 0
15000, 5243752, 1, 0, 0
15500, 5457374, 1, 0, 0
16001, 5625805, 1, 0, 0
16503, 6000706, 1, 0, 0
17003, 6041818, 1, 0, 0
17502, 6098557, 1, 0, 0
18003, 5869552, 1, 0, 0
18500, 6106460, 1, 0, 0
19000, 6176928, 1, 0, 0
19503, 6268687, 1, 0, 0
20003, 6376509, 1, 0, 0
20503, 6431600, 1, 0, 0
21004, 6650147, 1, 0, 0
21500, 6896963, 1, 0, 0
22002, 6816179, 1, 0, 0
22506, 7204419, 1, 0, 0
23003, 7110719, 1, 0, 0
23502, 7261453, 1, 0, 0
24000, 7283593, 1, 0, 0
24504, 7324894, 1, 0, 0
25000, 7639068, 1, 0, 0
25500, 7473931, 1, 0, 0
26001, 7815718, 1, 0, 0
26500, 7617156, 1, 0, 0
27001, 7809306, 1, 0, 0
27501, 7908868, 1, 0, 0
28002, 7722975, 1, 0, 0
28500, 8069995, 1, 0, 0
29000, 7984619, 1, 0, 0
29502, 8080408, 1, 0, 0
30000, 8268623, 1, 0, 0
30505, 8235248, 1, 0, 0
31006, 8343633, 1, 0, 0
31500, 8625113, 1, 0, 0
32001, 8491961, 1, 0, 0
32504, 8653107, 1, 0, 0
33000, 8636221, 1, 0, 0
33500, 8923985, 1, 0, 0
34003, 8815562, 1, 0, 0
34500, 8902862, 1, 0, 0
35002, 8907518, 1, 0, 0
35500, 9185640, 1, 0, 0
36005, 8910353, 1, 0, 0
36500, 8872753, 1, 0, 0
37000, 9397123, 1, 0, 0
37501, 9187001, 1, 0, 0
38000, 9653562, 1, 0, 0
38505, 9222177, 1, 0, 0
39002, 9639247, 1, 0, 0
39503, 9717568, 1, 0, 0
40000, 9452904, 1, 0, 0
40501, 9734195, 1, 0, 0
41000, 9718691, 1, 0, 0
41502, 9943168, 1, 0, 0
42001, 9901473, 1, 0, 0
42500, 9672273, 1, 0, 0
43007, 9673376, 1, 0, 0
43505, 9979103, 1, 0, 0
44000, 9984395, 1, 0, 0
44500, 10139652, 1, 0, 0
45000, 10716716, 1, 0, 0
45500, 10082239, 1, 0, 0
46008, 10083743, 1, 0, 0
46501, 10473010, 1, 0, 0
47000, 10605972, 1, 0, 0
47500, 10304590, 1, 0, 0
48000, 10401954, 1, 0, 0
48500, 10175056, 1, 0, 0
49000, 10252502, 1, 0, 0
49500, 10153305, 1, 0, 0
50000, 10367837, 1, 0, 0
50503, 10347544, 1, 0, 0
51001, 9472658, 1, 0, 0
51500, 9058782, 1, 0, 0
52006, 10355795, 1, 0, 0
52504, 10579704, 1, 0, 0
53002, 10716665, 1, 0, 0
53503, 10788291, 1, 0, 0
54002, 10207569, 1, 0, 0
54502, 10340489, 1, 0, 0
55000, 10022393, 1, 0, 0
55500, 10348351, 1, 0, 0
56001, 10686536, 1, 0, 0
56500, 10456879, 1, 0, 0
57001, 10523847, 1, 0, 0
57503, 10184180, 1, 0, 0
58003, 10307472, 1, 0, 0
58500, 10382205, 1, 0, 0
59000, 10232690, 1, 0, 0
59500, 10195188, 1, 0, 0
60005, 10533794, 1, 0, 0
60010, 13664078, 1, 0, 0
