500, 446015, 1, 0, 0
1000, 446426, 1, 0, 0
1500, 446427, 1, 0, 0
2000, 446424, 1, 0, 0
2500, 446422, 1, 0, 0
3000, 446428, 1, 0, 0
3500, 446426, 1, 0, 0
4000, 446424, 1, 0, 0
4500, 446426, 1, 0, 0
5000, 446426, 1, 0, 0
5500, 471868, 1, 0, 0
6000, 1292895, 1, 0, 0
6501, 1257967, 1, 0, 0
7000, 1302580, 1, 0, 0
7503, 1251021, 1, 0, 0
8000, 1293014, 1, 0, 0
8505, 1261518, 1, 0, 0
9002, 1293277, 1, 0, 0
9500, 1265354, 1, 0, 0
10000, 1287927, 1, 0, 0
10500, 1278230, 1, 0, 0
11001, 1261691, 1, 0, 0
11500, 1304359, 1, 0, 0
12003, 1250718, 1, 0, 0
12500, 1293291, 1, 0, 0
13000, 1261143, 1, 0, 0
13503, 1293806, 1, 0, 0
14000, 1268441, 1, 0, 0
14500, 1276115, 1, 0, 0
15000, 1289946, 1, 0, 0
15502, 1258586, 1, 0, 0
16000, 1301859, 1, 0, 0
16504, 1253313, 1, 0, 0
17001, 1293277, 1, 0, 0
17500, 1261402, 1, 0, 0
18004, 1293523, 1, 0, 0
18500, 1271704, 1, 0, 0
19000, 1266805, 1, 0, 0
19500, 1109876, 1, 0, 0
20000, 960654, 1, 0, 0
20500, 885643, 1, 0, 0
21001, 1981793, 1, 0, 0
21500, 2115710, 1, 0, 0
22002, 2090361, 1, 0, 0
22500, 2116212, 1, 0, 0
23000, 2107530, 1, 0, 0
23500, 2110033, 1, 0, 0
24000, 2095358, 1, 0, 0
24500, 2109078, 1, 0, 0
25000, 2098212, 1, 0, 0
25500, 2121581, 1, 0, 0
26004, 2102776, 1, 0, 0
26500, 2097929, 1, 0, 0
27000, 2111585, 1, 0, 0
27500, 2113707, 1, 0, 0
28005, 2093061, 1, 0, 0
28500, 2124764, 1, 0, 0
29000, 2096961, 1, 0, 0
29500, 2118190, 1, 0, 0
30000, 2101726, 1, 0, 0
30500, 2103082, 1, 0, 0
31002, 2086798, 1, 0, 0
31500, 2115585, 1, 0, 0
32005, 2104662, 1, 0, 0
32501, 2099223, 1, 0, 0
33000, 2109914, 1, 0, 0
33500, 2114841, 1, 0, 0
34000, 2090674, 1, 0, 0
34501, 2118882, 1, 0, 0
35000, 2110776, 1, 0, 0
35501, 2099335, 1, 0, 0
36000, 2113859, 1, 0, 0
36502, 2092386, 1, 0, 0
37000, 2108868, 1, 0, 0
37501, 2107053, 1, 0, 0
38006, 2103122, 1, 0, 0
38500, 2101076, 1, 0, 0
39000, 2110554, 1, 0, 0
39500, 2100783, 1, 0, 0
40000, 2108017, 1, 0, 0
40502, 2111713, 1, 0, 0
41000, 2105330, 1, 0, 0
41501, 2099725, 1, 0, 0
42000, 2114460, 1, 0, 0
42502, 2090636, 1, 0, 0
43000, 2112883, 1, 0, 0
43503, 1641866, 1, 0, 0
44003, 1906659, 1, 0, 0
44502, 1834964, 1, 0, 0
45002, 1833394, 1, 0, 0
45500, 1833309, 1, 0, 0
46000, 1833179, 1, 0, 0
46500, 1845823, 1, 0, 0
47000, 1835191, 1, 0, 0
47500, 1816778, 1, 0, 0
48000, 1844159, 1, 0, 0
48500, 1818725, 1, 0, 0
49000, 1821299, 1, 0, 0
49500, 1844428, 1, 0, 0
50004, 1817808, 1, 0, 0
50500, 1841564, 1, 0, 0
51002, 1824171, 1, 0, 0
51505, 1842662, 1, 0, 0
52000, 1822317, 1, 0, 0
52503, 1843952, 1, 0, 0
53000, 1838787, 1, 0, 0
53501, 1828505, 1, 0, 0
54002, 1837147, 1, 0, 0
54501, 1835246, 1, 0, 0
55002, 1835898, 1, 0, 0
55500, 1845332, 1, 0, 0
56000, 1821853, 1, 0, 0
56500, 1835488, 1, 0, 0
57000, 1830650, 1, 0, 0
57505, 1830426, 1, 0, 0
58000, 1834024, 1, 0, 0
58503, 1832513, 1, 0, 0
59002, 1832410, 1, 0, 0
59501, 1831974, 1, 0, 0
60000, 1833594, 1, 0, 0
60001, 5891125, 1, 0, 0
