500, 71520, 1, 0, 0
1000, 71456, 1, 0, 0
1500, 71456, 1, 0, 0
2000, 71468, 1, 0, 0
2500, 71474, 1, 0, 0
3000, 71458, 1, 0, 0
3500, 71456, 1, 0, 0
4000, 71456, 1, 0, 0
4500, 71456, 1, 0, 0
5000, 71466, 1, 0, 0
5500, 66710, 1, 0, 0
6000, 25102, 1, 0, 0
6500, 25072, 1, 0, 0
7000, 24882, 1, 0, 0
7500, 25294, 1, 0, 0
8000, 24652, 1, 0, 0
8500, 25524, 1, 0, 0
9000, 24640, 1, 0, 0
9500, 25492, 1, 0, 0
10000, 24684, 1, 0, 0
10500, 25162, 1, 0, 0
11000, 24950, 1, 0, 0
11500, 24882, 1, 0, 0
12000, 25294, 1, 0, 0
12500, 24640, 1, 0, 0
13000, 25536, 1, 0, 0
13500, 24640, 1, 0, 0
14000, 25346, 1, 0, 0
14500, 24840, 1, 0, 0
15000, 24986, 1, 0, 0
15500, 25166, 1, 0, 0
16000, 24698, 1, 0, 0
16500, 25478, 1, 0, 0
17000, 24640, 1, 0, 0
17500, 25524, 1, 0, 0
18000, 24652, 1, 0, 0
18500, 25232, 1, 0, 0
19000, 24880, 1, 0, 0
19500, 29114, 1, 0, 0
20000, 33258, 1, 0, 0
20500, 36104, 1, 0, 0
21000, 15980, 1, 0, 0
21500, 15200, 1, 0, 0
22000, 15222, 1, 0, 0
22500, 15266, 1, 0, 0
23000, 15126, 1, 0, 0
23500, 15198, 1, 0, 0
24000, 15272, 1, 0, 0
24500, 15166, 1, 0, 0
25000, 15108, 1, 0, 0
25500, 15216, 1, 0, 0
26000, 15060, 1, 0, 0
26500, 15276, 1, 0, 0
27000, 15162, 1, 0, 0
27500, 15174, 1, 0, 0
28000, 15248, 1, 0, 0
28500, 15024, 1, 0, 0
29000, 15342, 1, 0, 0
29500, 15154, 1, 0, 0
30000, 15186, 1, 0, 0
30500, 15212, 1, 0, 0
31000, 15218, 1, 0, 0
31500, 15062, 1, 0, 0
32000, 15244, 1, 0, 0
32500, 15250, 1, 0, 0
33000, 15178, 1, 0, 0
33500, 15140, 1, 0, 0
34000, 15284, 1, 0, 0
34500, 14924, 1, 0, 0
35000, 15318, 1, 0, 0
35500, 15120, 1, 0, 0
36000, 15190, 1, 0, 0
36500, 15232, 1, 0, 0
37000, 15290, 1, 0, 0
37500, 15102, 1, 0, 0
38000, 15244, 1, 0, 0
38500, 15250, 1, 0, 0
39000, 15162, 1, 0, 0
39500, 15100, 1, 0, 0
40000, 15300, 1, 0, 0
40500, 14964, 1, 0, 0
41000, 15310, 1, 0, 0
41500, 15128, 1, 0, 0
42000, 15230, 1, 0, 0
42500, 15192, 1, 0, 0
43000, 15302, 1, 0, 0
43500, 19314, 1, 0, 0
44000, 16760, 1, 0, 0
44500, 17486, 1, 0, 0
45000, 17330, 1, 0, 0
45500, 17490, 1, 0, 0
46000, 17362, 1, 0, 0
46500, 17592, 1, 0, 0
47000, 17432, 1, 0, 0
47500, 17551, 1, 0, 0
48000, 17346, 1, 0, 0
48500, 17558, 1, 0, 0
49000, 17580, 1, 0, 0
49500, 17330, 1, 0, 0
50000, 17554, 1, 0, 0
50500, 17376, 1, 0, 0
51000, 17440, 1, 0, 0
51500, 17408, 1, 0, 0
52000, 17424, 1, 0, 0
52500, 17392, 1, 0, 0
53000, 17518, 1, 0, 0
53500, 17298, 1, 0, 0
54000, 17536, 1, 0, 0
54500, 17280, 1, 0, 0
55000, 17536, 1, 0, 0
55500, 17382, 1, 0, 0
56000, 17498, 1, 0, 0
56500, 17526, 1, 0, 0
57000, 17448, 1, 0, 0
57500, 17402, 1, 0, 0
58000, 17478, 1, 0, 0
58500, 17338, 1, 0, 0
59000, 17486, 1, 0, 0
59500, 17330, 1, 0, 0
60000, 17488, 1, 0, 0
