500, 1193, 1, 0, 0
1000, 1191, 1, 0, 0
1500, 1190, 1, 0, 0
2000, 1193, 1, 0, 0
2500, 1194, 1, 0, 0
3000, 1189, 1, 0, 0
3500, 1191, 1, 0, 0
4000, 1192, 1, 0, 0
4500, 1191, 1, 0, 0
5000, 1191, 1, 0, 0
5500, 1190, 1, 0, 0
6000, 1208, 1, 0, 0
6501, 1210, 1, 0, 0
7000, 1208, 1, 0, 0
7503, 1210, 1, 0, 0
8000, 1213, 1, 0, 0
8505, 1220, 1, 0, 0
9002, 1212, 1, 0, 0
9500, 1214, 1, 0, 0
10000, 1213, 1, 0, 0
10500, 1213, 1, 0, 0
11001, 1216, 1, 0, 0
11500, 1214, 1, 0, 0
12003, 1215, 1, 0, 0
12500, 1213, 1, 0, 0
13000, 1214, 1, 0, 0
13503, 1212, 1, 0, 0
14000, 1212, 1, 0, 0
14500, 1217, 1, 0, 0
15000, 1213, 1, 0, 0
15502, 1209, 1, 0, 0
16000, 1209, 1, 0, 0
16504, 1213, 1, 0, 0
17001, 1217, 1, 0, 0
17500, 1217, 1, 0, 0
18004, 1215, 1, 0, 0
18500, 1215, 1, 0, 0
19000, 1214, 1, 0, 0
19500, 1300, 1, 0, 0
20000, 1265, 1, 0, 0
20500, 1264, 1, 0, 0
21001, 1269, 1, 0, 0
21500, 1283, 1, 0, 0
22002, 1281, 1, 0, 0
22500, 1274, 1, 0, 0
23000, 1279, 1, 0, 0
23500, 1281, 1, 0, 0
24000, 1277, 1, 0, 0
24500, 1285, 1, 0, 0
25000, 1269, 1, 0, 0
25500, 1277, 1, 0, 0
26004, 1282, 1, 0, 0
26500, 1279, 1, 0, 0
27000, 1771, 1, 0, 0
27500, 1274, 1, 0, 0
28005, 1262, 1, 0, 0
28500, 1274, 1, 0, 0
29000, 1272, 1, 0, 0
29500, 1273, 1, 0, 0
30000, 1278, 1, 0, 0
30500, 1282, 1, 0, 0
31002, 1283, 1, 0, 0
31500, 1273, 1, 0, 0
32005, 1287, 1, 0, 0
32501, 1279, 1, 0, 0
33000, 1285, 1, 0, 0
33500, 1281, 1, 0, 0
34000, 1278, 1, 0, 0
34501, 1278, 1, 0, 0
35000, 1276, 1, 0, 0
35501, 1274, 1, 0, 0
36000, 1275, 1, 0, 0
36502, 1274, 1, 0, 0
37000, 1270, 1, 0, 0
37501, 1264, 1, 0, 0
38006, 1265, 1, 0, 0
38500, 1268, 1, 0, 0
39000, 1332, 1, 0, 0
39500, 1388, 1, 0, 0
40000, 1704, 1, 0, 0
40502, 1265, 1, 0, 0
41000, 1271, 1, 0, 0
41501, 1274, 1, 0, 0
42000, 1270, 1, 0, 0
42502, 1263, 1, 0, 0
43000, 1263, 1, 0, 0
43503, 1263, 1, 0, 0
44003, 1262, 1, 0, 0
44502, 1263, 1, 0, 0
45002, 1270, 1, 0, 0
45500, 1262, 1, 0, 0
46000, 1270, 1, 0, 0
46500, 1267, 1, 0, 0
47000, 1272, 1, 0, 0
47500, 1266, 1, 0, 0
48000, 1268, 1, 0, 0
48500, 1272, 1, 0, 0
49000, 1264, 1, 0, 0
49500, 1266, 1, 0, 0
50004, 1269, 1, 0, 0
50500, 1265, 1, 0, 0
51002, 1264, 1, 0, 0
51505, 1262, 1, 0, 0
52000, 1262, 1, 0, 0
52503, 1293, 1, 0, 0
53000, 1263, 1, 0, 0
53501, 1285, 1, 0, 0
54002, 1299, 1, 0, 0
54501, 1510, 1, 0, 0
55002, 1322, 1, 0, 0
55500, 1409, 1, 0, 0
56000, 1265, 1, 0, 0
56500, 1265, 1, 0, 0
57000, 1272, 1, 0, 0
57505, 1267, 1, 0, 0
58000, 1272, 1, 0, 0
58503, 1283, 1, 0, 0
59002, 1272, 1, 0, 0
59501, 1269, 1, 0, 0
60001, 1272, 1, 0, 0
