500, 447208, 1, 0, 0
1000, 447617, 1, 0, 0
1500, 447617, 1, 0, 0
2000, 447616, 1, 0, 0
2500, 447616, 1, 0, 0
3000, 447617, 1, 0, 0
3500, 447617, 1, 0, 0
4000, 447616, 1, 0, 0
4500, 447618, 1, 0, 0
5000, 447618, 1, 0, 0
5500, 473059, 1, 0, 0
6000, 1294103, 1, 0, 0
6501, 1259177, 1, 0, 0
7000, 1303788, 1, 0, 0
7503, 1252231, 1, 0, 0
8000, 1294227, 1, 0, 0
8505, 1262738, 1, 0, 0
9002, 1294490, 1, 0, 0
9500, 1266568, 1, 0, 0
10000, 1289139, 1, 0, 0
10500, 1279443, 1, 0, 0
11001, 1262907, 1, 0, 0
11500, 1305573, 1, 0, 0
12003, 1251934, 1, 0, 0
12500, 1294504, 1, 0, 0
13000, 1262356, 1, 0, 0
13503, 1295017, 1, 0, 0
14000, 1269653, 1, 0, 0
14500, 1277331, 1, 0, 0
15000, 1291159, 1, 0, 0
15502, 1259795, 1, 0, 0
16000, 1303069, 1, 0, 0
16504, 1254526, 1, 0, 0
17001, 1294494, 1, 0, 0
17500, 1262619, 1, 0, 0
18004, 1294739, 1, 0, 0
18500, 1272919, 1, 0, 0
19000, 1268019, 1, 0, 0
19500, 1111176, 1, 0, 0
20000, 961919, 1, 0, 0
20500, 886907, 1, 0, 0
21001, 1983062, 1, 0, 0
21500, 2116993, 1, 0, 0
22002, 2091642, 1, 0, 0
22500, 2117485, 1, 0, 0
23000, 2108809, 1, 0, 0
23500, 2111314, 1, 0, 0
24000, 2096635, 1, 0, 0
24500, 2110363, 1, 0, 0
25000, 2099480, 1, 0, 0
25500, 2122858, 1, 0, 0
26004, 2104058, 1, 0, 0
26500, 2099208, 1, 0, 0
27000, 2113356, 1, 0, 0
27500, 2114981, 1, 0, 0
28005, 2094322, 1, 0, 0
28500, 2126038, 1, 0, 0
29000, 2098233, 1, 0, 0
29500, 2119463, 1, 0, 0
30000, 2103004, 1, 0, 0
30500, 2104364, 1, 0, 0
31002, 2088081, 1, 0, 0
31500, 2116858, 1, 0, 0
32005, 2105949, 1, 0, 0
32501, 2100502, 1, 0, 0
33000, 2111199, 1, 0, 0
33500, 2116123, 1, 0, 0
34000, 2091952, 1, 0, 0
34501, 2120160, 1, 0, 0
35000, 2112052, 1, 0, 0
35501, 2100609, 1, 0, 0
36000, 2115134, 1, 0, 0
36502, 2093660, 1, 0, 0
37000, 2110138, 1, 0, 0
37501, 2108317, 1, 0, 0
38006, 2104387, 1, 0, 0
38500, 2102344, 1, 0, 0
39000, 2111878, 1, 0, 0
39500, 2102179, 1, 0, 0
40000, 2109721, 1, 0, 0
40502, 2112978, 1, 0, 0
41000, 2106601, 1, 0, 0
41501, 2100999, 1, 0, 0
42000, 2115730, 1, 0, 0
42502, 2091899, 1, 0, 0
43000, 2114146, 1, 0, 0
43503, 1643129, 1, 0, 0
44003, 1907921, 1, 0, 0
44502, 1836227, 1, 0, 0
45002, 1834664, 1, 0, 0
45500, 1834571, 1, 0, 0
46000, 1834449, 1, 0, 0
46500, 1847090, 1, 0, 0
47000, 1836463, 1, 0, 0
47500, 1818044, 1, 0, 0
48000, 1845428, 1, 0, 0
48500, 1819996, 1, 0, 0
49000, 1822563, 1, 0, 0
49500, 1845694, 1, 0, 0
50004, 1819076, 1, 0, 0
50500, 1842829, 1, 0, 0
51002, 1825434, 1, 0, 0
51505, 1843923, 1, 0, 0
52000, 1823579, 1, 0, 0
52503, 1845244, 1, 0, 0
53000, 1840050, 1, 0, 0
53501, 1829790, 1, 0, 0
54002, 1838443, 1, 0, 0
54501, 1836759, 1, 0, 0
55002, 1837221, 1, 0, 0
55500, 1846740, 1, 0, 0
56000, 1823118, 1, 0, 0
56500, 1836753, 1, 0, 0
57000, 1831922, 1, 0, 0
57505, 1831693, 1, 0, 0
58000, 1835296, 1, 0, 0
58503, 1833796, 1, 0, 0
59002, 1833683, 1, 0, 0
59501, 1833243, 1, 0, 0
60000, 1834866, 1, 0, 0
60001, 5892395, 1, 0, 0
