500, 514150, 1, 0, 0
1000, 513362, 1, 0, 0
1500, 513020, 1, 0, 0
2000, 513416, 1, 0, 0
2500, 512350, 1, 0, 0
3000, 512682, 1, 0, 0
3500, 512398, 1, 0, 0
4000, 512594, 1, 0, 0
4500, 511426, 1, 0, 0
5000, 511180, 1, 0, 0
5500, 510296, 1, 0, 0
6000, 532234, 1, 0, 0
6500, 97532, 1, 0, 0
7000, 31248, 1, 0, 0
7500, 32432, 1, 0, 0
8000, 33808, 1, 0, 0
8500, 36768, 1, 0, 0
9000, 40256, 1, 0, 0
9500, 37456, 1, 0, 0
10000, 41440, 1, 0, 0
10500, 44784, 1, 0, 0
11000, 48368, 1, 0, 0
11500, 45952, 1, 0, 0
12000, 46528, 1, 0, 0
12500, 40272, 1, 0, 0
13000, 51120, 1, 0, 0
13500, 56224, 1, 0, 0
14000, 49472, 1, 0, 0
14500, 40544, 1, 0, 0
15000, 50528, 1, 0, 0
15500, 50496, 1, 0, 0
16000, 43424, 1, 0, 0
16500, 41968, 1, 0, 0
17000, 51408, 1, 0, 0
17500, 48192, 1, 0, 0
18000, 48816, 1, 0, 0
18500, 53488, 1, 0, 0
19000, 52448, 1, 0, 0
19500, 46560, 1, 0, 0
20000, 53632, 1, 0, 0
20500, 45616, 1, 0, 0
21000, 43120, 1, 0, 0
21500, 50432, 1, 0, 0
22000, 47008, 1, 0, 0
22500, 46300, 1, 0, 0
23000, 46032, 1, 0, 0
23500, 50832, 1, 0, 0
24000, 55648, 1, 0, 0
24500, 48832, 1, 0, 0
25000, 47968, 1, 0, 0
25500, 45888, 1, 0, 0
26000, 48992, 1, 0, 0
26500, 57872, 1, 0, 0
27000, 48576, 1, 0, 0
27500, 50608, 1, 0, 0
28000, 47312, 1, 0, 0
28500, 44736, 1, 0, 0
29000, 46646, 1, 0, 0
29500, 55546, 1, 0, 0
30000, 48352, 1, 0, 0
30500, 59376, 1, 0, 0
31000, 48032, 1, 0, 0
31500, 51655, 1, 0, 0
32000, 50992, 1, 0, 0
32500, 49392, 1, 0, 0
33000, 54398, 1, 0, 0
33500, 54338, 1, 0, 0
34000, 51648, 1, 0, 0
34500, 58704, 1, 0, 0
35000, 55360, 1, 0, 0
35500, 53008, 1, 0, 0
36000, 53936, 1, 0, 0
36500, 66336, 1, 0, 0
37000, 56816, 1, 0, 0
37500, 54304, 1, 0, 0
38000, 55536, 1, 0, 0
38500, 57040, 1, 0, 0
39000, 60128, 1, 0, 0
39500, 57856, 1, 0, 0
40000, 61712, 1, 0, 0
40500, 59927, 1, 0, 0
41000, 62176, 1, 0, 0
41500, 64848, 1, 0, 0
42000, 66368, 1, 0, 0
42500, 67168, 1, 0, 0
43000, 71808, 1, 0, 0
43500, 71248, 1, 0, 0
44000, 73456, 1, 0, 0
44500, 75584, 1, 0, 0
45000, 80368, 1, 0, 0
45500, 81414, 1, 0, 0
46000, 87674, 1, 0, 0
46500, 92368, 1, 0, 0
47000, 97692, 1, 0, 0
47500, 102772, 1, 0, 0
48000, 106336, 1, 0, 0
48500, 119056, 1, 0, 0
49000, 134068, 1, 0, 0
49500, 143740, 1, 0, 0
50000, 138224, 1, 0, 0
50500, 168570, 1, 0, 0
51000, 359456, 1, 0, 0
51500, 242420, 1, 0, 0
52000, 30896, 1, 0, 0
52500, 32000, 1, 0, 0
53000, 35040, 1, 0, 0
53500, 34192, 1, 0, 0
54000, 37472, 1, 0, 0
54500, 37968, 1, 0, 0
55000, 43248, 1, 0, 0
55500, 43664, 1, 0, 0
56000, 48880, 1, 0, 0
56500, 41184, 1, 0, 0
57000, 47600, 1, 0, 0
57500, 45936, 1, 0, 0
58000, 58160, 1, 0, 0
58500, 42752, 1, 0, 0
59000, 45952, 1, 0, 0
59500, 48240, 1, 0, 0
60000, 44446, 1, 0, 0
