500, 839, 1, 0, 0
1000, 839, 1, 0, 0
1500, 841, 1, 0, 0
2000, 840, 1, 0, 0
2500, 839, 1, 0, 0
3000, 838, 1, 0, 0
3500, 840, 1, 0, 0
4000, 838, 1, 0, 0
4500, 848, 1, 0, 0
5000, 844, 1, 0, 0
5500, 840, 1, 0, 0
6000, 841, 1, 0, 0
6514, 865, 1, 0, 0
7008, 850, 1, 0, 0
7500, 857, 1, 0, 0
8006, 846, 1, 0, 0
8500, 848, 1, 0, 0
9011, 851, 1, 0, 0
9510, 846, 1, 0, 0
10000, 845, 1, 0, 0
10502, 847, 1, 0, 0
11008, 850, 1, 0, 0
11507, 844, 1, 0, 0
12000, 840, 1, 0, 0
12510, 854, 1, 0, 0
13004, 892, 1, 0, 0
13503, 851, 1, 0, 0
14000, 885, 1, 0, 0
14507, 841, 1, 0, 0
15015, 843, 1, 0, 0
15502, 861, 1, 0, 0
16009, 840, 1, 0, 0
16510, 855, 1, 0, 0
17010, 844, 1, 0, 0
17502, 850, 1, 0, 0
18013, 898, 1, 0, 0
18513, 851, 1, 0, 0
19009, 846, 1, 0, 0
19512, 862, 1, 0, 0
20008, 841, 1, 0, 0
20506, 840, 1, 0, 0
21000, 841, 1, 0, 0
21507, 842, 1, 0, 0
22008, 880, 1, 0, 0
22507, 921, 1, 0, 0
23002, 1050, 1, 0, 0
23502, 874, 1, 0, 0
24010, 841, 1, 0, 0
24504, 845, 1, 0, 0
25001, 840, 1, 0, 0
25509, 842, 1, 0, 0
26000, 844, 1, 0, 0
26506, 845, 1, 0, 0
27001, 843, 1, 0, 0
27511, 873, 1, 0, 0
28002, 842, 1, 0, 0
28502, 841, 1, 0, 0
29000, 838, 1, 0, 0
29500, 842, 1, 0, 0
30000, 840, 1, 0, 0
30500, 841, 1, 0, 0
31013, 840, 1, 0, 0
31513, 879, 1, 0, 0
32011, 842, 1, 0, 0
32500, 842, 1, 0, 0
33000, 843, 1, 0, 0
33500, 844, 1, 0, 0
34009, 843, 1, 0, 0
34511, 840, 1, 0, 0
35005, 840, 1, 0, 0
35510, 842, 1, 0, 0
36005, 843, 1, 0, 0
36502, 842, 1, 0, 0
37000, 848, 1, 0, 0
37500, 858, 1, 0, 0
38013, 861, 1, 0, 0
38512, 857, 1, 0, 0
39009, 843, 1, 0, 0
39501, 862, 1, 0, 0
40011, 847, 1, 0, 0
40500, 857, 1, 0, 0
41004, 846, 1, 0, 0
41508, 842, 1, 0, 0
42003, 842, 1, 0, 0
42500, 839, 1, 0, 0
43011, 841, 1, 0, 0
43505, 841, 1, 0, 0
44000, 841, 1, 0, 0
44506, 868, 1, 0, 0
45010, 840, 1, 0, 0
45500, 841, 1, 0, 0
46000, 842, 1, 0, 0
46509, 853, 1, 0, 0
47000, 845, 1, 0, 0
47506, 842, 1, 0, 0
48005, 839, 1, 0, 0
48506, 862, 1, 0, 0
49000, 840, 1, 0, 0
49500, 840, 1, 0, 0
50000, 840, 1, 0, 0
50500, 845, 1, 0, 0
51000, 839, 1, 0, 0
51500, 853, 1, 0, 0
52011, 847, 1, 0, 0
52504, 847, 1, 0, 0
53000, 854, 1, 0, 0
53506, 863, 1, 0, 0
54015, 844, 1, 0, 0
54502, 845, 1, 0, 0
55013, 843, 1, 0, 0
55501, 867, 1, 0, 0
56009, 886, 1, 0, 0
56500, 845, 1, 0, 0
57013, 873, 1, 0, 0
57502, 844, 1, 0, 0
58006, 883, 1, 0, 0
58500, 850, 1, 0, 0
59000, 841, 1, 0, 0
59503, 878, 1, 0, 0
60000, 845, 1, 0, 0
