500, 61248, 1, 0, 0
1000, 61338, 1, 0, 0
1500, 61374, 1, 0, 0
2000, 61324, 1, 0, 0
2500, 61451, 1, 0, 0
3000, 61415, 1, 0, 0
3500, 61441, 1, 0, 0
4000, 61422, 1, 0, 0
4500, 61557, 1, 0, 0
5000, 61587, 1, 0, 0
5500, 61695, 1, 0, 0
6000, 59113, 1, 0, 0
6514, 326189, 1, 0, 0
7008, 1012031, 1, 0, 0
7500, 999543, 1, 0, 0
8006, 925399, 1, 0, 0
8500, 874869, 1, 0, 0
9011, 796373, 1, 0, 0
9510, 855653, 1, 0, 0
10000, 777050, 1, 0, 0
10502, 694021, 1, 0, 0
11008, 669180, 1, 0, 0
11507, 693788, 1, 0, 0
12000, 700192, 1, 0, 0
12510, 784103, 1, 0, 0
13004, 616741, 1, 0, 0
13503, 570155, 1, 0, 0
14000, 658746, 1, 0, 0
14507, 776229, 1, 0, 0
15015, 641413, 1, 0, 0
15502, 619775, 1, 0, 0
16009, 743823, 1, 0, 0
16510, 764368, 1, 0, 0
17010, 618821, 1, 0, 0
17502, 656250, 1, 0, 0
18013, 665605, 1, 0, 0
18513, 596116, 1, 0, 0
19009, 606073, 1, 0, 0
19512, 690203, 1, 0, 0
20008, 589063, 1, 0, 0
20506, 699135, 1, 0, 0
21000, 758327, 1, 0, 0
21507, 622516, 1, 0, 0
22008, 679643, 1, 0, 0
22507, 688614, 1, 0, 0
23002, 690261, 1, 0, 0
23502, 625577, 1, 0, 0
24010, 585382, 1, 0, 0
24504, 648386, 1, 0, 0
25001, 676280, 1, 0, 0
25509, 690579, 1, 0, 0
26000, 660016, 1, 0, 0
26506, 541517, 1, 0, 0
27001, 652844, 1, 0, 0
27511, 642185, 1, 0, 0
28002, 663432, 1, 0, 0
28502, 713106, 1, 0, 0
29000, 705616, 1, 0, 0
29500, 575640, 1, 0, 0
30000, 661682, 1, 0, 0
30500, 537364, 1, 0, 0
31013, 661274, 1, 0, 0
31513, 619381, 1, 0, 0
32011, 624269, 1, 0, 0
32500, 638099, 1, 0, 0
33000, 598692, 1, 0, 0
33500, 588336, 1, 0, 0
34009, 610845, 1, 0, 0
34511, 547265, 1, 0, 0
35005, 569188, 1, 0, 0
35510, 612249, 1, 0, 0
36005, 584154, 1, 0, 0
36502, 481480, 1, 0, 0
37000, 573716, 1, 0, 0
37500, 589222, 1, 0, 0
38013, 570622, 1, 0, 0
38512, 560241, 1, 0, 0
39009, 528766, 1, 0, 0
39501, 542565, 1, 0, 0
40011, 527079, 1, 0, 0
40500, 523186, 1, 0, 0
41004, 516560, 1, 0, 0
41508, 496579, 1, 0, 0
42003, 477193, 1, 0, 0
42500, 473017, 1, 0, 0
43011, 454494, 1, 0, 0
43505, 441247, 1, 0, 0
44000, 442283, 1, 0, 0
44506, 416688, 1, 0, 0
45010, 400952, 1, 0, 0
45500, 394527, 1, 0, 0
46000, 363478, 1, 0, 0
46509, 342973, 1, 0, 0
47000, 330177, 1, 0, 0
47506, 307122, 1, 0, 0
48005, 298796, 1, 0, 0
48506, 268303, 1, 0, 0
49000, 240470, 1, 0, 0
49500, 221092, 1, 0, 0
50000, 230562, 1, 0, 0
50500, 189145, 1, 0, 0
51000, 87960, 1, 0, 0
51500, 126913, 1, 0, 0
52011, 1054775, 1, 0, 0
52504, 987433, 1, 0, 0
53000, 939485, 1, 0, 0
53506, 912598, 1, 0, 0
54015, 866767, 1, 0, 0
54502, 821681, 1, 0, 0
55013, 753027, 1, 0, 0
55501, 715192, 1, 0, 0
56009, 665751, 1, 0, 0
56500, 784517, 1, 0, 0
57013, 668172, 1, 0, 0
57502, 680341, 1, 0, 0
58006, 556263, 1, 0, 0
58500, 736553, 1, 0, 0
59000, 697645, 1, 0, 0
59503, 662065, 1, 0, 0
60000, 737581, 1, 0, 0
60000, 168311, 1, 0, 0
