500, 2056600, 1, 0, 0
1000, 2053488, 1, 0, 0
1500, 2052080, 1, 0, 0
2000, 2053664, 1, 0, 0
2500, 2049400, 1, 0, 0
3000, 2050728, 1, 0, 0
3500, 2049592, 1, 0, 0
4000, 2050376, 1, 0, 0
4500, 2045696, 1, 0, 0
5000, 2044720, 1, 0, 0
5500, 2041186, 1, 0, 0
6000, 2128936, 1, 0, 0
6500, 390128, 1, 0, 0
7000, 124992, 1, 0, 0
7500, 129728, 1, 0, 0
8000, 135232, 1, 0, 0
8500, 147072, 1, 0, 0
9000, 161024, 1, 0, 0
9500, 149824, 1, 0, 0
10000, 165760, 1, 0, 0
10500, 179136, 1, 0, 0
11000, 193472, 1, 0, 0
11500, 183808, 1, 0, 0
12000, 186112, 1, 0, 0
12500, 161088, 1, 0, 0
13000, 204480, 1, 0, 0
13500, 224897, 1, 0, 0
14000, 197888, 1, 0, 0
14500, 162176, 1, 0, 0
15000, 202112, 1, 0, 0
15500, 201984, 1, 0, 0
16000, 173696, 1, 0, 0
16500, 167872, 1, 0, 0
17000, 205632, 1, 0, 0
17500, 192768, 1, 0, 0
18000, 195264, 1, 0, 0
18500, 213952, 1, 0, 0
19000, 209792, 1, 0, 0
19500, 186240, 1, 0, 0
20000, 214528, 1, 0, 0
20500, 182464, 1, 0, 0
21000, 172480, 1, 0, 0
21500, 201728, 1, 0, 0
22000, 188032, 1, 0, 0
22500, 185202, 1, 0, 0
23000, 184128, 1, 0, 0
23500, 203328, 1, 0, 0
24000, 222592, 1, 0, 0
24500, 195328, 1, 0, 0
25000, 191872, 1, 0, 0
25500, 183552, 1, 0, 0
26000, 195968, 1, 0, 0
26500, 231488, 1, 0, 0
27000, 194304, 1, 0, 0
27500, 202432, 1, 0, 0
28000, 189248, 1, 0, 0
28500, 178944, 1, 0, 0
29000, 186584, 1, 0, 0
29500, 222184, 1, 0, 0
30000, 193408, 1, 0, 0
30500, 237496, 1, 0, 0
31000, 192128, 1, 0, 0
31500, 206621, 1, 0, 0
32000, 203968, 1, 0, 0
32500, 197568, 1, 0, 0
33000, 217592, 1, 0, 0
33500, 217352, 1, 0, 0
34000, 206592, 1, 0, 0
34500, 234816, 1, 0, 0
35000, 221440, 1, 0, 0
35500, 212032, 1, 0, 0
36000, 215744, 1, 0, 0
36500, 265344, 1, 0, 0
37000, 227264, 1, 0, 0
37500, 217216, 1, 0, 0
38000, 222144, 1, 0, 0
38500, 228160, 1, 0, 0
39000, 240512, 1, 0, 0
39500, 231424, 1, 0, 0
40000, 246848, 1, 0, 0
40500, 239711, 1, 0, 0
41000, 248704, 1, 0, 0
41500, 259392, 1, 0, 0
42000, 265472, 1, 0, 0
42500, 268672, 1, 0, 0
43000, 287232, 1, 0, 0
43500, 284992, 1, 0, 0
44000, 293824, 1, 0, 0
44500, 302336, 1, 0, 0
45000, 321472, 1, 0, 0
45500, 325656, 1, 0, 0
46000, 350696, 1, 0, 0
46500, 369472, 1, 0, 0
47000, 390768, 1, 0, 0
47500, 411088, 1, 0, 0
48000, 425344, 1, 0, 0
48500, 476224, 1, 0, 0
49000, 536272, 1, 0, 0
49500, 574960, 1, 0, 0
50000, 552896, 1, 0, 0
50500, 674280, 1, 0, 0
51000, 1437827, 1, 0, 0
51500, 969680, 1, 0, 0
52000, 123584, 1, 0, 0
52500, 128000, 1, 0, 0
53000, 140160, 1, 0, 0
53500, 136768, 1, 0, 0
54000, 149888, 1, 0, 0
54500, 151872, 1, 0, 0
55000, 172992, 1, 0, 0
55500, 174656, 1, 0, 0
56000, 195520, 1, 0, 0
56500, 164736, 1, 0, 0
57000, 190400, 1, 0, 0
57500, 183744, 1, 0, 0
58000, 232640, 1, 0, 0
58500, 171008, 1, 0, 0
59000, 183808, 1, 0, 0
59500, 192961, 1, 0, 0
60000, 177784, 1, 0, 0
