500, 62088, 1, 0, 0
1000, 62178, 1, 0, 0
1500, 62214, 1, 0, 0
2000, 62164, 1, 0, 0
2500, 62290, 1, 0, 0
3000, 62253, 1, 0, 0
3500, 62281, 1, 0, 0
4000, 62260, 1, 0, 0
4500, 62405, 1, 0, 0
5000, 62432, 1, 0, 0
5500, 62535, 1, 0, 0
6000, 59954, 1, 0, 0
6514, 327054, 1, 0, 0
7008, 1012882, 1, 0, 0
7500, 1000401, 1, 0, 0
8006, 926245, 1, 0, 0
8500, 875717, 1, 0, 0
9011, 797224, 1, 0, 0
9510, 856499, 1, 0, 0
10000, 777895, 1, 0, 0
10502, 694868, 1, 0, 0
11008, 670031, 1, 0, 0
11507, 694632, 1, 0, 0
12000, 701032, 1, 0, 0
12510, 784956, 1, 0, 0
13004, 617633, 1, 0, 0
13503, 571005, 1, 0, 0
14000, 659631, 1, 0, 0
14507, 777070, 1, 0, 0
15015, 642256, 1, 0, 0
15502, 620636, 1, 0, 0
16009, 744664, 1, 0, 0
16510, 765224, 1, 0, 0
17010, 619665, 1, 0, 0
17502, 657100, 1, 0, 0
18013, 666503, 1, 0, 0
18513, 596967, 1, 0, 0
19009, 606918, 1, 0, 0
19512, 691065, 1, 0, 0
20008, 589904, 1, 0, 0
20506, 699975, 1, 0, 0
21000, 759168, 1, 0, 0
21507, 623358, 1, 0, 0
22008, 680523, 1, 0, 0
22507, 689535, 1, 0, 0
23002, 691310, 1, 0, 0
23502, 626451, 1, 0, 0
24010, 586223, 1, 0, 0
24504, 649231, 1, 0, 0
25001, 677120, 1, 0, 0
25509, 691420, 1, 0, 0
26000, 660860, 1, 0, 0
26506, 542362, 1, 0, 0
27001, 653687, 1, 0, 0
27511, 643058, 1, 0, 0
28002, 664274, 1, 0, 0
28502, 713947, 1, 0, 0
29000, 706454, 1, 0, 0
29500, 576483, 1, 0, 0
30000, 662522, 1, 0, 0
30500, 538205, 1, 0, 0
31013, 662114, 1, 0, 0
31513, 620260, 1, 0, 0
32011, 625111, 1, 0, 0
32500, 638941, 1, 0, 0
33000, 599535, 1, 0, 0
33500, 589165, 1, 0, 0
34009, 611706, 1, 0, 0
34511, 548105, 1, 0, 0
35005, 570028, 1, 0, 0
35510, 613092, 1, 0, 0
36005, 584997, 1, 0, 0
36502, 482321, 1, 0, 0
37000, 574564, 1, 0, 0
37500, 590081, 1, 0, 0
38013, 571483, 1, 0, 0
38512, 561098, 1, 0, 0
39009, 529609, 1, 0, 0
39501, 543428, 1, 0, 0
40011, 527926, 1, 0, 0
40500, 524042, 1, 0, 0
41004, 517406, 1, 0, 0
41508, 497422, 1, 0, 0
42003, 478035, 1, 0, 0
42500, 473856, 1, 0, 0
43011, 455335, 1, 0, 0
43505, 442088, 1, 0, 0
44000, 443124, 1, 0, 0
44506, 417556, 1, 0, 0
45010, 401792, 1, 0, 0
45500, 395368, 1, 0, 0
46000, 364320, 1, 0, 0
46509, 343826, 1, 0, 0
47000, 331021, 1, 0, 0
47506, 307964, 1, 0, 0
48005, 299636, 1, 0, 0
48506, 269164, 1, 0, 0
49000, 241310, 1, 0, 0
49500, 221931, 1, 0, 0
50000, 231402, 1, 0, 0
50500, 189991, 1, 0, 0
51000, 88799, 1, 0, 0
51500, 127766, 1, 0, 0
52011, 1055622, 1, 0, 0
52504, 988280, 1, 0, 0
53000, 940339, 1, 0, 0
53506, 913462, 1, 0, 0
54015, 867611, 1, 0, 0
54502, 822526, 1, 0, 0
55013, 753870, 1, 0, 0
55501, 716059, 1, 0, 0
56009, 666638, 1, 0, 0
56500, 785362, 1, 0, 0
57013, 669045, 1, 0, 0
57502, 681185, 1, 0, 0
58006, 557146, 1, 0, 0
58500, 737402, 1, 0, 0
59000, 698486, 1, 0, 0
59503, 662943, 1, 0, 0
60000, 738426, 1, 0, 0
60000, 169158, 1, 0, 0
