500, 1655, 1, 0, 0
1000, 1654, 1, 0, 0
1500, 1653, 1, 0, 0
2000, 1649, 1, 0, 0
2500, 1644, 1, 0, 0
3000, 1643, 1, 0, 0
3500, 1641, 1, 0, 0
4000, 1647, 1, 0, 0
4500, 1648, 1, 0, 0
5000, 1646, 1, 0, 0
5500, 1686, 1, 0, 0
6000, 1669, 1, 0, 0
6500, 1672, 1, 0, 0
7000, 1716, 1, 0, 0
7500, 1717, 1, 0, 0
8000, 1702, 1, 0, 0
8500, 1701, 1, 0, 0
9000, 1700, 1, 0, 0
9500, 1699, 1, 0, 0
10000, 1702, 1, 0, 0
10500, 1711, 1, 0, 0
11000, 1712, 1, 0, 0
11500, 1714, 1, 0, 0
12000, 1714, 1, 0, 0
12500, 1715, 1, 0, 0
13000, 1709, 1, 0, 0
13500, 1707, 1, 0, 0
14000, 1709, 1, 0, 0
14500, 1709, 1, 0, 0
15000, 1714, 1, 0, 0
15500, 1710, 1, 0, 0
16000, 1695, 1, 0, 0
16500, 1696, 1, 0, 0
17000, 1688, 1, 0, 0
17500, 1689, 1, 0, 0
18000, 1689, 1, 0, 0
18500, 1685, 1, 0, 0
19000, 1693, 1, 0, 0
19500, 1690, 1, 0, 0
20000, 1691, 1, 0, 0
20500, 1689, 1, 0, 0
21000, 1703, 1, 0, 0
21500, 1689, 1, 0, 0
22000, 1696, 1, 0, 0
22500, 1688, 1, 0, 0
23000, 1688, 1, 0, 0
23500, 1686, 1, 0, 0
24000, 1688, 1, 0, 0
24500, 1688, 1, 0, 0
25000, 1749, 1, 0, 0
25500, 1685, 1, 0, 0
26000, 1744, 1, 0, 0
26500, 1719, 1, 0, 0
27000, 1724, 1, 0, 0
27500, 1720, 1, 0, 0
28000, 1717, 1, 0, 0
28500, 1715, 1, 0, 0
29000, 1722, 1, 0, 0
29500, 1719, 1, 0, 0
30000, 1719, 1, 0, 0
30500, 1711, 1, 0, 0
31000, 1726, 1, 0, 0
31500, 1715, 1, 0, 0
32000, 1715, 1, 0, 0
32500, 1714, 1, 0, 0
33000, 1717, 1, 0, 0
33500, 1712, 1, 0, 0
34000, 1712, 1, 0, 0
34500, 1719, 1, 0, 0
35000, 1716, 1, 0, 0
35500, 1714, 1, 0, 0
36000, 1717, 1, 0, 0
36500, 1795, 1, 0, 0
37000, 1692, 1, 0, 0
37500, 1695, 1, 0, 0
38000, 1695, 1, 0, 0
38500, 1694, 1, 0, 0
39000, 1694, 1, 0, 0
39500, 1689, 1, 0, 0
40000, 1694, 1, 0, 0
40500, 1691, 1, 0, 0
41000, 1701, 1, 0, 0
41500, 1758, 1, 0, 0
42000, 1699, 1, 0, 0
42500, 1698, 1, 0, 0
43000, 1704, 1, 0, 0
43500, 1682, 1, 0, 0
44000, 1697, 1, 0, 0
44500, 1700, 1, 0, 0
45000, 1703, 1, 0, 0
45500, 1684, 1, 0, 0
46000, 1692, 1, 0, 0
46500, 1726, 1, 0, 0
47000, 1727, 1, 0, 0
47500, 1722, 1, 0, 0
48000, 1723, 1, 0, 0
48500, 1721, 1, 0, 0
49000, 1716, 1, 0, 0
49500, 1717, 1, 0, 0
50000, 1735, 1, 0, 0
50500, 1725, 1, 0, 0
51000, 1718, 1, 0, 0
51500, 1731, 1, 0, 0
52000, 1718, 1, 0, 0
52500, 1718, 1, 0, 0
53000, 1712, 1, 0, 0
53500, 1700, 1, 0, 0
54000, 1699, 1, 0, 0
54500, 1710, 1, 0, 0
55000, 1708, 1, 0, 0
55500, 1703, 1, 0, 0
56000, 1710, 1, 0, 0
56500, 1707, 1, 0, 0
57000, 1712, 1, 0, 0
57500, 1709, 1, 0, 0
58000, 1695, 1, 0, 0
58500, 1695, 1, 0, 0
59000, 1695, 1, 0, 0
59500, 1699, 1, 0, 0
60000, 1698, 1, 0, 0
