500, 2287552, 1, 0, 0
1000, 2286592, 1, 0, 0
1500, 2286592, 1, 0, 0
2000, 2286784, 1, 0, 0
2500, 2286784, 1, 0, 0
3000, 2286784, 1, 0, 0
3500, 2286784, 1, 0, 0
4000, 2286848, 1, 0, 0
4500, 2286592, 1, 0, 0
5000, 2286592, 1, 0, 0
5500, 2113024, 1, 0, 0
6000, 136192, 1, 0, 0
6500, 134656, 1, 0, 0
7000, 145920, 1, 0, 0
7500, 148224, 1, 0, 0
8000, 161280, 1, 0, 0
8500, 165120, 1, 0, 0
9000, 180736, 1, 0, 0
9500, 183808, 1, 0, 0
10000, 201728, 1, 0, 0
10500, 205568, 1, 0, 0
11000, 227014, 1, 0, 0
11500, 227840, 1, 0, 0
12000, 244992, 1, 0, 0
12500, 244224, 1, 0, 0
13000, 210176, 1, 0, 0
13500, 215552, 1, 0, 0
14000, 209152, 1, 0, 0
14500, 221952, 1, 0, 0
15000, 222912, 1, 0, 0
15500, 226880, 1, 0, 0
16000, 237568, 1, 0, 0
16500, 231936, 1, 0, 0
17000, 243712, 1, 0, 0
17500, 248064, 1, 0, 0
18000, 241408, 1, 0, 0
18500, 254208, 1, 0, 0
19000, 248000, 1, 0, 0
19500, 255040, 1, 0, 0
20000, 263680, 1, 0, 0
20500, 261696, 1, 0, 0
21000, 262848, 1, 0, 0
21500, 272640, 1, 0, 0
22000, 280832, 1, 0, 0
22500, 270848, 1, 0, 0
23000, 287232, 1, 0, 0
23500, 291840, 1, 0, 0
24000, 298944, 1, 0, 0
24500, 291904, 1, 0, 0
25000, 305664, 1, 0, 0
25500, 311552, 1, 0, 0
26001, 320256, 1, 0, 0
26500, 313971, 1, 0, 0
27000, 330240, 1, 0, 0
27500, 338176, 1, 0, 0
28000, 349184, 1, 0, 0
28500, 360960, 1, 0, 0
29000, 371200, 1, 0, 0
29500, 369792, 1, 0, 0
30000, 383680, 1, 0, 0
30500, 403840, 1, 0, 0
31000, 416448, 1, 0, 0
31500, 428544, 1, 0, 0
32000, 456960, 1, 0, 0
32500, 465280, 1, 0, 0
33000, 486656, 1, 0, 0
33500, 519552, 1, 0, 0
34000, 557184, 1, 0, 0
34500, 576384, 1, 0, 0
35000, 647808, 1, 0, 0
35500, 715264, 1, 0, 0
36000, 789504, 1, 0, 0
36500, 912288, 1, 0, 0
37000, 1172096, 1, 0, 0
37500, 1901312, 1, 0, 0
38000, 742912, 1, 0, 0
38500, 129792, 1, 0, 0
39000, 141824, 1, 0, 0
39500, 143872, 1, 0, 0
40000, 157440, 1, 0, 0
40500, 160256, 1, 0, 0
41000, 175616, 1, 0, 0
41500, 179456, 1, 0, 0
42000, 197632, 1, 0, 0
42500, 200704, 1, 0, 0
43000, 219392, 1, 0, 0
43500, 225216, 1, 0, 0
44000, 242240, 1, 0, 0
44500, 247808, 1, 0, 0
45000, 219136, 1, 0, 0
45500, 210432, 1, 0, 0
46000, 206592, 1, 0, 0
46500, 220672, 1, 0, 0
47000, 225923, 1, 0, 0
47500, 229952, 1, 0, 0
48000, 240640, 1, 0, 0
48500, 233984, 1, 0, 0
49000, 244992, 1, 0, 0
49500, 239488, 1, 0, 0
50000, 253824, 1, 0, 0
50500, 253184, 1, 0, 0
51000, 244736, 1, 0, 0
51500, 256512, 1, 0, 0
52000, 261632, 1, 0, 0
52500, 256000, 1, 0, 0
53000, 267520, 1, 0, 0
53500, 270336, 1, 0, 0
54000, 264192, 1, 0, 0
54500, 281088, 1, 0, 0
55000, 285696, 1, 0, 0
55500, 279663, 1, 0, 0
56000, 290496, 1, 0, 0
56500, 300800, 1, 0, 0
57000, 308736, 1, 0, 0
57500, 306240, 1, 0, 0
58000, 316864, 1, 0, 0
58500, 320768, 1, 0, 0
59000, 327168, 1, 0, 0
59500, 337920, 1, 0, 0
