500, 71488, 1, 0, 0
1000, 71456, 1, 0, 0
1500, 71456, 1, 0, 0
2000, 71462, 1, 0, 0
2500, 71462, 1, 0, 0
3000, 71462, 1, 0, 0
3500, 71462, 1, 0, 0
4000, 71464, 1, 0, 0
4500, 71456, 1, 0, 0
5000, 71456, 1, 0, 0
5500, 66032, 1, 0, 0
6000, 4256, 1, 0, 0
6500, 4208, 1, 0, 0
7000, 4560, 1, 0, 0
7500, 4632, 1, 0, 0
8000, 5040, 1, 0, 0
8500, 5160, 1, 0, 0
9000, 5648, 1, 0, 0
9500, 5744, 1, 0, 0
10000, 6304, 1, 0, 0
10500, 6424, 1, 0, 0
11000, 7094, 1, 0, 0
11500, 7120, 1, 0, 0
12000, 7656, 1, 0, 0
12500, 7632, 1, 0, 0
13000, 6568, 1, 0, 0
13500, 6736, 1, 0, 0
14000, 6536, 1, 0, 0
14500, 6936, 1, 0, 0
15000, 6966, 1, 0, 0
15500, 7090, 1, 0, 0
16000, 7424, 1, 0, 0
16500, 7248, 1, 0, 0
17000, 7616, 1, 0, 0
17500, 7752, 1, 0, 0
18000, 7544, 1, 0, 0
18500, 7944, 1, 0, 0
19000, 7750, 1, 0, 0
19500, 7970, 1, 0, 0
20000, 8240, 1, 0, 0
20500, 8178, 1, 0, 0
21000, 8214, 1, 0, 0
21500, 8520, 1, 0, 0
22000, 8776, 1, 0, 0
22500, 8464, 1, 0, 0
23000, 8976, 1, 0, 0
23500, 9120, 1, 0, 0
24000, 9342, 1, 0, 0
24500, 9122, 1, 0, 0
25000, 9552, 1, 0, 0
25500, 9736, 1, 0, 0
26001, 10008, 1, 0, 0
26500, 9811, 1, 0, 0
27000, 10320, 1, 0, 0
27500, 10568, 1, 0, 0
28000, 10912, 1, 0, 0
28500, 11280, 1, 0, 0
29000, 11600, 1, 0, 0
29500, 11556, 1, 0, 0
30000, 11990, 1, 0, 0
30500, 12620, 1, 0, 0
31000, 13014, 1, 0, 0
31500, 13392, 1, 0, 0
32000, 14280, 1, 0, 0
32500, 14540, 1, 0, 0
33000, 15208, 1, 0, 0
33500, 16236, 1, 0, 0
34000, 17412, 1, 0, 0
34500, 18012, 1, 0, 0
35000, 20244, 1, 0, 0
35500, 22352, 1, 0, 0
36000, 24672, 1, 0, 0
36500, 28509, 1, 0, 0
37000, 36628, 1, 0, 0
37500, 59416, 1, 0, 0
38000, 23216, 1, 0, 0
38500, 4056, 1, 0, 0
39000, 4432, 1, 0, 0
39500, 4496, 1, 0, 0
40000, 4920, 1, 0, 0
40500, 5008, 1, 0, 0
41000, 5488, 1, 0, 0
41500, 5608, 1, 0, 0
42000, 6176, 1, 0, 0
42500, 6272, 1, 0, 0
43000, 6856, 1, 0, 0
43500, 7038, 1, 0, 0
44000, 7570, 1, 0, 0
44500, 7744, 1, 0, 0
45000, 6848, 1, 0, 0
45500, 6576, 1, 0, 0
46000, 6456, 1, 0, 0
46500, 6896, 1, 0, 0
47000, 7060, 1, 0, 0
47500, 7186, 1, 0, 0
48000, 7520, 1, 0, 0
48500, 7312, 1, 0, 0
49000, 7656, 1, 0, 0
49500, 7484, 1, 0, 0
50000, 7932, 1, 0, 0
50500, 7912, 1, 0, 0
51000, 7648, 1, 0, 0
51500, 8016, 1, 0, 0
52000, 8176, 1, 0, 0
52500, 8000, 1, 0, 0
53000, 8360, 1, 0, 0
53500, 8448, 1, 0, 0
54000, 8256, 1, 0, 0
54500, 8784, 1, 0, 0
55000, 8928, 1, 0, 0
55500, 8739, 1, 0, 0
56000, 9078, 1, 0, 0
56500, 9400, 1, 0, 0
57000, 9648, 1, 0, 0
57500, 9570, 1, 0, 0
58000, 9902, 1, 0, 0
58500, 10024, 1, 0, 0
59000, 10224, 1, 0, 0
59500, 10560, 1, 0, 0
