500, 445629, 1, 0, 0
1000, 445970, 1, 0, 0
1500, 445969, 1, 0, 0
2000, 445963, 1, 0, 0
2500, 445964, 1, 0, 0
3000, 445968, 1, 0, 0
3500, 445960, 1, 0, 0
4000, 445964, 1, 0, 0
4500, 445952, 1, 0, 0
5000, 445955, 1, 0, 0
5517, 482369, 1, 0, 0
6010, 7423469, 1, 0, 0
6502, 7475233, 1, 0, 0
7014, 7179022, 1, 0, 0
7505, 6783490, 1, 0, 0
8015, 6481805, 1, 0, 0
8507, 6091057, 1, 0, 0
9016, 5772203, 1, 0, 0
9506, 5460277, 1, 0, 0
10014, 5155127, 1, 0, 0
10504, 4883963, 1, 0, 0
11011, 4577291, 1, 0, 0
11500, 4395530, 1, 0, 0
12008, 4248708, 1, 0, 0
12515, 4247230, 1, 0, 0
13005, 4767816, 1, 0, 0
13513, 4834143, 1, 0, 0
14002, 4783036, 1, 0, 0
14510, 4682979, 1, 0, 0
15000, 4669776, 1, 0, 0
15505, 4394925, 1, 0, 0
16014, 4379025, 1, 0, 0
16503, 4316300, 1, 0, 0
17009, 4256829, 1, 0, 0
17516, 4178940, 1, 0, 0
18005, 4147218, 1, 0, 0
18511, 4077134, 1, 0, 0
19000, 4140085, 1, 0, 0
19505, 3952676, 1, 0, 0
20011, 3926586, 1, 0, 0
20500, 3988667, 1, 0, 0
21005, 3771896, 1, 0, 0
21511, 3806402, 1, 0, 0
22000, 3681828, 1, 0, 0
22502, 3665714, 1, 0, 0
23007, 3607199, 1, 0, 0
23512, 3542220, 1, 0, 0
24000, 3481191, 1, 0, 0
24502, 3380120, 1, 0, 0
25007, 3376809, 1, 0, 0
25512, 3315822, 1, 0, 0
26000, 3224973, 1, 0, 0
26500, 3162636, 1, 0, 0
27005, 3126038, 1, 0, 0
27508, 3047400, 1, 0, 0
28012, 2952115, 1, 0, 0
28513, 2845339, 1, 0, 0
29014, 2763464, 1, 0, 0
29500, 2777945, 1, 0, 0
30000, 2668620, 1, 0, 0
30500, 2535642, 1, 0, 0
31000, 2458358, 1, 0, 0
31500, 2389157, 1, 0, 0
32000, 2235181, 1, 0, 0
32512, 2183335, 1, 0, 0
33006, 2078462, 1, 0, 0
33500, 2010808, 1, 0, 0
34011, 1816252, 1, 0, 0
34500, 1740595, 1, 0, 0
35007, 1600809, 1, 0, 0
35510, 1440884, 1, 0, 0
36009, 1293883, 1, 0, 0
36500, 1126798, 1, 0, 0
37006, 870872, 1, 0, 0
37500, 537257, 1, 0, 0
38007, 1350516, 1, 0, 0
38500, 7767407, 1, 0, 0
39011, 7381169, 1, 0, 0
39502, 6988256, 1, 0, 0
40014, 6652738, 1, 0, 0
40504, 6275375, 1, 0, 0
41016, 5955372, 1, 0, 0
41506, 5598169, 1, 0, 0
42014, 5261428, 1, 0, 0
42504, 4997039, 1, 0, 0
43011, 4736187, 1, 0, 0
43500, 4472109, 1, 0, 0
44007, 4263668, 1, 0, 0
44514, 4184842, 1, 0, 0
45004, 4574948, 1, 0, 0
45514, 4960781, 1, 0, 0
46004, 4848362, 1, 0, 0
46511, 4709216, 1, 0, 0
47000, 4588456, 1, 0, 0
47505, 4353047, 1, 0, 0
48015, 4330483, 1, 0, 0
48502, 4268658, 1, 0, 0
49012, 4258174, 1, 0, 0
49500, 4177557, 1, 0, 0
50007, 4084621, 1, 0, 0
50514, 4098067, 1, 0, 0
51001, 4076803, 1, 0, 0
51508, 4043044, 1, 0, 0
52015, 3966759, 1, 0, 0
52502, 3900713, 1, 0, 0
53008, 3871814, 1, 0, 0
53515, 3836991, 1, 0, 0
54002, 3772382, 1, 0, 0
54508, 3680898, 1, 0, 0
55013, 3622400, 1, 0, 0
55500, 3627103, 1, 0, 0
56004, 3500235, 1, 0, 0
56510, 3440514, 1, 0, 0
57014, 3346351, 1, 0, 0
57500, 3325322, 1, 0, 0
58003, 3171280, 1, 0, 0
58507, 3216985, 1, 0, 0
59011, 3150393, 1, 0, 0
59513, 3045479, 1, 0, 0
60000, 2986447, 1, 0, 0
60000, 715073, 1, 0, 0
