500, 1584, 1, 0, 0
1000, 1581, 1, 0, 0
1500, 1578, 1, 0, 0
2000, 1578, 1, 0, 0
2500, 1569, 1, 0, 0
3000, 1574, 1, 0, 0
3500, 1575, 1, 0, 0
4000, 1575, 1, 0, 0
4500, 1571, 1, 0, 0
5000, 1571, 1, 0, 0
5500, 1707, 1, 0, 0
6000, 1657, 1, 0, 0
6500, 1652, 1, 0, 0
7000, 1656, 1, 0, 0
7500, 1654, 1, 0, 0
8000, 1654, 1, 0, 0
8500, 1652, 1, 0, 0
9000, 1655, 1, 0, 0
9500, 1649, 1, 0, 0
10000, 1650, 1, 0, 0
10500, 1671, 1, 0, 0
11000, 1654, 1, 0, 0
11500, 1645, 1, 0, 0
12000, 1645, 1, 0, 0
12500, 1642, 1, 0, 0
13000, 1642, 1, 0, 0
13500, 1642, 1, 0, 0
14000, 1639, 1, 0, 0
14500, 1644, 1, 0, 0
15000, 1643, 1, 0, 0
15500, 1714, 1, 0, 0
16000, 1712, 1, 0, 0
16500, 1653, 1, 0, 0
17000, 1642, 1, 0, 0
17500, 1637, 1, 0, 0
18000, 1638, 1, 0, 0
18500, 1646, 1, 0, 0
19000, 1643, 1, 0, 0
19500, 1635, 1, 0, 0
20000, 1645, 1, 0, 0
20500, 1640, 1, 0, 0
21000, 1673, 1, 0, 0
21500, 1660, 1, 0, 0
22000, 1666, 1, 0, 0
22500, 1666, 1, 0, 0
23000, 1663, 1, 0, 0
23500, 1666, 1, 0, 0
24000, 1659, 1, 0, 0
24500, 1654, 1, 0, 0
25000, 1662, 1, 0, 0
25500, 1662, 1, 0, 0
26000, 1787, 1, 0, 0
26500, 1639, 1, 0, 0
27000, 1647, 1, 0, 0
27500, 1644, 1, 0, 0
28000, 1637, 1, 0, 0
28500, 1632, 1, 0, 0
29000, 1636, 1, 0, 0
29500, 1641, 1, 0, 0
30000, 1639, 1, 0, 0
30500, 1639, 1, 0, 0
31000, 1664, 1, 0, 0
31500, 1648, 1, 0, 0
32000, 1647, 1, 0, 0
32500, 1649, 1, 0, 0
33000, 1642, 1, 0, 0
33500, 1640, 1, 0, 0
34000, 1650, 1, 0, 0
34500, 1652, 1, 0, 0
35000, 1650, 1, 0, 0
35500, 1648, 1, 0, 0
36000, 1649, 1, 0, 0
36500, 1680, 1, 0, 0
37000, 1659, 1, 0, 0
37500, 1655, 1, 0, 0
38000, 1657, 1, 0, 0
38500, 1656, 1, 0, 0
39000, 1656, 1, 0, 0
39500, 1653, 1, 0, 0
40000, 1654, 1, 0, 0
40500, 1651, 1, 0, 0
41000, 1650, 1, 0, 0
41500, 1669, 1, 0, 0
42000, 1648, 1, 0, 0
42500, 1640, 1, 0, 0
43000, 1643, 1, 0, 0
43500, 1640, 1, 0, 0
44000, 1645, 1, 0, 0
44500, 1640, 1, 0, 0
45000, 1640, 1, 0, 0
45500, 1641, 1, 0, 0
46000, 1639, 1, 0, 0
46500, 1657, 1, 0, 0
47000, 1667, 1, 0, 0
47500, 1661, 1, 0, 0
48000, 1662, 1, 0, 0
48500, 1663, 1, 0, 0
49000, 1660, 1, 0, 0
49500, 1657, 1, 0, 0
50000, 1655, 1, 0, 0
50500, 1657, 1, 0, 0
51000, 1662, 1, 0, 0
51500, 1661, 1, 0, 0
52000, 1654, 1, 0, 0
52500, 1654, 1, 0, 0
53000, 1655, 1, 0, 0
53500, 1653, 1, 0, 0
54000, 1654, 1, 0, 0
54500, 1644, 1, 0, 0
55000, 1649, 1, 0, 0
55500, 1652, 1, 0, 0
56000, 1652, 1, 0, 0
56500, 1662, 1, 0, 0
57000, 1664, 1, 0, 0
57500, 1666, 1, 0, 0
58000, 1669, 1, 0, 0
58500, 1653, 1, 0, 0
59000, 1655, 1, 0, 0
59500, 1655, 1, 0, 0
60000, 1668, 1, 0, 0
