500, 445810, 1, 0, 0
1000, 446043, 1, 0, 0
1500, 446050, 1, 0, 0
2000, 446050, 1, 0, 0
2500, 446059, 1, 0, 0
3000, 446054, 1, 0, 0
3500, 446053, 1, 0, 0
4000, 446054, 1, 0, 0
4500, 446057, 1, 0, 0
5000, 446057, 1, 0, 0
5500, 446300, 1, 0, 0
6000, 445964, 1, 0, 0
6500, 445971, 1, 0, 0
7000, 445968, 1, 0, 0
7500, 445970, 1, 0, 0
8000, 445969, 1, 0, 0
8500, 445971, 1, 0, 0
9000, 445969, 1, 0, 0
9500, 445972, 1, 0, 0
10000, 445973, 1, 0, 0
10500, 446795, 1, 0, 0
11000, 445970, 1, 0, 0
11500, 445980, 1, 0, 0
12000, 445981, 1, 0, 0
12500, 445983, 1, 0, 0
13000, 445982, 1, 0, 0
13500, 445983, 1, 0, 0
14000, 445986, 1, 0, 0
14500, 445981, 1, 0, 0
15000, 445981, 1, 0, 0
15500, 446835, 1, 0, 0
16000, 445909, 1, 0, 0
16500, 445969, 1, 0, 0
17000, 445980, 1, 0, 0
17500, 445986, 1, 0, 0
18000, 445983, 1, 0, 0
18500, 445975, 1, 0, 0
19000, 445977, 1, 0, 0
19500, 445985, 1, 0, 0
20000, 445976, 1, 0, 0
20500, 445982, 1, 0, 0
21000, 446637, 1, 0, 0
21500, 445961, 1, 0, 0
22000, 445957, 1, 0, 0
22500, 445957, 1, 0, 0
23000, 445959, 1, 0, 0
23500, 445957, 1, 0, 0
24000, 445964, 1, 0, 0
24500, 445969, 1, 0, 0
25000, 445961, 1, 0, 0
25500, 445960, 1, 0, 0
26000, 446686, 1, 0, 0
26500, 445980, 1, 0, 0
27000, 445971, 1, 0, 0
27500, 445976, 1, 0, 0
28000, 445981, 1, 0, 0
28500, 445988, 1, 0, 0
29000, 445984, 1, 0, 0
29500, 445979, 1, 0, 0
30000, 445981, 1, 0, 0
30500, 445981, 1, 0, 0
31000, 446695, 1, 0, 0
31500, 445970, 1, 0, 0
32000, 445971, 1, 0, 0
32500, 445970, 1, 0, 0
33000, 445977, 1, 0, 0
33500, 445979, 1, 0, 0
34000, 445968, 1, 0, 0
34500, 445966, 1, 0, 0
35000, 445969, 1, 0, 0
35500, 445970, 1, 0, 0
36000, 445969, 1, 0, 0
36500, 446653, 1, 0, 0
37000, 445963, 1, 0, 0
37500, 445966, 1, 0, 0
38000, 445966, 1, 0, 0
38500, 445966, 1, 0, 0
39000, 445965, 1, 0, 0
39500, 445969, 1, 0, 0
40000, 445968, 1, 0, 0
40500, 445971, 1, 0, 0
41000, 445972, 1, 0, 0
41500, 446713, 1, 0, 0
42000, 445976, 1, 0, 0
42500, 445984, 1, 0, 0
43000, 445982, 1, 0, 0
43500, 445985, 1, 0, 0
44000, 445980, 1, 0, 0
44500, 445985, 1, 0, 0
45000, 445985, 1, 0, 0
45500, 445982, 1, 0, 0
46000, 445986, 1, 0, 0
46500, 446746, 1, 0, 0
47000, 445958, 1, 0, 0
47500, 445963, 1, 0, 0
48000, 445962, 1, 0, 0
48500, 445960, 1, 0, 0
49000, 445963, 1, 0, 0
49500, 445966, 1, 0, 0
50000, 445967, 1, 0, 0
50500, 445965, 1, 0, 0
51000, 445961, 1, 0, 0
51500, 446730, 1, 0, 0
52000, 445967, 1, 0, 0
52500, 445968, 1, 0, 0
53000, 445967, 1, 0, 0
53500, 445969, 1, 0, 0
54000, 445969, 1, 0, 0
54500, 445978, 1, 0, 0
55000, 445974, 1, 0, 0
55500, 445970, 1, 0, 0
56000, 445970, 1, 0, 0
56500, 445961, 1, 0, 0
57000, 446713, 1, 0, 0
57500, 445956, 1, 0, 0
58000, 445953, 1, 0, 0
58500, 445969, 1, 0, 0
59000, 445968, 1, 0, 0
59500, 445969, 1, 0, 0
60000, 445956, 1, 0, 0
60000, 649972, 1, 0, 0
