[83827.998765] KSC2026-MARK map16k_bs32k_r1 insmod 1791459590652601227
[83828.019007] NVMeVirt: Version 1.10 for >> Samsung 970 Pro SSD <<
[83828.019026] NVMeVirt: Storage: 0x300100000-0x600000000 (12287 MiB)
[83828.032539] NVMeVirt: Total Capacity(GiB,MiB)=3,3072 chs=2 luns=4 lines=384 blk-size(MiB,KiB)=2,2048 line-size(MiB,KiB)=8,8192
[83828.032543] NVMeVirt: KSC2026: mapping unit=16384 B, flash page=32768 B, oneshot page=32768 B, pgs_per_blk=128, blks_per_pl=384, write buffer=1048576 B
[83828.037453] NVMeVirt: [chmodel_init] bandwidth 800 max_credits 26 tx_time 152
[83828.040597] NVMeVirt: [chmodel_init] bandwidth 800 max_credits 26 tx_time 152
[83828.040609] NVMeVirt: [chmodel_init] bandwidth 3360 max_credits 110 tx_time 36
[83828.040938] NVMeVirt: pqueue: Copyright (c) 2014, Volkan Yazıcı <volkan.yazici@gmail.com>. All rights reserved.
[83828.040940] NVMeVirt: Init FTL instance with 2 channels (196608 pages)
[83828.044039] NVMeVirt: [chmodel_init] bandwidth 800 max_credits 26 tx_time 152
[83828.047127] NVMeVirt: [chmodel_init] bandwidth 800 max_credits 26 tx_time 152
[83828.047138] NVMeVirt: [chmodel_init] bandwidth 3360 max_credits 110 tx_time 36
[83828.047478] NVMeVirt: Init FTL instance with 2 channels (196608 pages)
[83828.050551] NVMeVirt: [chmodel_init] bandwidth 800 max_credits 26 tx_time 152
[83828.053629] NVMeVirt: [chmodel_init] bandwidth 800 max_credits 26 tx_time 152
[83828.053639] NVMeVirt: [chmodel_init] bandwidth 3360 max_credits 110 tx_time 36
[83828.053971] NVMeVirt: Init FTL instance with 2 channels (196608 pages)
[83828.057053] NVMeVirt: [chmodel_init] bandwidth 800 max_credits 26 tx_time 152
[83828.060097] NVMeVirt: [chmodel_init] bandwidth 800 max_credits 26 tx_time 152
[83828.060107] NVMeVirt: [chmodel_init] bandwidth 3360 max_credits 110 tx_time 36
[83828.060458] NVMeVirt: Init FTL instance with 2 channels (196608 pages)
[83828.060461] NVMeVirt: FTL physical space: 12883853312, logical space: 12040984403 (physical/logical * 100 = 107)
[83828.060462] NVMeVirt: KSC2026: WBUF_FIX=1 GC_STATS=1
[83828.060463] NVMeVirt: KSC2026: WBUF_MERGE=1 (one open mapping unit per partition merges writes smaller than 16384 B)
[83828.060463] NVMeVirt: ns 0/1: size 11483 MiB
[83828.060494] PCI host bridge to bus 0001:10
[83828.060495] pci_bus 0001:10: root bus resource [io  0x0000-0xffff]
[83828.060497] pci_bus 0001:10: root bus resource [mem 0x00000000-0x3fffffffffff]
[83828.060498] pci_bus 0001:10: root bus resource [bus 00-ff]
[83828.060504] pci 0001:10:00.0: [0c51:0110] type 00 class 0x010802 PCIe Endpoint
[83828.060506] pci 0001:10:00.0: BAR 0 [mem 0x300000000-0x300003fff 64bit]
[83828.060508] pci 0001:10:00.0: enabling Extended Tags
[83828.060603] NVMeVirt: Virtual PCI bus created (node 0)
[83828.060813] NVMeVirt: nvmev_io_worker_0 started on cpu 4 (node 0)
[83828.060990] NVMeVirt: nvmev_io_worker_1 started on cpu 5 (node 0)
[83828.061004] NVMeVirt: nvmev_dispatcher started on cpu 3 (node 0)
[83828.061083] nvme nvme1: pci function 0001:10:00.0
[83828.064444] nvme nvme1: 1/0/0 default/read/poll queues
[83828.066623] NVMeVirt: Virtual NVMe device created
[83834.104788] KSC2026-MARK map16k_bs32k_r1 fio-start 1791459596771269299
[83839.797951] NVMeVirt: KSC2026: first GC part=0 victim line=0 vpc=0 ipc=512 free_lines=2 host_pgs=194560
[83839.797958] NVMeVirt: KSC2026: first GC part=1 victim line=0 vpc=0 ipc=512 free_lines=2 host_pgs=194560
[83839.798013] NVMeVirt: KSC2026: first GC part=2 victim line=0 vpc=0 ipc=512 free_lines=2 host_pgs=194560
[83839.798017] NVMeVirt: KSC2026: first GC part=3 victim line=0 vpc=0 ipc=512 free_lines=2 host_pgs=194560
[83895.142188] KSC2026-MARK map16k_bs32k_r1 fio-end
[83895.147037] KSC2026-MARK map16k_bs32k_r1 rmmod 1791459657814720442
[83895.218167] pci_bus 0001:10: busn_res: [bus 10-ff] is released
[83895.218220] NVMeVirt: KSC2026: stats part=0 host_pgs=2143355 gc_pgs=0 gc_cnt=3807 free_lines=3
[83895.218221] NVMeVirt: KSC2026: stats part=1 host_pgs=2143355 gc_pgs=0 gc_cnt=3807 free_lines=3
[83895.218222] NVMeVirt: KSC2026: stats part=2 host_pgs=2143344 gc_pgs=0 gc_cnt=3807 free_lines=3
[83895.218223] NVMeVirt: KSC2026: stats part=3 host_pgs=2143344 gc_pgs=0 gc_cnt=3807 free_lines=3
[83895.218223] NVMeVirt: KSC2026: merge part=0 open=0 merge=0 full=0 evict=0 direct=2143355 still_open=0
[83895.218224] NVMeVirt: KSC2026: merge part=1 open=0 merge=0 full=0 evict=0 direct=2143355 still_open=0
[83895.218225] NVMeVirt: KSC2026: merge part=2 open=0 merge=0 full=0 evict=0 direct=2143344 still_open=0
[83895.218225] NVMeVirt: KSC2026: merge part=3 open=0 merge=0 full=0 evict=0 direct=2143344 still_open=0
[83895.245520] NVMeVirt: Virtual NVMe device closed
