500, 447200, 1, 0, 0
1000, 447612, 1, 0, 0
1500, 447614, 1, 0, 0
2000, 447613, 1, 0, 0
2500, 447613, 1, 0, 0
3000, 447613, 1, 0, 0
3500, 447613, 1, 0, 0
4000, 447613, 1, 0, 0
4500, 447615, 1, 0, 0
5000, 447614, 1, 0, 0
5500, 473046, 1, 0, 0
6000, 1293283, 1, 0, 0
6501, 1259802, 1, 0, 0
7000, 1304068, 1, 0, 0
7503, 1252830, 1, 0, 0
8000, 1294513, 1, 0, 0
8506, 1262869, 1, 0, 0
9003, 1294532, 1, 0, 0
9500, 1269298, 1, 0, 0
10000, 1280280, 1, 0, 0
10500, 1288121, 1, 0, 0
11001, 1260322, 1, 0, 0
11500, 1306187, 1, 0, 0
12004, 1251503, 1, 0, 0
12501, 1294533, 1, 0, 0
13000, 1262570, 1, 0, 0
13503, 1294803, 1, 0, 0
14000, 1272458, 1, 0, 0
14500, 1268527, 1, 0, 0
15000, 1299921, 1, 0, 0
15502, 1257194, 1, 0, 0
16000, 1295713, 1, 0, 0
16505, 1261730, 1, 0, 0
17002, 1294511, 1, 0, 0
17500, 1264842, 1, 0, 0
18004, 1292417, 1, 0, 0
18500, 1276012, 1, 0, 0
19001, 1264925, 1, 0, 0
19500, 1110741, 1, 0, 0
20000, 961958, 1, 0, 0
20500, 886780, 1, 0, 0
21001, 1981441, 1, 0, 0
21500, 2115127, 1, 0, 0
22003, 2098380, 1, 0, 0
22500, 2147421, 1, 0, 0
23000, 2085931, 1, 0, 0
23500, 2116083, 1, 0, 0
24000, 2100191, 1, 0, 0
24500, 2097194, 1, 0, 0
25000, 2104929, 1, 0, 0
25500, 2113610, 1, 0, 0
26005, 2105477, 1, 0, 0
26501, 2100318, 1, 0, 0
27000, 2106763, 1, 0, 0
27500, 2120155, 1, 0, 0
28000, 2092660, 1, 0, 0
28501, 2119578, 1, 0, 0
29000, 2108252, 1, 0, 0
29501, 2101923, 1, 0, 0
30001, 2118557, 1, 0, 0
30502, 2093577, 1, 0, 0
31000, 2127979, 1, 0, 0
31500, 2101581, 1, 0, 0
32000, 2114471, 1, 0, 0
32500, 2096823, 1, 0, 0
33000, 2120354, 1, 0, 0
33502, 2088189, 1, 0, 0
34000, 2123505, 1, 0, 0
34504, 2096117, 1, 0, 0
35000, 2099551, 1, 0, 0
35503, 2108694, 1, 0, 0
36000, 2115680, 1, 0, 0
36504, 2092267, 1, 0, 0
37000, 2139170, 1, 0, 0
37500, 2084743, 1, 0, 0
38000, 2108805, 1, 0, 0
38500, 2112854, 1, 0, 0
39000, 2102066, 1, 0, 0
39502, 2092998, 1, 0, 0
40000, 2123211, 1, 0, 0
40504, 2100225, 1, 0, 0
41001, 2102134, 1, 0, 0
41504, 2107015, 1, 0, 0
42000, 2115191, 1, 0, 0
42504, 2093459, 1, 0, 0
43000, 2137577, 1, 0, 0
43500, 1632849, 1, 0, 0
44006, 1908888, 1, 0, 0
44500, 1835198, 1, 0, 0
45004, 1833387, 1, 0, 0
45503, 1834959, 1, 0, 0
46001, 1830739, 1, 0, 0
46500, 1834694, 1, 0, 0
47000, 1839243, 1, 0, 0
47500, 1840892, 1, 0, 0
48000, 1841440, 1, 0, 0
48500, 1812136, 1, 0, 0
49000, 1833282, 1, 0, 0
49500, 1831707, 1, 0, 0
50000, 1821173, 1, 0, 0
50500, 1848262, 1, 0, 0
51004, 1820317, 1, 0, 0
51500, 1843849, 1, 0, 0
52001, 1824015, 1, 0, 0
52505, 1844909, 1, 0, 0
53000, 1824157, 1, 0, 0
53503, 1844269, 1, 0, 0
54000, 1839479, 1, 0, 0
54501, 1831016, 1, 0, 0
55002, 1838515, 1, 0, 0
55500, 1833164, 1, 0, 0
56000, 1836291, 1, 0, 0
56500, 1842488, 1, 0, 0
57000, 1830887, 1, 0, 0
57506, 1827947, 1, 0, 0
58000, 1833825, 1, 0, 0
58503, 1832708, 1, 0, 0
59002, 1835773, 1, 0, 0
59501, 1832989, 1, 0, 0
60000, 1834438, 1, 0, 0
60001, 5903482, 1, 0, 0
