500, 1144320, 1, 0, 0
1000, 1143296, 1, 0, 0
1500, 1143296, 1, 0, 0
2000, 1143296, 1, 0, 0
2500, 1143456, 1, 0, 0
3000, 1143584, 1, 0, 0
3500, 1143360, 1, 0, 0
4000, 1143296, 1, 0, 0
4500, 1143296, 1, 0, 0
5000, 1143296, 1, 0, 0
5500, 1067520, 1, 0, 0
6000, 401952, 1, 0, 0
6500, 400864, 1, 0, 0
7000, 398144, 1, 0, 0
7500, 404672, 1, 0, 0
8000, 394240, 1, 0, 0
8500, 408576, 1, 0, 0
9000, 394240, 1, 0, 0
9500, 406944, 1, 0, 0
10000, 395840, 1, 0, 0
10500, 401376, 1, 0, 0
11000, 400448, 1, 0, 0
11500, 397088, 1, 0, 0
12000, 405728, 1, 0, 0
12500, 394240, 1, 0, 0
13000, 409138, 1, 0, 0
13500, 394496, 1, 0, 0
14000, 403392, 1, 0, 0
14500, 398400, 1, 0, 0
15000, 399136, 1, 0, 0
15500, 403680, 1, 0, 0
16000, 394528, 1, 0, 0
16500, 408288, 1, 0, 0
17000, 394240, 1, 0, 0
17500, 407840, 1, 0, 0
18000, 394976, 1, 0, 0
18500, 402368, 1, 0, 0
19000, 399424, 1, 0, 0
19500, 465696, 1, 0, 0
20000, 532128, 1, 0, 0
20500, 577536, 1, 0, 0
21000, 255936, 1, 0, 0
21500, 242784, 1, 0, 0
22000, 243968, 1, 0, 0
22500, 240608, 1, 0, 0
23000, 245024, 1, 0, 0
23500, 242688, 1, 0, 0
24000, 243072, 1, 0, 0
24500, 242208, 1, 0, 0
25000, 244576, 1, 0, 0
25500, 240768, 1, 0, 0
26000, 243648, 1, 0, 0
26500, 244000, 1, 0, 0
27000, 243008, 1, 0, 0
27500, 242464, 1, 0, 0
28000, 244288, 1, 0, 0
28500, 238656, 1, 0, 0
29000, 245824, 1, 0, 0
29500, 241667, 1, 0, 0
30000, 242784, 1, 0, 0
30500, 243968, 1, 0, 0
31000, 242528, 1, 0, 0
31500, 243424, 1, 0, 0
32000, 242432, 1, 0, 0
32500, 243936, 1, 0, 0
33000, 241600, 1, 0, 0
33500, 244256, 1, 0, 0
34000, 242304, 1, 0, 0
34500, 242112, 1, 0, 0
35000, 244096, 1, 0, 0
35500, 242912, 1, 0, 0
36000, 242784, 1, 0, 0
36500, 243968, 1, 0, 0
37000, 241216, 1, 0, 0
37500, 244832, 1, 0, 0
38000, 243072, 1, 0, 0
38500, 242496, 1, 0, 0
39000, 243584, 1, 0, 0
39500, 242976, 1, 0, 0
40000, 241952, 1, 0, 0
40500, 242464, 1, 0, 0
41000, 244000, 1, 0, 0
41500, 243008, 1, 0, 0
42000, 242784, 1, 0, 0
42500, 243968, 1, 0, 0
43000, 240832, 1, 0, 0
43500, 313024, 1, 0, 0
44001, 268160, 1, 0, 0
44500, 279374, 1, 0, 0
45000, 278240, 1, 0, 0
45500, 279776, 1, 0, 0
46000, 277280, 1, 0, 0
46500, 279776, 1, 0, 0
47000, 277728, 1, 0, 0
47500, 280928, 1, 0, 0
48000, 278080, 1, 0, 0
48500, 282464, 1, 0, 0
49000, 279808, 1, 0, 0
49500, 278368, 1, 0, 0
50000, 281536, 1, 0, 0
50500, 277440, 1, 0, 0
51000, 280032, 1, 0, 0
51500, 278144, 1, 0, 0
52000, 278912, 1, 0, 0
52500, 278528, 1, 0, 0
53000, 278976, 1, 0, 0
53500, 278080, 1, 0, 0
54000, 280448, 1, 0, 0
54500, 276608, 1, 0, 0
55000, 280576, 1, 0, 0
55500, 277216, 1, 0, 0
56000, 279840, 1, 0, 0
56500, 280448, 1, 0, 0
57000, 279680, 1, 0, 0
57500, 278912, 1, 0, 0
58000, 279584, 1, 0, 0
58500, 277472, 1, 0, 0
59000, 279776, 1, 0, 0
59500, 277280, 1, 0, 0
60000, 279808, 1, 0, 0
