500, 71520, 1, 0, 0
1000, 71456, 1, 0, 0
1500, 71456, 1, 0, 0
2000, 71456, 1, 0, 0
2500, 71466, 1, 0, 0
3000, 71474, 1, 0, 0
3500, 71460, 1, 0, 0
4000, 71456, 1, 0, 0
4500, 71456, 1, 0, 0
5000, 71456, 1, 0, 0
5500, 66720, 1, 0, 0
6000, 25124, 1, 0, 0
6500, 25052, 1, 0, 0
7000, 24884, 1, 0, 0
7500, 25292, 1, 0, 0
8000, 24640, 1, 0, 0
8500, 25536, 1, 0, 0
9000, 24640, 1, 0, 0
9500, 25434, 1, 0, 0
10000, 24740, 1, 0, 0
10500, 25086, 1, 0, 0
11000, 25028, 1, 0, 0
11500, 24818, 1, 0, 0
12000, 25358, 1, 0, 0
12500, 24640, 1, 0, 0
13000, 25571, 1, 0, 0
13500, 24656, 1, 0, 0
14000, 25212, 1, 0, 0
14500, 24900, 1, 0, 0
15000, 24946, 1, 0, 0
15500, 25230, 1, 0, 0
16000, 24658, 1, 0, 0
16500, 25518, 1, 0, 0
17000, 24640, 1, 0, 0
17500, 25490, 1, 0, 0
18000, 24686, 1, 0, 0
18500, 25148, 1, 0, 0
19000, 24964, 1, 0, 0
19500, 29106, 1, 0, 0
20000, 33258, 1, 0, 0
20500, 36096, 1, 0, 0
21000, 15996, 1, 0, 0
21500, 15174, 1, 0, 0
22000, 15248, 1, 0, 0
22500, 15038, 1, 0, 0
23000, 15314, 1, 0, 0
23500, 15168, 1, 0, 0
24000, 15192, 1, 0, 0
24500, 15138, 1, 0, 0
25000, 15286, 1, 0, 0
25500, 15048, 1, 0, 0
26000, 15228, 1, 0, 0
26500, 15250, 1, 0, 0
27000, 15188, 1, 0, 0
27500, 15154, 1, 0, 0
28000, 15268, 1, 0, 0
28500, 14916, 1, 0, 0
29000, 15364, 1, 0, 0
29500, 15104, 1, 0, 0
30000, 15174, 1, 0, 0
30500, 15248, 1, 0, 0
31000, 15158, 1, 0, 0
31500, 15214, 1, 0, 0
32000, 15152, 1, 0, 0
32500, 15246, 1, 0, 0
33000, 15100, 1, 0, 0
33500, 15266, 1, 0, 0
34000, 15144, 1, 0, 0
34500, 15132, 1, 0, 0
35000, 15256, 1, 0, 0
35500, 15182, 1, 0, 0
36000, 15174, 1, 0, 0
36500, 15248, 1, 0, 0
37000, 15076, 1, 0, 0
37500, 15302, 1, 0, 0
38000, 15192, 1, 0, 0
38500, 15156, 1, 0, 0
39000, 15224, 1, 0, 0
39500, 15186, 1, 0, 0
40000, 15122, 1, 0, 0
40500, 15154, 1, 0, 0
41000, 15250, 1, 0, 0
41500, 15188, 1, 0, 0
42000, 15174, 1, 0, 0
42500, 15248, 1, 0, 0
43000, 15052, 1, 0, 0
43500, 19564, 1, 0, 0
44001, 16760, 1, 0, 0
44500, 17460, 1, 0, 0
45000, 17390, 1, 0, 0
45500, 17486, 1, 0, 0
46000, 17330, 1, 0, 0
46500, 17486, 1, 0, 0
47000, 17358, 1, 0, 0
47500, 17558, 1, 0, 0
48000, 17380, 1, 0, 0
48500, 17654, 1, 0, 0
49000, 17488, 1, 0, 0
49500, 17398, 1, 0, 0
50000, 17596, 1, 0, 0
50500, 17340, 1, 0, 0
51000, 17502, 1, 0, 0
51500, 17384, 1, 0, 0
52000, 17432, 1, 0, 0
52500, 17408, 1, 0, 0
53000, 17436, 1, 0, 0
53500, 17380, 1, 0, 0
54000, 17528, 1, 0, 0
54500, 17288, 1, 0, 0
55000, 17536, 1, 0, 0
55500, 17326, 1, 0, 0
56000, 17490, 1, 0, 0
56500, 17528, 1, 0, 0
57000, 17480, 1, 0, 0
57500, 17432, 1, 0, 0
58000, 17474, 1, 0, 0
58500, 17342, 1, 0, 0
59000, 17486, 1, 0, 0
59500, 17330, 1, 0, 0
60000, 17488, 1, 0, 0
