500, 1245, 1, 0, 0
1000, 1238, 1, 0, 0
1500, 1227, 1, 0, 0
2000, 1225, 1, 0, 0
2500, 1221, 1, 0, 0
3000, 1223, 1, 0, 0
3500, 1238, 1, 0, 0
4000, 1237, 1, 0, 0
4500, 1236, 1, 0, 0
5000, 1235, 1, 0, 0
5500, 1238, 1, 0, 0
6000, 1241, 1, 0, 0
6501, 1237, 1, 0, 0
7000, 1223, 1, 0, 0
7503, 1227, 1, 0, 0
8000, 1235, 1, 0, 0
8506, 1240, 1, 0, 0
9003, 1247, 1, 0, 0
9500, 1222, 1, 0, 0
10000, 1227, 1, 0, 0
10500, 1223, 1, 0, 0
11001, 1243, 1, 0, 0
11500, 1250, 1, 0, 0
12004, 1240, 1, 0, 0
12501, 1247, 1, 0, 0
13000, 1232, 1, 0, 0
13503, 1221, 1, 0, 0
14000, 1241, 1, 0, 0
14500, 1239, 1, 0, 0
15000, 1237, 1, 0, 0
15502, 1241, 1, 0, 0
16000, 1240, 1, 0, 0
16505, 1238, 1, 0, 0
17002, 1246, 1, 0, 0
17500, 1244, 1, 0, 0
18004, 1232, 1, 0, 0
18500, 1228, 1, 0, 0
19001, 1228, 1, 0, 0
19500, 1443, 1, 0, 0
20000, 1286, 1, 0, 0
20500, 1272, 1, 0, 0
21001, 1277, 1, 0, 0
21500, 1280, 1, 0, 0
22003, 1273, 1, 0, 0
22500, 1264, 1, 0, 0
23000, 1271, 1, 0, 0
23500, 1271, 1, 0, 0
24000, 1271, 1, 0, 0
24500, 1270, 1, 0, 0
25000, 1273, 1, 0, 0
25500, 1273, 1, 0, 0
26005, 1278, 1, 0, 0
26501, 1284, 1, 0, 0
27000, 1277, 1, 0, 0
27500, 1290, 1, 0, 0
28000, 1286, 1, 0, 0
28501, 1289, 1, 0, 0
29000, 1285, 1, 0, 0
29501, 1283, 1, 0, 0
30001, 1281, 1, 0, 0
30502, 1284, 1, 0, 0
31000, 1286, 1, 0, 0
31500, 1283, 1, 0, 0
32000, 1291, 1, 0, 0
32500, 1266, 1, 0, 0
33000, 1279, 1, 0, 0
33502, 1288, 1, 0, 0
34000, 1287, 1, 0, 0
34504, 1268, 1, 0, 0
35000, 1269, 1, 0, 0
35503, 1272, 1, 0, 0
36000, 1268, 1, 0, 0
36504, 1273, 1, 0, 0
37000, 1290, 1, 0, 0
37500, 1295, 1, 0, 0
38000, 1290, 1, 0, 0
38500, 1288, 1, 0, 0
39000, 1290, 1, 0, 0
39502, 1293, 1, 0, 0
40000, 1291, 1, 0, 0
40504, 1288, 1, 0, 0
41001, 1291, 1, 0, 0
41504, 1289, 1, 0, 0
42000, 1284, 1, 0, 0
42504, 1276, 1, 0, 0
43000, 1280, 1, 0, 0
43500, 1289, 1, 0, 0
44006, 1299, 1, 0, 0
44500, 1281, 1, 0, 0
45004, 1283, 1, 0, 0
45503, 1287, 1, 0, 0
46001, 1276, 1, 0, 0
46500, 1281, 1, 0, 0
47000, 1292, 1, 0, 0
47500, 1292, 1, 0, 0
48000, 1284, 1, 0, 0
48500, 1276, 1, 0, 0
49000, 1269, 1, 0, 0
49500, 1272, 1, 0, 0
50000, 1270, 1, 0, 0
50500, 1271, 1, 0, 0
51004, 1267, 1, 0, 0
51500, 1273, 1, 0, 0
52001, 1266, 1, 0, 0
52505, 1267, 1, 0, 0
53000, 1272, 1, 0, 0
53503, 1272, 1, 0, 0
54000, 1276, 1, 0, 0
54501, 1277, 1, 0, 0
55002, 1276, 1, 0, 0
55500, 1272, 1, 0, 0
56000, 1273, 1, 0, 0
56500, 1271, 1, 0, 0
57000, 1276, 1, 0, 0
57506, 1277, 1, 0, 0
58000, 1272, 1, 0, 0
58503, 1275, 1, 0, 0
59002, 1265, 1, 0, 0
59501, 1264, 1, 0, 0
60001, 1268, 1, 0, 0
