500, 2288192, 1, 0, 0
1000, 2286880, 1, 0, 0
1500, 2286592, 1, 0, 0
2000, 2287008, 1, 0, 0
2500, 2286944, 1, 0, 0
3000, 2286816, 1, 0, 0
3500, 2286720, 1, 0, 0
4000, 2287104, 1, 0, 0
4500, 2286976, 1, 0, 0
5000, 2286656, 1, 0, 0
5500, 2110656, 1, 0, 0
6000, 121856, 1, 0, 0
6500, 126976, 1, 0, 0
7000, 139286, 1, 0, 0
7500, 141824, 1, 0, 0
8000, 156928, 1, 0, 0
8500, 160000, 1, 0, 0
9000, 176640, 1, 0, 0
9500, 179456, 1, 0, 0
10000, 207616, 1, 0, 0
10500, 202496, 1, 0, 0
11000, 223744, 1, 0, 0
11500, 228256, 1, 0, 0
12000, 246880, 1, 0, 0
12500, 252160, 1, 0, 0
13000, 201472, 1, 0, 0
13500, 210688, 1, 0, 0
14000, 208128, 1, 0, 0
14500, 222976, 1, 0, 0
15000, 227840, 1, 0, 0
15500, 226816, 1, 0, 0
16000, 240640, 1, 0, 0
16500, 231936, 1, 0, 0
17000, 244736, 1, 0, 0
17500, 249856, 1, 0, 0
18000, 241664, 1, 0, 0
18500, 247552, 1, 0, 0
19000, 253952, 1, 0, 0
19500, 248048, 1, 0, 0
20000, 260352, 1, 0, 0
20500, 264128, 1, 0, 0
21000, 258880, 1, 0, 0
21500, 271104, 1, 0, 0
22000, 275904, 1, 0, 0
22500, 270656, 1, 0, 0
23000, 286720, 1, 0, 0
23500, 288768, 1, 0, 0
24000, 291008, 1, 0, 0
24500, 293184, 1, 0, 0
25000, 306176, 1, 0, 0
25500, 310016, 1, 0, 0
26000, 319744, 1, 0, 0
26500, 313408, 1, 0, 0
27000, 329152, 1, 0, 0
27500, 339456, 1, 0, 0
28000, 342272, 1, 0, 0
28500, 353280, 1, 0, 0
29000, 359936, 1, 0, 0
29500, 369632, 1, 0, 0
30000, 385248, 1, 0, 0
30500, 397402, 1, 0, 0
31000, 413888, 1, 0, 0
31500, 421952, 1, 0, 0
32000, 455680, 1, 0, 0
32500, 460544, 1, 0, 0
33000, 486912, 1, 0, 0
33500, 507904, 1, 0, 0
34000, 539008, 1, 0, 0
34500, 584576, 1, 0, 0
35000, 607232, 1, 0, 0
35500, 684032, 1, 0, 0
36000, 759168, 1, 0, 0
36500, 867712, 1, 0, 0
37000, 1056384, 1, 0, 0
37500, 1548128, 1, 0, 0
38000, 1457184, 1, 0, 0
38500, 129280, 1, 0, 0
39000, 130304, 1, 0, 0
39500, 142592, 1, 0, 0
40000, 145408, 1, 0, 0
40500, 154164, 1, 0, 0
41000, 169984, 1, 0, 0
41500, 174080, 1, 0, 0
42000, 192256, 1, 0, 0
42500, 198144, 1, 0, 0
43000, 214016, 1, 0, 0
43500, 229056, 1, 0, 0
44000, 233280, 1, 0, 0
44500, 253696, 1, 0, 0
45000, 238208, 1, 0, 0
45500, 207744, 1, 0, 0
46000, 211968, 1, 0, 0
46500, 208128, 1, 0, 0
47000, 223488, 1, 0, 0
47500, 218368, 1, 0, 0
48000, 235520, 1, 0, 0
48500, 236608, 1, 0, 0
49000, 236480, 1, 0, 0
49500, 246528, 1, 0, 0
50000, 245920, 1, 0, 0
50500, 242784, 1, 0, 0
51000, 255488, 1, 0, 0
51500, 246080, 1, 0, 0
52000, 250304, 1, 0, 0
52500, 256000, 1, 0, 0
53000, 250368, 1, 0, 0
53500, 270108, 1, 0, 0
54000, 272896, 1, 0, 0
54500, 268736, 1, 0, 0
55000, 283712, 1, 0, 0
55500, 286464, 1, 0, 0
56000, 293120, 1, 0, 0
56500, 289728, 1, 0, 0
57000, 298304, 1, 0, 0
57500, 306176, 1, 0, 0
58000, 311808, 1, 0, 0
58500, 313152, 1, 0, 0
59000, 325056, 1, 0, 0
59500, 334336, 1, 0, 0
60000, 336896, 1, 0, 0
