500, 223569, 1, 0, 0
1000, 223684, 1, 0, 0
1500, 223683, 1, 0, 0
2000, 223681, 1, 0, 0
2500, 223678, 1, 0, 0
3000, 223676, 1, 0, 0
3500, 223679, 1, 0, 0
4000, 223679, 1, 0, 0
4500, 223676, 1, 0, 0
5000, 223669, 1, 0, 0
5500, 241982, 1, 0, 0
6010, 4121380, 1, 0, 0
6503, 3979064, 1, 0, 0
7014, 3764332, 1, 0, 0
7505, 3548290, 1, 0, 0
8015, 3327333, 1, 0, 0
8506, 3137750, 1, 0, 0
9015, 2958218, 1, 0, 0
9505, 2796945, 1, 0, 0
10014, 2510041, 1, 0, 0
10504, 2475768, 1, 0, 0
11011, 2320461, 1, 0, 0
11500, 2199934, 1, 0, 0
12006, 2096704, 1, 0, 0
12514, 2058581, 1, 0, 0
13004, 2485841, 1, 0, 0
13512, 2472913, 1, 0, 0
14001, 2404378, 1, 0, 0
14509, 2334073, 1, 0, 0
15000, 2278999, 1, 0, 0
15504, 2205371, 1, 0, 0
16012, 2162002, 1, 0, 0
16501, 2155844, 1, 0, 0
17008, 2121654, 1, 0, 0
17515, 2079589, 1, 0, 0
18002, 2060786, 1, 0, 0
18508, 2094392, 1, 0, 0
19015, 2046588, 1, 0, 0
19503, 2015143, 1, 0, 0
20009, 1990608, 1, 0, 0
20500, 1965246, 1, 0, 0
21004, 1930253, 1, 0, 0
21511, 1913371, 1, 0, 0
22000, 1880971, 1, 0, 0
22503, 1835432, 1, 0, 0
23007, 1799648, 1, 0, 0
23512, 1791832, 1, 0, 0
24000, 1783639, 1, 0, 0
24502, 1687392, 1, 0, 0
25006, 1686135, 1, 0, 0
25511, 1668010, 1, 0, 0
26015, 1614664, 1, 0, 0
26500, 1585469, 1, 0, 0
27002, 1562595, 1, 0, 0
27505, 1516806, 1, 0, 0
28010, 1509663, 1, 0, 0
28512, 1456791, 1, 0, 0
29000, 1430412, 1, 0, 0
29500, 1399263, 1, 0, 0
30000, 1326904, 1, 0, 0
30500, 1278548, 1, 0, 0
31000, 1237671, 1, 0, 0
31500, 1214388, 1, 0, 0
32014, 1121633, 1, 0, 0
32512, 1107521, 1, 0, 0
33009, 1045056, 1, 0, 0
33504, 999120, 1, 0, 0
34000, 969830, 1, 0, 0
34511, 870085, 1, 0, 0
35001, 828025, 1, 0, 0
35509, 759795, 1, 0, 0
36000, 679576, 1, 0, 0
36509, 587673, 1, 0, 0
37000, 486767, 1, 0, 0
37500, 330524, 1, 0, 0
38003, 340655, 1, 0, 0
38514, 4051715, 1, 0, 0
39006, 3865624, 1, 0, 0
39500, 3667467, 1, 0, 0
40009, 3463691, 1, 0, 0
40500, 3267239, 1, 0, 0
41010, 3072890, 1, 0, 0
41500, 2885590, 1, 0, 0
42011, 2717233, 1, 0, 0
42500, 2622650, 1, 0, 0
43009, 2347810, 1, 0, 0
43500, 2279759, 1, 0, 0
44005, 2137603, 1, 0, 0
44512, 2046686, 1, 0, 0
45000, 2095859, 1, 0, 0
45507, 2499801, 1, 0, 0
46016, 2459369, 1, 0, 0
46505, 2403989, 1, 0, 0
47013, 2325148, 1, 0, 0
47501, 2292714, 1, 0, 0
48009, 2206835, 1, 0, 0
48500, 2217887, 1, 0, 0
49005, 2096212, 1, 0, 0
49510, 2096416, 1, 0, 0
50000, 2127344, 1, 0, 0
50505, 2045273, 1, 0, 0
51012, 2030401, 1, 0, 0
51500, 2056179, 1, 0, 0
52007, 2045686, 1, 0, 0
52515, 2032173, 1, 0, 0
53001, 1989670, 1, 0, 0
53507, 1923452, 1, 0, 0
54013, 1895942, 1, 0, 0
54500, 1918323, 1, 0, 0
55003, 1758460, 1, 0, 0
55508, 1803055, 1, 0, 0
56014, 1768450, 1, 0, 0
56500, 1749612, 1, 0, 0
57004, 1697228, 1, 0, 0
57509, 1689944, 1, 0, 0
58013, 1656279, 1, 0, 0
58500, 1651511, 1, 0, 0
59001, 1523440, 1, 0, 0
59505, 1542023, 1, 0, 0
60007, 1525274, 1, 0, 0
60008, 16644490, 1, 0, 0
