500, 1390, 1, 0, 0
1000, 1203, 1, 0, 0
1500, 1199, 1, 0, 0
2000, 1194, 1, 0, 0
2500, 1187, 1, 0, 0
3000, 1197, 1, 0, 0
3500, 1201, 1, 0, 0
4000, 1198, 1, 0, 0
4500, 1198, 1, 0, 0
5000, 1201, 1, 0, 0
5500, 1193, 1, 0, 0
6010, 1213, 1, 0, 0
6503, 1211, 1, 0, 0
7014, 1205, 1, 0, 0
7505, 1208, 1, 0, 0
8015, 1219, 1, 0, 0
8506, 1213, 1, 0, 0
9015, 1213, 1, 0, 0
9505, 1211, 1, 0, 0
10014, 1214, 1, 0, 0
10504, 1212, 1, 0, 0
11011, 1218, 1, 0, 0
11500, 1216, 1, 0, 0
12006, 1215, 1, 0, 0
12514, 1216, 1, 0, 0
13004, 1214, 1, 0, 0
13512, 1214, 1, 0, 0
14001, 1219, 1, 0, 0
14509, 1213, 1, 0, 0
15000, 1209, 1, 0, 0
15504, 1203, 1, 0, 0
16012, 1210, 1, 0, 0
16501, 1211, 1, 0, 0
17008, 1209, 1, 0, 0
17515, 1213, 1, 0, 0
18002, 1216, 1, 0, 0
18508, 1207, 1, 0, 0
19015, 1213, 1, 0, 0
19503, 1213, 1, 0, 0
20009, 1211, 1, 0, 0
20500, 1208, 1, 0, 0
21004, 1209, 1, 0, 0
21511, 1203, 1, 0, 0
22000, 1218, 1, 0, 0
22503, 1211, 1, 0, 0
23007, 1211, 1, 0, 0
23512, 1211, 1, 0, 0
24000, 1213, 1, 0, 0
24502, 1205, 1, 0, 0
25006, 1209, 1, 0, 0
25511, 1210, 1, 0, 0
26015, 1211, 1, 0, 0
26500, 1205, 1, 0, 0
27002, 1211, 1, 0, 0
27505, 1208, 1, 0, 0
28010, 1214, 1, 0, 0
28512, 1219, 1, 0, 0
29000, 1221, 1, 0, 0
29500, 1221, 1, 0, 0
30000, 1213, 1, 0, 0
30500, 1217, 1, 0, 0
31000, 1219, 1, 0, 0
31500, 1214, 1, 0, 0
32014, 1215, 1, 0, 0
32512, 1216, 1, 0, 0
33009, 1210, 1, 0, 0
33504, 1207, 1, 0, 0
34000, 1211, 1, 0, 0
34511, 1211, 1, 0, 0
35001, 1218, 1, 0, 0
35509, 1221, 1, 0, 0
36000, 1213, 1, 0, 0
36509, 1211, 1, 0, 0
37000, 1207, 1, 0, 0
37500, 1215, 1, 0, 0
38003, 1212, 1, 0, 0
38514, 1220, 1, 0, 0
39006, 1212, 1, 0, 0
39500, 1216, 1, 0, 0
40009, 1216, 1, 0, 0
40500, 1215, 1, 0, 0
41010, 1219, 1, 0, 0
41500, 1213, 1, 0, 0
42011, 1219, 1, 0, 0
42500, 1213, 1, 0, 0
43009, 1214, 1, 0, 0
43500, 1215, 1, 0, 0
44005, 1211, 1, 0, 0
44512, 1216, 1, 0, 0
45000, 1223, 1, 0, 0
45507, 1218, 1, 0, 0
46016, 1218, 1, 0, 0
46505, 1217, 1, 0, 0
47013, 1216, 1, 0, 0
47501, 1217, 1, 0, 0
48009, 1214, 1, 0, 0
48500, 1215, 1, 0, 0
49005, 1212, 1, 0, 0
49510, 1218, 1, 0, 0
50000, 1218, 1, 0, 0
50505, 1224, 1, 0, 0
51012, 1218, 1, 0, 0
51500, 1214, 1, 0, 0
52007, 1217, 1, 0, 0
52515, 1220, 1, 0, 0
53001, 1220, 1, 0, 0
53507, 1221, 1, 0, 0
54013, 1217, 1, 0, 0
54500, 1211, 1, 0, 0
55003, 1212, 1, 0, 0
55508, 1223, 1, 0, 0
56014, 1211, 1, 0, 0
56500, 1216, 1, 0, 0
57004, 1216, 1, 0, 0
57509, 1217, 1, 0, 0
58013, 1225, 1, 0, 0
58500, 1223, 1, 0, 0
59001, 1219, 1, 0, 0
59505, 1218, 1, 0, 0
60008, 1217, 1, 0, 0
