500, 143022, 1, 0, 0
1000, 142930, 1, 0, 0
1500, 142914, 1, 0, 0
2000, 142938, 1, 0, 0
2500, 142934, 1, 0, 0
3000, 142926, 1, 0, 0
3500, 142920, 1, 0, 0
4000, 142944, 1, 0, 0
4500, 142936, 1, 0, 0
5000, 142916, 1, 0, 0
5500, 131916, 1, 0, 0
6000, 7616, 1, 0, 0
6500, 7936, 1, 0, 0
7000, 8705, 1, 0, 0
7500, 8864, 1, 0, 0
8000, 9808, 1, 0, 0
8500, 10000, 1, 0, 0
9000, 11040, 1, 0, 0
9500, 11216, 1, 0, 0
10000, 12976, 1, 0, 0
10500, 12656, 1, 0, 0
11000, 13984, 1, 0, 0
11500, 14266, 1, 0, 0
12000, 15430, 1, 0, 0
12500, 15760, 1, 0, 0
13000, 12592, 1, 0, 0
13500, 13168, 1, 0, 0
14000, 13008, 1, 0, 0
14500, 13936, 1, 0, 0
15000, 14240, 1, 0, 0
15500, 14176, 1, 0, 0
16000, 15040, 1, 0, 0
16500, 14496, 1, 0, 0
17000, 15296, 1, 0, 0
17500, 15616, 1, 0, 0
18000, 15104, 1, 0, 0
18500, 15472, 1, 0, 0
19000, 15872, 1, 0, 0
19500, 15503, 1, 0, 0
20000, 16272, 1, 0, 0
20500, 16508, 1, 0, 0
21000, 16180, 1, 0, 0
21500, 16944, 1, 0, 0
22000, 17244, 1, 0, 0
22500, 16916, 1, 0, 0
23000, 17920, 1, 0, 0
23500, 18048, 1, 0, 0
24000, 18188, 1, 0, 0
24500, 18324, 1, 0, 0
25000, 19136, 1, 0, 0
25500, 19376, 1, 0, 0
26000, 19984, 1, 0, 0
26500, 19588, 1, 0, 0
27000, 20572, 1, 0, 0
27500, 21216, 1, 0, 0
28000, 21392, 1, 0, 0
28500, 22080, 1, 0, 0
29000, 22496, 1, 0, 0
29500, 23102, 1, 0, 0
30000, 24078, 1, 0, 0
30500, 24837, 1, 0, 0
31000, 25868, 1, 0, 0
31500, 26372, 1, 0, 0
32000, 28480, 1, 0, 0
32500, 28784, 1, 0, 0
33000, 30432, 1, 0, 0
33500, 31744, 1, 0, 0
34000, 33688, 1, 0, 0
34500, 36536, 1, 0, 0
35000, 37952, 1, 0, 0
35500, 42752, 1, 0, 0
36000, 47448, 1, 0, 0
36500, 54232, 1, 0, 0
37000, 66024, 1, 0, 0
37500, 96758, 1, 0, 0
38000, 91074, 1, 0, 0
38500, 8080, 1, 0, 0
39000, 8144, 1, 0, 0
39500, 8912, 1, 0, 0
40000, 9088, 1, 0, 0
40500, 9635, 1, 0, 0
41000, 10624, 1, 0, 0
41500, 10880, 1, 0, 0
42000, 12016, 1, 0, 0
42500, 12384, 1, 0, 0
43000, 13376, 1, 0, 0
43500, 14318, 1, 0, 0
44000, 14578, 1, 0, 0
44500, 15856, 1, 0, 0
45000, 14888, 1, 0, 0
45500, 12984, 1, 0, 0
46000, 13248, 1, 0, 0
46500, 13008, 1, 0, 0
47000, 13968, 1, 0, 0
47500, 13648, 1, 0, 0
48000, 14720, 1, 0, 0
48500, 14788, 1, 0, 0
49000, 14780, 1, 0, 0
49500, 15408, 1, 0, 0
50000, 15370, 1, 0, 0
50500, 15174, 1, 0, 0
51000, 15968, 1, 0, 0
51500, 15380, 1, 0, 0
52000, 15644, 1, 0, 0
52500, 16000, 1, 0, 0
53000, 15648, 1, 0, 0
53500, 16881, 1, 0, 0
54000, 17056, 1, 0, 0
54500, 16796, 1, 0, 0
55000, 17732, 1, 0, 0
55500, 17904, 1, 0, 0
56000, 18320, 1, 0, 0
56500, 18108, 1, 0, 0
57000, 18644, 1, 0, 0
57500, 19136, 1, 0, 0
58000, 19488, 1, 0, 0
58500, 19572, 1, 0, 0
59000, 20316, 1, 0, 0
59500, 20896, 1, 0, 0
60000, 21056, 1, 0, 0
