500, 222180, 1, 0, 0
1000, 222481, 1, 0, 0
1500, 222484, 1, 0, 0
2000, 222487, 1, 0, 0
2500, 222491, 1, 0, 0
3000, 222479, 1, 0, 0
3500, 222478, 1, 0, 0
4000, 222480, 1, 0, 0
4500, 222478, 1, 0, 0
5000, 222468, 1, 0, 0
5500, 240789, 1, 0, 0
6010, 4120166, 1, 0, 0
6503, 3977853, 1, 0, 0
7014, 3763127, 1, 0, 0
7505, 3547082, 1, 0, 0
8015, 3326114, 1, 0, 0
8506, 3136538, 1, 0, 0
9015, 2957004, 1, 0, 0
9505, 2795734, 1, 0, 0
10014, 2508827, 1, 0, 0
10504, 2474557, 1, 0, 0
11011, 2319243, 1, 0, 0
11500, 2198717, 1, 0, 0
12006, 2095489, 1, 0, 0
12514, 2057365, 1, 0, 0
13004, 2484627, 1, 0, 0
13512, 2471698, 1, 0, 0
14001, 2403159, 1, 0, 0
14509, 2332860, 1, 0, 0
15000, 2277789, 1, 0, 0
15504, 2204167, 1, 0, 0
16012, 2160792, 1, 0, 0
16501, 2154634, 1, 0, 0
17008, 2120446, 1, 0, 0
17515, 2078376, 1, 0, 0
18002, 2059571, 1, 0, 0
18508, 2093186, 1, 0, 0
19015, 2045375, 1, 0, 0
19503, 2013931, 1, 0, 0
20009, 1989396, 1, 0, 0
20500, 1964038, 1, 0, 0
21004, 1929043, 1, 0, 0
21511, 1912168, 1, 0, 0
22000, 1879754, 1, 0, 0
22503, 1834221, 1, 0, 0
23007, 1798437, 1, 0, 0
23512, 1790622, 1, 0, 0
24000, 1782426, 1, 0, 0
24502, 1686187, 1, 0, 0
25006, 1684925, 1, 0, 0
25511, 1666801, 1, 0, 0
26015, 1613453, 1, 0, 0
26500, 1584263, 1, 0, 0
27002, 1561384, 1, 0, 0
27505, 1515598, 1, 0, 0
28010, 1508449, 1, 0, 0
28512, 1455572, 1, 0, 0
29000, 1429190, 1, 0, 0
29500, 1398042, 1, 0, 0
30000, 1325691, 1, 0, 0
30500, 1277331, 1, 0, 0
31000, 1236453, 1, 0, 0
31500, 1213173, 1, 0, 0
32014, 1120418, 1, 0, 0
32512, 1106304, 1, 0, 0
33009, 1043846, 1, 0, 0
33504, 997913, 1, 0, 0
34000, 968619, 1, 0, 0
34511, 868873, 1, 0, 0
35001, 826807, 1, 0, 0
35509, 758574, 1, 0, 0
36000, 678363, 1, 0, 0
36509, 586462, 1, 0, 0
37000, 485560, 1, 0, 0
37500, 329309, 1, 0, 0
38003, 339443, 1, 0, 0
38514, 4050495, 1, 0, 0
39006, 3864412, 1, 0, 0
39500, 3666251, 1, 0, 0
40009, 3462475, 1, 0, 0
40500, 3266024, 1, 0, 0
41010, 3071671, 1, 0, 0
41500, 2884377, 1, 0, 0
42011, 2716013, 1, 0, 0
42500, 2621436, 1, 0, 0
43009, 2346596, 1, 0, 0
43500, 2278544, 1, 0, 0
44005, 2136392, 1, 0, 0
44512, 2045470, 1, 0, 0
45000, 2094636, 1, 0, 0
45507, 2498583, 1, 0, 0
46016, 2458151, 1, 0, 0
46505, 2402773, 1, 0, 0
47013, 2323931, 1, 0, 0
47501, 2291497, 1, 0, 0
48009, 2205620, 1, 0, 0
48500, 2216671, 1, 0, 0
49005, 2095001, 1, 0, 0
49510, 2095198, 1, 0, 0
50000, 2126126, 1, 0, 0
50505, 2044050, 1, 0, 0
51012, 2029183, 1, 0, 0
51500, 2054964, 1, 0, 0
52007, 2044469, 1, 0, 0
52515, 2030952, 1, 0, 0
53001, 1988450, 1, 0, 0
53507, 1922231, 1, 0, 0
54013, 1894725, 1, 0, 0
54500, 1917112, 1, 0, 0
55003, 1757248, 1, 0, 0
55508, 1801832, 1, 0, 0
56014, 1767240, 1, 0, 0
56500, 1748396, 1, 0, 0
57004, 1696012, 1, 0, 0
57509, 1688728, 1, 0, 0
58013, 1655055, 1, 0, 0
58500, 1650288, 1, 0, 0
59001, 1522221, 1, 0, 0
59505, 1540804, 1, 0, 0
60007, 1524057, 1, 0, 0
60008, 16643285, 1, 0, 0
