[65465.687439] KSC2026-MARK map4k_bs16k_r2 insmod 1791441228089001788
[65465.695923] NVMeVirt: Version 1.10 for >> Samsung 970 Pro SSD <<
[65465.695928] NVMeVirt: Storage: 0x300100000-0x600000000 (12287 MiB)
[65465.701479] NVMeVirt: Total Capacity(GiB,MiB)=3,3072 chs=2 luns=4 lines=384 blk-size(MiB,KiB)=2,2048 line-size(MiB,KiB)=8,8192
[65465.701482] NVMeVirt: KSC2026: mapping unit=4096 B, flash page=32768 B, oneshot page=32768 B, pgs_per_blk=512, blks_per_pl=384, write buffer=1048576 B
[65465.708857] NVMeVirt: [chmodel_init] bandwidth 800 max_credits 26 tx_time 152
[65465.715678] NVMeVirt: [chmodel_init] bandwidth 800 max_credits 26 tx_time 152
[65465.715690] NVMeVirt: [chmodel_init] bandwidth 3360 max_credits 110 tx_time 36
[65465.717110] NVMeVirt: pqueue: Copyright (c) 2014, Volkan Yazıcı <volkan.yazici@gmail.com>. All rights reserved.
[65465.717112] NVMeVirt: Init FTL instance with 2 channels (786432 pages)
[65465.723895] NVMeVirt: [chmodel_init] bandwidth 800 max_credits 26 tx_time 152
[65465.730614] NVMeVirt: [chmodel_init] bandwidth 800 max_credits 26 tx_time 152
[65465.730626] NVMeVirt: [chmodel_init] bandwidth 3360 max_credits 110 tx_time 36
[65465.732018] NVMeVirt: Init FTL instance with 2 channels (786432 pages)
[65465.738763] NVMeVirt: [chmodel_init] bandwidth 800 max_credits 26 tx_time 152
[65465.745476] NVMeVirt: [chmodel_init] bandwidth 800 max_credits 26 tx_time 152
[65465.745487] NVMeVirt: [chmodel_init] bandwidth 3360 max_credits 110 tx_time 36
[65465.746912] NVMeVirt: Init FTL instance with 2 channels (786432 pages)
[65465.753670] NVMeVirt: [chmodel_init] bandwidth 800 max_credits 26 tx_time 152
[65465.760414] NVMeVirt: [chmodel_init] bandwidth 800 max_credits 26 tx_time 152
[65465.760425] NVMeVirt: [chmodel_init] bandwidth 3360 max_credits 110 tx_time 36
[65465.761833] NVMeVirt: Init FTL instance with 2 channels (786432 pages)
[65465.761837] NVMeVirt: FTL physical space: 12883853312, logical space: 12040984403 (physical/logical * 100 = 107)
[65465.761838] NVMeVirt: KSC2026: WBUF_FIX=1 GC_STATS=1
[65465.761838] NVMeVirt: ns 0/1: size 11483 MiB
[65465.761873] PCI host bridge to bus 0001:10
[65465.761874] pci_bus 0001:10: root bus resource [io  0x0000-0xffff]
[65465.761876] pci_bus 0001:10: root bus resource [mem 0x00000000-0x3fffffffffff]
[65465.761878] pci_bus 0001:10: root bus resource [bus 00-ff]
[65465.761883] pci 0001:10:00.0: [0c51:0110] type 00 class 0x010802 PCIe Endpoint
[65465.761886] pci 0001:10:00.0: BAR 0 [mem 0x300000000-0x300003fff 64bit]
[65465.761887] pci 0001:10:00.0: enabling Extended Tags
[65465.761990] NVMeVirt: Virtual PCI bus created (node 0)
[65465.762203] NVMeVirt: nvmev_io_worker_0 started on cpu 4 (node 0)
[65465.762388] NVMeVirt: nvmev_io_worker_1 started on cpu 5 (node 0)
[65465.762402] NVMeVirt: nvmev_dispatcher started on cpu 3 (node 0)
[65465.762982] nvme nvme1: pci function 0001:10:00.0
[65465.765112] nvme nvme1: 1/0/0 default/read/poll queues
[65465.768037] NVMeVirt: Virtual NVMe device created
[65471.797255] KSC2026-MARK map4k_bs16k_r2 fio-start 1791441234211048210
[65477.493362] NVMeVirt: KSC2026: first GC part=0 victim line=291 vpc=1902 ipc=146 free_lines=2 host_pgs=778240
[65477.493438] NVMeVirt: KSC2026: first GC part=1 victim line=291 vpc=1902 ipc=146 free_lines=2 host_pgs=778240
[65477.493509] NVMeVirt: KSC2026: first GC part=2 victim line=291 vpc=1902 ipc=146 free_lines=2 host_pgs=778240
[65477.493580] NVMeVirt: KSC2026: first GC part=3 victim line=291 vpc=1902 ipc=146 free_lines=2 host_pgs=778240
[65532.839654] KSC2026-MARK map4k_bs16k_r2 fio-end
[65532.843664] KSC2026-MARK map4k_bs16k_r2 rmmod 1791441295258440885
[65532.907080] pci_bus 0001:10: busn_res: [bus 10-ff] is released
[65532.907130] NVMeVirt: KSC2026: stats part=0 host_pgs=1846976 gc_pgs=4704489 gc_cnt=2818 free_lines=2
[65532.907131] NVMeVirt: KSC2026: stats part=1 host_pgs=1846976 gc_pgs=4704489 gc_cnt=2818 free_lines=2
[65532.907132] NVMeVirt: KSC2026: stats part=2 host_pgs=1846976 gc_pgs=4704489 gc_cnt=2818 free_lines=2
[65532.907133] NVMeVirt: KSC2026: stats part=3 host_pgs=1846976 gc_pgs=4704489 gc_cnt=2818 free_lines=2
[65532.974016] NVMeVirt: Virtual NVMe device closed
