500, 66502, 1, 0, 0
1000, 66720, 1, 0, 0
1500, 66712, 1, 0, 0
2000, 66638, 1, 0, 0
2500, 66614, 1, 0, 0
3000, 66544, 1, 0, 0
3500, 66780, 1, 0, 0
4000, 66592, 1, 0, 0
4500, 66898, 1, 0, 0
5000, 66806, 1, 0, 0
5500, 66864, 1, 0, 0
6000, 54970, 1, 0, 0
6500, 23350, 1, 0, 0
7000, 23080, 1, 0, 0
7500, 21098, 1, 0, 0
8000, 19066, 1, 0, 0
8500, 21268, 1, 0, 0
9000, 17432, 1, 0, 0
9500, 17632, 1, 0, 0
10000, 17134, 1, 0, 0
10500, 15578, 1, 0, 0
11000, 15552, 1, 0, 0
11500, 15290, 1, 0, 0
12000, 13920, 1, 0, 0
12500, 14735, 1, 0, 0
13000, 13348, 1, 0, 0
13500, 14122, 1, 0, 0
14000, 12946, 1, 0, 0
14500, 11298, 1, 0, 0
15000, 11908, 1, 0, 0
15500, 12672, 1, 0, 0
16000, 10936, 1, 0, 0
16500, 10826, 1, 0, 0
17000, 10684, 1, 0, 0
17500, 10058, 1, 0, 0
18000, 10030, 1, 0, 0
18500, 10348, 1, 0, 0
19000, 10060, 1, 0, 0
19500, 9164, 1, 0, 0
20000, 9580, 1, 0, 0
20500, 10000, 1, 0, 0
21000, 8750, 1, 0, 0
21500, 9432, 1, 0, 0
22000, 8468, 1, 0, 0
22500, 8374, 1, 0, 0
23000, 8406, 1, 0, 0
23500, 7514, 1, 0, 0
24000, 8504, 1, 0, 0
24500, 7784, 1, 0, 0
25000, 7772, 1, 0, 0
25500, 7952, 1, 0, 0
26000, 7694, 1, 0, 0
26500, 8526, 1, 0, 0
27000, 7352, 1, 0, 0
27500, 7838, 1, 0, 0
28000, 7510, 1, 0, 0
28500, 7206, 1, 0, 0
29000, 7238, 1, 0, 0
29500, 7238, 1, 0, 0
30000, 7058, 1, 0, 0
30500, 7532, 1, 0, 0
31000, 6952, 1, 0, 0
31500, 6966, 1, 0, 0
32000, 6378, 1, 0, 0
32500, 7214, 1, 0, 0
33000, 6406, 1, 0, 0
33500, 6548, 1, 0, 0
34000, 6086, 1, 0, 0
34500, 6294, 1, 0, 0
35000, 6690, 1, 0, 0
35500, 5984, 1, 0, 0
36000, 6294, 1, 0, 0
36500, 6198, 1, 0, 0
37000, 6180, 1, 0, 0
37500, 5666, 1, 0, 0
38000, 5744, 1, 0, 0
38500, 5932, 1, 0, 0
39000, 5542, 1, 0, 0
39500, 5712, 1, 0, 0
40000, 5422, 1, 0, 0
40500, 5212, 1, 0, 0
41000, 5360, 1, 0, 0
41500, 4846, 1, 0, 0
42000, 5206, 1, 0, 0
42500, 5452, 1, 0, 0
43000, 5152, 1, 0, 0
43500, 5454, 1, 0, 0
44000, 4988, 1, 0, 0
44500, 5040, 1, 0, 0
45000, 5450, 1, 0, 0
45500, 5840, 1, 0, 0
46000, 5614, 1, 0, 0
46500, 4696, 1, 0, 0
47000, 5312, 1, 0, 0
47500, 5236, 1, 0, 0
48000, 5150, 1, 0, 0
48500, 5464, 1, 0, 0
49000, 5290, 1, 0, 0
49500, 5544, 1, 0, 0
50000, 5206, 1, 0, 0
50500, 5154, 1, 0, 0
51000, 5598, 1, 0, 0
51500, 5260, 1, 0, 0
52000, 4928, 1, 0, 0
52500, 5420, 1, 0, 0
53000, 5528, 1, 0, 0
53500, 5338, 1, 0, 0
54000, 4924, 1, 0, 0
54500, 4984, 1, 0, 0
55000, 5444, 1, 0, 0
55500, 5036, 1, 0, 0
56000, 5444, 1, 0, 0
56500, 5274, 1, 0, 0
57000, 5138, 1, 0, 0
57500, 5074, 1, 0, 0
58000, 5258, 1, 0, 0
58500, 5144, 1, 0, 0
59000, 4936, 1, 0, 0
59500, 4914, 1, 0, 0
60000, 5178, 1, 0, 0
