500, 1254, 1, 0, 0
1000, 1248, 1, 0, 0
1500, 1251, 1, 0, 0
2000, 1254, 1, 0, 0
2500, 1242, 1, 0, 0
3000, 1244, 1, 0, 0
3500, 1246, 1, 0, 0
4000, 1245, 1, 0, 0
4500, 1245, 1, 0, 0
5000, 1246, 1, 0, 0
5500, 1246, 1, 0, 0
6000, 1242, 1, 0, 0
6503, 1248, 1, 0, 0
7000, 1244, 1, 0, 0
7500, 1245, 1, 0, 0
8000, 1250, 1, 0, 0
8500, 1255, 1, 0, 0
9004, 1261, 1, 0, 0
9505, 1248, 1, 0, 0
10001, 1246, 1, 0, 0
10500, 1258, 1, 0, 0
11003, 1255, 1, 0, 0
11506, 1250, 1, 0, 0
12000, 1251, 1, 0, 0
12500, 1254, 1, 0, 0
13000, 1256, 1, 0, 0
13500, 1252, 1, 0, 0
14000, 1253, 1, 0, 0
14500, 1257, 1, 0, 0
15002, 1252, 1, 0, 0
15500, 1256, 1, 0, 0
16004, 1252, 1, 0, 0
16503, 1251, 1, 0, 0
17000, 1253, 1, 0, 0
17503, 1257, 1, 0, 0
18004, 1254, 1, 0, 0
18508, 1251, 1, 0, 0
19007, 1252, 1, 0, 0
19504, 1253, 1, 0, 0
20000, 1256, 1, 0, 0
20511, 1252, 1, 0, 0
21006, 1261, 1, 0, 0
21507, 1269, 1, 0, 0
22006, 1260, 1, 0, 0
22503, 1246, 1, 0, 0
23002, 1251, 1, 0, 0
23501, 1259, 1, 0, 0
24000, 1262, 1, 0, 0
24505, 1256, 1, 0, 0
25000, 1253, 1, 0, 0
25500, 1263, 1, 0, 0
26000, 1250, 1, 0, 0
26501, 1246, 1, 0, 0
27001, 1249, 1, 0, 0
27500, 1246, 1, 0, 0
28009, 1253, 1, 0, 0
28505, 1250, 1, 0, 0
29002, 1251, 1, 0, 0
29502, 1248, 1, 0, 0
30000, 1255, 1, 0, 0
30504, 1278, 1, 0, 0
31009, 1261, 1, 0, 0
31500, 1257, 1, 0, 0
32000, 1257, 1, 0, 0
32500, 1250, 1, 0, 0
33005, 1257, 1, 0, 0
33500, 1253, 1, 0, 0
34005, 1253, 1, 0, 0
34500, 1251, 1, 0, 0
35000, 1256, 1, 0, 0
35513, 1259, 1, 0, 0
36000, 1257, 1, 0, 0
36500, 1255, 1, 0, 0
37003, 1259, 1, 0, 0
37500, 1256, 1, 0, 0
38001, 1258, 1, 0, 0
38512, 1258, 1, 0, 0
39000, 1256, 1, 0, 0
39511, 1257, 1, 0, 0
40007, 1256, 1, 0, 0
40500, 1258, 1, 0, 0
41012, 1255, 1, 0, 0
41502, 1254, 1, 0, 0
42012, 1255, 1, 0, 0
42512, 1253, 1, 0, 0
43008, 1258, 1, 0, 0
43506, 1260, 1, 0, 0
44009, 1257, 1, 0, 0
44503, 1270, 1, 0, 0
45001, 1269, 1, 0, 0
45500, 1254, 1, 0, 0
46000, 1257, 1, 0, 0
46501, 1251, 1, 0, 0
47008, 1250, 1, 0, 0
47503, 1252, 1, 0, 0
48009, 1260, 1, 0, 0
48506, 1258, 1, 0, 0
49000, 1260, 1, 0, 0
49515, 1254, 1, 0, 0
50008, 1249, 1, 0, 0
50501, 1262, 1, 0, 0
51000, 1256, 1, 0, 0
51511, 1257, 1, 0, 0
52002, 1252, 1, 0, 0
52500, 1267, 1, 0, 0
53000, 1258, 1, 0, 0
53513, 1249, 1, 0, 0
54004, 1256, 1, 0, 0
54513, 1255, 1, 0, 0
55010, 1252, 1, 0, 0
55503, 1256, 1, 0, 0
56000, 1258, 1, 0, 0
56507, 1258, 1, 0, 0
57000, 1250, 1, 0, 0
57504, 1258, 1, 0, 0
58000, 1257, 1, 0, 0
58505, 1255, 1, 0, 0
59011, 1254, 1, 0, 0
59501, 1268, 1, 0, 0
60013, 1259, 1, 0, 0
