500, 480889, 1, 0, 0
1000, 479341, 1, 0, 0
1500, 479576, 1, 0, 0
2000, 479975, 1, 0, 0
2500, 480204, 1, 0, 0
3000, 480644, 1, 0, 0
3500, 478959, 1, 0, 0
4000, 480349, 1, 0, 0
4500, 478210, 1, 0, 0
5000, 478718, 1, 0, 0
5500, 478438, 1, 0, 0
6000, 581717, 1, 0, 0
6503, 1360422, 1, 0, 0
7000, 1380300, 1, 0, 0
7500, 1530187, 1, 0, 0
8000, 1670290, 1, 0, 0
8500, 1513248, 1, 0, 0
9004, 1821343, 1, 0, 0
9505, 1817740, 1, 0, 0
10001, 1847516, 1, 0, 0
10500, 2084395, 1, 0, 0
11003, 2033318, 1, 0, 0
11506, 2106469, 1, 0, 0
12000, 2273765, 1, 0, 0
12500, 2181271, 1, 0, 0
13000, 2429999, 1, 0, 0
13500, 2266989, 1, 0, 0
14000, 2470101, 1, 0, 0
14500, 2775359, 1, 0, 0
15002, 2693208, 1, 0, 0
15500, 2549921, 1, 0, 0
16004, 2905201, 1, 0, 0
16503, 2955004, 1, 0, 0
17000, 2983824, 1, 0, 0
17503, 3190155, 1, 0, 0
18004, 3196518, 1, 0, 0
18508, 3112230, 1, 0, 0
19007, 3188830, 1, 0, 0
19504, 3461591, 1, 0, 0
20000, 3385603, 1, 0, 0
20511, 3188203, 1, 0, 0
21006, 3628561, 1, 0, 0
21507, 3396392, 1, 0, 0
22006, 3763577, 1, 0, 0
22503, 3819640, 1, 0, 0
23002, 3781990, 1, 0, 0
23501, 4237662, 1, 0, 0
24000, 3883377, 1, 0, 0
24505, 4021280, 1, 0, 0
25000, 4207042, 1, 0, 0
25500, 4023306, 1, 0, 0
26000, 4147287, 1, 0, 0
26501, 3647446, 1, 0, 0
27001, 4352547, 1, 0, 0
27500, 4215612, 1, 0, 0
28009, 4192192, 1, 0, 0
28505, 4416226, 1, 0, 0
29002, 4379270, 1, 0, 0
29502, 4432090, 1, 0, 0
30000, 4634472, 1, 0, 0
30504, 4173228, 1, 0, 0
31009, 4645839, 1, 0, 0
31500, 4500404, 1, 0, 0
32000, 5069705, 1, 0, 0
32500, 4511354, 1, 0, 0
33005, 4921921, 1, 0, 0
33500, 4965475, 1, 0, 0
34005, 5172902, 1, 0, 0
34500, 5191331, 1, 0, 0
35000, 4776440, 1, 0, 0
35513, 5299253, 1, 0, 0
36000, 5111058, 1, 0, 0
36500, 5170283, 1, 0, 0
37003, 5040947, 1, 0, 0
37500, 5713690, 1, 0, 0
38001, 5523130, 1, 0, 0
38512, 5470940, 1, 0, 0
39000, 5661874, 1, 0, 0
39511, 5722335, 1, 0, 0
40007, 5860581, 1, 0, 0
40500, 6260577, 1, 0, 0
41012, 5902262, 1, 0, 0
41502, 6461878, 1, 0, 0
42012, 6262221, 1, 0, 0
42512, 5867193, 1, 0, 0
43008, 6165201, 1, 0, 0
43506, 5833951, 1, 0, 0
44009, 6494232, 1, 0, 0
44503, 6254779, 1, 0, 0
45001, 5827025, 1, 0, 0
45500, 5732885, 1, 0, 0
46000, 5627962, 1, 0, 0
46501, 6604697, 1, 0, 0
47008, 6116563, 1, 0, 0
47503, 6040484, 1, 0, 0
48009, 6308124, 1, 0, 0
48506, 5810207, 1, 0, 0
49000, 5999064, 1, 0, 0
49515, 5922412, 1, 0, 0
50008, 6057436, 1, 0, 0
50501, 6128028, 1, 0, 0
51000, 5802564, 1, 0, 0
51511, 6097995, 1, 0, 0
52002, 6395886, 1, 0, 0
52500, 5863880, 1, 0, 0
53000, 6020542, 1, 0, 0
53513, 5904110, 1, 0, 0
54004, 6381533, 1, 0, 0
54513, 6544811, 1, 0, 0
55010, 5855736, 1, 0, 0
55503, 6264266, 1, 0, 0
56000, 5877196, 1, 0, 0
56507, 6127978, 1, 0, 0
57000, 6184362, 1, 0, 0
57504, 6288041, 1, 0, 0
58000, 6121892, 1, 0, 0
58505, 6211481, 1, 0, 0
59011, 6559607, 1, 0, 0
59501, 6384446, 1, 0, 0
60012, 6306084, 1, 0, 0
60013, 17339132, 1, 0, 0
