500, 1064000, 1, 0, 0
1000, 1067552, 1, 0, 0
1500, 1067392, 1, 0, 0
2000, 1066208, 1, 0, 0
2500, 1065824, 1, 0, 0
3000, 1064704, 1, 0, 0
3500, 1068480, 1, 0, 0
4000, 1065472, 1, 0, 0
4500, 1070368, 1, 0, 0
5000, 1068896, 1, 0, 0
5500, 1069824, 1, 0, 0
6000, 879520, 1, 0, 0
6500, 373600, 1, 0, 0
7000, 369280, 1, 0, 0
7500, 337568, 1, 0, 0
8000, 305056, 1, 0, 0
8500, 340288, 1, 0, 0
9000, 278912, 1, 0, 0
9500, 282112, 1, 0, 0
10000, 274144, 1, 0, 0
10500, 249248, 1, 0, 0
11000, 248832, 1, 0, 0
11500, 244640, 1, 0, 0
12000, 222720, 1, 0, 0
12500, 235767, 1, 0, 0
13000, 213568, 1, 0, 0
13500, 225952, 1, 0, 0
14000, 207136, 1, 0, 0
14500, 180768, 1, 0, 0
15000, 190528, 1, 0, 0
15500, 202752, 1, 0, 0
16000, 174976, 1, 0, 0
16500, 173216, 1, 0, 0
17000, 170944, 1, 0, 0
17500, 160928, 1, 0, 0
18000, 160480, 1, 0, 0
18500, 165568, 1, 0, 0
19000, 160960, 1, 0, 0
19500, 146624, 1, 0, 0
20000, 153280, 1, 0, 0
20500, 160000, 1, 0, 0
21000, 140000, 1, 0, 0
21500, 150912, 1, 0, 0
22000, 135488, 1, 0, 0
22500, 133984, 1, 0, 0
23000, 134496, 1, 0, 0
23500, 120224, 1, 0, 0
24000, 136064, 1, 0, 0
24500, 124544, 1, 0, 0
25000, 124352, 1, 0, 0
25500, 127232, 1, 0, 0
26000, 123104, 1, 0, 0
26500, 136416, 1, 0, 0
27000, 117632, 1, 0, 0
27500, 125408, 1, 0, 0
28000, 120160, 1, 0, 0
28500, 115296, 1, 0, 0
29000, 115808, 1, 0, 0
29500, 115808, 1, 0, 0
30000, 112929, 1, 0, 0
30500, 120512, 1, 0, 0
31000, 111232, 1, 0, 0
31500, 111456, 1, 0, 0
32000, 102048, 1, 0, 0
32500, 115424, 1, 0, 0
33000, 102496, 1, 0, 0
33500, 104768, 1, 0, 0
34000, 97376, 1, 0, 0
34500, 100704, 1, 0, 0
35000, 107040, 1, 0, 0
35500, 95744, 1, 0, 0
36000, 100704, 1, 0, 0
36500, 99168, 1, 0, 0
37000, 98880, 1, 0, 0
37500, 90656, 1, 0, 0
38000, 91904, 1, 0, 0
38500, 94912, 1, 0, 0
39000, 88672, 1, 0, 0
39500, 91392, 1, 0, 0
40000, 86752, 1, 0, 0
40500, 83392, 1, 0, 0
41000, 85760, 1, 0, 0
41500, 77536, 1, 0, 0
42000, 83296, 1, 0, 0
42500, 87232, 1, 0, 0
43000, 82432, 1, 0, 0
43500, 87264, 1, 0, 0
44000, 79808, 1, 0, 0
44500, 80640, 1, 0, 0
45000, 87200, 1, 0, 0
45500, 93440, 1, 0, 0
46000, 89824, 1, 0, 0
46500, 75136, 1, 0, 0
47000, 85002, 1, 0, 0
47500, 83776, 1, 0, 0
48000, 82400, 1, 0, 0
48500, 87424, 1, 0, 0
49000, 84640, 1, 0, 0
49500, 88704, 1, 0, 0
50000, 83296, 1, 0, 0
50500, 82464, 1, 0, 0
51000, 89568, 1, 0, 0
51500, 84160, 1, 0, 0
52000, 78848, 1, 0, 0
52500, 86720, 1, 0, 0
53000, 88448, 1, 0, 0
53500, 85408, 1, 0, 0
54000, 78784, 1, 0, 0
54500, 79744, 1, 0, 0
55000, 87104, 1, 0, 0
55500, 80576, 1, 0, 0
56000, 87104, 1, 0, 0
56500, 84384, 1, 0, 0
57000, 82176, 1, 0, 0
57500, 81184, 1, 0, 0
58000, 84128, 1, 0, 0
58500, 82304, 1, 0, 0
59000, 78976, 1, 0, 0
59500, 78624, 1, 0, 0
60000, 82848, 1, 0, 0
