500, 479635, 1, 0, 0
1000, 478093, 1, 0, 0
1500, 478324, 1, 0, 0
2000, 478721, 1, 0, 0
2500, 478962, 1, 0, 0
3000, 479400, 1, 0, 0
3500, 477713, 1, 0, 0
4000, 479103, 1, 0, 0
4500, 476964, 1, 0, 0
5000, 477472, 1, 0, 0
5500, 477192, 1, 0, 0
6000, 580476, 1, 0, 0
6503, 1359175, 1, 0, 0
7000, 1379056, 1, 0, 0
7500, 1528943, 1, 0, 0
8000, 1669041, 1, 0, 0
8500, 1511993, 1, 0, 0
9004, 1820083, 1, 0, 0
9505, 1816492, 1, 0, 0
10001, 1846270, 1, 0, 0
10500, 2083137, 1, 0, 0
11003, 2032063, 1, 0, 0
11506, 2105219, 1, 0, 0
12000, 2272514, 1, 0, 0
12500, 2180018, 1, 0, 0
13000, 2428743, 1, 0, 0
13500, 2265737, 1, 0, 0
14000, 2468848, 1, 0, 0
14500, 2774102, 1, 0, 0
15002, 2691956, 1, 0, 0
15500, 2548666, 1, 0, 0
16004, 2903949, 1, 0, 0
16503, 2953753, 1, 0, 0
17000, 2982571, 1, 0, 0
17503, 3188898, 1, 0, 0
18004, 3195263, 1, 0, 0
18508, 3110979, 1, 0, 0
19007, 3187578, 1, 0, 0
19504, 3460338, 1, 0, 0
20000, 3384348, 1, 0, 0
20511, 3186951, 1, 0, 0
21006, 3627300, 1, 0, 0
21507, 3395124, 1, 0, 0
22006, 3762317, 1, 0, 0
22503, 3818394, 1, 0, 0
23002, 3780739, 1, 0, 0
23501, 4236403, 1, 0, 0
24000, 3882115, 1, 0, 0
24505, 4020023, 1, 0, 0
25000, 4205789, 1, 0, 0
25500, 4022043, 1, 0, 0
26000, 4146037, 1, 0, 0
26501, 3646200, 1, 0, 0
27001, 4351299, 1, 0, 0
27500, 4214365, 1, 0, 0
28009, 4190939, 1, 0, 0
28505, 4414976, 1, 0, 0
29002, 4378018, 1, 0, 0
29502, 4430842, 1, 0, 0
30000, 4633216, 1, 0, 0
30504, 4171950, 1, 0, 0
31009, 4644578, 1, 0, 0
31500, 4499147, 1, 0, 0
32000, 5068448, 1, 0, 0
32500, 4510104, 1, 0, 0
33005, 4920664, 1, 0, 0
33500, 4964223, 1, 0, 0
34005, 5171648, 1, 0, 0
34500, 5190081, 1, 0, 0
35000, 4775183, 1, 0, 0
35513, 5297994, 1, 0, 0
36000, 5109801, 1, 0, 0
36500, 5169029, 1, 0, 0
37003, 5039688, 1, 0, 0
37500, 5712433, 1, 0, 0
38001, 5521873, 1, 0, 0
38512, 5469682, 1, 0, 0
39000, 5660619, 1, 0, 0
39511, 5721078, 1, 0, 0
40007, 5859325, 1, 0, 0
40500, 6259319, 1, 0, 0
41012, 5901007, 1, 0, 0
41502, 6460625, 1, 0, 0
42012, 6260965, 1, 0, 0
42512, 5865940, 1, 0, 0
43008, 6163942, 1, 0, 0
43506, 5832691, 1, 0, 0
44009, 6492975, 1, 0, 0
44503, 6253508, 1, 0, 0
45001, 5825756, 1, 0, 0
45500, 5731630, 1, 0, 0
46000, 5626705, 1, 0, 0
46501, 6603447, 1, 0, 0
47008, 6115313, 1, 0, 0
47503, 6039231, 1, 0, 0
48009, 6306865, 1, 0, 0
48506, 5808949, 1, 0, 0
49000, 5997805, 1, 0, 0
49515, 5921158, 1, 0, 0
50008, 6056187, 1, 0, 0
50501, 6126766, 1, 0, 0
51000, 5801308, 1, 0, 0
51511, 6096738, 1, 0, 0
52002, 6394634, 1, 0, 0
52500, 5862613, 1, 0, 0
53000, 6019284, 1, 0, 0
53513, 5902861, 1, 0, 0
54004, 6380277, 1, 0, 0
54513, 6543556, 1, 0, 0
55010, 5854484, 1, 0, 0
55503, 6263010, 1, 0, 0
56000, 5875938, 1, 0, 0
56507, 6126720, 1, 0, 0
57000, 6183112, 1, 0, 0
57504, 6286784, 1, 0, 0
58000, 6120634, 1, 0, 0
58505, 6210226, 1, 0, 0
59011, 6558354, 1, 0, 0
59501, 6383177, 1, 0, 0
60012, 6304825, 1, 0, 0
60013, 17337909, 1, 0, 0
