[70594.016142] KSC2026-MARK map32k_bs16k_r3 insmod 1791446356525929498
[70594.029586] NVMeVirt: Version 1.10 for >> Samsung 970 Pro SSD <<
[70594.029596] NVMeVirt: Storage: 0x300100000-0x600000000 (12287 MiB)
[70594.040407] NVMeVirt: Total Capacity(GiB,MiB)=3,3072 chs=2 luns=4 lines=384 blk-size(MiB,KiB)=2,2048 line-size(MiB,KiB)=8,8192
[70594.040412] NVMeVirt: KSC2026: mapping unit=32768 B, flash page=32768 B, oneshot page=32768 B, pgs_per_blk=64, blks_per_pl=384, write buffer=1048576 B
[70594.046184] NVMeVirt: [chmodel_init] bandwidth 800 max_credits 26 tx_time 152
[70594.049678] NVMeVirt: [chmodel_init] bandwidth 800 max_credits 26 tx_time 152
[70594.049688] NVMeVirt: [chmodel_init] bandwidth 3360 max_credits 110 tx_time 36
[70594.049856] NVMeVirt: pqueue: Copyright (c) 2014, Volkan Yazıcı <volkan.yazici@gmail.com>. All rights reserved.
[70594.049857] NVMeVirt: Init FTL instance with 2 channels (98304 pages)
[70594.053032] NVMeVirt: [chmodel_init] bandwidth 800 max_credits 26 tx_time 152
[70594.056201] NVMeVirt: [chmodel_init] bandwidth 800 max_credits 26 tx_time 152
[70594.056211] NVMeVirt: [chmodel_init] bandwidth 3360 max_credits 110 tx_time 36
[70594.056382] NVMeVirt: Init FTL instance with 2 channels (98304 pages)
[70594.059515] NVMeVirt: [chmodel_init] bandwidth 800 max_credits 26 tx_time 152
[70594.062685] NVMeVirt: [chmodel_init] bandwidth 800 max_credits 26 tx_time 152
[70594.062696] NVMeVirt: [chmodel_init] bandwidth 3360 max_credits 110 tx_time 36
[70594.062861] NVMeVirt: Init FTL instance with 2 channels (98304 pages)
[70594.065968] NVMeVirt: [chmodel_init] bandwidth 800 max_credits 26 tx_time 152
[70594.069064] NVMeVirt: [chmodel_init] bandwidth 800 max_credits 26 tx_time 152
[70594.069075] NVMeVirt: [chmodel_init] bandwidth 3360 max_credits 110 tx_time 36
[70594.069242] NVMeVirt: Init FTL instance with 2 channels (98304 pages)
[70594.069245] NVMeVirt: FTL physical space: 12883853312, logical space: 12040984403 (physical/logical * 100 = 107)
[70594.069246] NVMeVirt: KSC2026: WBUF_FIX=1 GC_STATS=1
[70594.069246] NVMeVirt: ns 0/1: size 11483 MiB
[70594.069276] PCI host bridge to bus 0001:10
[70594.069277] pci_bus 0001:10: root bus resource [io  0x0000-0xffff]
[70594.069279] pci_bus 0001:10: root bus resource [mem 0x00000000-0x3fffffffffff]
[70594.069280] pci_bus 0001:10: root bus resource [bus 00-ff]
[70594.069285] pci 0001:10:00.0: [0c51:0110] type 00 class 0x010802 PCIe Endpoint
[70594.069287] pci 0001:10:00.0: BAR 0 [mem 0x300000000-0x300003fff 64bit]
[70594.069289] pci 0001:10:00.0: enabling Extended Tags
[70594.069389] NVMeVirt: Virtual PCI bus created (node 0)
[70594.069621] NVMeVirt: nvmev_io_worker_0 started on cpu 4 (node 0)
[70594.069788] NVMeVirt: nvmev_io_worker_1 started on cpu 5 (node 0)
[70594.069796] NVMeVirt: nvmev_dispatcher started on cpu 3 (node 0)
[70594.069960] nvme nvme1: pci function 0001:10:00.0
[70594.073660] nvme nvme1: 1/0/0 default/read/poll queues
[70594.075583] NVMeVirt: Virtual NVMe device created
[70600.113337] KSC2026-MARK map32k_bs16k_r3 fio-start 1791446362636490438
[70606.177133] NVMeVirt: KSC2026: first GC part=1 victim line=12 vpc=86 ipc=170 free_lines=2 host_pgs=97280
[70606.202108] NVMeVirt: KSC2026: first GC part=2 victim line=0 vpc=84 ipc=172 free_lines=2 host_pgs=97280
[70606.213343] NVMeVirt: KSC2026: first GC part=0 victim line=8 vpc=84 ipc=172 free_lines=2 host_pgs=97280
[70606.214202] NVMeVirt: KSC2026: first GC part=3 victim line=47 vpc=83 ipc=173 free_lines=2 host_pgs=97280
[70661.146198] KSC2026-MARK map32k_bs16k_r3 fio-end
[70661.150207] KSC2026-MARK map32k_bs16k_r3 rmmod 1791446423674673292
[70661.212390] pci_bus 0001:10: busn_res: [bus 10-ff] is released
[70661.212455] NVMeVirt: KSC2026: stats part=0 host_pgs=210949 gc_pgs=416838 gc_cnt=2071 free_lines=1
[70661.212457] NVMeVirt: KSC2026: stats part=1 host_pgs=211076 gc_pgs=419523 gc_cnt=2082 free_lines=2
[70661.212457] NVMeVirt: KSC2026: stats part=2 host_pgs=211056 gc_pgs=419787 gc_cnt=2083 free_lines=2
[70661.212458] NVMeVirt: KSC2026: stats part=3 host_pgs=210711 gc_pgs=414242 gc_cnt=2060 free_lines=1
[70661.233168] NVMeVirt: Virtual NVMe device closed
