500, 34156, 1, 0, 0
1000, 33994, 1, 0, 0
1500, 33908, 1, 0, 0
2000, 34098, 1, 0, 0
2500, 33863, 1, 0, 0
3000, 33810, 1, 0, 0
3500, 34030, 1, 0, 0
4000, 33944, 1, 0, 0
4500, 33676, 1, 0, 0
5000, 34150, 1, 0, 0
5500, 34238, 1, 0, 0
6000, 17236, 1, 0, 0
6500, 2330, 1, 0, 0
7000, 2366, 1, 0, 0
7500, 2290, 1, 0, 0
8000, 2526, 1, 0, 0
8500, 2702, 1, 0, 0
9000, 2654, 1, 0, 0
9500, 2852, 1, 0, 0
10000, 2960, 1, 0, 0
10500, 3102, 1, 0, 0
11000, 2980, 1, 0, 0
11500, 2498, 1, 0, 0
12000, 3136, 1, 0, 0
12500, 3368, 1, 0, 0
13000, 3266, 1, 0, 0
13500, 3502, 1, 0, 0
14000, 2898, 1, 0, 0
14500, 2824, 1, 0, 0
15000, 3126, 1, 0, 0
15500, 2966, 1, 0, 0
16000, 3364, 1, 0, 0
16500, 2804, 1, 0, 0
17000, 3514, 1, 0, 0
17500, 3436, 1, 0, 0
18000, 3606, 1, 0, 0
18500, 3426, 1, 0, 0
19001, 3304, 1, 0, 0
19500, 3358, 1, 0, 0
20000, 3650, 1, 0, 0
20500, 3440, 1, 0, 0
21000, 3636, 1, 0, 0
21500, 3314, 1, 0, 0
22000, 3594, 1, 0, 0
22500, 3976, 1, 0, 0
23000, 3444, 1, 0, 0
23500, 4190, 1, 0, 0
24000, 4306, 1, 0, 0
24500, 2996, 1, 0, 0
25000, 3724, 1, 0, 0
25500, 4394, 1, 0, 0
26000, 3812, 1, 0, 0
26500, 3954, 1, 0, 0
27000, 3480, 1, 0, 0
27500, 4094, 1, 0, 0
28000, 4256, 1, 0, 0
28500, 3950, 1, 0, 0
29000, 3750, 1, 0, 0
29500, 3864, 1, 0, 0
30000, 4784, 1, 0, 0
30500, 4498, 1, 0, 0
31000, 4176, 1, 0, 0
31500, 4502, 1, 0, 0
32000, 4374, 1, 0, 0
32500, 4710, 1, 0, 0
33000, 4074, 1, 0, 0
33500, 4028, 1, 0, 0
34000, 4408, 1, 0, 0
34500, 4006, 1, 0, 0
35000, 4990, 1, 0, 0
35501, 4834, 1, 0, 0
36000, 4577, 1, 0, 0
36500, 4360, 1, 0, 0
37000, 5862, 1, 0, 0
37500, 5710, 1, 0, 0
38000, 5368, 1, 0, 0
38500, 4844, 1, 0, 0
39000, 6092, 1, 0, 0
39500, 7574, 1, 0, 0
40000, 7944, 1, 0, 0
40500, 8172, 1, 0, 0
41000, 9366, 1, 0, 0
41500, 9438, 1, 0, 0
42000, 10188, 1, 0, 0
42500, 13698, 1, 0, 0
43000, 14754, 1, 0, 0
43500, 27446, 1, 0, 0
44000, 12242, 1, 0, 0
44500, 2236, 1, 0, 0
45000, 2306, 1, 0, 0
45500, 2292, 1, 0, 0
46000, 2476, 1, 0, 0
46500, 2654, 1, 0, 0
47000, 2642, 1, 0, 0
47500, 2610, 1, 0, 0
48000, 2664, 1, 0, 0
48500, 3256, 1, 0, 0
49000, 2960, 1, 0, 0
49500, 3394, 1, 0, 0
50000, 3268, 1, 0, 0
50500, 3178, 1, 0, 0
51000, 3042, 1, 0, 0
51500, 3590, 1, 0, 0
52000, 3158, 1, 0, 0
52500, 2992, 1, 0, 0
53000, 3024, 1, 0, 0
53501, 3294, 1, 0, 0
54000, 3336, 1, 0, 0
54500, 3246, 1, 0, 0
55000, 3236, 1, 0, 0
55500, 3472, 1, 0, 0
56000, 3474, 1, 0, 0
56500, 3504, 1, 0, 0
57000, 3408, 1, 0, 0
57500, 3408, 1, 0, 0
58000, 3430, 1, 0, 0
58500, 3464, 1, 0, 0
59000, 3586, 1, 0, 0
59500, 3252, 1, 0, 0
60000, 3666, 1, 0, 0
