500, 2605, 1, 0, 0
1000, 2596, 1, 0, 0
1500, 2586, 1, 0, 0
2000, 2601, 1, 0, 0
2500, 2611, 1, 0, 0
3000, 2600, 1, 0, 0
3500, 2596, 1, 0, 0
4000, 2594, 1, 0, 0
4500, 2594, 1, 0, 0
5000, 2599, 1, 0, 0
5500, 2592, 1, 0, 0
6005, 2601, 1, 0, 0
6510, 2614, 1, 0, 0
7015, 2602, 1, 0, 0
7502, 2587, 1, 0, 0
8006, 2594, 1, 0, 0
8513, 2596, 1, 0, 0
9000, 2608, 1, 0, 0
9504, 2618, 1, 0, 0
10009, 2587, 1, 0, 0
10513, 2569, 1, 0, 0
11008, 2578, 1, 0, 0
11506, 2586, 1, 0, 0
12002, 2568, 1, 0, 0
12500, 2573, 1, 0, 0
13011, 2562, 1, 0, 0
13514, 2580, 1, 0, 0
14003, 2591, 1, 0, 0
14510, 2571, 1, 0, 0
15008, 2596, 1, 0, 0
15500, 2588, 1, 0, 0
16000, 2592, 1, 0, 0
16501, 2592, 1, 0, 0
17001, 2582, 1, 0, 0
17502, 2583, 1, 0, 0
18002, 2594, 1, 0, 0
18515, 2597, 1, 0, 0
19006, 2615, 1, 0, 0
19500, 2593, 1, 0, 0
20010, 2604, 1, 0, 0
20502, 2615, 1, 0, 0
21010, 2602, 1, 0, 0
21513, 2593, 1, 0, 0
22002, 2611, 1, 0, 0
22512, 2618, 1, 0, 0
23000, 2602, 1, 0, 0
23513, 2617, 1, 0, 0
24013, 2617, 1, 0, 0
24503, 2569, 1, 0, 0
25003, 2586, 1, 0, 0
25500, 2581, 1, 0, 0
26000, 2591, 1, 0, 0
26500, 2632, 1, 0, 0
27003, 2636, 1, 0, 0
27500, 2625, 1, 0, 0
28000, 2624, 1, 0, 0
28506, 2593, 1, 0, 0
29009, 2613, 1, 0, 0
29500, 2602, 1, 0, 0
30004, 2577, 1, 0, 0
30500, 2592, 1, 0, 0
31000, 2596, 1, 0, 0
31503, 2569, 1, 0, 0
32003, 2609, 1, 0, 0
32506, 2598, 1, 0, 0
33007, 2592, 1, 0, 0
33509, 2586, 1, 0, 0
34000, 2594, 1, 0, 0
34503, 2587, 1, 0, 0
35013, 2582, 1, 0, 0
35500, 2569, 1, 0, 0
36007, 2584, 1, 0, 0
36501, 2590, 1, 0, 0
37004, 2596, 1, 0, 0
37500, 2593, 1, 0, 0
38001, 2605, 1, 0, 0
38501, 2600, 1, 0, 0
39000, 2602, 1, 0, 0
39500, 2574, 1, 0, 0
40000, 2587, 1, 0, 0
40509, 2589, 1, 0, 0
41007, 2597, 1, 0, 0
41500, 2592, 1, 0, 0
42008, 2589, 1, 0, 0
42502, 2594, 1, 0, 0
43000, 2589, 1, 0, 0
43500, 2588, 1, 0, 0
44001, 2593, 1, 0, 0
44508, 2560, 1, 0, 0
45014, 2601, 1, 0, 0
45502, 2615, 1, 0, 0
46007, 2616, 1, 0, 0
46510, 2598, 1, 0, 0
47013, 2600, 1, 0, 0
47514, 2635, 1, 0, 0
48009, 2587, 1, 0, 0
48514, 2573, 1, 0, 0
49010, 2601, 1, 0, 0
49512, 2611, 1, 0, 0
50012, 2580, 1, 0, 0
50504, 2575, 1, 0, 0
51013, 2585, 1, 0, 0
51500, 2603, 1, 0, 0
52013, 2629, 1, 0, 0
52506, 2621, 1, 0, 0
53000, 2607, 1, 0, 0
53515, 2601, 1, 0, 0
54014, 2590, 1, 0, 0
54513, 2591, 1, 0, 0
55004, 2587, 1, 0, 0
55503, 2577, 1, 0, 0
56015, 2573, 1, 0, 0
56510, 2564, 1, 0, 0
57000, 2575, 1, 0, 0
57506, 2587, 1, 0, 0
58010, 2584, 1, 0, 0
58515, 2584, 1, 0, 0
59009, 2570, 1, 0, 0
59510, 2586, 1, 0, 0
60002, 2601, 1, 0, 0
