500, 934799, 1, 0, 0
1000, 938572, 1, 0, 0
1500, 940221, 1, 0, 0
2000, 936405, 1, 0, 0
2500, 942014, 1, 0, 0
3000, 943902, 1, 0, 0
3500, 937507, 1, 0, 0
4000, 940021, 1, 0, 0
4500, 947513, 1, 0, 0
5000, 934225, 1, 0, 0
5500, 931733, 1, 0, 0
6005, 1807598, 1, 0, 0
6510, 13883764, 1, 0, 0
7015, 13662923, 1, 0, 0
7502, 13599168, 1, 0, 0
8006, 12771223, 1, 0, 0
8513, 12000422, 1, 0, 0
9000, 11779958, 1, 0, 0
9504, 11286127, 1, 0, 0
10009, 10906566, 1, 0, 0
10513, 10400132, 1, 0, 0
11008, 10635064, 1, 0, 0
11506, 12774067, 1, 0, 0
12002, 10102315, 1, 0, 0
12500, 9867418, 1, 0, 0
13011, 9604672, 1, 0, 0
13514, 9195726, 1, 0, 0
14003, 10781834, 1, 0, 0
14510, 11504041, 1, 0, 0
15008, 10179603, 1, 0, 0
15500, 10930020, 1, 0, 0
16000, 9670278, 1, 0, 0
16501, 10909730, 1, 0, 0
17001, 9111901, 1, 0, 0
17502, 9318138, 1, 0, 0
18002, 8874626, 1, 0, 0
18515, 9570414, 1, 0, 0
19006, 9516606, 1, 0, 0
19500, 9715577, 1, 0, 0
20010, 8682640, 1, 0, 0
20502, 9135247, 1, 0, 0
21010, 8954141, 1, 0, 0
21513, 9700588, 1, 0, 0
22002, 8714018, 1, 0, 0
22512, 8204341, 1, 0, 0
23000, 9092461, 1, 0, 0
23513, 7804830, 1, 0, 0
24013, 7438801, 1, 0, 0
24503, 10470535, 1, 0, 0
25003, 8584785, 1, 0, 0
25500, 7455133, 1, 0, 0
26000, 8244991, 1, 0, 0
26500, 8246190, 1, 0, 0
27003, 8967204, 1, 0, 0
27500, 8013225, 1, 0, 0
28000, 7524816, 1, 0, 0
28506, 7920604, 1, 0, 0
29009, 8593334, 1, 0, 0
29500, 8378666, 1, 0, 0
30004, 6536714, 1, 0, 0
30500, 7287592, 1, 0, 0
31000, 7663700, 1, 0, 0
31503, 6917362, 1, 0, 0
32003, 7305525, 1, 0, 0
32506, 6848832, 1, 0, 0
33007, 7868878, 1, 0, 0
33509, 7968595, 1, 0, 0
34012, 7320158, 1, 0, 0
34503, 7828549, 1, 0, 0
35013, 6534952, 1, 0, 0
35500, 6505327, 1, 0, 0
36007, 7038296, 1, 0, 0
36501, 7246907, 1, 0, 0
37004, 5496315, 1, 0, 0
37500, 5558125, 1, 0, 0
38001, 5968783, 1, 0, 0
38501, 6609702, 1, 0, 0
39000, 5373511, 1, 0, 0
39500, 4114061, 1, 0, 0
40000, 4032218, 1, 0, 0
40509, 3977893, 1, 0, 0
41007, 3409224, 1, 0, 0
41500, 3415002, 1, 0, 0
42008, 3133232, 1, 0, 0
42502, 2317202, 1, 0, 0
43000, 2186861, 1, 0, 0
43500, 1163424, 1, 0, 0
44001, 2524211, 1, 0, 0
44508, 14527960, 1, 0, 0
45014, 14025486, 1, 0, 0
45502, 13612408, 1, 0, 0
46007, 13051987, 1, 0, 0
46510, 12130683, 1, 0, 0
47013, 12183786, 1, 0, 0
47514, 12271285, 1, 0, 0
48009, 11908549, 1, 0, 0
48514, 9931786, 1, 0, 0
49010, 10708726, 1, 0, 0
49512, 9470815, 1, 0, 0
50012, 9789163, 1, 0, 0
50504, 9919311, 1, 0, 0
51013, 10682558, 1, 0, 0
51500, 9031239, 1, 0, 0
52013, 9982313, 1, 0, 0
52506, 10535176, 1, 0, 0
53000, 10790935, 1, 0, 0
53515, 9726155, 1, 0, 0
54014, 9570271, 1, 0, 0
54513, 9848816, 1, 0, 0
55004, 9702069, 1, 0, 0
55503, 9219536, 1, 0, 0
56015, 9416151, 1, 0, 0
56510, 9039125, 1, 0, 0
57000, 9216252, 1, 0, 0
57506, 9475564, 1, 0, 0
58010, 9408767, 1, 0, 0
58515, 9326418, 1, 0, 0
59009, 8822126, 1, 0, 0
59510, 9842159, 1, 0, 0
60001, 8573425, 1, 0, 0
60002, 18142780, 1, 0, 0
