500, 2185856, 1, 0, 0
1000, 2175616, 1, 0, 0
1500, 2170112, 1, 0, 0
2000, 2182272, 1, 0, 0
2500, 2167278, 1, 0, 0
3000, 2163840, 1, 0, 0
3500, 2177920, 1, 0, 0
4000, 2172416, 1, 0, 0
4500, 2155264, 1, 0, 0
5000, 2185600, 1, 0, 0
5500, 2191232, 1, 0, 0
6000, 1103104, 1, 0, 0
6500, 149120, 1, 0, 0
7000, 151424, 1, 0, 0
7500, 146560, 1, 0, 0
8000, 161664, 1, 0, 0
8500, 172928, 1, 0, 0
9000, 169856, 1, 0, 0
9500, 182528, 1, 0, 0
10000, 189440, 1, 0, 0
10500, 198528, 1, 0, 0
11000, 190720, 1, 0, 0
11500, 159872, 1, 0, 0
12000, 200704, 1, 0, 0
12500, 215552, 1, 0, 0
13000, 209024, 1, 0, 0
13500, 224128, 1, 0, 0
14000, 185472, 1, 0, 0
14500, 180736, 1, 0, 0
15000, 200064, 1, 0, 0
15500, 189824, 1, 0, 0
16000, 215296, 1, 0, 0
16500, 179456, 1, 0, 0
17000, 224896, 1, 0, 0
17500, 219904, 1, 0, 0
18000, 230784, 1, 0, 0
18500, 219264, 1, 0, 0
19001, 211456, 1, 0, 0
19500, 214957, 1, 0, 0
20000, 233600, 1, 0, 0
20500, 220160, 1, 0, 0
21000, 232704, 1, 0, 0
21500, 212096, 1, 0, 0
22000, 230016, 1, 0, 0
22500, 254464, 1, 0, 0
23000, 220416, 1, 0, 0
23500, 268160, 1, 0, 0
24000, 275584, 1, 0, 0
24500, 191744, 1, 0, 0
25000, 238336, 1, 0, 0
25500, 281216, 1, 0, 0
26000, 243968, 1, 0, 0
26500, 253056, 1, 0, 0
27000, 222720, 1, 0, 0
27500, 262016, 1, 0, 0
28000, 272384, 1, 0, 0
28500, 252800, 1, 0, 0
29000, 240000, 1, 0, 0
29500, 247296, 1, 0, 0
30000, 306176, 1, 0, 0
30500, 287872, 1, 0, 0
31000, 267264, 1, 0, 0
31500, 288128, 1, 0, 0
32000, 279936, 1, 0, 0
32500, 301440, 1, 0, 0
33000, 260736, 1, 0, 0
33500, 257792, 1, 0, 0
34000, 282112, 1, 0, 0
34500, 256384, 1, 0, 0
35000, 319360, 1, 0, 0
35501, 309376, 1, 0, 0
36000, 292937, 1, 0, 0
36500, 279040, 1, 0, 0
37000, 375168, 1, 0, 0
37500, 365440, 1, 0, 0
38000, 343552, 1, 0, 0
38500, 310016, 1, 0, 0
39000, 389888, 1, 0, 0
39500, 484736, 1, 0, 0
40000, 508416, 1, 0, 0
40500, 523008, 1, 0, 0
41000, 599424, 1, 0, 0
41500, 604032, 1, 0, 0
42000, 652032, 1, 0, 0
42500, 876672, 1, 0, 0
43000, 944256, 1, 0, 0
43500, 1756544, 1, 0, 0
44000, 783488, 1, 0, 0
44500, 143104, 1, 0, 0
45000, 147584, 1, 0, 0
45500, 146688, 1, 0, 0
46000, 158464, 1, 0, 0
46500, 169856, 1, 0, 0
47000, 169088, 1, 0, 0
47500, 167040, 1, 0, 0
48000, 170496, 1, 0, 0
48500, 208384, 1, 0, 0
49000, 189440, 1, 0, 0
49500, 217216, 1, 0, 0
50000, 209152, 1, 0, 0
50500, 203392, 1, 0, 0
51000, 194688, 1, 0, 0
51500, 229760, 1, 0, 0
52000, 202112, 1, 0, 0
52500, 191488, 1, 0, 0
53000, 193536, 1, 0, 0
53501, 210816, 1, 0, 0
54000, 213547, 1, 0, 0
54500, 207744, 1, 0, 0
55000, 207104, 1, 0, 0
55500, 222208, 1, 0, 0
56000, 222336, 1, 0, 0
56500, 224256, 1, 0, 0
57000, 218112, 1, 0, 0
57500, 218112, 1, 0, 0
58000, 219520, 1, 0, 0
58500, 221696, 1, 0, 0
59000, 229504, 1, 0, 0
59500, 208128, 1, 0, 0
60000, 234624, 1, 0, 0
