500, 937404, 1, 0, 0
1000, 941168, 1, 0, 0
1500, 942807, 1, 0, 0
2000, 939005, 1, 0, 0
2500, 944624, 1, 0, 0
3000, 946502, 1, 0, 0
3500, 940104, 1, 0, 0
4000, 942615, 1, 0, 0
4500, 950107, 1, 0, 0
5000, 936823, 1, 0, 0
5500, 934325, 1, 0, 0
6005, 1810198, 1, 0, 0
6510, 13886376, 1, 0, 0
7015, 13665527, 1, 0, 0
7502, 13601755, 1, 0, 0
8006, 12773816, 1, 0, 0
8513, 12003019, 1, 0, 0
9000, 11782564, 1, 0, 0
9504, 11288747, 1, 0, 0
10009, 10909152, 1, 0, 0
10513, 10402701, 1, 0, 0
11008, 10637643, 1, 0, 0
11506, 12776652, 1, 0, 0
12002, 10104887, 1, 0, 0
12500, 9869990, 1, 0, 0
13011, 9607236, 1, 0, 0
13514, 9198305, 1, 0, 0
14003, 10784426, 1, 0, 0
14510, 11506609, 1, 0, 0
15008, 10182200, 1, 0, 0
15500, 10932607, 1, 0, 0
16000, 9672870, 1, 0, 0
16501, 10912323, 1, 0, 0
17001, 9114486, 1, 0, 0
17502, 9320717, 1, 0, 0
18002, 8877223, 1, 0, 0
18515, 9573011, 1, 0, 0
19006, 9519221, 1, 0, 0
19500, 9718168, 1, 0, 0
20010, 8685244, 1, 0, 0
20502, 9137862, 1, 0, 0
21010, 8956746, 1, 0, 0
21513, 9703179, 1, 0, 0
22002, 8716631, 1, 0, 0
22512, 8206960, 1, 0, 0
23000, 9095063, 1, 0, 0
23513, 7807446, 1, 0, 0
24013, 7441417, 1, 0, 0
24503, 10473106, 1, 0, 0
25003, 8587370, 1, 0, 0
25500, 7457715, 1, 0, 0
26000, 8247581, 1, 0, 0
26500, 8248822, 1, 0, 0
27003, 8969838, 1, 0, 0
27500, 8015851, 1, 0, 0
28000, 7527441, 1, 0, 0
28506, 7923199, 1, 0, 0
29009, 8595944, 1, 0, 0
29500, 8381270, 1, 0, 0
30004, 6539290, 1, 0, 0
30500, 7290185, 1, 0, 0
31000, 7666294, 1, 0, 0
31503, 6919933, 1, 0, 0
32003, 7308132, 1, 0, 0
32506, 6851432, 1, 0, 0
33007, 7871469, 1, 0, 0
33509, 7971183, 1, 0, 0
34012, 7322751, 1, 0, 0
34503, 7831135, 1, 0, 0
35013, 6537534, 1, 0, 0
35500, 6507898, 1, 0, 0
36007, 7040878, 1, 0, 0
36501, 7249498, 1, 0, 0
37004, 5498912, 1, 0, 0
37500, 5560718, 1, 0, 0
38001, 5971388, 1, 0, 0
38501, 6612301, 1, 0, 0
39000, 5376112, 1, 0, 0
39500, 4116636, 1, 0, 0
40000, 4034804, 1, 0, 0
40509, 3980482, 1, 0, 0
41007, 3411820, 1, 0, 0
41500, 3417595, 1, 0, 0
42008, 3135820, 1, 0, 0
42502, 2319796, 1, 0, 0
43000, 2189450, 1, 0, 0
43500, 1166012, 1, 0, 0
44001, 2526804, 1, 0, 0
44508, 14530523, 1, 0, 0
45014, 14028086, 1, 0, 0
45502, 13615021, 1, 0, 0
46007, 13054600, 1, 0, 0
46510, 12133281, 1, 0, 0
47013, 12186382, 1, 0, 0
47514, 12273929, 1, 0, 0
48009, 11911131, 1, 0, 0
48514, 9934361, 1, 0, 0
49010, 10711326, 1, 0, 0
49512, 9473426, 1, 0, 0
50012, 9791742, 1, 0, 0
50504, 9921887, 1, 0, 0
51013, 10685142, 1, 0, 0
51500, 9033843, 1, 0, 0
52013, 9984939, 1, 0, 0
52506, 10537800, 1, 0, 0
53000, 10793541, 1, 0, 0
53515, 9728754, 1, 0, 0
54014, 9572861, 1, 0, 0
54513, 9851407, 1, 0, 0
55004, 9704654, 1, 0, 0
55503, 9222116, 1, 0, 0
56015, 9418724, 1, 0, 0
56510, 9041687, 1, 0, 0
57000, 9218828, 1, 0, 0
57506, 9478151, 1, 0, 0
58010, 9411353, 1, 0, 0
58515, 9328998, 1, 0, 0
59009, 8824698, 1, 0, 0
59510, 9844744, 1, 0, 0
60001, 8576026, 1, 0, 0
60002, 18145454, 1, 0, 0
