500, 1624, 1, 0, 0
1000, 1610, 1, 0, 0
1500, 1604, 1, 0, 0
2000, 1608, 1, 0, 0
2500, 1658, 1, 0, 0
3000, 1612, 1, 0, 0
3500, 1611, 1, 0, 0
4000, 1610, 1, 0, 0
4500, 1609, 1, 0, 0
5000, 1623, 1, 0, 0
5517, 1644, 1, 0, 0
6010, 1659, 1, 0, 0
6501, 1641, 1, 0, 0
7012, 1664, 1, 0, 0
7504, 1657, 1, 0, 0
8016, 1659, 1, 0, 0
8507, 1663, 1, 0, 0
9000, 1650, 1, 0, 0
9507, 1681, 1, 0, 0
10000, 1685, 1, 0, 0
10506, 1661, 1, 0, 0
11014, 1656, 1, 0, 0
11501, 1653, 1, 0, 0
12009, 1655, 1, 0, 0
12500, 1662, 1, 0, 0
13008, 1658, 1, 0, 0
13500, 1650, 1, 0, 0
14006, 1656, 1, 0, 0
14514, 1660, 1, 0, 0
15004, 1656, 1, 0, 0
15512, 1649, 1, 0, 0
16001, 1646, 1, 0, 0
16508, 1648, 1, 0, 0
17014, 1644, 1, 0, 0
17501, 1652, 1, 0, 0
18007, 1654, 1, 0, 0
18514, 1651, 1, 0, 0
19002, 1643, 1, 0, 0
19507, 1643, 1, 0, 0
20014, 1658, 1, 0, 0
20502, 1661, 1, 0, 0
21008, 1658, 1, 0, 0
21514, 1669, 1, 0, 0
22000, 1663, 1, 0, 0
22506, 1654, 1, 0, 0
23011, 1664, 1, 0, 0
23500, 1656, 1, 0, 0
24003, 1660, 1, 0, 0
24507, 1660, 1, 0, 0
25013, 1645, 1, 0, 0
25500, 1645, 1, 0, 0
26002, 1658, 1, 0, 0
26506, 1651, 1, 0, 0
27009, 1658, 1, 0, 0
27512, 1653, 1, 0, 0
28000, 1650, 1, 0, 0
28500, 1655, 1, 0, 0
29001, 1654, 1, 0, 0
29503, 1651, 1, 0, 0
30004, 1658, 1, 0, 0
30503, 1698, 1, 0, 0
31003, 1648, 1, 0, 0
31501, 1645, 1, 0, 0
32000, 1647, 1, 0, 0
32500, 1701, 1, 0, 0
33011, 1652, 1, 0, 0
33505, 1651, 1, 0, 0
34000, 1647, 1, 0, 0
34507, 1662, 1, 0, 0
35000, 1660, 1, 0, 0
35500, 1667, 1, 0, 0
36000, 1646, 1, 0, 0
36504, 1637, 1, 0, 0
37000, 1638, 1, 0, 0
37500, 1627, 1, 0, 0
38013, 1629, 1, 0, 0
38505, 1682, 1, 0, 0
39000, 1939, 1, 0, 0
39510, 1664, 1, 0, 0
40001, 1671, 1, 0, 0
40512, 1670, 1, 0, 0
41002, 1676, 1, 0, 0
41514, 1838, 1, 0, 0
42003, 1760, 1, 0, 0
42511, 1659, 1, 0, 0
43000, 1667, 1, 0, 0
43507, 1642, 1, 0, 0
44015, 1650, 1, 0, 0
44501, 1657, 1, 0, 0
45011, 1661, 1, 0, 0
45500, 1664, 1, 0, 0
46009, 1658, 1, 0, 0
46500, 1647, 1, 0, 0
47007, 1656, 1, 0, 0
47514, 1650, 1, 0, 0
48002, 1646, 1, 0, 0
48510, 1646, 1, 0, 0
49000, 1651, 1, 0, 0
49505, 1654, 1, 0, 0
50010, 1652, 1, 0, 0
50500, 1640, 1, 0, 0
51004, 1650, 1, 0, 0
51510, 1665, 1, 0, 0
52000, 1650, 1, 0, 0
52504, 1650, 1, 0, 0
53011, 1640, 1, 0, 0
53516, 1649, 1, 0, 0
54003, 1648, 1, 0, 0
54508, 1662, 1, 0, 0
55012, 1652, 1, 0, 0
55500, 1647, 1, 0, 0
56004, 1661, 1, 0, 0
56508, 1654, 1, 0, 0
57012, 1648, 1, 0, 0
57500, 1638, 1, 0, 0
58002, 1648, 1, 0, 0
58506, 1654, 1, 0, 0
59010, 1652, 1, 0, 0
59513, 1652, 1, 0, 0
60016, 1655, 1, 0, 0
