500, 2287616, 1, 0, 0
1000, 2287104, 1, 0, 0
1500, 2286976, 1, 0, 0
2000, 2286656, 1, 0, 0
2500, 2286976, 1, 0, 0
3000, 2286976, 1, 0, 0
3500, 2286848, 1, 0, 0
4000, 2286592, 1, 0, 0
4500, 2286848, 1, 0, 0
5000, 2286848, 1, 0, 0
5500, 2111488, 1, 0, 0
6000, 136192, 1, 0, 0
6500, 134656, 1, 0, 0
7000, 145920, 1, 0, 0
7500, 148224, 1, 0, 0
8000, 161280, 1, 0, 0
8500, 164864, 1, 0, 0
9000, 181290, 1, 0, 0
9500, 183616, 1, 0, 0
10000, 201856, 1, 0, 0
10500, 205696, 1, 0, 0
11000, 226560, 1, 0, 0
11500, 228096, 1, 0, 0
12000, 244992, 1, 0, 0
12500, 243840, 1, 0, 0
13000, 210816, 1, 0, 0
13500, 215552, 1, 0, 0
14000, 209920, 1, 0, 0
14500, 221696, 1, 0, 0
15000, 217856, 1, 0, 0
15500, 231424, 1, 0, 0
16000, 228096, 1, 0, 0
16500, 240384, 1, 0, 0
17000, 244736, 1, 0, 0
17500, 237824, 1, 0, 0
18000, 250368, 1, 0, 0
18500, 254976, 1, 0, 0
19000, 244480, 1, 0, 0
19500, 257792, 1, 0, 0
20000, 262144, 1, 0, 0
20500, 256000, 1, 0, 0
21000, 267776, 1, 0, 0
21500, 273152, 1, 0, 0
22000, 270784, 1, 0, 0
22500, 286272, 1, 0, 0
23000, 287807, 1, 0, 0
23500, 288448, 1, 0, 0
24000, 289856, 1, 0, 0
24500, 302336, 1, 0, 0
25000, 304640, 1, 0, 0
25500, 307584, 1, 0, 0
26000, 312192, 1, 0, 0
26500, 324608, 1, 0, 0
27000, 331008, 1, 0, 0
27500, 340992, 1, 0, 0
28000, 348928, 1, 0, 0
28500, 349824, 1, 0, 0
29000, 366976, 1, 0, 0
29500, 375296, 1, 0, 0
30000, 382976, 1, 0, 0
30500, 401408, 1, 0, 0
31000, 416512, 1, 0, 0
31500, 424448, 1, 0, 0
32000, 448896, 1, 0, 0
32500, 483264, 1, 0, 0
33000, 489664, 1, 0, 0
33500, 510720, 1, 0, 0
34000, 546304, 1, 0, 0
34500, 592896, 1, 0, 0
35000, 648849, 1, 0, 0
35500, 681600, 1, 0, 0
36000, 790336, 1, 0, 0
36500, 916160, 1, 0, 0
37000, 1160448, 1, 0, 0
37500, 1886208, 1, 0, 0
38000, 802048, 1, 0, 0
38500, 130048, 1, 0, 0
39000, 141760, 1, 0, 0
39500, 143680, 1, 0, 0
40000, 151296, 1, 0, 0
40500, 166400, 1, 0, 0
41000, 168448, 1, 0, 0
41500, 186624, 1, 0, 0
42000, 190208, 1, 0, 0
42500, 208640, 1, 0, 0
43000, 211456, 1, 0, 0
43500, 231680, 1, 0, 0
44000, 243968, 1, 0, 0
44500, 238592, 1, 0, 0
45001, 227072, 1, 0, 0
45500, 203158, 1, 0, 0
46000, 216064, 1, 0, 0
46500, 214272, 1, 0, 0
47000, 227840, 1, 0, 0
47500, 235264, 1, 0, 0
48000, 230144, 1, 0, 0
48500, 242176, 1, 0, 0
49000, 241728, 1, 0, 0
49500, 241856, 1, 0, 0
50000, 252928, 1, 0, 0
50500, 249280, 1, 0, 0
51000, 248384, 1, 0, 0
51500, 254208, 1, 0, 0
52000, 257472, 1, 0, 0
52500, 255296, 1, 0, 0
53000, 269568, 1, 0, 0
53500, 274432, 1, 0, 0
54000, 263936, 1, 0, 0
54500, 279552, 1, 0, 0
55000, 285952, 1, 0, 0
55500, 285120, 1, 0, 0
56000, 283200, 1, 0, 0
56500, 302336, 1, 0, 0
57000, 309248, 1, 0, 0
57500, 311616, 1, 0, 0
58000, 313280, 1, 0, 0
58500, 320000, 1, 0, 0
59000, 325888, 1, 0, 0
59500, 336032, 1, 0, 0
60000, 339584, 1, 0, 0
