500, 445625, 1, 0, 0
1000, 445979, 1, 0, 0
1500, 445988, 1, 0, 0
2000, 445983, 1, 0, 0
2500, 445927, 1, 0, 0
3000, 445974, 1, 0, 0
3500, 445976, 1, 0, 0
4000, 445979, 1, 0, 0
4500, 445975, 1, 0, 0
5000, 445986, 1, 0, 0
5517, 481917, 1, 0, 0
6010, 7424667, 1, 0, 0
6501, 7475122, 1, 0, 0
7012, 7171805, 1, 0, 0
7504, 6782627, 1, 0, 0
8016, 6507106, 1, 0, 0
8507, 6094812, 1, 0, 0
9000, 5765071, 1, 0, 0
9507, 5473471, 1, 0, 0
10000, 5166487, 1, 0, 0
10506, 4868733, 1, 0, 0
11014, 4590469, 1, 0, 0
11501, 4380557, 1, 0, 0
12009, 4244528, 1, 0, 0
12500, 4278216, 1, 0, 0
13008, 4739441, 1, 0, 0
13500, 4842756, 1, 0, 0
14006, 4764683, 1, 0, 0
14514, 4694860, 1, 0, 0
15004, 4595721, 1, 0, 0
15512, 4494811, 1, 0, 0
16001, 4390421, 1, 0, 0
16507, 4315391, 1, 0, 0
17014, 4236054, 1, 0, 0
17501, 4198245, 1, 0, 0
18007, 4133923, 1, 0, 0
18514, 4071945, 1, 0, 0
19002, 4078662, 1, 0, 0
19507, 4011927, 1, 0, 0
20014, 3963059, 1, 0, 0
20502, 3899377, 1, 0, 0
21008, 3877115, 1, 0, 0
21514, 3787620, 1, 0, 0
22000, 3683791, 1, 0, 0
22506, 3608230, 1, 0, 0
23011, 3595607, 1, 0, 0
23500, 3584762, 1, 0, 0
24003, 3438760, 1, 0, 0
24507, 3413714, 1, 0, 0
25013, 3397993, 1, 0, 0
25500, 3357352, 1, 0, 0
26002, 3181486, 1, 0, 0
26506, 3176958, 1, 0, 0
27009, 3111173, 1, 0, 0
27512, 3019289, 1, 0, 0
28000, 2967006, 1, 0, 0
28500, 2888741, 1, 0, 0
29001, 2731724, 1, 0, 0
29503, 2741066, 1, 0, 0
30004, 2674330, 1, 0, 0
30503, 2547621, 1, 0, 0
31003, 2452367, 1, 0, 0
31501, 2406486, 1, 0, 0
32000, 2299155, 1, 0, 0
32500, 2165741, 1, 0, 0
33011, 2066383, 1, 0, 0
33505, 1983576, 1, 0, 0
34000, 1915979, 1, 0, 0
34507, 1694563, 1, 0, 0
35000, 1596460, 1, 0, 0
35500, 1501617, 1, 0, 0
36000, 1294058, 1, 0, 0
36504, 1105138, 1, 0, 0
37000, 889207, 1, 0, 0
37500, 541074, 1, 0, 0
38013, 1261247, 1, 0, 0
38505, 7753920, 1, 0, 0
39000, 7494975, 1, 0, 0
39510, 6939240, 1, 0, 0
40001, 6648881, 1, 0, 0
40512, 6291903, 1, 0, 0
41002, 5953840, 1, 0, 0
41514, 5611108, 1, 0, 0
42003, 5269230, 1, 0, 0
42511, 4981548, 1, 0, 0
43000, 4752652, 1, 0, 0
43507, 4471173, 1, 0, 0
44015, 4257500, 1, 0, 0
44501, 4172781, 1, 0, 0
45011, 4586340, 1, 0, 0
45500, 4952648, 1, 0, 0
46009, 4814489, 1, 0, 0
46500, 4794163, 1, 0, 0
47007, 4462501, 1, 0, 0
47514, 4411471, 1, 0, 0
48002, 4340851, 1, 0, 0
48510, 4296667, 1, 0, 0
49000, 4303224, 1, 0, 0
49505, 4115997, 1, 0, 0
50010, 4095944, 1, 0, 0
50500, 4176201, 1, 0, 0
51004, 3994984, 1, 0, 0
51510, 4073332, 1, 0, 0
52000, 4054554, 1, 0, 0
52504, 3888803, 1, 0, 0
53011, 3845513, 1, 0, 0
53516, 3767912, 1, 0, 0
54003, 3778106, 1, 0, 0
54508, 3701610, 1, 0, 0
55012, 3603915, 1, 0, 0
55500, 3638880, 1, 0, 0
56004, 3509043, 1, 0, 0
56508, 3415310, 1, 0, 0
57012, 3332669, 1, 0, 0
57500, 3348691, 1, 0, 0
58002, 3141339, 1, 0, 0
58506, 3227152, 1, 0, 0
59010, 3162276, 1, 0, 0
59513, 3070712, 1, 0, 0
60016, 3027950, 1, 0, 0
60016, 16922521, 1, 0, 0
