500, 447249, 1, 0, 0
1000, 447589, 1, 0, 0
1500, 447592, 1, 0, 0
2000, 447591, 1, 0, 0
2500, 447585, 1, 0, 0
3000, 447586, 1, 0, 0
3500, 447587, 1, 0, 0
4000, 447589, 1, 0, 0
4500, 447584, 1, 0, 0
5000, 447608, 1, 0, 0
5517, 483561, 1, 0, 0
6010, 7426326, 1, 0, 0
6501, 7476762, 1, 0, 0
7012, 7173468, 1, 0, 0
7504, 6784285, 1, 0, 0
8016, 6508764, 1, 0, 0
8507, 6096474, 1, 0, 0
9000, 5766721, 1, 0, 0
9507, 5475152, 1, 0, 0
10000, 5168171, 1, 0, 0
10506, 4870394, 1, 0, 0
11014, 4592126, 1, 0, 0
11501, 4382210, 1, 0, 0
12009, 4246183, 1, 0, 0
12500, 4279879, 1, 0, 0
13008, 4741099, 1, 0, 0
13500, 4844406, 1, 0, 0
14006, 4766339, 1, 0, 0
14514, 4696519, 1, 0, 0
15004, 4597376, 1, 0, 0
15512, 4496460, 1, 0, 0
16001, 4392067, 1, 0, 0
16507, 4317038, 1, 0, 0
17014, 4237698, 1, 0, 0
17501, 4199897, 1, 0, 0
18007, 4135578, 1, 0, 0
18514, 4073596, 1, 0, 0
19002, 4080305, 1, 0, 0
19507, 4013569, 1, 0, 0
20014, 3964718, 1, 0, 0
20502, 3901037, 1, 0, 0
21008, 3878773, 1, 0, 0
21514, 3789290, 1, 0, 0
22000, 3685454, 1, 0, 0
22506, 3609884, 1, 0, 0
23011, 3597272, 1, 0, 0
23500, 3586418, 1, 0, 0
24003, 3440420, 1, 0, 0
24507, 3415375, 1, 0, 0
25013, 3399638, 1, 0, 0
25500, 3358994, 1, 0, 0
26002, 3183148, 1, 0, 0
26506, 3178609, 1, 0, 0
27009, 3112831, 1, 0, 0
27512, 3020942, 1, 0, 0
28000, 2968655, 1, 0, 0
28500, 2890397, 1, 0, 0
29001, 2733378, 1, 0, 0
29503, 2742718, 1, 0, 0
30004, 2675988, 1, 0, 0
30503, 2549320, 1, 0, 0
31003, 2454015, 1, 0, 0
31501, 2408132, 1, 0, 0
32000, 2300801, 1, 0, 0
32500, 2167442, 1, 0, 0
33011, 2068035, 1, 0, 0
33505, 1985227, 1, 0, 0
34000, 1917626, 1, 0, 0
34507, 1696225, 1, 0, 0
35000, 1598120, 1, 0, 0
35500, 1503284, 1, 0, 0
36000, 1295703, 1, 0, 0
36504, 1106775, 1, 0, 0
37000, 890845, 1, 0, 0
37500, 542701, 1, 0, 0
38013, 1262876, 1, 0, 0
38505, 7755602, 1, 0, 0
39000, 7496914, 1, 0, 0
39510, 6940905, 1, 0, 0
40001, 6650552, 1, 0, 0
40512, 6293571, 1, 0, 0
41002, 5955517, 1, 0, 0
41514, 5612933, 1, 0, 0
42003, 5271001, 1, 0, 0
42511, 4983208, 1, 0, 0
43000, 4754319, 1, 0, 0
43507, 4472814, 1, 0, 0
44015, 4259150, 1, 0, 0
44501, 4174439, 1, 0, 0
45011, 4588001, 1, 0, 0
45500, 4954312, 1, 0, 0
46009, 4816147, 1, 0, 0
46500, 4795810, 1, 0, 0
47007, 4464157, 1, 0, 0
47514, 4413121, 1, 0, 0
48002, 4342496, 1, 0, 0
48510, 4298314, 1, 0, 0
49000, 4304875, 1, 0, 0
49505, 4117650, 1, 0, 0
50010, 4097596, 1, 0, 0
50500, 4177842, 1, 0, 0
51004, 3996634, 1, 0, 0
51510, 4074997, 1, 0, 0
52000, 4056204, 1, 0, 0
52504, 3890453, 1, 0, 0
53011, 3847153, 1, 0, 0
53516, 3769562, 1, 0, 0
54003, 3779755, 1, 0, 0
54508, 3703271, 1, 0, 0
55012, 3605567, 1, 0, 0
55500, 3640527, 1, 0, 0
56004, 3510705, 1, 0, 0
56508, 3416964, 1, 0, 0
57012, 3334317, 1, 0, 0
57500, 3350330, 1, 0, 0
58002, 3142987, 1, 0, 0
58506, 3228805, 1, 0, 0
59010, 3163928, 1, 0, 0
59513, 3072364, 1, 0, 0
60016, 3029605, 1, 0, 0
60016, 16924147, 1, 0, 0
