500, 71490, 1, 0, 0
1000, 71470, 1, 0, 0
1500, 71468, 1, 0, 0
2000, 71458, 1, 0, 0
2500, 71468, 1, 0, 0
3000, 71468, 1, 0, 0
3500, 71464, 1, 0, 0
4000, 71456, 1, 0, 0
4500, 71464, 1, 0, 0
5000, 71464, 1, 0, 0
5500, 65984, 1, 0, 0
6000, 4256, 1, 0, 0
6500, 4208, 1, 0, 0
7000, 4560, 1, 0, 0
7500, 4632, 1, 0, 0
8000, 5040, 1, 0, 0
8500, 5152, 1, 0, 0
9000, 5665, 1, 0, 0
9500, 5738, 1, 0, 0
10000, 6308, 1, 0, 0
10500, 6428, 1, 0, 0
11000, 7080, 1, 0, 0
11500, 7128, 1, 0, 0
12000, 7656, 1, 0, 0
12500, 7620, 1, 0, 0
13000, 6588, 1, 0, 0
13500, 6736, 1, 0, 0
14000, 6560, 1, 0, 0
14500, 6928, 1, 0, 0
15000, 6808, 1, 0, 0
15500, 7232, 1, 0, 0
16000, 7128, 1, 0, 0
16500, 7512, 1, 0, 0
17000, 7648, 1, 0, 0
17500, 7432, 1, 0, 0
18000, 7824, 1, 0, 0
18500, 7968, 1, 0, 0
19000, 7640, 1, 0, 0
19500, 8056, 1, 0, 0
20000, 8192, 1, 0, 0
20500, 8000, 1, 0, 0
21000, 8368, 1, 0, 0
21500, 8536, 1, 0, 0
22000, 8462, 1, 0, 0
22500, 8946, 1, 0, 0
23000, 8993, 1, 0, 0
23500, 9014, 1, 0, 0
24000, 9058, 1, 0, 0
24500, 9448, 1, 0, 0
25000, 9520, 1, 0, 0
25500, 9612, 1, 0, 0
26000, 9756, 1, 0, 0
26500, 10144, 1, 0, 0
27000, 10344, 1, 0, 0
27500, 10656, 1, 0, 0
28000, 10904, 1, 0, 0
28500, 10932, 1, 0, 0
29000, 11468, 1, 0, 0
29500, 11728, 1, 0, 0
30000, 11968, 1, 0, 0
30500, 12544, 1, 0, 0
31000, 13016, 1, 0, 0
31500, 13264, 1, 0, 0
32000, 14028, 1, 0, 0
32500, 15102, 1, 0, 0
33000, 15302, 1, 0, 0
33500, 15960, 1, 0, 0
34000, 17072, 1, 0, 0
34500, 18528, 1, 0, 0
35000, 20276, 1, 0, 0
35500, 21300, 1, 0, 0
36000, 24698, 1, 0, 0
36500, 28630, 1, 0, 0
37000, 36264, 1, 0, 0
37500, 58944, 1, 0, 0
38000, 25064, 1, 0, 0
38500, 4064, 1, 0, 0
39000, 4430, 1, 0, 0
39500, 4490, 1, 0, 0
40000, 4728, 1, 0, 0
40500, 5200, 1, 0, 0
41000, 5264, 1, 0, 0
41500, 5832, 1, 0, 0
42000, 5944, 1, 0, 0
42500, 6520, 1, 0, 0
43000, 6608, 1, 0, 0
43500, 7240, 1, 0, 0
44000, 7624, 1, 0, 0
44500, 7456, 1, 0, 0
45001, 7096, 1, 0, 0
45500, 6348, 1, 0, 0
46000, 6752, 1, 0, 0
46500, 6696, 1, 0, 0
47000, 7120, 1, 0, 0
47500, 7352, 1, 0, 0
48000, 7192, 1, 0, 0
48500, 7568, 1, 0, 0
49000, 7554, 1, 0, 0
49500, 7558, 1, 0, 0
50000, 7904, 1, 0, 0
50500, 7790, 1, 0, 0
51000, 7762, 1, 0, 0
51500, 7944, 1, 0, 0
52000, 8046, 1, 0, 0
52500, 7978, 1, 0, 0
53000, 8424, 1, 0, 0
53500, 8576, 1, 0, 0
54000, 8248, 1, 0, 0
54500, 8736, 1, 0, 0
55000, 8936, 1, 0, 0
55500, 8910, 1, 0, 0
56000, 8850, 1, 0, 0
56500, 9448, 1, 0, 0
57000, 9664, 1, 0, 0
57500, 9738, 1, 0, 0
58000, 9790, 1, 0, 0
58500, 10000, 1, 0, 0
59000, 10184, 1, 0, 0
59500, 10501, 1, 0, 0
60000, 10612, 1, 0, 0
