500, 58246, 1, 0, 0
1000, 58106, 1, 0, 0
1500, 58294, 1, 0, 0
2000, 58244, 1, 0, 0
2500, 58299, 1, 0, 0
3000, 58212, 1, 0, 0
3500, 58327, 1, 0, 0
4000, 58357, 1, 0, 0
4500, 58406, 1, 0, 0
5000, 58407, 1, 0, 0
5500, 58858, 1, 0, 0
6000, 59970, 1, 0, 0
6500, 59890, 1, 0, 0
7000, 59774, 1, 0, 0
7500, 59789, 1, 0, 0
8000, 59925, 1, 0, 0
8500, 59991, 1, 0, 0
9000, 59995, 1, 0, 0
9500, 59919, 1, 0, 0
10000, 59957, 1, 0, 0
10500, 59956, 1, 0, 0
11000, 60089, 1, 0, 0
11500, 59910, 1, 0, 0
12000, 59971, 1, 0, 0
12500, 59768, 1, 0, 0
13000, 59889, 1, 0, 0
13500, 59979, 1, 0, 0
14000, 60068, 1, 0, 0
14500, 59962, 1, 0, 0
15000, 60010, 1, 0, 0
15500, 59927, 1, 0, 0
16000, 60023, 1, 0, 0
16500, 60061, 1, 0, 0
17000, 60038, 1, 0, 0
17500, 59918, 1, 0, 0
18000, 59881, 1, 0, 0
18500, 59901, 1, 0, 0
19000, 60005, 1, 0, 0
19500, 59960, 1, 0, 0
20000, 60049, 1, 0, 0
20500, 59947, 1, 0, 0
21000, 59997, 1, 0, 0
21500, 60035, 1, 0, 0
22000, 60111, 1, 0, 0
22500, 59975, 1, 0, 0
23000, 59959, 1, 0, 0
23500, 59895, 1, 0, 0
24000, 59978, 1, 0, 0
24500, 60015, 1, 0, 0
25000, 59985, 1, 0, 0
25500, 60013, 1, 0, 0
26000, 59971, 1, 0, 0
26500, 60043, 1, 0, 0
27000, 59990, 1, 0, 0
27500, 60064, 1, 0, 0
28000, 60047, 1, 0, 0
28500, 60004, 1, 0, 0
29000, 59982, 1, 0, 0
29500, 59988, 1, 0, 0
30000, 59987, 1, 0, 0
30500, 60056, 1, 0, 0
31000, 60130, 1, 0, 0
31500, 60052, 1, 0, 0
32000, 60128, 1, 0, 0
32500, 59979, 1, 0, 0
33000, 60071, 1, 0, 0
33500, 60168, 1, 0, 0
34000, 60040, 1, 0, 0
34500, 60007, 1, 0, 0
35000, 60022, 1, 0, 0
35500, 60062, 1, 0, 0
36000, 60185, 1, 0, 0
36500, 60103, 1, 0, 0
37000, 60099, 1, 0, 0
37500, 60032, 1, 0, 0
38000, 60061, 1, 0, 0
38500, 60064, 1, 0, 0
39000, 60115, 1, 0, 0
39500, 59814, 1, 0, 0
40000, 59926, 1, 0, 0
40500, 59932, 1, 0, 0
41000, 60105, 1, 0, 0
41500, 60005, 1, 0, 0
42000, 59998, 1, 0, 0
42500, 59985, 1, 0, 0
43000, 59942, 1, 0, 0
43500, 59963, 1, 0, 0
44000, 60010, 1, 0, 0
44500, 60134, 1, 0, 0
45000, 59952, 1, 0, 0
45500, 59991, 1, 0, 0
46000, 60089, 1, 0, 0
46500, 60126, 1, 0, 0
47000, 60098, 1, 0, 0
47500, 60043, 1, 0, 0
48000, 60009, 1, 0, 0
48500, 60014, 1, 0, 0
49000, 60036, 1, 0, 0
49500, 60011, 1, 0, 0
50000, 60123, 1, 0, 0
50500, 59854, 1, 0, 0
51000, 59968, 1, 0, 0
51500, 59805, 1, 0, 0
52000, 59968, 1, 0, 0
52500, 59996, 1, 0, 0
53000, 59875, 1, 0, 0
53500, 59899, 1, 0, 0
54000, 59972, 1, 0, 0
54500, 59971, 1, 0, 0
55000, 59946, 1, 0, 0
55500, 60178, 1, 0, 0
56000, 60084, 1, 0, 0
56500, 60005, 1, 0, 0
57000, 60024, 1, 0, 0
57500, 60122, 1, 0, 0
58000, 59947, 1, 0, 0
58500, 60067, 1, 0, 0
59000, 60088, 1, 0, 0
59500, 59974, 1, 0, 0
60000, 60013, 1, 0, 0
60000, 63223, 1, 0, 0
