500, 57488, 1, 0, 0
1000, 57349, 1, 0, 0
1500, 57535, 1, 0, 0
2000, 57486, 1, 0, 0
2500, 57541, 1, 0, 0
3000, 57453, 1, 0, 0
3500, 57569, 1, 0, 0
4000, 57599, 1, 0, 0
4500, 57646, 1, 0, 0
5000, 57647, 1, 0, 0
5500, 58086, 1, 0, 0
6000, 59157, 1, 0, 0
6500, 59082, 1, 0, 0
7000, 58964, 1, 0, 0
7500, 58982, 1, 0, 0
8000, 59117, 1, 0, 0
8500, 59184, 1, 0, 0
9000, 59185, 1, 0, 0
9500, 59111, 1, 0, 0
10000, 59149, 1, 0, 0
10500, 59148, 1, 0, 0
11000, 59274, 1, 0, 0
11500, 59099, 1, 0, 0
12000, 59160, 1, 0, 0
12500, 58960, 1, 0, 0
13000, 59079, 1, 0, 0
13500, 59171, 1, 0, 0
14000, 59257, 1, 0, 0
14500, 59154, 1, 0, 0
15000, 59202, 1, 0, 0
15500, 59119, 1, 0, 0
16000, 59211, 1, 0, 0
16500, 59251, 1, 0, 0
17000, 59226, 1, 0, 0
17500, 59109, 1, 0, 0
18000, 59072, 1, 0, 0
18500, 59092, 1, 0, 0
19000, 59196, 1, 0, 0
19500, 59151, 1, 0, 0
20000, 59238, 1, 0, 0
20500, 59138, 1, 0, 0
21000, 59186, 1, 0, 0
21500, 59224, 1, 0, 0
22000, 59300, 1, 0, 0
22500, 59163, 1, 0, 0
23000, 59148, 1, 0, 0
23500, 59085, 1, 0, 0
24000, 59168, 1, 0, 0
24500, 59205, 1, 0, 0
25000, 59176, 1, 0, 0
25500, 59203, 1, 0, 0
26000, 59160, 1, 0, 0
26500, 59233, 1, 0, 0
27000, 59179, 1, 0, 0
27500, 59253, 1, 0, 0
28000, 59233, 1, 0, 0
28500, 59192, 1, 0, 0
29000, 59168, 1, 0, 0
29500, 59175, 1, 0, 0
30000, 59175, 1, 0, 0
30500, 59245, 1, 0, 0
31000, 59314, 1, 0, 0
31500, 59241, 1, 0, 0
32000, 59315, 1, 0, 0
32500, 59169, 1, 0, 0
33000, 59259, 1, 0, 0
33500, 59353, 1, 0, 0
34000, 59226, 1, 0, 0
34500, 59195, 1, 0, 0
35000, 59210, 1, 0, 0
35500, 59251, 1, 0, 0
36000, 59369, 1, 0, 0
36500, 59292, 1, 0, 0
37000, 59288, 1, 0, 0
37500, 59219, 1, 0, 0
38000, 59249, 1, 0, 0
38500, 59254, 1, 0, 0
39000, 59299, 1, 0, 0
39500, 59006, 1, 0, 0
40000, 59116, 1, 0, 0
40500, 59123, 1, 0, 0
41000, 59290, 1, 0, 0
41500, 59195, 1, 0, 0
42000, 59190, 1, 0, 0
42500, 59176, 1, 0, 0
43000, 59133, 1, 0, 0
43500, 59155, 1, 0, 0
44000, 59202, 1, 0, 0
44500, 59320, 1, 0, 0
45000, 59142, 1, 0, 0
45500, 59179, 1, 0, 0
46000, 59272, 1, 0, 0
46500, 59316, 1, 0, 0
47000, 59287, 1, 0, 0
47500, 59233, 1, 0, 0
48000, 59200, 1, 0, 0
48500, 59205, 1, 0, 0
49000, 59227, 1, 0, 0
49500, 59200, 1, 0, 0
50000, 59308, 1, 0, 0
50500, 59046, 1, 0, 0
51000, 59155, 1, 0, 0
51500, 58998, 1, 0, 0
52000, 59159, 1, 0, 0
52500, 59188, 1, 0, 0
53000, 59068, 1, 0, 0
53500, 59092, 1, 0, 0
54000, 59163, 1, 0, 0
54500, 59164, 1, 0, 0
55000, 59140, 1, 0, 0
55500, 59366, 1, 0, 0
56000, 59272, 1, 0, 0
56500, 59196, 1, 0, 0
57000, 59212, 1, 0, 0
57500, 59311, 1, 0, 0
58000, 59139, 1, 0, 0
58500, 59258, 1, 0, 0
59000, 59277, 1, 0, 0
59500, 59165, 1, 0, 0
60000, 59203, 1, 0, 0
60000, 62414, 1, 0, 0
