500, 2193024, 1, 0, 0
1000, 2197744, 1, 0, 0
1500, 2190400, 1, 0, 0
2000, 2192288, 1, 0, 0
2500, 2190200, 1, 0, 0
3000, 2193544, 1, 0, 0
3500, 2189256, 1, 0, 0
4000, 2188000, 1, 0, 0
4500, 2186280, 1, 0, 0
5000, 2186248, 1, 0, 0
5500, 2169136, 1, 0, 0
6000, 2129448, 1, 0, 0
6500, 2132224, 1, 0, 0
7000, 2136392, 1, 0, 0
7500, 2135791, 1, 0, 0
8000, 2130888, 1, 0, 0
8500, 2128608, 1, 0, 0
9000, 2128416, 1, 0, 0
9500, 2131200, 1, 0, 0
10000, 2129888, 1, 0, 0
10500, 2129856, 1, 0, 0
11000, 2124928, 1, 0, 0
11500, 2131424, 1, 0, 0
12000, 2129416, 1, 0, 0
12500, 2136632, 1, 0, 0
13000, 2132240, 1, 0, 0
13500, 2129072, 1, 0, 0
14000, 2125824, 1, 0, 0
14500, 2129664, 1, 0, 0
15000, 2128048, 1, 0, 0
15500, 2130984, 1, 0, 0
16000, 2127416, 1, 0, 0
16500, 2125832, 1, 0, 0
17001, 2127096, 1, 0, 0
17500, 2131198, 1, 0, 0
18000, 2132584, 1, 0, 0
18500, 2131784, 1, 0, 0
19000, 2128160, 1, 0, 0
19500, 2129768, 1, 0, 0
20000, 2126568, 1, 0, 0
20500, 2130176, 1, 0, 0
21000, 2128384, 1, 0, 0
21500, 2127096, 1, 0, 0
22000, 2124144, 1, 0, 0
22500, 2129256, 1, 0, 0
23000, 2129768, 1, 0, 0
23500, 2132072, 1, 0, 0
24000, 2129152, 1, 0, 0
24500, 2127776, 1, 0, 0
25000, 2128784, 1, 0, 0
25500, 2127880, 1, 0, 0
26000, 2129424, 1, 0, 0
26500, 2126693, 1, 0, 0
27000, 2128744, 1, 0, 0
27500, 2125728, 1, 0, 0
28000, 2126688, 1, 0, 0
28500, 2128232, 1, 0, 0
29000, 2128928, 1, 0, 0
29500, 2128808, 1, 0, 0
30000, 2128720, 1, 0, 0
30500, 2126424, 1, 0, 0
31000, 2123720, 1, 0, 0
31500, 2126528, 1, 0, 0
32000, 2123800, 1, 0, 0
32500, 2129024, 1, 0, 0
33000, 2125344, 1, 0, 0
33500, 2122528, 1, 0, 0
34000, 2126928, 1, 0, 0
34500, 2128048, 1, 0, 0
35000, 2127456, 1, 0, 0
35500, 2126136, 1, 0, 0
36000, 2121736, 1, 0, 0
36500, 2124641, 1, 0, 0
37000, 2124872, 1, 0, 0
37500, 2127216, 1, 0, 0
38000, 2126120, 1, 0, 0
38500, 2126040, 1, 0, 0
39000, 2124040, 1, 0, 0
39500, 2134904, 1, 0, 0
40000, 2131024, 1, 0, 0
40500, 2130696, 1, 0, 0
41000, 2124632, 1, 0, 0
41500, 2128288, 1, 0, 0
42000, 2128320, 1, 0, 0
42500, 2128968, 1, 0, 0
43000, 2130312, 1, 0, 0
43500, 2129648, 1, 0, 0
44000, 2127896, 1, 0, 0
44500, 2123400, 1, 0, 0
45000, 2129952, 1, 0, 0
45500, 2128600, 1, 0, 0
46000, 2125250, 1, 0, 0
46500, 2123856, 1, 0, 0
47000, 2124904, 1, 0, 0
47500, 2126792, 1, 0, 0
48000, 2127960, 1, 0, 0
48500, 2127824, 1, 0, 0
49000, 2127008, 1, 0, 0
49500, 2127920, 1, 0, 0
50000, 2123712, 1, 0, 0
50500, 2133512, 1, 0, 0
51000, 2129520, 1, 0, 0
51500, 2135160, 1, 0, 0
52000, 2129536, 1, 0, 0
52500, 2128496, 1, 0, 0
53000, 2132784, 1, 0, 0
53500, 2131904, 1, 0, 0
54000, 2129248, 1, 0, 0
54500, 2129384, 1, 0, 0
55000, 2130224, 1, 0, 0
55500, 2121835, 1, 0, 0
56000, 2125320, 1, 0, 0
56500, 2128136, 1, 0, 0
57000, 2127472, 1, 0, 0
57500, 2124040, 1, 0, 0
58000, 2130264, 1, 0, 0
58500, 2125968, 1, 0, 0
59000, 2125144, 1, 0, 0
59500, 2129240, 1, 0, 0
