500, 548264, 1, 0, 0
1000, 549436, 1, 0, 0
1500, 547600, 1, 0, 0
2000, 548072, 1, 0, 0
2500, 547548, 1, 0, 0
3000, 548386, 1, 0, 0
3500, 547316, 1, 0, 0
4000, 547000, 1, 0, 0
4500, 546572, 1, 0, 0
5000, 546562, 1, 0, 0
5500, 542284, 1, 0, 0
6000, 532364, 1, 0, 0
6500, 533056, 1, 0, 0
7000, 534098, 1, 0, 0
7500, 533947, 1, 0, 0
8000, 532722, 1, 0, 0
8500, 532152, 1, 0, 0
9000, 532104, 1, 0, 0
9500, 532800, 1, 0, 0
10000, 532472, 1, 0, 0
10500, 532464, 1, 0, 0
11000, 531232, 1, 0, 0
11500, 532856, 1, 0, 0
12000, 532354, 1, 0, 0
12500, 534158, 1, 0, 0
13000, 533060, 1, 0, 0
13500, 532268, 1, 0, 0
14000, 531456, 1, 0, 0
14500, 532416, 1, 0, 0
15000, 532014, 1, 0, 0
15500, 532746, 1, 0, 0
16000, 531854, 1, 0, 0
16500, 531458, 1, 0, 0
17001, 531774, 1, 0, 0
17500, 532799, 1, 0, 0
18000, 533146, 1, 0, 0
18500, 532946, 1, 0, 0
19000, 532040, 1, 0, 0
19500, 532442, 1, 0, 0
20000, 531642, 1, 0, 0
20500, 532544, 1, 0, 0
21000, 532096, 1, 0, 0
21500, 531774, 1, 0, 0
22000, 531036, 1, 0, 0
22500, 532314, 1, 0, 0
23000, 532442, 1, 0, 0
23500, 533018, 1, 0, 0
24000, 532288, 1, 0, 0
24500, 531944, 1, 0, 0
25000, 532196, 1, 0, 0
25500, 531972, 1, 0, 0
26000, 532356, 1, 0, 0
26500, 531673, 1, 0, 0
27000, 532186, 1, 0, 0
27500, 531432, 1, 0, 0
28000, 531674, 1, 0, 0
28500, 532060, 1, 0, 0
29000, 532232, 1, 0, 0
29500, 532202, 1, 0, 0
30000, 532180, 1, 0, 0
30500, 531606, 1, 0, 0
31000, 530930, 1, 0, 0
31500, 531632, 1, 0, 0
32000, 530950, 1, 0, 0
32500, 532258, 1, 0, 0
33000, 531336, 1, 0, 0
33500, 530632, 1, 0, 0
34000, 531732, 1, 0, 0
34500, 532012, 1, 0, 0
35000, 531864, 1, 0, 0
35500, 531534, 1, 0, 0
36000, 530436, 1, 0, 0
36500, 531160, 1, 0, 0
37000, 531218, 1, 0, 0
37500, 531804, 1, 0, 0
38000, 531530, 1, 0, 0
38500, 531510, 1, 0, 0
39000, 531012, 1, 0, 0
39500, 533726, 1, 0, 0
40000, 532756, 1, 0, 0
40500, 532674, 1, 0, 0
41000, 531160, 1, 0, 0
41500, 532072, 1, 0, 0
42000, 532080, 1, 0, 0
42500, 532242, 1, 0, 0
43000, 532578, 1, 0, 0
43500, 532412, 1, 0, 0
44000, 531974, 1, 0, 0
44500, 530850, 1, 0, 0
45000, 532488, 1, 0, 0
45500, 532150, 1, 0, 0
46000, 531312, 1, 0, 0
46500, 530964, 1, 0, 0
47000, 531228, 1, 0, 0
47500, 531698, 1, 0, 0
48000, 531990, 1, 0, 0
48500, 531958, 1, 0, 0
49000, 531752, 1, 0, 0
49500, 531980, 1, 0, 0
50000, 530928, 1, 0, 0
50500, 533376, 1, 0, 0
51000, 532380, 1, 0, 0
51500, 533790, 1, 0, 0
52000, 532384, 1, 0, 0
52500, 532124, 1, 0, 0
53000, 533196, 1, 0, 0
53500, 532978, 1, 0, 0
54000, 532312, 1, 0, 0
54500, 532346, 1, 0, 0
55000, 532556, 1, 0, 0
55500, 530458, 1, 0, 0
56000, 531330, 1, 0, 0
56500, 532036, 1, 0, 0
57000, 531866, 1, 0, 0
57500, 531010, 1, 0, 0
58000, 532566, 1, 0, 0
58500, 531492, 1, 0, 0
59000, 531286, 1, 0, 0
59500, 532310, 1, 0, 0
