500, 1783351, 1, 0, 0
1000, 1786776, 1, 0, 0
1500, 1786783, 1, 0, 0
2000, 1786682, 1, 0, 0
2500, 1786712, 1, 0, 0
3000, 1786768, 1, 0, 0
3500, 1786733, 1, 0, 0
4000, 1786786, 1, 0, 0
4500, 1786793, 1, 0, 0
5000, 1786633, 1, 0, 0
5517, 1919378, 1, 0, 0
6004, 24699505, 1, 0, 0
6512, 25724160, 1, 0, 0
7000, 25090970, 1, 0, 0
7505, 24116087, 1, 0, 0
8012, 23222413, 1, 0, 0
8516, 21956865, 1, 0, 0
9001, 21477486, 1, 0, 0
9505, 20523202, 1, 0, 0
10007, 19371279, 1, 0, 0
10510, 18719082, 1, 0, 0
11012, 18029301, 1, 0, 0
11515, 17625985, 1, 0, 0
12016, 17479811, 1, 0, 0
12500, 17552792, 1, 0, 0
13004, 17714250, 1, 0, 0
13505, 17940232, 1, 0, 0
14007, 17919483, 1, 0, 0
14507, 17331875, 1, 0, 0
15010, 17078199, 1, 0, 0
15510, 16500499, 1, 0, 0
16011, 16433284, 1, 0, 0
16511, 16051107, 1, 0, 0
17011, 15780265, 1, 0, 0
17510, 15494338, 1, 0, 0
18010, 15566787, 1, 0, 0
18509, 15446586, 1, 0, 0
19008, 15297050, 1, 0, 0
19507, 15235881, 1, 0, 0
20006, 14941208, 1, 0, 0
20503, 14734822, 1, 0, 0
21002, 14688348, 1, 0, 0
21500, 14468725, 1, 0, 0
22013, 14103929, 1, 0, 0
22510, 14202541, 1, 0, 0
23007, 13712730, 1, 0, 0
23503, 13402980, 1, 0, 0
24000, 13113578, 1, 0, 0
24514, 12839429, 1, 0, 0
25008, 12348622, 1, 0, 0
25501, 12213619, 1, 0, 0
26015, 12103732, 1, 0, 0
26508, 11830468, 1, 0, 0
27001, 11341591, 1, 0, 0
27512, 10788035, 1, 0, 0
28002, 10554774, 1, 0, 0
28512, 10361981, 1, 0, 0
29001, 10144527, 1, 0, 0
29507, 9764055, 1, 0, 0
30011, 9378676, 1, 0, 0
30500, 9137702, 1, 0, 0
31000, 8535227, 1, 0, 0
31503, 8400309, 1, 0, 0
32003, 7968196, 1, 0, 0
32500, 7342317, 1, 0, 0
33000, 7029711, 1, 0, 0
33502, 6422678, 1, 0, 0
34003, 5793360, 1, 0, 0
34500, 5220496, 1, 0, 0
35003, 4478720, 1, 0, 0
35500, 3564707, 1, 0, 0
36000, 2336469, 1, 0, 0
36505, 3229067, 1, 0, 0
37013, 25890542, 1, 0, 0
37500, 25219438, 1, 0, 0
38007, 24867578, 1, 0, 0
38514, 23891989, 1, 0, 0
39003, 22881109, 1, 0, 0
39506, 21916175, 1, 0, 0
40011, 21014101, 1, 0, 0
40515, 19634901, 1, 0, 0
41000, 18899231, 1, 0, 0
41502, 18460828, 1, 0, 0
42005, 17711625, 1, 0, 0
42507, 17694010, 1, 0, 0
43009, 17775032, 1, 0, 0
43510, 17646609, 1, 0, 0
44012, 17770723, 1, 0, 0
44515, 17830546, 1, 0, 0
45000, 17374774, 1, 0, 0
45500, 16985012, 1, 0, 0
46000, 17028238, 1, 0, 0
46502, 16844989, 1, 0, 0
47001, 16596915, 1, 0, 0
47502, 16320453, 1, 0, 0
48004, 16029649, 1, 0, 0
48504, 15723943, 1, 0, 0
49005, 15787959, 1, 0, 0
49504, 15544621, 1, 0, 0
50002, 15421488, 1, 0, 0
50502, 15463742, 1, 0, 0
51001, 15349866, 1, 0, 0
51500, 14875026, 1, 0, 0
52015, 14359812, 1, 0, 0
52513, 14573438, 1, 0, 0
53010, 14069792, 1, 0, 0
53506, 13546179, 1, 0, 0
54003, 13477427, 1, 0, 0
54500, 13418054, 1, 0, 0
55014, 13219640, 1, 0, 0
55509, 12774165, 1, 0, 0
56004, 12501832, 1, 0, 0
56500, 12322483, 1, 0, 0
57013, 12071722, 1, 0, 0
57505, 11592646, 1, 0, 0
58000, 11452637, 1, 0, 0
58507, 10817929, 1, 0, 0
59000, 10821251, 1, 0, 0
59506, 10454235, 1, 0, 0
60014, 10167996, 1, 0, 0
60016, 17684176, 1, 0, 0
