500, 4323, 1, 0, 0
1000, 4328, 1, 0, 0
1500, 4322, 1, 0, 0
2000, 4416, 1, 0, 0
2500, 4385, 1, 0, 0
3000, 4333, 1, 0, 0
3500, 4368, 1, 0, 0
4000, 4313, 1, 0, 0
4500, 4305, 1, 0, 0
5000, 4453, 1, 0, 0
5517, 4301, 1, 0, 0
6004, 4400, 1, 0, 0
6512, 4457, 1, 0, 0
7000, 4403, 1, 0, 0
7505, 4417, 1, 0, 0
8012, 4362, 1, 0, 0
8516, 4453, 1, 0, 0
9001, 4452, 1, 0, 0
9505, 4424, 1, 0, 0
10007, 4370, 1, 0, 0
10510, 4401, 1, 0, 0
11012, 4390, 1, 0, 0
11515, 4418, 1, 0, 0
12016, 4454, 1, 0, 0
12500, 4373, 1, 0, 0
13004, 4391, 1, 0, 0
13505, 4411, 1, 0, 0
14007, 4388, 1, 0, 0
14507, 4417, 1, 0, 0
15010, 4434, 1, 0, 0
15510, 4806, 1, 0, 0
16011, 4391, 1, 0, 0
16511, 4451, 1, 0, 0
17011, 4468, 1, 0, 0
17510, 4489, 1, 0, 0
18010, 4392, 1, 0, 0
18509, 4428, 1, 0, 0
19008, 4401, 1, 0, 0
19507, 4420, 1, 0, 0
20006, 4423, 1, 0, 0
20503, 4439, 1, 0, 0
21002, 4384, 1, 0, 0
21500, 4447, 1, 0, 0
22013, 4454, 1, 0, 0
22510, 4436, 1, 0, 0
23007, 4421, 1, 0, 0
23503, 4394, 1, 0, 0
24000, 4396, 1, 0, 0
24514, 4432, 1, 0, 0
25008, 4411, 1, 0, 0
25501, 4428, 1, 0, 0
26015, 4412, 1, 0, 0
26508, 4403, 1, 0, 0
27001, 4441, 1, 0, 0
27512, 4464, 1, 0, 0
28002, 4445, 1, 0, 0
28512, 4428, 1, 0, 0
29001, 4405, 1, 0, 0
29507, 4457, 1, 0, 0
30011, 4465, 1, 0, 0
30500, 4433, 1, 0, 0
31000, 4457, 1, 0, 0
31503, 4490, 1, 0, 0
32003, 4447, 1, 0, 0
32500, 5114, 1, 0, 0
33000, 4993, 1, 0, 0
33502, 4809, 1, 0, 0
34003, 4489, 1, 0, 0
34500, 4490, 1, 0, 0
35003, 4496, 1, 0, 0
35500, 4553, 1, 0, 0
36000, 4446, 1, 0, 0
36505, 4562, 1, 0, 0
37013, 4423, 1, 0, 0
37500, 4431, 1, 0, 0
38007, 4443, 1, 0, 0
38514, 4420, 1, 0, 0
39003, 4418, 1, 0, 0
39506, 4464, 1, 0, 0
40011, 4417, 1, 0, 0
40515, 4494, 1, 0, 0
41000, 4449, 1, 0, 0
41502, 4467, 1, 0, 0
42005, 4423, 1, 0, 0
42507, 4411, 1, 0, 0
43009, 4425, 1, 0, 0
43510, 4432, 1, 0, 0
44012, 4398, 1, 0, 0
44515, 5504, 1, 0, 0
45000, 4389, 1, 0, 0
45500, 4443, 1, 0, 0
46000, 4449, 1, 0, 0
46502, 4454, 1, 0, 0
47001, 4452, 1, 0, 0
47502, 4445, 1, 0, 0
48004, 4430, 1, 0, 0
48504, 4417, 1, 0, 0
49005, 4491, 1, 0, 0
49504, 4439, 1, 0, 0
50002, 4416, 1, 0, 0
50502, 4425, 1, 0, 0
51001, 4463, 1, 0, 0
51500, 4380, 1, 0, 0
52015, 4744, 1, 0, 0
52514, 5171, 1, 0, 0
53010, 4382, 1, 0, 0
53506, 4365, 1, 0, 0
54003, 4380, 1, 0, 0
54500, 4434, 1, 0, 0
55014, 4413, 1, 0, 0
55509, 4417, 1, 0, 0
56004, 4423, 1, 0, 0
56500, 4467, 1, 0, 0
57013, 5207, 1, 0, 0
57505, 5010, 1, 0, 0
58000, 4458, 1, 0, 0
58507, 4576, 1, 0, 0
59000, 4454, 1, 0, 0
59506, 4429, 1, 0, 0
60016, 4456, 1, 0, 0
