500, 1787674, 1, 0, 0
1000, 1791104, 1, 0, 0
1500, 1791104, 1, 0, 0
2000, 1791098, 1, 0, 0
2500, 1791097, 1, 0, 0
3000, 1791101, 1, 0, 0
3500, 1791100, 1, 0, 0
4000, 1791100, 1, 0, 0
4500, 1791099, 1, 0, 0
5000, 1791086, 1, 0, 0
5517, 1923678, 1, 0, 0
6004, 24703899, 1, 0, 0
6512, 25728618, 1, 0, 0
7000, 25095376, 1, 0, 0
7505, 24120506, 1, 0, 0
8012, 23226771, 1, 0, 0
8516, 21961310, 1, 0, 0
9001, 21481934, 1, 0, 0
9505, 20527638, 1, 0, 0
10007, 19375653, 1, 0, 0
10510, 18723474, 1, 0, 0
11012, 18033688, 1, 0, 0
11515, 17630410, 1, 0, 0
12016, 17484262, 1, 0, 0
12500, 17557164, 1, 0, 0
13004, 17718654, 1, 0, 0
13505, 17944631, 1, 0, 0
14007, 17923877, 1, 0, 0
14507, 17336293, 1, 0, 0
15010, 17082635, 1, 0, 0
15510, 16505306, 1, 0, 0
16011, 16437670, 1, 0, 0
16511, 16055563, 1, 0, 0
17011, 15784723, 1, 0, 0
17510, 15498828, 1, 0, 0
18010, 15571183, 1, 0, 0
18509, 15451014, 1, 0, 0
19008, 15301450, 1, 0, 0
19507, 15240300, 1, 0, 0
20006, 14945633, 1, 0, 0
20503, 14739255, 1, 0, 0
21002, 14692736, 1, 0, 0
21500, 14473170, 1, 0, 0
22013, 14108385, 1, 0, 0
22510, 14206982, 1, 0, 0
23007, 13717151, 1, 0, 0
23503, 13407374, 1, 0, 0
24000, 13117973, 1, 0, 0
24514, 12843856, 1, 0, 0
25008, 12353038, 1, 0, 0
25501, 12218045, 1, 0, 0
26015, 12108137, 1, 0, 0
26508, 11834874, 1, 0, 0
27001, 11346034, 1, 0, 0
27512, 10792496, 1, 0, 0
28002, 10559222, 1, 0, 0
28512, 10366413, 1, 0, 0
29001, 10148933, 1, 0, 0
29507, 9768509, 1, 0, 0
30011, 9383141, 1, 0, 0
30500, 9142136, 1, 0, 0
31000, 8539690, 1, 0, 0
31503, 8404796, 1, 0, 0
32003, 7972643, 1, 0, 0
32500, 7347373, 1, 0, 0
33000, 7034759, 1, 0, 0
33502, 6427483, 1, 0, 0
34003, 5797849, 1, 0, 0
34500, 5224985, 1, 0, 0
35003, 4483216, 1, 0, 0
35500, 3569261, 1, 0, 0
36000, 2340915, 1, 0, 0
36505, 3233629, 1, 0, 0
37013, 25894957, 1, 0, 0
37500, 25223888, 1, 0, 0
38007, 24872000, 1, 0, 0
38514, 23896418, 1, 0, 0
39003, 22885529, 1, 0, 0
39506, 21920630, 1, 0, 0
40011, 21018528, 1, 0, 0
40515, 19639392, 1, 0, 0
41000, 18903678, 1, 0, 0
41502, 18465298, 1, 0, 0
42005, 17716050, 1, 0, 0
42507, 17698417, 1, 0, 0
43009, 17779464, 1, 0, 0
43510, 17651037, 1, 0, 0
44012, 17775122, 1, 0, 0
44515, 17835995, 1, 0, 0
45000, 17379210, 1, 0, 0
45500, 16989457, 1, 0, 0
46000, 17032686, 1, 0, 0
46502, 16849447, 1, 0, 0
47001, 16601370, 1, 0, 0
47502, 16324891, 1, 0, 0
48004, 16034084, 1, 0, 0
48504, 15728359, 1, 0, 0
49005, 15792450, 1, 0, 0
49504, 15549058, 1, 0, 0
50002, 15425906, 1, 0, 0
50502, 15468165, 1, 0, 0
51001, 15354333, 1, 0, 0
51500, 14879405, 1, 0, 0
52015, 14364504, 1, 0, 0
52513, 14578658, 1, 0, 0
53010, 14074176, 1, 0, 0
53506, 13550547, 1, 0, 0
54003, 13481804, 1, 0, 0
54500, 13422486, 1, 0, 0
55014, 13224060, 1, 0, 0
55509, 12778578, 1, 0, 0
56004, 12506256, 1, 0, 0
56500, 12326950, 1, 0, 0
57013, 12076889, 1, 0, 0
57505, 11597692, 1, 0, 0
58000, 11457098, 1, 0, 0
58507, 10822502, 1, 0, 0
59000, 10825708, 1, 0, 0
59506, 10458664, 1, 0, 0
60014, 10172451, 1, 0, 0
60016, 17688659, 1, 0, 0
