500, 2289920, 1, 0, 0
1000, 2286848, 1, 0, 0
1500, 2286848, 1, 0, 0
2000, 2286848, 1, 0, 0
2501, 2286592, 1, 0, 0
3000, 2287070, 1, 0, 0
3500, 2286592, 1, 0, 0
4000, 2286592, 1, 0, 0
4500, 2286592, 1, 0, 0
5000, 2287104, 1, 0, 0
5500, 2116352, 1, 0, 0
6000, 161024, 1, 0, 0
6500, 162048, 1, 0, 0
7000, 163072, 1, 0, 0
7500, 167936, 1, 0, 0
8000, 178944, 1, 0, 0
8500, 188416, 1, 0, 0
9000, 185600, 1, 0, 0
9500, 201216, 1, 0, 0
10000, 211968, 1, 0, 0
10500, 220160, 1, 0, 0
11000, 228096, 1, 0, 0
11500, 233984, 1, 0, 0
12000, 234752, 1, 0, 0
12500, 229120, 1, 0, 0
13000, 229376, 1, 0, 0
13500, 229120, 1, 0, 0
14000, 229376, 1, 0, 0
14500, 236761, 1, 0, 0
15000, 240896, 1, 0, 0
15500, 248576, 1, 0, 0
16000, 249344, 1, 0, 0
16500, 254976, 1, 0, 0
17000, 259328, 1, 0, 0
17500, 264192, 1, 0, 0
18000, 262912, 1, 0, 0
18500, 264704, 1, 0, 0
19000, 267520, 1, 0, 0
19500, 268288, 1, 0, 0
20000, 273408, 1, 0, 0
20500, 276224, 1, 0, 0
21000, 278016, 1, 0, 0
21500, 292096, 1, 0, 0
22000, 287488, 1, 0, 0
22500, 286720, 1, 0, 0
23000, 296960, 1, 0, 0
23500, 303104, 1, 0, 0
24000, 313600, 1, 0, 0
24500, 324608, 1, 0, 0
25000, 327424, 1, 0, 0
25500, 330496, 1, 0, 0
26000, 347392, 1, 0, 0
26500, 341760, 1, 0, 0
27000, 357066, 1, 0, 0
27500, 388096, 1, 0, 0
28000, 379648, 1, 0, 0
28500, 402944, 1, 0, 0
29000, 394752, 1, 0, 0
29500, 424704, 1, 0, 0
30000, 440832, 1, 0, 0
30500, 451328, 1, 0, 0
31000, 465152, 1, 0, 0
31500, 490240, 1, 0, 0
32000, 514816, 1, 0, 0
32500, 554240, 1, 0, 0
33000, 597248, 1, 0, 0
33500, 623872, 1, 0, 0
34000, 710400, 1, 0, 0
34500, 790272, 1, 0, 0
35000, 910848, 1, 0, 0
35500, 1160192, 1, 0, 0
36000, 1752832, 1, 0, 0
36500, 1224192, 1, 0, 0
37000, 160512, 1, 0, 0
37500, 158525, 1, 0, 0
38000, 167168, 1, 0, 0
38500, 173824, 1, 0, 0
39000, 175360, 1, 0, 0
39500, 188672, 1, 0, 0
40000, 196864, 1, 0, 0
40500, 210432, 1, 0, 0
41000, 216064, 1, 0, 0
41500, 217088, 1, 0, 0
42000, 232448, 1, 0, 0
42500, 232448, 1, 0, 0
43000, 231168, 1, 0, 0
43500, 232704, 1, 0, 0
44000, 231168, 1, 0, 0
44500, 231168, 1, 0, 0
45000, 237056, 1, 0, 0
45500, 238848, 1, 0, 0
46000, 234240, 1, 0, 0
46500, 243712, 1, 0, 0
47000, 246528, 1, 0, 0
47500, 251136, 1, 0, 0
48000, 256512, 1, 0, 0
48500, 260352, 1, 0, 0
49000, 260617, 1, 0, 0
49500, 262656, 1, 0, 0
50000, 264960, 1, 0, 0
50500, 264448, 1, 0, 0
51000, 266240, 1, 0, 0
51500, 283904, 1, 0, 0
52000, 284416, 1, 0, 0
52500, 280064, 1, 0, 0
53000, 289280, 1, 0, 0
53500, 299776, 1, 0, 0
54000, 302080, 1, 0, 0
54500, 304128, 1, 0, 0
55000, 317952, 1, 0, 0
55500, 317184, 1, 0, 0
56000, 324352, 1, 0, 0
56500, 330132, 1, 0, 0
57000, 348160, 1, 0, 0
57500, 347392, 1, 0, 0
58000, 362496, 1, 0, 0
58500, 375040, 1, 0, 0
59000, 385792, 1, 0, 0
59500, 382976, 1, 0, 0
60000, 409856, 1, 0, 0
