500, 17890, 1, 0, 0
1000, 17866, 1, 0, 0
1500, 17866, 1, 0, 0
2000, 17866, 1, 0, 0
2501, 17864, 1, 0, 0
3000, 17867, 1, 0, 0
3500, 17864, 1, 0, 0
4000, 17864, 1, 0, 0
4500, 17864, 1, 0, 0
5000, 17868, 1, 0, 0
5500, 16534, 1, 0, 0
6000, 1258, 1, 0, 0
6500, 1266, 1, 0, 0
7000, 1274, 1, 0, 0
7500, 1312, 1, 0, 0
8000, 1398, 1, 0, 0
8500, 1472, 1, 0, 0
9000, 1450, 1, 0, 0
9500, 1572, 1, 0, 0
10000, 1656, 1, 0, 0
10500, 1720, 1, 0, 0
11000, 1782, 1, 0, 0
11500, 1828, 1, 0, 0
12000, 1834, 1, 0, 0
12500, 1790, 1, 0, 0
13000, 1792, 1, 0, 0
13500, 1790, 1, 0, 0
14000, 1792, 1, 0, 0
14500, 1849, 1, 0, 0
15000, 1882, 1, 0, 0
15500, 1942, 1, 0, 0
16000, 1948, 1, 0, 0
16500, 1992, 1, 0, 0
17000, 2026, 1, 0, 0
17500, 2064, 1, 0, 0
18000, 2054, 1, 0, 0
18500, 2068, 1, 0, 0
19000, 2090, 1, 0, 0
19500, 2096, 1, 0, 0
20000, 2136, 1, 0, 0
20500, 2158, 1, 0, 0
21000, 2172, 1, 0, 0
21500, 2282, 1, 0, 0
22000, 2246, 1, 0, 0
22500, 2240, 1, 0, 0
23000, 2320, 1, 0, 0
23500, 2368, 1, 0, 0
24000, 2450, 1, 0, 0
24500, 2536, 1, 0, 0
25000, 2558, 1, 0, 0
25500, 2582, 1, 0, 0
26000, 2714, 1, 0, 0
26500, 2670, 1, 0, 0
27000, 2789, 1, 0, 0
27500, 3032, 1, 0, 0
28000, 2966, 1, 0, 0
28500, 3148, 1, 0, 0
29000, 3084, 1, 0, 0
29500, 3318, 1, 0, 0
30000, 3444, 1, 0, 0
30500, 3526, 1, 0, 0
31000, 3634, 1, 0, 0
31500, 3830, 1, 0, 0
32000, 4022, 1, 0, 0
32500, 4330, 1, 0, 0
33000, 4666, 1, 0, 0
33500, 4874, 1, 0, 0
34000, 5550, 1, 0, 0
34500, 6174, 1, 0, 0
35000, 7116, 1, 0, 0
35500, 9064, 1, 0, 0
36000, 13694, 1, 0, 0
36500, 9564, 1, 0, 0
37000, 1254, 1, 0, 0
37500, 1238, 1, 0, 0
38000, 1306, 1, 0, 0
38500, 1358, 1, 0, 0
39000, 1370, 1, 0, 0
39500, 1474, 1, 0, 0
40000, 1538, 1, 0, 0
40500, 1644, 1, 0, 0
41000, 1688, 1, 0, 0
41500, 1696, 1, 0, 0
42000, 1816, 1, 0, 0
42500, 1816, 1, 0, 0
43000, 1806, 1, 0, 0
43500, 1818, 1, 0, 0
44000, 1806, 1, 0, 0
44500, 1806, 1, 0, 0
45000, 1852, 1, 0, 0
45500, 1866, 1, 0, 0
46000, 1830, 1, 0, 0
46500, 1904, 1, 0, 0
47000, 1926, 1, 0, 0
47500, 1962, 1, 0, 0
48000, 2004, 1, 0, 0
48500, 2034, 1, 0, 0
49000, 2036, 1, 0, 0
49500, 2052, 1, 0, 0
50000, 2070, 1, 0, 0
50500, 2066, 1, 0, 0
51000, 2080, 1, 0, 0
51500, 2218, 1, 0, 0
52000, 2222, 1, 0, 0
52500, 2188, 1, 0, 0
53000, 2260, 1, 0, 0
53500, 2342, 1, 0, 0
54000, 2360, 1, 0, 0
54500, 2376, 1, 0, 0
55000, 2484, 1, 0, 0
55500, 2478, 1, 0, 0
56000, 2534, 1, 0, 0
56500, 2579, 1, 0, 0
57000, 2720, 1, 0, 0
57500, 2714, 1, 0, 0
58000, 2832, 1, 0, 0
58500, 2930, 1, 0, 0
59000, 3014, 1, 0, 0
59500, 2992, 1, 0, 0
60000, 3202, 1, 0, 0
