500, 479417, 1, 0, 0
1000, 477579, 1, 0, 0
1500, 477404, 1, 0, 0
2000, 480822, 1, 0, 0
2500, 481269, 1, 0, 0
3000, 479644, 1, 0, 0
3500, 478526, 1, 0, 0
4000, 477804, 1, 0, 0
4500, 476350, 1, 0, 0
5000, 479809, 1, 0, 0
5500, 480878, 1, 0, 0
6001, 583692, 1, 0, 0
6500, 1358285, 1, 0, 0
7000, 1407407, 1, 0, 0
7500, 1321207, 1, 0, 0
8001, 1424584, 1, 0, 0
8500, 1403784, 1, 0, 0
9001, 1395037, 1, 0, 0
9500, 1584804, 1, 0, 0
10000, 1661140, 1, 0, 0
10501, 1508699, 1, 0, 0
11000, 1542994, 1, 0, 0
11503, 1550898, 1, 0, 0
12000, 1526585, 1, 0, 0
12500, 1668072, 1, 0, 0
13003, 1545108, 1, 0, 0
13502, 1911145, 1, 0, 0
14005, 1907534, 1, 0, 0
14500, 2101093, 1, 0, 0
15000, 2026214, 1, 0, 0
15500, 1871567, 1, 0, 0
16000, 2054676, 1, 0, 0
16505, 2120537, 1, 0, 0
17000, 2094959, 1, 0, 0
17500, 2220805, 1, 0, 0
18000, 2389763, 1, 0, 0
18500, 2261171, 1, 0, 0
19006, 2422232, 1, 0, 0
19508, 2331628, 1, 0, 0
20000, 2346997, 1, 0, 0
20508, 2416546, 1, 0, 0
21000, 2354527, 1, 0, 0
21501, 2347516, 1, 0, 0
22005, 2627250, 1, 0, 0
22502, 2597162, 1, 0, 0
23001, 2602952, 1, 0, 0
23506, 2604875, 1, 0, 0
24002, 2804204, 1, 0, 0
24508, 2772849, 1, 0, 0
25010, 2901505, 1, 0, 0
25510, 2847408, 1, 0, 0
26005, 2936788, 1, 0, 0
26504, 2907695, 1, 0, 0
27000, 2764684, 1, 0, 0
27500, 2921270, 1, 0, 0
28001, 3013930, 1, 0, 0
28506, 2954833, 1, 0, 0
29000, 2992458, 1, 0, 0
29500, 3147731, 1, 0, 0
30002, 3174728, 1, 0, 0
30501, 3254009, 1, 0, 0
31000, 3166523, 1, 0, 0
31501, 3291676, 1, 0, 0
32002, 3287081, 1, 0, 0
32505, 3442208, 1, 0, 0
33010, 3200203, 1, 0, 0
33503, 3476831, 1, 0, 0
34000, 3642087, 1, 0, 0
34502, 3420514, 1, 0, 0
35006, 3555927, 1, 0, 0
35510, 3575302, 1, 0, 0
36000, 3610296, 1, 0, 0
36512, 3540183, 1, 0, 0
37000, 3458490, 1, 0, 0
37508, 3558765, 1, 0, 0
38007, 3563580, 1, 0, 0
38508, 3281322, 1, 0, 0
39005, 3656821, 1, 0, 0
39502, 3839876, 1, 0, 0
40004, 3590976, 1, 0, 0
40500, 3824967, 1, 0, 0
41007, 3558055, 1, 0, 0
41504, 4024812, 1, 0, 0
42002, 3953996, 1, 0, 0
42511, 3615491, 1, 0, 0
43004, 3818837, 1, 0, 0
43500, 3723668, 1, 0, 0
44000, 4011367, 1, 0, 0
44512, 3854241, 1, 0, 0
45002, 3945491, 1, 0, 0
45500, 3899018, 1, 0, 0
46007, 4135786, 1, 0, 0
46500, 4083280, 1, 0, 0
47006, 4169455, 1, 0, 0
47510, 4036399, 1, 0, 0
48011, 4246000, 1, 0, 0
48501, 4343511, 1, 0, 0
49000, 3804153, 1, 0, 0
49500, 4126325, 1, 0, 0
50003, 4358089, 1, 0, 0
50500, 4600210, 1, 0, 0
51000, 3590397, 1, 0, 0
51500, 4279390, 1, 0, 0
52000, 3986479, 1, 0, 0
52503, 4212583, 1, 0, 0
53006, 4372040, 1, 0, 0
53511, 4432958, 1, 0, 0
54000, 4370224, 1, 0, 0
54501, 4417395, 1, 0, 0
55004, 4034602, 1, 0, 0
55505, 4564551, 1, 0, 0
56000, 4497349, 1, 0, 0
56510, 4360319, 1, 0, 0
57010, 4255996, 1, 0, 0
57502, 4450468, 1, 0, 0
58002, 4282002, 1, 0, 0
58509, 4190306, 1, 0, 0
59006, 4473025, 1, 0, 0
59502, 4553998, 1, 0, 0
60000, 4347195, 1, 0, 0
60001, 13793778, 1, 0, 0
