500, 532448, 1, 0, 0
1000, 534656, 1, 0, 0
1500, 534816, 1, 0, 0
2000, 531056, 1, 0, 0
2500, 530480, 1, 0, 0
3000, 532304, 1, 0, 0
3500, 533552, 1, 0, 0
4000, 534432, 1, 0, 0
4500, 535968, 1, 0, 0
5000, 532176, 1, 0, 0
5500, 530896, 1, 0, 0
6000, 435632, 1, 0, 0
6500, 188288, 1, 0, 0
7000, 182544, 1, 0, 0
7500, 193056, 1, 0, 0
8000, 178544, 1, 0, 0
8500, 184192, 1, 0, 0
9000, 180768, 1, 0, 0
9500, 161856, 1, 0, 0
10000, 155312, 1, 0, 0
10500, 167808, 1, 0, 0
11000, 168192, 1, 0, 0
11500, 163072, 1, 0, 0
12000, 169056, 1, 0, 0
12500, 153058, 1, 0, 0
13000, 164144, 1, 0, 0
13500, 134000, 1, 0, 0
14000, 134496, 1, 0, 0
14500, 122304, 1, 0, 0
15000, 125440, 1, 0, 0
15500, 137808, 1, 0, 0
16000, 124544, 1, 0, 0
16500, 119584, 1, 0, 0
17000, 120992, 1, 0, 0
17500, 117392, 1, 0, 0
18000, 105376, 1, 0, 0
18500, 112864, 1, 0, 0
19000, 106592, 1, 0, 0
19500, 109984, 1, 0, 0
20000, 109648, 1, 0, 0
20500, 105520, 1, 0, 0
21000, 106736, 1, 0, 0
21500, 109360, 1, 0, 0
22000, 98160, 1, 0, 0
22500, 97712, 1, 0, 0
23000, 98208, 1, 0, 0
23500, 99296, 1, 0, 0
24000, 90176, 1, 0, 0
24500, 93808, 1, 0, 0
25000, 88192, 1, 0, 0
25500, 89792, 1, 0, 0
26000, 86368, 1, 0, 0
26500, 88016, 1, 0, 0
27000, 93504, 1, 0, 0
27500, 85808, 1, 0, 0
28000, 85264, 1, 0, 0
28500, 87056, 1, 0, 0
29000, 86752, 1, 0, 0
29500, 79568, 1, 0, 0
30000, 80624, 1, 0, 0
30500, 78288, 1, 0, 0
31000, 82629, 1, 0, 0
31500, 76656, 1, 0, 0
32000, 77696, 1, 0, 0
32500, 74880, 1, 0, 0
33000, 80608, 1, 0, 0
33500, 72640, 1, 0, 0
34000, 71424, 1, 0, 0
34500, 73232, 1, 0, 0
35000, 72480, 1, 0, 0
35500, 72416, 1, 0, 0
36000, 69888, 1, 0, 0
36500, 73344, 1, 0, 0
37000, 74064, 1, 0, 0
37500, 71328, 1, 0, 0
38000, 71632, 1, 0, 0
38500, 77984, 1, 0, 0
39000, 69520, 1, 0, 0
39500, 66512, 1, 0, 0
40000, 71488, 1, 0, 0
40500, 67152, 1, 0, 0
41000, 72352, 1, 0, 0
41500, 62896, 1, 0, 0
42000, 64304, 1, 0, 0
42500, 72128, 1, 0, 0
43000, 66192, 1, 0, 0
43500, 70320, 1, 0, 0
44000, 62192, 1, 0, 0
44500, 67552, 1, 0, 0
45000, 63648, 1, 0, 0
45500, 67024, 1, 0, 0
46000, 61056, 1, 0, 0
46500, 62016, 1, 0, 0
47000, 62128, 1, 0, 0
47500, 63936, 1, 0, 0
48000, 60128, 1, 0, 0
48500, 57824, 1, 0, 0
49000, 68752, 1, 0, 0
49500, 62448, 1, 0, 0
50000, 57507, 1, 0, 0
50500, 56496, 1, 0, 0
51000, 69936, 1, 0, 0
51500, 59328, 1, 0, 0
52000, 66000, 1, 0, 0
52500, 59568, 1, 0, 0
53000, 58672, 1, 0, 0
53500, 58448, 1, 0, 0
54000, 57584, 1, 0, 0
54500, 57744, 1, 0, 0
55000, 63760, 1, 0, 0
55500, 56416, 1, 0, 0
56000, 57744, 1, 0, 0
56500, 58240, 1, 0, 0
57000, 60000, 1, 0, 0
57500, 56688, 1, 0, 0
58000, 59808, 1, 0, 0
58500, 61760, 1, 0, 0
59000, 56976, 1, 0, 0
59500, 55856, 1, 0, 0
60000, 58720, 1, 0, 0
