500, 480488, 1, 0, 0
1000, 478643, 1, 0, 0
1500, 478470, 1, 0, 0
2000, 481884, 1, 0, 0
2500, 482332, 1, 0, 0
3000, 480704, 1, 0, 0
3500, 479586, 1, 0, 0
4000, 478873, 1, 0, 0
4500, 477406, 1, 0, 0
5000, 480871, 1, 0, 0
5500, 481940, 1, 0, 0
6001, 584750, 1, 0, 0
6500, 1359340, 1, 0, 0
7000, 1408467, 1, 0, 0
7500, 1322271, 1, 0, 0
8001, 1425657, 1, 0, 0
8500, 1404848, 1, 0, 0
9001, 1396094, 1, 0, 0
9500, 1585862, 1, 0, 0
10000, 1662298, 1, 0, 0
10501, 1509767, 1, 0, 0
11000, 1544067, 1, 0, 0
11503, 1551982, 1, 0, 0
12000, 1527657, 1, 0, 0
12500, 1669147, 1, 0, 0
13003, 1546167, 1, 0, 0
13502, 1912214, 1, 0, 0
14005, 1908607, 1, 0, 0
14500, 2102163, 1, 0, 0
15000, 2027286, 1, 0, 0
15500, 1872636, 1, 0, 0
16000, 2055741, 1, 0, 0
16505, 2121605, 1, 0, 0
17000, 2096029, 1, 0, 0
17500, 2221875, 1, 0, 0
18000, 2390836, 1, 0, 0
18500, 2262241, 1, 0, 0
19006, 2423299, 1, 0, 0
19508, 2332692, 1, 0, 0
20000, 2348055, 1, 0, 0
20508, 2417609, 1, 0, 0
21000, 2355586, 1, 0, 0
21501, 2348573, 1, 0, 0
22005, 2628308, 1, 0, 0
22502, 2598219, 1, 0, 0
23001, 2604012, 1, 0, 0
23506, 2605929, 1, 0, 0
24002, 2805261, 1, 0, 0
24508, 2773905, 1, 0, 0
25010, 2902567, 1, 0, 0
25510, 2848466, 1, 0, 0
26005, 2937865, 1, 0, 0
26504, 2908762, 1, 0, 0
27000, 2765756, 1, 0, 0
27500, 2922344, 1, 0, 0
28001, 3015007, 1, 0, 0
28506, 2955906, 1, 0, 0
29000, 2993534, 1, 0, 0
29500, 3148801, 1, 0, 0
30002, 3175804, 1, 0, 0
30501, 3255083, 1, 0, 0
31000, 3167599, 1, 0, 0
31501, 3292744, 1, 0, 0
32002, 3288146, 1, 0, 0
32505, 3443272, 1, 0, 0
33010, 3201262, 1, 0, 0
33503, 3477892, 1, 0, 0
34000, 3643147, 1, 0, 0
34502, 3421575, 1, 0, 0
35006, 3557007, 1, 0, 0
35510, 3576374, 1, 0, 0
36000, 3611376, 1, 0, 0
36512, 3541258, 1, 0, 0
37000, 3459566, 1, 0, 0
37508, 3559841, 1, 0, 0
38007, 3564660, 1, 0, 0
38508, 3282400, 1, 0, 0
39005, 3657887, 1, 0, 0
39502, 3840939, 1, 0, 0
40004, 3592040, 1, 0, 0
40500, 3826031, 1, 0, 0
41007, 3559120, 1, 0, 0
41504, 4025878, 1, 0, 0
42002, 3955062, 1, 0, 0
42511, 3616560, 1, 0, 0
43004, 3819913, 1, 0, 0
43500, 3724743, 1, 0, 0
44000, 4012447, 1, 0, 0
44512, 3855317, 1, 0, 0
45002, 3946575, 1, 0, 0
45500, 3900091, 1, 0, 0
46007, 4136863, 1, 0, 0
46500, 4084351, 1, 0, 0
47006, 4170532, 1, 0, 0
47510, 4037469, 1, 0, 0
48011, 4247076, 1, 0, 0
48501, 4344593, 1, 0, 0
49000, 3805235, 1, 0, 0
49500, 4127397, 1, 0, 0
50003, 4359166, 1, 0, 0
50500, 4601281, 1, 0, 0
51000, 3591463, 1, 0, 0
51500, 4280455, 1, 0, 0
52000, 3987543, 1, 0, 0
52503, 4213645, 1, 0, 0
53006, 4373109, 1, 0, 0
53511, 4434024, 1, 0, 0
54000, 4371293, 1, 0, 0
54501, 4418455, 1, 0, 0
55004, 4035677, 1, 0, 0
55505, 4565616, 1, 0, 0
56000, 4498416, 1, 0, 0
56510, 4361386, 1, 0, 0
57010, 4257062, 1, 0, 0
57502, 4451535, 1, 0, 0
58002, 4283067, 1, 0, 0
58509, 4191370, 1, 0, 0
59006, 4474094, 1, 0, 0
59502, 4555072, 1, 0, 0
60000, 4348265, 1, 0, 0
60001, 13794831, 1, 0, 0
