500, 1071, 1, 0, 0
1000, 1064, 1, 0, 0
1500, 1066, 1, 0, 0
2000, 1062, 1, 0, 0
2500, 1063, 1, 0, 0
3000, 1061, 1, 0, 0
3500, 1061, 1, 0, 0
4000, 1068, 1, 0, 0
4500, 1056, 1, 0, 0
5000, 1061, 1, 0, 0
5500, 1061, 1, 0, 0
6001, 1058, 1, 0, 0
6500, 1055, 1, 0, 0
7000, 1060, 1, 0, 0
7500, 1063, 1, 0, 0
8001, 1073, 1, 0, 0
8500, 1063, 1, 0, 0
9001, 1057, 1, 0, 0
9500, 1058, 1, 0, 0
10000, 1157, 1, 0, 0
10501, 1069, 1, 0, 0
11000, 1073, 1, 0, 0
11503, 1084, 1, 0, 0
12000, 1072, 1, 0, 0
12500, 1075, 1, 0, 0
13003, 1059, 1, 0, 0
13502, 1069, 1, 0, 0
14005, 1073, 1, 0, 0
14500, 1070, 1, 0, 0
15000, 1072, 1, 0, 0
15500, 1069, 1, 0, 0
16000, 1065, 1, 0, 0
16505, 1068, 1, 0, 0
17000, 1070, 1, 0, 0
17500, 1070, 1, 0, 0
18000, 1073, 1, 0, 0
18500, 1071, 1, 0, 0
19006, 1068, 1, 0, 0
19508, 1064, 1, 0, 0
20000, 1058, 1, 0, 0
20508, 1063, 1, 0, 0
21000, 1059, 1, 0, 0
21501, 1057, 1, 0, 0
22005, 1058, 1, 0, 0
22502, 1058, 1, 0, 0
23001, 1060, 1, 0, 0
23506, 1055, 1, 0, 0
24002, 1057, 1, 0, 0
24508, 1056, 1, 0, 0
25010, 1062, 1, 0, 0
25510, 1058, 1, 0, 0
26005, 1077, 1, 0, 0
26504, 1067, 1, 0, 0
27000, 1072, 1, 0, 0
27500, 1075, 1, 0, 0
28001, 1076, 1, 0, 0
28506, 1074, 1, 0, 0
29000, 1075, 1, 0, 0
29500, 1070, 1, 0, 0
30002, 1077, 1, 0, 0
30501, 1074, 1, 0, 0
31000, 1076, 1, 0, 0
31501, 1068, 1, 0, 0
32002, 1064, 1, 0, 0
32505, 1063, 1, 0, 0
33010, 1059, 1, 0, 0
33503, 1061, 1, 0, 0
34000, 1060, 1, 0, 0
34502, 1060, 1, 0, 0
35006, 1080, 1, 0, 0
35510, 1072, 1, 0, 0
36000, 1080, 1, 0, 0
36512, 1075, 1, 0, 0
37000, 1076, 1, 0, 0
37508, 1076, 1, 0, 0
38007, 1080, 1, 0, 0
38508, 1078, 1, 0, 0
39005, 1065, 1, 0, 0
39502, 1064, 1, 0, 0
40004, 1064, 1, 0, 0
40500, 1064, 1, 0, 0
41007, 1064, 1, 0, 0
41504, 1065, 1, 0, 0
42002, 1066, 1, 0, 0
42511, 1069, 1, 0, 0
43004, 1076, 1, 0, 0
43500, 1075, 1, 0, 0
44000, 1080, 1, 0, 0
44512, 1076, 1, 0, 0
45002, 1084, 1, 0, 0
45500, 1074, 1, 0, 0
46007, 1077, 1, 0, 0
46500, 1071, 1, 0, 0
47006, 1077, 1, 0, 0
47510, 1071, 1, 0, 0
48011, 1075, 1, 0, 0
48501, 1082, 1, 0, 0
49000, 1083, 1, 0, 0
49500, 1072, 1, 0, 0
50003, 1076, 1, 0, 0
50500, 1071, 1, 0, 0
51000, 1066, 1, 0, 0
51500, 1065, 1, 0, 0
52000, 1064, 1, 0, 0
52503, 1062, 1, 0, 0
53006, 1070, 1, 0, 0
53511, 1067, 1, 0, 0
54000, 1070, 1, 0, 0
54501, 1060, 1, 0, 0
55004, 1074, 1, 0, 0
55505, 1065, 1, 0, 0
56000, 1067, 1, 0, 0
56510, 1066, 1, 0, 0
57010, 1067, 1, 0, 0
57502, 1066, 1, 0, 0
58002, 1065, 1, 0, 0
58509, 1064, 1, 0, 0
59006, 1070, 1, 0, 0
59502, 1073, 1, 0, 0
60001, 1070, 1, 0, 0
