[90050.391936] KSC2026-MARK map32k_bs8k_r2 insmod 1791465813143516885
[90050.405173] NVMeVirt: Version 1.10 for >> Samsung 970 Pro SSD <<
[90050.405182] NVMeVirt: Storage: 0x300100000-0x600000000 (12287 MiB)
[90050.415674] NVMeVirt: Total Capacity(GiB,MiB)=3,3072 chs=2 luns=4 lines=384 blk-size(MiB,KiB)=2,2048 line-size(MiB,KiB)=8,8192
[90050.415679] NVMeVirt: KSC2026: mapping unit=32768 B, flash page=32768 B, oneshot page=32768 B, pgs_per_blk=64, blks_per_pl=384, write buffer=1048576 B
[90050.421423] NVMeVirt: [chmodel_init] bandwidth 800 max_credits 26 tx_time 152
[90050.424850] NVMeVirt: [chmodel_init] bandwidth 800 max_credits 26 tx_time 152
[90050.424861] NVMeVirt: [chmodel_init] bandwidth 3360 max_credits 110 tx_time 36
[90050.425032] NVMeVirt: pqueue: Copyright (c) 2014, Volkan Yazıcı <volkan.yazici@gmail.com>. All rights reserved.
[90050.425034] NVMeVirt: Init FTL instance with 2 channels (98304 pages)
[90050.428234] NVMeVirt: [chmodel_init] bandwidth 800 max_credits 26 tx_time 152
[90050.431399] NVMeVirt: [chmodel_init] bandwidth 800 max_credits 26 tx_time 152
[90050.431410] NVMeVirt: [chmodel_init] bandwidth 3360 max_credits 110 tx_time 36
[90050.431596] NVMeVirt: Init FTL instance with 2 channels (98304 pages)
[90050.434759] NVMeVirt: [chmodel_init] bandwidth 800 max_credits 26 tx_time 152
[90050.437919] NVMeVirt: [chmodel_init] bandwidth 800 max_credits 26 tx_time 152
[90050.437930] NVMeVirt: [chmodel_init] bandwidth 3360 max_credits 110 tx_time 36
[90050.438101] NVMeVirt: Init FTL instance with 2 channels (98304 pages)
[90050.441227] NVMeVirt: [chmodel_init] bandwidth 800 max_credits 26 tx_time 152
[90050.444378] NVMeVirt: [chmodel_init] bandwidth 800 max_credits 26 tx_time 152
[90050.444388] NVMeVirt: [chmodel_init] bandwidth 3360 max_credits 110 tx_time 36
[90050.444558] NVMeVirt: Init FTL instance with 2 channels (98304 pages)
[90050.444561] NVMeVirt: FTL physical space: 12883853312, logical space: 12040984403 (physical/logical * 100 = 107)
[90050.444562] NVMeVirt: KSC2026: WBUF_FIX=1 GC_STATS=1
[90050.444563] NVMeVirt: ns 0/1: size 11483 MiB
[90050.444593] PCI host bridge to bus 0001:10
[90050.444594] pci_bus 0001:10: root bus resource [io  0x0000-0xffff]
[90050.444596] pci_bus 0001:10: root bus resource [mem 0x00000000-0x3fffffffffff]
[90050.444597] pci_bus 0001:10: root bus resource [bus 00-ff]
[90050.444602] pci 0001:10:00.0: [0c51:0110] type 00 class 0x010802 PCIe Endpoint
[90050.444604] pci 0001:10:00.0: BAR 0 [mem 0x300000000-0x300003fff 64bit]
[90050.444605] pci 0001:10:00.0: enabling Extended Tags
[90050.444707] NVMeVirt: Virtual PCI bus created (node 0)
[90050.445237] NVMeVirt: nvmev_io_worker_0 started on cpu 4 (node 0)
[90050.445423] NVMeVirt: nvmev_io_worker_1 started on cpu 5 (node 0)
[90050.446023] NVMeVirt: nvmev_dispatcher started on cpu 3 (node 0)
[90050.446335] nvme nvme1: pci function 0001:10:00.0
[90050.449995] nvme nvme1: 1/0/0 default/read/poll queues
[90050.451001] NVMeVirt: Virtual NVMe device created
[90056.485796] KSC2026-MARK map32k_bs8k_r2 fio-start 1791465819249852918
[90062.552431] NVMeVirt: KSC2026: first GC part=0 victim line=3 vpc=84 ipc=172 free_lines=2 host_pgs=97280
[90062.578340] NVMeVirt: KSC2026: first GC part=1 victim line=12 vpc=80 ipc=176 free_lines=2 host_pgs=97280
[90062.594352] NVMeVirt: KSC2026: first GC part=2 victim line=0 vpc=83 ipc=173 free_lines=2 host_pgs=97280
[90062.607518] NVMeVirt: KSC2026: first GC part=3 victim line=14 vpc=78 ipc=178 free_lines=2 host_pgs=97280
[90117.518545] KSC2026-MARK map32k_bs8k_r2 fio-end
[90117.523454] KSC2026-MARK map32k_bs8k_r2 rmmod 1791465880289364498
[90117.580917] pci_bus 0001:10: busn_res: [bus 10-ff] is released
[90117.581069] NVMeVirt: KSC2026: stats part=0 host_pgs=252816 gc_pgs=311976 gc_cnt=1825 free_lines=2
[90117.581071] NVMeVirt: KSC2026: stats part=1 host_pgs=253630 gc_pgs=318861 gc_cnt=1855 free_lines=2
[90117.581071] NVMeVirt: KSC2026: stats part=2 host_pgs=252755 gc_pgs=313846 gc_cnt=1832 free_lines=2
[90117.581072] NVMeVirt: KSC2026: stats part=3 host_pgs=253249 gc_pgs=309497 gc_cnt=1817 free_lines=2
[90117.601629] NVMeVirt: Virtual NVMe device closed
