500, 1220, 1, 0, 0
1000, 1200, 1, 0, 0
1500, 1203, 1, 0, 0
2000, 1199, 1, 0, 0
2500, 1192, 1, 0, 0
3000, 1192, 1, 0, 0
3500, 1201, 1, 0, 0
4000, 1201, 1, 0, 0
4500, 1196, 1, 0, 0
5000, 1196, 1, 0, 0
5500, 1258, 1, 0, 0
6000, 1267, 1, 0, 0
6500, 1261, 1, 0, 0
7000, 1263, 1, 0, 0
7500, 1264, 1, 0, 0
8000, 1267, 1, 0, 0
8500, 1270, 1, 0, 0
9000, 1274, 1, 0, 0
9500, 1273, 1, 0, 0
10000, 1270, 1, 0, 0
10500, 1305, 1, 0, 0
11000, 1276, 1, 0, 0
11500, 1274, 1, 0, 0
12000, 1273, 1, 0, 0
12500, 1272, 1, 0, 0
13000, 1270, 1, 0, 0
13500, 1268, 1, 0, 0
14000, 1274, 1, 0, 0
14500, 1269, 1, 0, 0
15000, 1269, 1, 0, 0
