500, 222319, 1, 0, 0
1000, 222507, 1, 0, 0
1500, 222503, 1, 0, 0
2000, 222508, 1, 0, 0
2500, 222515, 1, 0, 0
3000, 222516, 1, 0, 0
3500, 222507, 1, 0, 0
4000, 222506, 1, 0, 0
4500, 222511, 1, 0, 0
5000, 222511, 1, 0, 0
5500, 222665, 1, 0, 0
6000, 222442, 1, 0, 0
6500, 222449, 1, 0, 0
7000, 222446, 1, 0, 0
7500, 222445, 1, 0, 0
8000, 222441, 1, 0, 0
8500, 222438, 1, 0, 0
9000, 222433, 1, 0, 0
9500, 222433, 1, 0, 0
10000, 222438, 1, 0, 0
10500, 222894, 1, 0, 0
11000, 222421, 1, 0, 0
11500, 222424, 1, 0, 0
12000, 222424, 1, 0, 0
12500, 222425, 1, 0, 0
13000, 222428, 1, 0, 0
13500, 222432, 1, 0, 0
14000, 222424, 1, 0, 0
14500, 222430, 1, 0, 0
15000, 222428, 1, 0, 0
15000, 347281, 1, 0, 0
