500, 2288512, 1, 0, 0
1000, 2286656, 1, 0, 0
1500, 2286752, 1, 0, 0
2000, 2286720, 1, 0, 0
2500, 2286944, 1, 0, 0
3000, 2286816, 1, 0, 0
3500, 2286752, 1, 0, 0
4000, 2286592, 1, 0, 0
4500, 2286848, 1, 0, 0
5000, 2286752, 1, 0, 0
5500, 2284480, 1, 0, 0
6000, 2286880, 1, 0, 0
6500, 2286752, 1, 0, 0
7000, 2286592, 1, 0, 0
7500, 2286720, 1, 0, 0
8000, 2286720, 1, 0, 0
8500, 2286848, 1, 0, 0
9000, 2286880, 1, 0, 0
9500, 2286784, 1, 0, 0
10000, 2286557, 1, 0, 0
10500, 2281504, 1, 0, 0
11000, 2286816, 1, 0, 0
11500, 2286592, 1, 0, 0
12000, 2286752, 1, 0, 0
12500, 2286816, 1, 0, 0
13000, 2286816, 1, 0, 0
13500, 2286816, 1, 0, 0
14000, 2286784, 1, 0, 0
14500, 2286592, 1, 0, 0
