500, 143036, 1, 0, 0
1000, 142912, 1, 0, 0
1500, 142922, 1, 0, 0
2000, 142920, 1, 0, 0
2500, 142934, 1, 0, 0
3000, 142926, 1, 0, 0
3500, 142922, 1, 0, 0
4000, 142912, 1, 0, 0
4500, 142928, 1, 0, 0
5000, 142922, 1, 0, 0
5500, 142780, 1, 0, 0
6000, 142932, 1, 0, 0
6500, 142922, 1, 0, 0
7000, 142912, 1, 0, 0
7500, 142920, 1, 0, 0
8000, 142920, 1, 0, 0
8500, 142928, 1, 0, 0
9000, 142930, 1, 0, 0
9500, 142924, 1, 0, 0
10000, 142909, 1, 0, 0
10500, 142596, 1, 0, 0
11000, 142926, 1, 0, 0
11500, 142912, 1, 0, 0
12000, 142922, 1, 0, 0
12500, 142926, 1, 0, 0
13000, 142926, 1, 0, 0
13500, 142926, 1, 0, 0
14000, 142922, 1, 0, 0
14500, 142912, 1, 0, 0
