500, 1170, 1, 0, 0
1000, 1170, 1, 0, 0
1500, 1167, 1, 0, 0
2000, 1167, 1, 0, 0
2500, 1164, 1, 0, 0
3000, 1163, 1, 0, 0
3500, 1162, 1, 0, 0
4000, 1161, 1, 0, 0
4500, 1160, 1, 0, 0
5000, 1159, 1, 0, 0
5500, 1281, 1, 0, 0
6000, 1245, 1, 0, 0
6500, 1243, 1, 0, 0
7000, 1246, 1, 0, 0
7500, 1245, 1, 0, 0
8000, 1244, 1, 0, 0
8500, 1235, 1, 0, 0
9000, 1242, 1, 0, 0
9500, 1245, 1, 0, 0
10000, 1247, 1, 0, 0
10500, 1275, 1, 0, 0
11000, 1263, 1, 0, 0
11500, 1262, 1, 0, 0
12000, 1269, 1, 0, 0
12500, 1265, 1, 0, 0
13000, 1263, 1, 0, 0
13500, 1263, 1, 0, 0
14000, 1273, 1, 0, 0
14500, 1272, 1, 0, 0
15000, 1266, 1, 0, 0
15500, 1270, 1, 0, 0
16000, 1237, 1, 0, 0
16500, 1232, 1, 0, 0
17000, 1234, 1, 0, 0
17500, 1230, 1, 0, 0
18000, 1233, 1, 0, 0
18500, 1232, 1, 0, 0
19000, 1233, 1, 0, 0
19500, 1231, 1, 0, 0
20000, 1231, 1, 0, 0
20500, 1230, 1, 0, 0
21000, 1270, 1, 0, 0
21500, 1270, 1, 0, 0
22000, 1271, 1, 0, 0
22500, 1267, 1, 0, 0
23000, 1267, 1, 0, 0
23500, 1271, 1, 0, 0
24000, 1270, 1, 0, 0
24500, 1267, 1, 0, 0
25000, 1270, 1, 0, 0
25500, 1266, 1, 0, 0
26000, 1266, 1, 0, 0
26500, 1246, 1, 0, 0
27000, 1255, 1, 0, 0
27500, 1245, 1, 0, 0
28000, 1240, 1, 0, 0
28500, 1238, 1, 0, 0
29000, 1239, 1, 0, 0
29500, 1240, 1, 0, 0
30000, 1238, 1, 0, 0
30500, 1239, 1, 0, 0
31000, 1260, 1, 0, 0
31500, 1267, 1, 0, 0
32000, 1268, 1, 0, 0
32500, 1268, 1, 0, 0
33000, 1273, 1, 0, 0
33500, 1263, 1, 0, 0
34000, 1265, 1, 0, 0
34500, 1258, 1, 0, 0
35000, 1258, 1, 0, 0
35500, 1261, 1, 0, 0
36000, 1258, 1, 0, 0
36500, 1286, 1, 0, 0
37000, 1265, 1, 0, 0
37500, 1264, 1, 0, 0
38000, 1263, 1, 0, 0
38500, 1265, 1, 0, 0
39000, 1268, 1, 0, 0
39500, 1265, 1, 0, 0
40000, 1264, 1, 0, 0
40500, 1263, 1, 0, 0
41000, 1262, 1, 0, 0
41500, 1260, 1, 0, 0
42000, 1236, 1, 0, 0
42500, 1232, 1, 0, 0
43000, 1229, 1, 0, 0
43500, 1227, 1, 0, 0
44000, 1226, 1, 0, 0
44500, 1229, 1, 0, 0
45000, 1224, 1, 0, 0
45500, 1226, 1, 0, 0
46000, 1225, 1, 0, 0
46500, 1246, 1, 0, 0
47000, 1245, 1, 0, 0
47500, 1241, 1, 0, 0
48000, 1243, 1, 0, 0
48500, 1240, 1, 0, 0
49000, 1243, 1, 0, 0
49500, 1241, 1, 0, 0
50000, 1241, 1, 0, 0
50500, 1239, 1, 0, 0
51000, 1238, 1, 0, 0
51500, 1256, 1, 0, 0
52000, 1250, 1, 0, 0
52500, 1243, 1, 0, 0
53000, 1243, 1, 0, 0
53500, 1242, 1, 0, 0
54000, 1244, 1, 0, 0
54500, 1244, 1, 0, 0
55000, 1246, 1, 0, 0
55500, 1248, 1, 0, 0
56000, 1245, 1, 0, 0
56500, 1245, 1, 0, 0
57000, 1256, 1, 0, 0
57500, 1241, 1, 0, 0
58000, 1244, 1, 0, 0
58500, 1241, 1, 0, 0
59000, 1242, 1, 0, 0
59500, 1239, 1, 0, 0
60000, 1240, 1, 0, 0
