500, 143014, 1, 0, 0
1000, 142926, 1, 0, 0
1500, 142920, 1, 0, 0
2000, 142912, 1, 0, 0
2500, 142912, 1, 0, 0
3000, 142922, 1, 0, 0
3500, 142930, 1, 0, 0
4000, 142926, 1, 0, 0
4500, 142924, 1, 0, 0
5000, 142918, 1, 0, 0
5500, 142732, 1, 0, 0
6000, 142920, 1, 0, 0
6500, 142920, 1, 0, 0
7000, 142928, 1, 0, 0
7500, 142928, 1, 0, 0
8000, 142928, 1, 0, 0
8500, 142912, 1, 0, 0
9000, 142912, 1, 0, 0
9500, 142920, 1, 0, 0
10000, 142933, 1, 0, 0
10500, 142784, 1, 0, 0
11000, 142924, 1, 0, 0
11500, 142924, 1, 0, 0
12000, 142920, 1, 0, 0
12500, 142916, 1, 0, 0
13000, 142912, 1, 0, 0
13500, 142926, 1, 0, 0
14000, 142926, 1, 0, 0
14500, 142924, 1, 0, 0
15000, 142924, 1, 0, 0
15500, 142732, 1, 0, 0
16000, 142928, 1, 0, 0
16500, 142924, 1, 0, 0
17000, 142916, 1, 0, 0
17500, 142912, 1, 0, 0
18000, 142920, 1, 0, 0
18500, 142918, 1, 0, 0
19000, 142926, 1, 0, 0
19500, 142918, 1, 0, 0
20000, 142930, 1, 0, 0
20500, 142920, 1, 0, 0
21000, 142764, 1, 0, 0
21500, 142920, 1, 0, 0
22000, 142925, 1, 0, 0
22500, 142920, 1, 0, 0
23000, 142914, 1, 0, 0
23500, 142926, 1, 0, 0
24000, 142924, 1, 0, 0
24500, 142916, 1, 0, 0
25000, 142924, 1, 0, 0
25500, 142918, 1, 0, 0
26000, 142730, 1, 0, 0
26500, 142924, 1, 0, 0
27000, 142926, 1, 0, 0
27500, 142924, 1, 0, 0
28000, 142916, 1, 0, 0
28500, 142912, 1, 0, 0
29000, 142924, 1, 0, 0
29500, 142926, 1, 0, 0
30000, 142924, 1, 0, 0
30500, 142918, 1, 0, 0
31000, 142780, 1, 0, 0
31500, 142928, 1, 0, 0
32000, 142916, 1, 0, 0
32500, 142916, 1, 0, 0
33000, 142916, 1, 0, 0
33500, 142924, 1, 0, 0
34000, 142925, 1, 0, 0
34500, 142912, 1, 0, 0
35000, 142920, 1, 0, 0
35500, 142924, 1, 0, 0
36000, 142928, 1, 0, 0
36500, 142750, 1, 0, 0
37000, 142930, 1, 0, 0
37500, 142920, 1, 0, 0
38000, 142920, 1, 0, 0
38500, 142916, 1, 0, 0
39000, 142920, 1, 0, 0
39500, 142924, 1, 0, 0
40000, 142922, 1, 0, 0
40500, 142926, 1, 0, 0
41000, 142920, 1, 0, 0
41500, 142684, 1, 0, 0
42000, 142926, 1, 0, 0
42500, 142922, 1, 0, 0
43000, 142928, 1, 0, 0
43500, 142924, 1, 0, 0
44000, 142916, 1, 0, 0
44500, 142916, 1, 0, 0
45000, 142914, 1, 0, 0
45500, 142922, 1, 0, 0
46000, 142929, 1, 0, 0
46500, 142716, 1, 0, 0
47000, 142920, 1, 0, 0
47500, 142916, 1, 0, 0
48000, 142912, 1, 0, 0
48500, 142926, 1, 0, 0
49000, 142926, 1, 0, 0
49500, 142924, 1, 0, 0
50000, 142926, 1, 0, 0
50500, 142922, 1, 0, 0
51000, 142912, 1, 0, 0
51500, 142800, 1, 0, 0
52000, 142920, 1, 0, 0
52500, 142914, 1, 0, 0
53000, 142924, 1, 0, 0
53500, 142918, 1, 0, 0
54000, 142924, 1, 0, 0
54500, 142922, 1, 0, 0
55000, 142918, 1, 0, 0
55500, 142920, 1, 0, 0
56000, 142920, 1, 0, 0
56500, 142922, 1, 0, 0
57000, 142750, 1, 0, 0
57500, 142916, 1, 0, 0
58000, 142929, 1, 0, 0
58500, 142918, 1, 0, 0
59000, 142914, 1, 0, 0
59500, 142924, 1, 0, 0
60000, 142874, 1, 0, 0
