500, 1517, 1, 0, 0
1000, 1057, 1, 0, 0
1500, 1049, 1, 0, 0
2000, 1052, 1, 0, 0
2500, 1042, 1, 0, 0
3000, 1047, 1, 0, 0
3500, 1048, 1, 0, 0
4000, 1046, 1, 0, 0
4500, 1041, 1, 0, 0
5000, 1040, 1, 0, 0
5500, 1043, 1, 0, 0
6001, 1043, 1, 0, 0
6500, 1058, 1, 0, 0
7000, 1053, 1, 0, 0
7500, 1059, 1, 0, 0
8000, 1053, 1, 0, 0
8505, 1050, 1, 0, 0
9007, 1051, 1, 0, 0
9500, 1055, 1, 0, 0
10006, 1059, 1, 0, 0
10500, 1054, 1, 0, 0
11000, 1060, 1, 0, 0
11500, 1054, 1, 0, 0
12002, 1059, 1, 0, 0
12509, 1063, 1, 0, 0
13000, 1067, 1, 0, 0
13501, 1060, 1, 0, 0
14005, 1055, 1, 0, 0
14500, 1065, 1, 0, 0
15010, 1061, 1, 0, 0
15509, 1069, 1, 0, 0
16008, 1062, 1, 0, 0
16508, 1059, 1, 0, 0
17010, 1066, 1, 0, 0
17507, 1056, 1, 0, 0
18006, 1061, 1, 0, 0
18508, 1064, 1, 0, 0
19011, 1063, 1, 0, 0
19501, 1070, 1, 0, 0
20004, 1073, 1, 0, 0
20500, 1078, 1, 0, 0
21004, 1067, 1, 0, 0
21500, 1077, 1, 0, 0
22000, 1076, 1, 0, 0
22501, 1076, 1, 0, 0
23007, 1074, 1, 0, 0
23500, 1067, 1, 0, 0
24000, 1078, 1, 0, 0
24500, 1061, 1, 0, 0
25009, 1071, 1, 0, 0
25500, 1064, 1, 0, 0
26010, 1066, 1, 0, 0
26509, 1073, 1, 0, 0
27006, 1063, 1, 0, 0
27500, 1069, 1, 0, 0
28011, 1058, 1, 0, 0
28510, 1069, 1, 0, 0
29009, 1070, 1, 0, 0
29511, 1072, 1, 0, 0
30003, 1057, 1, 0, 0
30515, 1065, 1, 0, 0
31005, 1061, 1, 0, 0
31505, 1063, 1, 0, 0
32007, 1071, 1, 0, 0
32500, 1059, 1, 0, 0
33000, 1065, 1, 0, 0
33509, 1061, 1, 0, 0
34003, 1064, 1, 0, 0
34500, 1062, 1, 0, 0
35010, 1074, 1, 0, 0
35508, 1071, 1, 0, 0
36007, 1052, 1, 0, 0
36503, 1068, 1, 0, 0
37009, 1053, 1, 0, 0
37511, 1045, 1, 0, 0
38000, 1050, 1, 0, 0
38500, 1064, 1, 0, 0
39006, 1053, 1, 0, 0
39510, 1050, 1, 0, 0
40012, 1073, 1, 0, 0
40500, 1068, 1, 0, 0
41000, 1052, 1, 0, 0
41501, 1063, 1, 0, 0
42013, 1068, 1, 0, 0
42508, 1053, 1, 0, 0
43011, 1059, 1, 0, 0
43507, 1053, 1, 0, 0
44004, 1051, 1, 0, 0
44503, 1065, 1, 0, 0
45000, 1057, 1, 0, 0
45506, 1056, 1, 0, 0
46005, 1056, 1, 0, 0
46500, 1056, 1, 0, 0
47011, 1060, 1, 0, 0
47502, 1069, 1, 0, 0
48000, 1069, 1, 0, 0
48509, 1057, 1, 0, 0
49000, 1057, 1, 0, 0
49507, 1056, 1, 0, 0
50000, 1068, 1, 0, 0
50513, 1073, 1, 0, 0
51009, 1067, 1, 0, 0
51509, 1064, 1, 0, 0
52000, 1065, 1, 0, 0
52500, 1066, 1, 0, 0
53000, 1052, 1, 0, 0
53515, 1061, 1, 0, 0
54008, 1067, 1, 0, 0
54508, 1072, 1, 0, 0
55006, 1074, 1, 0, 0
55502, 1076, 1, 0, 0
56002, 1068, 1, 0, 0
56500, 1065, 1, 0, 0
57000, 1064, 1, 0, 0
57500, 1085, 1, 0, 0
58003, 1064, 1, 0, 0
58502, 1067, 1, 0, 0
59000, 1067, 1, 0, 0
59513, 1066, 1, 0, 0
60008, 1057, 1, 0, 0
