500, 231778, 1, 0, 0
1000, 232240, 1, 0, 0
1500, 232555, 1, 0, 0
2000, 231927, 1, 0, 0
2500, 231217, 1, 0, 0
3000, 231091, 1, 0, 0
3500, 230799, 1, 0, 0
4000, 231610, 1, 0, 0
4500, 231496, 1, 0, 0
5000, 232612, 1, 0, 0
5500, 233571, 1, 0, 0
6001, 409896, 1, 0, 0
6500, 722573, 1, 0, 0
7000, 826175, 1, 0, 0
7500, 868965, 1, 0, 0
8000, 853713, 1, 0, 0
8505, 921344, 1, 0, 0
9007, 830661, 1, 0, 0
9500, 887910, 1, 0, 0
10006, 994440, 1, 0, 0
10500, 954122, 1, 0, 0
11000, 1093261, 1, 0, 0
11500, 1130334, 1, 0, 0
12002, 1075902, 1, 0, 0
12509, 1307813, 1, 0, 0
13000, 1198709, 1, 0, 0
13501, 1243774, 1, 0, 0
14005, 1246572, 1, 0, 0
14500, 1285826, 1, 0, 0
15010, 1318248, 1, 0, 0
15509, 1414809, 1, 0, 0
16008, 1411891, 1, 0, 0
16508, 1286829, 1, 0, 0
17010, 1413989, 1, 0, 0
17507, 1583676, 1, 0, 0
18006, 1597391, 1, 0, 0
18508, 1630492, 1, 0, 0
19011, 1717151, 1, 0, 0
19501, 1679482, 1, 0, 0
20004, 1792969, 1, 0, 0
20500, 1740653, 1, 0, 0
21004, 1698685, 1, 0, 0
21500, 1921438, 1, 0, 0
22000, 1913150, 1, 0, 0
22501, 1938974, 1, 0, 0
23007, 1981244, 1, 0, 0
23500, 1941849, 1, 0, 0
24000, 2110910, 1, 0, 0
24500, 1904847, 1, 0, 0
25009, 2121199, 1, 0, 0
25500, 2237567, 1, 0, 0
26010, 2171277, 1, 0, 0
26509, 2172575, 1, 0, 0
27006, 1905360, 1, 0, 0
27500, 2159064, 1, 0, 0
28011, 2430773, 1, 0, 0
28510, 2112097, 1, 0, 0
29009, 2312882, 1, 0, 0
29511, 2263058, 1, 0, 0
30003, 2034580, 1, 0, 0
30514, 2513175, 1, 0, 0
31005, 2612318, 1, 0, 0
31505, 2157219, 1, 0, 0
32007, 2557652, 1, 0, 0
32500, 2789090, 1, 0, 0
33000, 2452273, 1, 0, 0
33509, 2435561, 1, 0, 0
34003, 2517677, 1, 0, 0
34500, 2588427, 1, 0, 0
35010, 2557327, 1, 0, 0
35508, 2529284, 1, 0, 0
36007, 2543991, 1, 0, 0
36503, 2648366, 1, 0, 0
37009, 2496532, 1, 0, 0
37511, 2601767, 1, 0, 0
38000, 2638042, 1, 0, 0
38500, 3018226, 1, 0, 0
39006, 2714386, 1, 0, 0
39510, 2564257, 1, 0, 0
40012, 3109023, 1, 0, 0
40500, 3048319, 1, 0, 0
41000, 2879405, 1, 0, 0
41501, 2877654, 1, 0, 0
42013, 3165002, 1, 0, 0
42508, 3048952, 1, 0, 0
43011, 2987448, 1, 0, 0
43507, 2988784, 1, 0, 0
44004, 3029111, 1, 0, 0
44503, 3187798, 1, 0, 0
45000, 3305368, 1, 0, 0
45506, 2687783, 1, 0, 0
46005, 3065098, 1, 0, 0
46500, 3327051, 1, 0, 0
47011, 3099989, 1, 0, 0
47502, 3214569, 1, 0, 0
48000, 3198794, 1, 0, 0
48509, 3105294, 1, 0, 0
49000, 3260436, 1, 0, 0
49507, 3213150, 1, 0, 0
50000, 3176866, 1, 0, 0
50513, 3170460, 1, 0, 0
51009, 3185287, 1, 0, 0
51509, 3022936, 1, 0, 0
52000, 3229334, 1, 0, 0
52500, 3014253, 1, 0, 0
53000, 2936455, 1, 0, 0
53515, 3033090, 1, 0, 0
54008, 3161418, 1, 0, 0
54508, 3071495, 1, 0, 0
55006, 3118125, 1, 0, 0
55502, 3120927, 1, 0, 0
56002, 3109875, 1, 0, 0
56500, 3064246, 1, 0, 0
57000, 2881006, 1, 0, 0
57500, 3080788, 1, 0, 0
58003, 3293036, 1, 0, 0
58502, 2990148, 1, 0, 0
59000, 3199974, 1, 0, 0
59513, 3053350, 1, 0, 0
60007, 3089580, 1, 0, 0
60008, 15274413, 1, 0, 0
