500, 1096512, 1, 0, 0
1000, 1096352, 1, 0, 0
1500, 1094880, 1, 0, 0
2000, 1097728, 1, 0, 0
2500, 1101280, 1, 0, 0
3000, 1101792, 1, 0, 0
3500, 1103104, 1, 0, 0
4000, 1099264, 1, 0, 0
4500, 1099840, 1, 0, 0
5000, 1094592, 1, 0, 0
5500, 1090048, 1, 0, 0
6000, 617792, 1, 0, 0
6500, 355584, 1, 0, 0
7000, 310400, 1, 0, 0
7500, 294368, 1, 0, 0
8000, 298016, 1, 0, 0
8500, 276672, 1, 0, 0
9000, 307840, 1, 0, 0
9500, 284280, 1, 0, 0
10000, 260032, 1, 0, 0
10500, 269648, 1, 0, 0
11000, 233920, 1, 0, 0
11500, 222256, 1, 0, 0
12000, 238016, 1, 0, 0
12500, 198368, 1, 0, 0
13000, 213120, 1, 0, 0
13500, 202272, 1, 0, 0
14000, 206944, 1, 0, 0
14500, 201472, 1, 0, 0
15000, 192864, 1, 0, 0
15500, 180384, 1, 0, 0
16000, 180896, 1, 0, 0
16500, 198816, 1, 0, 0
17000, 181312, 1, 0, 0
17500, 160640, 1, 0, 0
18000, 160064, 1, 0, 0
18500, 157280, 1, 0, 0
19000, 149472, 1, 0, 0
19500, 149664, 1, 0, 0
20000, 143360, 1, 0, 0
20500, 147616, 1, 0, 0
21000, 150656, 1, 0, 0
21500, 132000, 1, 0, 0
22000, 133856, 1, 0, 0
22500, 131488, 1, 0, 0
23000, 131072, 1, 0, 0
23500, 134048, 1, 0, 0
24000, 120512, 1, 0, 0
24500, 134784, 1, 0, 0
25000, 118624, 1, 0, 0
25500, 115366, 1, 0, 0
26000, 117408, 1, 0, 0
26500, 117248, 1, 0, 0
27000, 133024, 1, 0, 0
27500, 120512, 1, 0, 0
28000, 105280, 1, 0, 0
28500, 120176, 1, 0, 0
29000, 110656, 1, 0, 0
29500, 113760, 1, 0, 0
30000, 123008, 1, 0, 0
30500, 104128, 1, 0, 0
31000, 96656, 1, 0, 0
31500, 117760, 1, 0, 0
32000, 101088, 1, 0, 0
32500, 90272, 1, 0, 0
33000, 107616, 1, 0, 0
33500, 103360, 1, 0, 0
34000, 100544, 1, 0, 0
34500, 101696, 1, 0, 0
35000, 98464, 1, 0, 0
35500, 100768, 1, 0, 0
36000, 100384, 1, 0, 0
36500, 96096, 1, 0, 0
37000, 103504, 1, 0, 0
37500, 98576, 1, 0, 0
38000, 96080, 1, 0, 0
38500, 86816, 1, 0, 0
39000, 91760, 1, 0, 0
39500, 100624, 1, 0, 0
40000, 82880, 1, 0, 0
40500, 82416, 1, 0, 0
41000, 89872, 1, 0, 0
41500, 87328, 1, 0, 0
42000, 82784, 1, 0, 0
42500, 83366, 1, 0, 0
43000, 86048, 1, 0, 0
43500, 85088, 1, 0, 0
44000, 84288, 1, 0, 0
44500, 79872, 1, 0, 0
45000, 78752, 1, 0, 0
45500, 93984, 1, 0, 0
46000, 83392, 1, 0, 0
46500, 78656, 1, 0, 0
47000, 81600, 1, 0, 0
47500, 78464, 1, 0, 0
48000, 82144, 1, 0, 0
48500, 81184, 1, 0, 0
49000, 79632, 1, 0, 0
49500, 78128, 1, 0, 0
50000, 80512, 1, 0, 0
50500, 81440, 1, 0, 0
51000, 80000, 1, 0, 0
51500, 84576, 1, 0, 0
52000, 77888, 1, 0, 0
52500, 86144, 1, 0, 0
53000, 85824, 1, 0, 0
53500, 86880, 1, 0, 0
54000, 80512, 1, 0, 0
54500, 82560, 1, 0, 0
55000, 81952, 1, 0, 0
55500, 81280, 1, 0, 0
56000, 82048, 1, 0, 0
56500, 85920, 1, 0, 0
57000, 86240, 1, 0, 0
57500, 86016, 1, 0, 0
58000, 75584, 1, 0, 0
58500, 84896, 1, 0, 0
59000, 83456, 1, 0, 0
59500, 82308, 1, 0, 0
60000, 82112, 1, 0, 0
