500, 233295, 1, 0, 0
1000, 233297, 1, 0, 0
1500, 233604, 1, 0, 0
2000, 232979, 1, 0, 0
2500, 232259, 1, 0, 0
3000, 232138, 1, 0, 0
3500, 231847, 1, 0, 0
4000, 232656, 1, 0, 0
4500, 232537, 1, 0, 0
5000, 233653, 1, 0, 0
5500, 234614, 1, 0, 0
6001, 410939, 1, 0, 0
6500, 723631, 1, 0, 0
7000, 827229, 1, 0, 0
7500, 870024, 1, 0, 0
8000, 854765, 1, 0, 0
8505, 922395, 1, 0, 0
9007, 831712, 1, 0, 0
9500, 888965, 1, 0, 0
10006, 995499, 1, 0, 0
10500, 955176, 1, 0, 0
11000, 1094321, 1, 0, 0
11500, 1131388, 1, 0, 0
12002, 1076961, 1, 0, 0
12509, 1308875, 1, 0, 0
13000, 1199776, 1, 0, 0
13501, 1244834, 1, 0, 0
14005, 1247627, 1, 0, 0
14500, 1286891, 1, 0, 0
15010, 1319309, 1, 0, 0
15509, 1415878, 1, 0, 0
16008, 1412953, 1, 0, 0
16508, 1287888, 1, 0, 0
17010, 1415055, 1, 0, 0
17507, 1584732, 1, 0, 0
18006, 1598452, 1, 0, 0
18508, 1631556, 1, 0, 0
19011, 1718214, 1, 0, 0
19501, 1680553, 1, 0, 0
20004, 1794042, 1, 0, 0
20500, 1741731, 1, 0, 0
21004, 1699752, 1, 0, 0
21500, 1922515, 1, 0, 0
22000, 1914226, 1, 0, 0
22501, 1940050, 1, 0, 0
23007, 1982318, 1, 0, 0
23500, 1942916, 1, 0, 0
24000, 2111988, 1, 0, 0
24500, 1905908, 1, 0, 0
25009, 2122270, 1, 0, 0
25500, 2238631, 1, 0, 0
26010, 2172343, 1, 0, 0
26509, 2173647, 1, 0, 0
27006, 1906422, 1, 0, 0
27500, 2160133, 1, 0, 0
28011, 2431831, 1, 0, 0
28510, 2113167, 1, 0, 0
29009, 2313952, 1, 0, 0
29511, 2264130, 1, 0, 0
30003, 2035638, 1, 0, 0
30514, 2514241, 1, 0, 0
31005, 2613380, 1, 0, 0
31505, 2158282, 1, 0, 0
32007, 2558722, 1, 0, 0
32500, 2790150, 1, 0, 0
33000, 2453338, 1, 0, 0
33509, 2436621, 1, 0, 0
34003, 2518742, 1, 0, 0
34500, 2589489, 1, 0, 0
35010, 2558401, 1, 0, 0
35508, 2530355, 1, 0, 0
36007, 2545043, 1, 0, 0
36503, 2649434, 1, 0, 0
37009, 2497586, 1, 0, 0
37511, 2602812, 1, 0, 0
38000, 2639091, 1, 0, 0
38500, 3019291, 1, 0, 0
39006, 2715439, 1, 0, 0
39510, 2565307, 1, 0, 0
40012, 3110097, 1, 0, 0
40500, 3049387, 1, 0, 0
41000, 2880456, 1, 0, 0
41501, 2878717, 1, 0, 0
42013, 3166070, 1, 0, 0
42508, 3050005, 1, 0, 0
43011, 2988506, 1, 0, 0
43507, 2989837, 1, 0, 0
44004, 3030162, 1, 0, 0
44503, 3188863, 1, 0, 0
45000, 3306425, 1, 0, 0
45506, 2688839, 1, 0, 0
46005, 3066154, 1, 0, 0
46500, 3328107, 1, 0, 0
47011, 3101049, 1, 0, 0
47502, 3215637, 1, 0, 0
48000, 3199863, 1, 0, 0
48509, 3106351, 1, 0, 0
49000, 3261493, 1, 0, 0
49507, 3214206, 1, 0, 0
50000, 3177934, 1, 0, 0
50513, 3171532, 1, 0, 0
51009, 3186354, 1, 0, 0
51509, 3024001, 1, 0, 0
52000, 3230399, 1, 0, 0
52500, 3015320, 1, 0, 0
53000, 2937507, 1, 0, 0
53515, 3034150, 1, 0, 0
54008, 3162485, 1, 0, 0
54508, 3072566, 1, 0, 0
55006, 3119199, 1, 0, 0
55502, 3122002, 1, 0, 0
56002, 3110943, 1, 0, 0
56500, 3065311, 1, 0, 0
57000, 2882071, 1, 0, 0
57500, 3081873, 1, 0, 0
58003, 3294100, 1, 0, 0
58502, 2991214, 1, 0, 0
59000, 3200492, 1, 0, 0
59513, 3054929, 1, 0, 0
60007, 3090637, 1, 0, 0
60008, 15275442, 1, 0, 0
