500, 137068, 1, 0, 0
1000, 137044, 1, 0, 0
1500, 136860, 1, 0, 0
2000, 137216, 1, 0, 0
2500, 137660, 1, 0, 0
3000, 137724, 1, 0, 0
3500, 137888, 1, 0, 0
4000, 137408, 1, 0, 0
4500, 137480, 1, 0, 0
5000, 136824, 1, 0, 0
5500, 136256, 1, 0, 0
6000, 77224, 1, 0, 0
6500, 44448, 1, 0, 0
7000, 38800, 1, 0, 0
7500, 36796, 1, 0, 0
8000, 37252, 1, 0, 0
8500, 34584, 1, 0, 0
9000, 38480, 1, 0, 0
9500, 35535, 1, 0, 0
10000, 32504, 1, 0, 0
10500, 33706, 1, 0, 0
11000, 29240, 1, 0, 0
11500, 27782, 1, 0, 0
12000, 29752, 1, 0, 0
12500, 24796, 1, 0, 0
13000, 26640, 1, 0, 0
13500, 25284, 1, 0, 0
14000, 25868, 1, 0, 0
14500, 25184, 1, 0, 0
15000, 24108, 1, 0, 0
15500, 22548, 1, 0, 0
16000, 22612, 1, 0, 0
16500, 24852, 1, 0, 0
17000, 22664, 1, 0, 0
17500, 20080, 1, 0, 0
18000, 20008, 1, 0, 0
18500, 19660, 1, 0, 0
19000, 18684, 1, 0, 0
19500, 18708, 1, 0, 0
20000, 17920, 1, 0, 0
20500, 18452, 1, 0, 0
21000, 18832, 1, 0, 0
21500, 16500, 1, 0, 0
22000, 16732, 1, 0, 0
22500, 16436, 1, 0, 0
23000, 16384, 1, 0, 0
23500, 16756, 1, 0, 0
24000, 15064, 1, 0, 0
24500, 16848, 1, 0, 0
25000, 14828, 1, 0, 0
25500, 14420, 1, 0, 0
26000, 14676, 1, 0, 0
26500, 14656, 1, 0, 0
27000, 16628, 1, 0, 0
27500, 15064, 1, 0, 0
28000, 13160, 1, 0, 0
28500, 15022, 1, 0, 0
29000, 13832, 1, 0, 0
29500, 14220, 1, 0, 0
30000, 15376, 1, 0, 0
30500, 13016, 1, 0, 0
31000, 12082, 1, 0, 0
31500, 14720, 1, 0, 0
32000, 12636, 1, 0, 0
32500, 11284, 1, 0, 0
33000, 13452, 1, 0, 0
33500, 12920, 1, 0, 0
34000, 12568, 1, 0, 0
34500, 12712, 1, 0, 0
35000, 12308, 1, 0, 0
35500, 12596, 1, 0, 0
36000, 12548, 1, 0, 0
36500, 12012, 1, 0, 0
37000, 12938, 1, 0, 0
37500, 12322, 1, 0, 0
38000, 12010, 1, 0, 0
38500, 10852, 1, 0, 0
39000, 11470, 1, 0, 0
39500, 12578, 1, 0, 0
40000, 10360, 1, 0, 0
40500, 10302, 1, 0, 0
41000, 11234, 1, 0, 0
41500, 10916, 1, 0, 0
42000, 10348, 1, 0, 0
42500, 10420, 1, 0, 0
43000, 10756, 1, 0, 0
43500, 10636, 1, 0, 0
44000, 10536, 1, 0, 0
44500, 9984, 1, 0, 0
45000, 9844, 1, 0, 0
45500, 11748, 1, 0, 0
46000, 10424, 1, 0, 0
46500, 9832, 1, 0, 0
47000, 10200, 1, 0, 0
47500, 9808, 1, 0, 0
48000, 10268, 1, 0, 0
48500, 10148, 1, 0, 0
49000, 9954, 1, 0, 0
49500, 9766, 1, 0, 0
50000, 10064, 1, 0, 0
50500, 10180, 1, 0, 0
51000, 10000, 1, 0, 0
51500, 10572, 1, 0, 0
52000, 9736, 1, 0, 0
52500, 10768, 1, 0, 0
53000, 10728, 1, 0, 0
53500, 10860, 1, 0, 0
54000, 10064, 1, 0, 0
54500, 10320, 1, 0, 0
55000, 10244, 1, 0, 0
55500, 10160, 1, 0, 0
56000, 10256, 1, 0, 0
56500, 10740, 1, 0, 0
57000, 10780, 1, 0, 0
57500, 10752, 1, 0, 0
58000, 9448, 1, 0, 0
58500, 10612, 1, 0, 0
59000, 10432, 1, 0, 0
59500, 10288, 1, 0, 0
60000, 10264, 1, 0, 0
