[89909.691095] KSC2026-MARK map16k_bs8k_r2 insmod 1791465672440458064
[89909.711596] NVMeVirt: Version 1.10 for >> Samsung 970 Pro SSD <<
[89909.711614] NVMeVirt: Storage: 0x300100000-0x600000000 (12287 MiB)
[89909.725130] NVMeVirt: Total Capacity(GiB,MiB)=3,3072 chs=2 luns=4 lines=384 blk-size(MiB,KiB)=2,2048 line-size(MiB,KiB)=8,8192
[89909.725135] NVMeVirt: KSC2026: mapping unit=16384 B, flash page=32768 B, oneshot page=32768 B, pgs_per_blk=128, blks_per_pl=384, write buffer=1048576 B
[89909.730012] NVMeVirt: [chmodel_init] bandwidth 800 max_credits 26 tx_time 152
[89909.733182] NVMeVirt: [chmodel_init] bandwidth 800 max_credits 26 tx_time 152
[89909.733193] NVMeVirt: [chmodel_init] bandwidth 3360 max_credits 110 tx_time 36
[89909.733521] NVMeVirt: pqueue: Copyright (c) 2014, Volkan Yazıcı <volkan.yazici@gmail.com>. All rights reserved.
[89909.733522] NVMeVirt: Init FTL instance with 2 channels (196608 pages)
[89909.736623] NVMeVirt: [chmodel_init] bandwidth 800 max_credits 26 tx_time 152
[89909.739730] NVMeVirt: [chmodel_init] bandwidth 800 max_credits 26 tx_time 152
[89909.739740] NVMeVirt: [chmodel_init] bandwidth 3360 max_credits 110 tx_time 36
[89909.740076] NVMeVirt: Init FTL instance with 2 channels (196608 pages)
[89909.743141] NVMeVirt: [chmodel_init] bandwidth 800 max_credits 26 tx_time 152
[89909.746211] NVMeVirt: [chmodel_init] bandwidth 800 max_credits 26 tx_time 152
[89909.746222] NVMeVirt: [chmodel_init] bandwidth 3360 max_credits 110 tx_time 36
[89909.746550] NVMeVirt: Init FTL instance with 2 channels (196608 pages)
[89909.749619] NVMeVirt: [chmodel_init] bandwidth 800 max_credits 26 tx_time 152
[89909.752677] NVMeVirt: [chmodel_init] bandwidth 800 max_credits 26 tx_time 152
[89909.752688] NVMeVirt: [chmodel_init] bandwidth 3360 max_credits 110 tx_time 36
[89909.753033] NVMeVirt: Init FTL instance with 2 channels (196608 pages)
[89909.753037] NVMeVirt: FTL physical space: 12883853312, logical space: 12040984403 (physical/logical * 100 = 107)
[89909.753037] NVMeVirt: KSC2026: WBUF_FIX=1 GC_STATS=1
[89909.753038] NVMeVirt: ns 0/1: size 11483 MiB
[89909.753067] PCI host bridge to bus 0001:10
[89909.753068] pci_bus 0001:10: root bus resource [io  0x0000-0xffff]
[89909.753070] pci_bus 0001:10: root bus resource [mem 0x00000000-0x3fffffffffff]
[89909.753071] pci_bus 0001:10: root bus resource [bus 00-ff]
[89909.753077] pci 0001:10:00.0: [0c51:0110] type 00 class 0x010802 PCIe Endpoint
[89909.753079] pci 0001:10:00.0: BAR 0 [mem 0x300000000-0x300003fff 64bit]
[89909.753080] pci 0001:10:00.0: enabling Extended Tags
[89909.753180] NVMeVirt: Virtual PCI bus created (node 0)
[89909.753394] NVMeVirt: nvmev_io_worker_0 started on cpu 4 (node 0)
[89909.753573] NVMeVirt: nvmev_io_worker_1 started on cpu 5 (node 0)
[89909.753583] NVMeVirt: nvmev_dispatcher started on cpu 3 (node 0)
[89909.753660] nvme nvme1: pci function 0001:10:00.0
[89909.757125] nvme nvme1: 1/0/0 default/read/poll queues
[89909.759080] NVMeVirt: Virtual NVMe device created
[89915.793724] KSC2026-MARK map16k_bs8k_r2 fio-start 1791465678555628905
[89921.698661] NVMeVirt: KSC2026: first GC part=2 victim line=2 vpc=183 ipc=329 free_lines=2 host_pgs=194560
[89921.716074] NVMeVirt: KSC2026: first GC part=1 victim line=8 vpc=171 ipc=341 free_lines=2 host_pgs=194560
[89921.716226] NVMeVirt: KSC2026: first GC part=3 victim line=10 vpc=178 ipc=334 free_lines=2 host_pgs=194560
[89921.766101] NVMeVirt: KSC2026: first GC part=0 victim line=4 vpc=177 ipc=335 free_lines=2 host_pgs=194560
[89976.829348] KSC2026-MARK map16k_bs8k_r2 fio-end
[89976.834168] KSC2026-MARK map16k_bs8k_r2 rmmod 1791465739597968530
[89976.901090] pci_bus 0001:10: busn_res: [bus 10-ff] is released
[89976.901152] NVMeVirt: KSC2026: stats part=0 host_pgs=417657 gc_pgs=814854 gc_cnt=2026 free_lines=2
[89976.901153] NVMeVirt: KSC2026: stats part=1 host_pgs=417802 gc_pgs=815713 gc_cnt=2028 free_lines=1
[89976.901154] NVMeVirt: KSC2026: stats part=2 host_pgs=417541 gc_pgs=818546 gc_cnt=2033 free_lines=2
[89976.901155] NVMeVirt: KSC2026: stats part=3 host_pgs=417210 gc_pgs=811681 gc_cnt=2019 free_lines=2
[89976.928781] NVMeVirt: Virtual NVMe device closed
