500, 1692, 1, 0, 0
1000, 1688, 1, 0, 0
1500, 1687, 1, 0, 0
2000, 1685, 1, 0, 0
2500, 1688, 1, 0, 0
3000, 1689, 1, 0, 0
3500, 1693, 1, 0, 0
4000, 1691, 1, 0, 0
4500, 1690, 1, 0, 0
5000, 1689, 1, 0, 0
5500, 1684, 1, 0, 0
6010, 1733, 1, 0, 0
6511, 1715, 1, 0, 0
7015, 1707, 1, 0, 0
7502, 1726, 1, 0, 0
8005, 1726, 1, 0, 0
8501, 1706, 1, 0, 0
9003, 1722, 1, 0, 0
9503, 1709, 1, 0, 0
10000, 1713, 1, 0, 0
10500, 1701, 1, 0, 0
11002, 1707, 1, 0, 0
11500, 1699, 1, 0, 0
12003, 1705, 1, 0, 0
12507, 1707, 1, 0, 0
13008, 1713, 1, 0, 0
13508, 1959, 1, 0, 0
14000, 1714, 1, 0, 0
14500, 1708, 1, 0, 0
15012, 1713, 1, 0, 0
15500, 1709, 1, 0, 0
16010, 1713, 1, 0, 0
16500, 1708, 1, 0, 0
17000, 1711, 1, 0, 0
17500, 1706, 1, 0, 0
18007, 1704, 1, 0, 0
18511, 1713, 1, 0, 0
19013, 1726, 1, 0, 0
19511, 1715, 1, 0, 0
20008, 1707, 1, 0, 0
20511, 1705, 1, 0, 0
21004, 1701, 1, 0, 0
21500, 1703, 1, 0, 0
22004, 1711, 1, 0, 0
22500, 1709, 1, 0, 0
23000, 1714, 1, 0, 0
23513, 1714, 1, 0, 0
24003, 1714, 1, 0, 0
24505, 1704, 1, 0, 0
25000, 1707, 1, 0, 0
25508, 1705, 1, 0, 0
26000, 1703, 1, 0, 0
26509, 1699, 1, 0, 0
27010, 1699, 1, 0, 0
27500, 1705, 1, 0, 0
28007, 1701, 1, 0, 0
28513, 1703, 1, 0, 0
29000, 1706, 1, 0, 0
29503, 1706, 1, 0, 0
30001, 1713, 1, 0, 0
30511, 1702, 1, 0, 0
31005, 1710, 1, 0, 0
31506, 1706, 1, 0, 0
32006, 1704, 1, 0, 0
32504, 1700, 1, 0, 0
33000, 1698, 1, 0, 0
33509, 1700, 1, 0, 0
34004, 1699, 1, 0, 0
34511, 1701, 1, 0, 0
35009, 1706, 1, 0, 0
35508, 1702, 1, 0, 0
36002, 1712, 1, 0, 0
36509, 1700, 1, 0, 0
37000, 1701, 1, 0, 0
37510, 1696, 1, 0, 0
38005, 1703, 1, 0, 0
38503, 1696, 1, 0, 0
39001, 1704, 1, 0, 0
39500, 1698, 1, 0, 0
40000, 1708, 1, 0, 0
40506, 1700, 1, 0, 0
41009, 1701, 1, 0, 0
41507, 1696, 1, 0, 0
42003, 1703, 1, 0, 0
42500, 1698, 1, 0, 0
43000, 1693, 1, 0, 0
43506, 1705, 1, 0, 0
44002, 1705, 1, 0, 0
44506, 1705, 1, 0, 0
45006, 1705, 1, 0, 0
45500, 1700, 1, 0, 0
46001, 1702, 1, 0, 0
46504, 1708, 1, 0, 0
47000, 1702, 1, 0, 0
47500, 1700, 1, 0, 0
48000, 1699, 1, 0, 0
48500, 1701, 1, 0, 0
49000, 1699, 1, 0, 0
49502, 1691, 1, 0, 0
50006, 1714, 1, 0, 0
50510, 1713, 1, 0, 0
51015, 1711, 1, 0, 0
51511, 1714, 1, 0, 0
52008, 1716, 1, 0, 0
52504, 1720, 1, 0, 0
53003, 1717, 1, 0, 0
53500, 1713, 1, 0, 0
54010, 1712, 1, 0, 0
54505, 1711, 1, 0, 0
55007, 1712, 1, 0, 0
55505, 1718, 1, 0, 0
56000, 1717, 1, 0, 0
56500, 1717, 1, 0, 0
57000, 1712, 1, 0, 0
57502, 1716, 1, 0, 0
58010, 1707, 1, 0, 0
58502, 1706, 1, 0, 0
59003, 1720, 1, 0, 0
59512, 1707, 1, 0, 0
60000, 1711, 1, 0, 0
