500, 66660, 1, 0, 0
1000, 66812, 1, 0, 0
1500, 66688, 1, 0, 0
2000, 66388, 1, 0, 0
2500, 65924, 1, 0, 0
3000, 66452, 1, 0, 0
3500, 66458, 1, 0, 0
4000, 66604, 1, 0, 0
4500, 66400, 1, 0, 0
5000, 66838, 1, 0, 0
5500, 66424, 1, 0, 0
6000, 49066, 1, 0, 0
6500, 4486, 1, 0, 0
7000, 4354, 1, 0, 0
7500, 4502, 1, 0, 0
8000, 4626, 1, 0, 0
8500, 4638, 1, 0, 0
9000, 4874, 1, 0, 0
9500, 4920, 1, 0, 0
10000, 5146, 1, 0, 0
10500, 5440, 1, 0, 0
11000, 4954, 1, 0, 0
11500, 5858, 1, 0, 0
12000, 5406, 1, 0, 0
12500, 5606, 1, 0, 0
13000, 5726, 1, 0, 0
13500, 5480, 1, 0, 0
14000, 5898, 1, 0, 0
14500, 5618, 1, 0, 0
15000, 6128, 1, 0, 0
15500, 5674, 1, 0, 0
16000, 5968, 1, 0, 0
16500, 5650, 1, 0, 0
17000, 5384, 1, 0, 0
17500, 5792, 1, 0, 0
18000, 6274, 1, 0, 0
18500, 5962, 1, 0, 0
19000, 6044, 1, 0, 0
19500, 5874, 1, 0, 0
20000, 5810, 1, 0, 0
20500, 6262, 1, 0, 0
21000, 5958, 1, 0, 0
21500, 6012, 1, 0, 0
22000, 5722, 1, 0, 0
22500, 6240, 1, 0, 0
23000, 6368, 1, 0, 0
23500, 6390, 1, 0, 0
24000, 5870, 1, 0, 0
24500, 6678, 1, 0, 0
25000, 6382, 1, 0, 0
25500, 6390, 1, 0, 0
26000, 6380, 1, 0, 0
26500, 6542, 1, 0, 0
27000, 6416, 1, 0, 0
27500, 6550, 1, 0, 0
28000, 6700, 1, 0, 0
28500, 7066, 1, 0, 0
29000, 6948, 1, 0, 0
29500, 6830, 1, 0, 0
30000, 6588, 1, 0, 0
30500, 6750, 1, 0, 0
31000, 6820, 1, 0, 0
31500, 7160, 1, 0, 0
32000, 7420, 1, 0, 0
32500, 7472, 1, 0, 0
33000, 7468, 1, 0, 0
33500, 7350, 1, 0, 0
34000, 7582, 1, 0, 0
34500, 7028, 1, 0, 0
35000, 7196, 1, 0, 0
35500, 7222, 1, 0, 0
36000, 7404, 1, 0, 0
36500, 7680, 1, 0, 0
37000, 7622, 1, 0, 0
37500, 8912, 1, 0, 0
38000, 8414, 1, 0, 0
38500, 7900, 1, 0, 0
39000, 8054, 1, 0, 0
39500, 8084, 1, 0, 0
40000, 8806, 1, 0, 0
40500, 8678, 1, 0, 0
41000, 10044, 1, 0, 0
41500, 10558, 1, 0, 0
42000, 9074, 1, 0, 0
42500, 9760, 1, 0, 0
43000, 10558, 1, 0, 0
43500, 10302, 1, 0, 0
44000, 11076, 1, 0, 0
44500, 11908, 1, 0, 0
45000, 12550, 1, 0, 0
45500, 15088, 1, 0, 0
46000, 14088, 1, 0, 0
46500, 13522, 1, 0, 0
47000, 14552, 1, 0, 0
47500, 19936, 1, 0, 0
48000, 20838, 1, 0, 0
48500, 26198, 1, 0, 0
49000, 52234, 1, 0, 0
49501, 23580, 1, 0, 0
50000, 4152, 1, 0, 0
50500, 4622, 1, 0, 0
51000, 4642, 1, 0, 0
51500, 4540, 1, 0, 0
52000, 4704, 1, 0, 0
52500, 4850, 1, 0, 0
53000, 5184, 1, 0, 0
53500, 5206, 1, 0, 0
54000, 4978, 1, 0, 0
54500, 5404, 1, 0, 0
55000, 5260, 1, 0, 0
55500, 5318, 1, 0, 0
56000, 5874, 1, 0, 0
56500, 6310, 1, 0, 0
57000, 5742, 1, 0, 0
57500, 5720, 1, 0, 0
58000, 6044, 1, 0, 0
58500, 5890, 1, 0, 0
59000, 5580, 1, 0, 0
59500, 5984, 1, 0, 0
60000, 5682, 1, 0, 0
