500, 2133056, 1, 0, 0
1000, 2138048, 1, 0, 0
1500, 2134016, 1, 0, 0
2000, 2124416, 1, 0, 0
2500, 2109568, 1, 0, 0
3000, 2126492, 1, 0, 0
3500, 2126656, 1, 0, 0
4000, 2131328, 1, 0, 0
4500, 2124800, 1, 0, 0
5000, 2138816, 1, 0, 0
5500, 2125632, 1, 0, 0
6000, 1570112, 1, 0, 0
6500, 143552, 1, 0, 0
7000, 139328, 1, 0, 0
7500, 144064, 1, 0, 0
8000, 148032, 1, 0, 0
8500, 148416, 1, 0, 0
9000, 155968, 1, 0, 0
9500, 157440, 1, 0, 0
10000, 164672, 1, 0, 0
10500, 174080, 1, 0, 0
11000, 158528, 1, 0, 0
11500, 187456, 1, 0, 0
12000, 172992, 1, 0, 0
12500, 179392, 1, 0, 0
13000, 183232, 1, 0, 0
13500, 175360, 1, 0, 0
14000, 188736, 1, 0, 0
14500, 179776, 1, 0, 0
15000, 196096, 1, 0, 0
15500, 181568, 1, 0, 0
16000, 190976, 1, 0, 0
16500, 180800, 1, 0, 0
17000, 172312, 1, 0, 0
17500, 185344, 1, 0, 0
18000, 200768, 1, 0, 0
18500, 190784, 1, 0, 0
19000, 193408, 1, 0, 0
19500, 187968, 1, 0, 0
20000, 185920, 1, 0, 0
20500, 200384, 1, 0, 0
21000, 190656, 1, 0, 0
21500, 192384, 1, 0, 0
22000, 183104, 1, 0, 0
22500, 199680, 1, 0, 0
23000, 203776, 1, 0, 0
23500, 204480, 1, 0, 0
24000, 187840, 1, 0, 0
24500, 213696, 1, 0, 0
25000, 204224, 1, 0, 0
25500, 204480, 1, 0, 0
26000, 204160, 1, 0, 0
26500, 209344, 1, 0, 0
27000, 205312, 1, 0, 0
27500, 209600, 1, 0, 0
28000, 214400, 1, 0, 0
28500, 226112, 1, 0, 0
29000, 222336, 1, 0, 0
29500, 218560, 1, 0, 0
30000, 210816, 1, 0, 0
30500, 216000, 1, 0, 0
31000, 218240, 1, 0, 0
31500, 229120, 1, 0, 0
32000, 237440, 1, 0, 0
32500, 239104, 1, 0, 0
33000, 238976, 1, 0, 0
33500, 235222, 1, 0, 0
34000, 242624, 1, 0, 0
34500, 224896, 1, 0, 0
35000, 230272, 1, 0, 0
35500, 231104, 1, 0, 0
36000, 236928, 1, 0, 0
36500, 245760, 1, 0, 0
37000, 243904, 1, 0, 0
37500, 285184, 1, 0, 0
38000, 269248, 1, 0, 0
38500, 252800, 1, 0, 0
39000, 257728, 1, 0, 0
39500, 258688, 1, 0, 0
40000, 281792, 1, 0, 0
40500, 277696, 1, 0, 0
41000, 321408, 1, 0, 0
41500, 337856, 1, 0, 0
42000, 290368, 1, 0, 0
42500, 312320, 1, 0, 0
43000, 337856, 1, 0, 0
43500, 329664, 1, 0, 0
44000, 354432, 1, 0, 0
44500, 381056, 1, 0, 0
45000, 401600, 1, 0, 0
45500, 482816, 1, 0, 0
46000, 450816, 1, 0, 0
46500, 432704, 1, 0, 0
47000, 465664, 1, 0, 0
47500, 637952, 1, 0, 0
48000, 666816, 1, 0, 0
48500, 838336, 1, 0, 0
49000, 1671488, 1, 0, 0
49500, 754560, 1, 0, 0
50000, 132873, 1, 0, 0
50500, 147904, 1, 0, 0
51000, 148544, 1, 0, 0
51500, 145280, 1, 0, 0
52000, 150528, 1, 0, 0
52500, 155200, 1, 0, 0
53000, 165888, 1, 0, 0
53500, 166592, 1, 0, 0
54000, 159296, 1, 0, 0
54500, 172928, 1, 0, 0
55000, 168320, 1, 0, 0
55500, 170176, 1, 0, 0
56000, 187968, 1, 0, 0
56500, 201920, 1, 0, 0
57000, 183744, 1, 0, 0
57500, 183040, 1, 0, 0
58000, 193408, 1, 0, 0
58500, 188480, 1, 0, 0
59000, 178560, 1, 0, 0
59500, 191488, 1, 0, 0
60000, 181824, 1, 0, 0
