500, 478725, 1, 0, 0
1000, 476889, 1, 0, 0
1500, 478115, 1, 0, 0
2000, 480030, 1, 0, 0
2500, 483523, 1, 0, 0
3000, 479636, 1, 0, 0
3500, 479704, 1, 0, 0
4000, 478533, 1, 0, 0
4500, 480002, 1, 0, 0
5000, 476927, 1, 0, 0
5500, 479845, 1, 0, 0
6010, 642867, 1, 0, 0
6511, 7141907, 1, 0, 0
7015, 7406071, 1, 0, 0
7502, 6921456, 1, 0, 0
8005, 6937676, 1, 0, 0
8501, 6886553, 1, 0, 0
9003, 6565250, 1, 0, 0
9503, 6497591, 1, 0, 0
10000, 6420089, 1, 0, 0
10500, 5861486, 1, 0, 0
11002, 6279416, 1, 0, 0
11500, 5626589, 1, 0, 0
12003, 5736325, 1, 0, 0
12507, 5753831, 1, 0, 0
13008, 5615124, 1, 0, 0
13508, 5825511, 1, 0, 0
14000, 5499994, 1, 0, 0
14500, 5527038, 1, 0, 0
15012, 5329021, 1, 0, 0
15500, 5723224, 1, 0, 0
16010, 5281313, 1, 0, 0
16500, 5701274, 1, 0, 0
17000, 5959432, 1, 0, 0
17500, 5517911, 1, 0, 0
18007, 5024120, 1, 0, 0
18511, 5411701, 1, 0, 0
19013, 5312686, 1, 0, 0
19511, 5430836, 1, 0, 0
20008, 5466170, 1, 0, 0
20511, 5128913, 1, 0, 0
21004, 5313628, 1, 0, 0
21500, 5424915, 1, 0, 0
22004, 5497401, 1, 0, 0
22500, 5223316, 1, 0, 0
23000, 5019799, 1, 0, 0
23513, 4987480, 1, 0, 0
24003, 5343727, 1, 0, 0
24505, 4789304, 1, 0, 0
25000, 5139689, 1, 0, 0
25508, 4938997, 1, 0, 0
26000, 4943055, 1, 0, 0
26509, 4952103, 1, 0, 0
27010, 4999541, 1, 0, 0
27500, 4928265, 1, 0, 0
28007, 4701770, 1, 0, 0
28513, 4587446, 1, 0, 0
29000, 4510372, 1, 0, 0
29503, 4681669, 1, 0, 0
30001, 4842969, 1, 0, 0
30511, 4830230, 1, 0, 0
31005, 4646125, 1, 0, 0
31506, 4459923, 1, 0, 0
32006, 4306111, 1, 0, 0
32504, 4266381, 1, 0, 0
33000, 4367441, 1, 0, 0
33509, 4319583, 1, 0, 0
34004, 4186018, 1, 0, 0
34511, 4601661, 1, 0, 0
35009, 4446480, 1, 0, 0
35508, 4408063, 1, 0, 0
36002, 4280477, 1, 0, 0
36509, 4217094, 1, 0, 0
37000, 4212727, 1, 0, 0
37510, 3590070, 1, 0, 0
38005, 3781919, 1, 0, 0
38503, 4019083, 1, 0, 0
39001, 3941620, 1, 0, 0
39500, 3993024, 1, 0, 0
40000, 3687570, 1, 0, 0
40506, 3632689, 1, 0, 0
41009, 3201176, 1, 0, 0
41507, 3021724, 1, 0, 0
42003, 3510901, 1, 0, 0
42500, 3298755, 1, 0, 0
43000, 3044448, 1, 0, 0
43506, 3077650, 1, 0, 0
44002, 2877239, 1, 0, 0
44506, 2703036, 1, 0, 0
45006, 2548475, 1, 0, 0
45500, 2146165, 1, 0, 0
46001, 2220749, 1, 0, 0
46504, 2378871, 1, 0, 0
47000, 2198682, 1, 0, 0
47500, 1620233, 1, 0, 0
48000, 1535447, 1, 0, 0
48500, 1219356, 1, 0, 0
49000, 611700, 1, 0, 0
49502, 1312732, 1, 0, 0
50006, 7766890, 1, 0, 0
50510, 6980134, 1, 0, 0
51015, 6970874, 1, 0, 0
51511, 7038193, 1, 0, 0
52008, 6703566, 1, 0, 0
52504, 6547420, 1, 0, 0
53003, 6159142, 1, 0, 0
53500, 6107499, 1, 0, 0
54010, 6552559, 1, 0, 0
54505, 5870325, 1, 0, 0
55007, 6114753, 1, 0, 0
55505, 5989621, 1, 0, 0
56000, 5406938, 1, 0, 0
56500, 5180588, 1, 0, 0
57000, 5441138, 1, 0, 0
57502, 5604767, 1, 0, 0
58010, 5375304, 1, 0, 0
58502, 5337715, 1, 0, 0
59003, 5755935, 1, 0, 0
59512, 5452673, 1, 0, 0
60000, 5643427, 1, 0, 0
60000, 1211828, 1, 0, 0
