500, 480417, 1, 0, 0
1000, 478576, 1, 0, 0
1500, 479802, 1, 0, 0
2000, 481715, 1, 0, 0
2500, 485211, 1, 0, 0
3000, 481325, 1, 0, 0
3500, 481397, 1, 0, 0
4000, 480224, 1, 0, 0
4500, 481692, 1, 0, 0
5000, 478616, 1, 0, 0
5500, 481529, 1, 0, 0
6010, 644600, 1, 0, 0
6511, 7143622, 1, 0, 0
7015, 7407778, 1, 0, 0
7502, 6923182, 1, 0, 0
8005, 6939402, 1, 0, 0
8501, 6888258, 1, 0, 0
9003, 6566973, 1, 0, 0
9503, 6499300, 1, 0, 0
10000, 6421802, 1, 0, 0
10500, 5863187, 1, 0, 0
11002, 6281123, 1, 0, 0
11500, 5628288, 1, 0, 0
12003, 5738030, 1, 0, 0
12507, 5755539, 1, 0, 0
13008, 5616837, 1, 0, 0
13508, 5827469, 1, 0, 0
14000, 5501709, 1, 0, 0
14500, 5528746, 1, 0, 0
15012, 5330732, 1, 0, 0
15500, 5724935, 1, 0, 0
16010, 5283027, 1, 0, 0
16500, 5702982, 1, 0, 0
17000, 5961142, 1, 0, 0
17500, 5519618, 1, 0, 0
18007, 5025823, 1, 0, 0
18511, 5413414, 1, 0, 0
19013, 5314412, 1, 0, 0
19511, 5432551, 1, 0, 0
20008, 5467877, 1, 0, 0
20511, 5130618, 1, 0, 0
21004, 5315329, 1, 0, 0
21500, 5426618, 1, 0, 0
22004, 5499112, 1, 0, 0
22500, 5225024, 1, 0, 0
23000, 5021513, 1, 0, 0
23513, 4989195, 1, 0, 0
24003, 5345441, 1, 0, 0
24505, 4791008, 1, 0, 0
25000, 5141395, 1, 0, 0
25508, 4940703, 1, 0, 0
26000, 4944759, 1, 0, 0
26509, 4953802, 1, 0, 0
27010, 5001240, 1, 0, 0
27500, 4929969, 1, 0, 0
28007, 4703471, 1, 0, 0
28513, 4589149, 1, 0, 0
29000, 4512078, 1, 0, 0
29503, 4683376, 1, 0, 0
30001, 4844682, 1, 0, 0
30511, 4831933, 1, 0, 0
31005, 4647835, 1, 0, 0
31506, 4461629, 1, 0, 0
32006, 4307816, 1, 0, 0
32504, 4268081, 1, 0, 0
33000, 4369140, 1, 0, 0
33509, 4321283, 1, 0, 0
34004, 4187716, 1, 0, 0
34511, 4603362, 1, 0, 0
35009, 4448186, 1, 0, 0
35508, 4409765, 1, 0, 0
36002, 4282189, 1, 0, 0
36509, 4218794, 1, 0, 0
37000, 4214428, 1, 0, 0
37510, 3591766, 1, 0, 0
38005, 3783621, 1, 0, 0
38503, 4020780, 1, 0, 0
39001, 3943324, 1, 0, 0
39500, 3994722, 1, 0, 0
40000, 3689277, 1, 0, 0
40506, 3634389, 1, 0, 0
41009, 3202876, 1, 0, 0
41507, 3023421, 1, 0, 0
42003, 3512604, 1, 0, 0
42500, 3300454, 1, 0, 0
43000, 3046141, 1, 0, 0
43506, 3079355, 1, 0, 0
44002, 2878944, 1, 0, 0
44506, 2704741, 1, 0, 0
45006, 2550181, 1, 0, 0
45500, 2147866, 1, 0, 0
46001, 2222451, 1, 0, 0
46504, 2380578, 1, 0, 0
47000, 2200384, 1, 0, 0
47500, 1621932, 1, 0, 0
48000, 1537146, 1, 0, 0
48500, 1221058, 1, 0, 0
49000, 613399, 1, 0, 0
49502, 1314424, 1, 0, 0
50006, 7768600, 1, 0, 0
50510, 6981849, 1, 0, 0
51015, 6972585, 1, 0, 0
51511, 7039907, 1, 0, 0
52008, 6705282, 1, 0, 0
52504, 6549140, 1, 0, 0
53003, 6160859, 1, 0, 0
53500, 6109213, 1, 0, 0
54010, 6554271, 1, 0, 0
54505, 5872036, 1, 0, 0
55007, 6116465, 1, 0, 0
55505, 5991339, 1, 0, 0
56000, 5408654, 1, 0, 0
56500, 5182305, 1, 0, 0
57000, 5442851, 1, 0, 0
57502, 5606481, 1, 0, 0
58010, 5377011, 1, 0, 0
58502, 5339421, 1, 0, 0
59003, 5757655, 1, 0, 0
59512, 5454380, 1, 0, 0
60000, 5645138, 1, 0, 0
60000, 1213461, 1, 0, 0
