500, 2038688, 1, 0, 0
1000, 2041040, 1, 0, 0
1500, 2035584, 1, 0, 0
2000, 2036048, 1, 0, 0
2500, 2039536, 1, 0, 0
3000, 2039312, 1, 0, 0
3500, 2034624, 1, 0, 0
4000, 2032688, 1, 0, 0
4500, 2036256, 1, 0, 0
5000, 2034392, 1, 0, 0
5501, 2032528, 1, 0, 0
6000, 2120777, 1, 0, 0
6500, 531792, 1, 0, 0
7000, 124608, 1, 0, 0
7500, 128192, 1, 0, 0
8000, 137472, 1, 0, 0
8500, 139776, 1, 0, 0
9000, 154944, 1, 0, 0
9500, 149376, 1, 0, 0
10000, 162112, 1, 0, 0
10500, 159168, 1, 0, 0
11000, 185344, 1, 0, 0
11500, 174592, 1, 0, 0
12000, 164992, 1, 0, 0
12500, 167040, 1, 0, 0
13000, 179840, 1, 0, 0
13500, 201600, 1, 0, 0
14000, 225984, 1, 0, 0
14500, 175040, 1, 0, 0
15000, 168512, 1, 0, 0
15500, 180336, 1, 0, 0
16000, 190544, 1, 0, 0
16500, 161739, 1, 0, 0
17000, 174456, 1, 0, 0
17500, 188480, 1, 0, 0
18000, 178112, 1, 0, 0
18500, 192960, 1, 0, 0
19000, 177344, 1, 0, 0
19500, 185536, 1, 0, 0
20000, 160704, 1, 0, 0
20500, 223744, 1, 0, 0
21000, 194688, 1, 0, 0
21500, 206720, 1, 0, 0
22000, 169728, 1, 0, 0
22500, 178944, 1, 0, 0
23000, 177280, 1, 0, 0
23500, 199360, 1, 0, 0
24000, 170624, 1, 0, 0
24500, 245824, 1, 0, 0
25000, 210368, 1, 0, 0
25500, 198976, 1, 0, 0
26000, 254784, 1, 0, 0
26500, 188544, 1, 0, 0
27000, 237184, 1, 0, 0
27500, 244416, 1, 0, 0
28000, 195632, 1, 0, 0
28500, 178768, 1, 0, 0
29000, 229386, 1, 0, 0
29500, 161024, 1, 0, 0
30000, 245504, 1, 0, 0
30500, 236480, 1, 0, 0
31000, 182976, 1, 0, 0
31500, 189376, 1, 0, 0
32000, 196672, 1, 0, 0
32500, 195904, 1, 0, 0
33000, 201152, 1, 0, 0
33500, 198720, 1, 0, 0
34000, 224512, 1, 0, 0
34500, 199360, 1, 0, 0
35000, 213248, 1, 0, 0
35500, 206640, 1, 0, 0
36000, 271440, 1, 0, 0
36500, 268288, 1, 0, 0
37000, 217408, 1, 0, 0
37500, 225088, 1, 0, 0
38000, 221888, 1, 0, 0
38500, 228160, 1, 0, 0
39000, 240320, 1, 0, 0
39500, 265280, 1, 0, 0
40000, 247168, 1, 0, 0
40500, 242880, 1, 0, 0
41000, 247360, 1, 0, 0
41500, 261504, 1, 0, 0
42000, 263118, 1, 0, 0
42500, 270592, 1, 0, 0
43000, 287040, 1, 0, 0
43500, 285184, 1, 0, 0
44000, 295104, 1, 0, 0
44500, 309376, 1, 0, 0
45000, 324672, 1, 0, 0
45500, 332992, 1, 0, 0
46000, 338872, 1, 0, 0
46500, 373120, 1, 0, 0
47000, 394048, 1, 0, 0
47500, 413504, 1, 0, 0
48000, 444400, 1, 0, 0
48500, 489552, 1, 0, 0
49000, 449784, 1, 0, 0
49500, 462656, 1, 0, 0
50000, 511616, 1, 0, 0
50500, 644480, 1, 0, 0
51000, 967824, 1, 0, 0
51500, 1709680, 1, 0, 0
52000, 125312, 1, 0, 0
52500, 124416, 1, 0, 0
53000, 139072, 1, 0, 0
53500, 133002, 1, 0, 0
54000, 148120, 1, 0, 0
54500, 157224, 1, 0, 0
55000, 159552, 1, 0, 0
55500, 171136, 1, 0, 0
56000, 196160, 1, 0, 0
56500, 163456, 1, 0, 0
57000, 171456, 1, 0, 0
57500, 175168, 1, 0, 0
58000, 231680, 1, 0, 0
58500, 191040, 1, 0, 0
59000, 179584, 1, 0, 0
59500, 178048, 1, 0, 0
60000, 199040, 1, 0, 0
