500, 854, 1, 0, 0
1000, 850, 1, 0, 0
1500, 859, 1, 0, 0
2000, 849, 1, 0, 0
2500, 847, 1, 0, 0
3000, 848, 1, 0, 0
3500, 849, 1, 0, 0
4000, 851, 1, 0, 0
4500, 853, 1, 0, 0
5000, 848, 1, 0, 0
5500, 849, 1, 0, 0
6000, 848, 1, 0, 0
6504, 849, 1, 0, 0
7000, 850, 1, 0, 0
7507, 857, 1, 0, 0
8000, 859, 1, 0, 0
8505, 850, 1, 0, 0
9000, 849, 1, 0, 0
9503, 1078, 1, 0, 0
10006, 848, 1, 0, 0
10505, 850, 1, 0, 0
11011, 850, 1, 0, 0
11506, 850, 1, 0, 0
12009, 848, 1, 0, 0
12506, 847, 1, 0, 0
13008, 846, 1, 0, 0
13515, 846, 1, 0, 0
14014, 848, 1, 0, 0
14507, 859, 1, 0, 0
15002, 847, 1, 0, 0
15500, 848, 1, 0, 0
16000, 846, 1, 0, 0
16500, 847, 1, 0, 0
17005, 845, 1, 0, 0
17513, 846, 1, 0, 0
18000, 846, 1, 0, 0
18508, 846, 1, 0, 0
19004, 846, 1, 0, 0
19505, 861, 1, 0, 0
20011, 845, 1, 0, 0
20511, 848, 1, 0, 0
21000, 846, 1, 0, 0
21510, 847, 1, 0, 0
22002, 859, 1, 0, 0
22500, 848, 1, 0, 0
23008, 844, 1, 0, 0
23509, 861, 1, 0, 0
24001, 850, 1, 0, 0
24502, 848, 1, 0, 0
25004, 843, 1, 0, 0
25500, 843, 1, 0, 0
26000, 847, 1, 0, 0
26506, 845, 1, 0, 0
27000, 851, 1, 0, 0
27507, 849, 1, 0, 0
28000, 853, 1, 0, 0
28513, 844, 1, 0, 0
29012, 844, 1, 0, 0
29503, 845, 1, 0, 0
30007, 850, 1, 0, 0
30505, 848, 1, 0, 0
31013, 846, 1, 0, 0
31508, 846, 1, 0, 0
32007, 847, 1, 0, 0
32503, 846, 1, 0, 0
33013, 847, 1, 0, 0
33505, 851, 1, 0, 0
34003, 843, 1, 0, 0
34503, 847, 1, 0, 0
35002, 851, 1, 0, 0
35500, 850, 1, 0, 0
36005, 854, 1, 0, 0
36509, 850, 1, 0, 0
37007, 847, 1, 0, 0
37504, 845, 1, 0, 0
38012, 847, 1, 0, 0
38511, 846, 1, 0, 0
39013, 849, 1, 0, 0
39500, 848, 1, 0, 0
40010, 845, 1, 0, 0
40502, 844, 1, 0, 0
41007, 846, 1, 0, 0
41512, 847, 1, 0, 0
42007, 850, 1, 0, 0
42500, 848, 1, 0, 0
43000, 846, 1, 0, 0
43509, 846, 1, 0, 0
44000, 847, 1, 0, 0
44502, 847, 1, 0, 0
45007, 854, 1, 0, 0
45510, 850, 1, 0, 0
46000, 843, 1, 0, 0
46503, 859, 1, 0, 0
47009, 848, 1, 0, 0
47507, 849, 1, 0, 0
48000, 849, 1, 0, 0
48508, 851, 1, 0, 0
49000, 847, 1, 0, 0
49506, 842, 1, 0, 0
50000, 843, 1, 0, 0
50500, 847, 1, 0, 0
51000, 846, 1, 0, 0
51500, 848, 1, 0, 0
52012, 856, 1, 0, 0
52504, 852, 1, 0, 0
53016, 853, 1, 0, 0
53505, 850, 1, 0, 0
54000, 852, 1, 0, 0
54508, 889, 1, 0, 0
55013, 849, 1, 0, 0
55501, 850, 1, 0, 0
56011, 849, 1, 0, 0
56501, 846, 1, 0, 0
57006, 848, 1, 0, 0
57508, 846, 1, 0, 0
58015, 849, 1, 0, 0
58500, 847, 1, 0, 0
59000, 846, 1, 0, 0
59503, 852, 1, 0, 0
60009, 852, 1, 0, 0
