500, 509672, 1, 0, 0
1000, 510258, 1, 0, 0
1500, 508896, 1, 0, 0
2000, 509012, 1, 0, 0
2500, 509884, 1, 0, 0
3000, 509828, 1, 0, 0
3500, 508656, 1, 0, 0
4000, 508172, 1, 0, 0
4500, 509064, 1, 0, 0
5000, 508598, 1, 0, 0
5501, 508132, 1, 0, 0
6000, 530194, 1, 0, 0
6500, 132946, 1, 0, 0
7000, 31152, 1, 0, 0
7500, 32048, 1, 0, 0
8000, 34368, 1, 0, 0
8500, 34944, 1, 0, 0
9000, 38736, 1, 0, 0
9500, 37344, 1, 0, 0
10000, 40528, 1, 0, 0
10500, 39792, 1, 0, 0
11000, 46336, 1, 0, 0
11500, 43648, 1, 0, 0
12000, 41248, 1, 0, 0
12500, 41760, 1, 0, 0
13000, 44960, 1, 0, 0
13500, 50400, 1, 0, 0
14000, 56496, 1, 0, 0
14500, 43760, 1, 0, 0
15000, 42128, 1, 0, 0
15500, 45084, 1, 0, 0
16000, 47636, 1, 0, 0
16500, 40434, 1, 0, 0
17000, 43614, 1, 0, 0
17500, 47120, 1, 0, 0
18000, 44528, 1, 0, 0
18500, 48240, 1, 0, 0
19000, 44336, 1, 0, 0
19500, 46384, 1, 0, 0
20000, 40176, 1, 0, 0
20500, 55936, 1, 0, 0
21000, 48672, 1, 0, 0
21500, 51680, 1, 0, 0
22000, 42432, 1, 0, 0
22500, 44736, 1, 0, 0
23000, 44320, 1, 0, 0
23500, 49840, 1, 0, 0
24000, 42656, 1, 0, 0
24500, 61456, 1, 0, 0
25000, 52592, 1, 0, 0
25500, 49744, 1, 0, 0
26000, 63696, 1, 0, 0
26500, 47136, 1, 0, 0
27000, 59296, 1, 0, 0
27500, 61104, 1, 0, 0
28000, 48908, 1, 0, 0
28500, 44692, 1, 0, 0
29000, 57346, 1, 0, 0
29500, 40256, 1, 0, 0
30000, 61376, 1, 0, 0
30500, 59120, 1, 0, 0
31000, 45744, 1, 0, 0
31500, 47344, 1, 0, 0
32000, 49168, 1, 0, 0
32500, 48976, 1, 0, 0
33000, 50288, 1, 0, 0
33500, 49680, 1, 0, 0
34000, 56128, 1, 0, 0
34500, 49840, 1, 0, 0
35000, 53312, 1, 0, 0
35500, 51660, 1, 0, 0
36000, 67860, 1, 0, 0
36500, 67072, 1, 0, 0
37000, 54352, 1, 0, 0
37500, 56272, 1, 0, 0
38000, 55472, 1, 0, 0
38500, 57040, 1, 0, 0
39000, 60080, 1, 0, 0
39500, 66320, 1, 0, 0
40000, 61792, 1, 0, 0
40500, 60720, 1, 0, 0
41000, 61840, 1, 0, 0
41500, 65376, 1, 0, 0
42000, 65779, 1, 0, 0
42500, 67648, 1, 0, 0
43000, 71760, 1, 0, 0
43500, 71296, 1, 0, 0
44000, 73776, 1, 0, 0
44500, 77344, 1, 0, 0
45000, 81168, 1, 0, 0
45500, 83248, 1, 0, 0
46000, 84720, 1, 0, 0
46500, 93280, 1, 0, 0
47000, 98512, 1, 0, 0
47500, 103376, 1, 0, 0
48000, 111100, 1, 0, 0
48500, 122388, 1, 0, 0
49000, 112448, 1, 0, 0
49500, 115664, 1, 0, 0
50000, 127904, 1, 0, 0
50500, 161120, 1, 0, 0
51000, 241956, 1, 0, 0
51500, 427420, 1, 0, 0
52000, 31328, 1, 0, 0
52500, 31104, 1, 0, 0
53000, 34768, 1, 0, 0
53500, 33250, 1, 0, 0
54000, 37030, 1, 0, 0
54500, 39306, 1, 0, 0
55000, 39888, 1, 0, 0
55500, 42784, 1, 0, 0
56000, 49040, 1, 0, 0
56500, 40864, 1, 0, 0
57000, 42864, 1, 0, 0
57500, 43792, 1, 0, 0
58000, 57920, 1, 0, 0
58500, 47760, 1, 0, 0
59000, 44896, 1, 0, 0
59500, 44512, 1, 0, 0
60000, 49760, 1, 0, 0
