500, 62633, 1, 0, 0
1000, 62559, 1, 0, 0
1500, 62718, 1, 0, 0
2000, 62700, 1, 0, 0
2500, 62594, 1, 0, 0
3000, 62601, 1, 0, 0
3500, 62744, 1, 0, 0
4000, 62804, 1, 0, 0
4500, 62695, 1, 0, 0
5000, 62750, 1, 0, 0
5500, 62802, 1, 0, 0
6000, 60189, 1, 0, 0
6504, 235296, 1, 0, 0
7000, 1049732, 1, 0, 0
7507, 979037, 1, 0, 0
8000, 948715, 1, 0, 0
8505, 896454, 1, 0, 0
9000, 843895, 1, 0, 0
9503, 832905, 1, 0, 0
10006, 794320, 1, 0, 0
10505, 805679, 1, 0, 0
11011, 695622, 1, 0, 0
11506, 726472, 1, 0, 0
12009, 781841, 1, 0, 0
12506, 761619, 1, 0, 0
13008, 715630, 1, 0, 0
13515, 641857, 1, 0, 0
14014, 564928, 1, 0, 0
14507, 724733, 1, 0, 0
15002, 749563, 1, 0, 0
15500, 735240, 1, 0, 0
16000, 665480, 1, 0, 0
16500, 791240, 1, 0, 0
17005, 719331, 1, 0, 0
17513, 690760, 1, 0, 0
18000, 701854, 1, 0, 0
18508, 669347, 1, 0, 0
19004, 719932, 1, 0, 0
19505, 688825, 1, 0, 0
20011, 808704, 1, 0, 0
20511, 570006, 1, 0, 0
21000, 643341, 1, 0, 0
21510, 632400, 1, 0, 0
22002, 741544, 1, 0, 0
22500, 735084, 1, 0, 0
23008, 709772, 1, 0, 0
23509, 644709, 1, 0, 0
24001, 734861, 1, 0, 0
24502, 521722, 1, 0, 0
25004, 611599, 1, 0, 0
25500, 638821, 1, 0, 0
26000, 517008, 1, 0, 0
26506, 666951, 1, 0, 0
27000, 548436, 1, 0, 0
27507, 516688, 1, 0, 0
28000, 666848, 1, 0, 0
28513, 706389, 1, 0, 0
29012, 559326, 1, 0, 0
29503, 779191, 1, 0, 0
30007, 524287, 1, 0, 0
30505, 542226, 1, 0, 0
31013, 708572, 1, 0, 0
31508, 669481, 1, 0, 0
32007, 649772, 1, 0, 0
32503, 648260, 1, 0, 0
33013, 647353, 1, 0, 0
33505, 634597, 1, 0, 0
34003, 567510, 1, 0, 0
34503, 641089, 1, 0, 0
35002, 599497, 1, 0, 0
35500, 634727, 1, 0, 0
36005, 462520, 1, 0, 0
36509, 481258, 1, 0, 0
37007, 586785, 1, 0, 0
37504, 565058, 1, 0, 0
38012, 585137, 1, 0, 0
38511, 560140, 1, 0, 0
39013, 534056, 1, 0, 0
39500, 469875, 1, 0, 0
40010, 527585, 1, 0, 0
40502, 519511, 1, 0, 0
41007, 522468, 1, 0, 0
41512, 493576, 1, 0, 0
42007, 482308, 1, 0, 0
42500, 466802, 1, 0, 0
43000, 456594, 1, 0, 0
43509, 445865, 1, 0, 0
44000, 427192, 1, 0, 0
44502, 414854, 1, 0, 0
45007, 398492, 1, 0, 0
45510, 386015, 1, 0, 0
46000, 378755, 1, 0, 0
46503, 336811, 1, 0, 0
47009, 328614, 1, 0, 0
47507, 308817, 1, 0, 0
48000, 290530, 1, 0, 0
48508, 259566, 1, 0, 0
49000, 286018, 1, 0, 0
49506, 275517, 1, 0, 0
50000, 251493, 1, 0, 0
50500, 197661, 1, 0, 0
51000, 132281, 1, 0, 0
51500, 72573, 1, 0, 0
52012, 1040593, 1, 0, 0
52504, 1014393, 1, 0, 0
53016, 940754, 1, 0, 0
53505, 944929, 1, 0, 0
54000, 880722, 1, 0, 0
54508, 801407, 1, 0, 0
55013, 809381, 1, 0, 0
55501, 731084, 1, 0, 0
56011, 664714, 1, 0, 0
56501, 768260, 1, 0, 0
57006, 756023, 1, 0, 0
57508, 732505, 1, 0, 0
58015, 559485, 1, 0, 0
58500, 654463, 1, 0, 0
59000, 732996, 1, 0, 0
59503, 697963, 1, 0, 0
60009, 652311, 1, 0, 0
60009, 14495670, 1, 0, 0
