500, 61779, 1, 0, 0
1000, 61709, 1, 0, 0
1500, 61859, 1, 0, 0
2000, 61851, 1, 0, 0
2500, 61747, 1, 0, 0
3000, 61754, 1, 0, 0
3500, 61896, 1, 0, 0
4000, 61954, 1, 0, 0
4500, 61843, 1, 0, 0
5000, 61902, 1, 0, 0
5500, 61953, 1, 0, 0
6000, 59341, 1, 0, 0
6504, 234447, 1, 0, 0
7000, 1048883, 1, 0, 0
7507, 978180, 1, 0, 0
8000, 947856, 1, 0, 0
8505, 895603, 1, 0, 0
9000, 843046, 1, 0, 0
9503, 831827, 1, 0, 0
10006, 793472, 1, 0, 0
10505, 804830, 1, 0, 0
11011, 694771, 1, 0, 0
11506, 725622, 1, 0, 0
12009, 780993, 1, 0, 0
12506, 760772, 1, 0, 0
13008, 714784, 1, 0, 0
13515, 641011, 1, 0, 0
14014, 564080, 1, 0, 0
14507, 723874, 1, 0, 0
15002, 748716, 1, 0, 0
15500, 734392, 1, 0, 0
16000, 664634, 1, 0, 0
16500, 790393, 1, 0, 0
17005, 718486, 1, 0, 0
17513, 689914, 1, 0, 0
18000, 701008, 1, 0, 0
18508, 668501, 1, 0, 0
19004, 719086, 1, 0, 0
19505, 687964, 1, 0, 0
20011, 807859, 1, 0, 0
20511, 569158, 1, 0, 0
21000, 642495, 1, 0, 0
21510, 631553, 1, 0, 0
22002, 740685, 1, 0, 0
22500, 734236, 1, 0, 0
23008, 708928, 1, 0, 0
23509, 643848, 1, 0, 0
24001, 734011, 1, 0, 0
24502, 520874, 1, 0, 0
25004, 610755, 1, 0, 0
25500, 637977, 1, 0, 0
26000, 516160, 1, 0, 0
26506, 666106, 1, 0, 0
27000, 547585, 1, 0, 0
27507, 515839, 1, 0, 0
28000, 665995, 1, 0, 0
28513, 705545, 1, 0, 0
29012, 558481, 1, 0, 0
29503, 778346, 1, 0, 0
30007, 523437, 1, 0, 0
30505, 541377, 1, 0, 0
31013, 707726, 1, 0, 0
31508, 668635, 1, 0, 0
32007, 648925, 1, 0, 0
32503, 647413, 1, 0, 0
33013, 646506, 1, 0, 0
33505, 633746, 1, 0, 0
34003, 566667, 1, 0, 0
34503, 640242, 1, 0, 0
35002, 598646, 1, 0, 0
35500, 633877, 1, 0, 0
36005, 461666, 1, 0, 0
36509, 480409, 1, 0, 0
37007, 585938, 1, 0, 0
37504, 564213, 1, 0, 0
38012, 584290, 1, 0, 0
38511, 559294, 1, 0, 0
39013, 533207, 1, 0, 0
39500, 469028, 1, 0, 0
40010, 526740, 1, 0, 0
40502, 518667, 1, 0, 0
41007, 521622, 1, 0, 0
41512, 492728, 1, 0, 0
42007, 481459, 1, 0, 0
42500, 465954, 1, 0, 0
43000, 455748, 1, 0, 0
43509, 445019, 1, 0, 0
44000, 426345, 1, 0, 0
44502, 414007, 1, 0, 0
45007, 397638, 1, 0, 0
45510, 385165, 1, 0, 0
46000, 377913, 1, 0, 0
46503, 335952, 1, 0, 0
47009, 327766, 1, 0, 0
47507, 307968, 1, 0, 0
48000, 289682, 1, 0, 0
48508, 258715, 1, 0, 0
49000, 285171, 1, 0, 0
49506, 274674, 1, 0, 0
50000, 250650, 1, 0, 0
50500, 196814, 1, 0, 0
51000, 131435, 1, 0, 0
51500, 71725, 1, 0, 0
52012, 1039737, 1, 0, 0
52504, 1013542, 1, 0, 0
53016, 939901, 1, 0, 0
53505, 944079, 1, 0, 0
54000, 879870, 1, 0, 0
54508, 800519, 1, 0, 0
55013, 808531, 1, 0, 0
55501, 730234, 1, 0, 0
56011, 663865, 1, 0, 0
56501, 767414, 1, 0, 0
57006, 755174, 1, 0, 0
57508, 731659, 1, 0, 0
58015, 558636, 1, 0, 0
58500, 653617, 1, 0, 0
59000, 732151, 1, 0, 0
59503, 697111, 1, 0, 0
60009, 651460, 1, 0, 0
60009, 14494820, 1, 0, 0
