500, 1782736, 1, 0, 0
1000, 1786757, 1, 0, 0
1500, 1786637, 1, 0, 0
2000, 1786720, 1, 0, 0
2500, 1786671, 1, 0, 0
3000, 1786717, 1, 0, 0
3500, 1787850, 1, 0, 0
4000, 1786736, 1, 0, 0
4500, 1786741, 1, 0, 0
5000, 1786746, 1, 0, 0
5500, 1915962, 1, 0, 0
6005, 24761244, 1, 0, 0
6514, 25753043, 1, 0, 0
7002, 25020660, 1, 0, 0
7508, 24219186, 1, 0, 0
8014, 23177238, 1, 0, 0
8500, 21956924, 1, 0, 0
9004, 21513336, 1, 0, 0
9510, 20569161, 1, 0, 0
10012, 19374037, 1, 0, 0
10515, 18674054, 1, 0, 0
11016, 17971775, 1, 0, 0
11500, 17587065, 1, 0, 0
12000, 17388865, 1, 0, 0
12501, 17458956, 1, 0, 0
13006, 17683875, 1, 0, 0
13508, 17973870, 1, 0, 0
14010, 17920709, 1, 0, 0
14513, 17442015, 1, 0, 0
15013, 16921838, 1, 0, 0
15514, 16337491, 1, 0, 0
16014, 16327456, 1, 0, 0
16514, 15926404, 1, 0, 0
17013, 15600470, 1, 0, 0
17513, 15421026, 1, 0, 0
18014, 15895135, 1, 0, 0
18512, 15514011, 1, 0, 0
19012, 15252101, 1, 0, 0
19509, 14882363, 1, 0, 0
20008, 15038132, 1, 0, 0
20506, 14963222, 1, 0, 0
21004, 14894919, 1, 0, 0
21501, 14307877, 1, 0, 0
22000, 14085070, 1, 0, 0
22500, 13861406, 1, 0, 0
23011, 13466399, 1, 0, 0
23508, 13351354, 1, 0, 0
24004, 13129387, 1, 0, 0
24500, 12916000, 1, 0, 0
25015, 12783960, 1, 0, 0
25511, 12604194, 1, 0, 0
26004, 12160632, 1, 0, 0
26500, 11925025, 1, 0, 0
27010, 11273005, 1, 0, 0
27501, 11227099, 1, 0, 0
28011, 10572154, 1, 0, 0
28503, 10378060, 1, 0, 0
29012, 10196741, 1, 0, 0
29502, 10053113, 1, 0, 0
30008, 9669075, 1, 0, 0
30513, 9145953, 1, 0, 0
31000, 8702298, 1, 0, 0
31500, 8299577, 1, 0, 0
32000, 8182032, 1, 0, 0
32512, 7443809, 1, 0, 0
33006, 6870266, 1, 0, 0
33500, 6652697, 1, 0, 0
34004, 5944838, 1, 0, 0
34502, 5312056, 1, 0, 0
35007, 4557589, 1, 0, 0
35500, 3777862, 1, 0, 0
36000, 2559963, 1, 0, 0
36516, 2605716, 1, 0, 0
37004, 25672001, 1, 0, 0
37510, 25237410, 1, 0, 0
38015, 25027451, 1, 0, 0
38501, 23946569, 1, 0, 0
39008, 22826083, 1, 0, 0
39513, 22031200, 1, 0, 0
40000, 21031185, 1, 0, 0
40501, 19872178, 1, 0, 0
41005, 18956420, 1, 0, 0
41507, 18573327, 1, 0, 0
42011, 17827301, 1, 0, 0
42514, 17642971, 1, 0, 0
43016, 17848424, 1, 0, 0
43500, 17646474, 1, 0, 0
44001, 17637820, 1, 0, 0
44504, 17756327, 1, 0, 0
45005, 17503569, 1, 0, 0
45510, 16990926, 1, 0, 0
46013, 17045601, 1, 0, 0
46515, 17001030, 1, 0, 0
47015, 16585455, 1, 0, 0
47513, 16156418, 1, 0, 0
48012, 15852964, 1, 0, 0
48512, 15775340, 1, 0, 0
49011, 15782387, 1, 0, 0
49511, 15510803, 1, 0, 0
50009, 15201937, 1, 0, 0
50508, 15071007, 1, 0, 0
51007, 14935524, 1, 0, 0
51504, 14827935, 1, 0, 0
52004, 14556081, 1, 0, 0
52502, 14317618, 1, 0, 0
53000, 14151762, 1, 0, 0
53500, 13782591, 1, 0, 0
54015, 13554983, 1, 0, 0
54511, 13603545, 1, 0, 0
55007, 13077700, 1, 0, 0
55502, 12633060, 1, 0, 0
56000, 12451995, 1, 0, 0
56510, 12277025, 1, 0, 0
57003, 11749636, 1, 0, 0
57513, 11544462, 1, 0, 0
58006, 11541907, 1, 0, 0
58500, 11286855, 1, 0, 0
59008, 10529009, 1, 0, 0
59500, 10321044, 1, 0, 0
60003, 9939627, 1, 0, 0
60005, 17936119, 1, 0, 0
