500, 17880, 1, 0, 0
1000, 17868, 1, 0, 0
1500, 17868, 1, 0, 0
2000, 17864, 1, 0, 0
2500, 17866, 1, 0, 0
3000, 17870, 1, 0, 0
3500, 17850, 1, 0, 0
4000, 17864, 1, 0, 0
4500, 17868, 1, 0, 0
5000, 17866, 1, 0, 0
5500, 16514, 1, 0, 0
6000, 1258, 1, 0, 0
6500, 1268, 1, 0, 0
7000, 1248, 1, 0, 0
7500, 1338, 1, 0, 0
8000, 1400, 1, 0, 0
8500, 1450, 1, 0, 0
9000, 1472, 1, 0, 0
9500, 1576, 1, 0, 0
10000, 1658, 1, 0, 0
10500, 1722, 1, 0, 0
11000, 1784, 1, 0, 0
11500, 1814, 1, 0, 0
12000, 1808, 1, 0, 0
12500, 1816, 1, 0, 0
13000, 1824, 1, 0, 0
13500, 1790, 1, 0, 0
14000, 1792, 1, 0, 0
14500, 1844, 1, 0, 0
15000, 1890, 1, 0, 0
15500, 1962, 1, 0, 0
16000, 1962, 1, 0, 0
16500, 2008, 1, 0, 0
17000, 2048, 1, 0, 0
17500, 2074, 1, 0, 0
18000, 2016, 1, 0, 0
18500, 2056, 1, 0, 0
19000, 2100, 1, 0, 0
19500, 2138, 1, 0, 0
20000, 2124, 1, 0, 0
20500, 2126, 1, 0, 0
21000, 2142, 1, 0, 0
21500, 2220, 1, 0, 0
22000, 2278, 1, 0, 0
22500, 2372, 1, 0, 0
23000, 2354, 1, 0, 0
23500, 2376, 1, 0, 0
24000, 2422, 1, 0, 0
24500, 2484, 1, 0, 0
25000, 2550, 1, 0, 0
25500, 2518, 1, 0, 0
26000, 2592, 1, 0, 0
26500, 2734, 1, 0, 0
27000, 2818, 1, 0, 0
27500, 2802, 1, 0, 0
28000, 3086, 1, 0, 0
28500, 3032, 1, 0, 0
29000, 3192, 1, 0, 0
29500, 3120, 1, 0, 0
30000, 3350, 1, 0, 0
30500, 3532, 1, 0, 0
31000, 3689, 1, 0, 0
31500, 3852, 1, 0, 0
32000, 3904, 1, 0, 0
32500, 4304, 1, 0, 0
33000, 4596, 1, 0, 0
33500, 4826, 1, 0, 0
34000, 5346, 1, 0, 0
34500, 6004, 1, 0, 0
35000, 7106, 1, 0, 0
35500, 8510, 1, 0, 0
36000, 12480, 1, 0, 0
36500, 12150, 1, 0, 0
37000, 1214, 1, 0, 0
37500, 1284, 1, 0, 0
38000, 1292, 1, 0, 0
38500, 1300, 1, 0, 0
39000, 1426, 1, 0, 0
39500, 1466, 1, 0, 0
40000, 1534, 1, 0, 0
40500, 1567, 1, 0, 0
41000, 1700, 1, 0, 0
41500, 1730, 1, 0, 0
42000, 1808, 1, 0, 0
42500, 1824, 1, 0, 0
43000, 1802, 1, 0, 0
43500, 1756, 1, 0, 0
44000, 1816, 1, 0, 0
44500, 1812, 1, 0, 0
45000, 1832, 1, 0, 0
45500, 1900, 1, 0, 0
46000, 1888, 1, 0, 0
46500, 1888, 1, 0, 0
47000, 1932, 1, 0, 0
47500, 1972, 1, 0, 0
48000, 2014, 1, 0, 0
48500, 2030, 1, 0, 0
49000, 2020, 1, 0, 0
49500, 2064, 1, 0, 0
50000, 2096, 1, 0, 0
50500, 2118, 1, 0, 0
51000, 2136, 1, 0, 0
51500, 2148, 1, 0, 0
52000, 2196, 1, 0, 0
52500, 2228, 1, 0, 0
53001, 2258, 1, 0, 0
53500, 2388, 1, 0, 0
54000, 2358, 1, 0, 0
54500, 2334, 1, 0, 0
55000, 2428, 1, 0, 0
55500, 2508, 1, 0, 0
56000, 2636, 1, 0, 0
56500, 2578, 1, 0, 0
57000, 2684, 1, 0, 0
57500, 2830, 1, 0, 0
58000, 2732, 1, 0, 0
58500, 2858, 1, 0, 0
59000, 3026, 1, 0, 0
59500, 3156, 1, 0, 0
60000, 3130, 1, 0, 0
