500, 2288640, 1, 0, 0
1000, 2287104, 1, 0, 0
1500, 2287104, 1, 0, 0
2000, 2286592, 1, 0, 0
2500, 2286848, 1, 0, 0
3000, 2287360, 1, 0, 0
3500, 2284800, 1, 0, 0
4000, 2286592, 1, 0, 0
4500, 2287104, 1, 0, 0
5000, 2286848, 1, 0, 0
5500, 2113792, 1, 0, 0
6000, 161024, 1, 0, 0
6500, 162372, 1, 0, 0
7000, 159744, 1, 0, 0
7500, 171264, 1, 0, 0
8000, 179200, 1, 0, 0
8500, 185600, 1, 0, 0
9000, 188416, 1, 0, 0
9500, 201728, 1, 0, 0
10000, 212224, 1, 0, 0
10500, 220416, 1, 0, 0
11000, 228352, 1, 0, 0
11500, 232192, 1, 0, 0
12000, 231424, 1, 0, 0
12500, 232448, 1, 0, 0
13000, 233472, 1, 0, 0
13500, 229120, 1, 0, 0
14000, 229376, 1, 0, 0
14500, 236032, 1, 0, 0
15000, 241920, 1, 0, 0
15500, 251136, 1, 0, 0
16000, 251136, 1, 0, 0
16500, 257024, 1, 0, 0
17000, 262144, 1, 0, 0
17500, 265472, 1, 0, 0
18000, 258048, 1, 0, 0
18500, 263168, 1, 0, 0
19000, 268825, 1, 0, 0
19500, 273664, 1, 0, 0
20000, 271872, 1, 0, 0
20500, 272128, 1, 0, 0
21000, 274176, 1, 0, 0
21500, 284160, 1, 0, 0
22000, 291584, 1, 0, 0
22500, 303616, 1, 0, 0
23000, 301312, 1, 0, 0
23500, 304128, 1, 0, 0
24000, 310016, 1, 0, 0
24500, 317952, 1, 0, 0
25000, 326400, 1, 0, 0
25500, 322304, 1, 0, 0
26000, 331776, 1, 0, 0
26500, 349952, 1, 0, 0
27000, 360704, 1, 0, 0
27500, 358656, 1, 0, 0
28000, 395008, 1, 0, 0
28500, 388096, 1, 0, 0
29000, 408576, 1, 0, 0
29500, 399360, 1, 0, 0
30000, 428800, 1, 0, 0
30500, 452096, 1, 0, 0
31000, 472240, 1, 0, 0
31500, 493056, 1, 0, 0
32000, 499712, 1, 0, 0
32500, 550912, 1, 0, 0
33000, 588288, 1, 0, 0
33500, 617728, 1, 0, 0
34000, 684288, 1, 0, 0
34500, 768512, 1, 0, 0
35000, 909568, 1, 0, 0
35500, 1089280, 1, 0, 0
36000, 1597440, 1, 0, 0
36500, 1555200, 1, 0, 0
37000, 155392, 1, 0, 0
37500, 164352, 1, 0, 0
38000, 165376, 1, 0, 0
38500, 166400, 1, 0, 0
39000, 182528, 1, 0, 0
39500, 187648, 1, 0, 0
40000, 196352, 1, 0, 0
40500, 200593, 1, 0, 0
41000, 217600, 1, 0, 0
41500, 221440, 1, 0, 0
42000, 231424, 1, 0, 0
42500, 233472, 1, 0, 0
43000, 230656, 1, 0, 0
43500, 224768, 1, 0, 0
44000, 232448, 1, 0, 0
44500, 231936, 1, 0, 0
45000, 234496, 1, 0, 0
45500, 243200, 1, 0, 0
46000, 241664, 1, 0, 0
46500, 241664, 1, 0, 0
47000, 247296, 1, 0, 0
47500, 252416, 1, 0, 0
48000, 257792, 1, 0, 0
48500, 259840, 1, 0, 0
49000, 258560, 1, 0, 0
49500, 264192, 1, 0, 0
50000, 268288, 1, 0, 0
50500, 271104, 1, 0, 0
51000, 273408, 1, 0, 0
51500, 274944, 1, 0, 0
52000, 281088, 1, 0, 0
52500, 285184, 1, 0, 0
53001, 289024, 1, 0, 0
53500, 305763, 1, 0, 0
54000, 301824, 1, 0, 0
54500, 298752, 1, 0, 0
55000, 310784, 1, 0, 0
55500, 321024, 1, 0, 0
56000, 337408, 1, 0, 0
56500, 329984, 1, 0, 0
57000, 343552, 1, 0, 0
57500, 362240, 1, 0, 0
58000, 349696, 1, 0, 0
58500, 365824, 1, 0, 0
59000, 387328, 1, 0, 0
59500, 403968, 1, 0, 0
60000, 400640, 1, 0, 0
