500, 4303, 1, 0, 0
1000, 4310, 1, 0, 0
1500, 4426, 1, 0, 0
2000, 4338, 1, 0, 0
2500, 4389, 1, 0, 0
3000, 4338, 1, 0, 0
3500, 4655, 1, 0, 0
4000, 4327, 1, 0, 0
4500, 4320, 1, 0, 0
5000, 4306, 1, 0, 0
5500, 4319, 1, 0, 0
6005, 4442, 1, 0, 0
6514, 4357, 1, 0, 0
7002, 4401, 1, 0, 0
7508, 4437, 1, 0, 0
8014, 4391, 1, 0, 0
8500, 4418, 1, 0, 0
9004, 4418, 1, 0, 0
9510, 4349, 1, 0, 0
10012, 4401, 1, 0, 0
10515, 4400, 1, 0, 0
11016, 4429, 1, 0, 0
11500, 4428, 1, 0, 0
12000, 4405, 1, 0, 0
12501, 4382, 1, 0, 0
13006, 4470, 1, 0, 0
13508, 4308, 1, 0, 0
14010, 4359, 1, 0, 0
14513, 4425, 1, 0, 0
15013, 4379, 1, 0, 0
15514, 4433, 1, 0, 0
16014, 4415, 1, 0, 0
16514, 4357, 1, 0, 0
17013, 4346, 1, 0, 0
17513, 4409, 1, 0, 0
18014, 4418, 1, 0, 0
18512, 4425, 1, 0, 0
19012, 4407, 1, 0, 0
19509, 4391, 1, 0, 0
20008, 4417, 1, 0, 0
20506, 4403, 1, 0, 0
21004, 4433, 1, 0, 0
21501, 4371, 1, 0, 0
22000, 4435, 1, 0, 0
22500, 4443, 1, 0, 0
23011, 4443, 1, 0, 0
23508, 4438, 1, 0, 0
24004, 4430, 1, 0, 0
24500, 4460, 1, 0, 0
25015, 4429, 1, 0, 0
25511, 4441, 1, 0, 0
26004, 4456, 1, 0, 0
26500, 4412, 1, 0, 0
27010, 4457, 1, 0, 0
27501, 4415, 1, 0, 0
28011, 4432, 1, 0, 0
28503, 4427, 1, 0, 0
29012, 4499, 1, 0, 0
29502, 4441, 1, 0, 0
30008, 4424, 1, 0, 0
30513, 4423, 1, 0, 0
31000, 4399, 1, 0, 0
31500, 4468, 1, 0, 0
32000, 4401, 1, 0, 0
32512, 4397, 1, 0, 0
33006, 4413, 1, 0, 0
33500, 4440, 1, 0, 0
34004, 4951, 1, 0, 0
34502, 4409, 1, 0, 0
35007, 4426, 1, 0, 0
35500, 4404, 1, 0, 0
36000, 4421, 1, 0, 0
36516, 4414, 1, 0, 0
37004, 4562, 1, 0, 0
37510, 4355, 1, 0, 0
38015, 4381, 1, 0, 0
38501, 4370, 1, 0, 0
39008, 4412, 1, 0, 0
39513, 4400, 1, 0, 0
40000, 4436, 1, 0, 0
40501, 4402, 1, 0, 0
41005, 4417, 1, 0, 0
41507, 4412, 1, 0, 0
42011, 4389, 1, 0, 0
42514, 4362, 1, 0, 0
43016, 4349, 1, 0, 0
43500, 4406, 1, 0, 0
44001, 4362, 1, 0, 0
44504, 4409, 1, 0, 0
45005, 4468, 1, 0, 0
45510, 4377, 1, 0, 0
46013, 4396, 1, 0, 0
46515, 4370, 1, 0, 0
47015, 4411, 1, 0, 0
47513, 4387, 1, 0, 0
48012, 4428, 1, 0, 0
48512, 4413, 1, 0, 0
49011, 4463, 1, 0, 0
49511, 4474, 1, 0, 0
50009, 4453, 1, 0, 0
50508, 4440, 1, 0, 0
51007, 4402, 1, 0, 0
51504, 4391, 1, 0, 0
52004, 4443, 1, 0, 0
52502, 4421, 1, 0, 0
53000, 4410, 1, 0, 0
53500, 4384, 1, 0, 0
54015, 4398, 1, 0, 0
54511, 4346, 1, 0, 0
55007, 4404, 1, 0, 0
55502, 4417, 1, 0, 0
56000, 4423, 1, 0, 0
56510, 4397, 1, 0, 0
57003, 4405, 1, 0, 0
57513, 5268, 1, 0, 0
58006, 4441, 1, 0, 0
58500, 4852, 1, 0, 0
59008, 4459, 1, 0, 0
59500, 4451, 1, 0, 0
60005, 4458, 1, 0, 0
