500, 1787039, 1, 0, 0
1000, 1791067, 1, 0, 0
1500, 1791063, 1, 0, 0
2000, 1791058, 1, 0, 0
2500, 1791060, 1, 0, 0
3000, 1791055, 1, 0, 0
3500, 1792505, 1, 0, 0
4000, 1791064, 1, 0, 0
4500, 1791060, 1, 0, 0
5000, 1791053, 1, 0, 0
5500, 1920281, 1, 0, 0
6005, 24765669, 1, 0, 0
6514, 25757418, 1, 0, 0
7002, 25025064, 1, 0, 0
7508, 24223614, 1, 0, 0
8014, 23181638, 1, 0, 0
8500, 21961341, 1, 0, 0
9004, 21517746, 1, 0, 0
9510, 20573518, 1, 0, 0
10012, 19378435, 1, 0, 0
10515, 18678448, 1, 0, 0
11016, 17976206, 1, 0, 0
11500, 17591492, 1, 0, 0
12000, 17393279, 1, 0, 0
12501, 17463333, 1, 0, 0
13006, 17688346, 1, 0, 0
13508, 17978180, 1, 0, 0
14010, 17925066, 1, 0, 0
14513, 17446439, 1, 0, 0
15013, 16926219, 1, 0, 0
15514, 16341925, 1, 0, 0
16014, 16331867, 1, 0, 0
16514, 15930765, 1, 0, 0
17013, 15604811, 1, 0, 0
17513, 15425440, 1, 0, 0
18014, 15899552, 1, 0, 0
18512, 15518432, 1, 0, 0
19012, 15256509, 1, 0, 0
19509, 14886753, 1, 0, 0
20008, 15042548, 1, 0, 0
20506, 14967633, 1, 0, 0
21004, 14899343, 1, 0, 0
21501, 14312251, 1, 0, 0
22000, 14089501, 1, 0, 0
22500, 13865852, 1, 0, 0
23011, 13470846, 1, 0, 0
23508, 13355788, 1, 0, 0
24004, 13133815, 1, 0, 0
24500, 12920459, 1, 0, 0
25015, 12788398, 1, 0, 0
25511, 12608625, 1, 0, 0
26004, 12165097, 1, 0, 0
26500, 11929436, 1, 0, 0
27010, 11277462, 1, 0, 0
27501, 11231509, 1, 0, 0
28011, 10576585, 1, 0, 0
28503, 10382493, 1, 0, 0
29012, 10201239, 1, 0, 0
29502, 10057558, 1, 0, 0
30008, 9673494, 1, 0, 0
30513, 9150385, 1, 0, 0
31000, 8706691, 1, 0, 0
31500, 8304044, 1, 0, 0
32000, 8186437, 1, 0, 0
32512, 7448201, 1, 0, 0
33006, 6874681, 1, 0, 0
33500, 6657135, 1, 0, 0
34004, 5949789, 1, 0, 0
34502, 5316466, 1, 0, 0
35007, 4562016, 1, 0, 0
35500, 3782267, 1, 0, 0
36000, 2564383, 1, 0, 0
36516, 2610132, 1, 0, 0
37004, 25676570, 1, 0, 0
37510, 25241769, 1, 0, 0
38015, 25031821, 1, 0, 0
38501, 23950932, 1, 0, 0
39008, 22830509, 1, 0, 0
39513, 22035591, 1, 0, 0
40000, 21035624, 1, 0, 0
40501, 19876578, 1, 0, 0
41005, 18960844, 1, 0, 0
41507, 18577739, 1, 0, 0
42011, 17831689, 1, 0, 0
42514, 17647326, 1, 0, 0
43016, 17852772, 1, 0, 0
43500, 17650881, 1, 0, 0
44001, 17642181, 1, 0, 0
44504, 17760741, 1, 0, 0
45005, 17508029, 1, 0, 0
45510, 16995308, 1, 0, 0
46013, 17050001, 1, 0, 0
46515, 17005394, 1, 0, 0
47015, 16589866, 1, 0, 0
47513, 16160812, 1, 0, 0
48012, 15857385, 1, 0, 0
48512, 15779759, 1, 0, 0
49011, 15786843, 1, 0, 0
49511, 15515279, 1, 0, 0
50009, 15206381, 1, 0, 0
50508, 15075460, 1, 0, 0
51007, 14939918, 1, 0, 0
51504, 14832327, 1, 0, 0
52004, 14560507, 1, 0, 0
52502, 14322059, 1, 0, 0
53000, 14156171, 1, 0, 0
53500, 13786982, 1, 0, 0
54015, 13559376, 1, 0, 0
54511, 13607893, 1, 0, 0
55007, 13082107, 1, 0, 0
55502, 12637481, 1, 0, 0
56000, 12456412, 1, 0, 0
56510, 12281426, 1, 0, 0
57003, 11754036, 1, 0, 0
57513, 11549731, 1, 0, 0
58006, 11546346, 1, 0, 0
58500, 11291704, 1, 0, 0
59008, 10533473, 1, 0, 0
59500, 10325494, 1, 0, 0
60003, 9944085, 1, 0, 0
60005, 17940557, 1, 0, 0
