500, 1783127, 1, 0, 0
1000, 1786730, 1, 0, 0
1500, 1786736, 1, 0, 0
2000, 1786751, 1, 0, 0
2500, 1786751, 1, 0, 0
3000, 1786752, 1, 0, 0
3500, 1786742, 1, 0, 0
4000, 1786744, 1, 0, 0
4500, 1786766, 1, 0, 0
5000, 1786734, 1, 0, 0
5517, 1919735, 1, 0, 0
6005, 24770965, 1, 0, 0
6513, 25723161, 1, 0, 0
7001, 25015530, 1, 0, 0
7507, 24233588, 1, 0, 0
8013, 23147839, 1, 0, 0
8500, 21935428, 1, 0, 0
9004, 21546054, 1, 0, 0
9510, 20556589, 1, 0, 0
10012, 19395210, 1, 0, 0
10514, 18639656, 1, 0, 0
11014, 17946017, 1, 0, 0
11515, 17529569, 1, 0, 0
12015, 17406859, 1, 0, 0
12500, 17483458, 1, 0, 0
13001, 17598274, 1, 0, 0
13503, 17954544, 1, 0, 0
14005, 17928613, 1, 0, 0
14508, 17425625, 1, 0, 0
15008, 16939074, 1, 0, 0
15508, 16295570, 1, 0, 0
16008, 16339275, 1, 0, 0
16507, 15927803, 1, 0, 0
17007, 15646635, 1, 0, 0
17507, 15401340, 1, 0, 0
18005, 15821158, 1, 0, 0
18504, 15591796, 1, 0, 0
19002, 15252980, 1, 0, 0
19501, 14901218, 1, 0, 0
20000, 14820380, 1, 0, 0
20500, 15085435, 1, 0, 0
21000, 14939914, 1, 0, 0
21513, 14248476, 1, 0, 0
22011, 14019552, 1, 0, 0
22507, 13936170, 1, 0, 0
23003, 13615716, 1, 0, 0
23500, 13498286, 1, 0, 0
24015, 13030155, 1, 0, 0
24509, 12708486, 1, 0, 0
25006, 12674780, 1, 0, 0
25500, 12388244, 1, 0, 0
26012, 11909372, 1, 0, 0
26504, 11542194, 1, 0, 0
27000, 11610979, 1, 0, 0
27510, 11403241, 1, 0, 0
28000, 10721731, 1, 0, 0
28509, 10559617, 1, 0, 0
29000, 10234567, 1, 0, 0
29506, 9754948, 1, 0, 0
30012, 9458133, 1, 0, 0
30500, 9216867, 1, 0, 0
31003, 8784182, 1, 0, 0
31504, 8262182, 1, 0, 0
32003, 7835167, 1, 0, 0
32500, 7485924, 1, 0, 0
33010, 6846181, 1, 0, 0
33500, 6447969, 1, 0, 0
34004, 5835877, 1, 0, 0
34501, 5286961, 1, 0, 0
35005, 4504588, 1, 0, 0
35500, 3620946, 1, 0, 0
36000, 2371085, 1, 0, 0
36504, 3027445, 1, 0, 0
37011, 25812772, 1, 0, 0
37517, 25216141, 1, 0, 0
38003, 24852218, 1, 0, 0
38511, 23983953, 1, 0, 0
39000, 22865278, 1, 0, 0
39504, 21987782, 1, 0, 0
40009, 21041550, 1, 0, 0
40513, 19705355, 1, 0, 0
41016, 18849971, 1, 0, 0
41500, 18426410, 1, 0, 0
42001, 17697536, 1, 0, 0
42503, 17646031, 1, 0, 0
43006, 17842516, 1, 0, 0
43508, 17637677, 1, 0, 0
44010, 17746612, 1, 0, 0
44512, 17886750, 1, 0, 0
45014, 17380396, 1, 0, 0
45514, 16858848, 1, 0, 0
46000, 16982119, 1, 0, 0
46500, 17000897, 1, 0, 0
47002, 16775402, 1, 0, 0
47503, 16494605, 1, 0, 0
48004, 16279833, 1, 0, 0
48503, 15703943, 1, 0, 0
49003, 15813330, 1, 0, 0
49502, 15778550, 1, 0, 0
50001, 15389869, 1, 0, 0
50500, 15132069, 1, 0, 0
51000, 14810436, 1, 0, 0
51515, 14442906, 1, 0, 0
52012, 14393263, 1, 0, 0
52512, 14337627, 1, 0, 0
53012, 14238697, 1, 0, 0
53509, 14143336, 1, 0, 0
54006, 13654327, 1, 0, 0
54503, 13526462, 1, 0, 0
55000, 13269153, 1, 0, 0
55512, 12757392, 1, 0, 0
56008, 12591610, 1, 0, 0
56502, 12120455, 1, 0, 0
57014, 11836178, 1, 0, 0
57508, 11765635, 1, 0, 0
58002, 11481742, 1, 0, 0
58511, 10865575, 1, 0, 0
59001, 10741667, 1, 0, 0
59511, 10474249, 1, 0, 0
60000, 10096614, 1, 0, 0
60002, 16808559, 1, 0, 0
