500, 2287872, 1, 0, 0
1000, 2286848, 1, 0, 0
1500, 2286848, 1, 0, 0
2000, 2286592, 1, 0, 0
2500, 2286848, 1, 0, 0
3000, 2286592, 1, 0, 0
3500, 2286592, 1, 0, 0
4000, 2286848, 1, 0, 0
4500, 2286592, 1, 0, 0
5000, 2286848, 1, 0, 0
5500, 2114048, 1, 0, 0
6000, 161024, 1, 0, 0
6500, 162048, 1, 0, 0
7000, 159744, 1, 0, 0
7500, 171264, 1, 0, 0
8000, 179200, 1, 0, 0
8500, 188416, 1, 0, 0
9000, 185600, 1, 0, 0
9500, 201728, 1, 0, 0
10000, 212224, 1, 0, 0
10500, 220416, 1, 0, 0
11000, 228352, 1, 0, 0
11500, 233984, 1, 0, 0
12000, 235991, 1, 0, 0
12500, 233216, 1, 0, 0
13000, 226816, 1, 0, 0
13500, 229120, 1, 0, 0
14000, 229376, 1, 0, 0
14500, 236288, 1, 0, 0
15000, 241920, 1, 0, 0
15500, 251136, 1, 0, 0
16000, 250624, 1, 0, 0
16500, 256768, 1, 0, 0
17000, 261888, 1, 0, 0
17500, 265728, 1, 0, 0
18000, 258048, 1, 0, 0
18500, 261888, 1, 0, 0
19000, 267520, 1, 0, 0
19500, 273920, 1, 0, 0
20000, 281856, 1, 0, 0
20500, 270848, 1, 0, 0
21000, 277504, 1, 0, 0
21500, 285696, 1, 0, 0
22000, 290816, 1, 0, 0
22500, 291584, 1, 0, 0
23000, 298496, 1, 0, 0
23500, 302080, 1, 0, 0
24000, 323328, 1, 0, 0
24500, 317952, 1, 0, 0
25000, 320768, 1, 0, 0
25500, 331520, 1, 0, 0
26000, 347648, 1, 0, 0
26500, 350140, 1, 0, 0
27000, 358656, 1, 0, 0
27500, 357376, 1, 0, 0
28000, 374272, 1, 0, 0
28500, 394752, 1, 0, 0
29000, 396800, 1, 0, 0
29500, 420352, 1, 0, 0
30000, 438528, 1, 0, 0
30500, 433408, 1, 0, 0
31000, 468992, 1, 0, 0
31500, 496896, 1, 0, 0
32000, 522496, 1, 0, 0
32500, 551424, 1, 0, 0
33000, 601600, 1, 0, 0
33500, 622848, 1, 0, 0
34000, 707840, 1, 0, 0
34500, 770816, 1, 0, 0
35000, 919040, 1, 0, 0
35500, 1139712, 1, 0, 0
36000, 1724160, 1, 0, 0
36500, 1303808, 1, 0, 0
37000, 160768, 1, 0, 0
37500, 164352, 1, 0, 0
38000, 160512, 1, 0, 0
38500, 173568, 1, 0, 0
39000, 177920, 1, 0, 0
39500, 185600, 1, 0, 0
40000, 196608, 1, 0, 0
40500, 209920, 1, 0, 0
41000, 218624, 1, 0, 0
41500, 216240, 1, 0, 0
42000, 231424, 1, 0, 0
42500, 232960, 1, 0, 0
43000, 230912, 1, 0, 0
43500, 232704, 1, 0, 0
44000, 231680, 1, 0, 0
44500, 230144, 1, 0, 0
45000, 236288, 1, 0, 0
45500, 243200, 1, 0, 0
46000, 242176, 1, 0, 0
46500, 232960, 1, 0, 0
47000, 245248, 1, 0, 0
47500, 248832, 1, 0, 0
48000, 251904, 1, 0, 0
48500, 260096, 1, 0, 0
49000, 258816, 1, 0, 0
49500, 259328, 1, 0, 0
50000, 265216, 1, 0, 0
50500, 270336, 1, 0, 0
51000, 284160, 1, 0, 0
51500, 284416, 1, 0, 0
52000, 283136, 1, 0, 0
52500, 285440, 1, 0, 0
53000, 287232, 1, 0, 0
53500, 287488, 1, 0, 0
54000, 298496, 1, 0, 0
54500, 300544, 1, 0, 0
55000, 315904, 1, 0, 0
55500, 320000, 1, 0, 0
56000, 322304, 1, 0, 0
56500, 333824, 1, 0, 0
57000, 354560, 1, 0, 0
57500, 343552, 1, 0, 0
58000, 352512, 1, 0, 0
58500, 384256, 1, 0, 0
59000, 373760, 1, 0, 0
59500, 399104, 1, 0, 0
60000, 397312, 1, 0, 0
