500, 17876, 1, 0, 0
1000, 17866, 1, 0, 0
1500, 17866, 1, 0, 0
2000, 17864, 1, 0, 0
2500, 17866, 1, 0, 0
3000, 17864, 1, 0, 0
3500, 17864, 1, 0, 0
4000, 17866, 1, 0, 0
4500, 17864, 1, 0, 0
5000, 17866, 1, 0, 0
5500, 16516, 1, 0, 0
6000, 1258, 1, 0, 0
6500, 1266, 1, 0, 0
7000, 1248, 1, 0, 0
7500, 1338, 1, 0, 0
8000, 1400, 1, 0, 0
8500, 1472, 1, 0, 0
9000, 1450, 1, 0, 0
9500, 1576, 1, 0, 0
10000, 1658, 1, 0, 0
10500, 1722, 1, 0, 0
11000, 1784, 1, 0, 0
11500, 1828, 1, 0, 0
12000, 1843, 1, 0, 0
12500, 1822, 1, 0, 0
13000, 1772, 1, 0, 0
13500, 1790, 1, 0, 0
14000, 1792, 1, 0, 0
14500, 1846, 1, 0, 0
15000, 1890, 1, 0, 0
15500, 1962, 1, 0, 0
16000, 1958, 1, 0, 0
16500, 2006, 1, 0, 0
17000, 2046, 1, 0, 0
17500, 2076, 1, 0, 0
18000, 2016, 1, 0, 0
18500, 2046, 1, 0, 0
19000, 2090, 1, 0, 0
19500, 2140, 1, 0, 0
20000, 2202, 1, 0, 0
20500, 2116, 1, 0, 0
21000, 2168, 1, 0, 0
21500, 2232, 1, 0, 0
22000, 2272, 1, 0, 0
22500, 2278, 1, 0, 0
23000, 2332, 1, 0, 0
23500, 2360, 1, 0, 0
24000, 2526, 1, 0, 0
24500, 2484, 1, 0, 0
25000, 2506, 1, 0, 0
25500, 2590, 1, 0, 0
26000, 2716, 1, 0, 0
26500, 2735, 1, 0, 0
27000, 2802, 1, 0, 0
27500, 2792, 1, 0, 0
28000, 2924, 1, 0, 0
28500, 3084, 1, 0, 0
29000, 3100, 1, 0, 0
29500, 3284, 1, 0, 0
30000, 3426, 1, 0, 0
30500, 3386, 1, 0, 0
31000, 3664, 1, 0, 0
31500, 3882, 1, 0, 0
32000, 4082, 1, 0, 0
32500, 4308, 1, 0, 0
33000, 4700, 1, 0, 0
33500, 4866, 1, 0, 0
34000, 5530, 1, 0, 0
34500, 6022, 1, 0, 0
35000, 7180, 1, 0, 0
35500, 8904, 1, 0, 0
36000, 13470, 1, 0, 0
36500, 10186, 1, 0, 0
37000, 1256, 1, 0, 0
37500, 1284, 1, 0, 0
38000, 1254, 1, 0, 0
38500, 1356, 1, 0, 0
39000, 1390, 1, 0, 0
39500, 1450, 1, 0, 0
40000, 1536, 1, 0, 0
40500, 1640, 1, 0, 0
41000, 1708, 1, 0, 0
41500, 1689, 1, 0, 0
42000, 1808, 1, 0, 0
42500, 1820, 1, 0, 0
43000, 1804, 1, 0, 0
43500, 1818, 1, 0, 0
44000, 1810, 1, 0, 0
44500, 1798, 1, 0, 0
45000, 1846, 1, 0, 0
45500, 1900, 1, 0, 0
46000, 1892, 1, 0, 0
46500, 1820, 1, 0, 0
47000, 1916, 1, 0, 0
47500, 1944, 1, 0, 0
48000, 1968, 1, 0, 0
48500, 2032, 1, 0, 0
49000, 2022, 1, 0, 0
49500, 2026, 1, 0, 0
50000, 2072, 1, 0, 0
50500, 2112, 1, 0, 0
51000, 2220, 1, 0, 0
51500, 2222, 1, 0, 0
52000, 2212, 1, 0, 0
52500, 2230, 1, 0, 0
53000, 2244, 1, 0, 0
53500, 2246, 1, 0, 0
54000, 2332, 1, 0, 0
54500, 2348, 1, 0, 0
55000, 2468, 1, 0, 0
55500, 2500, 1, 0, 0
56000, 2518, 1, 0, 0
56500, 2608, 1, 0, 0
57000, 2770, 1, 0, 0
57500, 2684, 1, 0, 0
58000, 2754, 1, 0, 0
58500, 3002, 1, 0, 0
59000, 2920, 1, 0, 0
59500, 3118, 1, 0, 0
60000, 3104, 1, 0, 0
