500, 4348, 1, 0, 0
1000, 4357, 1, 0, 0
1500, 4353, 1, 0, 0
2000, 4336, 1, 0, 0
2500, 4335, 1, 0, 0
3000, 4331, 1, 0, 0
3500, 4343, 1, 0, 0
4000, 4342, 1, 0, 0
4500, 4315, 1, 0, 0
5000, 4342, 1, 0, 0
5517, 4306, 1, 0, 0
6005, 4453, 1, 0, 0
6513, 4428, 1, 0, 0
7001, 4429, 1, 0, 0
7507, 4424, 1, 0, 0
8013, 4488, 1, 0, 0
8500, 4465, 1, 0, 0
9004, 4442, 1, 0, 0
9510, 4438, 1, 0, 0
10012, 4462, 1, 0, 0
10514, 4430, 1, 0, 0
11014, 4380, 1, 0, 0
11515, 4370, 1, 0, 0
12015, 4420, 1, 0, 0
12500, 4439, 1, 0, 0
13001, 4481, 1, 0, 0
13503, 4419, 1, 0, 0
14005, 4447, 1, 0, 0
14508, 4452, 1, 0, 0
15008, 4438, 1, 0, 0
15508, 4400, 1, 0, 0
16008, 4417, 1, 0, 0
16507, 4402, 1, 0, 0
17007, 4402, 1, 0, 0
17507, 4430, 1, 0, 0
18005, 4497, 1, 0, 0
18504, 4462, 1, 0, 0
19002, 4436, 1, 0, 0
19501, 4465, 1, 0, 0
20000, 4440, 1, 0, 0
20500, 4406, 1, 0, 0
21000, 4397, 1, 0, 0
21513, 4375, 1, 0, 0
22011, 4425, 1, 0, 0
22507, 4446, 1, 0, 0
23003, 4405, 1, 0, 0
23500, 4438, 1, 0, 0
24015, 4449, 1, 0, 0
24509, 4450, 1, 0, 0
25006, 4444, 1, 0, 0
25500, 4424, 1, 0, 0
26012, 4415, 1, 0, 0
26504, 4419, 1, 0, 0
27000, 4453, 1, 0, 0
27510, 4477, 1, 0, 0
28000, 4465, 1, 0, 0
28509, 4485, 1, 0, 0
29000, 4462, 1, 0, 0
29506, 4445, 1, 0, 0
30012, 4448, 1, 0, 0
30500, 4466, 1, 0, 0
31003, 4472, 1, 0, 0
31504, 4455, 1, 0, 0
32003, 4471, 1, 0, 0
32500, 4449, 1, 0, 0
33010, 4461, 1, 0, 0
33500, 4455, 1, 0, 0
34004, 4436, 1, 0, 0
34501, 4455, 1, 0, 0
35005, 4448, 1, 0, 0
35500, 4442, 1, 0, 0
36000, 4429, 1, 0, 0
36504, 4348, 1, 0, 0
37011, 4368, 1, 0, 0
37517, 4407, 1, 0, 0
38003, 4426, 1, 0, 0
38511, 4457, 1, 0, 0
39000, 4464, 1, 0, 0
39504, 4450, 1, 0, 0
40009, 4440, 1, 0, 0
40513, 4430, 1, 0, 0
41016, 4416, 1, 0, 0
41500, 4412, 1, 0, 0
42001, 4435, 1, 0, 0
42503, 4465, 1, 0, 0
43006, 4438, 1, 0, 0
43508, 4481, 1, 0, 0
44010, 4449, 1, 0, 0
44512, 4472, 1, 0, 0
45014, 4450, 1, 0, 0
45514, 4446, 1, 0, 0
46000, 4430, 1, 0, 0
46500, 4422, 1, 0, 0
47002, 4432, 1, 0, 0
47503, 4446, 1, 0, 0
48004, 4454, 1, 0, 0
48503, 4445, 1, 0, 0
49003, 4423, 1, 0, 0
49502, 4419, 1, 0, 0
50001, 4457, 1, 0, 0
50500, 4423, 1, 0, 0
51000, 4426, 1, 0, 0
51515, 4421, 1, 0, 0
52012, 4447, 1, 0, 0
52512, 4401, 1, 0, 0
53012, 4394, 1, 0, 0
53509, 4442, 1, 0, 0
54006, 4489, 1, 0, 0
54503, 4387, 1, 0, 0
55000, 4401, 1, 0, 0
55512, 4417, 1, 0, 0
56008, 4459, 1, 0, 0
56502, 4425, 1, 0, 0
57014, 4380, 1, 0, 0
57508, 4387, 1, 0, 0
58002, 4430, 1, 0, 0
58511, 4413, 1, 0, 0
59001, 4426, 1, 0, 0
59512, 4406, 1, 0, 0
60002, 4411, 1, 0, 0
