500, 66560, 1, 0, 0
1000, 66854, 1, 0, 0
1500, 66834, 1, 0, 0
2000, 66384, 1, 0, 0
2500, 66316, 1, 0, 0
3000, 66546, 1, 0, 0
3500, 66702, 1, 0, 0
4000, 66798, 1, 0, 0
4500, 67002, 1, 0, 0
5000, 66516, 1, 0, 0
5500, 66368, 1, 0, 0
6000, 54426, 1, 0, 0
6500, 23578, 1, 0, 0
7000, 22790, 1, 0, 0
7500, 24118, 1, 0, 0
8000, 22398, 1, 0, 0
8500, 22694, 1, 0, 0
9000, 22846, 1, 0, 0
9501, 20174, 1, 0, 0
10000, 19138, 1, 0, 0
10500, 21340, 1, 0, 0
11000, 21120, 1, 0, 0
11500, 20312, 1, 0, 0
12000, 21160, 1, 0, 0
12500, 19292, 1, 0, 0
13000, 20282, 1, 0, 0
13500, 16818, 1, 0, 0
14000, 17058, 1, 0, 0
14500, 15154, 1, 0, 0
15000, 15876, 1, 0, 0
15500, 16802, 1, 0, 0
16000, 15564, 1, 0, 0
16500, 15052, 1, 0, 0
17000, 15306, 1, 0, 0
17500, 14348, 1, 0, 0
18000, 13248, 1, 0, 0
18500, 14892, 1, 0, 0
19000, 13592, 1, 0, 0
19500, 13910, 1, 0, 0
20000, 13654, 1, 0, 0
20500, 13680, 1, 0, 0
21000, 13336, 1, 0, 0
21500, 13476, 1, 0, 0
22000, 12426, 1, 0, 0
22500, 11542, 1, 0, 0
23000, 12406, 1, 0, 0
23500, 12204, 1, 0, 0
24000, 11544, 1, 0, 0
24500, 11708, 1, 0, 0
25000, 10536, 1, 0, 0
25500, 10772, 1, 0, 0
26000, 13886, 1, 0, 0
26500, 10656, 1, 0, 0
27000, 10638, 1, 0, 0
27500, 10368, 1, 0, 0
28000, 10900, 1, 0, 0
28500, 10850, 1, 0, 0
29000, 10154, 1, 0, 0
29500, 10126, 1, 0, 0
30000, 9968, 1, 0, 0
30500, 10312, 1, 0, 0
31000, 10070, 1, 0, 0
31500, 9672, 1, 0, 0
32000, 9654, 1, 0, 0
32500, 10048, 1, 0, 0
33000, 9906, 1, 0, 0
33500, 9026, 1, 0, 0
34000, 10146, 1, 0, 0
34500, 10554, 1, 0, 0
35000, 9140, 1, 0, 0
35500, 8724, 1, 0, 0
36000, 8496, 1, 0, 0
36500, 8735, 1, 0, 0
37000, 8952, 1, 0, 0
37500, 8350, 1, 0, 0
38000, 8602, 1, 0, 0
38500, 8474, 1, 0, 0
39000, 8544, 1, 0, 0
39500, 8202, 1, 0, 0
40000, 8654, 1, 0, 0
40500, 8160, 1, 0, 0
41000, 7878, 1, 0, 0
41500, 8604, 1, 0, 0
42000, 7942, 1, 0, 0
42500, 8026, 1, 0, 0
43000, 8172, 1, 0, 0
43500, 8634, 1, 0, 0
44000, 8608, 1, 0, 0
44500, 8134, 1, 0, 0
45000, 8500, 1, 0, 0
45500, 8228, 1, 0, 0
46000, 8042, 1, 0, 0
46500, 7726, 1, 0, 0
47000, 7622, 1, 0, 0
47500, 7946, 1, 0, 0
48000, 7886, 1, 0, 0
48500, 9448, 1, 0, 0
49000, 7390, 1, 0, 0
49500, 7094, 1, 0, 0
50000, 7770, 1, 0, 0
50500, 7674, 1, 0, 0
51000, 7856, 1, 0, 0
51500, 7340, 1, 0, 0
52000, 7590, 1, 0, 0
52500, 7464, 1, 0, 0
53000, 7942, 1, 0, 0
53500, 7752, 1, 0, 0
54001, 6688, 1, 0, 0
54500, 7310, 1, 0, 0
55000, 7510, 1, 0, 0
55500, 7644, 1, 0, 0
56000, 7558, 1, 0, 0
56500, 6942, 1, 0, 0
57000, 6974, 1, 0, 0
57500, 6878, 1, 0, 0
58000, 7506, 1, 0, 0
58500, 6724, 1, 0, 0
59000, 6932, 1, 0, 0
59500, 6862, 1, 0, 0
60000, 6984, 1, 0, 0
