500, 480506, 1, 0, 0
1000, 478561, 1, 0, 0
1500, 478592, 1, 0, 0
2000, 481836, 1, 0, 0
2500, 482313, 1, 0, 0
3000, 480660, 1, 0, 0
3500, 479598, 1, 0, 0
4000, 478882, 1, 0, 0
4500, 477381, 1, 0, 0
5000, 480889, 1, 0, 0
5500, 481938, 1, 0, 0
6001, 584579, 1, 0, 0
6500, 1363571, 1, 0, 0
7000, 1403864, 1, 0, 0
7502, 1321570, 1, 0, 0
8000, 1428204, 1, 0, 0
8501, 1402094, 1, 0, 0
9004, 1407880, 1, 0, 0
9500, 1588242, 1, 0, 0
10000, 1674393, 1, 0, 0
10500, 1501093, 1, 0, 0
11000, 1517224, 1, 0, 0
11502, 1562083, 1, 0, 0
12000, 1523426, 1, 0, 0
12500, 1660032, 1, 0, 0
13000, 1552335, 1, 0, 0
13500, 1934755, 1, 0, 0
14000, 1875684, 1, 0, 0
14500, 2109697, 1, 0, 0
15006, 2006199, 1, 0, 0
15500, 1917230, 1, 0, 0
16000, 2056000, 1, 0, 0
16500, 2084612, 1, 0, 0
17000, 2128555, 1, 0, 0
17500, 2213477, 1, 0, 0
18002, 2390001, 1, 0, 0
18500, 2190374, 1, 0, 0
19001, 2300860, 1, 0, 0
19501, 2307321, 1, 0, 0
20005, 2359546, 1, 0, 0
20500, 2358479, 1, 0, 0
21000, 2358399, 1, 0, 0
21501, 2371581, 1, 0, 0
22000, 2629887, 1, 0, 0
22500, 2752322, 1, 0, 0
23001, 2558353, 1, 0, 0
23500, 2653718, 1, 0, 0
24005, 2743414, 1, 0, 0
24501, 2710159, 1, 0, 0
25008, 3081470, 1, 0, 0
25500, 2931435, 1, 0, 0
26009, 2335377, 1, 0, 0
26507, 2994581, 1, 0, 0
27005, 3003312, 1, 0, 0
27502, 3070039, 1, 0, 0
28004, 2936966, 1, 0, 0
28509, 2977552, 1, 0, 0
29001, 3102981, 1, 0, 0
29507, 3188172, 1, 0, 0
30001, 3181985, 1, 0, 0
30507, 3146669, 1, 0, 0
31002, 3140889, 1, 0, 0
31506, 3335332, 1, 0, 0
32003, 3295678, 1, 0, 0
32507, 3208331, 1, 0, 0
33011, 3249088, 1, 0, 0
33505, 3502381, 1, 0, 0
34000, 3224629, 1, 0, 0
34507, 2972072, 1, 0, 0
35000, 3537422, 1, 0, 0
35502, 3656614, 1, 0, 0
36002, 3725976, 1, 0, 0
36506, 3677168, 1, 0, 0
37004, 3557002, 1, 0, 0
37508, 3872627, 1, 0, 0
38009, 3711305, 1, 0, 0
38501, 3720159, 1, 0, 0
39010, 3820110, 1, 0, 0
39502, 3851940, 1, 0, 0
40000, 3756051, 1, 0, 0
40500, 3926353, 1, 0, 0
41007, 4019118, 1, 0, 0
41500, 3759108, 1, 0, 0
42009, 3993843, 1, 0, 0
42504, 3945180, 1, 0, 0
43004, 3915213, 1, 0, 0
43500, 3698810, 1, 0, 0
44000, 3780990, 1, 0, 0
44501, 3849898, 1, 0, 0
45011, 3836238, 1, 0, 0
45506, 3859842, 1, 0, 0
46000, 4052379, 1, 0, 0
46508, 4079357, 1, 0, 0
47000, 4139274, 1, 0, 0
47500, 4145046, 1, 0, 0
48000, 4064368, 1, 0, 0
48500, 3386044, 1, 0, 0
49008, 4251491, 1, 0, 0
49502, 4466999, 1, 0, 0
50008, 4170122, 1, 0, 0
50500, 4221159, 1, 0, 0
51006, 4000975, 1, 0, 0
51505, 4339602, 1, 0, 0
52004, 4227940, 1, 0, 0
52504, 4274155, 1, 0, 0
53012, 4088812, 1, 0, 0
53508, 4097585, 1, 0, 0
54000, 4788362, 1, 0, 0
54502, 4345900, 1, 0, 0
55000, 4342558, 1, 0, 0
55505, 4120155, 1, 0, 0
56001, 4203871, 1, 0, 0
56508, 4675356, 1, 0, 0
57000, 4636317, 1, 0, 0
57505, 4571196, 1, 0, 0
58004, 4267204, 1, 0, 0
58500, 4734654, 1, 0, 0
59010, 4663755, 1, 0, 0
59505, 4624433, 1, 0, 0
60005, 4576640, 1, 0, 0
60006, 16230552, 1, 0, 0
