500, 532480, 1, 0, 0
1000, 534832, 1, 0, 0
1500, 534672, 1, 0, 0
2000, 531072, 1, 0, 0
2500, 530528, 1, 0, 0
3000, 532368, 1, 0, 0
3500, 533616, 1, 0, 0
4000, 534384, 1, 0, 0
4500, 536016, 1, 0, 0
5000, 532128, 1, 0, 0
5500, 530944, 1, 0, 0
6000, 435408, 1, 0, 0
6500, 188624, 1, 0, 0
7000, 182320, 1, 0, 0
7500, 192944, 1, 0, 0
8000, 179184, 1, 0, 0
8500, 181552, 1, 0, 0
9000, 182768, 1, 0, 0
9501, 161392, 1, 0, 0
10000, 153106, 1, 0, 0
10500, 170720, 1, 0, 0
11000, 168960, 1, 0, 0
11500, 162496, 1, 0, 0
12000, 169280, 1, 0, 0
12500, 154336, 1, 0, 0
13000, 162256, 1, 0, 0
13500, 134544, 1, 0, 0
14000, 136464, 1, 0, 0
14500, 121232, 1, 0, 0
15000, 127008, 1, 0, 0
15500, 134416, 1, 0, 0
16000, 124512, 1, 0, 0
16500, 120416, 1, 0, 0
17000, 122448, 1, 0, 0
17500, 114784, 1, 0, 0
18000, 105984, 1, 0, 0
18500, 119136, 1, 0, 0
19000, 108736, 1, 0, 0
19500, 111280, 1, 0, 0
20000, 109232, 1, 0, 0
20500, 109440, 1, 0, 0
21000, 106688, 1, 0, 0
21500, 107808, 1, 0, 0
22000, 99408, 1, 0, 0
22500, 92336, 1, 0, 0
23000, 99254, 1, 0, 0
23500, 97632, 1, 0, 0
24000, 92352, 1, 0, 0
24500, 93664, 1, 0, 0
25000, 84288, 1, 0, 0
25500, 86176, 1, 0, 0
26000, 111088, 1, 0, 0
26500, 85248, 1, 0, 0
27000, 85104, 1, 0, 0
27500, 82944, 1, 0, 0
28000, 87200, 1, 0, 0
28500, 86800, 1, 0, 0
29000, 81232, 1, 0, 0
29500, 81008, 1, 0, 0
30000, 79744, 1, 0, 0
30500, 82496, 1, 0, 0
31000, 80560, 1, 0, 0
31500, 77376, 1, 0, 0
32000, 77232, 1, 0, 0
32500, 80384, 1, 0, 0
33000, 79248, 1, 0, 0
33500, 72208, 1, 0, 0
34000, 81168, 1, 0, 0
34500, 84432, 1, 0, 0
35000, 73120, 1, 0, 0
35500, 69792, 1, 0, 0
36000, 67968, 1, 0, 0
36500, 69883, 1, 0, 0
37000, 71616, 1, 0, 0
37500, 66800, 1, 0, 0
38000, 68816, 1, 0, 0
38500, 67792, 1, 0, 0
39000, 68352, 1, 0, 0
39500, 65616, 1, 0, 0
40000, 69232, 1, 0, 0
40500, 65280, 1, 0, 0
41000, 63024, 1, 0, 0
41500, 68832, 1, 0, 0
42000, 63536, 1, 0, 0
42500, 64208, 1, 0, 0
43000, 65376, 1, 0, 0
43500, 69072, 1, 0, 0
44000, 68864, 1, 0, 0
44500, 65072, 1, 0, 0
45000, 68000, 1, 0, 0
45500, 65824, 1, 0, 0
46000, 64336, 1, 0, 0
46500, 61808, 1, 0, 0
47000, 60976, 1, 0, 0
47500, 63568, 1, 0, 0
48000, 63088, 1, 0, 0
48500, 75584, 1, 0, 0
49000, 59120, 1, 0, 0
49500, 56752, 1, 0, 0
50000, 62160, 1, 0, 0
50500, 61392, 1, 0, 0
51000, 62848, 1, 0, 0
51500, 58720, 1, 0, 0
52000, 60720, 1, 0, 0
52500, 59712, 1, 0, 0
53000, 63536, 1, 0, 0
53500, 62016, 1, 0, 0
54001, 53504, 1, 0, 0
54500, 58484, 1, 0, 0
55000, 60080, 1, 0, 0
55500, 61152, 1, 0, 0
56000, 60464, 1, 0, 0
56500, 55536, 1, 0, 0
57000, 55792, 1, 0, 0
57500, 55024, 1, 0, 0
58000, 60048, 1, 0, 0
58500, 53792, 1, 0, 0
59000, 55456, 1, 0, 0
59500, 54896, 1, 0, 0
60000, 55872, 1, 0, 0
