500, 1079, 1, 0, 0
1000, 1119, 1, 0, 0
1500, 1075, 1, 0, 0
2000, 1080, 1, 0, 0
2500, 1073, 1, 0, 0
3000, 1076, 1, 0, 0
3500, 1077, 1, 0, 0
4000, 1073, 1, 0, 0
4500, 1079, 1, 0, 0
5000, 1075, 1, 0, 0
5500, 1075, 1, 0, 0
6001, 1075, 1, 0, 0
6500, 1083, 1, 0, 0
7000, 1082, 1, 0, 0
7502, 1088, 1, 0, 0
8000, 1090, 1, 0, 0
8501, 1089, 1, 0, 0
9004, 1084, 1, 0, 0
9500, 1093, 1, 0, 0
10000, 1087, 1, 0, 0
10500, 1082, 1, 0, 0
11000, 1093, 1, 0, 0
11502, 1085, 1, 0, 0
12000, 1085, 1, 0, 0
12500, 1085, 1, 0, 0
13000, 1081, 1, 0, 0
13500, 1085, 1, 0, 0
14000, 1086, 1, 0, 0
14500, 1091, 1, 0, 0
15006, 1089, 1, 0, 0
15500, 1087, 1, 0, 0
16000, 1097, 1, 0, 0
16500, 1089, 1, 0, 0
17000, 1085, 1, 0, 0
17500, 1089, 1, 0, 0
18002, 1097, 1, 0, 0
18500, 1094, 1, 0, 0
19001, 1091, 1, 0, 0
19501, 1086, 1, 0, 0
20005, 1113, 1, 0, 0
20500, 1134, 1, 0, 0
21000, 1083, 1, 0, 0
21501, 1088, 1, 0, 0
22000, 1089, 1, 0, 0
22500, 1087, 1, 0, 0
23001, 1084, 1, 0, 0
23500, 1189, 1, 0, 0
24005, 1083, 1, 0, 0
24501, 1081, 1, 0, 0
25008, 1087, 1, 0, 0
25500, 1080, 1, 0, 0
26009, 1082, 1, 0, 0
26507, 1083, 1, 0, 0
27005, 1088, 1, 0, 0
27502, 1089, 1, 0, 0
28004, 1083, 1, 0, 0
28509, 1090, 1, 0, 0
29001, 1282, 1, 0, 0
29507, 1086, 1, 0, 0
30001, 1092, 1, 0, 0
30507, 1095, 1, 0, 0
31002, 1089, 1, 0, 0
31506, 1094, 1, 0, 0
32003, 1098, 1, 0, 0
32507, 1089, 1, 0, 0
33011, 1090, 1, 0, 0
33505, 1089, 1, 0, 0
34000, 1114, 1, 0, 0
34507, 1114, 1, 0, 0
35000, 1091, 1, 0, 0
35502, 1099, 1, 0, 0
36002, 1092, 1, 0, 0
36506, 1102, 1, 0, 0
37004, 1090, 1, 0, 0
37508, 1104, 1, 0, 0
38009, 1097, 1, 0, 0
38501, 1097, 1, 0, 0
39010, 1093, 1, 0, 0
39502, 1100, 1, 0, 0
40000, 1092, 1, 0, 0
40500, 1097, 1, 0, 0
41007, 1092, 1, 0, 0
41500, 1096, 1, 0, 0
42009, 1096, 1, 0, 0
42504, 1089, 1, 0, 0
43004, 1093, 1, 0, 0
43500, 1091, 1, 0, 0
44000, 1085, 1, 0, 0
44501, 1103, 1, 0, 0
45011, 1094, 1, 0, 0
45506, 1097, 1, 0, 0
46000, 1101, 1, 0, 0
46508, 1090, 1, 0, 0
47000, 1091, 1, 0, 0
47500, 1085, 1, 0, 0
48000, 1099, 1, 0, 0
48500, 1087, 1, 0, 0
49008, 1089, 1, 0, 0
49502, 1087, 1, 0, 0
50008, 1092, 1, 0, 0
50500, 1107, 1, 0, 0
51006, 1099, 1, 0, 0
51505, 1101, 1, 0, 0
52004, 1096, 1, 0, 0
52504, 1095, 1, 0, 0
53012, 1089, 1, 0, 0
53508, 1092, 1, 0, 0
54000, 1089, 1, 0, 0
54502, 1084, 1, 0, 0
55000, 1089, 1, 0, 0
55505, 1083, 1, 0, 0
56001, 1091, 1, 0, 0
56508, 1099, 1, 0, 0
57000, 1094, 1, 0, 0
57505, 1096, 1, 0, 0
58004, 1094, 1, 0, 0
58500, 1097, 1, 0, 0
59010, 1130, 1, 0, 0
59505, 1093, 1, 0, 0
60006, 1099, 1, 0, 0
