500, 479428, 1, 0, 0
1000, 477442, 1, 0, 0
1500, 477518, 1, 0, 0
2000, 480756, 1, 0, 0
2500, 481240, 1, 0, 0
3000, 479583, 1, 0, 0
3500, 478521, 1, 0, 0
4000, 477809, 1, 0, 0
4500, 476301, 1, 0, 0
5000, 479814, 1, 0, 0
5500, 480863, 1, 0, 0
6001, 583504, 1, 0, 0
6500, 1362488, 1, 0, 0
7000, 1402781, 1, 0, 0
7502, 1320482, 1, 0, 0
8000, 1427114, 1, 0, 0
8501, 1401005, 1, 0, 0
9004, 1406795, 1, 0, 0
9500, 1587149, 1, 0, 0
10000, 1673306, 1, 0, 0
10500, 1500011, 1, 0, 0
11000, 1516131, 1, 0, 0
11502, 1560998, 1, 0, 0
12000, 1522341, 1, 0, 0
12500, 1658947, 1, 0, 0
13000, 1551254, 1, 0, 0
13500, 1933670, 1, 0, 0
14000, 1874598, 1, 0, 0
14500, 2108606, 1, 0, 0
15006, 2005110, 1, 0, 0
15500, 1916143, 1, 0, 0
16000, 2054904, 1, 0, 0
16500, 2083523, 1, 0, 0
17000, 2127470, 1, 0, 0
17500, 2212388, 1, 0, 0
18002, 2388904, 1, 0, 0
18500, 2189280, 1, 0, 0
19001, 2299770, 1, 0, 0
19501, 2306236, 1, 0, 0
20005, 2358432, 1, 0, 0
20500, 2357345, 1, 0, 0
21000, 2357316, 1, 0, 0
21501, 2370493, 1, 0, 0
22000, 2628798, 1, 0, 0
22500, 2751236, 1, 0, 0
23001, 2557268, 1, 0, 0
23500, 2652529, 1, 0, 0
24005, 2742331, 1, 0, 0
24501, 2709078, 1, 0, 0
25008, 3080383, 1, 0, 0
25500, 2930354, 1, 0, 0
26009, 2334295, 1, 0, 0
26507, 2993498, 1, 0, 0
27005, 3002224, 1, 0, 0
27502, 3068951, 1, 0, 0
28004, 2935883, 1, 0, 0
28509, 2976462, 1, 0, 0
29001, 3101699, 1, 0, 0
29507, 3187086, 1, 0, 0
30001, 3180892, 1, 0, 0
30507, 3145574, 1, 0, 0
31002, 3139799, 1, 0, 0
31506, 3334237, 1, 0, 0
32003, 3294580, 1, 0, 0
32507, 3207242, 1, 0, 0
33011, 3247998, 1, 0, 0
33505, 3501292, 1, 0, 0
34000, 3223514, 1, 0, 0
34507, 2970959, 1, 0, 0
35000, 3536331, 1, 0, 0
35502, 3655516, 1, 0, 0
36002, 3724884, 1, 0, 0
36506, 3676066, 1, 0, 0
37004, 3555912, 1, 0, 0
37508, 3871523, 1, 0, 0
38009, 3710208, 1, 0, 0
38501, 3719062, 1, 0, 0
39010, 3819017, 1, 0, 0
39502, 3850840, 1, 0, 0
40000, 3754959, 1, 0, 0
40500, 3925257, 1, 0, 0
41007, 4018026, 1, 0, 0
41500, 3758012, 1, 0, 0
42009, 3992747, 1, 0, 0
42504, 3944091, 1, 0, 0
43004, 3914120, 1, 0, 0
43500, 3697720, 1, 0, 0
44000, 3779905, 1, 0, 0
44501, 3848796, 1, 0, 0
45011, 3835144, 1, 0, 0
45506, 3858745, 1, 0, 0
46000, 4051279, 1, 0, 0
46508, 4078267, 1, 0, 0
47000, 4138183, 1, 0, 0
47500, 4143961, 1, 0, 0
48000, 4063269, 1, 0, 0
48500, 3384957, 1, 0, 0
49008, 4250402, 1, 0, 0
49502, 4465912, 1, 0, 0
50008, 4169030, 1, 0, 0
50500, 4220052, 1, 0, 0
51006, 3999876, 1, 0, 0
51505, 4338501, 1, 0, 0
52004, 4226845, 1, 0, 0
52504, 4273060, 1, 0, 0
53012, 4087723, 1, 0, 0
53508, 4096493, 1, 0, 0
54000, 4787274, 1, 0, 0
54502, 4344816, 1, 0, 0
55000, 4341469, 1, 0, 0
55505, 4119072, 1, 0, 0
56001, 4202780, 1, 0, 0
56508, 4674257, 1, 0, 0
57000, 4635223, 1, 0, 0
57505, 4570100, 1, 0, 0
58004, 4266110, 1, 0, 0
58500, 4733559, 1, 0, 0
59010, 4662623, 1, 0, 0
59505, 4623339, 1, 0, 0
60005, 4575541, 1, 0, 0
60006, 16229459, 1, 0, 0
