500, 480461, 1, 0, 0
1000, 478621, 1, 0, 0
1500, 479834, 1, 0, 0
2000, 481763, 1, 0, 0
2500, 485230, 1, 0, 0
3000, 481363, 1, 0, 0
3500, 481470, 1, 0, 0
4000, 480250, 1, 0, 0
4500, 481695, 1, 0, 0
5000, 478684, 1, 0, 0
5500, 481543, 1, 0, 0
6010, 644388, 1, 0, 0
6512, 7165048, 1, 0, 0
7000, 7397603, 1, 0, 0
7504, 6926682, 1, 0, 0
8006, 6946628, 1, 0, 0
8501, 7122353, 1, 0, 0
9001, 6607645, 1, 0, 0
9500, 6703692, 1, 0, 0
10013, 6344017, 1, 0, 0
10504, 6252643, 1, 0, 0
11000, 5982736, 1, 0, 0
11504, 6005348, 1, 0, 0
12014, 5574907, 1, 0, 0
12500, 5913455, 1, 0, 0
13002, 5447691, 1, 0, 0
13506, 5492673, 1, 0, 0
14000, 5399046, 1, 0, 0
14513, 5840700, 1, 0, 0
15000, 5841465, 1, 0, 0
15501, 5650701, 1, 0, 0
16012, 5394329, 1, 0, 0
16500, 5810955, 1, 0, 0
17000, 5771823, 1, 0, 0
17505, 5277131, 1, 0, 0
18010, 5304603, 1, 0, 0
18500, 5203185, 1, 0, 0
19000, 5484020, 1, 0, 0
19500, 5508493, 1, 0, 0
20000, 5284837, 1, 0, 0
20502, 4905259, 1, 0, 0
21000, 5269265, 1, 0, 0
21511, 4533037, 1, 0, 0
22010, 4960670, 1, 0, 0
22500, 4669961, 1, 0, 0
23008, 5515533, 1, 0, 0
23503, 5146255, 1, 0, 0
24014, 5007606, 1, 0, 0
24510, 5014572, 1, 0, 0
25003, 4956564, 1, 0, 0
25505, 5420546, 1, 0, 0
26010, 5119205, 1, 0, 0
26503, 4688561, 1, 0, 0
27000, 4558736, 1, 0, 0
27509, 4745252, 1, 0, 0
28002, 4724551, 1, 0, 0
28500, 4408404, 1, 0, 0
29000, 4912588, 1, 0, 0
29500, 4911473, 1, 0, 0
30000, 4426920, 1, 0, 0
30503, 4343463, 1, 0, 0
31012, 4178372, 1, 0, 0
31500, 4314351, 1, 0, 0
32000, 4382150, 1, 0, 0
32512, 4264007, 1, 0, 0
33012, 4036166, 1, 0, 0
33503, 4310770, 1, 0, 0
34009, 4313705, 1, 0, 0
34505, 4531860, 1, 0, 0
35008, 4331614, 1, 0, 0
35507, 4202784, 1, 0, 0
36008, 3923493, 1, 0, 0
36504, 4150373, 1, 0, 0
37000, 3839047, 1, 0, 0
37500, 3777241, 1, 0, 0
38005, 4009591, 1, 0, 0
38500, 3687497, 1, 0, 0
39000, 3783459, 1, 0, 0
39502, 3617281, 1, 0, 0
40005, 3556414, 1, 0, 0
40508, 3602452, 1, 0, 0
41000, 3249462, 1, 0, 0
41502, 3352772, 1, 0, 0
42009, 3286458, 1, 0, 0
42500, 3372714, 1, 0, 0
43000, 3103504, 1, 0, 0
43505, 2966745, 1, 0, 0
44004, 2748206, 1, 0, 0
44501, 2703505, 1, 0, 0
45000, 2689025, 1, 0, 0
45500, 2531671, 1, 0, 0
46000, 2137290, 1, 0, 0
46504, 2077731, 1, 0, 0
47000, 1959417, 1, 0, 0
47503, 1569171, 1, 0, 0
48001, 1346794, 1, 0, 0
48500, 847335, 1, 0, 0
49000, 625859, 1, 0, 0
49506, 7225690, 1, 0, 0
50009, 7503588, 1, 0, 0
50500, 6959117, 1, 0, 0
51011, 7279053, 1, 0, 0
51506, 7068160, 1, 0, 0
52000, 6968646, 1, 0, 0
52500, 6294601, 1, 0, 0
53014, 6413516, 1, 0, 0
53508, 6041923, 1, 0, 0
54000, 6206467, 1, 0, 0
54510, 5962236, 1, 0, 0
55015, 5701897, 1, 0, 0
55501, 5775653, 1, 0, 0
56003, 5809859, 1, 0, 0
56514, 5408529, 1, 0, 0
57004, 5186009, 1, 0, 0
57504, 5736620, 1, 0, 0
58001, 5854104, 1, 0, 0
58505, 5817985, 1, 0, 0
59000, 5232646, 1, 0, 0
59500, 5599457, 1, 0, 0
60013, 6080093, 1, 0, 0
60014, 16450289, 1, 0, 0
