500, 2130496, 1, 0, 0
1000, 2138368, 1, 0, 0
1500, 2133504, 1, 0, 0
2000, 2124416, 1, 0, 0
2500, 2109120, 1, 0, 0
3000, 2126464, 1, 0, 0
3500, 2126464, 1, 0, 0
4000, 2131328, 1, 0, 0
4500, 2124480, 1, 0, 0
5000, 2138688, 1, 0, 0
5500, 2125312, 1, 0, 0
6000, 1570048, 1, 0, 0
6500, 143552, 1, 0, 0
7000, 139328, 1, 0, 0
7500, 144064, 1, 0, 0
8000, 148032, 1, 0, 0
8500, 142976, 1, 0, 0
9000, 154368, 1, 0, 0
9500, 157504, 1, 0, 0
10000, 160448, 1, 0, 0
10500, 161282, 1, 0, 0
11000, 175104, 1, 0, 0
11500, 166912, 1, 0, 0
12000, 186688, 1, 0, 0
12500, 170816, 1, 0, 0
13000, 186176, 1, 0, 0
13500, 188096, 1, 0, 0
14000, 192768, 1, 0, 0
14500, 174784, 1, 0, 0
15000, 175488, 1, 0, 0
15500, 176704, 1, 0, 0
16000, 194112, 1, 0, 0
16500, 178048, 1, 0, 0
17000, 176192, 1, 0, 0
17500, 190528, 1, 0, 0
18000, 194880, 1, 0, 0
18500, 193024, 1, 0, 0
19000, 189120, 1, 0, 0
19500, 189824, 1, 0, 0
20000, 193856, 1, 0, 0
20500, 202688, 1, 0, 0
21000, 198720, 1, 0, 0
21500, 224128, 1, 0, 0
22000, 207616, 1, 0, 0
22500, 214208, 1, 0, 0
23000, 188352, 1, 0, 0
23500, 197440, 1, 0, 0
24000, 208192, 1, 0, 0
24500, 203392, 1, 0, 0
25000, 204032, 1, 0, 0
25500, 188800, 1, 0, 0
26000, 201856, 1, 0, 0
26500, 215616, 1, 0, 0
27000, 224256, 1, 0, 0
27500, 219712, 1, 0, 0
28000, 213056, 1, 0, 0
28500, 238464, 1, 0, 0
29000, 208064, 1, 0, 0
29500, 208320, 1, 0, 0
30000, 224960, 1, 0, 0
30500, 236992, 1, 0, 0
31000, 249280, 1, 0, 0
31501, 231680, 1, 0, 0
32000, 240352, 1, 0, 0
32500, 239232, 1, 0, 0
33000, 253504, 1, 0, 0
33500, 234944, 1, 0, 0
34000, 238976, 1, 0, 0
34500, 224320, 1, 0, 0
35000, 238208, 1, 0, 0
35500, 243968, 1, 0, 0
36000, 261568, 1, 0, 0
36500, 243264, 1, 0, 0
37000, 264768, 1, 0, 0
37500, 278464, 1, 0, 0
38000, 251712, 1, 0, 0
38500, 282048, 1, 0, 0
39000, 271040, 1, 0, 0
39500, 277696, 1, 0, 0
40000, 289152, 1, 0, 0
40500, 285056, 1, 0, 0
41000, 312320, 1, 0, 0
41500, 304256, 1, 0, 0
42000, 316224, 1, 0, 0
42500, 307648, 1, 0, 0
43000, 328320, 1, 0, 0
43500, 340160, 1, 0, 0
44000, 372608, 1, 0, 0
44500, 376640, 1, 0, 0
45000, 379776, 1, 0, 0
45500, 415296, 1, 0, 0
46000, 477312, 1, 0, 0
46500, 487168, 1, 0, 0
47000, 529984, 1, 0, 0
47500, 646912, 1, 0, 0
48001, 761472, 1, 0, 0
48500, 1213755, 1, 0, 0
49000, 1586880, 1, 0, 0
49500, 143168, 1, 0, 0
50000, 138176, 1, 0, 0
50500, 148032, 1, 0, 0
51000, 139584, 1, 0, 0
51500, 143360, 1, 0, 0
52000, 144896, 1, 0, 0
52500, 165888, 1, 0, 0
53000, 161152, 1, 0, 0
53500, 167424, 1, 0, 0
54000, 163840, 1, 0, 0
54500, 173696, 1, 0, 0
55000, 181504, 1, 0, 0
55500, 172352, 1, 0, 0
56000, 177664, 1, 0, 0
56500, 192576, 1, 0, 0
57000, 193536, 1, 0, 0
57500, 178368, 1, 0, 0
58000, 174272, 1, 0, 0
58500, 177088, 1, 0, 0
59000, 200768, 1, 0, 0
59500, 177024, 1, 0, 0
60000, 172480, 1, 0, 0
