500, 1654, 1, 0, 0
1000, 1663, 1, 0, 0
1500, 1662, 1, 0, 0
2000, 1654, 1, 0, 0
2500, 1650, 1, 0, 0
3000, 1652, 1, 0, 0
3500, 1658, 1, 0, 0
4000, 1652, 1, 0, 0
4500, 1653, 1, 0, 0
5000, 1652, 1, 0, 0
5500, 1650, 1, 0, 0
6010, 1652, 1, 0, 0
6512, 1675, 1, 0, 0
7000, 1689, 1, 0, 0
7504, 1688, 1, 0, 0
8006, 1685, 1, 0, 0
8501, 1685, 1, 0, 0
9001, 1678, 1, 0, 0
9500, 1672, 1, 0, 0
10013, 1668, 1, 0, 0
10504, 1681, 1, 0, 0
11000, 1677, 1, 0, 0
11504, 1667, 1, 0, 0
12014, 1677, 1, 0, 0
12500, 1666, 1, 0, 0
13002, 1670, 1, 0, 0
13506, 1669, 1, 0, 0
14000, 1672, 1, 0, 0
14513, 1674, 1, 0, 0
15000, 1663, 1, 0, 0
15501, 1669, 1, 0, 0
16012, 1677, 1, 0, 0
16500, 1683, 1, 0, 0
17000, 1679, 1, 0, 0
17505, 1676, 1, 0, 0
18010, 1672, 1, 0, 0
18500, 1669, 1, 0, 0
19000, 1669, 1, 0, 0
19500, 1664, 1, 0, 0
20000, 1663, 1, 0, 0
20502, 1664, 1, 0, 0
21000, 1676, 1, 0, 0
21511, 1677, 1, 0, 0
22010, 1683, 1, 0, 0
22500, 1676, 1, 0, 0
23008, 1687, 1, 0, 0
23503, 1675, 1, 0, 0
24014, 1682, 1, 0, 0
24510, 1679, 1, 0, 0
25003, 1691, 1, 0, 0
25505, 1684, 1, 0, 0
26010, 1682, 1, 0, 0
26503, 1674, 1, 0, 0
27000, 1675, 1, 0, 0
27509, 1675, 1, 0, 0
28002, 1677, 1, 0, 0
28500, 1679, 1, 0, 0
29000, 1684, 1, 0, 0
29500, 1677, 1, 0, 0
30000, 1677, 1, 0, 0
30503, 1677, 1, 0, 0
31012, 1672, 1, 0, 0
31500, 1671, 1, 0, 0
32000, 1675, 1, 0, 0
32512, 1680, 1, 0, 0
33012, 1673, 1, 0, 0
33503, 1688, 1, 0, 0
34009, 1687, 1, 0, 0
34505, 1687, 1, 0, 0
35008, 1690, 1, 0, 0
35507, 1683, 1, 0, 0
36008, 1683, 1, 0, 0
36504, 1681, 1, 0, 0
37000, 1683, 1, 0, 0
37500, 1678, 1, 0, 0
38005, 1693, 1, 0, 0
38500, 1684, 1, 0, 0
39000, 1682, 1, 0, 0
39502, 1676, 1, 0, 0
40005, 1688, 1, 0, 0
40508, 1676, 1, 0, 0
41000, 1680, 1, 0, 0
41502, 1681, 1, 0, 0
42009, 1678, 1, 0, 0
42500, 1682, 1, 0, 0
43000, 1689, 1, 0, 0
43505, 1679, 1, 0, 0
44004, 1685, 1, 0, 0
44501, 1682, 1, 0, 0
45000, 1678, 1, 0, 0
45500, 1686, 1, 0, 0
46000, 1691, 1, 0, 0
46504, 1672, 1, 0, 0
47000, 1667, 1, 0, 0
47503, 1659, 1, 0, 0
48001, 1658, 1, 0, 0
48500, 1656, 1, 0, 0
49000, 1660, 1, 0, 0
49506, 1677, 1, 0, 0
50009, 1676, 1, 0, 0
50500, 1674, 1, 0, 0
51011, 1668, 1, 0, 0
51506, 1657, 1, 0, 0
52000, 1669, 1, 0, 0
52500, 1704, 1, 0, 0
53014, 1682, 1, 0, 0
53508, 1673, 1, 0, 0
54000, 1684, 1, 0, 0
54510, 1681, 1, 0, 0
55015, 1678, 1, 0, 0
55501, 1679, 1, 0, 0
56003, 1676, 1, 0, 0
56514, 1681, 1, 0, 0
57004, 1677, 1, 0, 0
57504, 1677, 1, 0, 0
58001, 1682, 1, 0, 0
58505, 1673, 1, 0, 0
59000, 1689, 1, 0, 0
59500, 1667, 1, 0, 0
60014, 1662, 1, 0, 0
