500, 66580, 1, 0, 0
1000, 66822, 1, 0, 0
1500, 66672, 1, 0, 0
2000, 66388, 1, 0, 0
2500, 65910, 1, 0, 0
3000, 66452, 1, 0, 0
3500, 66452, 1, 0, 0
4000, 66604, 1, 0, 0
4500, 66390, 1, 0, 0
5000, 66834, 1, 0, 0
5500, 66416, 1, 0, 0
6000, 49064, 1, 0, 0
6500, 4486, 1, 0, 0
7000, 4354, 1, 0, 0
7500, 4502, 1, 0, 0
8000, 4626, 1, 0, 0
8500, 4468, 1, 0, 0
9000, 4824, 1, 0, 0
9500, 4922, 1, 0, 0
10000, 5014, 1, 0, 0
10500, 5040, 1, 0, 0
11000, 5472, 1, 0, 0
11500, 5216, 1, 0, 0
12000, 5834, 1, 0, 0
12500, 5338, 1, 0, 0
13000, 5818, 1, 0, 0
13500, 5878, 1, 0, 0
14000, 6024, 1, 0, 0
14500, 5462, 1, 0, 0
15000, 5484, 1, 0, 0
15500, 5522, 1, 0, 0
16000, 6066, 1, 0, 0
16500, 5564, 1, 0, 0
17000, 5506, 1, 0, 0
17500, 5954, 1, 0, 0
18000, 6090, 1, 0, 0
18500, 6032, 1, 0, 0
19000, 5910, 1, 0, 0
19500, 5932, 1, 0, 0
20000, 6058, 1, 0, 0
20500, 6334, 1, 0, 0
21000, 6210, 1, 0, 0
21500, 7004, 1, 0, 0
22000, 6488, 1, 0, 0
22500, 6694, 1, 0, 0
23000, 5886, 1, 0, 0
23500, 6170, 1, 0, 0
24000, 6506, 1, 0, 0
24500, 6356, 1, 0, 0
25000, 6376, 1, 0, 0
25500, 5900, 1, 0, 0
26000, 6308, 1, 0, 0
26500, 6738, 1, 0, 0
27000, 7008, 1, 0, 0
27500, 6866, 1, 0, 0
28000, 6658, 1, 0, 0
28500, 7452, 1, 0, 0
29000, 6502, 1, 0, 0
29500, 6510, 1, 0, 0
30000, 7030, 1, 0, 0
30500, 7406, 1, 0, 0
31000, 7790, 1, 0, 0
31501, 7240, 1, 0, 0
32000, 7511, 1, 0, 0
32500, 7476, 1, 0, 0
33000, 7922, 1, 0, 0
33500, 7342, 1, 0, 0
34000, 7468, 1, 0, 0
34500, 7010, 1, 0, 0
35000, 7444, 1, 0, 0
35500, 7624, 1, 0, 0
36000, 8174, 1, 0, 0
36500, 7602, 1, 0, 0
37000, 8274, 1, 0, 0
37500, 8702, 1, 0, 0
38000, 7866, 1, 0, 0
38500, 8814, 1, 0, 0
39000, 8470, 1, 0, 0
39500, 8678, 1, 0, 0
40000, 9036, 1, 0, 0
40500, 8908, 1, 0, 0
41000, 9760, 1, 0, 0
41500, 9508, 1, 0, 0
42000, 9882, 1, 0, 0
42500, 9614, 1, 0, 0
43000, 10260, 1, 0, 0
43500, 10630, 1, 0, 0
44000, 11644, 1, 0, 0
44500, 11770, 1, 0, 0
45000, 11868, 1, 0, 0
45500, 12978, 1, 0, 0
46000, 14916, 1, 0, 0
46500, 15224, 1, 0, 0
47000, 16562, 1, 0, 0
47500, 20216, 1, 0, 0
48001, 23796, 1, 0, 0
48500, 37929, 1, 0, 0
49000, 49590, 1, 0, 0
49500, 4474, 1, 0, 0
50000, 4318, 1, 0, 0
50500, 4626, 1, 0, 0
51000, 4362, 1, 0, 0
51500, 4480, 1, 0, 0
52000, 4528, 1, 0, 0
52500, 5184, 1, 0, 0
53000, 5036, 1, 0, 0
53500, 5232, 1, 0, 0
54000, 5120, 1, 0, 0
54500, 5428, 1, 0, 0
55000, 5672, 1, 0, 0
55500, 5386, 1, 0, 0
56000, 5552, 1, 0, 0
56500, 6018, 1, 0, 0
57000, 6048, 1, 0, 0
57500, 5574, 1, 0, 0
58000, 5446, 1, 0, 0
58500, 5534, 1, 0, 0
59000, 6274, 1, 0, 0
59500, 5532, 1, 0, 0
60000, 5390, 1, 0, 0
