500, 478807, 1, 0, 0
1000, 476958, 1, 0, 0
1500, 478173, 1, 0, 0
2000, 480109, 1, 0, 0
2500, 483580, 1, 0, 0
3000, 479711, 1, 0, 0
3500, 479812, 1, 0, 0
4000, 478598, 1, 0, 0
4500, 480042, 1, 0, 0
5000, 477032, 1, 0, 0
5500, 479893, 1, 0, 0
6010, 642736, 1, 0, 0
6512, 7163373, 1, 0, 0
7000, 7395914, 1, 0, 0
7504, 6924995, 1, 0, 0
8006, 6944943, 1, 0, 0
8501, 7120667, 1, 0, 0
9001, 6605968, 1, 0, 0
9500, 6702020, 1, 0, 0
10013, 6342349, 1, 0, 0
10504, 6250962, 1, 0, 0
11000, 5981059, 1, 0, 0
11504, 6003680, 1, 0, 0
12014, 5573230, 1, 0, 0
12500, 5911789, 1, 0, 0
13002, 5446020, 1, 0, 0
13506, 5491004, 1, 0, 0
14000, 5397374, 1, 0, 0
14513, 5839025, 1, 0, 0
15000, 5839803, 1, 0, 0
15501, 5649031, 1, 0, 0
16012, 5392653, 1, 0, 0
16500, 5809272, 1, 0, 0
17000, 5770144, 1, 0, 0
17505, 5275456, 1, 0, 0
18010, 5302931, 1, 0, 0
18500, 5201516, 1, 0, 0
19000, 5482351, 1, 0, 0
19500, 5506829, 1, 0, 0
20000, 5283173, 1, 0, 0
20502, 4903595, 1, 0, 0
21000, 5267589, 1, 0, 0
21511, 4531359, 1, 0, 0
22010, 4958987, 1, 0, 0
22500, 4668286, 1, 0, 0
23008, 5513846, 1, 0, 0
23503, 5144579, 1, 0, 0
24014, 5005924, 1, 0, 0
24510, 5012893, 1, 0, 0
25003, 4954872, 1, 0, 0
25505, 5418863, 1, 0, 0
26010, 5117523, 1, 0, 0
26503, 4686886, 1, 0, 0
27000, 4557061, 1, 0, 0
27509, 4743576, 1, 0, 0
28002, 4722873, 1, 0, 0
28500, 4406727, 1, 0, 0
29000, 4910904, 1, 0, 0
29500, 4909796, 1, 0, 0
30000, 4425242, 1, 0, 0
30503, 4341786, 1, 0, 0
31012, 4176700, 1, 0, 0
31500, 4312680, 1, 0, 0
32000, 4380475, 1, 0, 0
32512, 4262328, 1, 0, 0
33012, 4034492, 1, 0, 0
33503, 4309083, 1, 0, 0
34009, 4312018, 1, 0, 0
34505, 4530173, 1, 0, 0
35008, 4329925, 1, 0, 0
35507, 4201100, 1, 0, 0
36008, 3921809, 1, 0, 0
36504, 4148691, 1, 0, 0
37000, 3837363, 1, 0, 0
37500, 3775563, 1, 0, 0
38005, 4007899, 1, 0, 0
38500, 3685813, 1, 0, 0
39000, 3781777, 1, 0, 0
39502, 3615605, 1, 0, 0
40005, 3554726, 1, 0, 0
40508, 3600776, 1, 0, 0
41000, 3247781, 1, 0, 0
41502, 3351091, 1, 0, 0
42009, 3284780, 1, 0, 0
42500, 3371032, 1, 0, 0
43000, 3101816, 1, 0, 0
43505, 2965067, 1, 0, 0
44004, 2746521, 1, 0, 0
44501, 2701823, 1, 0, 0
45000, 2687347, 1, 0, 0
45500, 2529985, 1, 0, 0
46000, 2135599, 1, 0, 0
46504, 2076059, 1, 0, 0
47000, 1957750, 1, 0, 0
47503, 1567512, 1, 0, 0
48001, 1345136, 1, 0, 0
48500, 845679, 1, 0, 0
49000, 624199, 1, 0, 0
49506, 7224012, 1, 0, 0
50009, 7501913, 1, 0, 0
50500, 6957443, 1, 0, 0
51011, 7277385, 1, 0, 0
51506, 7066503, 1, 0, 0
52000, 6966977, 1, 0, 0
52500, 6292897, 1, 0, 0
53014, 6411834, 1, 0, 0
53508, 6040252, 1, 0, 0
54000, 6204783, 1, 0, 0
54510, 5960555, 1, 0, 0
55015, 5700218, 1, 0, 0
55501, 5773974, 1, 0, 0
56003, 5808183, 1, 0, 0
56514, 5406847, 1, 0, 0
57004, 5184332, 1, 0, 0
57504, 5734942, 1, 0, 0
58001, 5852422, 1, 0, 0
58505, 5816312, 1, 0, 0
59000, 5230957, 1, 0, 0
59500, 5597790, 1, 0, 0
60013, 6078431, 1, 0, 0
60014, 16448666, 1, 0, 0
