500, 445624, 1, 0, 0
1000, 445991, 1, 0, 0
1500, 445989, 1, 0, 0
2000, 445992, 1, 0, 0
2500, 445999, 1, 0, 0
3000, 446001, 1, 0, 0
3500, 445997, 1, 0, 0
4000, 445998, 1, 0, 0
4500, 446001, 1, 0, 0
5000, 445992, 1, 0, 0
5500, 446504, 1, 0, 0
6000, 445952, 1, 0, 0
6500, 445959, 1, 0, 0
7000, 445965, 1, 0, 0
7500, 445972, 1, 0, 0
8000, 445969, 1, 0, 0
8500, 445962, 1, 0, 0
9000, 445956, 1, 0, 0
9500, 445957, 1, 0, 0
10000, 445956, 1, 0, 0
10500, 447475, 1, 0, 0
11000, 445942, 1, 0, 0
11500, 445949, 1, 0, 0
12000, 445956, 1, 0, 0
12500, 445962, 1, 0, 0
13000, 445961, 1, 0, 0
13500, 445961, 1, 0, 0
14000, 445961, 1, 0, 0
14500, 445958, 1, 0, 0
15000, 445960, 1, 0, 0
15500, 447488, 1, 0, 0
16000, 445944, 1, 0, 0
16500, 445951, 1, 0, 0
17000, 445959, 1, 0, 0
17500, 445961, 1, 0, 0
18000, 445961, 1, 0, 0
18500, 445957, 1, 0, 0
19000, 445955, 1, 0, 0
19500, 445953, 1, 0, 0
20000, 445956, 1, 0, 0
20500, 445952, 1, 0, 0
21000, 447393, 1, 0, 0
21500, 445902, 1, 0, 0
22000, 445927, 1, 0, 0
22500, 445954, 1, 0, 0
23000, 445951, 1, 0, 0
23500, 445953, 1, 0, 0
24000, 445953, 1, 0, 0
24500, 445957, 1, 0, 0
25000, 445960, 1, 0, 0
25500, 445963, 1, 0, 0
26000, 447540, 1, 0, 0
26500, 445938, 1, 0, 0
27000, 445960, 1, 0, 0
27500, 445954, 1, 0, 0
28000, 445950, 1, 0, 0
28500, 445958, 1, 0, 0
29000, 445967, 1, 0, 0
29500, 445959, 1, 0, 0
30000, 445961, 1, 0, 0
30500, 445955, 1, 0, 0
31000, 447522, 1, 0, 0
31500, 445939, 1, 0, 0
32000, 445915, 1, 0, 0
32500, 445949, 1, 0, 0
33000, 445947, 1, 0, 0
33500, 445945, 1, 0, 0
34000, 445943, 1, 0, 0
34500, 445947, 1, 0, 0
35000, 445954, 1, 0, 0
35500, 445955, 1, 0, 0
36000, 445949, 1, 0, 0
36500, 447542, 1, 0, 0
37000, 445959, 1, 0, 0
37500, 445962, 1, 0, 0
38000, 445951, 1, 0, 0
38500, 445953, 1, 0, 0
39000, 445961, 1, 0, 0
39500, 445955, 1, 0, 0
40000, 445959, 1, 0, 0
40500, 445960, 1, 0, 0
41000, 445959, 1, 0, 0
41500, 447450, 1, 0, 0
42000, 445942, 1, 0, 0
42500, 445943, 1, 0, 0
43000, 445944, 1, 0, 0
43500, 445953, 1, 0, 0
44000, 445949, 1, 0, 0
44500, 445943, 1, 0, 0
45000, 445947, 1, 0, 0
45500, 445949, 1, 0, 0
46000, 445943, 1, 0, 0
46500, 447490, 1, 0, 0
47000, 445925, 1, 0, 0
47500, 445944, 1, 0, 0
48000, 445938, 1, 0, 0
48500, 445943, 1, 0, 0
49000, 445948, 1, 0, 0
49500, 445943, 1, 0, 0
50000, 445945, 1, 0, 0
50500, 445944, 1, 0, 0
51000, 445947, 1, 0, 0
51500, 447525, 1, 0, 0
52000, 445939, 1, 0, 0
52500, 445960, 1, 0, 0
53000, 445958, 1, 0, 0
53500, 445962, 1, 0, 0
54000, 445968, 1, 0, 0
54500, 445961, 1, 0, 0
55000, 445959, 1, 0, 0
55500, 445962, 1, 0, 0
56000, 445959, 1, 0, 0
56500, 445956, 1, 0, 0
57000, 447403, 1, 0, 0
57500, 445953, 1, 0, 0
58000, 445958, 1, 0, 0
58500, 445958, 1, 0, 0
59000, 445954, 1, 0, 0
59500, 445950, 1, 0, 0
60000, 445952, 1, 0, 0
60000, 659832, 1, 0, 0
