500, 766, 1, 0, 0
1000, 763, 1, 0, 0
1500, 767, 1, 0, 0
2000, 765, 1, 0, 0
2500, 765, 1, 0, 0
3000, 762, 1, 0, 0
3500, 763, 1, 0, 0
4000, 763, 1, 0, 0
4500, 764, 1, 0, 0
5000, 762, 1, 0, 0
5500, 779, 1, 0, 0
6000, 812, 1, 0, 0
6500, 810, 1, 0, 0
7000, 810, 1, 0, 0
7500, 810, 1, 0, 0
8000, 809, 1, 0, 0
8500, 811, 1, 0, 0
9000, 810, 1, 0, 0
9500, 809, 1, 0, 0
10000, 809, 1, 0, 0
10500, 814, 1, 0, 0
11000, 812, 1, 0, 0
11500, 812, 1, 0, 0
12000, 811, 1, 0, 0
12500, 811, 1, 0, 0
13000, 810, 1, 0, 0
13500, 813, 1, 0, 0
14000, 810, 1, 0, 0
14500, 811, 1, 0, 0
15000, 810, 1, 0, 0
15500, 815, 1, 0, 0
16000, 809, 1, 0, 0
16500, 816, 1, 0, 0
17000, 811, 1, 0, 0
17500, 812, 1, 0, 0
18000, 811, 1, 0, 0
18500, 808, 1, 0, 0
19000, 810, 1, 0, 0
19500, 812, 1, 0, 0
20000, 811, 1, 0, 0
20500, 817, 1, 0, 0
21000, 810, 1, 0, 0
21500, 809, 1, 0, 0
22000, 814, 1, 0, 0
22500, 812, 1, 0, 0
23000, 809, 1, 0, 0
23500, 811, 1, 0, 0
24000, 812, 1, 0, 0
24500, 812, 1, 0, 0
25000, 809, 1, 0, 0
25500, 812, 1, 0, 0
26000, 811, 1, 0, 0
26500, 811, 1, 0, 0
27000, 811, 1, 0, 0
27500, 815, 1, 0, 0
28000, 811, 1, 0, 0
28500, 809, 1, 0, 0
29000, 808, 1, 0, 0
29500, 808, 1, 0, 0
30000, 810, 1, 0, 0
30500, 813, 1, 0, 0
31000, 809, 1, 0, 0
31500, 808, 1, 0, 0
32000, 809, 1, 0, 0
32500, 810, 1, 0, 0
33000, 813, 1, 0, 0
33500, 816, 1, 0, 0
34000, 816, 1, 0, 0
34500, 812, 1, 0, 0
35000, 812, 1, 0, 0
35500, 813, 1, 0, 0
36000, 811, 1, 0, 0
36500, 814, 1, 0, 0
37000, 812, 1, 0, 0
37500, 812, 1, 0, 0
38000, 815, 1, 0, 0
38500, 818, 1, 0, 0
39000, 814, 1, 0, 0
39500, 814, 1, 0, 0
40000, 813, 1, 0, 0
40500, 812, 1, 0, 0
41000, 812, 1, 0, 0
41500, 814, 1, 0, 0
42000, 814, 1, 0, 0
42500, 814, 1, 0, 0
43000, 813, 1, 0, 0
43500, 813, 1, 0, 0
44000, 824, 1, 0, 0
44500, 812, 1, 0, 0
45000, 815, 1, 0, 0
45500, 810, 1, 0, 0
46000, 808, 1, 0, 0
46500, 807, 1, 0, 0
47000, 808, 1, 0, 0
47500, 808, 1, 0, 0
48000, 809, 1, 0, 0
48500, 811, 1, 0, 0
49000, 812, 1, 0, 0
49500, 815, 1, 0, 0
50000, 813, 1, 0, 0
50500, 814, 1, 0, 0
51000, 810, 1, 0, 0
51500, 812, 1, 0, 0
52000, 810, 1, 0, 0
52500, 810, 1, 0, 0
53000, 808, 1, 0, 0
53500, 807, 1, 0, 0
54000, 810, 1, 0, 0
54500, 809, 1, 0, 0
55000, 811, 1, 0, 0
55500, 813, 1, 0, 0
56000, 809, 1, 0, 0
56500, 809, 1, 0, 0
57000, 809, 1, 0, 0
57500, 812, 1, 0, 0
58000, 810, 1, 0, 0
58500, 812, 1, 0, 0
59000, 810, 1, 0, 0
59500, 809, 1, 0, 0
60000, 809, 1, 0, 0
