500, 57126, 1, 0, 0
1000, 57006, 1, 0, 0
1500, 57089, 1, 0, 0
2000, 57111, 1, 0, 0
2500, 57234, 1, 0, 0
3000, 57141, 1, 0, 0
3500, 57156, 1, 0, 0
4000, 57204, 1, 0, 0
4500, 57180, 1, 0, 0
5000, 57112, 1, 0, 0
5500, 57807, 1, 0, 0
6000, 58716, 1, 0, 0
6500, 58691, 1, 0, 0
7000, 58744, 1, 0, 0
7500, 58808, 1, 0, 0
8000, 58767, 1, 0, 0
8500, 58848, 1, 0, 0
9000, 58848, 1, 0, 0
9500, 58828, 1, 0, 0
10000, 58866, 1, 0, 0
10500, 58879, 1, 0, 0
11000, 58974, 1, 0, 0
11500, 58810, 1, 0, 0
12000, 58742, 1, 0, 0
12500, 58826, 1, 0, 0
13000, 58845, 1, 0, 0
13500, 58914, 1, 0, 0
14000, 58836, 1, 0, 0
14500, 58852, 1, 0, 0
15000, 58901, 1, 0, 0
15500, 58954, 1, 0, 0
16000, 58834, 1, 0, 0
16500, 58997, 1, 0, 0
17000, 58743, 1, 0, 0
17500, 58743, 1, 0, 0
18000, 58727, 1, 0, 0
18500, 58651, 1, 0, 0
19000, 58818, 1, 0, 0
19500, 58827, 1, 0, 0
20000, 58916, 1, 0, 0
20500, 58998, 1, 0, 0
21000, 58872, 1, 0, 0
21500, 58817, 1, 0, 0
22000, 58925, 1, 0, 0
22500, 58787, 1, 0, 0
23000, 58652, 1, 0, 0
23500, 58747, 1, 0, 0
24000, 58853, 1, 0, 0
24500, 58859, 1, 0, 0
25000, 58843, 1, 0, 0
25500, 58931, 1, 0, 0
26000, 58876, 1, 0, 0
26500, 58780, 1, 0, 0
27000, 58820, 1, 0, 0
27500, 59002, 1, 0, 0
28000, 58728, 1, 0, 0
28500, 58640, 1, 0, 0
29000, 58612, 1, 0, 0
29500, 58697, 1, 0, 0
30000, 58841, 1, 0, 0
30500, 58897, 1, 0, 0
31000, 58876, 1, 0, 0
31500, 58846, 1, 0, 0
32000, 58868, 1, 0, 0
32500, 58832, 1, 0, 0
33000, 58884, 1, 0, 0
33500, 59041, 1, 0, 0
34000, 58892, 1, 0, 0
34500, 58805, 1, 0, 0
35000, 58881, 1, 0, 0
35500, 58946, 1, 0, 0
36000, 58876, 1, 0, 0
36500, 58974, 1, 0, 0
37000, 58938, 1, 0, 0
37500, 58992, 1, 0, 0
38000, 59059, 1, 0, 0
38500, 59089, 1, 0, 0
39000, 58839, 1, 0, 0
39500, 58868, 1, 0, 0
40000, 58859, 1, 0, 0
40500, 58808, 1, 0, 0
41000, 58927, 1, 0, 0
41500, 59169, 1, 0, 0
42000, 59074, 1, 0, 0
42500, 59042, 1, 0, 0
43000, 59036, 1, 0, 0
43500, 59004, 1, 0, 0
44000, 59205, 1, 0, 0
44500, 58779, 1, 0, 0
45000, 58878, 1, 0, 0
45500, 58856, 1, 0, 0
46000, 58700, 1, 0, 0
46500, 58797, 1, 0, 0
47000, 58782, 1, 0, 0
47500, 58756, 1, 0, 0
48000, 58869, 1, 0, 0
48500, 58860, 1, 0, 0
49000, 58897, 1, 0, 0
49500, 58991, 1, 0, 0
50000, 58885, 1, 0, 0
50500, 58835, 1, 0, 0
51000, 58755, 1, 0, 0
51500, 58905, 1, 0, 0
52000, 58952, 1, 0, 0
52500, 58847, 1, 0, 0
53000, 58799, 1, 0, 0
53500, 58777, 1, 0, 0
54000, 58838, 1, 0, 0
54500, 58761, 1, 0, 0
55000, 58921, 1, 0, 0
55500, 58814, 1, 0, 0
56000, 58758, 1, 0, 0
56500, 58693, 1, 0, 0
57000, 58738, 1, 0, 0
57500, 58859, 1, 0, 0
58000, 58854, 1, 0, 0
58500, 58903, 1, 0, 0
59000, 58891, 1, 0, 0
59500, 58820, 1, 0, 0
60000, 58871, 1, 0, 0
60000, 64707, 1, 0, 0
