500, 551610, 1, 0, 0
1000, 552622, 1, 0, 0
1500, 551736, 1, 0, 0
2000, 551560, 1, 0, 0
2500, 550402, 1, 0, 0
3000, 551304, 1, 0, 0
3500, 551166, 1, 0, 0
4000, 550652, 1, 0, 0
4500, 550944, 1, 0, 0
5000, 551572, 1, 0, 0
5500, 544830, 1, 0, 0
6000, 536296, 1, 0, 0
6500, 536528, 1, 0, 0
7000, 536082, 1, 0, 0
7500, 535474, 1, 0, 0
8000, 535860, 1, 0, 0
8500, 535120, 1, 0, 0
9000, 535120, 1, 0, 0
9500, 535300, 1, 0, 0
10000, 534958, 1, 0, 0
10500, 534792, 1, 0, 0
11000, 533908, 1, 0, 0
11500, 535464, 1, 0, 0
12000, 536022, 1, 0, 0
12500, 535354, 1, 0, 0
13000, 535130, 1, 0, 0
13500, 534516, 1, 0, 0
14000, 535226, 1, 0, 0
14500, 535072, 1, 0, 0
15000, 534662, 1, 0, 0
15500, 534126, 1, 0, 0
16000, 535276, 1, 0, 0
16500, 533639, 1, 0, 0
17000, 536058, 1, 0, 0
17500, 536054, 1, 0, 0
18000, 536192, 1, 0, 0
18500, 536888, 1, 0, 0
19000, 535392, 1, 0, 0
19500, 535286, 1, 0, 0
20000, 534494, 1, 0, 0
20500, 533728, 1, 0, 0
21000, 534920, 1, 0, 0
21500, 535392, 1, 0, 0
22000, 534328, 1, 0, 0
22500, 535658, 1, 0, 0
23000, 536906, 1, 0, 0
23500, 535986, 1, 0, 0
24000, 535052, 1, 0, 0
24500, 534988, 1, 0, 0
25000, 535160, 1, 0, 0
25500, 534350, 1, 0, 0
26000, 534860, 1, 0, 0
26500, 535704, 1, 0, 0
27000, 535366, 1, 0, 0
27500, 533628, 1, 0, 0
28000, 536200, 1, 0, 0
28500, 536994, 1, 0, 0
29000, 537242, 1, 0, 0
29500, 536492, 1, 0, 0
30000, 535190, 1, 0, 0
30500, 534658, 1, 0, 0
31000, 534872, 1, 0, 0
31500, 535152, 1, 0, 0
32000, 534950, 1, 0, 0
32500, 535270, 1, 0, 0
33000, 534694, 1, 0, 0
33500, 533336, 1, 0, 0
34000, 534680, 1, 0, 0
34500, 535508, 1, 0, 0
35000, 534824, 1, 0, 0
35500, 534208, 1, 0, 0
36000, 534878, 1, 0, 0
36500, 533965, 1, 0, 0
37000, 534286, 1, 0, 0
37500, 533824, 1, 0, 0
38000, 533178, 1, 0, 0
38500, 532834, 1, 0, 0
39000, 535160, 1, 0, 0
39500, 534936, 1, 0, 0
40000, 534984, 1, 0, 0
40500, 535452, 1, 0, 0
41000, 534400, 1, 0, 0
41500, 532258, 1, 0, 0
42000, 533110, 1, 0, 0
42500, 533346, 1, 0, 0
43000, 533448, 1, 0, 0
43500, 533708, 1, 0, 0
44000, 531770, 1, 0, 0
44500, 535756, 1, 0, 0
45000, 534805, 1, 0, 0
45500, 535054, 1, 0, 0
46000, 536464, 1, 0, 0
46500, 535600, 1, 0, 0
47000, 535734, 1, 0, 0
47500, 535966, 1, 0, 0
48000, 534946, 1, 0, 0
48500, 534994, 1, 0, 0
49000, 534676, 1, 0, 0
49500, 533758, 1, 0, 0
50000, 534766, 1, 0, 0
50500, 535198, 1, 0, 0
51000, 535948, 1, 0, 0
51500, 534602, 1, 0, 0
52000, 534208, 1, 0, 0
52500, 535136, 1, 0, 0
53000, 535576, 1, 0, 0
53500, 535770, 1, 0, 0
54000, 535202, 1, 0, 0
54500, 535910, 1, 0, 0
55000, 534398, 1, 0, 0
55500, 535386, 1, 0, 0
56000, 535958, 1, 0, 0
56500, 536506, 1, 0, 0
57000, 536146, 1, 0, 0
57500, 535008, 1, 0, 0
58000, 535084, 1, 0, 0
58500, 534608, 1, 0, 0
59000, 534722, 1, 0, 0
59500, 535382, 1, 0, 0
