500, 2206368, 1, 0, 0
1000, 2210552, 1, 0, 0
1500, 2206944, 1, 0, 0
2000, 2206240, 1, 0, 0
2500, 2201608, 1, 0, 0
3000, 2205216, 1, 0, 0
3500, 2204656, 1, 0, 0
4000, 2202608, 1, 0, 0
4500, 2203776, 1, 0, 0
5000, 2206288, 1, 0, 0
5500, 2179320, 1, 0, 0
6000, 2145184, 1, 0, 0
6500, 2146112, 1, 0, 0
7000, 2144328, 1, 0, 0
7500, 2141896, 1, 0, 0
8000, 2143440, 1, 0, 0
8500, 2140480, 1, 0, 0
9000, 2140480, 1, 0, 0
9500, 2141200, 1, 0, 0
10000, 2139832, 1, 0, 0
10500, 2139168, 1, 0, 0
11000, 2135624, 1, 0, 0
11500, 2141856, 1, 0, 0
12000, 2144088, 1, 0, 0
12500, 2141416, 1, 0, 0
13000, 2140520, 1, 0, 0
13500, 2138064, 1, 0, 0
14000, 2140904, 1, 0, 0
14500, 2140280, 1, 0, 0
15000, 2138648, 1, 0, 0
15500, 2136504, 1, 0, 0
16000, 2141104, 1, 0, 0
16500, 2134557, 1, 0, 0
17000, 2144232, 1, 0, 0
17500, 2144216, 1, 0, 0
18000, 2144768, 1, 0, 0
18500, 2147560, 1, 0, 0
19000, 2141568, 1, 0, 0
19500, 2141144, 1, 0, 0
20000, 2137968, 1, 0, 0
20500, 2134912, 1, 0, 0
21000, 2139680, 1, 0, 0
21500, 2141568, 1, 0, 0
22000, 2137312, 1, 0, 0
22500, 2142632, 1, 0, 0
23000, 2147624, 1, 0, 0
23500, 2143944, 1, 0, 0
24000, 2140200, 1, 0, 0
24500, 2139952, 1, 0, 0
25000, 2140640, 1, 0, 0
25500, 2137400, 1, 0, 0
26000, 2139440, 1, 0, 0
26500, 2142816, 1, 0, 0
27000, 2141466, 1, 0, 0
27500, 2134512, 1, 0, 0
28000, 2144808, 1, 0, 0
28500, 2147976, 1, 0, 0
29000, 2148960, 1, 0, 0
29500, 2145976, 1, 0, 0
30000, 2140760, 1, 0, 0
30500, 2138632, 1, 0, 0
31000, 2139488, 1, 0, 0
31500, 2140616, 1, 0, 0
32000, 2139800, 1, 0, 0
32500, 2141080, 1, 0, 0
33000, 2138768, 1, 0, 0
33500, 2133336, 1, 0, 0
34000, 2138728, 1, 0, 0
34500, 2142032, 1, 0, 0
35000, 2139296, 1, 0, 0
35500, 2136832, 1, 0, 0
36000, 2139512, 1, 0, 0
36500, 2135863, 1, 0, 0
37000, 2137136, 1, 0, 0
37500, 2135296, 1, 0, 0
38000, 2132712, 1, 0, 0
38500, 2131336, 1, 0, 0
39000, 2140640, 1, 0, 0
39500, 2139744, 1, 0, 0
40000, 2139936, 1, 0, 0
40500, 2141808, 1, 0, 0
41000, 2137600, 1, 0, 0
41500, 2129032, 1, 0, 0
42000, 2132440, 1, 0, 0
42500, 2133384, 1, 0, 0
43000, 2133792, 1, 0, 0
43500, 2134824, 1, 0, 0
44000, 2127080, 1, 0, 0
44500, 2143024, 1, 0, 0
45000, 2139222, 1, 0, 0
45500, 2140216, 1, 0, 0
46000, 2145856, 1, 0, 0
46500, 2142400, 1, 0, 0
47000, 2142936, 1, 0, 0
47500, 2143864, 1, 0, 0
48000, 2139784, 1, 0, 0
48500, 2139976, 1, 0, 0
49000, 2138704, 1, 0, 0
49500, 2135024, 1, 0, 0
50000, 2139064, 1, 0, 0
50500, 2140784, 1, 0, 0
51000, 2143792, 1, 0, 0
51500, 2138408, 1, 0, 0
52000, 2136832, 1, 0, 0
52500, 2140544, 1, 0, 0
53000, 2142304, 1, 0, 0
53500, 2143080, 1, 0, 0
54000, 2140808, 1, 0, 0
54500, 2143640, 1, 0, 0
55000, 2137595, 1, 0, 0
55500, 2141544, 1, 0, 0
56000, 2143832, 1, 0, 0
56500, 2146016, 1, 0, 0
57000, 2144584, 1, 0, 0
57500, 2140032, 1, 0, 0
58000, 2140336, 1, 0, 0
58500, 2138432, 1, 0, 0
59000, 2138888, 1, 0, 0
59500, 2141528, 1, 0, 0
