500, 2206912, 1, 0, 0
1000, 2202992, 1, 0, 0
1500, 2202208, 1, 0, 0
2000, 2206712, 1, 0, 0
2500, 2204896, 1, 0, 0
3000, 2203808, 1, 0, 0
3500, 2201832, 1, 0, 0
4000, 2198400, 1, 0, 0
4500, 2199512, 1, 0, 0
5000, 2197208, 1, 0, 0
5500, 2173384, 1, 0, 0
6000, 2138344, 1, 0, 0
6500, 2142232, 1, 0, 0
7000, 2143000, 1, 0, 0
7500, 2138573, 1, 0, 0
8000, 2140656, 1, 0, 0
8500, 2139320, 1, 0, 0
9000, 2137528, 1, 0, 0
9500, 2134944, 1, 0, 0
10000, 2134920, 1, 0, 0
10500, 2136336, 1, 0, 0
11000, 2130680, 1, 0, 0
11500, 2136720, 1, 0, 0
12000, 2136792, 1, 0, 0
12500, 2141616, 1, 0, 0
13000, 2140032, 1, 0, 0
13500, 2135264, 1, 0, 0
14000, 2138752, 1, 0, 0
14500, 2132112, 1, 0, 0
15000, 2131968, 1, 0, 0
15500, 2134160, 1, 0, 0
16000, 2135480, 1, 0, 0
16500, 2133184, 1, 0, 0
17000, 2135126, 1, 0, 0
17500, 2136216, 1, 0, 0
18000, 2136072, 1, 0, 0
18500, 2136760, 1, 0, 0
19000, 2131472, 1, 0, 0
19500, 2137656, 1, 0, 0
20000, 2136944, 1, 0, 0
20500, 2134920, 1, 0, 0
21000, 2133600, 1, 0, 0
21500, 2131808, 1, 0, 0
22000, 2129656, 1, 0, 0
22500, 2130928, 1, 0, 0
23000, 2132824, 1, 0, 0
23500, 2136008, 1, 0, 0
24000, 2136248, 1, 0, 0
24500, 2132272, 1, 0, 0
25000, 2132120, 1, 0, 0
25500, 2131960, 1, 0, 0
26000, 2134220, 1, 0, 0
26500, 2135984, 1, 0, 0
27000, 2134184, 1, 0, 0
27500, 2131328, 1, 0, 0
28000, 2136192, 1, 0, 0
28500, 2142648, 1, 0, 0
29000, 2139664, 1, 0, 0
29500, 2137072, 1, 0, 0
30000, 2134192, 1, 0, 0
30500, 2133936, 1, 0, 0
31000, 2135256, 1, 0, 0
31500, 2135536, 1, 0, 0
32000, 2139072, 1, 0, 0
32500, 2136656, 1, 0, 0
33000, 2129440, 1, 0, 0
33500, 2133152, 1, 0, 0
34000, 2135352, 1, 0, 0
34500, 2133200, 1, 0, 0
35000, 2135198, 1, 0, 0
35500, 2133856, 1, 0, 0
36000, 2133088, 1, 0, 0
36500, 2134080, 1, 0, 0
37000, 2131384, 1, 0, 0
37500, 2132896, 1, 0, 0
38000, 2132352, 1, 0, 0
38500, 2123104, 1, 0, 0
39000, 2134920, 1, 0, 0
39500, 2136936, 1, 0, 0
40000, 2136040, 1, 0, 0
40500, 2138368, 1, 0, 0
41000, 2132520, 1, 0, 0
41500, 2133192, 1, 0, 0
42000, 2133560, 1, 0, 0
42500, 2128520, 1, 0, 0
43000, 2133584, 1, 0, 0
43500, 2132320, 1, 0, 0
44000, 2131360, 1, 0, 0
44500, 2134941, 1, 0, 0
45000, 2134320, 1, 0, 0
45500, 2137504, 1, 0, 0
46000, 2134784, 1, 0, 0
46500, 2133328, 1, 0, 0
47000, 2133912, 1, 0, 0
47500, 2137736, 1, 0, 0
48000, 2129512, 1, 0, 0
48500, 2136752, 1, 0, 0
49000, 2134352, 1, 0, 0
49500, 2129264, 1, 0, 0
50000, 2130920, 1, 0, 0
50500, 2138672, 1, 0, 0
51000, 2137584, 1, 0, 0
51500, 2137392, 1, 0, 0
52000, 2135064, 1, 0, 0
52500, 2132464, 1, 0, 0
53000, 2133400, 1, 0, 0
53500, 2132720, 1, 0, 0
54000, 2133595, 1, 0, 0
54500, 2131320, 1, 0, 0
55000, 2127152, 1, 0, 0
55500, 2132688, 1, 0, 0
56000, 2139864, 1, 0, 0
56500, 2136976, 1, 0, 0
57000, 2131896, 1, 0, 0
57500, 2129632, 1, 0, 0
58000, 2128888, 1, 0, 0
58500, 2130176, 1, 0, 0
59000, 2132328, 1, 0, 0
59500, 2128488, 1, 0, 0
