500, 57878, 1, 0, 0
1000, 57967, 1, 0, 0
1500, 57984, 1, 0, 0
2000, 57863, 1, 0, 0
2500, 57910, 1, 0, 0
3000, 57939, 1, 0, 0
3500, 57992, 1, 0, 0
4000, 58081, 1, 0, 0
4500, 58056, 1, 0, 0
5000, 58114, 1, 0, 0
5500, 58746, 1, 0, 0
6000, 59719, 1, 0, 0
6500, 59611, 1, 0, 0
7000, 59587, 1, 0, 0
7500, 59711, 1, 0, 0
8000, 59654, 1, 0, 0
8500, 59692, 1, 0, 0
9000, 59741, 1, 0, 0
9500, 59813, 1, 0, 0
10000, 59815, 1, 0, 0
10500, 59776, 1, 0, 0
11000, 59927, 1, 0, 0
11500, 59765, 1, 0, 0
12000, 59763, 1, 0, 0
12500, 59629, 1, 0, 0
13000, 59671, 1, 0, 0
13500, 59802, 1, 0, 0
14000, 59706, 1, 0, 0
14500, 59894, 1, 0, 0
15000, 59897, 1, 0, 0
15500, 59836, 1, 0, 0
16000, 59800, 1, 0, 0
16500, 59855, 1, 0, 0
17000, 59808, 1, 0, 0
17500, 59781, 1, 0, 0
18000, 59781, 1, 0, 0
18500, 59763, 1, 0, 0
19000, 59913, 1, 0, 0
19500, 59737, 1, 0, 0
20000, 59757, 1, 0, 0
20500, 59814, 1, 0, 0
21000, 59851, 1, 0, 0
21500, 59903, 1, 0, 0
22000, 59955, 1, 0, 0
22500, 59928, 1, 0, 0
23000, 59874, 1, 0, 0
23500, 59783, 1, 0, 0
24000, 59776, 1, 0, 0
24500, 59888, 1, 0, 0
25000, 59891, 1, 0, 0
25500, 59899, 1, 0, 0
26000, 59834, 1, 0, 0
26500, 59783, 1, 0, 0
27000, 59836, 1, 0, 0
27500, 59908, 1, 0, 0
28000, 59780, 1, 0, 0
28500, 59599, 1, 0, 0
29000, 59682, 1, 0, 0
29500, 59755, 1, 0, 0
30000, 59834, 1, 0, 0
30500, 59845, 1, 0, 0
31000, 59803, 1, 0, 0
31500, 59799, 1, 0, 0
32000, 59696, 1, 0, 0
32500, 59766, 1, 0, 0
33000, 59960, 1, 0, 0
33500, 59867, 1, 0, 0
34000, 59801, 1, 0, 0
34500, 59863, 1, 0, 0
35000, 59808, 1, 0, 0
35500, 59844, 1, 0, 0
36000, 59866, 1, 0, 0
36500, 59838, 1, 0, 0
37000, 59914, 1, 0, 0
37500, 59870, 1, 0, 0
38000, 59886, 1, 0, 0
38500, 60139, 1, 0, 0
39000, 59816, 1, 0, 0
39500, 59754, 1, 0, 0
40000, 59786, 1, 0, 0
40500, 59716, 1, 0, 0
41000, 59880, 1, 0, 0
41500, 59865, 1, 0, 0
42000, 59850, 1, 0, 0
42500, 59996, 1, 0, 0
43000, 59855, 1, 0, 0
43500, 59886, 1, 0, 0
44000, 59906, 1, 0, 0
44500, 59819, 1, 0, 0
45000, 59831, 1, 0, 0
45500, 59741, 1, 0, 0
46000, 59818, 1, 0, 0
46500, 59856, 1, 0, 0
47000, 59846, 1, 0, 0
47500, 59735, 1, 0, 0
48000, 59968, 1, 0, 0
48500, 59763, 1, 0, 0
49000, 59830, 1, 0, 0
49500, 59966, 1, 0, 0
50000, 59929, 1, 0, 0
50500, 59707, 1, 0, 0
51000, 59743, 1, 0, 0
51500, 59745, 1, 0, 0
52000, 59809, 1, 0, 0
52500, 59885, 1, 0, 0
53000, 59856, 1, 0, 0
53500, 59876, 1, 0, 0
54000, 59852, 1, 0, 0
54500, 59914, 1, 0, 0
55000, 60024, 1, 0, 0
55500, 59880, 1, 0, 0
56000, 59675, 1, 0, 0
56500, 59757, 1, 0, 0
57000, 59900, 1, 0, 0
57500, 59962, 1, 0, 0
58000, 59983, 1, 0, 0
58500, 59949, 1, 0, 0
59000, 59888, 1, 0, 0
59500, 59995, 1, 0, 0
60000, 59925, 1, 0, 0
60000, 64146, 1, 0, 0
