500, 551728, 1, 0, 0
1000, 550748, 1, 0, 0
1500, 550552, 1, 0, 0
2000, 551678, 1, 0, 0
2500, 551224, 1, 0, 0
3000, 550952, 1, 0, 0
3500, 550458, 1, 0, 0
4000, 549600, 1, 0, 0
4500, 549878, 1, 0, 0
5000, 549302, 1, 0, 0
5500, 543348, 1, 0, 0
6000, 534588, 1, 0, 0
6500, 535558, 1, 0, 0
7000, 535750, 1, 0, 0
7500, 534643, 1, 0, 0
8000, 535164, 1, 0, 0
8500, 534830, 1, 0, 0
9000, 534382, 1, 0, 0
9500, 533736, 1, 0, 0
10000, 533730, 1, 0, 0
10500, 534084, 1, 0, 0
11000, 532670, 1, 0, 0
11500, 534180, 1, 0, 0
12000, 534200, 1, 0, 0
12500, 535404, 1, 0, 0
13000, 535008, 1, 0, 0
13500, 533816, 1, 0, 0
14000, 534688, 1, 0, 0
14500, 533028, 1, 0, 0
15000, 532992, 1, 0, 0
15500, 533540, 1, 0, 0
16000, 533870, 1, 0, 0
16500, 533296, 1, 0, 0
17000, 533781, 1, 0, 0
17500, 534054, 1, 0, 0
18000, 534018, 1, 0, 0
18500, 534190, 1, 0, 0
19000, 532868, 1, 0, 0
19500, 534414, 1, 0, 0
20000, 534236, 1, 0, 0
20500, 533730, 1, 0, 0
21000, 533400, 1, 0, 0
21500, 532952, 1, 0, 0
22000, 532414, 1, 0, 0
22500, 532732, 1, 0, 0
23000, 533208, 1, 0, 0
23500, 534002, 1, 0, 0
24000, 534062, 1, 0, 0
24500, 533068, 1, 0, 0
25000, 533030, 1, 0, 0
25500, 532992, 1, 0, 0
26000, 533555, 1, 0, 0
26500, 533996, 1, 0, 0
27000, 533546, 1, 0, 0
27500, 532832, 1, 0, 0
28000, 534048, 1, 0, 0
28500, 535662, 1, 0, 0
29000, 534916, 1, 0, 0
29500, 534270, 1, 0, 0
30000, 533548, 1, 0, 0
30500, 533486, 1, 0, 0
31000, 533814, 1, 0, 0
31500, 533884, 1, 0, 0
32000, 534768, 1, 0, 0
32500, 534166, 1, 0, 0
33000, 532360, 1, 0, 0
33500, 533288, 1, 0, 0
34000, 533836, 1, 0, 0
34500, 533300, 1, 0, 0
35000, 533799, 1, 0, 0
35500, 533466, 1, 0, 0
36000, 533272, 1, 0, 0
36500, 533520, 1, 0, 0
37000, 532846, 1, 0, 0
37500, 533224, 1, 0, 0
38000, 533088, 1, 0, 0
38500, 530776, 1, 0, 0
39000, 533732, 1, 0, 0
39500, 534234, 1, 0, 0
40000, 534010, 1, 0, 0
40500, 534592, 1, 0, 0
41000, 533130, 1, 0, 0
41500, 533298, 1, 0, 0
42000, 533390, 1, 0, 0
42500, 532130, 1, 0, 0
43000, 533396, 1, 0, 0
43500, 533080, 1, 0, 0
44000, 532840, 1, 0, 0
44500, 533735, 1, 0, 0
45000, 533580, 1, 0, 0
45500, 534376, 1, 0, 0
46000, 533696, 1, 0, 0
46500, 533332, 1, 0, 0
47000, 533478, 1, 0, 0
47500, 534432, 1, 0, 0
48000, 532378, 1, 0, 0
48500, 534188, 1, 0, 0
49000, 533588, 1, 0, 0
49500, 532316, 1, 0, 0
50000, 532730, 1, 0, 0
50500, 534670, 1, 0, 0
51000, 534394, 1, 0, 0
51500, 534350, 1, 0, 0
52000, 533766, 1, 0, 0
52500, 533116, 1, 0, 0
53000, 533350, 1, 0, 0
53500, 533182, 1, 0, 0
54000, 533400, 1, 0, 0
54500, 532830, 1, 0, 0
55000, 531788, 1, 0, 0
55500, 533172, 1, 0, 0
56000, 534968, 1, 0, 0
56500, 534244, 1, 0, 0
57000, 532974, 1, 0, 0
57500, 532408, 1, 0, 0
58000, 532222, 1, 0, 0
58500, 532544, 1, 0, 0
59000, 533082, 1, 0, 0
59500, 532122, 1, 0, 0
