500, 57117, 1, 0, 0
1000, 57206, 1, 0, 0
1500, 57223, 1, 0, 0
2000, 57104, 1, 0, 0
2500, 57149, 1, 0, 0
3000, 57179, 1, 0, 0
3500, 57232, 1, 0, 0
4000, 57321, 1, 0, 0
4500, 57297, 1, 0, 0
5000, 57353, 1, 0, 0
5500, 57970, 1, 0, 0
6000, 58906, 1, 0, 0
6500, 58800, 1, 0, 0
7000, 58776, 1, 0, 0
7500, 58899, 1, 0, 0
8000, 58844, 1, 0, 0
8500, 58883, 1, 0, 0
9000, 58930, 1, 0, 0
9500, 58999, 1, 0, 0
10000, 59004, 1, 0, 0
10500, 58964, 1, 0, 0
11000, 59110, 1, 0, 0
11500, 58951, 1, 0, 0
12000, 58952, 1, 0, 0
12500, 58819, 1, 0, 0
13000, 58862, 1, 0, 0
13500, 58991, 1, 0, 0
14000, 58898, 1, 0, 0
14500, 59080, 1, 0, 0
15000, 59084, 1, 0, 0
15500, 59022, 1, 0, 0
16000, 58990, 1, 0, 0
16500, 59040, 1, 0, 0
17000, 58997, 1, 0, 0
17500, 58968, 1, 0, 0
18000, 58971, 1, 0, 0
18500, 58952, 1, 0, 0
19000, 59101, 1, 0, 0
19500, 58927, 1, 0, 0
20000, 58948, 1, 0, 0
20500, 59003, 1, 0, 0
21000, 59040, 1, 0, 0
21500, 59090, 1, 0, 0
22000, 59138, 1, 0, 0
22500, 59113, 1, 0, 0
23000, 59062, 1, 0, 0
23500, 58971, 1, 0, 0
24000, 58967, 1, 0, 0
24500, 59075, 1, 0, 0
25000, 59081, 1, 0, 0
25500, 59088, 1, 0, 0
26000, 59024, 1, 0, 0
26500, 58974, 1, 0, 0
27000, 59025, 1, 0, 0
27500, 59096, 1, 0, 0
28000, 58969, 1, 0, 0
28500, 58791, 1, 0, 0
29000, 58874, 1, 0, 0
29500, 58941, 1, 0, 0
30000, 59024, 1, 0, 0
30500, 59035, 1, 0, 0
31000, 58990, 1, 0, 0
31500, 58990, 1, 0, 0
32000, 58888, 1, 0, 0
32500, 58953, 1, 0, 0
33000, 59147, 1, 0, 0
33500, 59053, 1, 0, 0
34000, 58989, 1, 0, 0
34500, 59048, 1, 0, 0
35000, 58995, 1, 0, 0
35500, 59033, 1, 0, 0
36000, 59055, 1, 0, 0
36500, 59025, 1, 0, 0
37000, 59101, 1, 0, 0
37500, 59059, 1, 0, 0
38000, 59076, 1, 0, 0
38500, 59320, 1, 0, 0
39000, 59003, 1, 0, 0
39500, 58942, 1, 0, 0
40000, 58974, 1, 0, 0
40500, 58906, 1, 0, 0
41000, 59068, 1, 0, 0
41500, 59054, 1, 0, 0
42000, 59038, 1, 0, 0
42500, 59185, 1, 0, 0
43000, 59043, 1, 0, 0
43500, 59072, 1, 0, 0
44000, 59094, 1, 0, 0
44500, 59004, 1, 0, 0
45000, 59019, 1, 0, 0
45500, 58931, 1, 0, 0
46000, 59008, 1, 0, 0
46500, 59046, 1, 0, 0
47000, 59035, 1, 0, 0
47500, 58926, 1, 0, 0
48000, 59157, 1, 0, 0
48500, 58954, 1, 0, 0
49000, 59020, 1, 0, 0
49500, 59152, 1, 0, 0
50000, 59113, 1, 0, 0
50500, 58895, 1, 0, 0
51000, 58931, 1, 0, 0
51500, 58933, 1, 0, 0
52000, 58997, 1, 0, 0
52500, 59073, 1, 0, 0
53000, 59045, 1, 0, 0
53500, 59062, 1, 0, 0
54000, 59040, 1, 0, 0
54500, 59100, 1, 0, 0
55000, 59208, 1, 0, 0
55500, 59065, 1, 0, 0
56000, 58866, 1, 0, 0
56500, 58946, 1, 0, 0
57000, 59088, 1, 0, 0
57500, 59151, 1, 0, 0
58000, 59172, 1, 0, 0
58500, 59138, 1, 0, 0
59000, 59077, 1, 0, 0
59500, 59179, 1, 0, 0
60000, 59115, 1, 0, 0
60000, 63347, 1, 0, 0
