500, 761, 1, 0, 0
1000, 760, 1, 0, 0
1500, 761, 1, 0, 0
2000, 759, 1, 0, 0
2500, 761, 1, 0, 0
3000, 760, 1, 0, 0
3500, 761, 1, 0, 0
4000, 761, 1, 0, 0
4500, 758, 1, 0, 0
5000, 761, 1, 0, 0
5500, 777, 1, 0, 0
6000, 813, 1, 0, 0
6500, 810, 1, 0, 0
7000, 811, 1, 0, 0
7500, 812, 1, 0, 0
8000, 810, 1, 0, 0
8500, 810, 1, 0, 0
9000, 811, 1, 0, 0
9500, 814, 1, 0, 0
10000, 811, 1, 0, 0
10500, 812, 1, 0, 0
11000, 817, 1, 0, 0
11500, 814, 1, 0, 0
12000, 811, 1, 0, 0
12500, 810, 1, 0, 0
13000, 810, 1, 0, 0
13500, 811, 1, 0, 0
14000, 808, 1, 0, 0
14500, 814, 1, 0, 0
15000, 813, 1, 0, 0
15500, 813, 1, 0, 0
16000, 811, 1, 0, 0
16500, 816, 1, 0, 0
17000, 811, 1, 0, 0
17500, 813, 1, 0, 0
18000, 810, 1, 0, 0
18500, 811, 1, 0, 0
19000, 811, 1, 0, 0
19500, 810, 1, 0, 0
20000, 809, 1, 0, 0
20500, 811, 1, 0, 0
21000, 811, 1, 0, 0
21500, 812, 1, 0, 0
22000, 816, 1, 0, 0
22500, 816, 1, 0, 0
23000, 813, 1, 0, 0
23500, 812, 1, 0, 0
24000, 809, 1, 0, 0
24500, 813, 1, 0, 0
25000, 810, 1, 0, 0
25500, 811, 1, 0, 0
26000, 810, 1, 0, 0
26500, 809, 1, 0, 0
27000, 812, 1, 0, 0
27500, 813, 1, 0, 0
28000, 811, 1, 0, 0
28500, 808, 1, 0, 0
29000, 809, 1, 0, 0
29500, 813, 1, 0, 0
30000, 809, 1, 0, 0
30500, 810, 1, 0, 0
31000, 814, 1, 0, 0
31500, 809, 1, 0, 0
32000, 808, 1, 0, 0
32500, 813, 1, 0, 0
33000, 813, 1, 0, 0
33500, 814, 1, 0, 0
34000, 812, 1, 0, 0
34500, 816, 1, 0, 0
35000, 812, 1, 0, 0
35500, 811, 1, 0, 0
36000, 811, 1, 0, 0
36500, 813, 1, 0, 0
37000, 812, 1, 0, 0
37500, 811, 1, 0, 0
38000, 811, 1, 0, 0
38500, 819, 1, 0, 0
39000, 812, 1, 0, 0
39500, 812, 1, 0, 0
40000, 812, 1, 0, 0
40500, 810, 1, 0, 0
41000, 811, 1, 0, 0
41500, 811, 1, 0, 0
42000, 811, 1, 0, 0
42500, 810, 1, 0, 0
43000, 811, 1, 0, 0
43500, 814, 1, 0, 0
44000, 812, 1, 0, 0
44500, 814, 1, 0, 0
45000, 812, 1, 0, 0
45500, 810, 1, 0, 0
46000, 810, 1, 0, 0
46500, 810, 1, 0, 0
47000, 811, 1, 0, 0
47500, 809, 1, 0, 0
48000, 811, 1, 0, 0
48500, 808, 1, 0, 0
49000, 810, 1, 0, 0
49500, 815, 1, 0, 0
50000, 816, 1, 0, 0
50500, 812, 1, 0, 0
51000, 812, 1, 0, 0
51500, 811, 1, 0, 0
52000, 811, 1, 0, 0
52500, 812, 1, 0, 0
53000, 811, 1, 0, 0
53500, 814, 1, 0, 0
54000, 812, 1, 0, 0
54500, 814, 1, 0, 0
55000, 816, 1, 0, 0
55500, 815, 1, 0, 0
56000, 809, 1, 0, 0
56500, 810, 1, 0, 0
57000, 811, 1, 0, 0
57500, 811, 1, 0, 0
58000, 811, 1, 0, 0
58500, 811, 1, 0, 0
59000, 811, 1, 0, 0
59500, 815, 1, 0, 0
60000, 810, 1, 0, 0
