500, 2290688, 1, 0, 0
1000, 2287040, 1, 0, 0
1500, 2286880, 1, 0, 0
2001, 2286880, 1, 0, 0
2500, 2286685, 1, 0, 0
3000, 2286976, 1, 0, 0
3500, 2286592, 1, 0, 0
4000, 2286912, 1, 0, 0
4500, 2286880, 1, 0, 0
5000, 2275648, 1, 0, 0
5500, 2119072, 1, 0, 0
6000, 127166, 1, 0, 0
6500, 126976, 1, 0, 0
7000, 138496, 1, 0, 0
7500, 148224, 1, 0, 0
8000, 150784, 1, 0, 0
8500, 166912, 1, 0, 0
9000, 169984, 1, 0, 0
9500, 187136, 1, 0, 0
10000, 192000, 1, 0, 0
10500, 210432, 1, 0, 0
11000, 216000, 1, 0, 0
11500, 234816, 1, 0, 0
12000, 247808, 1, 0, 0
12500, 242944, 1, 0, 0
13000, 210432, 1, 0, 0
13500, 210432, 1, 0, 0
14000, 207872, 1, 0, 0
14500, 223232, 1, 0, 0
15000, 220416, 1, 0, 0
15500, 233728, 1, 0, 0
16000, 230348, 1, 0, 0
16500, 239872, 1, 0, 0
17000, 234752, 1, 0, 0
17500, 250624, 1, 0, 0
18000, 250368, 1, 0, 0
18500, 237824, 1, 0, 0
19000, 252672, 1, 0, 0
19500, 257536, 1, 0, 0
20000, 250368, 1, 0, 0
20500, 262912, 1, 0, 0
21000, 267008, 1, 0, 0
21500, 261888, 1, 0, 0
22000, 275456, 1, 0, 0
22500, 281088, 1, 0, 0
23000, 279872, 1, 0, 0
23500, 283840, 1, 0, 0
24000, 292352, 1, 0, 0
24500, 303104, 1, 0, 0
25000, 291200, 1, 0, 0
25500, 310912, 1, 0, 0
26000, 320641, 1, 0, 0
26500, 325888, 1, 0, 0
27000, 329216, 1, 0, 0
27500, 329216, 1, 0, 0
28000, 338688, 1, 0, 0
28500, 349696, 1, 0, 0
29000, 362496, 1, 0, 0
29500, 372736, 1, 0, 0
30000, 383232, 1, 0, 0
30500, 399360, 1, 0, 0
31000, 410624, 1, 0, 0
31500, 423680, 1, 0, 0
32000, 438272, 1, 0, 0
32500, 459520, 1, 0, 0
33000, 486400, 1, 0, 0
33500, 503936, 1, 0, 0
34000, 552576, 1, 0, 0
34500, 564224, 1, 0, 0
35000, 610885, 1, 0, 0
35500, 676224, 1, 0, 0
36000, 755392, 1, 0, 0
36500, 856640, 1, 0, 0
37000, 1029024, 1, 0, 0
37500, 1475904, 1, 0, 0
38000, 1617184, 1, 0, 0
38500, 129024, 1, 0, 0
39000, 129536, 1, 0, 0
39500, 141824, 1, 0, 0
40000, 144896, 1, 0, 0
40500, 153088, 1, 0, 0
41000, 169216, 1, 0, 0
41500, 173312, 1, 0, 0
42000, 191232, 1, 0, 0
42500, 194816, 1, 0, 0
43000, 215040, 1, 0, 0
43500, 228352, 1, 0, 0
44000, 231936, 1, 0, 0
44500, 252416, 1, 0, 0
45000, 249088, 1, 0, 0
45500, 199567, 1, 0, 0
46000, 209152, 1, 0, 0
46500, 209152, 1, 0, 0
47000, 221952, 1, 0, 0
47500, 216832, 1, 0, 0
48000, 236288, 1, 0, 0
48500, 234944, 1, 0, 0
49000, 238656, 1, 0, 0
49500, 246272, 1, 0, 0
50000, 238784, 1, 0, 0
50500, 249920, 1, 0, 0
51000, 251392, 1, 0, 0
51500, 245184, 1, 0, 0
52000, 256064, 1, 0, 0
52500, 252928, 1, 0, 0
53000, 250688, 1, 0, 0
53500, 265408, 1, 0, 0
54000, 272384, 1, 0, 0
54500, 274816, 1, 0, 0
55000, 277120, 1, 0, 0
55500, 286464, 1, 0, 0
56000, 293963, 1, 0, 0
56500, 291072, 1, 0, 0
57000, 300800, 1, 0, 0
57500, 304640, 1, 0, 0
58000, 311040, 1, 0, 0
58500, 314784, 1, 0, 0
59000, 319072, 1, 0, 0
59500, 332544, 1, 0, 0
60000, 338432, 1, 0, 0
