500, 223564, 1, 0, 0
1000, 223688, 1, 0, 0
1500, 223685, 1, 0, 0
2000, 223685, 1, 0, 0
2500, 223683, 1, 0, 0
3000, 223681, 1, 0, 0
3500, 223683, 1, 0, 0
4000, 223683, 1, 0, 0
4500, 223682, 1, 0, 0
5000, 225016, 1, 0, 0
5500, 233022, 1, 0, 0
6012, 4128886, 1, 0, 0
6505, 3975510, 1, 0, 0
7000, 3804831, 1, 0, 0
7510, 3390732, 1, 0, 0
8001, 3334937, 1, 0, 0
8512, 3136897, 1, 0, 0
9004, 2957871, 1, 0, 0
9512, 2782785, 1, 0, 0
10001, 2608551, 1, 0, 0
10511, 2477558, 1, 0, 0
11000, 2343487, 1, 0, 0
11507, 2191931, 1, 0, 0
12014, 2096503, 1, 0, 0
12501, 2050595, 1, 0, 0
13008, 2468875, 1, 0, 0
13500, 2499334, 1, 0, 0
14007, 2391582, 1, 0, 0
14516, 2332638, 1, 0, 0
15006, 2273971, 1, 0, 0
15513, 2224024, 1, 0, 0
16003, 2180952, 1, 0, 0
16512, 2175643, 1, 0, 0
17000, 2129298, 1, 0, 0
17509, 2075029, 1, 0, 0
18000, 2074968, 1, 0, 0
18503, 2098083, 1, 0, 0
19009, 2049649, 1, 0, 0
19515, 2013129, 1, 0, 0
20001, 1989811, 1, 0, 0
20508, 1972815, 1, 0, 0
21015, 1945489, 1, 0, 0
21501, 1896795, 1, 0, 0
22007, 1880596, 1, 0, 0
22512, 1839870, 1, 0, 0
23000, 1861457, 1, 0, 0
23504, 1744160, 1, 0, 0
24010, 1772718, 1, 0, 0
24514, 1705054, 1, 0, 0
25000, 1723820, 1, 0, 0
25504, 1643141, 1, 0, 0
26007, 1613642, 1, 0, 0
26511, 1581776, 1, 0, 0
27015, 1566608, 1, 0, 0
27500, 1559307, 1, 0, 0
28001, 1465799, 1, 0, 0
28503, 1469988, 1, 0, 0
29004, 1416217, 1, 0, 0
29508, 1382927, 1, 0, 0
30009, 1338876, 1, 0, 0
30509, 1283811, 1, 0, 0
31009, 1245732, 1, 0, 0
31509, 1210192, 1, 0, 0
32009, 1166497, 1, 0, 0
32506, 1108591, 1, 0, 0
33004, 1047079, 1, 0, 0
33500, 1009450, 1, 0, 0
34000, 953828, 1, 0, 0
34507, 895153, 1, 0, 0
35000, 848165, 1, 0, 0
35506, 748897, 1, 0, 0
36000, 685679, 1, 0, 0
36509, 596131, 1, 0, 0
37000, 498445, 1, 0, 0
37500, 346749, 1, 0, 0
38001, 305839, 1, 0, 0
38513, 4064725, 1, 0, 0
39005, 3890560, 1, 0, 0
39500, 3696165, 1, 0, 0
40010, 3485961, 1, 0, 0
40501, 3282596, 1, 0, 0
41011, 3086015, 1, 0, 0
41502, 2899513, 1, 0, 0
42012, 2732411, 1, 0, 0
42500, 2567545, 1, 0, 0
43009, 2421354, 1, 0, 0
43516, 2273686, 1, 0, 0
44002, 2149100, 1, 0, 0
44509, 2055055, 1, 0, 0
45016, 2083840, 1, 0, 0
45505, 2514908, 1, 0, 0
46014, 2493713, 1, 0, 0
46505, 2401109, 1, 0, 0
47014, 2348024, 1, 0, 0
47503, 2311296, 1, 0, 0
48011, 2198246, 1, 0, 0
48500, 2218268, 1, 0, 0
49006, 2087532, 1, 0, 0
49512, 2104678, 1, 0, 0
50000, 2092327, 1, 0, 0
50507, 2076734, 1, 0, 0
51013, 2059974, 1, 0, 0
51500, 2037290, 1, 0, 0
52005, 2018872, 1, 0, 0
52512, 2050383, 1, 0, 0
53000, 2007923, 1, 0, 0
53505, 1935466, 1, 0, 0
54011, 1904101, 1, 0, 0
54500, 1905071, 1, 0, 0
55005, 1781958, 1, 0, 0
55511, 1810344, 1, 0, 0
56000, 1760225, 1, 0, 0
56502, 1710339, 1, 0, 0
57006, 1718785, 1, 0, 0
57511, 1693832, 1, 0, 0
58014, 1656251, 1, 0, 0
58500, 1637263, 1, 0, 0
59001, 1554415, 1, 0, 0
59505, 1551697, 1, 0, 0
60007, 1520241, 1, 0, 0
60008, 16390126, 1, 0, 0
