500, 143168, 1, 0, 0
1000, 142940, 1, 0, 0
1500, 142930, 1, 0, 0
2001, 142930, 1, 0, 0
2500, 142917, 1, 0, 0
3000, 142936, 1, 0, 0
3500, 142912, 1, 0, 0
4000, 142932, 1, 0, 0
4500, 142930, 1, 0, 0
5000, 142228, 1, 0, 0
5500, 132442, 1, 0, 0
6000, 7947, 1, 0, 0
6500, 7936, 1, 0, 0
7000, 8656, 1, 0, 0
7500, 9264, 1, 0, 0
8000, 9424, 1, 0, 0
8500, 10432, 1, 0, 0
9000, 10624, 1, 0, 0
9500, 11696, 1, 0, 0
10000, 12000, 1, 0, 0
10500, 13152, 1, 0, 0
11000, 13500, 1, 0, 0
11500, 14676, 1, 0, 0
12000, 15488, 1, 0, 0
12500, 15184, 1, 0, 0
13000, 13152, 1, 0, 0
13500, 13152, 1, 0, 0
14000, 12992, 1, 0, 0
14500, 13952, 1, 0, 0
15000, 13776, 1, 0, 0
15500, 14608, 1, 0, 0
16000, 14396, 1, 0, 0
16500, 14992, 1, 0, 0
17000, 14672, 1, 0, 0
17500, 15664, 1, 0, 0
18000, 15648, 1, 0, 0
18500, 14864, 1, 0, 0
19000, 15792, 1, 0, 0
19500, 16096, 1, 0, 0
20000, 15648, 1, 0, 0
20500, 16432, 1, 0, 0
21000, 16688, 1, 0, 0
21500, 16368, 1, 0, 0
22000, 17216, 1, 0, 0
22500, 17568, 1, 0, 0
23000, 17492, 1, 0, 0
23500, 17740, 1, 0, 0
24000, 18272, 1, 0, 0
24500, 18944, 1, 0, 0
25000, 18200, 1, 0, 0
25500, 19432, 1, 0, 0
26000, 20040, 1, 0, 0
26500, 20368, 1, 0, 0
27000, 20576, 1, 0, 0
27500, 20576, 1, 0, 0
28000, 21168, 1, 0, 0
28500, 21856, 1, 0, 0
29000, 22656, 1, 0, 0
29500, 23296, 1, 0, 0
30000, 23952, 1, 0, 0
30500, 24960, 1, 0, 0
31000, 25664, 1, 0, 0
31500, 26480, 1, 0, 0
32000, 27392, 1, 0, 0
32500, 28720, 1, 0, 0
33000, 30400, 1, 0, 0
33500, 31496, 1, 0, 0
34000, 34536, 1, 0, 0
34500, 35264, 1, 0, 0
35000, 38180, 1, 0, 0
35500, 42264, 1, 0, 0
36000, 47212, 1, 0, 0
36500, 53540, 1, 0, 0
37000, 64314, 1, 0, 0
37500, 92244, 1, 0, 0
38000, 101074, 1, 0, 0
38500, 8064, 1, 0, 0
39000, 8096, 1, 0, 0
39500, 8864, 1, 0, 0
40000, 9056, 1, 0, 0
40500, 9568, 1, 0, 0
41000, 10576, 1, 0, 0
41500, 10832, 1, 0, 0
42000, 11952, 1, 0, 0
42500, 12176, 1, 0, 0
43000, 13440, 1, 0, 0
43500, 14272, 1, 0, 0
44000, 14496, 1, 0, 0
44500, 15776, 1, 0, 0
45000, 15568, 1, 0, 0
45500, 12472, 1, 0, 0
46000, 13072, 1, 0, 0
46500, 13072, 1, 0, 0
47000, 13872, 1, 0, 0
47500, 13552, 1, 0, 0
48000, 14768, 1, 0, 0
48500, 14684, 1, 0, 0
49000, 14916, 1, 0, 0
49500, 15392, 1, 0, 0
50000, 14924, 1, 0, 0
50500, 15620, 1, 0, 0
51000, 15712, 1, 0, 0
51500, 15324, 1, 0, 0
52000, 16004, 1, 0, 0
52500, 15808, 1, 0, 0
53000, 15668, 1, 0, 0
53500, 16588, 1, 0, 0
54000, 17024, 1, 0, 0
54500, 17176, 1, 0, 0
55000, 17320, 1, 0, 0
55500, 17904, 1, 0, 0
56000, 18372, 1, 0, 0
56500, 18192, 1, 0, 0
57000, 18800, 1, 0, 0
57500, 19040, 1, 0, 0
58000, 19440, 1, 0, 0
58500, 19674, 1, 0, 0
59000, 19942, 1, 0, 0
59500, 20784, 1, 0, 0
60000, 21152, 1, 0, 0
