500, 222370, 1, 0, 0
1000, 222495, 1, 0, 0
1500, 222499, 1, 0, 0
2000, 222498, 1, 0, 0
2500, 222501, 1, 0, 0
3000, 222490, 1, 0, 0
3500, 222492, 1, 0, 0
4000, 222485, 1, 0, 0
4500, 222491, 1, 0, 0
5000, 223787, 1, 0, 0
5500, 231838, 1, 0, 0
6012, 4127680, 1, 0, 0
6505, 3974292, 1, 0, 0
7000, 3803599, 1, 0, 0
7510, 3389519, 1, 0, 0
8001, 3333712, 1, 0, 0
8512, 3135687, 1, 0, 0
9004, 2956655, 1, 0, 0
9512, 2781575, 1, 0, 0
10001, 2607337, 1, 0, 0
10511, 2476347, 1, 0, 0
11000, 2342278, 1, 0, 0
11507, 2190721, 1, 0, 0
12014, 2095235, 1, 0, 0
12501, 2049388, 1, 0, 0
13008, 2467673, 1, 0, 0
13500, 2498124, 1, 0, 0
14007, 2390378, 1, 0, 0
14516, 2331435, 1, 0, 0
15006, 2272767, 1, 0, 0
15513, 2222819, 1, 0, 0
16003, 2179735, 1, 0, 0
16512, 2174436, 1, 0, 0
17000, 2128094, 1, 0, 0
17509, 2073820, 1, 0, 0
18000, 2073695, 1, 0, 0
18503, 2096879, 1, 0, 0
19009, 2048442, 1, 0, 0
19515, 2011929, 1, 0, 0
20001, 1988605, 1, 0, 0
20508, 1971606, 1, 0, 0
21015, 1944277, 1, 0, 0
21501, 1895585, 1, 0, 0
22007, 1879326, 1, 0, 0
22512, 1837522, 1, 0, 0
23000, 1859977, 1, 0, 0
23504, 1742958, 1, 0, 0
24010, 1771509, 1, 0, 0
24514, 1703842, 1, 0, 0
25000, 1722589, 1, 0, 0
25504, 1641941, 1, 0, 0
26007, 1612435, 1, 0, 0
26511, 1580568, 1, 0, 0
27015, 1565399, 1, 0, 0
27500, 1558102, 1, 0, 0
28001, 1464588, 1, 0, 0
28503, 1468784, 1, 0, 0
29004, 1415017, 1, 0, 0
29508, 1381724, 1, 0, 0
30009, 1337666, 1, 0, 0
30509, 1282558, 1, 0, 0
31009, 1244505, 1, 0, 0
31509, 1207996, 1, 0, 0
32009, 1164620, 1, 0, 0
32506, 1107383, 1, 0, 0
33004, 1045870, 1, 0, 0
33500, 1008233, 1, 0, 0
34000, 952608, 1, 0, 0
34507, 893941, 1, 0, 0
35000, 846954, 1, 0, 0
35506, 747688, 1, 0, 0
36000, 684409, 1, 0, 0
36509, 594927, 1, 0, 0
37000, 497235, 1, 0, 0
37500, 345539, 1, 0, 0
38001, 304635, 1, 0, 0
38513, 4063515, 1, 0, 0
39005, 3889351, 1, 0, 0
39500, 3694946, 1, 0, 0
40010, 3484735, 1, 0, 0
40501, 3281389, 1, 0, 0
41011, 3084802, 1, 0, 0
41502, 2898301, 1, 0, 0
42012, 2731201, 1, 0, 0
42500, 2566314, 1, 0, 0
43009, 2420111, 1, 0, 0
43516, 2272474, 1, 0, 0
44002, 2147890, 1, 0, 0
44509, 2053848, 1, 0, 0
45016, 2082624, 1, 0, 0
45505, 2513689, 1, 0, 0
46014, 2491577, 1, 0, 0
46505, 2399179, 1, 0, 0
47014, 2346444, 1, 0, 0
47503, 2310086, 1, 0, 0
48011, 2197009, 1, 0, 0
48500, 2217063, 1, 0, 0
49006, 2086320, 1, 0, 0
49512, 2103480, 1, 0, 0
50000, 2091119, 1, 0, 0
50507, 2075523, 1, 0, 0
51013, 2058763, 1, 0, 0
51500, 2036091, 1, 0, 0
52005, 2017668, 1, 0, 0
52512, 2049175, 1, 0, 0
53000, 2006716, 1, 0, 0
53505, 1934258, 1, 0, 0
54011, 1902888, 1, 0, 0
54500, 1903862, 1, 0, 0
55005, 1780749, 1, 0, 0
55511, 1809134, 1, 0, 0
56000, 1759012, 1, 0, 0
56502, 1709120, 1, 0, 0
57006, 1717573, 1, 0, 0
57511, 1692623, 1, 0, 0
58014, 1655041, 1, 0, 0
58500, 1636047, 1, 0, 0
59001, 1553203, 1, 0, 0
59505, 1550488, 1, 0, 0
60007, 1519031, 1, 0, 0
60008, 16388936, 1, 0, 0
