500, 1194, 1, 0, 0
1000, 1193, 1, 0, 0
1500, 1186, 1, 0, 0
2000, 1187, 1, 0, 0
2500, 1182, 1, 0, 0
3000, 1191, 1, 0, 0
3500, 1191, 1, 0, 0
4000, 1198, 1, 0, 0
4500, 1191, 1, 0, 0
5000, 1229, 1, 0, 0
5500, 1184, 1, 0, 0
6012, 1206, 1, 0, 0
6505, 1217, 1, 0, 0
7000, 1231, 1, 0, 0
7510, 1213, 1, 0, 0
8001, 1225, 1, 0, 0
8512, 1210, 1, 0, 0
9004, 1216, 1, 0, 0
9512, 1210, 1, 0, 0
10001, 1214, 1, 0, 0
10511, 1211, 1, 0, 0
11000, 1209, 1, 0, 0
11507, 1210, 1, 0, 0
12014, 1269, 1, 0, 0
12501, 1207, 1, 0, 0
13008, 1202, 1, 0, 0
13500, 1210, 1, 0, 0
14007, 1203, 1, 0, 0
14516, 1203, 1, 0, 0
15006, 1204, 1, 0, 0
15513, 1205, 1, 0, 0
16003, 1217, 1, 0, 0
16512, 1207, 1, 0, 0
17000, 1204, 1, 0, 0
17509, 1209, 1, 0, 0
18000, 1272, 1, 0, 0
18503, 1204, 1, 0, 0
19009, 1207, 1, 0, 0
19515, 1200, 1, 0, 0
20002, 1206, 1, 0, 0
20508, 1208, 1, 0, 0
21015, 1212, 1, 0, 0
21501, 1210, 1, 0, 0
22007, 1270, 1, 0, 0
22512, 2367, 1, 0, 0
23000, 1462, 1, 0, 0
23504, 1201, 1, 0, 0
24010, 1208, 1, 0, 0
24514, 1211, 1, 0, 0
25000, 1231, 1, 0, 0
25504, 1200, 1, 0, 0
26007, 1206, 1, 0, 0
26511, 1208, 1, 0, 0
27015, 1209, 1, 0, 0
27500, 1204, 1, 0, 0
28001, 1212, 1, 0, 0
28503, 1204, 1, 0, 0
29004, 1200, 1, 0, 0
29508, 1203, 1, 0, 0
30009, 1210, 1, 0, 0
30509, 1253, 1, 0, 0
31009, 1227, 1, 0, 0
31509, 2199, 1, 0, 0
32009, 1873, 1, 0, 0
32506, 1208, 1, 0, 0
33004, 1209, 1, 0, 0
33500, 1217, 1, 0, 0
34000, 1220, 1, 0, 0
34507, 1212, 1, 0, 0
35000, 1211, 1, 0, 0
35506, 1209, 1, 0, 0
36000, 1271, 1, 0, 0
36509, 1204, 1, 0, 0
37000, 1210, 1, 0, 0
37500, 1210, 1, 0, 0
38001, 1203, 1, 0, 0
38513, 1210, 1, 0, 0
39005, 1209, 1, 0, 0
39500, 1218, 1, 0, 0
40010, 1227, 1, 0, 0
40501, 1207, 1, 0, 0
41011, 1213, 1, 0, 0
41502, 1212, 1, 0, 0
42012, 1210, 1, 0, 0
42500, 1231, 1, 0, 0
43009, 1243, 1, 0, 0
43516, 1212, 1, 0, 0
44002, 1210, 1, 0, 0
44509, 1207, 1, 0, 0
45016, 1215, 1, 0, 0
45505, 1219, 1, 0, 0
46014, 2143, 1, 0, 0
46505, 1923, 1, 0, 0
47014, 1581, 1, 0, 0
47503, 1209, 1, 0, 0
48011, 1237, 1, 0, 0
48500, 1205, 1, 0, 0
49006, 1212, 1, 0, 0
49512, 1198, 1, 0, 0
50000, 1209, 1, 0, 0
50507, 1211, 1, 0, 0
51013, 1211, 1, 0, 0
51500, 1198, 1, 0, 0
52005, 1204, 1, 0, 0
52512, 1208, 1, 0, 0
53000, 1207, 1, 0, 0
53505, 1208, 1, 0, 0
54011, 1213, 1, 0, 0
54500, 1208, 1, 0, 0
55005, 1210, 1, 0, 0
55511, 1210, 1, 0, 0
56000, 1213, 1, 0, 0
56502, 1219, 1, 0, 0
57006, 1212, 1, 0, 0
57511, 1208, 1, 0, 0
58014, 1211, 1, 0, 0
58500, 1216, 1, 0, 0
59001, 1212, 1, 0, 0
59505, 1209, 1, 0, 0
60008, 1211, 1, 0, 0
