500, 232091, 1, 0, 0
1000, 232105, 1, 0, 0
1500, 232336, 1, 0, 0
2000, 231795, 1, 0, 0
2500, 231611, 1, 0, 0
3000, 232139, 1, 0, 0
3500, 231494, 1, 0, 0
4000, 230861, 1, 0, 0
4500, 232439, 1, 0, 0
5000, 231937, 1, 0, 0
5500, 231043, 1, 0, 0
6014, 567163, 1, 0, 0
6505, 3786777, 1, 0, 0
7015, 3579298, 1, 0, 0
7502, 3653639, 1, 0, 0
8007, 3623840, 1, 0, 0
8514, 3443613, 1, 0, 0
9013, 3407168, 1, 0, 0
9516, 3275578, 1, 0, 0
10000, 2973855, 1, 0, 0
10512, 3013419, 1, 0, 0
11012, 2855605, 1, 0, 0
11500, 3127773, 1, 0, 0
12002, 2975968, 1, 0, 0
12510, 2798644, 1, 0, 0
13000, 2757885, 1, 0, 0
13505, 2744178, 1, 0, 0
14012, 2736922, 1, 0, 0
14506, 2781514, 1, 0, 0
15003, 2781331, 1, 0, 0
15502, 2790959, 1, 0, 0
16009, 2882544, 1, 0, 0
16502, 2811120, 1, 0, 0
17000, 3156473, 1, 0, 0
17505, 2742036, 1, 0, 0
18009, 2835697, 1, 0, 0
18504, 2644131, 1, 0, 0
19007, 2775422, 1, 0, 0
19500, 2591594, 1, 0, 0
20010, 2368228, 1, 0, 0
20500, 2760849, 1, 0, 0
21000, 2720666, 1, 0, 0
21500, 2765919, 1, 0, 0
22004, 2827154, 1, 0, 0
22512, 2477569, 1, 0, 0
23011, 2647527, 1, 0, 0
23500, 2533646, 1, 0, 0
24012, 2742946, 1, 0, 0
24500, 2256770, 1, 0, 0
25013, 2619067, 1, 0, 0
25508, 2540225, 1, 0, 0
26000, 2705192, 1, 0, 0
26503, 2679465, 1, 0, 0
27011, 2544824, 1, 0, 0
27500, 2711663, 1, 0, 0
28001, 2619774, 1, 0, 0
28511, 2541831, 1, 0, 0
29010, 2631039, 1, 0, 0
29506, 2697533, 1, 0, 0
30012, 2479441, 1, 0, 0
30506, 2261118, 1, 0, 0
31000, 2232436, 1, 0, 0
31500, 2520020, 1, 0, 0
32013, 2427837, 1, 0, 0
32511, 2234712, 1, 0, 0
33000, 2199040, 1, 0, 0
33510, 2368634, 1, 0, 0
34007, 2360420, 1, 0, 0
34513, 2364383, 1, 0, 0
35006, 2287929, 1, 0, 0
35503, 2061192, 1, 0, 0
36007, 2181059, 1, 0, 0
36503, 2115017, 1, 0, 0
37013, 2036560, 1, 0, 0
37504, 2223409, 1, 0, 0
38009, 2198211, 1, 0, 0
38506, 2096585, 1, 0, 0
39003, 2036034, 1, 0, 0
39508, 2071857, 1, 0, 0
40000, 2053627, 1, 0, 0
40500, 2005503, 1, 0, 0
41001, 1892599, 1, 0, 0
41501, 1913006, 1, 0, 0
42010, 1896354, 1, 0, 0
42500, 1616139, 1, 0, 0
43007, 1744432, 1, 0, 0
43500, 1692746, 1, 0, 0
44000, 1651353, 1, 0, 0
44501, 1575049, 1, 0, 0
45011, 1515157, 1, 0, 0
45508, 1404545, 1, 0, 0
46002, 1339385, 1, 0, 0
46500, 1299207, 1, 0, 0
47000, 1284736, 1, 0, 0
47504, 1088818, 1, 0, 0
48003, 1069165, 1, 0, 0
48500, 979597, 1, 0, 0
49001, 784713, 1, 0, 0
49500, 724353, 1, 0, 0
50000, 474786, 1, 0, 0
50507, 297205, 1, 0, 0
51016, 3889996, 1, 0, 0
51506, 3858637, 1, 0, 0
52011, 3823568, 1, 0, 0
52500, 3656270, 1, 0, 0
53006, 3325976, 1, 0, 0
53508, 3385608, 1, 0, 0
54009, 3228131, 1, 0, 0
54510, 3069961, 1, 0, 0
55007, 3122348, 1, 0, 0
55505, 2972981, 1, 0, 0
56000, 2907156, 1, 0, 0
56506, 3054837, 1, 0, 0
57002, 2615377, 1, 0, 0
57502, 2908747, 1, 0, 0
58007, 2721480, 1, 0, 0
58500, 2677491, 1, 0, 0
59002, 2756615, 1, 0, 0
59500, 2760514, 1, 0, 0
60006, 2942037, 1, 0, 0
60007, 17305820, 1, 0, 0
