500, 136996, 1, 0, 0
1000, 136996, 1, 0, 0
1500, 136852, 1, 0, 0
2000, 137176, 1, 0, 0
2500, 137276, 1, 0, 0
3000, 136966, 1, 0, 0
3500, 137334, 1, 0, 0
4000, 137736, 1, 0, 0
4500, 136804, 1, 0, 0
5000, 137064, 1, 0, 0
5500, 137614, 1, 0, 0
6000, 55942, 1, 0, 0
6500, 8284, 1, 0, 0
7000, 9112, 1, 0, 0
7500, 8524, 1, 0, 0
8000, 8932, 1, 0, 0
8500, 9404, 1, 0, 0
9000, 9400, 1, 0, 0
9500, 9796, 1, 0, 0
10000, 10810, 1, 0, 0
10500, 10503, 1, 0, 0
11000, 11220, 1, 0, 0
11500, 10296, 1, 0, 0
12000, 10488, 1, 0, 0
12500, 11580, 1, 0, 0
13000, 11364, 1, 0, 0
13500, 11772, 1, 0, 0
14000, 11860, 1, 0, 0
14500, 11348, 1, 0, 0
15000, 11448, 1, 0, 0
15500, 11420, 1, 0, 0
16000, 11304, 1, 0, 0
16500, 11172, 1, 0, 0
17000, 10416, 1, 0, 0
17500, 11436, 1, 0, 0
18000, 11436, 1, 0, 0
18500, 11836, 1, 0, 0
19000, 11640, 1, 0, 0
19500, 12520, 1, 0, 0
20000, 13412, 1, 0, 0
20500, 11656, 1, 0, 0
21000, 11864, 1, 0, 0
21500, 11472, 1, 0, 0
22001, 11076, 1, 0, 0
22500, 13130, 1, 0, 0
23000, 12048, 1, 0, 0
23500, 12312, 1, 0, 0
24000, 11948, 1, 0, 0
24500, 13880, 1, 0, 0
25000, 12508, 1, 0, 0
25500, 12472, 1, 0, 0
26000, 11932, 1, 0, 0
26500, 11736, 1, 0, 0
27000, 12724, 1, 0, 0
27500, 11876, 1, 0, 0
28000, 11960, 1, 0, 0
28500, 12800, 1, 0, 0
29000, 12100, 1, 0, 0
29500, 11768, 1, 0, 0
30000, 13056, 1, 0, 0
30500, 13916, 1, 0, 0
31000, 14640, 1, 0, 0
31500, 12764, 1, 0, 0
32000, 13012, 1, 0, 0
32500, 14264, 1, 0, 0
33000, 14724, 1, 0, 0
33500, 13308, 1, 0, 0
34000, 13432, 1, 0, 0
34500, 13664, 1, 0, 0
35000, 13824, 1, 0, 0
35500, 15456, 1, 0, 0
36000, 14792, 1, 0, 0
36500, 14980, 1, 0, 0
37000, 15960, 1, 0, 0
37500, 14192, 1, 0, 0
38000, 14692, 1, 0, 0
38500, 15168, 1, 0, 0
39000, 15579, 1, 0, 0
39500, 15680, 1, 0, 0
40000, 15664, 1, 0, 0
40500, 15964, 1, 0, 0
41000, 16484, 1, 0, 0
41500, 16748, 1, 0, 0
42000, 17192, 1, 0, 0
42500, 19824, 1, 0, 0
43000, 18144, 1, 0, 0
43500, 19136, 1, 0, 0
44000, 19320, 1, 0, 0
44500, 19860, 1, 0, 0
45000, 21484, 1, 0, 0
45500, 22748, 1, 0, 0
46000, 23548, 1, 0, 0
46500, 25108, 1, 0, 0
47000, 24812, 1, 0, 0
47500, 29000, 1, 0, 0
48000, 29848, 1, 0, 0
48500, 33048, 1, 0, 0
49000, 40288, 1, 0, 0
49500, 44600, 1, 0, 0
50000, 67266, 1, 0, 0
50500, 105402, 1, 0, 0
51000, 8336, 1, 0, 0
51500, 8116, 1, 0, 0
52000, 8509, 1, 0, 0
52500, 8806, 1, 0, 0
53000, 9434, 1, 0, 0
53500, 9476, 1, 0, 0
54000, 9936, 1, 0, 0
54500, 10460, 1, 0, 0
55000, 10168, 1, 0, 0
55500, 10720, 1, 0, 0
56000, 10900, 1, 0, 0
56500, 10568, 1, 0, 0
57000, 12148, 1, 0, 0
57500, 11040, 1, 0, 0
58000, 11832, 1, 0, 0
58500, 12128, 1, 0, 0
59000, 11352, 1, 0, 0
59500, 11496, 1, 0, 0
60000, 10980, 1, 0, 0
