500, 1273, 1, 0, 0
1000, 1283, 1, 0, 0
1500, 1274, 1, 0, 0
2000, 1271, 1, 0, 0
2500, 1269, 1, 0, 0
3000, 1277, 1, 0, 0
3500, 1264, 1, 0, 0
4000, 1269, 1, 0, 0
4500, 1270, 1, 0, 0
5000, 1269, 1, 0, 0
5500, 1263, 1, 0, 0
6014, 1344, 1, 0, 0
6505, 1281, 1, 0, 0
7015, 1289, 1, 0, 0
7502, 1280, 1, 0, 0
8007, 1287, 1, 0, 0
8514, 1285, 1, 0, 0
9013, 1280, 1, 0, 0
9516, 1278, 1, 0, 0
10000, 1473, 1, 0, 0
10512, 1297, 1, 0, 0
11012, 1334, 1, 0, 0
11500, 1281, 1, 0, 0
12002, 1276, 1, 0, 0
12510, 1274, 1, 0, 0
13000, 1282, 1, 0, 0
13505, 1278, 1, 0, 0
14012, 1268, 1, 0, 0
14506, 1266, 1, 0, 0
15003, 1295, 1, 0, 0
15502, 1271, 1, 0, 0
16009, 1276, 1, 0, 0
16502, 1282, 1, 0, 0
17000, 1273, 1, 0, 0
17505, 1271, 1, 0, 0
18009, 1278, 1, 0, 0
18504, 1274, 1, 0, 0
19007, 1282, 1, 0, 0
19500, 1277, 1, 0, 0
20010, 1716, 1, 0, 0
20500, 2418, 1, 0, 0
21000, 1880, 1, 0, 0
21500, 1728, 1, 0, 0
22004, 2471, 1, 0, 0
22512, 1983, 1, 0, 0
23011, 1268, 1, 0, 0
23500, 1267, 1, 0, 0
24012, 1276, 1, 0, 0
24500, 1267, 1, 0, 0
25013, 1276, 1, 0, 0
25508, 1274, 1, 0, 0
26000, 1270, 1, 0, 0
26503, 1270, 1, 0, 0
27011, 1268, 1, 0, 0
27500, 1267, 1, 0, 0
28001, 1272, 1, 0, 0
28511, 1272, 1, 0, 0
29010, 1269, 1, 0, 0
29506, 1262, 1, 0, 0
30012, 1270, 1, 0, 0
30506, 1270, 1, 0, 0
31000, 1266, 1, 0, 0
31500, 1273, 1, 0, 0
32013, 1266, 1, 0, 0
32511, 1264, 1, 0, 0
33000, 1262, 1, 0, 0
33510, 1265, 1, 0, 0
34007, 1265, 1, 0, 0
34513, 1270, 1, 0, 0
35006, 1276, 1, 0, 0
35503, 1265, 1, 0, 0
36007, 1269, 1, 0, 0
36503, 1265, 1, 0, 0
37013, 1274, 1, 0, 0
37504, 1283, 1, 0, 0
38009, 1279, 1, 0, 0
38506, 1269, 1, 0, 0
39003, 1275, 1, 0, 0
39508, 1262, 1, 0, 0
40000, 1269, 1, 0, 0
40500, 1270, 1, 0, 0
41001, 1282, 1, 0, 0
41501, 1282, 1, 0, 0
42010, 1283, 1, 0, 0
42500, 1280, 1, 0, 0
43007, 1283, 1, 0, 0
43500, 1290, 1, 0, 0
44000, 1278, 1, 0, 0
44501, 1284, 1, 0, 0
45011, 1283, 1, 0, 0
45508, 1284, 1, 0, 0
46002, 1284, 1, 0, 0
46500, 1290, 1, 0, 0
47000, 1286, 1, 0, 0
47504, 1428, 1, 0, 0
48003, 1366, 1, 0, 0
48500, 1337, 1, 0, 0
49001, 1276, 1, 0, 0
49500, 1262, 1, 0, 0
50000, 1269, 1, 0, 0
50507, 1272, 1, 0, 0
51016, 1280, 1, 0, 0
51506, 1298, 1, 0, 0
52011, 1283, 1, 0, 0
52500, 1280, 1, 0, 0
53006, 1276, 1, 0, 0
53508, 1278, 1, 0, 0
54009, 1285, 1, 0, 0
54510, 1267, 1, 0, 0
55007, 1276, 1, 0, 0
55505, 1292, 1, 0, 0
56000, 1266, 1, 0, 0
56506, 1271, 1, 0, 0
57002, 1268, 1, 0, 0
57502, 1275, 1, 0, 0
58007, 1277, 1, 0, 0
58500, 1279, 1, 0, 0
59002, 1279, 1, 0, 0
59500, 1264, 1, 0, 0
60007, 1266, 1, 0, 0
