500, 233364, 1, 0, 0
1000, 233389, 1, 0, 0
1500, 233610, 1, 0, 0
2000, 233066, 1, 0, 0
2500, 232880, 1, 0, 0
3000, 233416, 1, 0, 0
3500, 232758, 1, 0, 0
4000, 232130, 1, 0, 0
4500, 233708, 1, 0, 0
5000, 233206, 1, 0, 0
5500, 232307, 1, 0, 0
6014, 568507, 1, 0, 0
6505, 3788059, 1, 0, 0
7015, 3580587, 1, 0, 0
7502, 3654919, 1, 0, 0
8007, 3625128, 1, 0, 0
8514, 3444897, 1, 0, 0
9013, 3408449, 1, 0, 0
9516, 3276856, 1, 0, 0
10000, 2975328, 1, 0, 0
10512, 3014715, 1, 0, 0
11012, 2856939, 1, 0, 0
11500, 3129055, 1, 0, 0
12002, 2977244, 1, 0, 0
12510, 2799918, 1, 0, 0
13000, 2759167, 1, 0, 0
13505, 2745456, 1, 0, 0
14012, 2738190, 1, 0, 0
14506, 2782780, 1, 0, 0
15003, 2782626, 1, 0, 0
15502, 2792230, 1, 0, 0
16009, 2883821, 1, 0, 0
16502, 2812402, 1, 0, 0
17000, 3157747, 1, 0, 0
17505, 2743306, 1, 0, 0
18009, 2836975, 1, 0, 0
18504, 2645405, 1, 0, 0
19007, 2776704, 1, 0, 0
19500, 2592870, 1, 0, 0
20010, 2369939, 1, 0, 0
20500, 2763267, 1, 0, 0
21000, 2722552, 1, 0, 0
21500, 2767640, 1, 0, 0
22004, 2829625, 1, 0, 0
22512, 2479557, 1, 0, 0
23011, 2648795, 1, 0, 0
23500, 2534913, 1, 0, 0
24012, 2744222, 1, 0, 0
24500, 2258037, 1, 0, 0
25013, 2620343, 1, 0, 0
25508, 2541499, 1, 0, 0
26000, 2706463, 1, 0, 0
26503, 2680735, 1, 0, 0
27011, 2546092, 1, 0, 0
27500, 2712931, 1, 0, 0
28001, 2621046, 1, 0, 0
28511, 2543103, 1, 0, 0
29010, 2632308, 1, 0, 0
29506, 2698794, 1, 0, 0
30012, 2480712, 1, 0, 0
30506, 2262387, 1, 0, 0
31000, 2233701, 1, 0, 0
31500, 2521293, 1, 0, 0
32013, 2429103, 1, 0, 0
32511, 2235976, 1, 0, 0
33000, 2200303, 1, 0, 0
33510, 2369898, 1, 0, 0
34007, 2361685, 1, 0, 0
34513, 2365653, 1, 0, 0
35006, 2289205, 1, 0, 0
35503, 2062457, 1, 0, 0
36007, 2182328, 1, 0, 0
36503, 2116282, 1, 0, 0
37013, 2037834, 1, 0, 0
37504, 2224692, 1, 0, 0
38009, 2199490, 1, 0, 0
38506, 2097854, 1, 0, 0
39003, 2037308, 1, 0, 0
39508, 2073119, 1, 0, 0
40000, 2054897, 1, 0, 0
40500, 2006772, 1, 0, 0
41001, 1893881, 1, 0, 0
41501, 1914288, 1, 0, 0
42010, 1897637, 1, 0, 0
42500, 1617419, 1, 0, 0
43007, 1745715, 1, 0, 0
43500, 1694036, 1, 0, 0
44000, 1652631, 1, 0, 0
44501, 1576332, 1, 0, 0
45011, 1516439, 1, 0, 0
45508, 1405829, 1, 0, 0
46002, 1340669, 1, 0, 0
46500, 1300497, 1, 0, 0
47000, 1286022, 1, 0, 0
47504, 1090242, 1, 0, 0
48003, 1070534, 1, 0, 0
48500, 980935, 1, 0, 0
49001, 785989, 1, 0, 0
49500, 725615, 1, 0, 0
50000, 476055, 1, 0, 0
50507, 298477, 1, 0, 0
51016, 3891277, 1, 0, 0
51506, 3859934, 1, 0, 0
52011, 3824850, 1, 0, 0
52500, 3657551, 1, 0, 0
53006, 3327252, 1, 0, 0
53508, 3386887, 1, 0, 0
54009, 3229416, 1, 0, 0
54510, 3071229, 1, 0, 0
55007, 3123624, 1, 0, 0
55505, 2974273, 1, 0, 0
56000, 2908422, 1, 0, 0
56506, 3056107, 1, 0, 0
57002, 2616645, 1, 0, 0
57502, 2910021, 1, 0, 0
58007, 2722758, 1, 0, 0
58500, 2678770, 1, 0, 0
59002, 2757895, 1, 0, 0
59500, 2761778, 1, 0, 0
60006, 2943304, 1, 0, 0
60007, 17307044, 1, 0, 0
