[68974.756627] KSC2026-MARK map16k_bs16k_r2 insmod 1791444737234284714
[68974.770095] NVMeVirt: Version 1.10 for >> Samsung 970 Pro SSD <<
[68974.770104] NVMeVirt: Storage: 0x300100000-0x600000000 (12287 MiB)
[68974.780885] NVMeVirt: Total Capacity(GiB,MiB)=3,3072 chs=2 luns=4 lines=384 blk-size(MiB,KiB)=2,2048 line-size(MiB,KiB)=8,8192
[68974.780890] NVMeVirt: KSC2026: mapping unit=16384 B, flash page=32768 B, oneshot page=32768 B, pgs_per_blk=128, blks_per_pl=384, write buffer=1048576 B
[68974.786694] NVMeVirt: [chmodel_init] bandwidth 800 max_credits 26 tx_time 152
[68974.790144] NVMeVirt: [chmodel_init] bandwidth 800 max_credits 26 tx_time 152
[68974.790155] NVMeVirt: [chmodel_init] bandwidth 3360 max_credits 110 tx_time 36
[68974.790529] NVMeVirt: pqueue: Copyright (c) 2014, Volkan Yazıcı <volkan.yazici@gmail.com>. All rights reserved.
[68974.790530] NVMeVirt: Init FTL instance with 2 channels (196608 pages)
[68974.793629] NVMeVirt: [chmodel_init] bandwidth 800 max_credits 26 tx_time 152
[68974.796739] NVMeVirt: [chmodel_init] bandwidth 800 max_credits 26 tx_time 152
[68974.796750] NVMeVirt: [chmodel_init] bandwidth 3360 max_credits 110 tx_time 36
[68974.797084] NVMeVirt: Init FTL instance with 2 channels (196608 pages)
[68974.800186] NVMeVirt: [chmodel_init] bandwidth 800 max_credits 26 tx_time 152
[68974.803250] NVMeVirt: [chmodel_init] bandwidth 800 max_credits 26 tx_time 152
[68974.803261] NVMeVirt: [chmodel_init] bandwidth 3360 max_credits 110 tx_time 36
[68974.803613] NVMeVirt: Init FTL instance with 2 channels (196608 pages)
[68974.806671] NVMeVirt: [chmodel_init] bandwidth 800 max_credits 26 tx_time 152
[68974.809746] NVMeVirt: [chmodel_init] bandwidth 800 max_credits 26 tx_time 152
[68974.809756] NVMeVirt: [chmodel_init] bandwidth 3360 max_credits 110 tx_time 36
[68974.810092] NVMeVirt: Init FTL instance with 2 channels (196608 pages)
[68974.810096] NVMeVirt: FTL physical space: 12883853312, logical space: 12040984403 (physical/logical * 100 = 107)
[68974.810096] NVMeVirt: KSC2026: WBUF_FIX=1 GC_STATS=1
[68974.810097] NVMeVirt: ns 0/1: size 11483 MiB
[68974.810128] PCI host bridge to bus 0001:10
[68974.810130] pci_bus 0001:10: root bus resource [io  0x0000-0xffff]
[68974.810132] pci_bus 0001:10: root bus resource [mem 0x00000000-0x3fffffffffff]
[68974.810133] pci_bus 0001:10: root bus resource [bus 00-ff]
[68974.810138] pci 0001:10:00.0: [0c51:0110] type 00 class 0x010802 PCIe Endpoint
[68974.810140] pci 0001:10:00.0: BAR 0 [mem 0x300000000-0x300003fff 64bit]
[68974.810142] pci 0001:10:00.0: enabling Extended Tags
[68974.810238] NVMeVirt: Virtual PCI bus created (node 0)
[68974.810445] NVMeVirt: nvmev_io_worker_0 started on cpu 4 (node 0)
[68974.810628] NVMeVirt: nvmev_io_worker_1 started on cpu 5 (node 0)
[68974.810639] NVMeVirt: nvmev_dispatcher started on cpu 3 (node 0)
[68974.810720] nvme nvme1: pci function 0001:10:00.0
[68974.813928] nvme nvme1: 1/0/0 default/read/poll queues
[68974.814872] NVMeVirt: Virtual NVMe device created
[68980.852668] KSC2026-MARK map16k_bs16k_r2 fio-start 1791444743343520765
[68986.773518] NVMeVirt: KSC2026: first GC part=0 victim line=135 vpc=468 ipc=44 free_lines=2 host_pgs=194560
[68986.774808] NVMeVirt: KSC2026: first GC part=1 victim line=144 vpc=465 ipc=47 free_lines=2 host_pgs=194560
[68986.795104] NVMeVirt: KSC2026: first GC part=2 victim line=218 vpc=466 ipc=46 free_lines=2 host_pgs=194560
[68986.795236] NVMeVirt: KSC2026: first GC part=3 victim line=182 vpc=466 ipc=46 free_lines=2 host_pgs=194560
[69041.890372] KSC2026-MARK map16k_bs16k_r2 fio-end
[69041.894371] KSC2026-MARK map16k_bs16k_r2 rmmod 1791444804386816990
[69041.945393] pci_bus 0001:10: busn_res: [bus 10-ff] is released
[69041.945614] NVMeVirt: KSC2026: stats part=0 host_pgs=403495 gc_pgs=857538 gc_cnt=2082 free_lines=2
[69041.945616] NVMeVirt: KSC2026: stats part=1 host_pgs=403619 gc_pgs=858429 gc_cnt=2084 free_lines=2
[69041.945616] NVMeVirt: KSC2026: stats part=2 host_pgs=403588 gc_pgs=854387 gc_cnt=2076 free_lines=2
[69041.945617] NVMeVirt: KSC2026: stats part=3 host_pgs=403156 gc_pgs=850715 gc_cnt=2068 free_lines=2
[69041.973688] NVMeVirt: Virtual NVMe device closed
