500, 2290304, 1, 0, 0
1000, 2286912, 1, 0, 0
1500, 2286688, 1, 0, 0
2000, 2286912, 1, 0, 0
2500, 2287104, 1, 0, 0
3000, 2286685, 1, 0, 0
3500, 2286944, 1, 0, 0
4000, 2286688, 1, 0, 0
4500, 2286688, 1, 0, 0
5000, 2286912, 1, 0, 0
5500, 2113376, 1, 0, 0
6000, 121856, 1, 0, 0
6500, 126976, 1, 0, 0
7000, 139008, 1, 0, 0
7500, 141824, 1, 0, 0
8000, 156928, 1, 0, 0
8500, 160000, 1, 0, 0
9000, 176640, 1, 0, 0
9500, 179456, 1, 0, 0
10000, 200768, 1, 0, 0
10500, 209344, 1, 0, 0
11000, 222912, 1, 0, 0
11500, 228160, 1, 0, 0
12000, 247808, 1, 0, 0
12500, 243200, 1, 0, 0
13000, 210176, 1, 0, 0
13500, 206080, 1, 0, 0
14000, 212905, 1, 0, 0
14500, 222976, 1, 0, 0
15000, 219136, 1, 0, 0
15500, 236288, 1, 0, 0
16000, 231424, 1, 0, 0
16500, 241152, 1, 0, 0
17000, 242048, 1, 0, 0
17500, 242816, 1, 0, 0
18000, 251136, 1, 0, 0
18500, 247136, 1, 0, 0
19000, 244640, 1, 0, 0
19500, 256000, 1, 0, 0
20000, 258816, 1, 0, 0
20500, 254976, 1, 0, 0
21000, 271104, 1, 0, 0
21500, 267424, 1, 0, 0
22000, 266336, 1, 0, 0
22500, 281088, 1, 0, 0
23000, 286720, 1, 0, 0
23500, 278784, 1, 0, 0
24000, 294656, 1, 0, 0
24500, 301056, 1, 0, 0
25000, 306816, 1, 0, 0
25500, 299008, 1, 0, 0
26000, 318336, 1, 0, 0
26500, 326284, 1, 0, 0
27000, 330752, 1, 0, 0
27500, 340480, 1, 0, 0
28000, 341248, 1, 0, 0
28500, 349760, 1, 0, 0
29000, 353504, 1, 0, 0
29500, 376032, 1, 0, 0
30000, 386304, 1, 0, 0
30500, 401664, 1, 0, 0
31000, 410624, 1, 0, 0
31500, 420864, 1, 0, 0
32000, 440320, 1, 0, 0
32500, 469696, 1, 0, 0
33000, 497984, 1, 0, 0
33500, 505600, 1, 0, 0
34000, 534016, 1, 0, 0
34500, 583296, 1, 0, 0
35000, 617344, 1, 0, 0
35500, 683840, 1, 0, 0
36000, 754880, 1, 0, 0
36500, 877568, 1, 0, 0
37000, 1055840, 1, 0, 0
37500, 1555584, 1, 0, 0
38000, 1447022, 1, 0, 0
38500, 129792, 1, 0, 0
39000, 130304, 1, 0, 0
39500, 137216, 1, 0, 0
40000, 151296, 1, 0, 0
40500, 154368, 1, 0, 0
41000, 170496, 1, 0, 0
41500, 174336, 1, 0, 0
42000, 192768, 1, 0, 0
42500, 196352, 1, 0, 0
43000, 216576, 1, 0, 0
43500, 222720, 1, 0, 0
44000, 240896, 1, 0, 0
44500, 254208, 1, 0, 0
45000, 235776, 1, 0, 0
45500, 207104, 1, 0, 0
46000, 204544, 1, 0, 0
46500, 216576, 1, 0, 0
47000, 223488, 1, 0, 0
47500, 218624, 1, 0, 0
48000, 235776, 1, 0, 0
48500, 238496, 1, 0, 0
49000, 235104, 1, 0, 0
49500, 245760, 1, 0, 0
50000, 236032, 1, 0, 0
50500, 251126, 1, 0, 0
51000, 252480, 1, 0, 0
51500, 248000, 1, 0, 0
52000, 255488, 1, 0, 0
52500, 250816, 1, 0, 0
53000, 253504, 1, 0, 0
53500, 267776, 1, 0, 0
54000, 271296, 1, 0, 0
54500, 268352, 1, 0, 0
55000, 282112, 1, 0, 0
55500, 288000, 1, 0, 0
56000, 289792, 1, 0, 0
56500, 292096, 1, 0, 0
57000, 299520, 1, 0, 0
57500, 305152, 1, 0, 0
58000, 311808, 1, 0, 0
58500, 305984, 1, 0, 0
59000, 330688, 1, 0, 0
59500, 330752, 1, 0, 0
60000, 336896, 1, 0, 0
