500, 1207, 1, 0, 0
1000, 1201, 1, 0, 0
1500, 1198, 1, 0, 0
2000, 1196, 1, 0, 0
2500, 1200, 1, 0, 0
3000, 1197, 1, 0, 0
3500, 1202, 1, 0, 0
4000, 1206, 1, 0, 0
4500, 1199, 1, 0, 0
5000, 1201, 1, 0, 0
5517, 1188, 1, 0, 0
6007, 1221, 1, 0, 0
6501, 1230, 1, 0, 0
7012, 1230, 1, 0, 0
7503, 1287, 1, 0, 0
8014, 1223, 1, 0, 0
8505, 1235, 1, 0, 0
9000, 1232, 1, 0, 0
9507, 1231, 1, 0, 0
10000, 1227, 1, 0, 0
10509, 1221, 1, 0, 0
11000, 1218, 1, 0, 0
11506, 1210, 1, 0, 0
12013, 1211, 1, 0, 0
12501, 1216, 1, 0, 0
13010, 1210, 1, 0, 0
13500, 1213, 1, 0, 0
14008, 1213, 1, 0, 0
14516, 1215, 1, 0, 0
15004, 1211, 1, 0, 0
15512, 1215, 1, 0, 0
16002, 1215, 1, 0, 0
16510, 1214, 1, 0, 0
17000, 1208, 1, 0, 0
17504, 1215, 1, 0, 0
18011, 1214, 1, 0, 0
18500, 1204, 1, 0, 0
19004, 1211, 1, 0, 0
19511, 1216, 1, 0, 0
20000, 1218, 1, 0, 0
20504, 1210, 1, 0, 0
21011, 1212, 1, 0, 0
21500, 1209, 1, 0, 0
22004, 1221, 1, 0, 0
22510, 1216, 1, 0, 0
23015, 1219, 1, 0, 0
23501, 1219, 1, 0, 0
24007, 1218, 1, 0, 0
24512, 1208, 1, 0, 0
25000, 1214, 1, 0, 0
25500, 1225, 1, 0, 0
26005, 1224, 1, 0, 0
26508, 1203, 1, 0, 0
27010, 1216, 1, 0, 0
27512, 1224, 1, 0, 0
28015, 1232, 1, 0, 0
28500, 1231, 1, 0, 0
29000, 1228, 1, 0, 0
29501, 1226, 1, 0, 0
30003, 1227, 1, 0, 0
30503, 1230, 1, 0, 0
31004, 1218, 1, 0, 0
31503, 1220, 1, 0, 0
32001, 1215, 1, 0, 0
32500, 1211, 1, 0, 0
33000, 1216, 1, 0, 0
33510, 1209, 1, 0, 0
34003, 1223, 1, 0, 0
34500, 1216, 1, 0, 0
35006, 1216, 1, 0, 0
35500, 1214, 1, 0, 0
36000, 1213, 1, 0, 0
36500, 1214, 1, 0, 0
37000, 1220, 1, 0, 0
37500, 1214, 1, 0, 0
38006, 1200, 1, 0, 0
38500, 1216, 1, 0, 0
39009, 1227, 1, 0, 0
39500, 1211, 1, 0, 0
40012, 1209, 1, 0, 0
40503, 1211, 1, 0, 0
41013, 1217, 1, 0, 0
41504, 1210, 1, 0, 0
42013, 1217, 1, 0, 0
42502, 1211, 1, 0, 0
43011, 1212, 1, 0, 0
43500, 1213, 1, 0, 0
44007, 1218, 1, 0, 0
44512, 1216, 1, 0, 0
45001, 1226, 1, 0, 0
45510, 1229, 1, 0, 0
46000, 1223, 1, 0, 0
46507, 1224, 1, 0, 0
47014, 1231, 1, 0, 0
47502, 1218, 1, 0, 0
48010, 1212, 1, 0, 0
48500, 1221, 1, 0, 0
49006, 1222, 1, 0, 0
49514, 1219, 1, 0, 0
50002, 1223, 1, 0, 0
50510, 1229, 1, 0, 0
51000, 1225, 1, 0, 0
51504, 1227, 1, 0, 0
52010, 1237, 1, 0, 0
52500, 1223, 1, 0, 0
53004, 1225, 1, 0, 0
53511, 1209, 1, 0, 0
54000, 1218, 1, 0, 0
54502, 1211, 1, 0, 0
55007, 1219, 1, 0, 0
55512, 1215, 1, 0, 0
56000, 1225, 1, 0, 0
56502, 1220, 1, 0, 0
57006, 1227, 1, 0, 0
57510, 1220, 1, 0, 0
58015, 1217, 1, 0, 0
58500, 1222, 1, 0, 0
59003, 1220, 1, 0, 0
59506, 1216, 1, 0, 0
60011, 1225, 1, 0, 0
