500, 143148, 1, 0, 0
1000, 142930, 1, 0, 0
1500, 142920, 1, 0, 0
2000, 142932, 1, 0, 0
2500, 142944, 1, 0, 0
3000, 142917, 1, 0, 0
3500, 142932, 1, 0, 0
4000, 142918, 1, 0, 0
4500, 142918, 1, 0, 0
5000, 142932, 1, 0, 0
5500, 132086, 1, 0, 0
6000, 7616, 1, 0, 0
6500, 7936, 1, 0, 0
7000, 8688, 1, 0, 0
7500, 8864, 1, 0, 0
8000, 9808, 1, 0, 0
8500, 10000, 1, 0, 0
9000, 11040, 1, 0, 0
9500, 11216, 1, 0, 0
10000, 12548, 1, 0, 0
10500, 13084, 1, 0, 0
11000, 13932, 1, 0, 0
11500, 14260, 1, 0, 0
12000, 15488, 1, 0, 0
12500, 15200, 1, 0, 0
13000, 13136, 1, 0, 0
13500, 12880, 1, 0, 0
14000, 13306, 1, 0, 0
14500, 13936, 1, 0, 0
15000, 13696, 1, 0, 0
15500, 14768, 1, 0, 0
16000, 14464, 1, 0, 0
16500, 15072, 1, 0, 0
17000, 15128, 1, 0, 0
17500, 15176, 1, 0, 0
18000, 15696, 1, 0, 0
18500, 15446, 1, 0, 0
19000, 15290, 1, 0, 0
19500, 16000, 1, 0, 0
20000, 16176, 1, 0, 0
20500, 15936, 1, 0, 0
21000, 16944, 1, 0, 0
21500, 16714, 1, 0, 0
22000, 16646, 1, 0, 0
22500, 17568, 1, 0, 0
23000, 17920, 1, 0, 0
23500, 17424, 1, 0, 0
24000, 18416, 1, 0, 0
24500, 18816, 1, 0, 0
25000, 19176, 1, 0, 0
25500, 18688, 1, 0, 0
26000, 19896, 1, 0, 0
26500, 20392, 1, 0, 0
27000, 20672, 1, 0, 0
27500, 21280, 1, 0, 0
28000, 21328, 1, 0, 0
28500, 21860, 1, 0, 0
29000, 22094, 1, 0, 0
29500, 23502, 1, 0, 0
30000, 24144, 1, 0, 0
30500, 25104, 1, 0, 0
31000, 25664, 1, 0, 0
31500, 26304, 1, 0, 0
32000, 27520, 1, 0, 0
32500, 29356, 1, 0, 0
33000, 31124, 1, 0, 0
33500, 31600, 1, 0, 0
34000, 33376, 1, 0, 0
34500, 36456, 1, 0, 0
35000, 38584, 1, 0, 0
35500, 42740, 1, 0, 0
36000, 47180, 1, 0, 0
36500, 54848, 1, 0, 0
37000, 65990, 1, 0, 0
37500, 97224, 1, 0, 0
38000, 90438, 1, 0, 0
38500, 8112, 1, 0, 0
39000, 8144, 1, 0, 0
39500, 8576, 1, 0, 0
40000, 9456, 1, 0, 0
40500, 9648, 1, 0, 0
41000, 10656, 1, 0, 0
41500, 10896, 1, 0, 0
42000, 12048, 1, 0, 0
42500, 12272, 1, 0, 0
43000, 13536, 1, 0, 0
43500, 13920, 1, 0, 0
44000, 15056, 1, 0, 0
44500, 15888, 1, 0, 0
45000, 14736, 1, 0, 0
45500, 12944, 1, 0, 0
46000, 12784, 1, 0, 0
46500, 13536, 1, 0, 0
47000, 13968, 1, 0, 0
47500, 13664, 1, 0, 0
48000, 14736, 1, 0, 0
48500, 14906, 1, 0, 0
49000, 14694, 1, 0, 0
49500, 15360, 1, 0, 0
50000, 14752, 1, 0, 0
50500, 15695, 1, 0, 0
51000, 15780, 1, 0, 0
51500, 15500, 1, 0, 0
52000, 15968, 1, 0, 0
52500, 15676, 1, 0, 0
53000, 15844, 1, 0, 0
53500, 16736, 1, 0, 0
54000, 16956, 1, 0, 0
54500, 16772, 1, 0, 0
55000, 17632, 1, 0, 0
55500, 18000, 1, 0, 0
56000, 18112, 1, 0, 0
56500, 18256, 1, 0, 0
57000, 18720, 1, 0, 0
57500, 19072, 1, 0, 0
58000, 19488, 1, 0, 0
58500, 19124, 1, 0, 0
59000, 20668, 1, 0, 0
59500, 20672, 1, 0, 0
60000, 21056, 1, 0, 0
