500, 223559, 1, 0, 0
1000, 223683, 1, 0, 0
1500, 223681, 1, 0, 0
2000, 223678, 1, 0, 0
2500, 223676, 1, 0, 0
3000, 223676, 1, 0, 0
3500, 223675, 1, 0, 0
4000, 223676, 1, 0, 0
4500, 223674, 1, 0, 0
5000, 223666, 1, 0, 0
5517, 241814, 1, 0, 0
6007, 4122036, 1, 0, 0
6501, 3984338, 1, 0, 0
7012, 3764813, 1, 0, 0
7503, 3547541, 1, 0, 0
8014, 3333487, 1, 0, 0
8505, 3136794, 1, 0, 0
9000, 2968670, 1, 0, 0
9507, 2806465, 1, 0, 0
10000, 2520262, 1, 0, 0
10509, 2480988, 1, 0, 0
11000, 2354091, 1, 0, 0
11506, 2175928, 1, 0, 0
12013, 2096340, 1, 0, 0
12501, 2054456, 1, 0, 0
13010, 2475579, 1, 0, 0
13500, 2522035, 1, 0, 0
14008, 2365939, 1, 0, 0
14516, 2333014, 1, 0, 0
15004, 2278152, 1, 0, 0
15512, 2205749, 1, 0, 0
16002, 2165570, 1, 0, 0
16510, 2156499, 1, 0, 0
17000, 2149867, 1, 0, 0
17504, 2049378, 1, 0, 0
18011, 2066278, 1, 0, 0
18500, 2102115, 1, 0, 0
19004, 2033705, 1, 0, 0
19511, 2026428, 1, 0, 0
20000, 2010603, 1, 0, 0
20504, 1951334, 1, 0, 0
21011, 1912856, 1, 0, 0
21500, 1949251, 1, 0, 0
22004, 1861219, 1, 0, 0
22510, 1842961, 1, 0, 0
23015, 1805357, 1, 0, 0
23501, 1783533, 1, 0, 0
24007, 1756030, 1, 0, 0
24512, 1718699, 1, 0, 0
25000, 1694982, 1, 0, 0
25500, 1647969, 1, 0, 0
26005, 1620310, 1, 0, 0
26508, 1582510, 1, 0, 0
27010, 1556570, 1, 0, 0
27512, 1509225, 1, 0, 0
28015, 1506855, 1, 0, 0
28500, 1468856, 1, 0, 0
29000, 1425650, 1, 0, 0
29501, 1341188, 1, 0, 0
30003, 1329858, 1, 0, 0
30503, 1276633, 1, 0, 0
31004, 1247983, 1, 0, 0
31503, 1215238, 1, 0, 0
32001, 1158308, 1, 0, 0
32500, 1124588, 1, 0, 0
33000, 1022881, 1, 0, 0
33510, 1004539, 1, 0, 0
34003, 947670, 1, 0, 0
34500, 898825, 1, 0, 0
35006, 815449, 1, 0, 0
35500, 760130, 1, 0, 0
36000, 678884, 1, 0, 0
36500, 582851, 1, 0, 0
37000, 485075, 1, 0, 0
37500, 328953, 1, 0, 0
38006, 345455, 1, 0, 0
38500, 4032139, 1, 0, 0
39009, 3871550, 1, 0, 0
39500, 3658769, 1, 0, 0
40012, 3466788, 1, 0, 0
40503, 3259964, 1, 0, 0
41013, 3063489, 1, 0, 0
41504, 2885231, 1, 0, 0
42013, 2702016, 1, 0, 0
42502, 2549995, 1, 0, 0
43011, 2405649, 1, 0, 0
43500, 2320277, 1, 0, 0
44007, 2088685, 1, 0, 0
44512, 2040207, 1, 0, 0
45001, 2118268, 1, 0, 0
45510, 2514984, 1, 0, 0
46000, 2483497, 1, 0, 0
46507, 2369247, 1, 0, 0
47014, 2324616, 1, 0, 0
47502, 2283852, 1, 0, 0
48010, 2206553, 1, 0, 0
48500, 2200532, 1, 0, 0
49006, 2109571, 1, 0, 0
49514, 2115447, 1, 0, 0
50002, 2113536, 1, 0, 0
50510, 2076523, 1, 0, 0
51000, 2055340, 1, 0, 0
51504, 2011399, 1, 0, 0
52010, 2029340, 1, 0, 0
52500, 2072248, 1, 0, 0
53004, 1963343, 1, 0, 0
53511, 1938843, 1, 0, 0
54000, 1906260, 1, 0, 0
54502, 1855347, 1, 0, 0
55007, 1833836, 1, 0, 0
55512, 1793500, 1, 0, 0
56000, 1793884, 1, 0, 0
56502, 1693705, 1, 0, 0
57006, 1722928, 1, 0, 0
57510, 1691002, 1, 0, 0
58015, 1658037, 1, 0, 0
58500, 1630746, 1, 0, 0
59003, 1549079, 1, 0, 0
59506, 1559268, 1, 0, 0
60010, 1531245, 1, 0, 0
60011, 16558256, 1, 0, 0
