500, 222352, 1, 0, 0
1000, 222482, 1, 0, 0
1500, 222483, 1, 0, 0
2000, 222482, 1, 0, 0
2500, 222476, 1, 0, 0
3000, 222479, 1, 0, 0
3500, 222473, 1, 0, 0
4000, 222470, 1, 0, 0
4500, 222475, 1, 0, 0
5000, 222464, 1, 0, 0
5517, 240626, 1, 0, 0
6007, 4120815, 1, 0, 0
6501, 3983108, 1, 0, 0
7012, 3763583, 1, 0, 0
7503, 3546253, 1, 0, 0
8014, 3332264, 1, 0, 0
8505, 3135559, 1, 0, 0
9000, 2967437, 1, 0, 0
9507, 2805234, 1, 0, 0
10000, 2519035, 1, 0, 0
10509, 2479767, 1, 0, 0
11000, 2352873, 1, 0, 0
11506, 2174718, 1, 0, 0
12013, 2095128, 1, 0, 0
12501, 2053240, 1, 0, 0
13010, 2474369, 1, 0, 0
13500, 2520824, 1, 0, 0
14008, 2364725, 1, 0, 0
14516, 2331799, 1, 0, 0
15004, 2276941, 1, 0, 0
15512, 2204533, 1, 0, 0
16002, 2164355, 1, 0, 0
16510, 2155285, 1, 0, 0
17000, 2148658, 1, 0, 0
17504, 2048162, 1, 0, 0
18011, 2065064, 1, 0, 0
18500, 2100911, 1, 0, 0
19004, 2032495, 1, 0, 0
19511, 2025211, 1, 0, 0
20000, 2009386, 1, 0, 0
20504, 1950124, 1, 0, 0
21011, 1911644, 1, 0, 0
21500, 1948043, 1, 0, 0
22004, 1859998, 1, 0, 0
22510, 1841745, 1, 0, 0
23015, 1804138, 1, 0, 0
23501, 1782315, 1, 0, 0
24007, 1754812, 1, 0, 0
24512, 1717492, 1, 0, 0
25000, 1693768, 1, 0, 0
25500, 1646743, 1, 0, 0
26005, 1619086, 1, 0, 0
26508, 1581308, 1, 0, 0
27010, 1555353, 1, 0, 0
27512, 1508001, 1, 0, 0
28015, 1505623, 1, 0, 0
28500, 1467625, 1, 0, 0
29000, 1424422, 1, 0, 0
29501, 1339962, 1, 0, 0
30003, 1328631, 1, 0, 0
30503, 1275403, 1, 0, 0
31004, 1246765, 1, 0, 0
31503, 1214018, 1, 0, 0
32001, 1157093, 1, 0, 0
32500, 1123377, 1, 0, 0
33000, 1021666, 1, 0, 0
33510, 1003330, 1, 0, 0
34003, 946447, 1, 0, 0
34500, 897609, 1, 0, 0
35006, 814233, 1, 0, 0
35500, 758916, 1, 0, 0
36000, 677671, 1, 0, 0
36500, 581637, 1, 0, 0
37000, 483855, 1, 0, 0
37500, 327739, 1, 0, 0
38006, 344255, 1, 0, 0
38500, 4030922, 1, 0, 0
39009, 3870322, 1, 0, 0
39500, 3657558, 1, 0, 0
40012, 3465579, 1, 0, 0
40503, 3258753, 1, 0, 0
41013, 3062272, 1, 0, 0
41504, 2884021, 1, 0, 0
42013, 2700799, 1, 0, 0
42502, 2548784, 1, 0, 0
43011, 2404437, 1, 0, 0
43500, 2319064, 1, 0, 0
44007, 2087467, 1, 0, 0
44512, 2038991, 1, 0, 0
45001, 2117042, 1, 0, 0
45510, 2513754, 1, 0, 0
46000, 2482274, 1, 0, 0
46507, 2368022, 1, 0, 0
47014, 2323386, 1, 0, 0
47502, 2282633, 1, 0, 0
48010, 2205341, 1, 0, 0
48500, 2199311, 1, 0, 0
49006, 2108349, 1, 0, 0
49514, 2114227, 1, 0, 0
50002, 2112313, 1, 0, 0
50510, 2075294, 1, 0, 0
51000, 2054114, 1, 0, 0
51504, 2010172, 1, 0, 0
52010, 2028104, 1, 0, 0
52500, 2071025, 1, 0, 0
53004, 1962117, 1, 0, 0
53511, 1937634, 1, 0, 0
54000, 1905041, 1, 0, 0
54502, 1854136, 1, 0, 0
55007, 1832617, 1, 0, 0
55512, 1792285, 1, 0, 0
56000, 1792660, 1, 0, 0
56502, 1692486, 1, 0, 0
57006, 1721700, 1, 0, 0
57510, 1689783, 1, 0, 0
58015, 1656819, 1, 0, 0
58500, 1629524, 1, 0, 0
59003, 1547859, 1, 0, 0
59506, 1558052, 1, 0, 0
60010, 1530020, 1, 0, 0
60011, 16557007, 1, 0, 0
