[69819.512810] KSC2026-MARK map4k_bs16k_r3 insmod 1791445582008026246
[69819.533256] NVMeVirt: Version 1.10 for >> Samsung 970 Pro SSD <<
[69819.533273] NVMeVirt: Storage: 0x300100000-0x600000000 (12287 MiB)
[69819.546489] NVMeVirt: Total Capacity(GiB,MiB)=3,3072 chs=2 luns=4 lines=384 blk-size(MiB,KiB)=2,2048 line-size(MiB,KiB)=8,8192
[69819.546494] NVMeVirt: KSC2026: mapping unit=4096 B, flash page=32768 B, oneshot page=32768 B, pgs_per_blk=512, blks_per_pl=384, write buffer=1048576 B
[69819.555316] NVMeVirt: [chmodel_init] bandwidth 800 max_credits 26 tx_time 152
[69819.562207] NVMeVirt: [chmodel_init] bandwidth 800 max_credits 26 tx_time 152
[69819.562219] NVMeVirt: [chmodel_init] bandwidth 3360 max_credits 110 tx_time 36
[69819.563652] NVMeVirt: pqueue: Copyright (c) 2014, Volkan Yazıcı <volkan.yazici@gmail.com>. All rights reserved.
[69819.563654] NVMeVirt: Init FTL instance with 2 channels (786432 pages)
[69819.570401] NVMeVirt: [chmodel_init] bandwidth 800 max_credits 26 tx_time 152
[69819.577154] NVMeVirt: [chmodel_init] bandwidth 800 max_credits 26 tx_time 152
[69819.577165] NVMeVirt: [chmodel_init] bandwidth 3360 max_credits 110 tx_time 36
[69819.578554] NVMeVirt: Init FTL instance with 2 channels (786432 pages)
[69819.585328] NVMeVirt: [chmodel_init] bandwidth 800 max_credits 26 tx_time 152
[69819.592037] NVMeVirt: [chmodel_init] bandwidth 800 max_credits 26 tx_time 152
[69819.592048] NVMeVirt: [chmodel_init] bandwidth 3360 max_credits 110 tx_time 36
[69819.593466] NVMeVirt: Init FTL instance with 2 channels (786432 pages)
[69819.600219] NVMeVirt: [chmodel_init] bandwidth 800 max_credits 26 tx_time 152
[69819.607003] NVMeVirt: [chmodel_init] bandwidth 800 max_credits 26 tx_time 152
[69819.607014] NVMeVirt: [chmodel_init] bandwidth 3360 max_credits 110 tx_time 36
[69819.608415] NVMeVirt: Init FTL instance with 2 channels (786432 pages)
[69819.608419] NVMeVirt: FTL physical space: 12883853312, logical space: 12040984403 (physical/logical * 100 = 107)
[69819.608420] NVMeVirt: KSC2026: WBUF_FIX=1 GC_STATS=1
[69819.608420] NVMeVirt: ns 0/1: size 11483 MiB
[69819.608455] PCI host bridge to bus 0001:10
[69819.608456] pci_bus 0001:10: root bus resource [io  0x0000-0xffff]
[69819.608458] pci_bus 0001:10: root bus resource [mem 0x00000000-0x3fffffffffff]
[69819.608459] pci_bus 0001:10: root bus resource [bus 00-ff]
[69819.608465] pci 0001:10:00.0: [0c51:0110] type 00 class 0x010802 PCIe Endpoint
[69819.608467] pci 0001:10:00.0: BAR 0 [mem 0x300000000-0x300003fff 64bit]
[69819.608469] pci 0001:10:00.0: enabling Extended Tags
[69819.608570] NVMeVirt: Virtual PCI bus created (node 0)
[69819.608765] NVMeVirt: nvmev_io_worker_0 started on cpu 4 (node 0)
[69819.608944] NVMeVirt: nvmev_io_worker_1 started on cpu 5 (node 0)
[69819.608955] NVMeVirt: nvmev_dispatcher started on cpu 3 (node 0)
[69819.609039] nvme nvme1: pci function 0001:10:00.0
[69819.612558] nvme nvme1: 1/0/0 default/read/poll queues
[69819.614439] NVMeVirt: Virtual NVMe device created
[69820.671790] tee (71434): drop_caches: 3
[69825.712552] KSC2026-MARK map4k_bs16k_r3 fio-start 1791445588215743576
[69831.431757] NVMeVirt: KSC2026: first GC part=0 victim line=291 vpc=1902 ipc=146 free_lines=2 host_pgs=778240
[69831.431830] NVMeVirt: KSC2026: first GC part=1 victim line=291 vpc=1902 ipc=146 free_lines=2 host_pgs=778240
[69831.431901] NVMeVirt: KSC2026: first GC part=2 victim line=291 vpc=1902 ipc=146 free_lines=2 host_pgs=778240
[69831.431969] NVMeVirt: KSC2026: first GC part=3 victim line=291 vpc=1902 ipc=146 free_lines=2 host_pgs=778240
[69886.755199] KSC2026-MARK map4k_bs16k_r3 fio-end
[69886.759189] KSC2026-MARK map4k_bs16k_r3 rmmod 1791445649268859818
[69886.827189] pci_bus 0001:10: busn_res: [bus 10-ff] is released
[69886.827393] NVMeVirt: KSC2026: stats part=0 host_pgs=1846936 gc_pgs=4704536 gc_cnt=2818 free_lines=2
[69886.827395] NVMeVirt: KSC2026: stats part=1 host_pgs=1846936 gc_pgs=4704536 gc_cnt=2818 free_lines=2
[69886.827396] NVMeVirt: KSC2026: stats part=2 host_pgs=1846936 gc_pgs=4704536 gc_cnt=2818 free_lines=2
[69886.827396] NVMeVirt: KSC2026: stats part=3 host_pgs=1846936 gc_pgs=4704536 gc_cnt=2818 free_lines=2
[69886.895529] NVMeVirt: Virtual NVMe device closed
