500, 547992, 1, 0, 0
1000, 547468, 1, 0, 0
1500, 547230, 1, 0, 0
2000, 548068, 1, 0, 0
2500, 547032, 1, 0, 0
3000, 547996, 1, 0, 0
3500, 546602, 1, 0, 0
4000, 547288, 1, 0, 0
4500, 546200, 1, 0, 0
5000, 545512, 1, 0, 0
5500, 542498, 1, 0, 0
6000, 532974, 1, 0, 0
6500, 533214, 1, 0, 0
7000, 532826, 1, 0, 0
7500, 532519, 1, 0, 0
8000, 532422, 1, 0, 0
8500, 531900, 1, 0, 0
9000, 531326, 1, 0, 0
9500, 531658, 1, 0, 0
10000, 531896, 1, 0, 0
10500, 531646, 1, 0, 0
11000, 529930, 1, 0, 0
11500, 530714, 1, 0, 0
12000, 531380, 1, 0, 0
12500, 530886, 1, 0, 0
13000, 531308, 1, 0, 0
13500, 530284, 1, 0, 0
14000, 530838, 1, 0, 0
14500, 530534, 1, 0, 0
15000, 531004, 1, 0, 0
15500, 530512, 1, 0, 0
16000, 530188, 1, 0, 0
16500, 528681, 1, 0, 0
17000, 531482, 1, 0, 0
17500, 532924, 1, 0, 0
18000, 532414, 1, 0, 0
18500, 532020, 1, 0, 0
19000, 532104, 1, 0, 0
19500, 531312, 1, 0, 0
20000, 530834, 1, 0, 0
20500, 530868, 1, 0, 0
21000, 531370, 1, 0, 0
21500, 530576, 1, 0, 0
22000, 530370, 1, 0, 0
22500, 530998, 1, 0, 0
23000, 532782, 1, 0, 0
23500, 533018, 1, 0, 0
24000, 532224, 1, 0, 0
24500, 532534, 1, 0, 0
25000, 531744, 1, 0, 0
25500, 532022, 1, 0, 0
26000, 531678, 1, 0, 0
26500, 532040, 1, 0, 0
27000, 532290, 1, 0, 0
27500, 531598, 1, 0, 0
28000, 530160, 1, 0, 0
28500, 531896, 1, 0, 0
29000, 531656, 1, 0, 0
29500, 531948, 1, 0, 0
30000, 531764, 1, 0, 0
30500, 531704, 1, 0, 0
31000, 531242, 1, 0, 0
31500, 532186, 1, 0, 0
32000, 531734, 1, 0, 0
32500, 531318, 1, 0, 0
33000, 531630, 1, 0, 0
33500, 528860, 1, 0, 0
34000, 532222, 1, 0, 0
34500, 532408, 1, 0, 0
35000, 532745, 1, 0, 0
35500, 531730, 1, 0, 0
36000, 531492, 1, 0, 0
36500, 532072, 1, 0, 0
37000, 531984, 1, 0, 0
37500, 531596, 1, 0, 0
38000, 532418, 1, 0, 0
38500, 531730, 1, 0, 0
39000, 528364, 1, 0, 0
39500, 531446, 1, 0, 0
40000, 530688, 1, 0, 0
40500, 531362, 1, 0, 0
41000, 530430, 1, 0, 0
41500, 530150, 1, 0, 0
42000, 530380, 1, 0, 0
42500, 529926, 1, 0, 0
43000, 530212, 1, 0, 0
43500, 530044, 1, 0, 0
44000, 530614, 1, 0, 0
44500, 529909, 1, 0, 0
45000, 532474, 1, 0, 0
45500, 531908, 1, 0, 0
46000, 531494, 1, 0, 0
46500, 531052, 1, 0, 0
47000, 530672, 1, 0, 0
47500, 530826, 1, 0, 0
48000, 532118, 1, 0, 0
48500, 532314, 1, 0, 0
49000, 531662, 1, 0, 0
49500, 531348, 1, 0, 0
50000, 528470, 1, 0, 0
50500, 532148, 1, 0, 0
51000, 531616, 1, 0, 0
51500, 532768, 1, 0, 0
52000, 531878, 1, 0, 0
52500, 532534, 1, 0, 0
53000, 530558, 1, 0, 0
53500, 531194, 1, 0, 0
54000, 531823, 1, 0, 0
54500, 531136, 1, 0, 0
55000, 530964, 1, 0, 0
55500, 530604, 1, 0, 0
56000, 531984, 1, 0, 0
56500, 532686, 1, 0, 0
57000, 532212, 1, 0, 0
57500, 531002, 1, 0, 0
58000, 531610, 1, 0, 0
58500, 530906, 1, 0, 0
59000, 531782, 1, 0, 0
59500, 531968, 1, 0, 0
