500, 761, 1, 0, 0
1000, 762, 1, 0, 0
1500, 762, 1, 0, 0
2000, 761, 1, 0, 0
2500, 763, 1, 0, 0
3000, 760, 1, 0, 0
3500, 762, 1, 0, 0
4000, 762, 1, 0, 0
4500, 763, 1, 0, 0
5000, 762, 1, 0, 0
5500, 776, 1, 0, 0
6000, 813, 1, 0, 0
6500, 813, 1, 0, 0
7000, 811, 1, 0, 0
7500, 814, 1, 0, 0
8000, 811, 1, 0, 0
8500, 812, 1, 0, 0
9000, 811, 1, 0, 0
9500, 812, 1, 0, 0
10000, 810, 1, 0, 0
10500, 813, 1, 0, 0
11000, 814, 1, 0, 0
11500, 818, 1, 0, 0
12000, 814, 1, 0, 0
12500, 819, 1, 0, 0
13000, 815, 1, 0, 0
13500, 817, 1, 0, 0
14000, 815, 1, 0, 0
14500, 818, 1, 0, 0
15000, 815, 1, 0, 0
15500, 816, 1, 0, 0
16000, 816, 1, 0, 0
16500, 823, 1, 0, 0
17000, 814, 1, 0, 0
17500, 811, 1, 0, 0
18000, 812, 1, 0, 0
18500, 813, 1, 0, 0
19000, 811, 1, 0, 0
19500, 817, 1, 0, 0
20000, 813, 1, 0, 0
20500, 812, 1, 0, 0
21000, 811, 1, 0, 0
21500, 813, 1, 0, 0
22000, 812, 1, 0, 0
22500, 816, 1, 0, 0
23000, 810, 1, 0, 0
23500, 809, 1, 0, 0
24000, 811, 1, 0, 0
24500, 809, 1, 0, 0
25000, 811, 1, 0, 0
25500, 811, 1, 0, 0
26000, 811, 1, 0, 0
26500, 811, 1, 0, 0
27000, 810, 1, 0, 0
27500, 811, 1, 0, 0
28000, 817, 1, 0, 0
28500, 812, 1, 0, 0
29000, 813, 1, 0, 0
29500, 814, 1, 0, 0
30000, 811, 1, 0, 0
30500, 812, 1, 0, 0
31000, 812, 1, 0, 0
31500, 811, 1, 0, 0
32000, 812, 1, 0, 0
32500, 812, 1, 0, 0
33000, 813, 1, 0, 0
33500, 827, 1, 0, 0
34000, 812, 1, 0, 0
34500, 813, 1, 0, 0
35000, 811, 1, 0, 0
35500, 813, 1, 0, 0
36000, 813, 1, 0, 0
36500, 812, 1, 0, 0
37000, 812, 1, 0, 0
37500, 813, 1, 0, 0
38000, 811, 1, 0, 0
38500, 812, 1, 0, 0
39000, 819, 1, 0, 0
39500, 818, 1, 0, 0
40000, 818, 1, 0, 0
40500, 816, 1, 0, 0
41000, 816, 1, 0, 0
41500, 816, 1, 0, 0
42000, 816, 1, 0, 0
42500, 817, 1, 0, 0
43000, 816, 1, 0, 0
43500, 816, 1, 0, 0
44000, 815, 1, 0, 0
44500, 821, 1, 0, 0
45000, 813, 1, 0, 0
45500, 811, 1, 0, 0
46000, 812, 1, 0, 0
46500, 813, 1, 0, 0
47000, 812, 1, 0, 0
47500, 816, 1, 0, 0
48000, 811, 1, 0, 0
48500, 812, 1, 0, 0
49000, 812, 1, 0, 0
49500, 813, 1, 0, 0
50000, 830, 1, 0, 0
50500, 813, 1, 0, 0
51000, 813, 1, 0, 0
51500, 812, 1, 0, 0
52000, 812, 1, 0, 0
52500, 811, 1, 0, 0
53000, 813, 1, 0, 0
53500, 812, 1, 0, 0
54000, 812, 1, 0, 0
54500, 814, 1, 0, 0
55000, 812, 1, 0, 0
55500, 815, 1, 0, 0
56000, 812, 1, 0, 0
56500, 811, 1, 0, 0
57000, 811, 1, 0, 0
57500, 815, 1, 0, 0
58000, 810, 1, 0, 0
58500, 815, 1, 0, 0
59000, 811, 1, 0, 0
59500, 810, 1, 0, 0
60000, 810, 1, 0, 0
