500, 2191888, 1, 0, 0
1000, 2189928, 1, 0, 0
1500, 2188920, 1, 0, 0
2000, 2192264, 1, 0, 0
2500, 2188128, 1, 0, 0
3000, 2191984, 1, 0, 0
3500, 2186408, 1, 0, 0
4000, 2189152, 1, 0, 0
4500, 2184800, 1, 0, 0
5000, 2182048, 1, 0, 0
5500, 2169984, 1, 0, 0
6000, 2131896, 1, 0, 0
6500, 2132856, 1, 0, 0
7000, 2131296, 1, 0, 0
7500, 2130076, 1, 0, 0
8000, 2129696, 1, 0, 0
8500, 2127592, 1, 0, 0
9000, 2125296, 1, 0, 0
9500, 2126632, 1, 0, 0
10000, 2127584, 1, 0, 0
10500, 2126584, 1, 0, 0
11000, 2119720, 1, 0, 0
11500, 2122856, 1, 0, 0
12000, 2125520, 1, 0, 0
12500, 2123544, 1, 0, 0
13000, 2125232, 1, 0, 0
13500, 2121128, 1, 0, 0
14000, 2123360, 1, 0, 0
14500, 2122136, 1, 0, 0
15000, 2124016, 1, 0, 0
15500, 2122056, 1, 0, 0
16000, 2120752, 1, 0, 0
16500, 2114717, 1, 0, 0
17000, 2125920, 1, 0, 0
17500, 2131688, 1, 0, 0
18000, 2129648, 1, 0, 0
18500, 2128080, 1, 0, 0
19000, 2128416, 1, 0, 0
19500, 2125248, 1, 0, 0
20000, 2123328, 1, 0, 0
20500, 2123472, 1, 0, 0
21000, 2125480, 1, 0, 0
21500, 2122304, 1, 0, 0
22000, 2121472, 1, 0, 0
22500, 2123992, 1, 0, 0
23000, 2131128, 1, 0, 0
23500, 2132080, 1, 0, 0
24000, 2128896, 1, 0, 0
24500, 2130136, 1, 0, 0
25000, 2126976, 1, 0, 0
25500, 2128088, 1, 0, 0
26000, 2126712, 1, 0, 0
26500, 2128160, 1, 0, 0
27000, 2129160, 1, 0, 0
27500, 2126392, 1, 0, 0
28000, 2120640, 1, 0, 0
28500, 2127584, 1, 0, 0
29000, 2126624, 1, 0, 0
29500, 2127792, 1, 0, 0
30000, 2127048, 1, 0, 0
30500, 2126816, 1, 0, 0
31000, 2124968, 1, 0, 0
31500, 2128744, 1, 0, 0
32000, 2126936, 1, 0, 0
32500, 2125272, 1, 0, 0
33000, 2126512, 1, 0, 0
33500, 2115440, 1, 0, 0
34000, 2128888, 1, 0, 0
34500, 2129632, 1, 0, 0
35000, 2130981, 1, 0, 0
35500, 2126920, 1, 0, 0
36000, 2125968, 1, 0, 0
36500, 2128288, 1, 0, 0
37000, 2127936, 1, 0, 0
37500, 2126384, 1, 0, 0
38000, 2129672, 1, 0, 0
38500, 2126920, 1, 0, 0
39000, 2113456, 1, 0, 0
39500, 2125784, 1, 0, 0
40000, 2122752, 1, 0, 0
40500, 2125448, 1, 0, 0
41000, 2121720, 1, 0, 0
41500, 2120600, 1, 0, 0
42000, 2121512, 1, 0, 0
42500, 2119704, 1, 0, 0
43000, 2120848, 1, 0, 0
43500, 2120176, 1, 0, 0
44000, 2122456, 1, 0, 0
44500, 2119639, 1, 0, 0
45000, 2129888, 1, 0, 0
45500, 2127632, 1, 0, 0
46000, 2125976, 1, 0, 0
46500, 2124208, 1, 0, 0
47000, 2122688, 1, 0, 0
47500, 2123304, 1, 0, 0
48000, 2128464, 1, 0, 0
48500, 2129256, 1, 0, 0
49000, 2126640, 1, 0, 0
49500, 2125392, 1, 0, 0
50000, 2113872, 1, 0, 0
50500, 2128592, 1, 0, 0
51000, 2126464, 1, 0, 0
51500, 2131072, 1, 0, 0
52000, 2127512, 1, 0, 0
52500, 2130136, 1, 0, 0
53000, 2122232, 1, 0, 0
53500, 2124768, 1, 0, 0
54000, 2127294, 1, 0, 0
54500, 2124544, 1, 0, 0
55000, 2123856, 1, 0, 0
55500, 2122416, 1, 0, 0
56000, 2127936, 1, 0, 0
56500, 2130736, 1, 0, 0
57000, 2128848, 1, 0, 0
57500, 2124008, 1, 0, 0
58000, 2126432, 1, 0, 0
58500, 2123624, 1, 0, 0
59000, 2127128, 1, 0, 0
59500, 2127872, 1, 0, 0
