500, 58272, 1, 0, 0
1000, 58314, 1, 0, 0
1500, 58334, 1, 0, 0
2000, 58246, 1, 0, 0
2500, 58355, 1, 0, 0
3000, 58252, 1, 0, 0
3500, 58402, 1, 0, 0
4000, 58329, 1, 0, 0
4500, 58445, 1, 0, 0
5000, 58522, 1, 0, 0
5500, 58833, 1, 0, 0
6000, 59904, 1, 0, 0
6500, 59872, 1, 0, 0
7000, 59917, 1, 0, 0
7500, 59950, 1, 0, 0
8000, 59962, 1, 0, 0
8500, 60019, 1, 0, 0
9000, 60087, 1, 0, 0
9500, 60047, 1, 0, 0
10000, 60021, 1, 0, 0
10500, 60048, 1, 0, 0
11000, 60235, 1, 0, 0
11500, 60157, 1, 0, 0
12000, 60076, 1, 0, 0
12500, 60139, 1, 0, 0
13000, 60088, 1, 0, 0
13500, 60205, 1, 0, 0
14000, 60144, 1, 0, 0
14500, 60174, 1, 0, 0
15000, 60122, 1, 0, 0
15500, 60179, 1, 0, 0
16000, 60215, 1, 0, 0
16500, 60380, 1, 0, 0
17000, 60069, 1, 0, 0
17500, 59907, 1, 0, 0
18000, 59961, 1, 0, 0
18500, 60008, 1, 0, 0
19000, 59997, 1, 0, 0
19500, 60088, 1, 0, 0
20000, 60145, 1, 0, 0
20500, 60136, 1, 0, 0
21000, 60080, 1, 0, 0
21500, 60171, 1, 0, 0
22000, 60184, 1, 0, 0
22500, 60127, 1, 0, 0
23000, 59919, 1, 0, 0
23500, 59896, 1, 0, 0
24000, 59983, 1, 0, 0
24500, 59947, 1, 0, 0
25000, 60037, 1, 0, 0
25500, 60010, 1, 0, 0
26000, 60044, 1, 0, 0
26500, 60006, 1, 0, 0
27000, 59974, 1, 0, 0
27500, 60048, 1, 0, 0
28000, 60219, 1, 0, 0
28500, 60022, 1, 0, 0
29000, 60049, 1, 0, 0
29500, 60013, 1, 0, 0
30000, 60035, 1, 0, 0
30500, 60045, 1, 0, 0
31000, 60094, 1, 0, 0
31500, 59988, 1, 0, 0
32000, 60038, 1, 0, 0
32500, 60084, 1, 0, 0
33000, 60052, 1, 0, 0
33500, 60358, 1, 0, 0
34000, 59985, 1, 0, 0
34500, 59964, 1, 0, 0
35000, 59925, 1, 0, 0
35500, 60038, 1, 0, 0
36000, 60066, 1, 0, 0
36500, 60002, 1, 0, 0
37000, 60013, 1, 0, 0
37500, 60054, 1, 0, 0
38000, 59964, 1, 0, 0
38500, 60039, 1, 0, 0
39000, 60415, 1, 0, 0
39500, 60074, 1, 0, 0
40000, 60156, 1, 0, 0
40500, 60082, 1, 0, 0
41000, 60186, 1, 0, 0
41500, 60217, 1, 0, 0
42000, 60191, 1, 0, 0
42500, 60245, 1, 0, 0
43000, 60211, 1, 0, 0
43500, 60233, 1, 0, 0
44000, 60168, 1, 0, 0
44500, 60239, 1, 0, 0
45000, 59957, 1, 0, 0
45500, 60017, 1, 0, 0
46000, 60068, 1, 0, 0
46500, 60115, 1, 0, 0
47000, 60157, 1, 0, 0
47500, 60142, 1, 0, 0
48000, 59996, 1, 0, 0
48500, 59975, 1, 0, 0
49000, 60047, 1, 0, 0
49500, 60081, 1, 0, 0
50000, 60406, 1, 0, 0
50500, 59993, 1, 0, 0
51000, 60052, 1, 0, 0
51500, 59924, 1, 0, 0
52000, 60020, 1, 0, 0
52500, 59952, 1, 0, 0
53000, 60174, 1, 0, 0
53500, 60098, 1, 0, 0
54000, 60030, 1, 0, 0
54500, 60104, 1, 0, 0
55000, 60126, 1, 0, 0
55500, 60163, 1, 0, 0
56000, 60010, 1, 0, 0
56500, 59931, 1, 0, 0
57000, 59986, 1, 0, 0
57500, 60124, 1, 0, 0
58000, 60052, 1, 0, 0
58500, 60134, 1, 0, 0
59000, 60034, 1, 0, 0
59500, 60013, 1, 0, 0
60000, 59965, 1, 0, 0
60000, 70753, 1, 0, 0
