500, 57511, 1, 0, 0
1000, 57552, 1, 0, 0
1500, 57572, 1, 0, 0
2000, 57485, 1, 0, 0
2500, 57592, 1, 0, 0
3000, 57492, 1, 0, 0
3500, 57641, 1, 0, 0
4000, 57567, 1, 0, 0
4500, 57682, 1, 0, 0
5000, 57759, 1, 0, 0
5500, 58057, 1, 0, 0
6000, 59091, 1, 0, 0
6500, 59059, 1, 0, 0
7000, 59106, 1, 0, 0
7500, 59136, 1, 0, 0
8000, 59151, 1, 0, 0
8500, 59207, 1, 0, 0
9000, 59276, 1, 0, 0
9500, 59236, 1, 0, 0
10000, 59210, 1, 0, 0
10500, 59235, 1, 0, 0
11000, 59422, 1, 0, 0
11500, 59339, 1, 0, 0
12000, 59262, 1, 0, 0
12500, 59320, 1, 0, 0
13000, 59273, 1, 0, 0
13500, 59387, 1, 0, 0
14000, 59329, 1, 0, 0
14500, 59356, 1, 0, 0
15000, 59307, 1, 0, 0
15500, 59362, 1, 0, 0
16000, 59399, 1, 0, 0
16500, 59556, 1, 0, 0
17000, 59254, 1, 0, 0
17500, 59096, 1, 0, 0
18000, 59149, 1, 0, 0
18500, 59195, 1, 0, 0
19000, 59186, 1, 0, 0
19500, 59271, 1, 0, 0
20000, 59332, 1, 0, 0
20500, 59323, 1, 0, 0
21000, 59269, 1, 0, 0
21500, 59359, 1, 0, 0
22000, 59372, 1, 0, 0
22500, 59311, 1, 0, 0
23000, 59110, 1, 0, 0
23500, 59086, 1, 0, 0
24000, 59172, 1, 0, 0
24500, 59138, 1, 0, 0
25000, 59226, 1, 0, 0
25500, 59199, 1, 0, 0
26000, 59234, 1, 0, 0
26500, 59195, 1, 0, 0
27000, 59164, 1, 0, 0
27500, 59237, 1, 0, 0
28000, 59402, 1, 0, 0
28500, 59210, 1, 0, 0
29000, 59236, 1, 0, 0
29500, 59199, 1, 0, 0
30000, 59224, 1, 0, 0
30500, 59234, 1, 0, 0
31000, 59281, 1, 0, 0
31500, 59177, 1, 0, 0
32000, 59226, 1, 0, 0
32500, 59272, 1, 0, 0
33000, 59240, 1, 0, 0
33500, 59531, 1, 0, 0
34000, 59173, 1, 0, 0
34500, 59151, 1, 0, 0
35000, 59114, 1, 0, 0
35500, 59226, 1, 0, 0
36000, 59253, 1, 0, 0
36500, 59190, 1, 0, 0
37000, 59201, 1, 0, 0
37500, 59240, 1, 0, 0
38000, 59153, 1, 0, 0
38500, 59227, 1, 0, 0
39000, 59595, 1, 0, 0
39500, 59257, 1, 0, 0
40000, 59338, 1, 0, 0
40500, 59266, 1, 0, 0
41000, 59370, 1, 0, 0
41500, 59401, 1, 0, 0
42000, 59376, 1, 0, 0
42500, 59428, 1, 0, 0
43000, 59396, 1, 0, 0
43500, 59417, 1, 0, 0
44000, 59353, 1, 0, 0
44500, 59418, 1, 0, 0
45000, 59144, 1, 0, 0
45500, 59206, 1, 0, 0
46000, 59256, 1, 0, 0
46500, 59302, 1, 0, 0
47000, 59344, 1, 0, 0
47500, 59325, 1, 0, 0
48000, 59186, 1, 0, 0
48500, 59163, 1, 0, 0
49000, 59235, 1, 0, 0
49500, 59268, 1, 0, 0
50000, 59576, 1, 0, 0
50500, 59179, 1, 0, 0
51000, 59239, 1, 0, 0
51500, 59111, 1, 0, 0
52000, 59208, 1, 0, 0
52500, 59142, 1, 0, 0
53000, 59361, 1, 0, 0
53500, 59286, 1, 0, 0
54000, 59219, 1, 0, 0
54500, 59290, 1, 0, 0
55000, 59314, 1, 0, 0
55500, 59348, 1, 0, 0
56000, 59197, 1, 0, 0
56500, 59120, 1, 0, 0
57000, 59175, 1, 0, 0
57500, 59309, 1, 0, 0
58000, 59242, 1, 0, 0
58500, 59319, 1, 0, 0
59000, 59223, 1, 0, 0
59500, 59203, 1, 0, 0
60000, 59156, 1, 0, 0
60000, 69959, 1, 0, 0
