500, 874, 1, 0, 0
1000, 871, 1, 0, 0
1500, 872, 1, 0, 0
2000, 874, 1, 0, 0
2500, 870, 1, 0, 0
3000, 874, 1, 0, 0
3500, 870, 1, 0, 0
4000, 874, 1, 0, 0
4500, 875, 1, 0, 0
5000, 873, 1, 0, 0
5500, 870, 1, 0, 0
6001, 874, 1, 0, 0
6503, 879, 1, 0, 0
7000, 879, 1, 0, 0
7500, 881, 1, 0, 0
8000, 882, 1, 0, 0
8500, 879, 1, 0, 0
9003, 882, 1, 0, 0
9500, 878, 1, 0, 0
10003, 877, 1, 0, 0
10500, 878, 1, 0, 0
11001, 876, 1, 0, 0
11502, 874, 1, 0, 0
12003, 878, 1, 0, 0
12502, 877, 1, 0, 0
13004, 876, 1, 0, 0
13507, 875, 1, 0, 0
14008, 878, 1, 0, 0
14501, 878, 1, 0, 0
15008, 879, 1, 0, 0
