500, 548032, 1, 0, 0
1000, 544376, 1, 0, 0
1500, 542120, 1, 0, 0
2000, 545200, 1, 0, 0
2500, 548032, 1, 0, 0
3000, 548896, 1, 0, 0
3500, 546920, 1, 0, 0
4000, 544728, 1, 0, 0
4500, 546184, 1, 0, 0
5000, 544912, 1, 0, 0
5500, 545200, 1, 0, 0
6000, 346112, 1, 0, 0
6500, 182896, 1, 0, 0
7000, 174048, 1, 0, 0
7500, 171664, 1, 0, 0
8000, 155808, 1, 0, 0
8500, 171232, 1, 0, 0
9001, 180544, 1, 0, 0
9500, 156376, 1, 0, 0
10000, 172448, 1, 0, 0
10500, 158792, 1, 0, 0
11000, 146016, 1, 0, 0
11500, 144000, 1, 0, 0
12000, 134512, 1, 0, 0
12500, 148992, 1, 0, 0
13000, 139712, 1, 0, 0
13500, 122240, 1, 0, 0
14000, 139552, 1, 0, 0
14500, 124144, 1, 0, 0
15000, 119800, 1, 0, 0
