500, 233374, 1, 0, 0
1000, 234991, 1, 0, 0
1500, 235897, 1, 0, 0
2000, 234631, 1, 0, 0
2500, 233367, 1, 0, 0
3000, 233009, 1, 0, 0
3500, 233829, 1, 0, 0
4000, 234846, 1, 0, 0
4500, 234186, 1, 0, 0
5000, 234717, 1, 0, 0
5500, 234549, 1, 0, 0
6001, 365687, 1, 0, 0
6503, 702537, 1, 0, 0
7000, 738099, 1, 0, 0
7500, 738911, 1, 0, 0
8000, 820245, 1, 0, 0
8500, 754921, 1, 0, 0
9003, 705330, 1, 0, 0
9500, 812039, 1, 0, 0
10003, 748794, 1, 0, 0
10500, 811366, 1, 0, 0
11001, 864426, 1, 0, 0
11502, 893125, 1, 0, 0
12003, 949596, 1, 0, 0
12502, 857242, 1, 0, 0
13004, 919203, 1, 0, 0
13507, 1051404, 1, 0, 0
14008, 919172, 1, 0, 0
14501, 1020590, 1, 0, 0
15000, 1078762, 1, 0, 0
15008, 8846126, 1, 0, 0
