500, 232500, 1, 0, 0
1000, 234120, 1, 0, 0
1500, 235025, 1, 0, 0
2000, 233757, 1, 0, 0
2500, 232497, 1, 0, 0
3000, 232135, 1, 0, 0
3500, 232959, 1, 0, 0
4000, 233972, 1, 0, 0
4500, 233312, 1, 0, 0
5000, 233844, 1, 0, 0
5500, 233679, 1, 0, 0
6001, 364814, 1, 0, 0
6503, 701658, 1, 0, 0
7000, 737220, 1, 0, 0
7500, 738030, 1, 0, 0
8000, 819363, 1, 0, 0
8500, 754042, 1, 0, 0
9003, 704448, 1, 0, 0
9500, 811161, 1, 0, 0
10003, 747918, 1, 0, 0
10500, 810487, 1, 0, 0
11001, 863549, 1, 0, 0
11502, 892250, 1, 0, 0
12003, 948718, 1, 0, 0
12502, 856365, 1, 0, 0
13004, 918327, 1, 0, 0
13507, 1050529, 1, 0, 0
14008, 918294, 1, 0, 0
14501, 1019712, 1, 0, 0
15000, 1077884, 1, 0, 0
15008, 8845218, 1, 0, 0
