500, 479629, 1, 0, 0
1000, 478081, 1, 0, 0
1500, 478305, 1, 0, 0
2000, 478717, 1, 0, 0
2500, 478931, 1, 0, 0
3000, 479316, 1, 0, 0
3500, 477681, 1, 0, 0
4000, 479092, 1, 0, 0
4500, 476974, 1, 0, 0
5000, 477429, 1, 0, 0
5500, 477180, 1, 0, 0
6000, 580242, 1, 0, 0
6503, 1359392, 1, 0, 0
7000, 1378955, 1, 0, 0
7500, 1526685, 1, 0, 0
8000, 1666787, 1, 0, 0
8500, 1543448, 1, 0, 0
9003, 1775682, 1, 0, 0
9504, 1815186, 1, 0, 0
10001, 1848369, 1, 0, 0
10500, 2066765, 1, 0, 0
11006, 1996289, 1, 0, 0
11504, 2018624, 1, 0, 0
12005, 2268537, 1, 0, 0
12508, 2258833, 1, 0, 0
13000, 2465061, 1, 0, 0
13502, 2360606, 1, 0, 0
14002, 2386074, 1, 0, 0
14500, 2826612, 1, 0, 0
15000, 2665210, 1, 0, 0
15506, 2556775, 1, 0, 0
16002, 2804641, 1, 0, 0
16500, 2972072, 1, 0, 0
17006, 3012771, 1, 0, 0
17507, 3244994, 1, 0, 0
18000, 3226732, 1, 0, 0
18504, 2949691, 1, 0, 0
19000, 3318578, 1, 0, 0
19500, 3358497, 1, 0, 0
20000, 3302809, 1, 0, 0
20505, 3303327, 1, 0, 0
21000, 3493536, 1, 0, 0
21510, 3602164, 1, 0, 0
22013, 3437062, 1, 0, 0
22500, 3906754, 1, 0, 0
23000, 3738605, 1, 0, 0
23506, 3920046, 1, 0, 0
24001, 3889429, 1, 0, 0
24500, 4060365, 1, 0, 0
25007, 4052710, 1, 0, 0
25503, 4279802, 1, 0, 0
26009, 4553417, 1, 0, 0
26501, 3932405, 1, 0, 0
27000, 4311558, 1, 0, 0
27500, 4286703, 1, 0, 0
28000, 3845821, 1, 0, 0
28500, 4300542, 1, 0, 0
29000, 4358379, 1, 0, 0
29500, 4573539, 1, 0, 0
30000, 4595191, 1, 0, 0
30503, 4444321, 1, 0, 0
31006, 4805037, 1, 0, 0
31509, 4845501, 1, 0, 0
32013, 4782593, 1, 0, 0
32508, 4686177, 1, 0, 0
33008, 4572635, 1, 0, 0
33500, 5107061, 1, 0, 0
34000, 4570867, 1, 0, 0
34510, 5125888, 1, 0, 0
35010, 5012905, 1, 0, 0
35511, 5191807, 1, 0, 0
36011, 5284175, 1, 0, 0
36500, 5270378, 1, 0, 0
37014, 5604608, 1, 0, 0
37500, 5866213, 1, 0, 0
38004, 5206590, 1, 0, 0
38505, 5828006, 1, 0, 0
39000, 5702426, 1, 0, 0
39513, 5593235, 1, 0, 0
40004, 6222823, 1, 0, 0
40500, 5879986, 1, 0, 0
41012, 6136085, 1, 0, 0
41511, 5939517, 1, 0, 0
42002, 6062000, 1, 0, 0
42500, 6168639, 1, 0, 0
43013, 5909766, 1, 0, 0
43505, 6214217, 1, 0, 0
44001, 6172748, 1, 0, 0
44514, 6079133, 1, 0, 0
45011, 5796910, 1, 0, 0
45503, 5817252, 1, 0, 0
46000, 5916012, 1, 0, 0
46505, 6223734, 1, 0, 0
47000, 6077664, 1, 0, 0
47509, 6231944, 1, 0, 0
48003, 6020354, 1, 0, 0
48501, 5735777, 1, 0, 0
49015, 5835367, 1, 0, 0
49506, 6268580, 1, 0, 0
50000, 6219776, 1, 0, 0
50514, 5873702, 1, 0, 0
51005, 6261641, 1, 0, 0
51502, 5964019, 1, 0, 0
52013, 6182162, 1, 0, 0
52500, 6550086, 1, 0, 0
53010, 6119669, 1, 0, 0
53505, 6050540, 1, 0, 0
54013, 6383255, 1, 0, 0
54505, 6471527, 1, 0, 0
55002, 5868314, 1, 0, 0
55509, 6395299, 1, 0, 0
56003, 6064096, 1, 0, 0
56500, 6030648, 1, 0, 0
57004, 6371300, 1, 0, 0
57509, 6168324, 1, 0, 0
58002, 6132205, 1, 0, 0
58500, 5881106, 1, 0, 0
59000, 6431487, 1, 0, 0
59510, 6382363, 1, 0, 0
60005, 6243371, 1, 0, 0
60006, 17237748, 1, 0, 0
