500, 66568, 1, 0, 0
1000, 66710, 1, 0, 0
1500, 66714, 1, 0, 0
2000, 66640, 1, 0, 0
2500, 66612, 1, 0, 0
3000, 66544, 1, 0, 0
3500, 66788, 1, 0, 0
4000, 66580, 1, 0, 0
4500, 66902, 1, 0, 0
5000, 66805, 1, 0, 0
5500, 66852, 1, 0, 0
6000, 55008, 1, 0, 0
6500, 23402, 1, 0, 0
7000, 23070, 1, 0, 0
7500, 21106, 1, 0, 0
8000, 18996, 1, 0, 0
8500, 20700, 1, 0, 0
9000, 18070, 1, 0, 0
9500, 17638, 1, 0, 0
10000, 17134, 1, 0, 0
10500, 15756, 1, 0, 0
11000, 15898, 1, 0, 0
11500, 15802, 1, 0, 0
12000, 14094, 1, 0, 0
12500, 14216, 1, 0, 0
13000, 12868, 1, 0, 0
13500, 13508, 1, 0, 0
14000, 13404, 1, 0, 0
14500, 11504, 1, 0, 0
15000, 12048, 1, 0, 0
15500, 12350, 1, 0, 0
16000, 11328, 1, 0, 0
16500, 10916, 1, 0, 0
17000, 10504, 1, 0, 0
17500, 9904, 1, 0, 0
18000, 10054, 1, 0, 0
18500, 10590, 1, 0, 0
19000, 9800, 1, 0, 0
19500, 9296, 1, 0, 0
20000, 9940, 1, 0, 0
20500, 9544, 1, 0, 0
21000, 9072, 1, 0, 0
21500, 9034, 1, 0, 0
22000, 9322, 1, 0, 0
22500, 8200, 1, 0, 0
23000, 8418, 1, 0, 0
23500, 8192, 1, 0, 0
24000, 8166, 1, 0, 0
24500, 8030, 1, 0, 0
25000, 7818, 1, 0, 0
25500, 7388, 1, 0, 0
26000, 7106, 1, 0, 0
26500, 8016, 1, 0, 0
27000, 7616, 1, 0, 0
27500, 7304, 1, 0, 0
28000, 8500, 1, 0, 0
28500, 7410, 1, 0, 0
29000, 7346, 1, 0, 0
29500, 7016, 1, 0, 0
30000, 6910, 1, 0, 0
30500, 7092, 1, 0, 0
31000, 6686, 1, 0, 0
31500, 6630, 1, 0, 0
32000, 6748, 1, 0, 0
32500, 6762, 1, 0, 0
33000, 7000, 1, 0, 0
33500, 6334, 1, 0, 0
34000, 7010, 1, 0, 0
34500, 6182, 1, 0, 0
35000, 6380, 1, 0, 0
35500, 6152, 1, 0, 0
36000, 6064, 1, 0, 0
36500, 6120, 1, 0, 0
37000, 5688, 1, 0, 0
37500, 5494, 1, 0, 0
38000, 5964, 1, 0, 0
38500, 5532, 1, 0, 0
39000, 5560, 1, 0, 0
39500, 5832, 1, 0, 0
40000, 5060, 1, 0, 0
40500, 5470, 1, 0, 0
41000, 5286, 1, 0, 0
41500, 5362, 1, 0, 0
42000, 5174, 1, 0, 0
42500, 5334, 1, 0, 0
43000, 5382, 1, 0, 0
43500, 5068, 1, 0, 0
44000, 5142, 1, 0, 0
44500, 5398, 1, 0, 0
45000, 5482, 1, 0, 0
45500, 5446, 1, 0, 0
46000, 5516, 1, 0, 0
46500, 5036, 1, 0, 0
47000, 5260, 1, 0, 0
47500, 5176, 1, 0, 0
48000, 5250, 1, 0, 0
48500, 5546, 1, 0, 0
49000, 5636, 1, 0, 0
49500, 5014, 1, 0, 0
50000, 5154, 1, 0, 0
50500, 5538, 1, 0, 0
51000, 5018, 1, 0, 0
51500, 5312, 1, 0, 0
52000, 5304, 1, 0, 0
52500, 4852, 1, 0, 0
53000, 5220, 1, 0, 0
53500, 5234, 1, 0, 0
54000, 5098, 1, 0, 0
54500, 4860, 1, 0, 0
55000, 5432, 1, 0, 0
55500, 5074, 1, 0, 0
56000, 5194, 1, 0, 0
56500, 5486, 1, 0, 0
57000, 4868, 1, 0, 0
57500, 5252, 1, 0, 0
58000, 5148, 1, 0, 0
58500, 5501, 1, 0, 0
59000, 4912, 1, 0, 0
59500, 5088, 1, 0, 0
60000, 5078, 1, 0, 0
