500, 1290, 1, 0, 0
1000, 1284, 1, 0, 0
1500, 1284, 1, 0, 0
2000, 1281, 1, 0, 0
2500, 1278, 1, 0, 0
3000, 1273, 1, 0, 0
3500, 1281, 1, 0, 0
4000, 1274, 1, 0, 0
4500, 1276, 1, 0, 0
5000, 1276, 1, 0, 0
5500, 1278, 1, 0, 0
6000, 1283, 1, 0, 0
6503, 1288, 1, 0, 0
7000, 1284, 1, 0, 0
7500, 1279, 1, 0, 0
8000, 1279, 1, 0, 0
8500, 1284, 1, 0, 0
9003, 1286, 1, 0, 0
9504, 1277, 1, 0, 0
10001, 1277, 1, 0, 0
10500, 1294, 1, 0, 0
11006, 1289, 1, 0, 0
11504, 1285, 1, 0, 0
12005, 1287, 1, 0, 0
12508, 1290, 1, 0, 0
13000, 1293, 1, 0, 0
13502, 1290, 1, 0, 0
14002, 1289, 1, 0, 0
14500, 1283, 1, 0, 0
15000, 1275, 1, 0, 0
15506, 1280, 1, 0, 0
16002, 1279, 1, 0, 0
16500, 1280, 1, 0, 0
17006, 1282, 1, 0, 0
17507, 1279, 1, 0, 0
18000, 1281, 1, 0, 0
18504, 1279, 1, 0, 0
19000, 1290, 1, 0, 0
19500, 1290, 1, 0, 0
20000, 1283, 1, 0, 0
20505, 1287, 1, 0, 0
21000, 1293, 1, 0, 0
21510, 1306, 1, 0, 0
22013, 1304, 1, 0, 0
22500, 1299, 1, 0, 0
23000, 1301, 1, 0, 0
23506, 1294, 1, 0, 0
24001, 1293, 1, 0, 0
24500, 1286, 1, 0, 0
25007, 1299, 1, 0, 0
25503, 1293, 1, 0, 0
26009, 1294, 1, 0, 0
26501, 1291, 1, 0, 0
27000, 1298, 1, 0, 0
27500, 1299, 1, 0, 0
28000, 1302, 1, 0, 0
28500, 1307, 1, 0, 0
29000, 1310, 1, 0, 0
29500, 1307, 1, 0, 0
30000, 1311, 1, 0, 0
30503, 1302, 1, 0, 0
31006, 1308, 1, 0, 0
31509, 1293, 1, 0, 0
32013, 1290, 1, 0, 0
32508, 1286, 1, 0, 0
33008, 1287, 1, 0, 0
33500, 1290, 1, 0, 0
34000, 1285, 1, 0, 0
34510, 1287, 1, 0, 0
35010, 1294, 1, 0, 0
35511, 1291, 1, 0, 0
36011, 1291, 1, 0, 0
36500, 1304, 1, 0, 0
37014, 1307, 1, 0, 0
37500, 1310, 1, 0, 0
38004, 1311, 1, 0, 0
38505, 1292, 1, 0, 0
39000, 1292, 1, 0, 0
39513, 1283, 1, 0, 0
40004, 1295, 1, 0, 0
40500, 1288, 1, 0, 0
41012, 1295, 1, 0, 0
41511, 1283, 1, 0, 0
42002, 1299, 1, 0, 0
42500, 1291, 1, 0, 0
43013, 1288, 1, 0, 0
43505, 1287, 1, 0, 0
44001, 1287, 1, 0, 0
44514, 1292, 1, 0, 0
45011, 1288, 1, 0, 0
45503, 1288, 1, 0, 0
46000, 1301, 1, 0, 0
46505, 1299, 1, 0, 0
47000, 1295, 1, 0, 0
47509, 1300, 1, 0, 0
48003, 1305, 1, 0, 0
48501, 1308, 1, 0, 0
49015, 1295, 1, 0, 0
49506, 1287, 1, 0, 0
50000, 1281, 1, 0, 0
50514, 1289, 1, 0, 0
51005, 1322, 1, 0, 0
51502, 1304, 1, 0, 0
52013, 1307, 1, 0, 0
52500, 1301, 1, 0, 0
53010, 1311, 1, 0, 0
53505, 1318, 1, 0, 0
54013, 1295, 1, 0, 0
54505, 1290, 1, 0, 0
55002, 1304, 1, 0, 0
55509, 1302, 1, 0, 0
56003, 1310, 1, 0, 0
56500, 1293, 1, 0, 0
57004, 1297, 1, 0, 0
57509, 1293, 1, 0, 0
58002, 1310, 1, 0, 0
58500, 1301, 1, 0, 0
59000, 1347, 1, 0, 0
59510, 1298, 1, 0, 0
60006, 1296, 1, 0, 0
