500, 480918, 1, 0, 0
1000, 479365, 1, 0, 0
1500, 479590, 1, 0, 0
2000, 479998, 1, 0, 0
2500, 480209, 1, 0, 0
3000, 480589, 1, 0, 0
3500, 478961, 1, 0, 0
4000, 480367, 1, 0, 0
4500, 478250, 1, 0, 0
5000, 478705, 1, 0, 0
5500, 478458, 1, 0, 0
6000, 581525, 1, 0, 0
6503, 1360681, 1, 0, 0
7000, 1380238, 1, 0, 0
7500, 1527964, 1, 0, 0
8000, 1668066, 1, 0, 0
8500, 1544732, 1, 0, 0
9003, 1776967, 1, 0, 0
9504, 1816464, 1, 0, 0
10001, 1849647, 1, 0, 0
10500, 2068058, 1, 0, 0
11006, 1997579, 1, 0, 0
11504, 2019909, 1, 0, 0
12005, 2269825, 1, 0, 0
12508, 2260123, 1, 0, 0
13000, 2466354, 1, 0, 0
13502, 2361896, 1, 0, 0
14002, 2387362, 1, 0, 0
14500, 2827895, 1, 0, 0
15000, 2666485, 1, 0, 0
15506, 2558054, 1, 0, 0
16002, 2805920, 1, 0, 0
16500, 2973353, 1, 0, 0
17006, 3014053, 1, 0, 0
17507, 3246274, 1, 0, 0
18000, 3228012, 1, 0, 0
18504, 2950970, 1, 0, 0
19000, 3319868, 1, 0, 0
19500, 3359787, 1, 0, 0
20000, 3304092, 1, 0, 0
20505, 3304614, 1, 0, 0
21000, 3494829, 1, 0, 0
21510, 3603470, 1, 0, 0
22013, 3438365, 1, 0, 0
22500, 3908053, 1, 0, 0
23000, 3739906, 1, 0, 0
23506, 3921341, 1, 0, 0
24001, 3890722, 1, 0, 0
24500, 4061652, 1, 0, 0
25007, 4054009, 1, 0, 0
25503, 4281095, 1, 0, 0
26009, 4554711, 1, 0, 0
26501, 3933696, 1, 0, 0
27000, 4312856, 1, 0, 0
27500, 4288002, 1, 0, 0
28000, 3847124, 1, 0, 0
28500, 4301849, 1, 0, 0
29000, 4359689, 1, 0, 0
29500, 4574846, 1, 0, 0
30000, 4596502, 1, 0, 0
30503, 4445624, 1, 0, 0
31006, 4806344, 1, 0, 0
31509, 4846795, 1, 0, 0
32013, 4783883, 1, 0, 0
32508, 4687463, 1, 0, 0
33008, 4573923, 1, 0, 0
33500, 5108351, 1, 0, 0
34000, 4572152, 1, 0, 0
34510, 5127175, 1, 0, 0
35010, 5014199, 1, 0, 0
35511, 5193099, 1, 0, 0
36011, 5285466, 1, 0, 0
36500, 5271682, 1, 0, 0
37014, 5605916, 1, 0, 0
37500, 5867522, 1, 0, 0
38004, 5207899, 1, 0, 0
38505, 5829300, 1, 0, 0
39000, 5703717, 1, 0, 0
39513, 5594517, 1, 0, 0
40004, 6224118, 1, 0, 0
40500, 5881273, 1, 0, 0
41012, 6137380, 1, 0, 0
41511, 5940800, 1, 0, 0
42002, 6063299, 1, 0, 0
42500, 6169930, 1, 0, 0
43013, 5911055, 1, 0, 0
43505, 6215504, 1, 0, 0
44001, 6174035, 1, 0, 0
44514, 6080425, 1, 0, 0
45011, 5798199, 1, 0, 0
45503, 5818539, 1, 0, 0
46000, 5917312, 1, 0, 0
46505, 6225033, 1, 0, 0
47000, 6078959, 1, 0, 0
47509, 6233244, 1, 0, 0
48003, 6021659, 1, 0, 0
48501, 5737085, 1, 0, 0
49015, 5836661, 1, 0, 0
49506, 6269867, 1, 0, 0
50000, 6221057, 1, 0, 0
50514, 5874992, 1, 0, 0
51005, 6262963, 1, 0, 0
51502, 5965323, 1, 0, 0
52013, 6183468, 1, 0, 0
52500, 6551388, 1, 0, 0
53010, 6120980, 1, 0, 0
53505, 6051857, 1, 0, 0
54013, 6384551, 1, 0, 0
54505, 6472817, 1, 0, 0
55002, 5869617, 1, 0, 0
55509, 6396601, 1, 0, 0
56003, 6065405, 1, 0, 0
56500, 6031941, 1, 0, 0
57004, 6372596, 1, 0, 0
57509, 6169618, 1, 0, 0
58002, 6133515, 1, 0, 0
58500, 5882406, 1, 0, 0
59000, 6432834, 1, 0, 0
59510, 6383660, 1, 0, 0
60005, 6244666, 1, 0, 0
60006, 17239088, 1, 0, 0
