500, 1065088, 1, 0, 0
1000, 1067360, 1, 0, 0
1500, 1067424, 1, 0, 0
2000, 1066240, 1, 0, 0
2500, 1065792, 1, 0, 0
3000, 1064704, 1, 0, 0
3500, 1068608, 1, 0, 0
4000, 1065280, 1, 0, 0
4500, 1070432, 1, 0, 0
5000, 1068889, 1, 0, 0
5500, 1069632, 1, 0, 0
6000, 880128, 1, 0, 0
6500, 374432, 1, 0, 0
7000, 369120, 1, 0, 0
7500, 337696, 1, 0, 0
8000, 303936, 1, 0, 0
8500, 331200, 1, 0, 0
9000, 289120, 1, 0, 0
9500, 282208, 1, 0, 0
10000, 274144, 1, 0, 0
10500, 252096, 1, 0, 0
11000, 254368, 1, 0, 0
11500, 252832, 1, 0, 0
12000, 225504, 1, 0, 0
12500, 227456, 1, 0, 0
13000, 205888, 1, 0, 0
13500, 216128, 1, 0, 0
14000, 214464, 1, 0, 0
14500, 184064, 1, 0, 0
15000, 192768, 1, 0, 0
15500, 197600, 1, 0, 0
16000, 181248, 1, 0, 0
16500, 174656, 1, 0, 0
17000, 168064, 1, 0, 0
17500, 158464, 1, 0, 0
18000, 160864, 1, 0, 0
18500, 169440, 1, 0, 0
19000, 156800, 1, 0, 0
19500, 148736, 1, 0, 0
20000, 159040, 1, 0, 0
20500, 152704, 1, 0, 0
21000, 145152, 1, 0, 0
21500, 144544, 1, 0, 0
22000, 149162, 1, 0, 0
22500, 131200, 1, 0, 0
23000, 134688, 1, 0, 0
23500, 131072, 1, 0, 0
24000, 130656, 1, 0, 0
24500, 128480, 1, 0, 0
25000, 125088, 1, 0, 0
25500, 118208, 1, 0, 0
26000, 113696, 1, 0, 0
26500, 128256, 1, 0, 0
27000, 121856, 1, 0, 0
27500, 116864, 1, 0, 0
28000, 136000, 1, 0, 0
28500, 118560, 1, 0, 0
29000, 117536, 1, 0, 0
29500, 112256, 1, 0, 0
30000, 110560, 1, 0, 0
30500, 113472, 1, 0, 0
31000, 106976, 1, 0, 0
31500, 106080, 1, 0, 0
32000, 107968, 1, 0, 0
32500, 108192, 1, 0, 0
33000, 112000, 1, 0, 0
33500, 101344, 1, 0, 0
34000, 112160, 1, 0, 0
34500, 98912, 1, 0, 0
35000, 102080, 1, 0, 0
35500, 98432, 1, 0, 0
36000, 97024, 1, 0, 0
36500, 97920, 1, 0, 0
37000, 91008, 1, 0, 0
37500, 87904, 1, 0, 0
38000, 95424, 1, 0, 0
38500, 88512, 1, 0, 0
39000, 88960, 1, 0, 0
39500, 93312, 1, 0, 0
40000, 80961, 1, 0, 0
40500, 87520, 1, 0, 0
41000, 84576, 1, 0, 0
41500, 85792, 1, 0, 0
42000, 82784, 1, 0, 0
42500, 85344, 1, 0, 0
43000, 86112, 1, 0, 0
43500, 81088, 1, 0, 0
44000, 82272, 1, 0, 0
44500, 86368, 1, 0, 0
45000, 87712, 1, 0, 0
45500, 87136, 1, 0, 0
46000, 88256, 1, 0, 0
46500, 80576, 1, 0, 0
47000, 84160, 1, 0, 0
47500, 82816, 1, 0, 0
48000, 84000, 1, 0, 0
48500, 88736, 1, 0, 0
49000, 90176, 1, 0, 0
49500, 80224, 1, 0, 0
50000, 82464, 1, 0, 0
50500, 88608, 1, 0, 0
51000, 80288, 1, 0, 0
51500, 84992, 1, 0, 0
52000, 84864, 1, 0, 0
52500, 77632, 1, 0, 0
53000, 83520, 1, 0, 0
53500, 83744, 1, 0, 0
54000, 81568, 1, 0, 0
54500, 77760, 1, 0, 0
55000, 86912, 1, 0, 0
55500, 81184, 1, 0, 0
56000, 83104, 1, 0, 0
56500, 87776, 1, 0, 0
57000, 77888, 1, 0, 0
57500, 84032, 1, 0, 0
58000, 82368, 1, 0, 0
58500, 88016, 1, 0, 0
59000, 78592, 1, 0, 0
59500, 81408, 1, 0, 0
60000, 81248, 1, 0, 0
