500, 111493, 1, 0, 0
1000, 111613, 1, 0, 0
1500, 111758, 1, 0, 0
2000, 111897, 1, 0, 0
2500, 111545, 1, 0, 0
3000, 112054, 1, 0, 0
3500, 111529, 1, 0, 0
4000, 111798, 1, 0, 0
4500, 111902, 1, 0, 0
5000, 111870, 1, 0, 0
5510, 111572, 1, 0, 0
6015, 1436907, 1, 0, 0
6506, 2016613, 1, 0, 0
7000, 1923018, 1, 0, 0
7509, 1797419, 1, 0, 0
8003, 1695742, 1, 0, 0
8509, 1680288, 1, 0, 0
9000, 1563188, 1, 0, 0
9510, 1384453, 1, 0, 0
10000, 1384408, 1, 0, 0
10505, 1358167, 1, 0, 0
11008, 1300968, 1, 0, 0
11502, 1336479, 1, 0, 0
12007, 1135630, 1, 0, 0
12507, 1100857, 1, 0, 0
13008, 1124476, 1, 0, 0
13515, 1290575, 1, 0, 0
14015, 1402110, 1, 0, 0
14503, 1604910, 1, 0, 0
15007, 1606466, 1, 0, 0
15516, 1156273, 1, 0, 0
16005, 1422800, 1, 0, 0
16500, 1321354, 1, 0, 0
17014, 1550099, 1, 0, 0
17505, 1313593, 1, 0, 0
18013, 1061781, 1, 0, 0
18504, 1238689, 1, 0, 0
19007, 1407766, 1, 0, 0
19512, 1321921, 1, 0, 0
20011, 1441702, 1, 0, 0
20512, 1133259, 1, 0, 0
21000, 1055608, 1, 0, 0
21500, 1093615, 1, 0, 0
22010, 1428148, 1, 0, 0
22500, 993508, 1, 0, 0
23005, 959858, 1, 0, 0
23501, 1052440, 1, 0, 0
24000, 1058711, 1, 0, 0
24500, 981562, 1, 0, 0
25006, 1080479, 1, 0, 0
25513, 903057, 1, 0, 0
26013, 950297, 1, 0, 0
26509, 1540169, 1, 0, 0
27003, 1455154, 1, 0, 0
27500, 1472930, 1, 0, 0
28011, 1541603, 1, 0, 0
28515, 1039636, 1, 0, 0
29000, 811087, 1, 0, 0
29506, 951775, 1, 0, 0
30000, 1396394, 1, 0, 0
30500, 1177477, 1, 0, 0
31009, 1228846, 1, 0, 0
31512, 918954, 1, 0, 0
32000, 1309157, 1, 0, 0
32505, 1020593, 1, 0, 0
33002, 1057419, 1, 0, 0
33502, 1259211, 1, 0, 0
34004, 1259402, 1, 0, 0
34512, 748098, 1, 0, 0
35001, 876642, 1, 0, 0
35502, 1072440, 1, 0, 0
36012, 695515, 1, 0, 0
36500, 782929, 1, 0, 0
37009, 720465, 1, 0, 0
37504, 906209, 1, 0, 0
38009, 698178, 1, 0, 0
38510, 947031, 1, 0, 0
39011, 767410, 1, 0, 0
39509, 897961, 1, 0, 0
40000, 859570, 1, 0, 0
40500, 593114, 1, 0, 0
41001, 778414, 1, 0, 0
41500, 520989, 1, 0, 0
42007, 493977, 1, 0, 0
42507, 630483, 1, 0, 0
43002, 533581, 1, 0, 0
43500, 561326, 1, 0, 0
44001, 480926, 1, 0, 0
44500, 387162, 1, 0, 0
45000, 309376, 1, 0, 0
45500, 244264, 1, 0, 0
46004, 130411, 1, 0, 0
46500, 2072515, 1, 0, 0
47011, 2002246, 1, 0, 0
47503, 1926960, 1, 0, 0
48014, 1816809, 1, 0, 0
48507, 1680401, 1, 0, 0
49000, 1621955, 1, 0, 0
49509, 1510957, 1, 0, 0
50010, 1560200, 1, 0, 0
50501, 1324447, 1, 0, 0
51011, 1252371, 1, 0, 0
51514, 1260672, 1, 0, 0
52000, 1190411, 1, 0, 0
52506, 1039802, 1, 0, 0
53013, 1011197, 1, 0, 0
53516, 1256532, 1, 0, 0
54000, 1311778, 1, 0, 0
54509, 1269522, 1, 0, 0
55000, 1235591, 1, 0, 0
55510, 1134922, 1, 0, 0
56000, 1156713, 1, 0, 0
56504, 1412466, 1, 0, 0
57014, 1348849, 1, 0, 0
57502, 1082748, 1, 0, 0
58003, 1441809, 1, 0, 0
58508, 1713197, 1, 0, 0
59006, 1477326, 1, 0, 0
59511, 1070194, 1, 0, 0
60000, 1051809, 1, 0, 0
60000, 200212, 1, 0, 0
