500, 283996, 1, 0, 0
1000, 283618, 1, 0, 0
1500, 283286, 1, 0, 0
2000, 282918, 1, 0, 0
2500, 283786, 1, 0, 0
3000, 282516, 1, 0, 0
3500, 283810, 1, 0, 0
4000, 283162, 1, 0, 0
4500, 282896, 1, 0, 0
5000, 282976, 1, 0, 0
5500, 280144, 1, 0, 0
6000, 22464, 1, 0, 0
6500, 15552, 1, 0, 0
7000, 16681, 1, 0, 0
7500, 17928, 1, 0, 0
8000, 18560, 1, 0, 0
8500, 19312, 1, 0, 0
9000, 20584, 1, 0, 0
9500, 22968, 1, 0, 0
10000, 22624, 1, 0, 0
10500, 23872, 1, 0, 0
11000, 24672, 1, 0, 0
11500, 23664, 1, 0, 0
12000, 28368, 1, 0, 0
12500, 29056, 1, 0, 0
13000, 28528, 1, 0, 0
13500, 25088, 1, 0, 0
14000, 22800, 1, 0, 0
14500, 19488, 1, 0, 0
15000, 20016, 1, 0, 0
15500, 28096, 1, 0, 0
16000, 22048, 1, 0, 0
16500, 24736, 1, 0, 0
17000, 20512, 1, 0, 0
17500, 23872, 1, 0, 0
18000, 30528, 1, 0, 0
18500, 25456, 1, 0, 0
19000, 22768, 1, 0, 0
19500, 24529, 1, 0, 0
20000, 22080, 1, 0, 0
20500, 28272, 1, 0, 0
21000, 30538, 1, 0, 0
21500, 29254, 1, 0, 0
22000, 22096, 1, 0, 0
22500, 32570, 1, 0, 0
23000, 32518, 1, 0, 0
23500, 30160, 1, 0, 0
24000, 31200, 1, 0, 0
24500, 32574, 1, 0, 0
25000, 28866, 1, 0, 0
25500, 35904, 1, 0, 0
26000, 33664, 1, 0, 0
26500, 20608, 1, 0, 0
27000, 21728, 1, 0, 0
27500, 21568, 1, 0, 0
28000, 21200, 1, 0, 0
28500, 30880, 1, 0, 0
29000, 38288, 1, 0, 0
29500, 34000, 1, 0, 0
30000, 23328, 1, 0, 0
30500, 27296, 1, 0, 0
31000, 25568, 1, 0, 0
31500, 34928, 1, 0, 0
32001, 24064, 1, 0, 0
32500, 31535, 1, 0, 0
33000, 30016, 1, 0, 0
33500, 25392, 1, 0, 0
34000, 25504, 1, 0, 0
34500, 43344, 1, 0, 0
35000, 35712, 1, 0, 0
35500, 29840, 1, 0, 0
36000, 46736, 1, 0, 0
36500, 39872, 1, 0, 0
37000, 45152, 1, 0, 0
37500, 35008, 1, 0, 0
38000, 46160, 1, 0, 0
38500, 33792, 1, 0, 0
39000, 41712, 1, 0, 0
39500, 35536, 1, 0, 0
40000, 37126, 1, 0, 0
40500, 54666, 1, 0, 0
41000, 39792, 1, 0, 0
41500, 61230, 1, 0, 0
42000, 65602, 1, 0, 0
42500, 50704, 1, 0, 0
43000, 59168, 1, 0, 0
43500, 58338, 1, 0, 0
44000, 64814, 1, 0, 0
44500, 83951, 1, 0, 0
45000, 103064, 1, 0, 0
45500, 130356, 1, 0, 0
46000, 236956, 1, 0, 0
46500, 15744, 1, 0, 0
47000, 15870, 1, 0, 0
47500, 16320, 1, 0, 0
48000, 18016, 1, 0, 0
48500, 18736, 1, 0, 0
49000, 20292, 1, 0, 0
49500, 20684, 1, 0, 0
50000, 20544, 1, 0, 0
50500, 23664, 1, 0, 0
51000, 26096, 1, 0, 0
51500, 25488, 1, 0, 0
52000, 27230, 1, 0, 0
52500, 29810, 1, 0, 0
53000, 32080, 1, 0, 0
53500, 25584, 1, 0, 0
54000, 23688, 1, 0, 0
54500, 25576, 1, 0, 0
55000, 26480, 1, 0, 0
55500, 27568, 1, 0, 0
56000, 28432, 1, 0, 0
56500, 21680, 1, 0, 0
57001, 24112, 1, 0, 0
57500, 28905, 1, 0, 0
58000, 22192, 1, 0, 0
58500, 18896, 1, 0, 0
59000, 21520, 1, 0, 0
59500, 30128, 1, 0, 0
