500, 112500, 1, 0, 0
1000, 112627, 1, 0, 0
1500, 112771, 1, 0, 0
2000, 112904, 1, 0, 0
2500, 112554, 1, 0, 0
3000, 113064, 1, 0, 0
3500, 112546, 1, 0, 0
4000, 112806, 1, 0, 0
4500, 112912, 1, 0, 0
5000, 112876, 1, 0, 0
5510, 112581, 1, 0, 0
6015, 1437939, 1, 0, 0
6506, 2017651, 1, 0, 0
7000, 1924058, 1, 0, 0
7509, 1798473, 1, 0, 0
8003, 1696786, 1, 0, 0
8509, 1681329, 1, 0, 0
9000, 1564216, 1, 0, 0
9510, 1385473, 1, 0, 0
10000, 1385439, 1, 0, 0
10505, 1359199, 1, 0, 0
11008, 1301997, 1, 0, 0
11502, 1337501, 1, 0, 0
12007, 1136662, 1, 0, 0
12507, 1101881, 1, 0, 0
13008, 1125496, 1, 0, 0
13515, 1291599, 1, 0, 0
14015, 1403145, 1, 0, 0
14503, 1605948, 1, 0, 0
15007, 1607502, 1, 0, 0
15516, 1157299, 1, 0, 0
16005, 1423824, 1, 0, 0
16500, 1322384, 1, 0, 0
17014, 1551127, 1, 0, 0
17505, 1314617, 1, 0, 0
18013, 1062845, 1, 0, 0
18504, 1239772, 1, 0, 0
19007, 1408796, 1, 0, 0
19512, 1322947, 1, 0, 0
20011, 1442728, 1, 0, 0
20512, 1134278, 1, 0, 0
21000, 1056620, 1, 0, 0
21500, 1094630, 1, 0, 0
22010, 1429169, 1, 0, 0
22500, 994515, 1, 0, 0
23005, 960867, 1, 0, 0
23501, 1053452, 1, 0, 0
24000, 1059729, 1, 0, 0
24500, 982579, 1, 0, 0
25006, 1081506, 1, 0, 0
25513, 904077, 1, 0, 0
26013, 951325, 1, 0, 0
26509, 1541197, 1, 0, 0
27003, 1456180, 1, 0, 0
27500, 1473952, 1, 0, 0
28011, 1542625, 1, 0, 0
28515, 1040665, 1, 0, 0
29000, 812094, 1, 0, 0
29506, 952792, 1, 0, 0
30000, 1397412, 1, 0, 0
30500, 1178495, 1, 0, 0
31009, 1229877, 1, 0, 0
31512, 919967, 1, 0, 0
32000, 1310188, 1, 0, 0
32505, 1021614, 1, 0, 0
33002, 1058441, 1, 0, 0
33502, 1260229, 1, 0, 0
34004, 1260422, 1, 0, 0
34512, 749110, 1, 0, 0
35001, 877662, 1, 0, 0
35502, 1073476, 1, 0, 0
36012, 696529, 1, 0, 0
36500, 783952, 1, 0, 0
37009, 721478, 1, 0, 0
37504, 907229, 1, 0, 0
38009, 699192, 1, 0, 0
38510, 948048, 1, 0, 0
39011, 768424, 1, 0, 0
39509, 898981, 1, 0, 0
40000, 860585, 1, 0, 0
40500, 594127, 1, 0, 0
41001, 779430, 1, 0, 0
41500, 522000, 1, 0, 0
42007, 494986, 1, 0, 0
42507, 631491, 1, 0, 0
43002, 534592, 1, 0, 0
43500, 562339, 1, 0, 0
44001, 481933, 1, 0, 0
44500, 388165, 1, 0, 0
45000, 310383, 1, 0, 0
45500, 245270, 1, 0, 0
46004, 131422, 1, 0, 0
46500, 2073560, 1, 0, 0
47011, 2003280, 1, 0, 0
47503, 1927991, 1, 0, 0
48014, 1817860, 1, 0, 0
48507, 1681430, 1, 0, 0
49000, 1622983, 1, 0, 0
49509, 1511994, 1, 0, 0
50010, 1561243, 1, 0, 0
50501, 1325462, 1, 0, 0
51011, 1253385, 1, 0, 0
51514, 1261706, 1, 0, 0
52000, 1191440, 1, 0, 0
52506, 1040818, 1, 0, 0
53013, 1012215, 1, 0, 0
53516, 1257581, 1, 0, 0
54000, 1312806, 1, 0, 0
54509, 1270541, 1, 0, 0
55000, 1236609, 1, 0, 0
55510, 1135944, 1, 0, 0
56000, 1157743, 1, 0, 0
56504, 1413494, 1, 0, 0
57014, 1349874, 1, 0, 0
57502, 1083760, 1, 0, 0
58003, 1442838, 1, 0, 0
58508, 1714241, 1, 0, 0
59006, 1478360, 1, 0, 0
59511, 1071215, 1, 0, 0
60000, 1052818, 1, 0, 0
60000, 201206, 1, 0, 0
