500, 1007, 1, 0, 0
1000, 1014, 1, 0, 0
1500, 1013, 1, 0, 0
2000, 1008, 1, 0, 0
2500, 1009, 1, 0, 0
3000, 1010, 1, 0, 0
3500, 1016, 1, 0, 0
4000, 1008, 1, 0, 0
4500, 1010, 1, 0, 0
5000, 1006, 1, 0, 0
5510, 1009, 1, 0, 0
6015, 1031, 1, 0, 0
6506, 1038, 1, 0, 0
7000, 1040, 1, 0, 0
7509, 1053, 1, 0, 0
8003, 1044, 1, 0, 0
8509, 1041, 1, 0, 0
9000, 1028, 1, 0, 0
9510, 1020, 1, 0, 0
10000, 1030, 1, 0, 0
10505, 1032, 1, 0, 0
11008, 1029, 1, 0, 0
11502, 1022, 1, 0, 0
12007, 1032, 1, 0, 0
12507, 1024, 1, 0, 0
13008, 1020, 1, 0, 0
13515, 1025, 1, 0, 0
14015, 1035, 1, 0, 0
14503, 1039, 1, 0, 0
15007, 1036, 1, 0, 0
15516, 1026, 1, 0, 0
16005, 1024, 1, 0, 0
16500, 1029, 1, 0, 0
17014, 1028, 1, 0, 0
17505, 1024, 1, 0, 0
18013, 1067, 1, 0, 0
18504, 1080, 1, 0, 0
19007, 1030, 1, 0, 0
19512, 1026, 1, 0, 0
20011, 1025, 1, 0, 0
20512, 1020, 1, 0, 0
21000, 1012, 1, 0, 0
21500, 1015, 1, 0, 0
22010, 1021, 1, 0, 0
22500, 1007, 1, 0, 0
23005, 1010, 1, 0, 0
23501, 1012, 1, 0, 0
24000, 1017, 1, 0, 0
24500, 1018, 1, 0, 0
25006, 1027, 1, 0, 0
25513, 1020, 1, 0, 0
26013, 1028, 1, 0, 0
26509, 1028, 1, 0, 0
27003, 1026, 1, 0, 0
27500, 1022, 1, 0, 0
28011, 1022, 1, 0, 0
28515, 1029, 1, 0, 0
29000, 1006, 1, 0, 0
29506, 1017, 1, 0, 0
30000, 1018, 1, 0, 0
30500, 1017, 1, 0, 0
31009, 1030, 1, 0, 0
31512, 1012, 1, 0, 0
32000, 1031, 1, 0, 0
32505, 1021, 1, 0, 0
33002, 1022, 1, 0, 0
33502, 1018, 1, 0, 0
34004, 1019, 1, 0, 0
34512, 1012, 1, 0, 0
35001, 1020, 1, 0, 0
35502, 1037, 1, 0, 0
36012, 1014, 1, 0, 0
36500, 1023, 1, 0, 0
37009, 1012, 1, 0, 0
37504, 1019, 1, 0, 0
38009, 1015, 1, 0, 0
38510, 1017, 1, 0, 0
39011, 1014, 1, 0, 0
39509, 1020, 1, 0, 0
40000, 1014, 1, 0, 0
40500, 1013, 1, 0, 0
41001, 1016, 1, 0, 0
41500, 1011, 1, 0, 0
42007, 1009, 1, 0, 0
42507, 1008, 1, 0, 0
43002, 1011, 1, 0, 0
43500, 1013, 1, 0, 0
44001, 1008, 1, 0, 0
44500, 1004, 1, 0, 0
45000, 1007, 1, 0, 0
45500, 1006, 1, 0, 0
46004, 1011, 1, 0, 0
46500, 1046, 1, 0, 0
47011, 1034, 1, 0, 0
47503, 1031, 1, 0, 0
48014, 1050, 1, 0, 0
48507, 1029, 1, 0, 0
49000, 1028, 1, 0, 0
49509, 1037, 1, 0, 0
50010, 1043, 1, 0, 0
50501, 1015, 1, 0, 0
51011, 1015, 1, 0, 0
51514, 1034, 1, 0, 0
52000, 1029, 1, 0, 0
52506, 1016, 1, 0, 0
53013, 1018, 1, 0, 0
53516, 1050, 1, 0, 0
54000, 1028, 1, 0, 0
54509, 1019, 1, 0, 0
55000, 1017, 1, 0, 0
55510, 1022, 1, 0, 0
56000, 1029, 1, 0, 0
56504, 1029, 1, 0, 0
57014, 1025, 1, 0, 0
57502, 1013, 1, 0, 0
58003, 1029, 1, 0, 0
58508, 1044, 1, 0, 0
59006, 1034, 1, 0, 0
59511, 1021, 1, 0, 0
60000, 1009, 1, 0, 0
