500, 549712, 1, 0, 0
1000, 550810, 1, 0, 0
1500, 549608, 1, 0, 0
2000, 547782, 1, 0, 0
2500, 547930, 1, 0, 0
3000, 548506, 1, 0, 0
3500, 548712, 1, 0, 0
4000, 547788, 1, 0, 0
4500, 549838, 1, 0, 0
5000, 549434, 1, 0, 0
5500, 543932, 1, 0, 0
6000, 532938, 1, 0, 0
6500, 533747, 1, 0, 0
7000, 533666, 1, 0, 0
7500, 533666, 1, 0, 0
8000, 532822, 1, 0, 0
8500, 533388, 1, 0, 0
9000, 533788, 1, 0, 0
9500, 533750, 1, 0, 0
10000, 532856, 1, 0, 0
10500, 533862, 1, 0, 0
11000, 532772, 1, 0, 0
11500, 533202, 1, 0, 0
12000, 533406, 1, 0, 0
12500, 534040, 1, 0, 0
13000, 534034, 1, 0, 0
13500, 533454, 1, 0, 0
14000, 532940, 1, 0, 0
14500, 533428, 1, 0, 0
15000, 532840, 1, 0, 0
15500, 532685, 1, 0, 0
16000, 532468, 1, 0, 0
16500, 531268, 1, 0, 0
17000, 532786, 1, 0, 0
17500, 533834, 1, 0, 0
18000, 533684, 1, 0, 0
18500, 533512, 1, 0, 0
19000, 532424, 1, 0, 0
19500, 532496, 1, 0, 0
20000, 532618, 1, 0, 0
20500, 532726, 1, 0, 0
21000, 532554, 1, 0, 0
21500, 532894, 1, 0, 0
22000, 529436, 1, 0, 0
22500, 533594, 1, 0, 0
23000, 533772, 1, 0, 0
23500, 532686, 1, 0, 0
24000, 532240, 1, 0, 0
24500, 532442, 1, 0, 0
25000, 532548, 1, 0, 0
25500, 532736, 1, 0, 0
26000, 532272, 1, 0, 0
26500, 532612, 1, 0, 0
27000, 532798, 1, 0, 0
27500, 532268, 1, 0, 0
28000, 532518, 1, 0, 0
28500, 533790, 1, 0, 0
29000, 532796, 1, 0, 0
29500, 531878, 1, 0, 0
30000, 532206, 1, 0, 0
30500, 532862, 1, 0, 0
31000, 532692, 1, 0, 0
31500, 532058, 1, 0, 0
32000, 532478, 1, 0, 0
32500, 533222, 1, 0, 0
33001, 531294, 1, 0, 0
33500, 533326, 1, 0, 0
34000, 532832, 1, 0, 0
34500, 534428, 1, 0, 0
35000, 533728, 1, 0, 0
35500, 532820, 1, 0, 0
36000, 533194, 1, 0, 0
36500, 533632, 1, 0, 0
37000, 533062, 1, 0, 0
37500, 533296, 1, 0, 0
38000, 532550, 1, 0, 0
38500, 531622, 1, 0, 0
39000, 531492, 1, 0, 0
39500, 533078, 1, 0, 0
40000, 533020, 1, 0, 0
40500, 533208, 1, 0, 0
41000, 532146, 1, 0, 0
41500, 532016, 1, 0, 0
42000, 531970, 1, 0, 0
42500, 531496, 1, 0, 0
43000, 532542, 1, 0, 0
43500, 532806, 1, 0, 0
44000, 531464, 1, 0, 0
44500, 532836, 1, 0, 0
45000, 533404, 1, 0, 0
45500, 533738, 1, 0, 0
46000, 533920, 1, 0, 0
46500, 533018, 1, 0, 0
47000, 533712, 1, 0, 0
47500, 533516, 1, 0, 0
48000, 532430, 1, 0, 0
48500, 532876, 1, 0, 0
49000, 532090, 1, 0, 0
49500, 532574, 1, 0, 0
50000, 530518, 1, 0, 0
50500, 533550, 1, 0, 0
51000, 532879, 1, 0, 0
51500, 533338, 1, 0, 0
52000, 532462, 1, 0, 0
52500, 532142, 1, 0, 0
53000, 532450, 1, 0, 0
53500, 531584, 1, 0, 0
54000, 532422, 1, 0, 0
54500, 531770, 1, 0, 0
55000, 532080, 1, 0, 0
55500, 531338, 1, 0, 0
56000, 533066, 1, 0, 0
56500, 532374, 1, 0, 0
57000, 532188, 1, 0, 0
57500, 531616, 1, 0, 0
58000, 532328, 1, 0, 0
58500, 532526, 1, 0, 0
59000, 531780, 1, 0, 0
59500, 532066, 1, 0, 0
