500, 58092, 1, 0, 0
1000, 57959, 1, 0, 0
1500, 58083, 1, 0, 0
2000, 58277, 1, 0, 0
2500, 58260, 1, 0, 0
3000, 58199, 1, 0, 0
3500, 58177, 1, 0, 0
4000, 58276, 1, 0, 0
4500, 58058, 1, 0, 0
5000, 58102, 1, 0, 0
5500, 58683, 1, 0, 0
6000, 59906, 1, 0, 0
6500, 59813, 1, 0, 0
7000, 59823, 1, 0, 0
7500, 59820, 1, 0, 0
8000, 59919, 1, 0, 0
8500, 59852, 1, 0, 0
9000, 59809, 1, 0, 0
9500, 59812, 1, 0, 0
10000, 59912, 1, 0, 0
10500, 59803, 1, 0, 0
11000, 59913, 1, 0, 0
11500, 59874, 1, 0, 0
12000, 59853, 1, 0, 0
12500, 59779, 1, 0, 0
13000, 59785, 1, 0, 0
13500, 59843, 1, 0, 0
14000, 59902, 1, 0, 0
14500, 59850, 1, 0, 0
15000, 59915, 1, 0, 0
15500, 59931, 1, 0, 0
16000, 59958, 1, 0, 0
16500, 60087, 1, 0, 0
17000, 59920, 1, 0, 0
17500, 59804, 1, 0, 0
18000, 59819, 1, 0, 0
18500, 59838, 1, 0, 0
19000, 59962, 1, 0, 0
19500, 59953, 1, 0, 0
20000, 59942, 1, 0, 0
20500, 59926, 1, 0, 0
21000, 59948, 1, 0, 0
21500, 59908, 1, 0, 0
22000, 60294, 1, 0, 0
22500, 59832, 1, 0, 0
23000, 59810, 1, 0, 0
23500, 59932, 1, 0, 0
24000, 59980, 1, 0, 0
24500, 59960, 1, 0, 0
25000, 59951, 1, 0, 0
25500, 59930, 1, 0, 0
26000, 59978, 1, 0, 0
26500, 59941, 1, 0, 0
27000, 59919, 1, 0, 0
27500, 59973, 1, 0, 0
28000, 59952, 1, 0, 0
28500, 59808, 1, 0, 0
29000, 59921, 1, 0, 0
29500, 60025, 1, 0, 0
30000, 59984, 1, 0, 0
30500, 59913, 1, 0, 0
31000, 59930, 1, 0, 0
31500, 60004, 1, 0, 0
32000, 59958, 1, 0, 0
32500, 59870, 1, 0, 0
33000, 60082, 1, 0, 0
33500, 59860, 1, 0, 0
34000, 59916, 1, 0, 0
34500, 59738, 1, 0, 0
35000, 59815, 1, 0, 0
35500, 59916, 1, 0, 0
36000, 59876, 1, 0, 0
36500, 59825, 1, 0, 0
37000, 59890, 1, 0, 0
37500, 59866, 1, 0, 0
38000, 59947, 1, 0, 0
38500, 60044, 1, 0, 0
39000, 60068, 1, 0, 0
39500, 59890, 1, 0, 0
40000, 59894, 1, 0, 0
40500, 59871, 1, 0, 0
41000, 59990, 1, 0, 0
41500, 60011, 1, 0, 0
42000, 60011, 1, 0, 0
42500, 60067, 1, 0, 0
43000, 59953, 1, 0, 0
43500, 59917, 1, 0, 0
44000, 60064, 1, 0, 0
44500, 59917, 1, 0, 0
45000, 59851, 1, 0, 0
45500, 59817, 1, 0, 0
46000, 59792, 1, 0, 0
46500, 59893, 1, 0, 0
47000, 59817, 1, 0, 0
47500, 59837, 1, 0, 0
48000, 59962, 1, 0, 0
48500, 59911, 1, 0, 0
49000, 59999, 1, 0, 0
49500, 59945, 1, 0, 0
50000, 60170, 1, 0, 0
50500, 59836, 1, 0, 0
51000, 59909, 1, 0, 0
51500, 59860, 1, 0, 0
52000, 59957, 1, 0, 0
52500, 59993, 1, 0, 0
53000, 59958, 1, 0, 0
53500, 60055, 1, 0, 0
54000, 59961, 1, 0, 0
54500, 60036, 1, 0, 0
55000, 60000, 1, 0, 0
55500, 60078, 1, 0, 0
56000, 59889, 1, 0, 0
56500, 59967, 1, 0, 0
57000, 59989, 1, 0, 0
57500, 60050, 1, 0, 0
58000, 59971, 1, 0, 0
58500, 59951, 1, 0, 0
59000, 60035, 1, 0, 0
59500, 60000, 1, 0, 0
60000, 59988, 1, 0, 0
60000, 64111, 1, 0, 0
