500, 762, 1, 0, 0
1000, 760, 1, 0, 0
1500, 759, 1, 0, 0
2000, 762, 1, 0, 0
2500, 761, 1, 0, 0
3000, 761, 1, 0, 0
3500, 760, 1, 0, 0
4000, 761, 1, 0, 0
4500, 759, 1, 0, 0
5000, 761, 1, 0, 0
5500, 779, 1, 0, 0
6000, 815, 1, 0, 0
6500, 813, 1, 0, 0
7000, 812, 1, 0, 0
7500, 811, 1, 0, 0
8000, 814, 1, 0, 0
8500, 811, 1, 0, 0
9000, 812, 1, 0, 0
9500, 811, 1, 0, 0
10000, 812, 1, 0, 0
10500, 811, 1, 0, 0
11000, 817, 1, 0, 0
11500, 813, 1, 0, 0
12000, 811, 1, 0, 0
12500, 811, 1, 0, 0
13000, 810, 1, 0, 0
13500, 811, 1, 0, 0
14000, 811, 1, 0, 0
14500, 812, 1, 0, 0
15000, 811, 1, 0, 0
15500, 811, 1, 0, 0
16000, 811, 1, 0, 0
16500, 815, 1, 0, 0
17000, 811, 1, 0, 0
17500, 809, 1, 0, 0
18000, 811, 1, 0, 0
18500, 809, 1, 0, 0
19000, 814, 1, 0, 0
19500, 812, 1, 0, 0
20000, 811, 1, 0, 0
20500, 810, 1, 0, 0
21000, 810, 1, 0, 0
21500, 809, 1, 0, 0
22000, 827, 1, 0, 0
22500, 812, 1, 0, 0
23000, 809, 1, 0, 0
23500, 811, 1, 0, 0
24000, 813, 1, 0, 0
24500, 811, 1, 0, 0
25000, 812, 1, 0, 0
25500, 810, 1, 0, 0
26000, 811, 1, 0, 0
26500, 810, 1, 0, 0
27000, 811, 1, 0, 0
27500, 812, 1, 0, 0
28000, 813, 1, 0, 0
28500, 810, 1, 0, 0
29000, 813, 1, 0, 0
29500, 811, 1, 0, 0
30000, 811, 1, 0, 0
30500, 811, 1, 0, 0
31000, 810, 1, 0, 0
31500, 812, 1, 0, 0
32000, 811, 1, 0, 0
32500, 810, 1, 0, 0
33000, 816, 1, 0, 0
33500, 813, 1, 0, 0
34000, 811, 1, 0, 0
34500, 811, 1, 0, 0
35000, 811, 1, 0, 0
35500, 811, 1, 0, 0
36000, 812, 1, 0, 0
36500, 811, 1, 0, 0
37000, 814, 1, 0, 0
37500, 811, 1, 0, 0
38000, 815, 1, 0, 0
38500, 818, 1, 0, 0
39000, 816, 1, 0, 0
39500, 811, 1, 0, 0
40000, 811, 1, 0, 0
40500, 810, 1, 0, 0
41000, 813, 1, 0, 0
41500, 811, 1, 0, 0
42000, 810, 1, 0, 0
42500, 812, 1, 0, 0
43000, 811, 1, 0, 0
43500, 810, 1, 0, 0
44000, 815, 1, 0, 0
44500, 813, 1, 0, 0
45000, 812, 1, 0, 0
45500, 810, 1, 0, 0
46000, 810, 1, 0, 0
46500, 810, 1, 0, 0
47000, 810, 1, 0, 0
47500, 810, 1, 0, 0
48000, 811, 1, 0, 0
48500, 810, 1, 0, 0
49000, 814, 1, 0, 0
49500, 812, 1, 0, 0
50000, 819, 1, 0, 0
50500, 812, 1, 0, 0
51000, 815, 1, 0, 0
51500, 813, 1, 0, 0
52000, 814, 1, 0, 0
52500, 812, 1, 0, 0
53000, 812, 1, 0, 0
53500, 812, 1, 0, 0
54000, 812, 1, 0, 0
54500, 813, 1, 0, 0
55000, 813, 1, 0, 0
55500, 816, 1, 0, 0
56000, 812, 1, 0, 0
56500, 811, 1, 0, 0
57000, 814, 1, 0, 0
57500, 812, 1, 0, 0
58000, 812, 1, 0, 0
58500, 811, 1, 0, 0
59000, 816, 1, 0, 0
59500, 811, 1, 0, 0
60000, 813, 1, 0, 0
