500, 888, 1, 0, 0
1000, 883, 1, 0, 0
1500, 892, 1, 0, 0
2000, 892, 1, 0, 0
2500, 888, 1, 0, 0
3000, 892, 1, 0, 0
3500, 901, 1, 0, 0
4000, 898, 1, 0, 0
4500, 899, 1, 0, 0
5000, 907, 1, 0, 0
5500, 912, 1, 0, 0
6000, 906, 1, 0, 0
6500, 902, 1, 0, 0
7000, 904, 1, 0, 0
7500, 907, 1, 0, 0
8000, 906, 1, 0, 0
8500, 900, 1, 0, 0
9000, 896, 1, 0, 0
9500, 900, 1, 0, 0
10000, 899, 1, 0, 0
10500, 894, 1, 0, 0
11000, 906, 1, 0, 0
11500, 944, 1, 0, 0
12000, 922, 1, 0, 0
12500, 892, 1, 0, 0
13000, 1489, 1, 0, 0
13500, 944, 1, 0, 0
14000, 997, 1, 0, 0
14500, 1190, 1, 0, 0
15000, 1162, 1, 0, 0
15500, 1313, 1, 0, 0
16000, 1736, 1, 0, 0
16500, 1699, 1, 0, 0
17000, 1954, 1, 0, 0
17500, 2223, 1, 0, 0
18000, 2367, 1, 0, 0
18500, 2277, 1, 0, 0
19000, 2462, 1, 0, 0
19500, 2387, 1, 0, 0
20000, 3007, 1, 0, 0
20500, 2589, 1, 0, 0
21000, 2713, 1, 0, 0
21500, 3322, 1, 0, 0
22000, 2938, 1, 0, 0
22500, 2870, 1, 0, 0
23000, 2744, 1, 0, 0
23500, 3152, 1, 0, 0
24000, 3326, 1, 0, 0
24500, 3547, 1, 0, 0
25000, 4100, 1, 0, 0
25500, 3412, 1, 0, 0
26000, 3106, 1, 0, 0
26500, 3662, 1, 0, 0
27000, 3006, 1, 0, 0
27500, 4012, 1, 0, 0
28000, 3132, 1, 0, 0
28500, 3612, 1, 0, 0
29000, 2897, 1, 0, 0
29500, 3572, 1, 0, 0
30000, 3121, 1, 0, 0
30500, 3833, 1, 0, 0
31000, 2695, 1, 0, 0
31500, 3577, 1, 0, 0
32000, 2586, 1, 0, 0
32500, 3432, 1, 0, 0
33000, 2570, 1, 0, 0
33500, 3961, 1, 0, 0
34000, 2601, 1, 0, 0
34500, 3662, 1, 0, 0
35000, 2619, 1, 0, 0
35500, 3382, 1, 0, 0
36000, 2489, 1, 0, 0
36500, 2151, 1, 0, 0
37000, 2486, 1, 0, 0
37500, 3681, 1, 0, 0
38000, 2316, 1, 0, 0
38500, 3899, 1, 0, 0
39000, 2792, 1, 0, 0
39500, 3181, 1, 0, 0
40000, 2513, 1, 0, 0
40500, 3925, 1, 0, 0
41000, 2599, 1, 0, 0
41500, 3459, 1, 0, 0
42000, 2387, 1, 0, 0
42500, 3754, 1, 0, 0
43000, 3076, 1, 0, 0
43500, 3530, 1, 0, 0
44000, 2545, 1, 0, 0
44500, 4011, 1, 0, 0
45000, 2336, 1, 0, 0
45500, 3421, 1, 0, 0
46000, 2495, 1, 0, 0
46500, 3502, 1, 0, 0
47000, 2399, 1, 0, 0
47500, 3620, 1, 0, 0
48000, 2637, 1, 0, 0
48500, 3451, 1, 0, 0
49000, 3979, 1, 0, 0
49500, 3091, 1, 0, 0
50000, 2378, 1, 0, 0
50500, 3428, 1, 0, 0
51000, 2402, 1, 0, 0
51500, 3223, 1, 0, 0
52000, 2435, 1, 0, 0
52500, 3018, 1, 0, 0
53000, 2319, 1, 0, 0
53500, 2965, 1, 0, 0
54000, 3745, 1, 0, 0
54500, 2829, 1, 0, 0
55000, 2206, 1, 0, 0
55500, 2922, 1, 0, 0
56000, 3762, 1, 0, 0
56500, 3544, 1, 0, 0
57000, 3971, 1, 0, 0
57500, 2568, 1, 0, 0
58000, 2297, 1, 0, 0
58500, 2259, 1, 0, 0
59000, 3069, 1, 0, 0
59500, 3554, 1, 0, 0
60002, 2324, 1, 0, 0
