500, 77480, 1, 0, 0
1000, 71384, 1, 0, 0
1500, 71362, 1, 0, 0
2000, 71354, 1, 0, 0
2500, 71430, 1, 0, 0
3000, 71102, 1, 0, 0
3500, 71496, 1, 0, 0
4000, 71652, 1, 0, 0
4500, 71480, 1, 0, 0
5000, 71016, 1, 0, 0
5500, 70144, 1, 0, 0
6000, 44548, 1, 0, 0
6500, 39734, 1, 0, 0
7000, 38746, 1, 0, 0
7500, 37552, 1, 0, 0
8000, 36820, 1, 0, 0
8500, 35900, 1, 0, 0
9000, 34974, 1, 0, 0
9500, 34066, 1, 0, 0
10000, 32784, 1, 0, 0
10500, 31230, 1, 0, 0
11000, 30122, 1, 0, 0
11500, 28786, 1, 0, 0
12000, 27696, 1, 0, 0
12500, 26660, 1, 0, 0
13000, 25596, 1, 0, 0
13500, 25626, 1, 0, 0
14000, 25140, 1, 0, 0
14500, 24476, 1, 0, 0
15000, 24152, 1, 0, 0
15500, 23748, 1, 0, 0
16000, 23278, 1, 0, 0
16500, 23090, 1, 0, 0
17000, 22898, 1, 0, 0
17500, 22764, 1, 0, 0
18000, 22619, 1, 0, 0
18500, 22468, 1, 0, 0
19000, 22396, 1, 0, 0
19500, 22180, 1, 0, 0
20000, 22008, 1, 0, 0
20500, 21975, 1, 0, 0
21000, 21724, 1, 0, 0
21500, 21370, 1, 0, 0
22001, 21289, 1, 0, 0
22500, 21168, 1, 0, 0
23000, 21068, 1, 0, 0
23500, 20927, 1, 0, 0
24000, 20742, 1, 0, 0
24500, 20630, 1, 0, 0
25000, 20396, 1, 0, 0
25500, 19992, 1, 0, 0
26000, 19588, 1, 0, 0
26502, 19648, 1, 0, 0
27003, 19199, 1, 0, 0
27503, 18916, 1, 0, 0
28003, 18768, 1, 0, 0
28503, 18404, 1, 0, 0
29004, 18236, 1, 0, 0
29505, 18046, 1, 0, 0
30007, 17834, 1, 0, 0
30508, 17706, 1, 0, 0
31008, 17352, 1, 0, 0
31509, 17054, 1, 0, 0
32009, 16770, 1, 0, 0
32509, 16506, 1, 0, 0
33009, 16296, 1, 0, 0
33510, 16188, 1, 0, 0
34010, 16186, 1, 0, 0
34510, 16008, 1, 0, 0
35012, 15906, 1, 0, 0
35513, 15660, 1, 0, 0
36013, 15536, 1, 0, 0
36513, 15412, 1, 0, 0
37013, 15308, 1, 0, 0
37514, 15220, 1, 0, 0
38014, 14976, 1, 0, 0
38514, 14772, 1, 0, 0
39014, 14662, 1, 0, 0
39514, 14532, 1, 0, 0
40014, 14404, 1, 0, 0
40514, 14244, 1, 0, 0
41015, 14196, 1, 0, 0
41515, 14070, 1, 0, 0
42015, 13974, 1, 0, 0
42515, 13874, 1, 0, 0
43015, 13752, 1, 0, 0
43515, 13730, 1, 0, 0
44016, 13646, 1, 0, 0
44516, 13560, 1, 0, 0
45016, 13452, 1, 0, 0
45516, 13320, 1, 0, 0
46016, 13260, 1, 0, 0
46516, 13126, 1, 0, 0
47016, 13018, 1, 0, 0
47519, 12984, 1, 0, 0
48019, 12838, 1, 0, 0
48519, 12728, 1, 0, 0
49020, 12632, 1, 0, 0
49520, 12558, 1, 0, 0
50020, 12538, 1, 0, 0
50521, 12538, 1, 0, 0
51022, 12422, 1, 0, 0
51522, 12374, 1, 0, 0
52023, 12262, 1, 0, 0
52523, 12200, 1, 0, 0
53023, 12188, 1, 0, 0
53523, 12088, 1, 0, 0
54023, 12048, 1, 0, 0
54523, 12030, 1, 0, 0
55023, 12034, 1, 0, 0
55523, 11928, 1, 0, 0
56024, 11948, 1, 0, 0
56524, 11878, 1, 0, 0
57024, 11790, 1, 0, 0
57524, 11752, 1, 0, 0
58024, 11734, 1, 0, 0
58525, 11622, 1, 0, 0
59025, 11576, 1, 0, 0
59525, 11580, 1, 0, 0
