500, 411880, 1, 0, 0
1000, 447222, 1, 0, 0
1500, 447350, 1, 0, 0
2000, 447422, 1, 0, 0
2500, 446954, 1, 0, 0
3000, 448977, 1, 0, 0
3500, 446516, 1, 0, 0
4000, 445537, 1, 0, 0
4500, 446604, 1, 0, 0
5000, 449521, 1, 0, 0
5500, 454929, 1, 0, 0
6000, 716791, 1, 0, 0
6500, 804305, 1, 0, 0
7000, 824730, 1, 0, 0
7500, 851039, 1, 0, 0
8000, 867996, 1, 0, 0
8500, 890228, 1, 0, 0
9000, 913787, 1, 0, 0
9500, 938357, 1, 0, 0
10000, 974937, 1, 0, 0
10500, 1023460, 1, 0, 0
11000, 1061319, 1, 0, 0
11500, 1110306, 1, 0, 0
12000, 1154585, 1, 0, 0
12500, 1199208, 1, 0, 0
13000, 1248675, 1, 0, 0
13500, 1247541, 1, 0, 0
14000, 1271868, 1, 0, 0
14500, 1305939, 1, 0, 0
15000, 1323630, 1, 0, 0
15500, 1346209, 1, 0, 0
16000, 1373091, 1, 0, 0
16500, 1383685, 1, 0, 0
17000, 1394775, 1, 0, 0
17500, 1403638, 1, 0, 0
18000, 1415004, 1, 0, 0
18500, 1421075, 1, 0, 0
19000, 1427367, 1, 0, 0
19500, 1441244, 1, 0, 0
20000, 1452287, 1, 0, 0
20500, 1454281, 1, 0, 0
21000, 1471150, 1, 0, 0
21500, 1497280, 1, 0, 0
22000, 1498830, 1, 0, 0
22500, 1510886, 1, 0, 0
23000, 1516307, 1, 0, 0
23500, 1526467, 1, 0, 0
24000, 1539583, 1, 0, 0
24500, 1545433, 1, 0, 0
25000, 1566991, 1, 0, 0
25500, 1594633, 1, 0, 0
26000, 1633347, 1, 0, 0
26500, 1624767, 1, 0, 0
27000, 1662971, 1, 0, 0
27500, 1686590, 1, 0, 0
28000, 1705086, 1, 0, 0
28500, 1733658, 1, 0, 0
29000, 1750425, 1, 0, 0
29500, 1775241, 1, 0, 0
30000, 1790137, 1, 0, 0
30500, 1808644, 1, 0, 0
31000, 1839957, 1, 0, 0
31500, 1870064, 1, 0, 0
32000, 1913527, 1, 0, 0
32500, 1930089, 1, 0, 0
33000, 1956446, 1, 0, 0
33500, 1981901, 1, 0, 0
34000, 1973915, 1, 0, 0
34500, 1991578, 1, 0, 0
35000, 2010538, 1, 0, 0
35500, 2041418, 1, 0, 0
36000, 2057275, 1, 0, 0
36500, 2072497, 1, 0, 0
37000, 2088186, 1, 0, 0
37500, 2101754, 1, 0, 0
38000, 2132545, 1, 0, 0
38500, 2167577, 1, 0, 0
39000, 2177194, 1, 0, 0
39500, 2191338, 1, 0, 0
40000, 2227774, 1, 0, 0
40500, 2237834, 1, 0, 0
41000, 2253225, 1, 0, 0
41500, 2267520, 1, 0, 0
42000, 2288160, 1, 0, 0
42500, 2305907, 1, 0, 0
43000, 2321356, 1, 0, 0
43500, 2333610, 1, 0, 0
44000, 2339506, 1, 0, 0
44500, 2353483, 1, 0, 0
45000, 2375138, 1, 0, 0
45500, 2394669, 1, 0, 0
46000, 2416458, 1, 0, 0
46500, 2431085, 1, 0, 0
47000, 2450759, 1, 0, 0
47500, 2468415, 1, 0, 0
48000, 2490797, 1, 0, 0
48500, 2505603, 1, 0, 0
49000, 2534903, 1, 0, 0
49500, 2544713, 1, 0, 0
50000, 2552002, 1, 0, 0
50500, 2550569, 1, 0, 0
51000, 2570012, 1, 0, 0
51500, 2584348, 1, 0, 0
52000, 2609735, 1, 0, 0
52500, 2615846, 1, 0, 0
53000, 2617310, 1, 0, 0
53500, 2650081, 1, 0, 0
54000, 2657309, 1, 0, 0
54500, 2657977, 1, 0, 0
55000, 2657824, 1, 0, 0
55500, 2673585, 1, 0, 0
56000, 2679066, 1, 0, 0
56500, 2692988, 1, 0, 0
57000, 2707622, 1, 0, 0
57500, 2717290, 1, 0, 0
58000, 2733925, 1, 0, 0
58500, 2747289, 1, 0, 0
59000, 2760782, 1, 0, 0
59500, 2758532, 1, 0, 0
60000, 2783267, 1, 0, 0
60002, 3099196, 1, 0, 0
