500, 309920, 1, 0, 0
1000, 285552, 1, 0, 0
1500, 285448, 1, 0, 0
2000, 285416, 1, 0, 0
2500, 285720, 1, 0, 0
3000, 284408, 1, 0, 0
3500, 285984, 1, 0, 0
4000, 286608, 1, 0, 0
4500, 285920, 1, 0, 0
5000, 284056, 1, 0, 0
5500, 280576, 1, 0, 0
6000, 178192, 1, 0, 0
6500, 158936, 1, 0, 0
7000, 154984, 1, 0, 0
7500, 150208, 1, 0, 0
8000, 147280, 1, 0, 0
8500, 143600, 1, 0, 0
9000, 139896, 1, 0, 0
9500, 136264, 1, 0, 0
10000, 131136, 1, 0, 0
10500, 124920, 1, 0, 0
11000, 120488, 1, 0, 0
11500, 115144, 1, 0, 0
12000, 110784, 1, 0, 0
12500, 106640, 1, 0, 0
13000, 102384, 1, 0, 0
13500, 102504, 1, 0, 0
14000, 100560, 1, 0, 0
14500, 97904, 1, 0, 0
15000, 96608, 1, 0, 0
15500, 94992, 1, 0, 0
16000, 93112, 1, 0, 0
16500, 92360, 1, 0, 0
17000, 91592, 1, 0, 0
17500, 91056, 1, 0, 0
18000, 90476, 1, 0, 0
18500, 89872, 1, 0, 0
19000, 89584, 1, 0, 0
19500, 88721, 1, 0, 0
20000, 88032, 1, 0, 0
20500, 87903, 1, 0, 0
21000, 86896, 1, 0, 0
21500, 85482, 1, 0, 0
22001, 85157, 1, 0, 0
22500, 84673, 1, 0, 0
23000, 84272, 1, 0, 0
23500, 83711, 1, 0, 0
24000, 82968, 1, 0, 0
24500, 82520, 1, 0, 0
25000, 81584, 1, 0, 0
25500, 79968, 1, 0, 0
26000, 78352, 1, 0, 0
26502, 78594, 1, 0, 0
27003, 76798, 1, 0, 0
27503, 75664, 1, 0, 0
28003, 75072, 1, 0, 0
28503, 73616, 1, 0, 0
29004, 72944, 1, 0, 0
29505, 72184, 1, 0, 0
30007, 71338, 1, 0, 0
30508, 70824, 1, 0, 0
31008, 69408, 1, 0, 0
31509, 68216, 1, 0, 0
32009, 67080, 1, 0, 0
32509, 66024, 1, 0, 0
33009, 65184, 1, 0, 0
33510, 64752, 1, 0, 0
34010, 64744, 1, 0, 0
34510, 64032, 1, 0, 0
35012, 63625, 1, 0, 0
35513, 62640, 1, 0, 0
36013, 62144, 1, 0, 0
36513, 61648, 1, 0, 0
37013, 61232, 1, 0, 0
37514, 60880, 1, 0, 0
38014, 59904, 1, 0, 0
38514, 59088, 1, 0, 0
39014, 58648, 1, 0, 0
39514, 58128, 1, 0, 0
40014, 57616, 1, 0, 0
40514, 56976, 1, 0, 0
41015, 56784, 1, 0, 0
41515, 56280, 1, 0, 0
42015, 55896, 1, 0, 0
42515, 55496, 1, 0, 0
43015, 55008, 1, 0, 0
43515, 54920, 1, 0, 0
44016, 54584, 1, 0, 0
44516, 54240, 1, 0, 0
45016, 53808, 1, 0, 0
45516, 53280, 1, 0, 0
46016, 53040, 1, 0, 0
46516, 52504, 1, 0, 0
47016, 52072, 1, 0, 0
47519, 51936, 1, 0, 0
48019, 51352, 1, 0, 0
48519, 50912, 1, 0, 0
49020, 50528, 1, 0, 0
49520, 50232, 1, 0, 0
50020, 50152, 1, 0, 0
50521, 50155, 1, 0, 0
51022, 49688, 1, 0, 0
51522, 49496, 1, 0, 0
52023, 49048, 1, 0, 0
52523, 48800, 1, 0, 0
53023, 48752, 1, 0, 0
53523, 48352, 1, 0, 0
54023, 48192, 1, 0, 0
54523, 48120, 1, 0, 0
55023, 48136, 1, 0, 0
55523, 47712, 1, 0, 0
56024, 47792, 1, 0, 0
56524, 47512, 1, 0, 0
57024, 47160, 1, 0, 0
57524, 47008, 1, 0, 0
58024, 46936, 1, 0, 0
58525, 46488, 1, 0, 0
59025, 46304, 1, 0, 0
59525, 46320, 1, 0, 0
