500, 698720, 1, 0, 0
1000, 693280, 1, 0, 0
1500, 701344, 1, 0, 0
2000, 694016, 1, 0, 0
2500, 504992, 1, 0, 0
3000, 295040, 1, 0, 0
3500, 275744, 1, 0, 0
4000, 266176, 1, 0, 0
4500, 252928, 1, 0, 0
5000, 228832, 1, 0, 0
5500, 215616, 1, 0, 0
6000, 194144, 1, 0, 0
6500, 182816, 1, 0, 0
7000, 175776, 1, 0, 0
7500, 167872, 1, 0, 0
8000, 164448, 1, 0, 0
8500, 153664, 1, 0, 0
9000, 152480, 1, 0, 0
9500, 142432, 1, 0, 0
10000, 137632, 1, 0, 0
10500, 133696, 1, 0, 0
11000, 131520, 1, 0, 0
11500, 125088, 1, 0, 0
12000, 122208, 1, 0, 0
12500, 115520, 1, 0, 0
13000, 115456, 1, 0, 0
13500, 109568, 1, 0, 0
14000, 110304, 1, 0, 0
14500, 109408, 1, 0, 0
15000, 107616, 1, 0, 0
15500, 102272, 1, 0, 0
16000, 102752, 1, 0, 0
16500, 98917, 1, 0, 0
17000, 94368, 1, 0, 0
17500, 98656, 1, 0, 0
18000, 96576, 1, 0, 0
18500, 91232, 1, 0, 0
19000, 91680, 1, 0, 0
19500, 90912, 1, 0, 0
20000, 89408, 1, 0, 0
20500, 83488, 1, 0, 0
21000, 87072, 1, 0, 0
21500, 86496, 1, 0, 0
22000, 82368, 1, 0, 0
22500, 79648, 1, 0, 0
23000, 79616, 1, 0, 0
23500, 82272, 1, 0, 0
24000, 79904, 1, 0, 0
24500, 78880, 1, 0, 0
25000, 77152, 1, 0, 0
25500, 77632, 1, 0, 0
26000, 75008, 1, 0, 0
26500, 74176, 1, 0, 0
27000, 72736, 1, 0, 0
27500, 72864, 1, 0, 0
28000, 72416, 1, 0, 0
28500, 73696, 1, 0, 0
29000, 71808, 1, 0, 0
29500, 71936, 1, 0, 0
30000, 70304, 1, 0, 0
30500, 71936, 1, 0, 0
31000, 70336, 1, 0, 0
31500, 67840, 1, 0, 0
32000, 68928, 1, 0, 0
32500, 68672, 1, 0, 0
33000, 67488, 1, 0, 0
33500, 68992, 1, 0, 0
34000, 67232, 1, 0, 0
34500, 67488, 1, 0, 0
35000, 68544, 1, 0, 0
35500, 64513, 1, 0, 0
36000, 66144, 1, 0, 0
36500, 64000, 1, 0, 0
37000, 64800, 1, 0, 0
37500, 65120, 1, 0, 0
38000, 62816, 1, 0, 0
38500, 64224, 1, 0, 0
39000, 63776, 1, 0, 0
39500, 64544, 1, 0, 0
40000, 62944, 1, 0, 0
40500, 58848, 1, 0, 0
41000, 60896, 1, 0, 0
41500, 62048, 1, 0, 0
42000, 61408, 1, 0, 0
42500, 60288, 1, 0, 0
43000, 61152, 1, 0, 0
43500, 60096, 1, 0, 0
44000, 61120, 1, 0, 0
44500, 61888, 1, 0, 0
45000, 59456, 1, 0, 0
45500, 59520, 1, 0, 0
46000, 59776, 1, 0, 0
46500, 60256, 1, 0, 0
47000, 59840, 1, 0, 0
47500, 57696, 1, 0, 0
48000, 58688, 1, 0, 0
48500, 58656, 1, 0, 0
49000, 58848, 1, 0, 0
49500, 58080, 1, 0, 0
50000, 60448, 1, 0, 0
50500, 55712, 1, 0, 0
51000, 56608, 1, 0, 0
51500, 56672, 1, 0, 0
52000, 56320, 1, 0, 0
52500, 57856, 1, 0, 0
53000, 55136, 1, 0, 0
53500, 58080, 1, 0, 0
54000, 54816, 1, 0, 0
54500, 54720, 1, 0, 0
55000, 55424, 1, 0, 0
55501, 57504, 1, 0, 0
56000, 53162, 1, 0, 0
56500, 55456, 1, 0, 0
57000, 54880, 1, 0, 0
57500, 55872, 1, 0, 0
58000, 55936, 1, 0, 0
58500, 55936, 1, 0, 0
59000, 55872, 1, 0, 0
59500, 54112, 1, 0, 0
60000, 54976, 1, 0, 0
