500, 1808, 1, 0, 0
1000, 1234, 1, 0, 0
1500, 1241, 1, 0, 0
2000, 1238, 1, 0, 0
2500, 1234, 1, 0, 0
3000, 1232, 1, 0, 0
3500, 1238, 1, 0, 0
4000, 1244, 1, 0, 0
4500, 1235, 1, 0, 0
5000, 1236, 1, 0, 0
5501, 1240, 1, 0, 0
6003, 1240, 1, 0, 0
6500, 1237, 1, 0, 0
7000, 1242, 1, 0, 0
7502, 1241, 1, 0, 0
8000, 1242, 1, 0, 0
8500, 1242, 1, 0, 0
9000, 1240, 1, 0, 0
9500, 1246, 1, 0, 0
10001, 1241, 1, 0, 0
10500, 1239, 1, 0, 0
11005, 1234, 1, 0, 0
11504, 1233, 1, 0, 0
12002, 1238, 1, 0, 0
12501, 1246, 1, 0, 0
13000, 1238, 1, 0, 0
13500, 1235, 1, 0, 0
14001, 1232, 1, 0, 0
14500, 1224, 1, 0, 0
15002, 1232, 1, 0, 0
15500, 1235, 1, 0, 0
16000, 1235, 1, 0, 0
16500, 1236, 1, 0, 0
17003, 1238, 1, 0, 0
17505, 1233, 1, 0, 0
18000, 1232, 1, 0, 0
18505, 1236, 1, 0, 0
19003, 1236, 1, 0, 0
19500, 1233, 1, 0, 0
20003, 1233, 1, 0, 0
20500, 1236, 1, 0, 0
21003, 1236, 1, 0, 0
21500, 1229, 1, 0, 0
22000, 1237, 1, 0, 0
22501, 1236, 1, 0, 0
23000, 1247, 1, 0, 0
23504, 1234, 1, 0, 0
24000, 1239, 1, 0, 0
24500, 1234, 1, 0, 0
25003, 1234, 1, 0, 0
25504, 1230, 1, 0, 0
26000, 1228, 1, 0, 0
26502, 1235, 1, 0, 0
27001, 1229, 1, 0, 0
27500, 1226, 1, 0, 0
28001, 1235, 1, 0, 0
28503, 1236, 1, 0, 0
29000, 1229, 1, 0, 0
29502, 1224, 1, 0, 0
30000, 1231, 1, 0, 0
30504, 1227, 1, 0, 0
31000, 1247, 1, 0, 0
31500, 1225, 1, 0, 0
32003, 1230, 1, 0, 0
32501, 1234, 1, 0, 0
33005, 1228, 1, 0, 0
33504, 1240, 1, 0, 0
34000, 1239, 1, 0, 0
34500, 1228, 1, 0, 0
35003, 1231, 1, 0, 0
35504, 1235, 1, 0, 0
36002, 1229, 1, 0, 0
36500, 1227, 1, 0, 0
37000, 1238, 1, 0, 0
37500, 1236, 1, 0, 0
38000, 1236, 1, 0, 0
38501, 1220, 1, 0, 0
39001, 1227, 1, 0, 0
39500, 1229, 1, 0, 0
40000, 1236, 1, 0, 0
40500, 1234, 1, 0, 0
41003, 1233, 1, 0, 0
41506, 1232, 1, 0, 0
42000, 1237, 1, 0, 0
42501, 1234, 1, 0, 0
43002, 1237, 1, 0, 0
43502, 1243, 1, 0, 0
44002, 1247, 1, 0, 0
44500, 1244, 1, 0, 0
45001, 1248, 1, 0, 0
45502, 1244, 1, 0, 0
46002, 1240, 1, 0, 0
46500, 1239, 1, 0, 0
47001, 1237, 1, 0, 0
47501, 1245, 1, 0, 0
48000, 1248, 1, 0, 0
48503, 1247, 1, 0, 0
49000, 1237, 1, 0, 0
49500, 1239, 1, 0, 0
50003, 1234, 1, 0, 0
50500, 1239, 1, 0, 0
51000, 1244, 1, 0, 0
51500, 1239, 1, 0, 0
52002, 1233, 1, 0, 0
52500, 1243, 1, 0, 0
53003, 1250, 1, 0, 0
53502, 1238, 1, 0, 0
54001, 1240, 1, 0, 0
54505, 1241, 1, 0, 0
55002, 1242, 1, 0, 0
55500, 1233, 1, 0, 0
56000, 1247, 1, 0, 0
56500, 1240, 1, 0, 0
57000, 1244, 1, 0, 0
57503, 1247, 1, 0, 0
58000, 1238, 1, 0, 0
58503, 1242, 1, 0, 0
59007, 1240, 1, 0, 0
59500, 1236, 1, 0, 0
60008, 1237, 1, 0, 0
