500, 730319, 1, 0, 0
1000, 737065, 1, 0, 0
1500, 728824, 1, 0, 0
2000, 735977, 1, 0, 0
2500, 1011056, 1, 0, 0
3000, 1731525, 1, 0, 0
3500, 1860841, 1, 0, 0
4000, 1921481, 1, 0, 0
4500, 2021034, 1, 0, 0
5000, 2237524, 1, 0, 0
5501, 2358134, 1, 0, 0
6003, 2642837, 1, 0, 0
6500, 2781660, 1, 0, 0
7000, 2935993, 1, 0, 0
7502, 3033126, 1, 0, 0
8000, 3134648, 1, 0, 0
8500, 3292266, 1, 0, 0
9000, 3385582, 1, 0, 0
9500, 3590669, 1, 0, 0
10001, 3686211, 1, 0, 0
10500, 3853182, 1, 0, 0
11005, 3901549, 1, 0, 0
11504, 4077404, 1, 0, 0
12002, 4182152, 1, 0, 0
12501, 4413571, 1, 0, 0
13000, 4480639, 1, 0, 0
13500, 4643409, 1, 0, 0
14001, 4610959, 1, 0, 0
14500, 4736852, 1, 0, 0
15002, 4712422, 1, 0, 0
15500, 5042645, 1, 0, 0
16000, 4957085, 1, 0, 0
16500, 5146774, 1, 0, 0
17003, 5455157, 1, 0, 0
17505, 5208008, 1, 0, 0
18000, 5318811, 1, 0, 0
18505, 5588935, 1, 0, 0
19003, 5565725, 1, 0, 0
19500, 5674645, 1, 0, 0
20003, 5678109, 1, 0, 0
20500, 6142260, 1, 0, 0
21003, 5869628, 1, 0, 0
21500, 5899874, 1, 0, 0
22000, 6243657, 1, 0, 0
22501, 6397699, 1, 0, 0
23000, 6488005, 1, 0, 0
23503, 6182091, 1, 0, 0
24000, 6361400, 1, 0, 0
24500, 6570169, 1, 0, 0
25003, 6604134, 1, 0, 0
25504, 6589745, 1, 0, 0
26000, 6819526, 1, 0, 0
26502, 6888538, 1, 0, 0
27001, 7029771, 1, 0, 0
27500, 7050368, 1, 0, 0
28001, 7046104, 1, 0, 0
28503, 6997941, 1, 0, 0
29000, 7045529, 1, 0, 0
29502, 7194934, 1, 0, 0
30000, 7218785, 1, 0, 0
30504, 7166903, 1, 0, 0
31000, 7305273, 1, 0, 0
31500, 7452918, 1, 0, 0
32003, 7497669, 1, 0, 0
32501, 7403652, 1, 0, 0
33005, 7646079, 1, 0, 0
33504, 7386618, 1, 0, 0
34000, 7663666, 1, 0, 0
34500, 7556779, 1, 0, 0
35003, 7464008, 1, 0, 0
35504, 7934766, 1, 0, 0
36002, 7733630, 1, 0, 0
36500, 7945453, 1, 0, 0
37000, 7911555, 1, 0, 0
37500, 7917375, 1, 0, 0
38000, 8091702, 1, 0, 0
38501, 7987074, 1, 0, 0
39001, 8080591, 1, 0, 0
39500, 7910923, 1, 0, 0
40000, 8112268, 1, 0, 0
40500, 8633084, 1, 0, 0
41003, 8455053, 1, 0, 0
41506, 8314526, 1, 0, 0
42000, 8238187, 1, 0, 0
42501, 8503773, 1, 0, 0
43002, 8410318, 1, 0, 0
43502, 8507426, 1, 0, 0
44002, 8354788, 1, 0, 0
44500, 8306893, 1, 0, 0
45001, 8603541, 1, 0, 0
45502, 8555745, 1, 0, 0
46002, 8616558, 1, 0, 0
46500, 8531020, 1, 0, 0
47001, 8498626, 1, 0, 0
47501, 8860861, 1, 0, 0
48000, 8716467, 1, 0, 0
48503, 8764814, 1, 0, 0
49000, 8757691, 1, 0, 0
49500, 8696082, 1, 0, 0
50003, 8551565, 1, 0, 0
50500, 9163335, 1, 0, 0
51000, 9021373, 1, 0, 0
51500, 9095117, 1, 0, 0
52002, 9018457, 1, 0, 0
52500, 8917364, 1, 0, 0
53003, 9233590, 1, 0, 0
53502, 8863995, 1, 0, 0
54001, 9230699, 1, 0, 0
54505, 9458194, 1, 0, 0
55002, 9166298, 1, 0, 0
55500, 8939519, 1, 0, 0
56000, 9570547, 1, 0, 0
56500, 9315030, 1, 0, 0
57000, 9235362, 1, 0, 0
57503, 9215931, 1, 0, 0
58000, 9157144, 1, 0, 0
58503, 9146057, 1, 0, 0
59007, 9226679, 1, 0, 0
59500, 9341502, 1, 0, 0
60006, 9407901, 1, 0, 0
60008, 10888020, 1, 0, 0
