[65043.579467] KSC2026-MARK map128k_bs16k_r1 insmod 1791440805972648043
[65043.592695] NVMeVirt: Version 1.10 for >> Samsung 970 Pro SSD <<
[65043.592704] NVMeVirt: Storage: 0x300100000-0x600000000 (12287 MiB)
[65043.602904] NVMeVirt: Total Capacity(GiB,MiB)=3,3072 chs=2 luns=4 lines=384 blk-size(MiB,KiB)=2,2048 line-size(MiB,KiB)=8,8192
[65043.602910] NVMeVirt: KSC2026: mapping unit=131072 B, flash page=131072 B, oneshot page=131072 B, pgs_per_blk=16, blks_per_pl=384, write buffer=4194304 B
[65043.607172] NVMeVirt: [chmodel_init] bandwidth 800 max_credits 26 tx_time 152
[65043.610057] NVMeVirt: [chmodel_init] bandwidth 800 max_credits 26 tx_time 152
[65043.610069] NVMeVirt: [chmodel_init] bandwidth 3360 max_credits 110 tx_time 36
[65043.610106] NVMeVirt: pqueue: Copyright (c) 2014, Volkan Yazıcı <volkan.yazici@gmail.com>. All rights reserved.
[65043.610108] NVMeVirt: Init FTL instance with 2 channels (24576 pages)
[65043.612442] NVMeVirt: [chmodel_init] bandwidth 800 max_credits 26 tx_time 152
[65043.614740] NVMeVirt: [chmodel_init] bandwidth 800 max_credits 26 tx_time 152
[65043.614752] NVMeVirt: [chmodel_init] bandwidth 3360 max_credits 110 tx_time 36
[65043.614790] NVMeVirt: Init FTL instance with 2 channels (24576 pages)
[65043.617084] NVMeVirt: [chmodel_init] bandwidth 800 max_credits 26 tx_time 152
[65043.619381] NVMeVirt: [chmodel_init] bandwidth 800 max_credits 26 tx_time 152
[65043.619392] NVMeVirt: [chmodel_init] bandwidth 3360 max_credits 110 tx_time 36
[65043.619436] NVMeVirt: Init FTL instance with 2 channels (24576 pages)
[65043.621720] NVMeVirt: [chmodel_init] bandwidth 800 max_credits 26 tx_time 152
[65043.624001] NVMeVirt: [chmodel_init] bandwidth 800 max_credits 26 tx_time 152
[65043.624011] NVMeVirt: [chmodel_init] bandwidth 3360 max_credits 110 tx_time 36
[65043.624062] NVMeVirt: Init FTL instance with 2 channels (24576 pages)
[65043.624064] NVMeVirt: FTL physical space: 12883853312, logical space: 12040984403 (physical/logical * 100 = 107)
[65043.624065] NVMeVirt: KSC2026: WBUF_FIX=1 GC_STATS=1
[65043.624065] NVMeVirt: ns 0/1: size 11483 MiB
[65043.624096] PCI host bridge to bus 0001:10
[65043.624097] pci_bus 0001:10: root bus resource [io  0x0000-0xffff]
[65043.624099] pci_bus 0001:10: root bus resource [mem 0x00000000-0x3fffffffffff]
[65043.624100] pci_bus 0001:10: root bus resource [bus 00-ff]
[65043.624106] pci 0001:10:00.0: [0c51:0110] type 00 class 0x010802 PCIe Endpoint
[65043.624108] pci 0001:10:00.0: BAR 0 [mem 0x300000000-0x300003fff 64bit]
[65043.624110] pci 0001:10:00.0: enabling Extended Tags
[65043.624205] NVMeVirt: Virtual PCI bus created (node 0)
[65043.624669] NVMeVirt: nvmev_io_worker_0 started on cpu 4 (node 0)
[65043.624842] NVMeVirt: nvmev_io_worker_1 started on cpu 5 (node 0)
[65043.624857] NVMeVirt: nvmev_dispatcher started on cpu 3 (node 0)
[65043.624927] nvme nvme1: pci function 0001:10:00.0
[65043.628428] nvme nvme1: 1/0/0 default/read/poll queues
[65043.630381] NVMeVirt: Virtual NVMe device created
[65049.658772] KSC2026-MARK map128k_bs16k_r1 fio-start 1791440812065209158
[65052.135499] NVMeVirt: KSC2026: first GC part=2 victim line=5 vpc=16 ipc=48 free_lines=2 host_pgs=24320
[65052.145214] NVMeVirt: KSC2026: first GC part=1 victim line=8 vpc=11 ipc=53 free_lines=2 host_pgs=24320
[65052.152120] NVMeVirt: KSC2026: first GC part=3 victim line=16 vpc=16 ipc=48 free_lines=2 host_pgs=24320
[65052.175178] NVMeVirt: KSC2026: first GC part=0 victim line=6 vpc=16 ipc=48 free_lines=2 host_pgs=24320
[65110.689025] KSC2026-MARK map128k_bs16k_r1 fio-end
[65110.692965] KSC2026-MARK map128k_bs16k_r1 rmmod 1791440873100743480
[65110.744093] pci_bus 0001:10: busn_res: [bus 10-ff] is released
[65110.744295] NVMeVirt: KSC2026: stats part=0 host_pgs=106247 gc_pgs=269523 gc_cnt=5490 free_lines=1
[65110.744297] NVMeVirt: KSC2026: stats part=1 host_pgs=106542 gc_pgs=271664 gc_cnt=5528 free_lines=2
[65110.744298] NVMeVirt: KSC2026: stats part=2 host_pgs=106611 gc_pgs=276587 gc_cnt=5606 free_lines=2
[65110.744299] NVMeVirt: KSC2026: stats part=3 host_pgs=106524 gc_pgs=274877 gc_cnt=5578 free_lines=2
[65110.758254] NVMeVirt: Virtual NVMe device closed
