500, 868, 1, 0, 0
1000, 867, 1, 0, 0
1500, 865, 1, 0, 0
2000, 863, 1, 0, 0
2500, 864, 1, 0, 0
3000, 863, 1, 0, 0
3500, 862, 1, 0, 0
4000, 864, 1, 0, 0
4500, 862, 1, 0, 0
5000, 865, 1, 0, 0
5500, 861, 1, 0, 0
6000, 865, 1, 0, 0
6502, 867, 1, 0, 0
7002, 869, 1, 0, 0
7500, 869, 1, 0, 0
8005, 870, 1, 0, 0
8500, 870, 1, 0, 0
9000, 865, 1, 0, 0
9500, 868, 1, 0, 0
10000, 869, 1, 0, 0
10500, 870, 1, 0, 0
11000, 869, 1, 0, 0
11500, 869, 1, 0, 0
12005, 868, 1, 0, 0
12507, 866, 1, 0, 0
13006, 870, 1, 0, 0
13500, 867, 1, 0, 0
14005, 871, 1, 0, 0
14500, 868, 1, 0, 0
15006, 870, 1, 0, 0
15500, 872, 1, 0, 0
16000, 869, 1, 0, 0
16507, 865, 1, 0, 0
17007, 869, 1, 0, 0
17502, 868, 1, 0, 0
18000, 865, 1, 0, 0
18500, 868, 1, 0, 0
19002, 865, 1, 0, 0
19500, 871, 1, 0, 0
20008, 870, 1, 0, 0
20500, 870, 1, 0, 0
21008, 878, 1, 0, 0
21500, 873, 1, 0, 0
22000, 870, 1, 0, 0
22510, 874, 1, 0, 0
23007, 875, 1, 0, 0
23503, 876, 1, 0, 0
24000, 875, 1, 0, 0
24503, 871, 1, 0, 0
25010, 871, 1, 0, 0
25500, 871, 1, 0, 0
26000, 874, 1, 0, 0
26504, 875, 1, 0, 0
27000, 878, 1, 0, 0
27500, 875, 1, 0, 0
28001, 877, 1, 0, 0
28500, 875, 1, 0, 0
29007, 874, 1, 0, 0
29500, 865, 1, 0, 0
30000, 868, 1, 0, 0
30501, 867, 1, 0, 0
31000, 875, 1, 0, 0
31511, 875, 1, 0, 0
32000, 871, 1, 0, 0
32500, 866, 1, 0, 0
33000, 869, 1, 0, 0
33512, 869, 1, 0, 0
34000, 867, 1, 0, 0
34508, 868, 1, 0, 0
35000, 870, 1, 0, 0
35504, 869, 1, 0, 0
36011, 873, 1, 0, 0
36503, 876, 1, 0, 0
37000, 876, 1, 0, 0
37507, 878, 1, 0, 0
38003, 879, 1, 0, 0
38500, 876, 1, 0, 0
39000, 877, 1, 0, 0
39511, 878, 1, 0, 0
40006, 878, 1, 0, 0
40510, 880, 1, 0, 0
41000, 878, 1, 0, 0
41510, 878, 1, 0, 0
42009, 880, 1, 0, 0
42502, 876, 1, 0, 0
43000, 880, 1, 0, 0
43500, 869, 1, 0, 0
44000, 871, 1, 0, 0
44504, 870, 1, 0, 0
45000, 874, 1, 0, 0
45505, 887, 1, 0, 0
46005, 880, 1, 0, 0
46500, 880, 1, 0, 0
47000, 880, 1, 0, 0
47500, 876, 1, 0, 0
48000, 879, 1, 0, 0
48511, 876, 1, 0, 0
49005, 882, 1, 0, 0
49501, 881, 1, 0, 0
50000, 883, 1, 0, 0
50500, 879, 1, 0, 0
51000, 879, 1, 0, 0
51508, 881, 1, 0, 0
52000, 887, 1, 0, 0
52500, 878, 1, 0, 0
53000, 883, 1, 0, 0
53506, 880, 1, 0, 0
54010, 878, 1, 0, 0
54500, 879, 1, 0, 0
55012, 881, 1, 0, 0
55501, 882, 1, 0, 0
56002, 883, 1, 0, 0
56502, 878, 1, 0, 0
57012, 880, 1, 0, 0
57505, 880, 1, 0, 0
58008, 877, 1, 0, 0
58506, 878, 1, 0, 0
59009, 880, 1, 0, 0
59510, 881, 1, 0, 0
60003, 882, 1, 0, 0
