500, 137748, 1, 0, 0
1000, 136654, 1, 0, 0
1500, 136142, 1, 0, 0
2000, 136992, 1, 0, 0
2500, 137560, 1, 0, 0
3000, 137940, 1, 0, 0
3500, 137344, 1, 0, 0
4000, 136876, 1, 0, 0
4500, 137398, 1, 0, 0
5000, 136702, 1, 0, 0
5500, 136892, 1, 0, 0
6000, 83256, 1, 0, 0
6500, 46476, 1, 0, 0
7001, 45048, 1, 0, 0
7500, 42853, 1, 0, 0
8000, 40160, 1, 0, 0
8500, 44040, 1, 0, 0
9000, 45844, 1, 0, 0
9500, 40256, 1, 0, 0
10000, 41960, 1, 0, 0
10500, 39440, 1, 0, 0
11000, 37328, 1, 0, 0
11500, 37146, 1, 0, 0
12000, 36726, 1, 0, 0
12500, 36752, 1, 0, 0
13000, 35328, 1, 0, 0
13500, 31856, 1, 0, 0
14000, 35932, 1, 0, 0
14500, 31872, 1, 0, 0
15000, 28176, 1, 0, 0
15500, 30500, 1, 0, 0
16000, 30816, 1, 0, 0
16500, 26928, 1, 0, 0
17000, 30740, 1, 0, 0
17500, 29952, 1, 0, 0
18000, 26296, 1, 0, 0
18500, 26524, 1, 0, 0
19000, 27904, 1, 0, 0
19500, 29336, 1, 0, 0
20000, 26344, 1, 0, 0
20500, 25256, 1, 0, 0
21000, 27452, 1, 0, 0
21500, 24964, 1, 0, 0
22000, 25828, 1, 0, 0
22500, 24192, 1, 0, 0
23000, 24597, 1, 0, 0
23500, 22816, 1, 0, 0
24000, 22736, 1, 0, 0
24500, 23396, 1, 0, 0
25000, 24560, 1, 0, 0
25500, 21760, 1, 0, 0
26000, 24316, 1, 0, 0
26500, 20788, 1, 0, 0
27000, 20740, 1, 0, 0
27500, 21216, 1, 0, 0
28000, 20344, 1, 0, 0
28500, 20652, 1, 0, 0
29000, 19916, 1, 0, 0
29500, 21228, 1, 0, 0
30000, 19810, 1, 0, 0
30500, 19674, 1, 0, 0
31000, 18820, 1, 0, 0
31500, 18432, 1, 0, 0
32000, 18480, 1, 0, 0
32500, 22580, 1, 0, 0
33000, 18004, 1, 0, 0
33500, 19868, 1, 0, 0
34000, 17884, 1, 0, 0
34500, 17812, 1, 0, 0
35000, 17724, 1, 0, 0
35500, 16932, 1, 0, 0
36000, 19832, 1, 0, 0
36500, 17036, 1, 0, 0
37000, 17320, 1, 0, 0
37500, 18220, 1, 0, 0
38000, 16844, 1, 0, 0
38500, 16888, 1, 0, 0
39000, 16160, 1, 0, 0
39500, 15799, 1, 0, 0
40000, 17508, 1, 0, 0
40500, 16872, 1, 0, 0
41000, 16628, 1, 0, 0
41500, 18008, 1, 0, 0
42000, 15840, 1, 0, 0
42500, 15168, 1, 0, 0
43000, 15996, 1, 0, 0
43500, 17632, 1, 0, 0
44000, 16432, 1, 0, 0
44500, 14464, 1, 0, 0
45000, 16104, 1, 0, 0
45500, 14968, 1, 0, 0
46000, 15952, 1, 0, 0
46500, 15020, 1, 0, 0
47000, 15170, 1, 0, 0
47500, 15494, 1, 0, 0
48000, 15708, 1, 0, 0
48500, 16544, 1, 0, 0
49000, 16660, 1, 0, 0
49500, 14004, 1, 0, 0
50000, 16984, 1, 0, 0
50500, 14048, 1, 0, 0
51000, 13752, 1, 0, 0
51500, 14260, 1, 0, 0
52000, 14076, 1, 0, 0
52500, 13312, 1, 0, 0
53000, 13148, 1, 0, 0
53500, 15880, 1, 0, 0
54000, 16820, 1, 0, 0
54500, 13556, 1, 0, 0
55000, 14760, 1, 0, 0
55500, 14168, 1, 0, 0
56000, 14592, 1, 0, 0
56500, 14900, 1, 0, 0
57000, 16324, 1, 0, 0
57500, 13422, 1, 0, 0
58000, 14956, 1, 0, 0
58500, 13500, 1, 0, 0
59000, 14172, 1, 0, 0
59500, 13756, 1, 0, 0
60000, 14756, 1, 0, 0
