500, 231370, 1, 0, 0
1000, 233118, 1, 0, 0
1500, 234000, 1, 0, 0
2000, 232560, 1, 0, 0
2500, 231551, 1, 0, 0
3000, 230939, 1, 0, 0
3500, 231930, 1, 0, 0
4000, 232788, 1, 0, 0
4500, 231839, 1, 0, 0
5000, 233038, 1, 0, 0
5500, 232710, 1, 0, 0
6000, 382821, 1, 0, 0
6502, 681651, 1, 0, 0
7002, 708333, 1, 0, 0
7500, 752146, 1, 0, 0
8005, 793628, 1, 0, 0
8500, 727607, 1, 0, 0
9000, 697308, 1, 0, 0
9500, 793597, 1, 0, 0
10000, 756987, 1, 0, 0
10500, 814876, 1, 0, 0
11000, 855668, 1, 0, 0
11500, 862084, 1, 0, 0
12005, 867061, 1, 0, 0
12507, 869976, 1, 0, 0
13006, 903651, 1, 0, 0
13500, 991503, 1, 0, 0
14005, 897043, 1, 0, 0
14500, 1011019, 1, 0, 0
15006, 1128922, 1, 0, 0
15500, 1051721, 1, 0, 0
16000, 1036783, 1, 0, 0
16507, 1182929, 1, 0, 0
17007, 1040003, 1, 0, 0
17502, 1056372, 1, 0, 0
18000, 1211008, 1, 0, 0
18500, 1205959, 1, 0, 0
19002, 1152597, 1, 0, 0
19500, 1109853, 1, 0, 0
20008, 1200347, 1, 0, 0
20500, 1246243, 1, 0, 0
21008, 1183836, 1, 0, 0
21500, 1272246, 1, 0, 0
22000, 1247466, 1, 0, 0
22510, 1321095, 1, 0, 0
23007, 1297632, 1, 0, 0
23503, 1390510, 1, 0, 0
24000, 1416886, 1, 0, 0
24503, 1351245, 1, 0, 0
25010, 1323664, 1, 0, 0
25500, 1437319, 1, 0, 0
26000, 1346136, 1, 0, 0
26504, 1514044, 1, 0, 0
27000, 1556545, 1, 0, 0
27500, 1515151, 1, 0, 0
28001, 1538026, 1, 0, 0
28500, 1584999, 1, 0, 0
29007, 1588242, 1, 0, 0
29500, 1518154, 1, 0, 0
30000, 1592011, 1, 0, 0
30501, 1616018, 1, 0, 0
31000, 1735358, 1, 0, 0
31511, 1728169, 1, 0, 0
32000, 1737465, 1, 0, 0
32500, 1413955, 1, 0, 0
33000, 1779984, 1, 0, 0
33512, 1605451, 1, 0, 0
34000, 1750461, 1, 0, 0
34508, 1822512, 1, 0, 0
35000, 1830305, 1, 0, 0
35504, 1849484, 1, 0, 0
36011, 1632359, 1, 0, 0
36503, 1849354, 1, 0, 0
37000, 1835370, 1, 0, 0
37507, 1777726, 1, 0, 0
38003, 1903232, 1, 0, 0
38500, 1908425, 1, 0, 0
39000, 1985076, 1, 0, 0
39511, 2016910, 1, 0, 0
40006, 1807789, 1, 0, 0
40510, 1911826, 1, 0, 0
41000, 1931073, 1, 0, 0
41510, 1766668, 1, 0, 0
42009, 2025297, 1, 0, 0
42502, 2108339, 1, 0, 0
43000, 2001621, 1, 0, 0
43500, 1820936, 1, 0, 0
44000, 1938786, 1, 0, 0
44504, 2170743, 1, 0, 0
45000, 1973422, 1, 0, 0
45505, 2157797, 1, 0, 0
46005, 2005246, 1, 0, 0
46500, 2107928, 1, 0, 0
47000, 2139730, 1, 0, 0
47500, 2034130, 1, 0, 0
48000, 2042298, 1, 0, 0
48511, 1970826, 1, 0, 0
49005, 1895643, 1, 0, 0
49501, 2264469, 1, 0, 0
50000, 1936202, 1, 0, 0
50500, 2277211, 1, 0, 0
51000, 2262420, 1, 0, 0
51508, 2272322, 1, 0, 0
52000, 2312452, 1, 0, 0
52500, 2401209, 1, 0, 0
53000, 2434770, 1, 0, 0
53506, 1965170, 1, 0, 0
54010, 1924957, 1, 0, 0
54500, 2341800, 1, 0, 0
55012, 2189343, 1, 0, 0
55501, 2215498, 1, 0, 0
56002, 2193977, 1, 0, 0
56502, 2139495, 1, 0, 0
57012, 1993344, 1, 0, 0
57505, 2365306, 1, 0, 0
58008, 2147446, 1, 0, 0
58506, 2365014, 1, 0, 0
59009, 2266549, 1, 0, 0
59510, 2327190, 1, 0, 0
60002, 2138228, 1, 0, 0
60003, 13815007, 1, 0, 0
