500, 232238, 1, 0, 0
1000, 233985, 1, 0, 0
1500, 234865, 1, 0, 0
2000, 233424, 1, 0, 0
2500, 232416, 1, 0, 0
3000, 231803, 1, 0, 0
3500, 232793, 1, 0, 0
4000, 233652, 1, 0, 0
4500, 232700, 1, 0, 0
5000, 233903, 1, 0, 0
5500, 233571, 1, 0, 0
6000, 383686, 1, 0, 0
6502, 682519, 1, 0, 0
7002, 709202, 1, 0, 0
7500, 753015, 1, 0, 0
8005, 794498, 1, 0, 0
8500, 728477, 1, 0, 0
9000, 698174, 1, 0, 0
9500, 794466, 1, 0, 0
10000, 757856, 1, 0, 0
10500, 815746, 1, 0, 0
11000, 856536, 1, 0, 0
11500, 862954, 1, 0, 0
12005, 867929, 1, 0, 0
12507, 870843, 1, 0, 0
13006, 904522, 1, 0, 0
13500, 992371, 1, 0, 0
14005, 897914, 1, 0, 0
14500, 1011887, 1, 0, 0
15006, 1129792, 1, 0, 0
15500, 1052593, 1, 0, 0
16000, 1037652, 1, 0, 0
16507, 1183794, 1, 0, 0
17007, 1040872, 1, 0, 0
17502, 1057240, 1, 0, 0
18000, 1211873, 1, 0, 0
18500, 1206827, 1, 0, 0
19002, 1153463, 1, 0, 0
19500, 1110725, 1, 0, 0
20008, 1201217, 1, 0, 0
20500, 1247113, 1, 0, 0
21008, 1184714, 1, 0, 0
21500, 1273119, 1, 0, 0
22000, 1248335, 1, 0, 0
22510, 1321969, 1, 0, 0
23007, 1298506, 1, 0, 0
23503, 1391386, 1, 0, 0
24000, 1417761, 1, 0, 0
24503, 1352116, 1, 0, 0
25010, 1324535, 1, 0, 0
25500, 1438190, 1, 0, 0
26000, 1347010, 1, 0, 0
26504, 1514919, 1, 0, 0
27000, 1557423, 1, 0, 0
27500, 1516026, 1, 0, 0
28001, 1538903, 1, 0, 0
28500, 1585874, 1, 0, 0
29007, 1589116, 1, 0, 0
29500, 1519020, 1, 0, 0
30000, 1592878, 1, 0, 0
30501, 1616885, 1, 0, 0
31000, 1736233, 1, 0, 0
31511, 1729044, 1, 0, 0
32000, 1738335, 1, 0, 0
32500, 1414821, 1, 0, 0
33000, 1780853, 1, 0, 0
33512, 1606321, 1, 0, 0
34000, 1751328, 1, 0, 0
34508, 1823380, 1, 0, 0
35000, 1831174, 1, 0, 0
35504, 1850353, 1, 0, 0
36011, 1633232, 1, 0, 0
36503, 1850230, 1, 0, 0
37000, 1836245, 1, 0, 0
37507, 1778604, 1, 0, 0
38003, 1904110, 1, 0, 0
38500, 1909302, 1, 0, 0
39000, 1985953, 1, 0, 0
39511, 2017788, 1, 0, 0
40006, 1808667, 1, 0, 0
40510, 1912706, 1, 0, 0
41000, 1931952, 1, 0, 0
41510, 1767546, 1, 0, 0
42009, 2026177, 1, 0, 0
42502, 2109214, 1, 0, 0
43000, 2002501, 1, 0, 0
43500, 1821805, 1, 0, 0
44000, 1939657, 1, 0, 0
44504, 2171612, 1, 0, 0
45000, 1974295, 1, 0, 0
45505, 2158683, 1, 0, 0
46005, 2006126, 1, 0, 0
46500, 2108807, 1, 0, 0
47000, 2140609, 1, 0, 0
47500, 2035006, 1, 0, 0
48000, 2043177, 1, 0, 0
48511, 1971702, 1, 0, 0
49005, 1896525, 1, 0, 0
49501, 2265350, 1, 0, 0
50000, 1937085, 1, 0, 0
50500, 2278090, 1, 0, 0
51000, 2263299, 1, 0, 0
51508, 2273204, 1, 0, 0
52000, 2313338, 1, 0, 0
52500, 2402086, 1, 0, 0
53000, 2435653, 1, 0, 0
53506, 1966050, 1, 0, 0
54010, 1925835, 1, 0, 0
54500, 2342680, 1, 0, 0
55012, 2190224, 1, 0, 0
55501, 2216380, 1, 0, 0
56002, 2194861, 1, 0, 0
56502, 2140374, 1, 0, 0
57012, 1994224, 1, 0, 0
57505, 2366185, 1, 0, 0
58008, 2148323, 1, 0, 0
58506, 2365892, 1, 0, 0
59009, 2267429, 1, 0, 0
59510, 2328070, 1, 0, 0
60002, 2139110, 1, 0, 0
60003, 13815868, 1, 0, 0
