500, 214828, 1, 0, 0
1000, 223863, 1, 0, 0
1500, 223930, 1, 0, 0
2000, 223631, 1, 0, 0
2500, 223838, 1, 0, 0
3000, 223540, 1, 0, 0
3500, 224027, 1, 0, 0
4000, 223531, 1, 0, 0
4500, 223904, 1, 0, 0
5000, 223856, 1, 0, 0
5500, 228560, 1, 0, 0
6000, 395324, 1, 0, 0
6500, 424168, 1, 0, 0
7000, 434491, 1, 0, 0
7500, 446563, 1, 0, 0
8000, 459065, 1, 0, 0
8500, 472254, 1, 0, 0
9000, 489467, 1, 0, 0
9500, 505388, 1, 0, 0
10000, 522884, 1, 0, 0
10500, 547839, 1, 0, 0
11000, 572787, 1, 0, 0
11500, 601076, 1, 0, 0
12000, 631301, 1, 0, 0
12500, 650298, 1, 0, 0
13000, 670044, 1, 0, 0
13500, 682657, 1, 0, 0
14000, 700378, 1, 0, 0
14500, 721519, 1, 0, 0
15000, 741527, 1, 0, 0
15500, 759466, 1, 0, 0
16000, 780077, 1, 0, 0
16500, 805052, 1, 0, 0
17000, 824373, 1, 0, 0
17500, 839522, 1, 0, 0
18000, 857223, 1, 0, 0
18500, 871684, 1, 0, 0
19000, 887536, 1, 0, 0
19500, 892125, 1, 0, 0
20000, 903147, 1, 0, 0
20500, 920146, 1, 0, 0
21000, 944021, 1, 0, 0
21500, 961360, 1, 0, 0
22000, 966620, 1, 0, 0
22500, 972508, 1, 0, 0
23000, 976864, 1, 0, 0
23500, 985116, 1, 0, 0
24000, 988512, 1, 0, 0
24500, 992288, 1, 0, 0
25000, 998481, 1, 0, 0
25500, 1005454, 1, 0, 0
26000, 1008435, 1, 0, 0
26500, 1022867, 1, 0, 0
27000, 1024178, 1, 0, 0
27500, 1027600, 1, 0, 0
28000, 1036030, 1, 0, 0
28500, 1042263, 1, 0, 0
29000, 1049121, 1, 0, 0
29500, 1059307, 1, 0, 0
30000, 1058278, 1, 0, 0
30500, 1064179, 1, 0, 0
31000, 1071431, 1, 0, 0
31500, 1073296, 1, 0, 0
32000, 1090665, 1, 0, 0
32502, 1083145, 1, 0, 0
33001, 1093400, 1, 0, 0
33500, 1098541, 1, 0, 0
34000, 1107613, 1, 0, 0
34500, 1126220, 1, 0, 0
35000, 1127957, 1, 0, 0
35500, 1139739, 1, 0, 0
36000, 1140442, 1, 0, 0
36500, 1172933, 1, 0, 0
37000, 1166674, 1, 0, 0
37500, 1197924, 1, 0, 0
38000, 1184615, 1, 0, 0
38500, 1215492, 1, 0, 0
39000, 1221997, 1, 0, 0
39500, 1225423, 1, 0, 0
40000, 1250428, 1, 0, 0
40500, 1260367, 1, 0, 0
41000, 1276664, 1, 0, 0
41500, 1292136, 1, 0, 0
42000, 1300422, 1, 0, 0
42500, 1311273, 1, 0, 0
43000, 1317924, 1, 0, 0
43500, 1338087, 1, 0, 0
44000, 1341533, 1, 0, 0
44500, 1349313, 1, 0, 0
45000, 1360743, 1, 0, 0
45500, 1377685, 1, 0, 0
46000, 1388248, 1, 0, 0
46500, 1396533, 1, 0, 0
47000, 1409719, 1, 0, 0
47500, 1424459, 1, 0, 0
48000, 1426157, 1, 0, 0
48500, 1438510, 1, 0, 0
49000, 1451396, 1, 0, 0
49500, 1459003, 1, 0, 0
50000, 1466625, 1, 0, 0
50500, 1476704, 1, 0, 0
51000, 1485518, 1, 0, 0
51500, 1507867, 1, 0, 0
52000, 1523952, 1, 0, 0
52500, 1508534, 1, 0, 0
53000, 1528033, 1, 0, 0
53500, 1539354, 1, 0, 0
54000, 1547577, 1, 0, 0
54500, 1552789, 1, 0, 0
55000, 1573488, 1, 0, 0
55500, 1569685, 1, 0, 0
56000, 1581103, 1, 0, 0
56500, 1594465, 1, 0, 0
57000, 1640529, 1, 0, 0
57500, 1588700, 1, 0, 0
58000, 1614924, 1, 0, 0
58500, 1620749, 1, 0, 0
59000, 1638617, 1, 0, 0
59500, 1658999, 1, 0, 0
60000, 1644142, 1, 0, 0
60001, 1847435, 1, 0, 0
