500, 213933, 1, 0, 0
1000, 222968, 1, 0, 0
1500, 223031, 1, 0, 0
2000, 222730, 1, 0, 0
2500, 222941, 1, 0, 0
3000, 222637, 1, 0, 0
3500, 223116, 1, 0, 0
4000, 222625, 1, 0, 0
4500, 223001, 1, 0, 0
5000, 222957, 1, 0, 0
5500, 227651, 1, 0, 0
6000, 394419, 1, 0, 0
6500, 423263, 1, 0, 0
7000, 433584, 1, 0, 0
7500, 445653, 1, 0, 0
8000, 458152, 1, 0, 0
8500, 471343, 1, 0, 0
9000, 488557, 1, 0, 0
9500, 504449, 1, 0, 0
10000, 521980, 1, 0, 0
10500, 546934, 1, 0, 0
11000, 571877, 1, 0, 0
11500, 600158, 1, 0, 0
12000, 630389, 1, 0, 0
12500, 649378, 1, 0, 0
13000, 669135, 1, 0, 0
13500, 681737, 1, 0, 0
14000, 699459, 1, 0, 0
14500, 720596, 1, 0, 0
15000, 740612, 1, 0, 0
15500, 758553, 1, 0, 0
16000, 779153, 1, 0, 0
16500, 804006, 1, 0, 0
17000, 823282, 1, 0, 0
17500, 838484, 1, 0, 0
18000, 856213, 1, 0, 0
18500, 870637, 1, 0, 0
19000, 886369, 1, 0, 0
19500, 890915, 1, 0, 0
20000, 901966, 1, 0, 0
20500, 919026, 1, 0, 0
21000, 942703, 1, 0, 0
21500, 959840, 1, 0, 0
22000, 964995, 1, 0, 0
22500, 970955, 1, 0, 0
23000, 974700, 1, 0, 0
23500, 983199, 1, 0, 0
24000, 986802, 1, 0, 0
24500, 990342, 1, 0, 0
25000, 996195, 1, 0, 0
25500, 1003240, 1, 0, 0
26000, 1005926, 1, 0, 0
26500, 1020213, 1, 0, 0
27000, 1021834, 1, 0, 0
27500, 1025436, 1, 0, 0
28000, 1033601, 1, 0, 0
28500, 1039172, 1, 0, 0
29000, 1046346, 1, 0, 0
29500, 1056284, 1, 0, 0
30000, 1055066, 1, 0, 0
30500, 1061070, 1, 0, 0
31000, 1068533, 1, 0, 0
31500, 1071094, 1, 0, 0
32000, 1087478, 1, 0, 0
32502, 1080068, 1, 0, 0
33001, 1090147, 1, 0, 0
33500, 1095459, 1, 0, 0
34000, 1104237, 1, 0, 0
34500, 1123239, 1, 0, 0
35000, 1124337, 1, 0, 0
35500, 1136767, 1, 0, 0
36000, 1137239, 1, 0, 0
36500, 1169842, 1, 0, 0
37000, 1164012, 1, 0, 0
37500, 1195086, 1, 0, 0
38000, 1181117, 1, 0, 0
38500, 1212747, 1, 0, 0
39000, 1218760, 1, 0, 0
39500, 1222357, 1, 0, 0
40000, 1246452, 1, 0, 0
40500, 1257702, 1, 0, 0
41000, 1273474, 1, 0, 0
41500, 1289640, 1, 0, 0
42000, 1296725, 1, 0, 0
42500, 1308734, 1, 0, 0
43000, 1314700, 1, 0, 0
43500, 1335256, 1, 0, 0
44000, 1337939, 1, 0, 0
44500, 1346526, 1, 0, 0
45000, 1357096, 1, 0, 0
45500, 1375103, 1, 0, 0
46000, 1384069, 1, 0, 0
46500, 1393001, 1, 0, 0
47000, 1406113, 1, 0, 0
47500, 1421685, 1, 0, 0
48000, 1422713, 1, 0, 0
48500, 1436124, 1, 0, 0
49000, 1447477, 1, 0, 0
49500, 1455369, 1, 0, 0
50000, 1463122, 1, 0, 0
50500, 1474490, 1, 0, 0
51000, 1482007, 1, 0, 0
51500, 1505548, 1, 0, 0
52000, 1519818, 1, 0, 0
52500, 1506358, 1, 0, 0
53000, 1524737, 1, 0, 0
53500, 1537199, 1, 0, 0
54000, 1544155, 1, 0, 0
54500, 1550761, 1, 0, 0
55000, 1570323, 1, 0, 0
55500, 1567547, 1, 0, 0
56000, 1577641, 1, 0, 0
56500, 1592192, 1, 0, 0
57000, 1635761, 1, 0, 0
57500, 1584939, 1, 0, 0
58000, 1611104, 1, 0, 0
58500, 1617414, 1, 0, 0
59000, 1635149, 1, 0, 0
59500, 1656837, 1, 0, 0
60000, 1640762, 1, 0, 0
60001, 1845482, 1, 0, 0
