500, 896, 1, 0, 0
1000, 895, 1, 0, 0
1500, 899, 1, 0, 0
2000, 901, 1, 0, 0
2500, 897, 1, 0, 0
3000, 903, 1, 0, 0
3500, 912, 1, 0, 0
4000, 907, 1, 0, 0
4500, 903, 1, 0, 0
5000, 899, 1, 0, 0
5500, 908, 1, 0, 0
6000, 905, 1, 0, 0
6500, 905, 1, 0, 0
7000, 907, 1, 0, 0
7500, 910, 1, 0, 0
8000, 912, 1, 0, 0
8500, 911, 1, 0, 0
9000, 910, 1, 0, 0
9500, 939, 1, 0, 0
10000, 904, 1, 0, 0
10500, 905, 1, 0, 0
11000, 910, 1, 0, 0
11500, 918, 1, 0, 0
12000, 912, 1, 0, 0
12500, 920, 1, 0, 0
13000, 909, 1, 0, 0
13500, 920, 1, 0, 0
14000, 919, 1, 0, 0
14500, 923, 1, 0, 0
15000, 915, 1, 0, 0
15500, 913, 1, 0, 0
16000, 924, 1, 0, 0
16500, 1046, 1, 0, 0
17000, 1093, 1, 0, 0
17500, 1036, 1, 0, 0
18000, 1010, 1, 0, 0
18500, 1047, 1, 0, 0
19000, 1167, 1, 0, 0
19500, 1210, 1, 0, 0
20000, 1181, 1, 0, 0
20500, 1120, 1, 0, 0
21000, 1318, 1, 0, 0
21500, 1520, 1, 0, 0
22000, 1626, 1, 0, 0
22500, 1555, 1, 0, 0
23000, 2162, 1, 0, 0
23500, 1919, 1, 0, 0
24000, 1710, 1, 0, 0
24500, 1945, 1, 0, 0
25000, 2287, 1, 0, 0
25500, 2214, 1, 0, 0
26000, 2510, 1, 0, 0
26500, 2653, 1, 0, 0
27000, 2343, 1, 0, 0
27500, 2166, 1, 0, 0
28000, 2430, 1, 0, 0
28500, 3091, 1, 0, 0
29000, 2776, 1, 0, 0
29500, 3024, 1, 0, 0
30000, 3212, 1, 0, 0
30500, 3120, 1, 0, 0
31000, 2887, 1, 0, 0
31500, 2200, 1, 0, 0
32000, 3189, 1, 0, 0
32502, 3076, 1, 0, 0
33001, 3253, 1, 0, 0
33500, 3084, 1, 0, 0
34000, 3373, 1, 0, 0
34500, 2981, 1, 0, 0
35000, 3620, 1, 0, 0
35500, 2977, 1, 0, 0
36000, 3199, 1, 0, 0
36500, 3091, 1, 0, 0
37000, 2663, 1, 0, 0
37500, 2840, 1, 0, 0
38000, 3496, 1, 0, 0
38500, 2744, 1, 0, 0
39000, 3239, 1, 0, 0
39500, 3067, 1, 0, 0
40000, 3973, 1, 0, 0
40500, 2668, 1, 0, 0
41000, 3186, 1, 0, 0
41500, 2497, 1, 0, 0
42000, 3696, 1, 0, 0
42500, 2540, 1, 0, 0
43000, 3223, 1, 0, 0
43500, 2831, 1, 0, 0
44000, 3593, 1, 0, 0
44500, 2791, 1, 0, 0
45000, 3640, 1, 0, 0
45500, 2603, 1, 0, 0
46000, 4161, 1, 0, 0
46500, 3532, 1, 0, 0
47000, 3608, 1, 0, 0
47500, 2779, 1, 0, 0
48000, 3438, 1, 0, 0
48500, 2390, 1, 0, 0
49000, 3916, 1, 0, 0
49500, 3640, 1, 0, 0
50000, 3497, 1, 0, 0
50500, 2232, 1, 0, 0
51000, 3493, 1, 0, 0
51500, 2320, 1, 0, 0
52000, 4133, 1, 0, 0
52500, 2175, 1, 0, 0
53000, 3297, 1, 0, 0
53500, 2155, 1, 0, 0
54000, 3420, 1, 0, 0
54500, 2031, 1, 0, 0
55000, 3165, 1, 0, 0
55500, 2138, 1, 0, 0
56000, 3463, 1, 0, 0
56500, 2272, 1, 0, 0
57000, 4768, 1, 0, 0
57500, 3768, 1, 0, 0
58000, 3819, 1, 0, 0
58500, 3341, 1, 0, 0
59000, 3456, 1, 0, 0
59500, 2160, 1, 0, 0
60001, 3382, 1, 0, 0
