500, 595416, 1, 0, 0
1000, 571352, 1, 0, 0
1500, 571152, 1, 0, 0
2000, 571920, 1, 0, 0
2500, 571368, 1, 0, 0
3000, 572160, 1, 0, 0
3500, 570920, 1, 0, 0
4000, 572176, 1, 0, 0
4500, 571240, 1, 0, 0
5000, 571360, 1, 0, 0
5500, 559232, 1, 0, 0
6000, 323432, 1, 0, 0
6500, 301651, 1, 0, 0
7000, 294488, 1, 0, 0
7500, 286504, 1, 0, 0
8000, 278752, 1, 0, 0
8500, 270952, 1, 0, 0
9000, 261392, 1, 0, 0
9500, 253192, 1, 0, 0
10000, 244712, 1, 0, 0
10500, 233568, 1, 0, 0
11000, 223376, 1, 0, 0
11500, 212888, 1, 0, 0
12000, 202696, 1, 0, 0
12500, 196776, 1, 0, 0
13000, 190984, 1, 0, 0
13500, 187448, 1, 0, 0
14000, 182712, 1, 0, 0
14500, 177344, 1, 0, 0
15000, 172552, 1, 0, 0
15500, 168480, 1, 0, 0
16000, 164056, 1, 0, 0
16500, 158968, 1, 0, 0
17001, 155248, 1, 0, 0
17500, 152424, 1, 0, 0
18000, 149296, 1, 0, 0
18500, 146824, 1, 0, 0
19000, 144208, 1, 0, 0
19500, 143448, 1, 0, 0
20000, 141720, 1, 0, 0
20500, 139080, 1, 0, 0
21000, 135584, 1, 0, 0
21500, 133128, 1, 0, 0
22000, 132416, 1, 0, 0
22500, 131608, 1, 0, 0
23000, 131016, 1, 0, 0
23500, 129920, 1, 0, 0
24000, 129480, 1, 0, 0
24500, 128969, 1, 0, 0
25000, 128184, 1, 0, 0
25500, 127304, 1, 0, 0
26000, 126928, 1, 0, 0
26500, 125000, 1, 0, 0
27000, 125000, 1, 0, 0
27500, 124656, 1, 0, 0
28002, 123322, 1, 0, 0
28502, 123112, 1, 0, 0
29003, 121968, 1, 0, 0
29503, 120888, 1, 0, 0
30003, 121064, 1, 0, 0
30504, 120400, 1, 0, 0
31004, 119392, 1, 0, 0
31504, 119232, 1, 0, 0
32005, 117560, 1, 0, 0
32505, 117688, 1, 0, 0
33005, 117424, 1, 0, 0
33505, 116864, 1, 0, 0
34005, 114984, 1, 0, 0
34505, 113840, 1, 0, 0
35006, 113392, 1, 0, 0
35506, 112480, 1, 0, 0
36006, 111784, 1, 0, 0
36507, 109888, 1, 0, 0
37008, 109448, 1, 0, 0
37509, 107440, 1, 0, 0
38009, 107976, 1, 0, 0
38509, 105216, 1, 0, 0
39010, 104664, 1, 0, 0
39510, 104600, 1, 0, 0
40010, 102216, 1, 0, 0
40510, 101480, 1, 0, 0
41011, 100303, 1, 0, 0
41512, 99240, 1, 0, 0
42012, 98400, 1, 0, 0
42512, 97744, 1, 0, 0
43012, 96976, 1, 0, 0
43513, 95704, 1, 0, 0
44013, 95304, 1, 0, 0
44513, 94936, 1, 0, 0
45013, 94056, 1, 0, 0
45513, 92808, 1, 0, 0
46014, 91960, 1, 0, 0
46514, 91928, 1, 0, 0
47014, 90600, 1, 0, 0
47514, 89880, 1, 0, 0
48015, 89656, 1, 0, 0
48515, 89120, 1, 0, 0
49015, 88320, 1, 0, 0
49515, 87728, 1, 0, 0
50015, 87224, 1, 0, 0
50515, 86528, 1, 0, 0
51016, 86296, 1, 0, 0
51516, 84920, 1, 0, 0
52017, 84016, 1, 0, 0
52517, 84520, 1, 0, 0
53017, 84264, 1, 0, 0
53517, 82768, 1, 0, 0
54017, 83024, 1, 0, 0
54517, 82256, 1, 0, 0
55019, 81580, 1, 0, 0
55519, 81400, 1, 0, 0
56019, 81264, 1, 0, 0
56520, 79928, 1, 0, 0
57020, 78160, 1, 0, 0
57520, 80320, 1, 0, 0
58020, 79480, 1, 0, 0
58521, 79040, 1, 0, 0
59021, 77984, 1, 0, 0
59521, 77296, 1, 0, 0
