500, 148858, 1, 0, 0
1000, 142834, 1, 0, 0
1500, 142788, 1, 0, 0
2000, 142982, 1, 0, 0
2500, 142842, 1, 0, 0
3000, 143040, 1, 0, 0
3500, 142730, 1, 0, 0
4000, 143044, 1, 0, 0
4500, 142810, 1, 0, 0
5000, 142840, 1, 0, 0
5500, 139808, 1, 0, 0
6000, 80858, 1, 0, 0
6500, 75412, 1, 0, 0
7000, 73622, 1, 0, 0
7500, 71626, 1, 0, 0
8000, 69688, 1, 0, 0
8500, 67738, 1, 0, 0
9000, 65348, 1, 0, 0
9500, 63298, 1, 0, 0
10000, 61178, 1, 0, 0
10500, 58392, 1, 0, 0
11000, 55844, 1, 0, 0
11500, 53222, 1, 0, 0
12000, 50674, 1, 0, 0
12500, 49194, 1, 0, 0
13000, 47746, 1, 0, 0
13500, 46862, 1, 0, 0
14000, 45680, 1, 0, 0
14500, 44336, 1, 0, 0
15000, 43138, 1, 0, 0
15500, 42120, 1, 0, 0
16000, 41014, 1, 0, 0
16500, 39742, 1, 0, 0
17001, 38812, 1, 0, 0
17500, 38106, 1, 0, 0
18000, 37324, 1, 0, 0
18500, 36706, 1, 0, 0
19000, 36052, 1, 0, 0
19500, 35862, 1, 0, 0
20000, 35430, 1, 0, 0
20500, 34770, 1, 0, 0
21000, 33896, 1, 0, 0
21500, 33282, 1, 0, 0
22000, 33104, 1, 0, 0
22500, 32902, 1, 0, 0
23000, 32754, 1, 0, 0
23500, 32480, 1, 0, 0
24000, 32370, 1, 0, 0
24500, 32242, 1, 0, 0
25000, 32046, 1, 0, 0
25500, 31826, 1, 0, 0
26000, 31732, 1, 0, 0
26500, 31250, 1, 0, 0
27000, 31250, 1, 0, 0
27500, 31164, 1, 0, 0
28002, 30830, 1, 0, 0
28502, 30778, 1, 0, 0
29003, 30492, 1, 0, 0
29503, 30222, 1, 0, 0
30003, 30266, 1, 0, 0
30504, 30100, 1, 0, 0
31004, 29848, 1, 0, 0
31504, 29808, 1, 0, 0
32005, 29390, 1, 0, 0
32505, 29422, 1, 0, 0
33005, 29356, 1, 0, 0
33505, 29216, 1, 0, 0
34005, 28746, 1, 0, 0
34505, 28460, 1, 0, 0
35006, 28348, 1, 0, 0
35506, 28120, 1, 0, 0
36006, 27946, 1, 0, 0
36507, 27472, 1, 0, 0
37008, 27362, 1, 0, 0
37509, 26860, 1, 0, 0
38009, 26994, 1, 0, 0
38509, 26304, 1, 0, 0
39010, 26166, 1, 0, 0
39510, 26150, 1, 0, 0
40010, 25554, 1, 0, 0
40510, 25370, 1, 0, 0
41011, 25075, 1, 0, 0
41512, 24810, 1, 0, 0
42012, 24600, 1, 0, 0
42512, 24436, 1, 0, 0
43012, 24244, 1, 0, 0
43513, 23926, 1, 0, 0
44013, 23826, 1, 0, 0
44513, 23734, 1, 0, 0
45013, 23514, 1, 0, 0
45513, 23202, 1, 0, 0
46014, 22990, 1, 0, 0
46514, 22982, 1, 0, 0
47014, 22650, 1, 0, 0
47514, 22470, 1, 0, 0
48015, 22414, 1, 0, 0
48515, 22280, 1, 0, 0
49015, 22080, 1, 0, 0
49515, 21932, 1, 0, 0
50015, 21806, 1, 0, 0
50515, 21632, 1, 0, 0
51016, 21574, 1, 0, 0
51516, 21230, 1, 0, 0
52017, 21004, 1, 0, 0
52517, 21130, 1, 0, 0
53017, 21066, 1, 0, 0
53517, 20692, 1, 0, 0
54017, 20756, 1, 0, 0
54517, 20564, 1, 0, 0
55019, 20395, 1, 0, 0
55519, 20350, 1, 0, 0
56019, 20316, 1, 0, 0
56520, 19982, 1, 0, 0
57020, 19540, 1, 0, 0
57520, 20080, 1, 0, 0
58020, 19870, 1, 0, 0
58521, 19760, 1, 0, 0
59021, 19496, 1, 0, 0
59521, 19324, 1, 0, 0
