[61936.865811] KSC2026-MARK map16k_bs4k_r1 insmod 1791437699247008507
[61936.870268] NVMeVirt: Version 1.10 for >> Samsung 970 Pro SSD <<
[61936.870273] NVMeVirt: Storage: 0x300100000-0x600000000 (12287 MiB)
[61936.874558] NVMeVirt: Total Capacity(GiB,MiB)=3,3072 chs=2 luns=4 lines=384 blk-size(MiB,KiB)=2,2048 line-size(MiB,KiB)=8,8192
[61936.874561] NVMeVirt: KSC2026: mapping unit=16384 B, flash page=32768 B, oneshot page=32768 B, pgs_per_blk=128, blks_per_pl=384, write buffer=1048576 B
[61936.878180] NVMeVirt: [chmodel_init] bandwidth 800 max_credits 26 tx_time 152
[61936.881458] NVMeVirt: [chmodel_init] bandwidth 800 max_credits 26 tx_time 152
[61936.881470] NVMeVirt: [chmodel_init] bandwidth 3360 max_credits 110 tx_time 36
[61936.881808] NVMeVirt: pqueue: Copyright (c) 2014, Volkan Yazıcı <volkan.yazici@gmail.com>. All rights reserved.
[61936.881810] NVMeVirt: Init FTL instance with 2 channels (196608 pages)
[61936.884948] NVMeVirt: [chmodel_init] bandwidth 800 max_credits 26 tx_time 152
[61936.888031] NVMeVirt: [chmodel_init] bandwidth 800 max_credits 26 tx_time 152
[61936.888042] NVMeVirt: [chmodel_init] bandwidth 3360 max_credits 110 tx_time 36
[61936.888401] NVMeVirt: Init FTL instance with 2 channels (196608 pages)
[61936.891459] NVMeVirt: [chmodel_init] bandwidth 800 max_credits 26 tx_time 152
[61936.894482] NVMeVirt: [chmodel_init] bandwidth 800 max_credits 26 tx_time 152
[61936.894493] NVMeVirt: [chmodel_init] bandwidth 3360 max_credits 110 tx_time 36
[61936.894846] NVMeVirt: Init FTL instance with 2 channels (196608 pages)
[61936.897883] NVMeVirt: [chmodel_init] bandwidth 800 max_credits 26 tx_time 152
[61936.900916] NVMeVirt: [chmodel_init] bandwidth 800 max_credits 26 tx_time 152
[61936.900928] NVMeVirt: [chmodel_init] bandwidth 3360 max_credits 110 tx_time 36
[61936.901273] NVMeVirt: Init FTL instance with 2 channels (196608 pages)
[61936.901277] NVMeVirt: FTL physical space: 12883853312, logical space: 12040984403 (physical/logical * 100 = 107)
[61936.901278] NVMeVirt: KSC2026: WBUF_FIX=0 GC_STATS=1
[61936.901278] NVMeVirt: ns 0/1: size 11483 MiB
[61936.901310] PCI host bridge to bus 0001:10
[61936.901311] pci_bus 0001:10: root bus resource [io  0x0000-0xffff]
[61936.901313] pci_bus 0001:10: root bus resource [mem 0x00000000-0x3fffffffffff]
[61936.901314] pci_bus 0001:10: root bus resource [bus 00-ff]
[61936.901319] pci 0001:10:00.0: [0c51:0110] type 00 class 0x010802 PCIe Endpoint
[61936.901321] pci 0001:10:00.0: BAR 0 [mem 0x300000000-0x300003fff 64bit]
[61936.901322] pci 0001:10:00.0: enabling Extended Tags
[61936.901541] NVMeVirt: Virtual PCI bus created (node 0)
[61936.902586] NVMeVirt: nvmev_io_worker_0 started on cpu 4 (node 0)
[61936.902753] NVMeVirt: nvmev_io_worker_1 started on cpu 5 (node 0)
[61936.902764] NVMeVirt: nvmev_dispatcher started on cpu 3 (node 0)
[61936.902836] nvme nvme1: pci function 0001:10:00.0
[61936.906249] nvme nvme1: 1/0/0 default/read/poll queues
[61936.909176] NVMeVirt: Virtual NVMe device created
[61942.951776] KSC2026-MARK map16k_bs4k_r1 fio-start 1791437705333233713
[61948.620062] NVMeVirt: KSC2026: first GC part=2 victim line=6 vpc=171 ipc=341 free_lines=2 host_pgs=194560
[61948.624739] NVMeVirt: KSC2026: first GC part=1 victim line=8 vpc=164 ipc=348 free_lines=2 host_pgs=194560
[61948.635508] NVMeVirt: KSC2026: first GC part=3 victim line=10 vpc=168 ipc=344 free_lines=2 host_pgs=194560
[61948.636182] NVMeVirt: KSC2026: first GC part=0 victim line=4 vpc=169 ipc=343 free_lines=2 host_pgs=194560
[61959.117936] NVMeVirt: [chmodel_request] Need to increase array size 0x385a12a92126 0x3859fb3715b5 0x18021
[61959.117942] NVMeVirt: [chmodel_request] Need to increase array size 0x385a12a92126 0x3859fb372f45 0x18020
[61959.117944] NVMeVirt: [chmodel_request] Need to increase array size 0x385a12aa5b65 0x3859fb373833 0x18033
[61959.117946] NVMeVirt: [chmodel_request] Need to increase array size 0x385a12aa5b65 0x3859fb373d91 0x18033
[61959.117947] NVMeVirt: [chmodel_request] Need to increase array size 0x385a12a92126 0x3859fb3742c3 0x1801f
[61959.117948] NVMeVirt: [chmodel_request] Need to increase array size 0x385a12ac690b 0x3859fb3747d3 0x18054
[61959.117950] NVMeVirt: [chmodel_request] Need to increase array size 0x385a12aa5b65 0x3859fb374e08 0x18032
[61959.117951] NVMeVirt: [chmodel_request] Need to increase array size 0x385a12add22a 0x3859fb375328 0x1806b
[61959.117953] NVMeVirt: [chmodel_request] Need to increase array size 0x385a12ad0d28 0x3859fb375878 0x1805d
[61959.117954] NVMeVirt: [chmodel_request] Need to increase array size 0x385a12ad0d28 0x3859fb375d39 0x1805d
[61959.117955] NVMeVirt: [chmodel_request] Need to increase array size 0x385a12ad0d28 0x3859fb376245 0x1805d
[61959.117957] NVMeVirt: [chmodel_request] Need to increase array size 0x385a12ae4767 0x3859fb37684a 0x18070
[61959.117958] NVMeVirt: [chmodel_request] Need to increase array size 0x385a12b0550d 0x3859fb376d5b 0x18092
[61959.117959] NVMeVirt: [chmodel_request] Need to increase array size 0x385a12ae4767 0x3859fb37724a 0x18070
[61959.117961] NVMeVirt: [chmodel_request] Need to increase array size 0x385a12b1be2c 0x3859fb377831 0x180a8
[61959.117962] NVMeVirt: [chmodel_request] Need to increase array size 0x385a12b0550d 0x3859fb377d26 0x18091
[61959.117963] NVMeVirt: [chmodel_request] Need to increase array size 0x385a12b3cbd2 0x3859fb378212 0x180ca
[61959.117965] NVMeVirt: [chmodel_request] Need to increase array size 0x385a12b1be2c 0x3859fb37883a 0x180a7
[61959.117966] NVMeVirt: [chmodel_request] Need to increase array size 0x385a12b4410f 0x3859fb378d41 0x180d0
[61959.117968] NVMeVirt: [chmodel_request] Need to increase array size 0x385a12b4410f 0x3859fb37930e 0x180cf
[61965.081395] systemd-journald[350]: /dev/kmsg buffer overrun, some messages lost. (Dropped 6330 similar message(s))
[61966.808829] systemd-journald[350]: /dev/kmsg buffer overrun, some messages lost.
[61968.132131] systemd-journald[350]: /dev/kmsg buffer overrun, some messages lost.
[62004.226593] KSC2026-MARK map16k_bs4k_r1 fio-end
[62004.230513] KSC2026-MARK map16k_bs4k_r1 rmmod 1791437766613228447
[62004.296160] pci_bus 0001:10: busn_res: [bus 10-ff] is released
[62004.296217] NVMeVirt: KSC2026: stats part=0 host_pgs=644251 gc_pgs=1397218 gc_cnt=3606 free_lines=2
[62004.296219] NVMeVirt: KSC2026: stats part=1 host_pgs=644540 gc_pgs=1389794 gc_cnt=3592 free_lines=2
[62004.296219] NVMeVirt: KSC2026: stats part=2 host_pgs=645196 gc_pgs=1402940 gc_cnt=3619 free_lines=1
[62004.296220] NVMeVirt: KSC2026: stats part=3 host_pgs=644324 gc_pgs=1395108 gc_cnt=3602 free_lines=2
[62004.323863] NVMeVirt: Virtual NVMe device closed
