500, 1658, 1, 0, 0
1000, 1655, 1, 0, 0
1500, 1661, 1, 0, 0
2000, 1657, 1, 0, 0
2500, 1662, 1, 0, 0
3000, 1640, 1, 0, 0
3500, 1657, 1, 0, 0
4000, 1659, 1, 0, 0
4500, 1665, 1, 0, 0
5000, 1656, 1, 0, 0
5500, 1664, 1, 0, 0
6000, 1657, 1, 0, 0
6511, 1667, 1, 0, 0
7000, 1677, 1, 0, 0
7507, 1688, 1, 0, 0
8000, 1670, 1, 0, 0
8509, 2073, 1, 0, 0
9013, 1680, 1, 0, 0
9500, 1665, 1, 0, 0
10009, 1664, 1, 0, 0
10514, 1672, 1, 0, 0
11001, 1659, 1, 0, 0
11506, 1682, 1, 0, 0
12012, 1670, 1, 0, 0
12507, 1662, 1, 0, 0
13002, 1680, 1, 0, 0
13511, 1688, 1, 0, 0
14000, 1657, 1, 0, 0
14505, 1676, 1, 0, 0
15006, 1717, 1, 0, 0
15500, 1682, 1, 0, 0
16002, 1679, 1, 0, 0
16503, 1664, 1, 0, 0
17010, 1677, 1, 0, 0
17511, 1753, 1, 0, 0
18014, 1657, 1, 0, 0
18511, 1694, 1, 0, 0
19000, 1668, 1, 0, 0
19500, 1679, 1, 0, 0
20013, 1662, 1, 0, 0
20500, 1667, 1, 0, 0
21010, 1671, 1, 0, 0
21500, 1677, 1, 0, 0
22000, 1665, 1, 0, 0
22501, 1673, 1, 0, 0
23001, 1692, 1, 0, 0
23504, 1657, 1, 0, 0
24002, 1671, 1, 0, 0
24508, 1675, 1, 0, 0
25000, 1672, 1, 0, 0
25500, 1669, 1, 0, 0
26005, 1671, 1, 0, 0
26500, 1663, 1, 0, 0
27005, 1667, 1, 0, 0
27506, 1675, 1, 0, 0
28004, 1663, 1, 0, 0
28502, 1830, 1, 0, 0
29005, 1652, 1, 0, 0
29508, 1649, 1, 0, 0
30003, 1657, 1, 0, 0
30511, 1699, 1, 0, 0
31000, 1658, 1, 0, 0
31506, 1669, 1, 0, 0
32000, 1658, 1, 0, 0
32508, 1654, 1, 0, 0
33000, 1679, 1, 0, 0
33509, 1675, 1, 0, 0
34006, 1660, 1, 0, 0
34500, 1688, 1, 0, 0
35010, 1656, 1, 0, 0
35502, 1642, 1, 0, 0
36006, 1651, 1, 0, 0
36509, 1649, 1, 0, 0
37003, 1653, 1, 0, 0
37507, 1657, 1, 0, 0
38010, 1655, 1, 0, 0
38509, 1674, 1, 0, 0
39000, 1653, 1, 0, 0
39500, 1649, 1, 0, 0
40011, 1651, 1, 0, 0
40510, 1653, 1, 0, 0
41006, 1654, 1, 0, 0
41500, 1651, 1, 0, 0
42005, 1648, 1, 0, 0
42502, 1647, 1, 0, 0
43000, 1649, 1, 0, 0
43500, 1650, 1, 0, 0
44000, 1649, 1, 0, 0
44510, 1654, 1, 0, 0
45000, 1688, 1, 0, 0
45509, 1671, 1, 0, 0
46001, 1668, 1, 0, 0
46507, 1658, 1, 0, 0
47000, 1665, 1, 0, 0
47508, 1669, 1, 0, 0
48011, 1701, 1, 0, 0
48500, 1704, 1, 0, 0
49005, 1696, 1, 0, 0
49511, 1694, 1, 0, 0
50000, 1675, 1, 0, 0
50515, 1698, 1, 0, 0
51001, 1676, 1, 0, 0
51504, 1692, 1, 0, 0
52000, 1911, 1, 0, 0
52500, 1657, 1, 0, 0
53002, 1653, 1, 0, 0
53503, 1660, 1, 0, 0
54007, 1656, 1, 0, 0
54508, 1662, 1, 0, 0
55009, 1655, 1, 0, 0
55503, 1654, 1, 0, 0
56009, 1669, 1, 0, 0
56500, 1686, 1, 0, 0
57001, 1687, 1, 0, 0
57502, 1702, 1, 0, 0
58013, 1663, 1, 0, 0
58505, 1673, 1, 0, 0
59003, 1660, 1, 0, 0
59505, 1661, 1, 0, 0
60017, 1665, 1, 0, 0
