500, 2227456, 1, 0, 0
1000, 2230208, 1, 0, 0
1500, 2230784, 1, 0, 0
2000, 2222976, 1, 0, 0
2500, 2204224, 1, 0, 0
3000, 2237632, 1, 0, 0
3500, 2221440, 1, 0, 0
4000, 2216384, 1, 0, 0
4500, 2229696, 1, 0, 0
5000, 2221696, 1, 0, 0
5500, 2235008, 1, 0, 0
6000, 587136, 1, 0, 0
6500, 141952, 1, 0, 0
7000, 139328, 1, 0, 0
7500, 146368, 1, 0, 0
8000, 156736, 1, 0, 0
8500, 167488, 1, 0, 0
9000, 159872, 1, 0, 0
9500, 169472, 1, 0, 0
10000, 195968, 1, 0, 0
10500, 191872, 1, 0, 0
11000, 206236, 1, 0, 0
11500, 217216, 1, 0, 0
12000, 184576, 1, 0, 0
12500, 203904, 1, 0, 0
13000, 205312, 1, 0, 0
13500, 184576, 1, 0, 0
14000, 202112, 1, 0, 0
14500, 210432, 1, 0, 0
15000, 196480, 1, 0, 0
15500, 186368, 1, 0, 0
16000, 164608, 1, 0, 0
16500, 211712, 1, 0, 0
17000, 238976, 1, 0, 0
17500, 177152, 1, 0, 0
18000, 232064, 1, 0, 0
18500, 221056, 1, 0, 0
19000, 199680, 1, 0, 0
19500, 179200, 1, 0, 0
20000, 180096, 1, 0, 0
20500, 239296, 1, 0, 0
21000, 219584, 1, 0, 0
21500, 209152, 1, 0, 0
22000, 247616, 1, 0, 0
22500, 246720, 1, 0, 0
23000, 250100, 1, 0, 0
23500, 268032, 1, 0, 0
24000, 166016, 1, 0, 0
24500, 234496, 1, 0, 0
25000, 246208, 1, 0, 0
25500, 216512, 1, 0, 0
26000, 242432, 1, 0, 0
26500, 261632, 1, 0, 0
27000, 212608, 1, 0, 0
27500, 198016, 1, 0, 0
28000, 290688, 1, 0, 0
28500, 241792, 1, 0, 0
29000, 268032, 1, 0, 0
29500, 219264, 1, 0, 0
30000, 250752, 1, 0, 0
30500, 207872, 1, 0, 0
31000, 288512, 1, 0, 0
31500, 261504, 1, 0, 0
32000, 275712, 1, 0, 0
32500, 290688, 1, 0, 0
33000, 287488, 1, 0, 0
33500, 257024, 1, 0, 0
34000, 269952, 1, 0, 0
34500, 312128, 1, 0, 0
35000, 339943, 1, 0, 0
35500, 334720, 1, 0, 0
36000, 402432, 1, 0, 0
36500, 318720, 1, 0, 0
37000, 345600, 1, 0, 0
37500, 309248, 1, 0, 0
38000, 351104, 1, 0, 0
38500, 319744, 1, 0, 0
39000, 417920, 1, 0, 0
39500, 425152, 1, 0, 0
40000, 444992, 1, 0, 0
40500, 608000, 1, 0, 0
41000, 457088, 1, 0, 0
41500, 474560, 1, 0, 0
42000, 566208, 1, 0, 0
42500, 560128, 1, 0, 0
43000, 660672, 1, 0, 0
43500, 833344, 1, 0, 0
44000, 1670272, 1, 0, 0
44500, 1187456, 1, 0, 0
45000, 133632, 1, 0, 0
45500, 137856, 1, 0, 0
46000, 147584, 1, 0, 0
46500, 152064, 1, 0, 0
47000, 164672, 1, 0, 0
47500, 166336, 1, 0, 0
48000, 169728, 1, 0, 0
48500, 186368, 1, 0, 0
49000, 186496, 1, 0, 0
49500, 206080, 1, 0, 0
50001, 211584, 1, 0, 0
50500, 198156, 1, 0, 0
51000, 218368, 1, 0, 0
51500, 231168, 1, 0, 0
52000, 194240, 1, 0, 0
52500, 195648, 1, 0, 0
53000, 198784, 1, 0, 0
53500, 195328, 1, 0, 0
54000, 214272, 1, 0, 0
54500, 164224, 1, 0, 0
55000, 209920, 1, 0, 0
55500, 203392, 1, 0, 0
56000, 245248, 1, 0, 0
56500, 195136, 1, 0, 0
57000, 189760, 1, 0, 0
57500, 186240, 1, 0, 0
58000, 219136, 1, 0, 0
58500, 206080, 1, 0, 0
59000, 223744, 1, 0, 0
59500, 236672, 1, 0, 0
60000, 222272, 1, 0, 0
