500, 459345, 1, 0, 0
1000, 458993, 1, 0, 0
1500, 458787, 1, 0, 0
2000, 460479, 1, 0, 0
2500, 464395, 1, 0, 0
3000, 457383, 1, 0, 0
3500, 460812, 1, 0, 0
4000, 461802, 1, 0, 0
4500, 459027, 1, 0, 0
5000, 460625, 1, 0, 0
5500, 458129, 1, 0, 0
6000, 1702492, 1, 0, 0
6511, 7201778, 1, 0, 0
7000, 7208813, 1, 0, 0
7507, 7090849, 1, 0, 0
8000, 6724172, 1, 0, 0
8509, 5970281, 1, 0, 0
9013, 6454351, 1, 0, 0
9500, 5919590, 1, 0, 0
10009, 5288407, 1, 0, 0
10514, 5385736, 1, 0, 0
11001, 4853599, 1, 0, 0
11506, 4766283, 1, 0, 0
12012, 5618812, 1, 0, 0
12507, 4965649, 1, 0, 0
13002, 4945063, 1, 0, 0
13511, 5641766, 1, 0, 0
14000, 5135669, 1, 0, 0
14505, 4730797, 1, 0, 0
15006, 5230096, 1, 0, 0
15500, 5615557, 1, 0, 0
16002, 6031037, 1, 0, 0
16503, 4845980, 1, 0, 0
17010, 4340345, 1, 0, 0
17511, 5811055, 1, 0, 0
18014, 4435350, 1, 0, 0
18511, 4601949, 1, 0, 0
19000, 5074985, 1, 0, 0
19500, 5861162, 1, 0, 0
20013, 5630740, 1, 0, 0
20500, 4283833, 1, 0, 0
21010, 4624234, 1, 0, 0
21500, 5000584, 1, 0, 0
22000, 4162841, 1, 0, 0
22501, 3962973, 1, 0, 0
23001, 4096186, 1, 0, 0
23504, 3853785, 1, 0, 0
24002, 6161641, 1, 0, 0
24508, 4396961, 1, 0, 0
25000, 4225311, 1, 0, 0
25500, 4578901, 1, 0, 0
26005, 4271414, 1, 0, 0
26500, 3998494, 1, 0, 0
27005, 4720510, 1, 0, 0
27506, 5172302, 1, 0, 0
28004, 3506036, 1, 0, 0
28502, 4219829, 1, 0, 0
29005, 3846804, 1, 0, 0
29508, 4694401, 1, 0, 0
30003, 4051981, 1, 0, 0
30511, 5002307, 1, 0, 0
31000, 3578636, 1, 0, 0
31506, 3833770, 1, 0, 0
32000, 3804338, 1, 0, 0
32508, 3469552, 1, 0, 0
33000, 3601699, 1, 0, 0
33509, 3929083, 1, 0, 0
34006, 3781858, 1, 0, 0
34500, 3371850, 1, 0, 0
35010, 2961829, 1, 0, 0
35502, 3012480, 1, 0, 0
36006, 2563847, 1, 0, 0
36509, 3228919, 1, 0, 0
37003, 2928764, 1, 0, 0
37507, 3342479, 1, 0, 0
38010, 2934892, 1, 0, 0
38509, 3195248, 1, 0, 0
39000, 2471137, 1, 0, 0
39500, 2413876, 1, 0, 0
40011, 2286170, 1, 0, 0
40510, 1683120, 1, 0, 0
41006, 2228092, 1, 0, 0
41500, 2186293, 1, 0, 0
42005, 1786299, 1, 0, 0
42502, 1820647, 1, 0, 0
43000, 1571889, 1, 0, 0
43500, 1226921, 1, 0, 0
44000, 613882, 1, 0, 0
44510, 849178, 1, 0, 0
45000, 7765675, 1, 0, 0
45509, 7298540, 1, 0, 0
46001, 6842990, 1, 0, 0
46507, 6808429, 1, 0, 0
47000, 6419312, 1, 0, 0
47508, 5972122, 1, 0, 0
48011, 6070790, 1, 0, 0
48500, 5465041, 1, 0, 0
49005, 5459845, 1, 0, 0
49511, 5035962, 1, 0, 0
50000, 4795636, 1, 0, 0
50515, 5262670, 1, 0, 0
51001, 4549853, 1, 0, 0
51504, 4451977, 1, 0, 0
52000, 5411808, 1, 0, 0
52500, 5120360, 1, 0, 0
53002, 5114811, 1, 0, 0
53503, 5256239, 1, 0, 0
54007, 4803869, 1, 0, 0
54508, 6263852, 1, 0, 0
55009, 4883911, 1, 0, 0
55503, 4970434, 1, 0, 0
56009, 4227470, 1, 0, 0
56500, 5363931, 1, 0, 0
57001, 5188444, 1, 0, 0
57502, 5521303, 1, 0, 0
58013, 4775295, 1, 0, 0
58505, 4898944, 1, 0, 0
59003, 4544801, 1, 0, 0
59505, 4347972, 1, 0, 0
60000, 4699022, 1, 0, 0
60017, 17694679, 1, 0, 0
