500, 457687, 1, 0, 0
1000, 457338, 1, 0, 0
1500, 457126, 1, 0, 0
2000, 458822, 1, 0, 0
2500, 462733, 1, 0, 0
3000, 455743, 1, 0, 0
3500, 459155, 1, 0, 0
4000, 460143, 1, 0, 0
4500, 457362, 1, 0, 0
5000, 458969, 1, 0, 0
5500, 456465, 1, 0, 0
6000, 1700835, 1, 0, 0
6511, 7200111, 1, 0, 0
7000, 7207137, 1, 0, 0
7507, 7089162, 1, 0, 0
8000, 6722501, 1, 0, 0
8509, 5968217, 1, 0, 0
9013, 6452660, 1, 0, 0
9500, 5917924, 1, 0, 0
10009, 5286742, 1, 0, 0
10514, 5384065, 1, 0, 0
11001, 4851940, 1, 0, 0
11506, 4764601, 1, 0, 0
12012, 5617142, 1, 0, 0
12507, 4963987, 1, 0, 0
13002, 4943386, 1, 0, 0
13511, 5640076, 1, 0, 0
14000, 5134012, 1, 0, 0
14505, 4729121, 1, 0, 0
15006, 5228379, 1, 0, 0
15500, 5613875, 1, 0, 0
16002, 6029357, 1, 0, 0
16503, 4844315, 1, 0, 0
17010, 4338668, 1, 0, 0
17511, 5809302, 1, 0, 0
18014, 4433694, 1, 0, 0
18511, 4600255, 1, 0, 0
19000, 5073316, 1, 0, 0
19500, 5859482, 1, 0, 0
20013, 5629078, 1, 0, 0
20500, 4282167, 1, 0, 0
21010, 4622562, 1, 0, 0
21500, 4998908, 1, 0, 0
22000, 4161176, 1, 0, 0
22501, 3961299, 1, 0, 0
23001, 4094493, 1, 0, 0
23504, 3852128, 1, 0, 0
24002, 6159968, 1, 0, 0
24508, 4395286, 1, 0, 0
25000, 4223640, 1, 0, 0
25500, 4577231, 1, 0, 0
26005, 4269743, 1, 0, 0
26500, 3996830, 1, 0, 0
27005, 4718843, 1, 0, 0
27506, 5170627, 1, 0, 0
28004, 3504373, 1, 0, 0
28502, 4217999, 1, 0, 0
29005, 3845152, 1, 0, 0
29508, 4692752, 1, 0, 0
30003, 4050324, 1, 0, 0
30511, 5000609, 1, 0, 0
31000, 3576978, 1, 0, 0
31506, 3832101, 1, 0, 0
32000, 3802680, 1, 0, 0
32508, 3467899, 1, 0, 0
33000, 3600020, 1, 0, 0
33509, 3927408, 1, 0, 0
34006, 3780198, 1, 0, 0
34500, 3370162, 1, 0, 0
35010, 2960173, 1, 0, 0
35502, 3010838, 1, 0, 0
36006, 2562196, 1, 0, 0
36509, 3227270, 1, 0, 0
37003, 2927111, 1, 0, 0
37507, 3340821, 1, 0, 0
38010, 2933237, 1, 0, 0
38509, 3193574, 1, 0, 0
39000, 2469485, 1, 0, 0
39500, 2412227, 1, 0, 0
40011, 2284520, 1, 0, 0
40510, 1681467, 1, 0, 0
41006, 2226438, 1, 0, 0
41500, 2184642, 1, 0, 0
42005, 1784652, 1, 0, 0
42502, 1819000, 1, 0, 0
43000, 1570240, 1, 0, 0
43500, 1225271, 1, 0, 0
44000, 612233, 1, 0, 0
44510, 847524, 1, 0, 0
45000, 7763986, 1, 0, 0
45509, 7296870, 1, 0, 0
46001, 6841322, 1, 0, 0
46507, 6806771, 1, 0, 0
47000, 6417648, 1, 0, 0
47508, 5970454, 1, 0, 0
48011, 6069089, 1, 0, 0
48500, 5463338, 1, 0, 0
49005, 5458150, 1, 0, 0
49511, 5034268, 1, 0, 0
50000, 4793961, 1, 0, 0
50515, 5260972, 1, 0, 0
51001, 4548176, 1, 0, 0
51504, 4450284, 1, 0, 0
52000, 5409897, 1, 0, 0
52500, 5118705, 1, 0, 0
53002, 5113157, 1, 0, 0
53503, 5254579, 1, 0, 0
54007, 4802213, 1, 0, 0
54508, 6262190, 1, 0, 0
55009, 4882258, 1, 0, 0
55503, 4968780, 1, 0, 0
56009, 4225800, 1, 0, 0
56500, 5362248, 1, 0, 0
57001, 5186753, 1, 0, 0
57502, 5519602, 1, 0, 0
58013, 4773632, 1, 0, 0
58505, 4897270, 1, 0, 0
59003, 4543141, 1, 0, 0
59505, 4346311, 1, 0, 0
60000, 4697357, 1, 0, 0
60017, 17693040, 1, 0, 0
