[62147.869431] KSC2026-MARK map16k_bs32k_r1 insmod 1791437910240600940
[62147.890296] NVMeVirt: Version 1.10 for >> Samsung 970 Pro SSD <<
[62147.890313] NVMeVirt: Storage: 0x300100000-0x600000000 (12287 MiB)
[62147.902915] NVMeVirt: Total Capacity(GiB,MiB)=3,3072 chs=2 luns=4 lines=384 blk-size(MiB,KiB)=2,2048 line-size(MiB,KiB)=8,8192
[62147.902920] NVMeVirt: KSC2026: mapping unit=16384 B, flash page=32768 B, oneshot page=32768 B, pgs_per_blk=128, blks_per_pl=384, write buffer=1048576 B
[62147.907647] NVMeVirt: [chmodel_init] bandwidth 800 max_credits 26 tx_time 152
[62147.910784] NVMeVirt: [chmodel_init] bandwidth 800 max_credits 26 tx_time 152
[62147.910795] NVMeVirt: [chmodel_init] bandwidth 3360 max_credits 110 tx_time 36
[62147.911174] NVMeVirt: pqueue: Copyright (c) 2014, Volkan Yazıcı <volkan.yazici@gmail.com>. All rights reserved.
[62147.911175] NVMeVirt: Init FTL instance with 2 channels (196608 pages)
[62147.914268] NVMeVirt: [chmodel_init] bandwidth 800 max_credits 26 tx_time 152
[62147.917361] NVMeVirt: [chmodel_init] bandwidth 800 max_credits 26 tx_time 152
[62147.917372] NVMeVirt: [chmodel_init] bandwidth 3360 max_credits 110 tx_time 36
[62147.917697] NVMeVirt: Init FTL instance with 2 channels (196608 pages)
[62147.920785] NVMeVirt: [chmodel_init] bandwidth 800 max_credits 26 tx_time 152
[62147.923856] NVMeVirt: [chmodel_init] bandwidth 800 max_credits 26 tx_time 152
[62147.923868] NVMeVirt: [chmodel_init] bandwidth 3360 max_credits 110 tx_time 36
[62147.924215] NVMeVirt: Init FTL instance with 2 channels (196608 pages)
[62147.927297] NVMeVirt: [chmodel_init] bandwidth 800 max_credits 26 tx_time 152
[62147.930393] NVMeVirt: [chmodel_init] bandwidth 800 max_credits 26 tx_time 152
[62147.930404] NVMeVirt: [chmodel_init] bandwidth 3360 max_credits 110 tx_time 36
[62147.930727] NVMeVirt: Init FTL instance with 2 channels (196608 pages)
[62147.930730] NVMeVirt: FTL physical space: 12883853312, logical space: 12040984403 (physical/logical * 100 = 107)
[62147.930731] NVMeVirt: KSC2026: WBUF_FIX=0 GC_STATS=1
[62147.930731] NVMeVirt: ns 0/1: size 11483 MiB
[62147.930760] PCI host bridge to bus 0001:10
[62147.930762] pci_bus 0001:10: root bus resource [io  0x0000-0xffff]
[62147.930763] pci_bus 0001:10: root bus resource [mem 0x00000000-0x3fffffffffff]
[62147.930765] pci_bus 0001:10: root bus resource [bus 00-ff]
[62147.930770] pci 0001:10:00.0: [0c51:0110] type 00 class 0x010802 PCIe Endpoint
[62147.930773] pci 0001:10:00.0: BAR 0 [mem 0x300000000-0x300003fff 64bit]
[62147.930774] pci 0001:10:00.0: enabling Extended Tags
[62147.930877] NVMeVirt: Virtual PCI bus created (node 0)
[62147.931085] NVMeVirt: nvmev_io_worker_0 started on cpu 4 (node 0)
[62147.931288] NVMeVirt: nvmev_io_worker_1 started on cpu 5 (node 0)
[62147.931314] NVMeVirt: nvmev_dispatcher started on cpu 3 (node 0)
[62147.931463] nvme nvme1: pci function 0001:10:00.0
[62147.934977] nvme nvme1: 1/0/0 default/read/poll queues
[62147.936878] NVMeVirt: Virtual NVMe device created
[62153.962970] KSC2026-MARK map16k_bs32k_r1 fio-start 1791437916347675463
[62159.808981] NVMeVirt: KSC2026: first GC part=0 victim line=152 vpc=465 ipc=47 free_lines=2 host_pgs=194560
[62159.809026] NVMeVirt: KSC2026: first GC part=1 victim line=152 vpc=465 ipc=47 free_lines=2 host_pgs=194560
[62159.830453] NVMeVirt: KSC2026: first GC part=2 victim line=344 vpc=469 ipc=43 free_lines=2 host_pgs=194560
[62159.830495] NVMeVirt: KSC2026: first GC part=3 victim line=344 vpc=469 ipc=43 free_lines=2 host_pgs=194560
[62214.272917] KSC2026-MARK map16k_bs32k_r1 fio-end
[62214.276894] KSC2026-MARK map16k_bs32k_r1 rmmod 1791437976662867675
[62214.339914] pci_bus 0001:10: busn_res: [bus 10-ff] is released
[62214.340155] NVMeVirt: KSC2026: stats part=0 host_pgs=426259 gc_pgs=996022 gc_cnt=2397 free_lines=2
[62214.340157] NVMeVirt: KSC2026: stats part=1 host_pgs=426259 gc_pgs=996022 gc_cnt=2397 free_lines=2
[62214.340158] NVMeVirt: KSC2026: stats part=2 host_pgs=426129 gc_pgs=993080 gc_cnt=2391 free_lines=2
[62214.340158] NVMeVirt: KSC2026: stats part=3 host_pgs=426129 gc_pgs=993080 gc_cnt=2391 free_lines=2
[62214.367809] NVMeVirt: Virtual NVMe device closed
