500, 2057520, 1, 0, 0
1000, 2060856, 1, 0, 0
1500, 2058680, 1, 0, 0
2000, 2061112, 1, 0, 0
2500, 2054432, 1, 0, 0
3000, 2038944, 1, 0, 0
3500, 2054312, 1, 0, 0
4000, 2061000, 1, 0, 0
4500, 2052776, 1, 0, 0
5000, 2056448, 1, 0, 0
5500, 2052360, 1, 0, 0
6000, 2161282, 1, 0, 0
6500, 302056, 1, 0, 0
7000, 124224, 1, 0, 0
7500, 131776, 1, 0, 0
8000, 134912, 1, 0, 0
8500, 152896, 1, 0, 0
9000, 156096, 1, 0, 0
9500, 162304, 1, 0, 0
10000, 163392, 1, 0, 0
10500, 178048, 1, 0, 0
11000, 176064, 1, 0, 0
11500, 177728, 1, 0, 0
12000, 175680, 1, 0, 0
12500, 168384, 1, 0, 0
13000, 180032, 1, 0, 0
13500, 190968, 1, 0, 0
14000, 206280, 1, 0, 0
14500, 174272, 1, 0, 0
15000, 174784, 1, 0, 0
15500, 151214, 1, 0, 0
16000, 160640, 1, 0, 0
16500, 180032, 1, 0, 0
17000, 185600, 1, 0, 0
17500, 163768, 1, 0, 0
18000, 189256, 1, 0, 0
18500, 164416, 1, 0, 0
19000, 178368, 1, 0, 0
19500, 183168, 1, 0, 0
20000, 154688, 1, 0, 0
20500, 174336, 1, 0, 0
21000, 174976, 1, 0, 0
21500, 197760, 1, 0, 0
22000, 162304, 1, 0, 0
22500, 220480, 1, 0, 0
23000, 163520, 1, 0, 0
23500, 180032, 1, 0, 0
24000, 193216, 1, 0, 0
24500, 215168, 1, 0, 0
25000, 246912, 1, 0, 0
25500, 210176, 1, 0, 0
26000, 190656, 1, 0, 0
26500, 215488, 1, 0, 0
27000, 238044, 1, 0, 0
27500, 179072, 1, 0, 0
28000, 174656, 1, 0, 0
28500, 235840, 1, 0, 0
29000, 193472, 1, 0, 0
29500, 183360, 1, 0, 0
30000, 206592, 1, 0, 0
30500, 169280, 1, 0, 0
31000, 188672, 1, 0, 0
31500, 193856, 1, 0, 0
32000, 213944, 1, 0, 0
32500, 216840, 1, 0, 0
33000, 219072, 1, 0, 0
33500, 214400, 1, 0, 0
34000, 183872, 1, 0, 0
34500, 214208, 1, 0, 0
35000, 210624, 1, 0, 0
35500, 200896, 1, 0, 0
36000, 221440, 1, 0, 0
36500, 210597, 1, 0, 0
37000, 216832, 1, 0, 0
37500, 218688, 1, 0, 0
38000, 221184, 1, 0, 0
38500, 217920, 1, 0, 0
39000, 282048, 1, 0, 0
39500, 220800, 1, 0, 0
40000, 232448, 1, 0, 0
40500, 238144, 1, 0, 0
41000, 235456, 1, 0, 0
41500, 248960, 1, 0, 0
42000, 254080, 1, 0, 0
42500, 259904, 1, 0, 0
43000, 264704, 1, 0, 0
43500, 264960, 1, 0, 0
44000, 279552, 1, 0, 0
44500, 293184, 1, 0, 0
45000, 304768, 1, 0, 0
45500, 298496, 1, 0, 0
46000, 327064, 1, 0, 0
46500, 344488, 1, 0, 0
47000, 363968, 1, 0, 0
47500, 348665, 1, 0, 0
48000, 383936, 1, 0, 0
48500, 414016, 1, 0, 0
49000, 467968, 1, 0, 0
49500, 467776, 1, 0, 0
50000, 521024, 1, 0, 0
50500, 541728, 1, 0, 0
51000, 628056, 1, 0, 0
51500, 954280, 1, 0, 0
52000, 1914200, 1, 0, 0
52500, 151792, 1, 0, 0
53000, 128400, 1, 0, 0
53500, 131072, 1, 0, 0
54000, 139584, 1, 0, 0
54500, 135808, 1, 0, 0
55000, 138048, 1, 0, 0
55500, 149568, 1, 0, 0
56000, 174528, 1, 0, 0
56500, 160576, 1, 0, 0
57000, 150848, 1, 0, 0
57500, 179904, 1, 0, 0
58000, 166672, 1, 0, 0
58500, 166581, 1, 0, 0
59000, 189440, 1, 0, 0
59500, 168000, 1, 0, 0
60000, 186336, 1, 0, 0
