500, 514380, 1, 0, 0
1000, 515212, 1, 0, 0
1500, 514670, 1, 0, 0
2000, 515278, 1, 0, 0
2500, 513608, 1, 0, 0
3000, 509736, 1, 0, 0
3500, 513578, 1, 0, 0
4000, 515250, 1, 0, 0
4500, 513194, 1, 0, 0
5000, 514112, 1, 0, 0
5500, 513090, 1, 0, 0
6000, 540320, 1, 0, 0
6500, 75514, 1, 0, 0
7000, 31056, 1, 0, 0
7500, 32944, 1, 0, 0
8000, 33728, 1, 0, 0
8500, 38224, 1, 0, 0
9000, 39024, 1, 0, 0
9500, 40576, 1, 0, 0
10000, 40848, 1, 0, 0
10500, 44512, 1, 0, 0
11000, 44016, 1, 0, 0
11500, 44432, 1, 0, 0
12000, 43920, 1, 0, 0
12500, 42096, 1, 0, 0
13000, 45008, 1, 0, 0
13500, 47742, 1, 0, 0
14000, 51570, 1, 0, 0
14500, 43568, 1, 0, 0
15000, 43696, 1, 0, 0
15500, 37803, 1, 0, 0
16000, 40160, 1, 0, 0
16500, 45008, 1, 0, 0
17000, 46400, 1, 0, 0
17500, 40942, 1, 0, 0
18000, 47314, 1, 0, 0
18500, 41104, 1, 0, 0
19000, 44592, 1, 0, 0
19500, 45792, 1, 0, 0
20000, 38672, 1, 0, 0
20500, 43584, 1, 0, 0
21000, 43744, 1, 0, 0
21500, 49440, 1, 0, 0
22000, 40576, 1, 0, 0
22500, 55120, 1, 0, 0
23000, 40880, 1, 0, 0
23500, 45008, 1, 0, 0
24000, 48304, 1, 0, 0
24500, 53792, 1, 0, 0
25000, 61728, 1, 0, 0
25500, 52544, 1, 0, 0
26000, 47664, 1, 0, 0
26500, 53872, 1, 0, 0
27000, 59511, 1, 0, 0
27500, 44768, 1, 0, 0
28000, 43664, 1, 0, 0
28500, 58960, 1, 0, 0
29000, 48368, 1, 0, 0
29500, 45840, 1, 0, 0
30000, 51648, 1, 0, 0
30500, 42320, 1, 0, 0
31000, 47168, 1, 0, 0
31500, 48464, 1, 0, 0
32000, 53486, 1, 0, 0
32500, 54210, 1, 0, 0
33000, 54768, 1, 0, 0
33500, 53600, 1, 0, 0
34000, 45968, 1, 0, 0
34500, 53552, 1, 0, 0
35000, 52656, 1, 0, 0
35500, 50224, 1, 0, 0
36000, 55360, 1, 0, 0
36500, 52649, 1, 0, 0
37000, 54208, 1, 0, 0
37500, 54672, 1, 0, 0
38000, 55296, 1, 0, 0
38500, 54480, 1, 0, 0
39000, 70512, 1, 0, 0
39500, 55200, 1, 0, 0
40000, 58112, 1, 0, 0
40500, 59536, 1, 0, 0
41000, 58864, 1, 0, 0
41500, 62240, 1, 0, 0
42000, 63520, 1, 0, 0
42500, 64976, 1, 0, 0
43000, 66176, 1, 0, 0
43500, 66240, 1, 0, 0
44000, 69888, 1, 0, 0
44500, 73296, 1, 0, 0
45000, 76192, 1, 0, 0
45500, 74624, 1, 0, 0
46000, 81766, 1, 0, 0
46500, 86122, 1, 0, 0
47000, 90992, 1, 0, 0
47500, 87166, 1, 0, 0
48000, 95984, 1, 0, 0
48500, 103504, 1, 0, 0
49000, 116992, 1, 0, 0
49500, 116944, 1, 0, 0
50000, 130256, 1, 0, 0
50500, 135434, 1, 0, 0
51000, 157014, 1, 0, 0
51500, 238570, 1, 0, 0
52000, 478550, 1, 0, 0
52500, 37948, 1, 0, 0
53000, 32100, 1, 0, 0
53500, 32768, 1, 0, 0
54000, 34896, 1, 0, 0
54500, 33952, 1, 0, 0
55000, 34512, 1, 0, 0
55500, 37392, 1, 0, 0
56000, 43632, 1, 0, 0
56500, 40144, 1, 0, 0
57000, 37712, 1, 0, 0
57500, 44976, 1, 0, 0
58000, 41670, 1, 0, 0
58500, 41645, 1, 0, 0
59000, 47360, 1, 0, 0
59500, 42000, 1, 0, 0
60000, 46584, 1, 0, 0
