500, 61210, 1, 0, 0
1000, 61116, 1, 0, 0
1500, 61171, 1, 0, 0
2000, 61094, 1, 0, 0
2500, 61296, 1, 0, 0
3000, 61759, 1, 0, 0
3500, 61306, 1, 0, 0
4000, 61101, 1, 0, 0
4500, 61349, 1, 0, 0
5000, 61236, 1, 0, 0
5500, 61353, 1, 0, 0
6000, 58222, 1, 0, 0
6509, 417962, 1, 0, 0
7003, 1014807, 1, 0, 0
7513, 988289, 1, 0, 0
8002, 927897, 1, 0, 0
8514, 854903, 1, 0, 0
9006, 807617, 1, 0, 0
9513, 800835, 1, 0, 0
10013, 782448, 1, 0, 0
10503, 701205, 1, 0, 0
11001, 724821, 1, 0, 0
11514, 734952, 1, 0, 0
12000, 734744, 1, 0, 0
12500, 756224, 1, 0, 0
13000, 711066, 1, 0, 0
13500, 674453, 1, 0, 0
14006, 603861, 1, 0, 0
14503, 730062, 1, 0, 0
15000, 726449, 1, 0, 0
15501, 847496, 1, 0, 0
16003, 799535, 1, 0, 0
16510, 718911, 1, 0, 0
17001, 676602, 1, 0, 0
17500, 803467, 1, 0, 0
18008, 666323, 1, 0, 0
18505, 771354, 1, 0, 0
19006, 717777, 1, 0, 0
19508, 701062, 1, 0, 0
20012, 832645, 1, 0, 0
20509, 727516, 1, 0, 0
21004, 726617, 1, 0, 0
21509, 651557, 1, 0, 0
22000, 800144, 1, 0, 0
22500, 577224, 1, 0, 0
23005, 770405, 1, 0, 0
23500, 721068, 1, 0, 0
24004, 644948, 1, 0, 0
24510, 601612, 1, 0, 0
25012, 519468, 1, 0, 0
25512, 611384, 1, 0, 0
26008, 662857, 1, 0, 0
26510, 594420, 1, 0, 0
27003, 530286, 1, 0, 0
27505, 719204, 1, 0, 0
28004, 729261, 1, 0, 0
28508, 547130, 1, 0, 0
29000, 648512, 1, 0, 0
29500, 719321, 1, 0, 0
30009, 609370, 1, 0, 0
30500, 744711, 1, 0, 0
31000, 696122, 1, 0, 0
31508, 649750, 1, 0, 0
32000, 606158, 1, 0, 0
32505, 577303, 1, 0, 0
33010, 589988, 1, 0, 0
33510, 595594, 1, 0, 0
34013, 699427, 1, 0, 0
34506, 587441, 1, 0, 0
35000, 607073, 1, 0, 0
35504, 634081, 1, 0, 0
36010, 584885, 1, 0, 0
36500, 594869, 1, 0, 0
37001, 592132, 1, 0, 0
37500, 581855, 1, 0, 0
38000, 592424, 1, 0, 0
38500, 586181, 1, 0, 0
39010, 448871, 1, 0, 0
39502, 571712, 1, 0, 0
40005, 553287, 1, 0, 0
40510, 540872, 1, 0, 0
41003, 535853, 1, 0, 0
41508, 517522, 1, 0, 0
42009, 504783, 1, 0, 0
42510, 491304, 1, 0, 0
43012, 485177, 1, 0, 0
43507, 477264, 1, 0, 0
44005, 455293, 1, 0, 0
44504, 435943, 1, 0, 0
45000, 425938, 1, 0, 0
45502, 417710, 1, 0, 0
46000, 389333, 1, 0, 0
46502, 371244, 1, 0, 0
47000, 360017, 1, 0, 0
47503, 359253, 1, 0, 0
48008, 336558, 1, 0, 0
48502, 303589, 1, 0, 0
49005, 274014, 1, 0, 0
49500, 275695, 1, 0, 0
50002, 242256, 1, 0, 0
50500, 237802, 1, 0, 0
51000, 200181, 1, 0, 0
51500, 134675, 1, 0, 0
52004, 64417, 1, 0, 0
52500, 864426, 1, 0, 0
53011, 981585, 1, 0, 0
53503, 957565, 1, 0, 0
54013, 936772, 1, 0, 0
54500, 947300, 1, 0, 0
55013, 920008, 1, 0, 0
55513, 855947, 1, 0, 0
56005, 718581, 1, 0, 0
56500, 814835, 1, 0, 0
57000, 827341, 1, 0, 0
57514, 724684, 1, 0, 0
58000, 774812, 1, 0, 0
58500, 763818, 1, 0, 0
59006, 664118, 1, 0, 0
59502, 753583, 1, 0, 0
60000, 702586, 1, 0, 0
60000, 269650, 1, 0, 0
