500, 62059, 1, 0, 0
1000, 61956, 1, 0, 0
1500, 62011, 1, 0, 0
2000, 61933, 1, 0, 0
2500, 62138, 1, 0, 0
3000, 62611, 1, 0, 0
3500, 62143, 1, 0, 0
4000, 61936, 1, 0, 0
4500, 62191, 1, 0, 0
5000, 62074, 1, 0, 0
5500, 62195, 1, 0, 0
6000, 59058, 1, 0, 0
6509, 418801, 1, 0, 0
7003, 1015651, 1, 0, 0
7513, 989135, 1, 0, 0
8002, 928741, 1, 0, 0
8514, 855750, 1, 0, 0
9006, 808462, 1, 0, 0
9513, 801677, 1, 0, 0
10013, 783376, 1, 0, 0
10503, 702048, 1, 0, 0
11001, 725665, 1, 0, 0
11514, 735791, 1, 0, 0
12000, 735584, 1, 0, 0
12500, 757063, 1, 0, 0
13000, 711906, 1, 0, 0
13500, 675298, 1, 0, 0
14006, 604745, 1, 0, 0
14503, 730902, 1, 0, 0
15000, 727291, 1, 0, 0
15501, 848366, 1, 0, 0
16003, 800379, 1, 0, 0
16510, 719753, 1, 0, 0
17001, 677442, 1, 0, 0
17500, 804333, 1, 0, 0
18008, 667164, 1, 0, 0
18505, 772192, 1, 0, 0
19006, 718617, 1, 0, 0
19508, 701900, 1, 0, 0
20012, 833485, 1, 0, 0
20509, 728357, 1, 0, 0
21004, 727456, 1, 0, 0
21509, 652397, 1, 0, 0
22000, 800982, 1, 0, 0
22500, 578066, 1, 0, 0
23005, 771250, 1, 0, 0
23500, 721905, 1, 0, 0
24004, 645791, 1, 0, 0
24510, 602473, 1, 0, 0
25012, 520309, 1, 0, 0
25512, 612230, 1, 0, 0
26008, 663693, 1, 0, 0
26510, 595258, 1, 0, 0
27003, 531124, 1, 0, 0
27505, 720045, 1, 0, 0
28004, 730098, 1, 0, 0
28508, 547971, 1, 0, 0
29000, 649349, 1, 0, 0
29500, 720166, 1, 0, 0
30009, 610207, 1, 0, 0
30500, 745551, 1, 0, 0
31000, 696959, 1, 0, 0
31508, 650596, 1, 0, 0
32000, 607014, 1, 0, 0
32505, 578141, 1, 0, 0
33010, 590862, 1, 0, 0
33510, 596442, 1, 0, 0
34013, 700289, 1, 0, 0
34506, 588283, 1, 0, 0
35000, 607911, 1, 0, 0
35504, 634921, 1, 0, 0
36010, 585723, 1, 0, 0
36500, 595707, 1, 0, 0
37001, 592969, 1, 0, 0
37500, 582694, 1, 0, 0
38000, 593262, 1, 0, 0
38500, 587020, 1, 0, 0
39010, 449711, 1, 0, 0
39502, 572565, 1, 0, 0
40005, 554125, 1, 0, 0
40510, 541711, 1, 0, 0
41003, 536692, 1, 0, 0
41508, 518368, 1, 0, 0
42009, 505653, 1, 0, 0
42510, 492142, 1, 0, 0
43012, 486012, 1, 0, 0
43507, 478104, 1, 0, 0
44005, 456131, 1, 0, 0
44504, 436781, 1, 0, 0
45000, 426775, 1, 0, 0
45502, 418549, 1, 0, 0
46000, 390170, 1, 0, 0
46502, 372082, 1, 0, 0
47000, 360857, 1, 0, 0
47503, 360090, 1, 0, 0
48008, 337394, 1, 0, 0
48502, 304427, 1, 0, 0
49005, 274853, 1, 0, 0
49500, 276534, 1, 0, 0
50002, 243100, 1, 0, 0
50500, 238639, 1, 0, 0
51000, 201018, 1, 0, 0
51500, 135512, 1, 0, 0
52004, 65254, 1, 0, 0
52500, 865266, 1, 0, 0
53011, 982434, 1, 0, 0
53503, 958413, 1, 0, 0
54013, 937619, 1, 0, 0
54500, 948143, 1, 0, 0
55013, 920850, 1, 0, 0
55513, 856790, 1, 0, 0
56005, 719426, 1, 0, 0
56500, 815677, 1, 0, 0
57000, 828184, 1, 0, 0
57514, 725523, 1, 0, 0
58000, 775652, 1, 0, 0
58500, 764659, 1, 0, 0
59006, 664959, 1, 0, 0
59502, 754428, 1, 0, 0
60000, 703544, 1, 0, 0
60000, 270489, 1, 0, 0
