[67073.231223] KSC2026-MARK map4k_bs4k_r1 insmod 1791442835665869748
[67073.245037] NVMeVirt: Version 1.10 for >> Samsung 970 Pro SSD <<
[67073.245046] NVMeVirt: Storage: 0x300100000-0x600000000 (12287 MiB)
[67073.255934] NVMeVirt: Total Capacity(GiB,MiB)=3,3072 chs=2 luns=4 lines=384 blk-size(MiB,KiB)=2,2048 line-size(MiB,KiB)=8,8192
[67073.255940] NVMeVirt: KSC2026: mapping unit=4096 B, flash page=32768 B, oneshot page=32768 B, pgs_per_blk=512, blks_per_pl=384, write buffer=1048576 B
[67073.265955] NVMeVirt: [chmodel_init] bandwidth 800 max_credits 26 tx_time 152
[67073.272857] NVMeVirt: [chmodel_init] bandwidth 800 max_credits 26 tx_time 152
[67073.272867] NVMeVirt: [chmodel_init] bandwidth 3360 max_credits 110 tx_time 36
[67073.274279] NVMeVirt: pqueue: Copyright (c) 2014, Volkan Yazıcı <volkan.yazici@gmail.com>. All rights reserved.
[67073.274281] NVMeVirt: Init FTL instance with 2 channels (786432 pages)
[67073.281004] NVMeVirt: [chmodel_init] bandwidth 800 max_credits 26 tx_time 152
[67073.287803] NVMeVirt: [chmodel_init] bandwidth 800 max_credits 26 tx_time 152
[67073.287813] NVMeVirt: [chmodel_init] bandwidth 3360 max_credits 110 tx_time 36
[67073.289191] NVMeVirt: Init FTL instance with 2 channels (786432 pages)
[67073.295964] NVMeVirt: [chmodel_init] bandwidth 800 max_credits 26 tx_time 152
[67073.302643] NVMeVirt: [chmodel_init] bandwidth 800 max_credits 26 tx_time 152
[67073.302654] NVMeVirt: [chmodel_init] bandwidth 3360 max_credits 110 tx_time 36
[67073.304074] NVMeVirt: Init FTL instance with 2 channels (786432 pages)
[67073.310785] NVMeVirt: [chmodel_init] bandwidth 800 max_credits 26 tx_time 152
[67073.317533] NVMeVirt: [chmodel_init] bandwidth 800 max_credits 26 tx_time 152
[67073.317545] NVMeVirt: [chmodel_init] bandwidth 3360 max_credits 110 tx_time 36
[67073.319033] NVMeVirt: Init FTL instance with 2 channels (786432 pages)
[67073.319038] NVMeVirt: FTL physical space: 12883853312, logical space: 12040984403 (physical/logical * 100 = 107)
[67073.319039] NVMeVirt: KSC2026: WBUF_FIX=1 GC_STATS=1
[67073.319039] NVMeVirt: ns 0/1: size 11483 MiB
[67073.319073] PCI host bridge to bus 0001:10
[67073.319074] pci_bus 0001:10: root bus resource [io  0x0000-0xffff]
[67073.319076] pci_bus 0001:10: root bus resource [mem 0x00000000-0x3fffffffffff]
[67073.319077] pci_bus 0001:10: root bus resource [bus 00-ff]
[67073.319083] pci 0001:10:00.0: [0c51:0110] type 00 class 0x010802 PCIe Endpoint
[67073.319085] pci 0001:10:00.0: BAR 0 [mem 0x300000000-0x300003fff 64bit]
[67073.319087] pci 0001:10:00.0: enabling Extended Tags
[67073.319188] NVMeVirt: Virtual PCI bus created (node 0)
[67073.319395] NVMeVirt: nvmev_io_worker_0 started on cpu 4 (node 0)
[67073.319561] NVMeVirt: nvmev_io_worker_1 started on cpu 5 (node 0)
[67073.319574] NVMeVirt: nvmev_dispatcher started on cpu 3 (node 0)
[67073.319694] nvme nvme1: pci function 0001:10:00.0
[67073.321724] nvme nvme1: 1/0/0 default/read/poll queues
[67073.324661] NVMeVirt: Virtual NVMe device created
[67079.355068] KSC2026-MARK map4k_bs4k_r1 fio-start 1791442841803148461
[67085.632017] NVMeVirt: KSC2026: first GC part=0 victim line=343 vpc=1898 ipc=150 free_lines=2 host_pgs=778240
[67085.634025] NVMeVirt: KSC2026: first GC part=2 victim line=340 vpc=1890 ipc=158 free_lines=2 host_pgs=778240
[67085.651408] NVMeVirt: KSC2026: first GC part=3 victim line=194 vpc=1892 ipc=156 free_lines=2 host_pgs=778240
[67085.652633] NVMeVirt: KSC2026: first GC part=1 victim line=106 vpc=1897 ipc=151 free_lines=2 host_pgs=778240
[67140.396141] KSC2026-MARK map4k_bs4k_r1 fio-end
[67140.400174] KSC2026-MARK map4k_bs4k_r1 rmmod 1791442902850325481
[67140.460648] pci_bus 0001:10: busn_res: [bus 10-ff] is released
[67140.460820] NVMeVirt: KSC2026: stats part=0 host_pgs=1592612 gc_pgs=3351083 gc_cnt=2033 free_lines=2
[67140.460822] NVMeVirt: KSC2026: stats part=1 host_pgs=1592973 gc_pgs=3350951 gc_cnt=2033 free_lines=2
[67140.460822] NVMeVirt: KSC2026: stats part=2 host_pgs=1592635 gc_pgs=3359213 gc_cnt=2037 free_lines=2
[67140.460823] NVMeVirt: KSC2026: stats part=3 host_pgs=1592367 gc_pgs=3345188 gc_cnt=2030 free_lines=2
[67140.529053] NVMeVirt: Virtual NVMe device closed
