500, 2288576, 1, 0, 0
1000, 2286656, 1, 0, 0
1500, 2286592, 1, 0, 0
2000, 2286912, 1, 0, 0
2500, 2286784, 1, 0, 0
3000, 2286912, 1, 0, 0
3500, 2286784, 1, 0, 0
4000, 2286592, 1, 0, 0
4500, 2286592, 1, 0, 0
5000, 2286784, 1, 0, 0
5500, 2111808, 1, 0, 0
6000, 136192, 1, 0, 0
6500, 134656, 1, 0, 0
7000, 145920, 1, 0, 0
7500, 148224, 1, 0, 0
8000, 161280, 1, 0, 0
8500, 165120, 1, 0, 0
9000, 173915, 1, 0, 0
9500, 190976, 1, 0, 0
10000, 193792, 1, 0, 0
10500, 213504, 1, 0, 0
11000, 223488, 1, 0, 0
11500, 230912, 1, 0, 0
12000, 244992, 1, 0, 0
12500, 235264, 1, 0, 0
13000, 219136, 1, 0, 0
13500, 207104, 1, 0, 0
14000, 217856, 1, 0, 0
14500, 220608, 1, 0, 0
15000, 218944, 1, 0, 0
15500, 232192, 1, 0, 0
16000, 231232, 1, 0, 0
16500, 237248, 1, 0, 0
17000, 243712, 1, 0, 0
17500, 238592, 1, 0, 0
18000, 250368, 1, 0, 0
18500, 254976, 1, 0, 0
19000, 244224, 1, 0, 0
19500, 258816, 1, 0, 0
20000, 260488, 1, 0, 0
20500, 258688, 1, 0, 0
21000, 267264, 1, 0, 0
21500, 271872, 1, 0, 0
22000, 268288, 1, 0, 0
22500, 283904, 1, 0, 0
23000, 286464, 1, 0, 0
23500, 282432, 1, 0, 0
24000, 298432, 1, 0, 0
24500, 302336, 1, 0, 0
25000, 305152, 1, 0, 0
25500, 303168, 1, 0, 0
26000, 314816, 1, 0, 0
26500, 323840, 1, 0, 0
27000, 333568, 1, 0, 0
27500, 339200, 1, 0, 0
28000, 347904, 1, 0, 0
28500, 348800, 1, 0, 0
29000, 364672, 1, 0, 0
29500, 374016, 1, 0, 0
30000, 384768, 1, 0, 0
30500, 401920, 1, 0, 0
31000, 412672, 1, 0, 0
31500, 432896, 1, 0, 0
32000, 459008, 1, 0, 0
32500, 470784, 1, 0, 0
33000, 483584, 1, 0, 0
33500, 505088, 1, 0, 0
34000, 566316, 1, 0, 0
34500, 579392, 1, 0, 0
35000, 640512, 1, 0, 0
35500, 705472, 1, 0, 0
36000, 784704, 1, 0, 0
36500, 892416, 1, 0, 0
37000, 1168000, 1, 0, 0
37500, 1868672, 1, 0, 0
38000, 832256, 1, 0, 0
38500, 130816, 1, 0, 0
39000, 140544, 1, 0, 0
39500, 143360, 1, 0, 0
40000, 157440, 1, 0, 0
40500, 159744, 1, 0, 0
41000, 175104, 1, 0, 0
41500, 179200, 1, 0, 0
42000, 195520, 1, 0, 0
42500, 202560, 1, 0, 0
43000, 218368, 1, 0, 0
43500, 223744, 1, 0, 0
44000, 243456, 1, 0, 0
44500, 240000, 1, 0, 0
45000, 227142, 1, 0, 0
45500, 202496, 1, 0, 0
46000, 215552, 1, 0, 0
46500, 218560, 1, 0, 0
47000, 224320, 1, 0, 0
47500, 236032, 1, 0, 0
48000, 229632, 1, 0, 0
48500, 242176, 1, 0, 0
49000, 241984, 1, 0, 0
49500, 240576, 1, 0, 0
50000, 253696, 1, 0, 0
50500, 246080, 1, 0, 0
51000, 251584, 1, 0, 0
51500, 254464, 1, 0, 0
52000, 253248, 1, 0, 0
52500, 261056, 1, 0, 0
53000, 270848, 1, 0, 0
53500, 271168, 1, 0, 0
54000, 264896, 1, 0, 0
54500, 279040, 1, 0, 0
55000, 284160, 1, 0, 0
55500, 277803, 1, 0, 0
56000, 293632, 1, 0, 0
56500, 301056, 1, 0, 0
57000, 301504, 1, 0, 0
57500, 310848, 1, 0, 0
58000, 316672, 1, 0, 0
58500, 316416, 1, 0, 0
59000, 326144, 1, 0, 0
59500, 323776, 1, 0, 0
60000, 343360, 1, 0, 0
