500, 1614, 1, 0, 0
1000, 1613, 1, 0, 0
1500, 1613, 1, 0, 0
2000, 1608, 1, 0, 0
2500, 1609, 1, 0, 0
3000, 1611, 1, 0, 0
3500, 1616, 1, 0, 0
4000, 1621, 1, 0, 0
4500, 1616, 1, 0, 0
5000, 1609, 1, 0, 0
5518, 1618, 1, 0, 0
6011, 1662, 1, 0, 0
6504, 1841, 1, 0, 0
7015, 1654, 1, 0, 0
7506, 1655, 1, 0, 0
8000, 1675, 1, 0, 0
8510, 1648, 1, 0, 0
9000, 1645, 1, 0, 0
9511, 1645, 1, 0, 0
10000, 1642, 1, 0, 0
10510, 1648, 1, 0, 0
11000, 1646, 1, 0, 0
11507, 1649, 1, 0, 0
12015, 1646, 1, 0, 0
12504, 1650, 1, 0, 0
13013, 1657, 1, 0, 0
13502, 1677, 1, 0, 0
14010, 1661, 1, 0, 0
14500, 1647, 1, 0, 0
15005, 1654, 1, 0, 0
15511, 1652, 1, 0, 0
16000, 1836, 1, 0, 0
16508, 1658, 1, 0, 0
17015, 1652, 1, 0, 0
17502, 1639, 1, 0, 0
18009, 1649, 1, 0, 0
18516, 1644, 1, 0, 0
19005, 1651, 1, 0, 0
19511, 1645, 1, 0, 0
20000, 1645, 1, 0, 0
20503, 1647, 1, 0, 0
21010, 1638, 1, 0, 0
21515, 1640, 1, 0, 0
22001, 1646, 1, 0, 0
22508, 1645, 1, 0, 0
23013, 1644, 1, 0, 0
23500, 1633, 1, 0, 0
24005, 1643, 1, 0, 0
24510, 1637, 1, 0, 0
25015, 1647, 1, 0, 0
25500, 1644, 1, 0, 0
26004, 1637, 1, 0, 0
26509, 1633, 1, 0, 0
27010, 1635, 1, 0, 0
27513, 1635, 1, 0, 0
28000, 1634, 1, 0, 0
28500, 1624, 1, 0, 0
29001, 1633, 1, 0, 0
29502, 1630, 1, 0, 0
30003, 1644, 1, 0, 0
30502, 1630, 1, 0, 0
31000, 1635, 1, 0, 0
31500, 1637, 1, 0, 0
32000, 1646, 1, 0, 0
32512, 1634, 1, 0, 0
33007, 1635, 1, 0, 0
33502, 1636, 1, 0, 0
34000, 1644, 1, 0, 0
34503, 1637, 1, 0, 0
35009, 1633, 1, 0, 0
35500, 1625, 1, 0, 0
36010, 1628, 1, 0, 0
36501, 1622, 1, 0, 0
37000, 1623, 1, 0, 0
37500, 1622, 1, 0, 0
38006, 1609, 1, 0, 0
38500, 1653, 1, 0, 0
39010, 1642, 1, 0, 0
39501, 1632, 1, 0, 0
40013, 1899, 1, 0, 0
40505, 1643, 1, 0, 0
41016, 1829, 1, 0, 0
41508, 1656, 1, 0, 0
42000, 1664, 1, 0, 0
42507, 1646, 1, 0, 0
43000, 1651, 1, 0, 0
43505, 1652, 1, 0, 0
44011, 1660, 1, 0, 0
44500, 1654, 1, 0, 0
45009, 1651, 1, 0, 0
45500, 1722, 1, 0, 0
46010, 1664, 1, 0, 0
46500, 1690, 1, 0, 0
47005, 1653, 1, 0, 0
47512, 1663, 1, 0, 0
48001, 1690, 1, 0, 0
48510, 1634, 1, 0, 0
49000, 1644, 1, 0, 0
49504, 1652, 1, 0, 0
50012, 1630, 1, 0, 0
50500, 1647, 1, 0, 0
51005, 1645, 1, 0, 0
51512, 1647, 1, 0, 0
52000, 1641, 1, 0, 0
52506, 1653, 1, 0, 0
53011, 1653, 1, 0, 0
53500, 1696, 1, 0, 0
54004, 1648, 1, 0, 0
54509, 1633, 1, 0, 0
55016, 1639, 1, 0, 0
55502, 1634, 1, 0, 0
56007, 1642, 1, 0, 0
56513, 1651, 1, 0, 0
57000, 1656, 1, 0, 0
57503, 1645, 1, 0, 0
58007, 1647, 1, 0, 0
58512, 1642, 1, 0, 0
59000, 1644, 1, 0, 0
59500, 1651, 1, 0, 0
60003, 1791, 1, 0, 0
