500, 71518, 1, 0, 0
1000, 71456, 1, 0, 0
1500, 71456, 1, 0, 0
2000, 71466, 1, 0, 0
2500, 71462, 1, 0, 0
3000, 71466, 1, 0, 0
3500, 71462, 1, 0, 0
4000, 71456, 1, 0, 0
4500, 71456, 1, 0, 0
5000, 71462, 1, 0, 0
5500, 65994, 1, 0, 0
6000, 4256, 1, 0, 0
6500, 4208, 1, 0, 0
7000, 4560, 1, 0, 0
7500, 4632, 1, 0, 0
8000, 5040, 1, 0, 0
8500, 5160, 1, 0, 0
9000, 5434, 1, 0, 0
9500, 5968, 1, 0, 0
10000, 6056, 1, 0, 0
10500, 6672, 1, 0, 0
11000, 6984, 1, 0, 0
11500, 7216, 1, 0, 0
12000, 7656, 1, 0, 0
12500, 7352, 1, 0, 0
13000, 6848, 1, 0, 0
13500, 6472, 1, 0, 0
14000, 6808, 1, 0, 0
14500, 6894, 1, 0, 0
15000, 6842, 1, 0, 0
15500, 7256, 1, 0, 0
16000, 7226, 1, 0, 0
16500, 7414, 1, 0, 0
17000, 7616, 1, 0, 0
17500, 7456, 1, 0, 0
18000, 7824, 1, 0, 0
18500, 7968, 1, 0, 0
19000, 7632, 1, 0, 0
19500, 8088, 1, 0, 0
20000, 8140, 1, 0, 0
20500, 8084, 1, 0, 0
21000, 8352, 1, 0, 0
21500, 8496, 1, 0, 0
22000, 8384, 1, 0, 0
22500, 8872, 1, 0, 0
23000, 8952, 1, 0, 0
23500, 8826, 1, 0, 0
24000, 9326, 1, 0, 0
24500, 9448, 1, 0, 0
25000, 9536, 1, 0, 0
25500, 9474, 1, 0, 0
26000, 9838, 1, 0, 0
26500, 10120, 1, 0, 0
27000, 10424, 1, 0, 0
27500, 10600, 1, 0, 0
28000, 10872, 1, 0, 0
28500, 10900, 1, 0, 0
29000, 11396, 1, 0, 0
29500, 11688, 1, 0, 0
30000, 12024, 1, 0, 0
30500, 12560, 1, 0, 0
31000, 12896, 1, 0, 0
31500, 13528, 1, 0, 0
32000, 14344, 1, 0, 0
32500, 14712, 1, 0, 0
33000, 15112, 1, 0, 0
33500, 15784, 1, 0, 0
34000, 17697, 1, 0, 0
34500, 18106, 1, 0, 0
35000, 20016, 1, 0, 0
35500, 22046, 1, 0, 0
36000, 24522, 1, 0, 0
36500, 27888, 1, 0, 0
37000, 36500, 1, 0, 0
37500, 58396, 1, 0, 0
38000, 26008, 1, 0, 0
38500, 4088, 1, 0, 0
39000, 4392, 1, 0, 0
39500, 4480, 1, 0, 0
40000, 4920, 1, 0, 0
40500, 4992, 1, 0, 0
41000, 5472, 1, 0, 0
41500, 5600, 1, 0, 0
42000, 6110, 1, 0, 0
42500, 6330, 1, 0, 0
43000, 6824, 1, 0, 0
43500, 6992, 1, 0, 0
44000, 7608, 1, 0, 0
44500, 7500, 1, 0, 0
45000, 7098, 1, 0, 0
45500, 6328, 1, 0, 0
46000, 6736, 1, 0, 0
46500, 6830, 1, 0, 0
47000, 7010, 1, 0, 0
47500, 7376, 1, 0, 0
48000, 7176, 1, 0, 0
48500, 7568, 1, 0, 0
49000, 7562, 1, 0, 0
49500, 7518, 1, 0, 0
50000, 7928, 1, 0, 0
50500, 7690, 1, 0, 0
51000, 7862, 1, 0, 0
51500, 7952, 1, 0, 0
52000, 7914, 1, 0, 0
52500, 8158, 1, 0, 0
53000, 8464, 1, 0, 0
53500, 8474, 1, 0, 0
54000, 8278, 1, 0, 0
54500, 8720, 1, 0, 0
55000, 8880, 1, 0, 0
55500, 8681, 1, 0, 0
56000, 9176, 1, 0, 0
56500, 9408, 1, 0, 0
57000, 9422, 1, 0, 0
57500, 9714, 1, 0, 0
58000, 9896, 1, 0, 0
58500, 9888, 1, 0, 0
59000, 10192, 1, 0, 0
59500, 10118, 1, 0, 0
60000, 10730, 1, 0, 0
