500, 445651, 1, 0, 0
1000, 445989, 1, 0, 0
1500, 445987, 1, 0, 0
2000, 445990, 1, 0, 0
2500, 445985, 1, 0, 0
3000, 445985, 1, 0, 0
3500, 445980, 1, 0, 0
4000, 445974, 1, 0, 0
4500, 445979, 1, 0, 0
5000, 445978, 1, 0, 0
5518, 482809, 1, 0, 0
6011, 7427996, 1, 0, 0
6504, 7480183, 1, 0, 0
7015, 7171831, 1, 0, 0
7506, 6787175, 1, 0, 0
8000, 6565140, 1, 0, 0
8510, 6051783, 1, 0, 0
9000, 5784298, 1, 0, 0
9511, 5469792, 1, 0, 0
10000, 5171172, 1, 0, 0
10510, 4890375, 1, 0, 0
11000, 4652969, 1, 0, 0
11507, 4335170, 1, 0, 0
12015, 4250898, 1, 0, 0
12504, 4250994, 1, 0, 0
13013, 4755978, 1, 0, 0
13502, 4832949, 1, 0, 0
14010, 4772461, 1, 0, 0
14500, 4729114, 1, 0, 0
15005, 4536916, 1, 0, 0
15511, 4467855, 1, 0, 0
16000, 4417801, 1, 0, 0
16508, 4290423, 1, 0, 0
17015, 4261520, 1, 0, 0
17502, 4185772, 1, 0, 0
18009, 4141169, 1, 0, 0
18516, 4070800, 1, 0, 0
19005, 4098317, 1, 0, 0
19511, 4002190, 1, 0, 0
20000, 3974637, 1, 0, 0
20503, 3856701, 1, 0, 0
21010, 3886156, 1, 0, 0
21515, 3800746, 1, 0, 0
22001, 3710581, 1, 0, 0
22508, 3653694, 1, 0, 0
23013, 3607503, 1, 0, 0
23500, 3528615, 1, 0, 0
24005, 3466381, 1, 0, 0
24510, 3418582, 1, 0, 0
25015, 3388084, 1, 0, 0
25500, 3358482, 1, 0, 0
26004, 3196399, 1, 0, 0
26509, 3193014, 1, 0, 0
27010, 3078476, 1, 0, 0
27513, 3029560, 1, 0, 0
28000, 2972688, 1, 0, 0
28500, 2929317, 1, 0, 0
29001, 2718814, 1, 0, 0
29502, 2743107, 1, 0, 0
30003, 2660053, 1, 0, 0
30502, 2543461, 1, 0, 0
31000, 2475154, 1, 0, 0
31500, 2447778, 1, 0, 0
32000, 2225423, 1, 0, 0
32512, 2151691, 1, 0, 0
33007, 2099169, 1, 0, 0
33502, 2004696, 1, 0, 0
34000, 1850077, 1, 0, 0
34503, 1730944, 1, 0, 0
35009, 1618617, 1, 0, 0
35500, 1459345, 1, 0, 0
36010, 1300925, 1, 0, 0
36501, 1127459, 1, 0, 0
37000, 890484, 1, 0, 0
37500, 546270, 1, 0, 0
38006, 1199870, 1, 0, 0
38500, 7783227, 1, 0, 0
39010, 7380115, 1, 0, 0
39501, 7016682, 1, 0, 0
40013, 6668515, 1, 0, 0
40505, 6300418, 1, 0, 0
41016, 5968994, 1, 0, 0
41508, 5619813, 1, 0, 0
42000, 5412211, 1, 0, 0
42507, 4894147, 1, 0, 0
43000, 4843243, 1, 0, 0
43505, 4404297, 1, 0, 0
44011, 4262385, 1, 0, 0
44500, 4183815, 1, 0, 0
45009, 4575445, 1, 0, 0
45500, 4964525, 1, 0, 0
46010, 4839717, 1, 0, 0
46500, 4761044, 1, 0, 0
47005, 4445145, 1, 0, 0
47512, 4402784, 1, 0, 0
48001, 4357870, 1, 0, 0
48510, 4297051, 1, 0, 0
49000, 4308089, 1, 0, 0
49504, 4132634, 1, 0, 0
50012, 4092535, 1, 0, 0
50500, 4195067, 1, 0, 0
51005, 3983421, 1, 0, 0
51512, 4077986, 1, 0, 0
52000, 4031987, 1, 0, 0
52506, 3882226, 1, 0, 0
53011, 3821443, 1, 0, 0
53500, 3850789, 1, 0, 0
54004, 3732394, 1, 0, 0
54509, 3706353, 1, 0, 0
55016, 3646668, 1, 0, 0
55502, 3587403, 1, 0, 0
56007, 3527713, 1, 0, 0
56513, 3440355, 1, 0, 0
57000, 3413368, 1, 0, 0
57503, 3206148, 1, 0, 0
58007, 3256305, 1, 0, 0
58512, 3265927, 1, 0, 0
59000, 3164371, 1, 0, 0
59500, 3083249, 1, 0, 0
60003, 2975055, 1, 0, 0
60003, 17132456, 1, 0, 0
