500, 569235, 1, 0, 0
1000, 563137, 1, 0, 0
1500, 563887, 1, 0, 0
2000, 559781, 1, 0, 0
2500, 562254, 1, 0, 0
3000, 560288, 1, 0, 0
3500, 606041, 1, 0, 0
4000, 1387355, 1, 0, 0
4500, 1477990, 1, 0, 0
5000, 1530960, 1, 0, 0
5500, 1570915, 1, 0, 0
6004, 1638211, 1, 0, 0
6501, 1708014, 1, 0, 0
7003, 1851117, 1, 0, 0
7500, 1864374, 1, 0, 0
8001, 1910648, 1, 0, 0
8500, 2110011, 1, 0, 0
9000, 2202726, 1, 0, 0
9500, 2288431, 1, 0, 0
10003, 2404754, 1, 0, 0
10500, 2505276, 1, 0, 0
11000, 2455118, 1, 0, 0
11502, 2530088, 1, 0, 0
12002, 2473729, 1, 0, 0
12507, 2639901, 1, 0, 0
13000, 2619415, 1, 0, 0
13502, 2765777, 1, 0, 0
14000, 2943419, 1, 0, 0
14503, 2913159, 1, 0, 0
15002, 2952046, 1, 0, 0
15500, 3044569, 1, 0, 0
16000, 2994165, 1, 0, 0
16502, 2956578, 1, 0, 0
17002, 3298552, 1, 0, 0
17500, 3390353, 1, 0, 0
18004, 3258836, 1, 0, 0
18500, 3478474, 1, 0, 0
19000, 3427860, 1, 0, 0
19501, 3281262, 1, 0, 0
20000, 3563271, 1, 0, 0
20503, 3455709, 1, 0, 0
21000, 3725256, 1, 0, 0
21504, 3689678, 1, 0, 0
22000, 3602134, 1, 0, 0
22500, 3971235, 1, 0, 0
23000, 3820646, 1, 0, 0
23506, 3924269, 1, 0, 0
24000, 3901709, 1, 0, 0
24500, 3960907, 1, 0, 0
25000, 3944792, 1, 0, 0
25500, 3908187, 1, 0, 0
26007, 4034823, 1, 0, 0
26505, 4088412, 1, 0, 0
27004, 4148810, 1, 0, 0
27500, 4192902, 1, 0, 0
28000, 4211953, 1, 0, 0
28500, 4384199, 1, 0, 0
29000, 4342540, 1, 0, 0
29500, 4446877, 1, 0, 0
30002, 4450651, 1, 0, 0
30506, 4535505, 1, 0, 0
31008, 4565765, 1, 0, 0
31501, 4615424, 1, 0, 0
32005, 4677142, 1, 0, 0
32501, 4601680, 1, 0, 0
33007, 4653817, 1, 0, 0
33505, 4778685, 1, 0, 0
34000, 4833467, 1, 0, 0
34508, 4872995, 1, 0, 0
35003, 4918190, 1, 0, 0
35500, 4994492, 1, 0, 0
36007, 4938014, 1, 0, 0
36508, 5010124, 1, 0, 0
37008, 5153406, 1, 0, 0
37505, 5252771, 1, 0, 0
38000, 5152593, 1, 0, 0
38500, 5334982, 1, 0, 0
39000, 5027586, 1, 0, 0
39506, 5409336, 1, 0, 0
40007, 5305169, 1, 0, 0
40500, 5225302, 1, 0, 0
41004, 5368065, 1, 0, 0
41500, 5356693, 1, 0, 0
42004, 5644675, 1, 0, 0
42510, 5551563, 1, 0, 0
43003, 5612854, 1, 0, 0
43504, 5579362, 1, 0, 0
44006, 5571000, 1, 0, 0
44501, 5456663, 1, 0, 0
45004, 5687516, 1, 0, 0
45500, 5730913, 1, 0, 0
46000, 5865783, 1, 0, 0
46501, 5724547, 1, 0, 0
47004, 5848067, 1, 0, 0
47502, 5942207, 1, 0, 0
48007, 6082459, 1, 0, 0
48508, 6105040, 1, 0, 0
49009, 6227593, 1, 0, 0
49502, 6018570, 1, 0, 0
50002, 6238784, 1, 0, 0
50500, 6162150, 1, 0, 0
51006, 6164747, 1, 0, 0
51500, 6248626, 1, 0, 0
52002, 6353438, 1, 0, 0
52508, 6238669, 1, 0, 0
53003, 6173226, 1, 0, 0
53500, 6363085, 1, 0, 0
54001, 6333205, 1, 0, 0
54509, 6256356, 1, 0, 0
55000, 6438726, 1, 0, 0
55508, 6123472, 1, 0, 0
56001, 6424763, 1, 0, 0
56500, 6365572, 1, 0, 0
57004, 6401714, 1, 0, 0
57504, 6385411, 1, 0, 0
58006, 6806186, 1, 0, 0
58500, 6622799, 1, 0, 0
59008, 6426907, 1, 0, 0
59503, 6604024, 1, 0, 0
60009, 6701753, 1, 0, 0
60010, 11657000, 1, 0, 0
