500, 896896, 1, 0, 0
1000, 906752, 1, 0, 0
1500, 905728, 1, 0, 0
2000, 912224, 1, 0, 0
2500, 908384, 1, 0, 0
3000, 911424, 1, 0, 0
3500, 841472, 1, 0, 0
4000, 369376, 1, 0, 0
4500, 343904, 1, 0, 0
5000, 334240, 1, 0, 0
5500, 327520, 1, 0, 0
6000, 311360, 1, 0, 0
6500, 298848, 1, 0, 0
7000, 276768, 1, 0, 0
7500, 275040, 1, 0, 0
8000, 265056, 1, 0, 0
8500, 245024, 1, 0, 0
9000, 231904, 1, 0, 0
9500, 224256, 1, 0, 0
10000, 210752, 1, 0, 0
10500, 206816, 1, 0, 0
11000, 207392, 1, 0, 0
11500, 201106, 1, 0, 0
12000, 206592, 1, 0, 0
12500, 195072, 1, 0, 0
13000, 193024, 1, 0, 0
13500, 185632, 1, 0, 0
14000, 175680, 1, 0, 0
14500, 174592, 1, 0, 0
15000, 173088, 1, 0, 0
15500, 167328, 1, 0, 0
16000, 172832, 1, 0, 0
16500, 171808, 1, 0, 0
17000, 155552, 1, 0, 0
17500, 151616, 1, 0, 0
18000, 156672, 1, 0, 0
18500, 147520, 1, 0, 0
19000, 148416, 1, 0, 0
19500, 155264, 1, 0, 0
20000, 145696, 1, 0, 0
20500, 145920, 1, 0, 0
21000, 139040, 1, 0, 0
21500, 137824, 1, 0, 0
22000, 142688, 1, 0, 0
22500, 126976, 1, 0, 0
23000, 137184, 1, 0, 0
23500, 128896, 1, 0, 0
24000, 131680, 1, 0, 0
24500, 128320, 1, 0, 0
25000, 131078, 1, 0, 0
25500, 130560, 1, 0, 0
26000, 126656, 1, 0, 0
26500, 124384, 1, 0, 0
27000, 123040, 1, 0, 0
27500, 123968, 1, 0, 0
28000, 121216, 1, 0, 0
28500, 117440, 1, 0, 0
29000, 115968, 1, 0, 0
29500, 114560, 1, 0, 0
30000, 114816, 1, 0, 0
30500, 113728, 1, 0, 0
31000, 112544, 1, 0, 0
31500, 109531, 1, 0, 0
32000, 110272, 1, 0, 0
32500, 110560, 1, 0, 0
33000, 111040, 1, 0, 0
33500, 106624, 1, 0, 0
34000, 104896, 1, 0, 0
34500, 106624, 1, 0, 0
35000, 103136, 1, 0, 0
35500, 104128, 1, 0, 0
36000, 103040, 1, 0, 0
36500, 102208, 1, 0, 0
37000, 99232, 1, 0, 0
37500, 97344, 1, 0, 0
38000, 100096, 1, 0, 0
38500, 96256, 1, 0, 0
39000, 99232, 1, 0, 0
39500, 95712, 1, 0, 0
40000, 96768, 1, 0, 0
40500, 96640, 1, 0, 0
41000, 95904, 1, 0, 0
41500, 96512, 1, 0, 0
42000, 89888, 1, 0, 0
42500, 93088, 1, 0, 0
43000, 89856, 1, 0, 0
43500, 92352, 1, 0, 0
44000, 92416, 1, 0, 0
44500, 92320, 1, 0, 0
45000, 90709, 1, 0, 0
45500, 90432, 1, 0, 0
46000, 87328, 1, 0, 0
46500, 87872, 1, 0, 0
47000, 87904, 1, 0, 0
47500, 86144, 1, 0, 0
48000, 85024, 1, 0, 0
48500, 83744, 1, 0, 0
49000, 82272, 1, 0, 0
49500, 84320, 1, 0, 0
50000, 82304, 1, 0, 0
50500, 83808, 1, 0, 0
51000, 82624, 1, 0, 0
51500, 80928, 1, 0, 0
52000, 80576, 1, 0, 0
52500, 82976, 1, 0, 0
53000, 82400, 1, 0, 0
53500, 81312, 1, 0, 0
54000, 79360, 1, 0, 0
54500, 83104, 1, 0, 0
55000, 78464, 1, 0, 0
55500, 84512, 1, 0, 0
56000, 78688, 1, 0, 0
56500, 81792, 1, 0, 0
57000, 79072, 1, 0, 0
57500, 80096, 1, 0, 0
58000, 75648, 1, 0, 0
58500, 76256, 1, 0, 0
59000, 80992, 1, 0, 0
59500, 76736, 1, 0, 0
60000, 77280, 1, 0, 0
