500, 570493, 1, 0, 0
1000, 564385, 1, 0, 0
1500, 565136, 1, 0, 0
2000, 561029, 1, 0, 0
2500, 563501, 1, 0, 0
3000, 561536, 1, 0, 0
3500, 607288, 1, 0, 0
4000, 1388611, 1, 0, 0
4500, 1479250, 1, 0, 0
5000, 1532205, 1, 0, 0
5500, 1572172, 1, 0, 0
6004, 1639469, 1, 0, 0
6501, 1709273, 1, 0, 0
7003, 1852376, 1, 0, 0
7500, 1865636, 1, 0, 0
8001, 1911905, 1, 0, 0
8500, 2111273, 1, 0, 0
9000, 2203985, 1, 0, 0
9500, 2289689, 1, 0, 0
10003, 2406009, 1, 0, 0
10500, 2506532, 1, 0, 0
11000, 2456373, 1, 0, 0
11502, 2531341, 1, 0, 0
12002, 2474983, 1, 0, 0
12507, 2641153, 1, 0, 0
13000, 2620668, 1, 0, 0
13502, 2767033, 1, 0, 0
14000, 2944682, 1, 0, 0
14503, 2914420, 1, 0, 0
15002, 2953309, 1, 0, 0
15500, 3045828, 1, 0, 0
16000, 2995428, 1, 0, 0
16502, 2957837, 1, 0, 0
17002, 3299813, 1, 0, 0
17500, 3391610, 1, 0, 0
18004, 3260092, 1, 0, 0
18500, 3479733, 1, 0, 0
19000, 3429112, 1, 0, 0
19501, 3282514, 1, 0, 0
20000, 3564534, 1, 0, 0
20503, 3456969, 1, 0, 0
21000, 3726520, 1, 0, 0
21504, 3690943, 1, 0, 0
22000, 3603401, 1, 0, 0
22500, 3972501, 1, 0, 0
23000, 3821919, 1, 0, 0
23506, 3925527, 1, 0, 0
24000, 3902973, 1, 0, 0
24500, 3962185, 1, 0, 0
25000, 3949026, 1, 0, 0
25500, 3913629, 1, 0, 0
26007, 4036740, 1, 0, 0
26505, 4090226, 1, 0, 0
27004, 4151059, 1, 0, 0
27500, 4194241, 1, 0, 0
28000, 4213239, 1, 0, 0
28500, 4385464, 1, 0, 0
29000, 4343801, 1, 0, 0
29500, 4448134, 1, 0, 0
30002, 4451912, 1, 0, 0
30506, 4536770, 1, 0, 0
31008, 4567032, 1, 0, 0
31501, 4616685, 1, 0, 0
32005, 4678416, 1, 0, 0
32501, 4602941, 1, 0, 0
33007, 4655084, 1, 0, 0
33505, 4779966, 1, 0, 0
34000, 4834765, 1, 0, 0
34508, 4874267, 1, 0, 0
35003, 4919458, 1, 0, 0
35500, 4995747, 1, 0, 0
36007, 4939275, 1, 0, 0
36508, 5011381, 1, 0, 0
37008, 5154665, 1, 0, 0
37505, 5254031, 1, 0, 0
38000, 5153855, 1, 0, 0
38500, 5336276, 1, 0, 0
39000, 5028859, 1, 0, 0
39506, 5410607, 1, 0, 0
40007, 5306441, 1, 0, 0
40500, 5226569, 1, 0, 0
41004, 5369332, 1, 0, 0
41500, 5357952, 1, 0, 0
42004, 5645963, 1, 0, 0
42510, 5553071, 1, 0, 0
43003, 5614127, 1, 0, 0
43504, 5580632, 1, 0, 0
44006, 5572273, 1, 0, 0
44501, 5457930, 1, 0, 0
45004, 5689076, 1, 0, 0
45500, 5732186, 1, 0, 0
46000, 5867046, 1, 0, 0
46501, 5725816, 1, 0, 0
47004, 5849350, 1, 0, 0
47502, 5943543, 1, 0, 0
48007, 6084227, 1, 0, 0
48508, 6106322, 1, 0, 0
49009, 6228867, 1, 0, 0
49502, 6019838, 1, 0, 0
50002, 6240047, 1, 0, 0
50500, 6163412, 1, 0, 0
51006, 6166014, 1, 0, 0
51500, 6249889, 1, 0, 0
52002, 6354720, 1, 0, 0
52508, 6239937, 1, 0, 0
53003, 6174505, 1, 0, 0
53500, 6364361, 1, 0, 0
54001, 6334486, 1, 0, 0
54509, 6257630, 1, 0, 0
55000, 6439996, 1, 0, 0
55508, 6124735, 1, 0, 0
56001, 6426036, 1, 0, 0
56500, 6366841, 1, 0, 0
57004, 6402985, 1, 0, 0
57504, 6386685, 1, 0, 0
58006, 6807460, 1, 0, 0
58500, 6624066, 1, 0, 0
59008, 6428170, 1, 0, 0
59503, 6605288, 1, 0, 0
60009, 6703020, 1, 0, 0
60010, 11658275, 1, 0, 0
