500, 56060, 1, 0, 0
1000, 56672, 1, 0, 0
1500, 56608, 1, 0, 0
2000, 57014, 1, 0, 0
2500, 56774, 1, 0, 0
3000, 56964, 1, 0, 0
3500, 52592, 1, 0, 0
4000, 23086, 1, 0, 0
4500, 21494, 1, 0, 0
5000, 20890, 1, 0, 0
5500, 20470, 1, 0, 0
6000, 19460, 1, 0, 0
6500, 18678, 1, 0, 0
7000, 17298, 1, 0, 0
7500, 17190, 1, 0, 0
8000, 16566, 1, 0, 0
8500, 15314, 1, 0, 0
9000, 14494, 1, 0, 0
9500, 14016, 1, 0, 0
10000, 13172, 1, 0, 0
10500, 12926, 1, 0, 0
11000, 12962, 1, 0, 0
11500, 12569, 1, 0, 0
12000, 12912, 1, 0, 0
12500, 12192, 1, 0, 0
13000, 12064, 1, 0, 0
13500, 11602, 1, 0, 0
14000, 10980, 1, 0, 0
14500, 10912, 1, 0, 0
15000, 10818, 1, 0, 0
15500, 10458, 1, 0, 0
16000, 10802, 1, 0, 0
16500, 10738, 1, 0, 0
17000, 9722, 1, 0, 0
17500, 9476, 1, 0, 0
18000, 9792, 1, 0, 0
18500, 9220, 1, 0, 0
19000, 9276, 1, 0, 0
19500, 9704, 1, 0, 0
20000, 9106, 1, 0, 0
20500, 9120, 1, 0, 0
21000, 8690, 1, 0, 0
21500, 8614, 1, 0, 0
22000, 8918, 1, 0, 0
22500, 7936, 1, 0, 0
23000, 8574, 1, 0, 0
23500, 8056, 1, 0, 0
24000, 8230, 1, 0, 0
24500, 8020, 1, 0, 0
25000, 8192, 1, 0, 0
25500, 8160, 1, 0, 0
26000, 7916, 1, 0, 0
26500, 7774, 1, 0, 0
27000, 7690, 1, 0, 0
27500, 7748, 1, 0, 0
28000, 7576, 1, 0, 0
28500, 7340, 1, 0, 0
29000, 7248, 1, 0, 0
29500, 7160, 1, 0, 0
30000, 7176, 1, 0, 0
30500, 7108, 1, 0, 0
31000, 7034, 1, 0, 0
31500, 6845, 1, 0, 0
32000, 6892, 1, 0, 0
32500, 6910, 1, 0, 0
33000, 6940, 1, 0, 0
33500, 6664, 1, 0, 0
34000, 6556, 1, 0, 0
34500, 6664, 1, 0, 0
35000, 6446, 1, 0, 0
35500, 6508, 1, 0, 0
36000, 6440, 1, 0, 0
36500, 6388, 1, 0, 0
37000, 6202, 1, 0, 0
37500, 6084, 1, 0, 0
38000, 6258, 1, 0, 0
38500, 6016, 1, 0, 0
39000, 6202, 1, 0, 0
39500, 5982, 1, 0, 0
40000, 6048, 1, 0, 0
40500, 6040, 1, 0, 0
41000, 5994, 1, 0, 0
41500, 6032, 1, 0, 0
42000, 5618, 1, 0, 0
42500, 5818, 1, 0, 0
43000, 5616, 1, 0, 0
43500, 5772, 1, 0, 0
44000, 5776, 1, 0, 0
44500, 5770, 1, 0, 0
45000, 5669, 1, 0, 0
45500, 5652, 1, 0, 0
46000, 5458, 1, 0, 0
46500, 5492, 1, 0, 0
47000, 5494, 1, 0, 0
47500, 5384, 1, 0, 0
48000, 5314, 1, 0, 0
48500, 5234, 1, 0, 0
49000, 5142, 1, 0, 0
49500, 5270, 1, 0, 0
50000, 5144, 1, 0, 0
50500, 5238, 1, 0, 0
51000, 5164, 1, 0, 0
51500, 5058, 1, 0, 0
52000, 5036, 1, 0, 0
52500, 5186, 1, 0, 0
53000, 5150, 1, 0, 0
53500, 5082, 1, 0, 0
54000, 4960, 1, 0, 0
54500, 5194, 1, 0, 0
55000, 4904, 1, 0, 0
55500, 5282, 1, 0, 0
56000, 4918, 1, 0, 0
56500, 5112, 1, 0, 0
57000, 4942, 1, 0, 0
57500, 5006, 1, 0, 0
58000, 4728, 1, 0, 0
58500, 4766, 1, 0, 0
59000, 5062, 1, 0, 0
59500, 4796, 1, 0, 0
60000, 4830, 1, 0, 0
