500, 891641, 1, 0, 0
1000, 892841, 1, 0, 0
1500, 892842, 1, 0, 0
2000, 892816, 1, 0, 0
2500, 892830, 1, 0, 0
3000, 892828, 1, 0, 0
3500, 892839, 1, 0, 0
4000, 894704, 1, 0, 0
4500, 892858, 1, 0, 0
5000, 892866, 1, 0, 0
5500, 964666, 1, 0, 0
6009, 13853996, 1, 0, 0
6500, 14232870, 1, 0, 0
7009, 13556492, 1, 0, 0
7501, 13243031, 1, 0, 0
8013, 12541014, 1, 0, 0
8502, 11830984, 1, 0, 0
9011, 11083201, 1, 0, 0
9500, 10652089, 1, 0, 0
10006, 9998683, 1, 0, 0
10514, 9598996, 1, 0, 0
11001, 9007360, 1, 0, 0
11506, 8628443, 1, 0, 0
12013, 8552683, 1, 0, 0
12500, 8558388, 1, 0, 0
13006, 9430431, 1, 0, 0
13513, 9556728, 1, 0, 0
14000, 9484057, 1, 0, 0
14505, 9177960, 1, 0, 0
15008, 8974976, 1, 0, 0
15514, 8938730, 1, 0, 0
16001, 8746645, 1, 0, 0
16505, 8542687, 1, 0, 0
17011, 8457940, 1, 0, 0
17516, 8470980, 1, 0, 0
18001, 8266249, 1, 0, 0
18506, 8143307, 1, 0, 0
19012, 7972563, 1, 0, 0
19516, 7777976, 1, 0, 0
20000, 7653325, 1, 0, 0
20504, 7511546, 1, 0, 0
21007, 7487071, 1, 0, 0
21511, 7501477, 1, 0, 0
22015, 7454952, 1, 0, 0
22500, 7247702, 1, 0, 0
23001, 7035913, 1, 0, 0
23504, 7029105, 1, 0, 0
24005, 6870619, 1, 0, 0
24507, 6763465, 1, 0, 0
25010, 6521798, 1, 0, 0
25511, 6440296, 1, 0, 0
26012, 6490436, 1, 0, 0
26512, 6267428, 1, 0, 0
27013, 6145926, 1, 0, 0
27511, 5890795, 1, 0, 0
28008, 5647038, 1, 0, 0
28506, 5572092, 1, 0, 0
29004, 5385093, 1, 0, 0
29500, 5210179, 1, 0, 0
30000, 5105322, 1, 0, 0
30511, 4974244, 1, 0, 0
31005, 4790555, 1, 0, 0
31500, 4735192, 1, 0, 0
32008, 4257567, 1, 0, 0
32500, 4282799, 1, 0, 0
33006, 3876798, 1, 0, 0
33513, 3778645, 1, 0, 0
34000, 3471839, 1, 0, 0
34500, 3242017, 1, 0, 0
35000, 2916268, 1, 0, 0
35502, 2605351, 1, 0, 0
36001, 2269841, 1, 0, 0
36500, 1814699, 1, 0, 0
37000, 1132436, 1, 0, 0
37513, 1881830, 1, 0, 0
38005, 14363005, 1, 0, 0
38516, 14019537, 1, 0, 0
39007, 13284960, 1, 0, 0
39516, 12752153, 1, 0, 0
40007, 12127750, 1, 0, 0
40516, 11455768, 1, 0, 0
41005, 10947748, 1, 0, 0
41511, 10305340, 1, 0, 0
42000, 9907194, 1, 0, 0
42504, 9232829, 1, 0, 0
43010, 9025627, 1, 0, 0
43516, 8741406, 1, 0, 0
44005, 8645558, 1, 0, 0
44512, 8972015, 1, 0, 0
45000, 9480275, 1, 0, 0
45507, 9625061, 1, 0, 0
46013, 9431503, 1, 0, 0
46500, 9157556, 1, 0, 0
47005, 8963823, 1, 0, 0
47510, 8672029, 1, 0, 0
48014, 8528611, 1, 0, 0
48501, 8307356, 1, 0, 0
49005, 8258855, 1, 0, 0
49510, 8199357, 1, 0, 0
50016, 8143834, 1, 0, 0
50500, 8104555, 1, 0, 0
51005, 7998541, 1, 0, 0
51509, 7888002, 1, 0, 0
52014, 7649935, 1, 0, 0
52500, 7480059, 1, 0, 0
53001, 7455052, 1, 0, 0
53504, 7438189, 1, 0, 0
54008, 7396180, 1, 0, 0
54511, 7173318, 1, 0, 0
55013, 7041306, 1, 0, 0
55516, 6875314, 1, 0, 0
56000, 6960077, 1, 0, 0
56502, 6748063, 1, 0, 0
57005, 6612475, 1, 0, 0
57506, 6446479, 1, 0, 0
58006, 6208068, 1, 0, 0
58508, 6164959, 1, 0, 0
59008, 5956537, 1, 0, 0
59507, 5862708, 1, 0, 0
60007, 5737580, 1, 0, 0
60008, 17234929, 1, 0, 0
