500, 894235, 1, 0, 0
1000, 895441, 1, 0, 0
1500, 895439, 1, 0, 0
2000, 895431, 1, 0, 0
2500, 895436, 1, 0, 0
3000, 895436, 1, 0, 0
3500, 895437, 1, 0, 0
4000, 897449, 1, 0, 0
4500, 895436, 1, 0, 0
5000, 895430, 1, 0, 0
5500, 967234, 1, 0, 0
6009, 13856607, 1, 0, 0
6500, 14235494, 1, 0, 0
7009, 13559182, 1, 0, 0
7501, 13245672, 1, 0, 0
8013, 12543642, 1, 0, 0
8502, 11833596, 1, 0, 0
9011, 11085810, 1, 0, 0
9500, 10654724, 1, 0, 0
10006, 10001300, 1, 0, 0
10514, 9601622, 1, 0, 0
11001, 9009982, 1, 0, 0
11506, 8631058, 1, 0, 0
12013, 8555265, 1, 0, 0
12500, 8560990, 1, 0, 0
13006, 9433044, 1, 0, 0
13513, 9559350, 1, 0, 0
14000, 9486694, 1, 0, 0
14505, 9180586, 1, 0, 0
15008, 8977616, 1, 0, 0
15514, 8941343, 1, 0, 0
16001, 8749299, 1, 0, 0
16505, 8545341, 1, 0, 0
17011, 8460570, 1, 0, 0
17516, 8473611, 1, 0, 0
18001, 8268880, 1, 0, 0
18506, 8145910, 1, 0, 0
19012, 7975169, 1, 0, 0
19516, 7780567, 1, 0, 0
20000, 7655933, 1, 0, 0
20504, 7514404, 1, 0, 0
21007, 7489723, 1, 0, 0
21511, 7504076, 1, 0, 0
22015, 7457546, 1, 0, 0
22500, 7250347, 1, 0, 0
23001, 7038555, 1, 0, 0
23504, 7031752, 1, 0, 0
24005, 6873254, 1, 0, 0
24507, 6766089, 1, 0, 0
25010, 6524446, 1, 0, 0
25511, 6442935, 1, 0, 0
26012, 6493167, 1, 0, 0
26512, 6270070, 1, 0, 0
27013, 6148549, 1, 0, 0
27511, 5893444, 1, 0, 0
28008, 5649651, 1, 0, 0
28506, 5574690, 1, 0, 0
29004, 5387705, 1, 0, 0
29500, 5212800, 1, 0, 0
30000, 5107946, 1, 0, 0
30511, 4976854, 1, 0, 0
31005, 4793199, 1, 0, 0
31500, 4737851, 1, 0, 0
32008, 4260215, 1, 0, 0
32500, 4285432, 1, 0, 0
33006, 3879402, 1, 0, 0
33513, 3781264, 1, 0, 0
34000, 3474450, 1, 0, 0
34500, 3244643, 1, 0, 0
35000, 2918886, 1, 0, 0
35502, 2607952, 1, 0, 0
36001, 2272469, 1, 0, 0
36500, 1817285, 1, 0, 0
37000, 1135052, 1, 0, 0
37513, 1884413, 1, 0, 0
38005, 14365646, 1, 0, 0
38516, 14022147, 1, 0, 0
39007, 13287591, 1, 0, 0
39516, 12754753, 1, 0, 0
40007, 12130392, 1, 0, 0
40516, 11458383, 1, 0, 0
41005, 10950388, 1, 0, 0
41511, 10308022, 1, 0, 0
42000, 9910067, 1, 0, 0
42504, 9235425, 1, 0, 0
43010, 9028262, 1, 0, 0
43516, 8744009, 1, 0, 0
44005, 8650416, 1, 0, 0
44512, 8974940, 1, 0, 0
45000, 9482936, 1, 0, 0
45507, 9627720, 1, 0, 0
46013, 9434160, 1, 0, 0
46500, 9160200, 1, 0, 0
47005, 8966456, 1, 0, 0
47510, 8674695, 1, 0, 0
48014, 8531244, 1, 0, 0
48501, 8309972, 1, 0, 0
49005, 8261504, 1, 0, 0
49510, 8202016, 1, 0, 0
50016, 8146475, 1, 0, 0
50500, 8107195, 1, 0, 0
51005, 8001186, 1, 0, 0
51509, 7890646, 1, 0, 0
52014, 7652575, 1, 0, 0
52500, 7482677, 1, 0, 0
53001, 7457663, 1, 0, 0
53504, 7440790, 1, 0, 0
54008, 7398792, 1, 0, 0
54511, 7175935, 1, 0, 0
55013, 7043921, 1, 0, 0
55516, 6877920, 1, 0, 0
56000, 6962712, 1, 0, 0
56502, 6750674, 1, 0, 0
57005, 6615106, 1, 0, 0
57506, 6449114, 1, 0, 0
58006, 6210717, 1, 0, 0
58508, 6167623, 1, 0, 0
59008, 5959169, 1, 0, 0
59507, 5865335, 1, 0, 0
60007, 5740209, 1, 0, 0
60008, 17237588, 1, 0, 0
