500, 2290688, 1, 0, 0
1000, 2286976, 1, 0, 0
1500, 2286976, 1, 0, 0
2000, 2286848, 1, 0, 0
2500, 2286685, 1, 0, 0
3000, 2286848, 1, 0, 0
3500, 2286720, 1, 0, 0
4000, 2281856, 1, 0, 0
4500, 2286848, 1, 0, 0
5000, 2286720, 1, 0, 0
5500, 2115072, 1, 0, 0
6000, 145408, 1, 0, 0
6500, 141312, 1, 0, 0
7000, 153856, 1, 0, 0
7500, 151808, 1, 0, 0
8000, 167424, 1, 0, 0
8500, 169472, 1, 0, 0
9000, 187904, 1, 0, 0
9500, 196352, 1, 0, 0
10000, 198656, 1, 0, 0
10500, 216576, 1, 0, 0
11000, 221440, 1, 0, 0
11500, 239872, 1, 0, 0
12000, 242688, 1, 0, 0
12500, 233088, 1, 0, 0
13000, 219520, 1, 0, 0
13500, 217088, 1, 0, 0
14001, 217472, 1, 0, 0
14500, 218420, 1, 0, 0
15000, 229376, 1, 0, 0
15500, 231936, 1, 0, 0
16000, 228096, 1, 0, 0
16500, 241920, 1, 0, 0
17000, 244480, 1, 0, 0
17500, 244224, 1, 0, 0
18000, 240384, 1, 0, 0
18500, 253952, 1, 0, 0
19000, 259584, 1, 0, 0
19500, 265216, 1, 0, 0
20000, 260736, 1, 0, 0
20500, 273024, 1, 0, 0
21000, 275456, 1, 0, 0
21500, 274688, 1, 0, 0
22000, 277504, 1, 0, 0
22500, 279296, 1, 0, 0
23000, 285696, 1, 0, 0
23500, 293120, 1, 0, 0
24000, 299008, 1, 0, 0
24500, 303616, 1, 0, 0
25000, 315392, 1, 0, 0
25500, 319615, 1, 0, 0
26000, 316160, 1, 0, 0
26500, 326912, 1, 0, 0
27000, 333056, 1, 0, 0
27500, 346880, 1, 0, 0
28000, 360448, 1, 0, 0
28500, 365568, 1, 0, 0
29000, 378368, 1, 0, 0
29500, 391424, 1, 0, 0
30000, 413184, 1, 0, 0
30500, 406528, 1, 0, 0
31000, 422656, 1, 0, 0
31500, 441984, 1, 0, 0
32000, 473472, 1, 0, 0
32500, 486272, 1, 0, 0
33000, 516992, 1, 0, 0
33500, 549632, 1, 0, 0
34000, 593152, 1, 0, 0
34500, 631424, 1, 0, 0
35000, 699520, 1, 0, 0
35500, 771847, 1, 0, 0
36000, 901376, 1, 0, 0
36500, 1145600, 1, 0, 0
37000, 1804288, 1, 0, 0
37500, 1078272, 1, 0, 0
38000, 140032, 1, 0, 0
38500, 149248, 1, 0, 0
39000, 151296, 1, 0, 0
39500, 163840, 1, 0, 0
40000, 165632, 1, 0, 0
40500, 182016, 1, 0, 0
41000, 183040, 1, 0, 0
41500, 200960, 1, 0, 0
42000, 210688, 1, 0, 0
42500, 214528, 1, 0, 0
43000, 229888, 1, 0, 0
43500, 236800, 1, 0, 0
44000, 231680, 1, 0, 0
44500, 231424, 1, 0, 0
45000, 211456, 1, 0, 0
45500, 215214, 1, 0, 0
46000, 219648, 1, 0, 0
46500, 217856, 1, 0, 0
47000, 230912, 1, 0, 0
47500, 238080, 1, 0, 0
48000, 242432, 1, 0, 0
48500, 239616, 1, 0, 0
49000, 250112, 1, 0, 0
49500, 252160, 1, 0, 0
50000, 254208, 1, 0, 0
50500, 245120, 1, 0, 0
51000, 257920, 1, 0, 0
51500, 261632, 1, 0, 0
52000, 270336, 1, 0, 0
52500, 276992, 1, 0, 0
53000, 264192, 1, 0, 0
53500, 276736, 1, 0, 0
54000, 279296, 1, 0, 0
54500, 287232, 1, 0, 0
55000, 292424, 1, 0, 0
55500, 299264, 1, 0, 0
56000, 291072, 1, 0, 0
56500, 298496, 1, 0, 0
57000, 311296, 1, 0, 0
57500, 318720, 1, 0, 0
58000, 329728, 1, 0, 0
58500, 333312, 1, 0, 0
59000, 343808, 1, 0, 0
59500, 348416, 1, 0, 0
60000, 356352, 1, 0, 0
