500, 2594, 1, 0, 0
1000, 2600, 1, 0, 0
1500, 2598, 1, 0, 0
2000, 2615, 1, 0, 0
2500, 2606, 1, 0, 0
3000, 2608, 1, 0, 0
3500, 2597, 1, 0, 0
4000, 2744, 1, 0, 0
4500, 2578, 1, 0, 0
5000, 2564, 1, 0, 0
5500, 2568, 1, 0, 0
6009, 2615, 1, 0, 0
6500, 2620, 1, 0, 0
7009, 2697, 1, 0, 0
7501, 2636, 1, 0, 0
8013, 2629, 1, 0, 0
8502, 2609, 1, 0, 0
9011, 2608, 1, 0, 0
9500, 2635, 1, 0, 0
10006, 2615, 1, 0, 0
10514, 2627, 1, 0, 0
11001, 2623, 1, 0, 0
11506, 2615, 1, 0, 0
12013, 2582, 1, 0, 0
12500, 2603, 1, 0, 0
13006, 2612, 1, 0, 0
13513, 2622, 1, 0, 0
14000, 2638, 1, 0, 0
14505, 2622, 1, 0, 0
15008, 2642, 1, 0, 0
15514, 2612, 1, 0, 0
16001, 2653, 1, 0, 0
16505, 2655, 1, 0, 0
17011, 2631, 1, 0, 0
17516, 2632, 1, 0, 0
18001, 2631, 1, 0, 0
18506, 2604, 1, 0, 0
19012, 2605, 1, 0, 0
19516, 2591, 1, 0, 0
20000, 2605, 1, 0, 0
20504, 2878, 1, 0, 0
21007, 2633, 1, 0, 0
21511, 2601, 1, 0, 0
22015, 2593, 1, 0, 0
22500, 2645, 1, 0, 0
23001, 2642, 1, 0, 0
23504, 2648, 1, 0, 0
24005, 2635, 1, 0, 0
24507, 2625, 1, 0, 0
25010, 2645, 1, 0, 0
25511, 2639, 1, 0, 0
26012, 2734, 1, 0, 0
26512, 2641, 1, 0, 0
27013, 2624, 1, 0, 0
27511, 2649, 1, 0, 0
28008, 2612, 1, 0, 0
28506, 2598, 1, 0, 0
29004, 2611, 1, 0, 0
29500, 2621, 1, 0, 0
30000, 2624, 1, 0, 0
30511, 2610, 1, 0, 0
31005, 2645, 1, 0, 0
31500, 2659, 1, 0, 0
32008, 2648, 1, 0, 0
32500, 2632, 1, 0, 0
33006, 2605, 1, 0, 0
33513, 2620, 1, 0, 0
34000, 2610, 1, 0, 0
34500, 2626, 1, 0, 0
35000, 2618, 1, 0, 0
35502, 2601, 1, 0, 0
36001, 2628, 1, 0, 0
36500, 2587, 1, 0, 0
37000, 2616, 1, 0, 0
37513, 2583, 1, 0, 0
38005, 2640, 1, 0, 0
38516, 2610, 1, 0, 0
39007, 2633, 1, 0, 0
39516, 2598, 1, 0, 0
40007, 2640, 1, 0, 0
40516, 2615, 1, 0, 0
41005, 2640, 1, 0, 0
41511, 2717, 1, 0, 0
42000, 2843, 1, 0, 0
42504, 2594, 1, 0, 0
43010, 2633, 1, 0, 0
43516, 2604, 1, 0, 0
44005, 4882, 1, 0, 0
44512, 2901, 1, 0, 0
45000, 2662, 1, 0, 0
45507, 2658, 1, 0, 0
46013, 2657, 1, 0, 0
46500, 2645, 1, 0, 0
47005, 2631, 1, 0, 0
47510, 2669, 1, 0, 0
48014, 2631, 1, 0, 0
48501, 2617, 1, 0, 0
49005, 2648, 1, 0, 0
49510, 2660, 1, 0, 0
50016, 2639, 1, 0, 0
50500, 2643, 1, 0, 0
51005, 2645, 1, 0, 0
51509, 2642, 1, 0, 0
52014, 2638, 1, 0, 0
52500, 2619, 1, 0, 0
53001, 2610, 1, 0, 0
53504, 2600, 1, 0, 0
54008, 2613, 1, 0, 0
54511, 2617, 1, 0, 0
55013, 2616, 1, 0, 0
55516, 2605, 1, 0, 0
56000, 2634, 1, 0, 0
56502, 2613, 1, 0, 0
57005, 2632, 1, 0, 0
57506, 2635, 1, 0, 0
58006, 2649, 1, 0, 0
58508, 2663, 1, 0, 0
59008, 2633, 1, 0, 0
59507, 2625, 1, 0, 0
60008, 2630, 1, 0, 0
