[61379.336675] KSC2026-MARK map4k_bs64k_r1 insmod 1791437141694502465
[61379.357158] NVMeVirt: Version 1.10 for >> Samsung 970 Pro SSD <<
[61379.357176] NVMeVirt: Storage: 0x300100000-0x600000000 (12287 MiB)
[61379.370014] NVMeVirt: Total Capacity(GiB,MiB)=3,3072 chs=2 luns=4 lines=384 blk-size(MiB,KiB)=2,2048 line-size(MiB,KiB)=8,8192
[61379.370019] NVMeVirt: KSC2026: mapping unit=4096 B, flash page=32768 B, oneshot page=32768 B, pgs_per_blk=512, blks_per_pl=384, write buffer=1048576 B
[61379.378522] NVMeVirt: [chmodel_init] bandwidth 800 max_credits 26 tx_time 152
[61379.385338] NVMeVirt: [chmodel_init] bandwidth 800 max_credits 26 tx_time 152
[61379.385350] NVMeVirt: [chmodel_init] bandwidth 3360 max_credits 110 tx_time 36
[61379.386756] NVMeVirt: pqueue: Copyright (c) 2014, Volkan Yazıcı <volkan.yazici@gmail.com>. All rights reserved.
[61379.386758] NVMeVirt: Init FTL instance with 2 channels (786432 pages)
[61379.393526] NVMeVirt: [chmodel_init] bandwidth 800 max_credits 26 tx_time 152
[61379.400339] NVMeVirt: [chmodel_init] bandwidth 800 max_credits 26 tx_time 152
[61379.400351] NVMeVirt: [chmodel_init] bandwidth 3360 max_credits 110 tx_time 36
[61379.401727] NVMeVirt: Init FTL instance with 2 channels (786432 pages)
[61379.408499] NVMeVirt: [chmodel_init] bandwidth 800 max_credits 26 tx_time 152
[61379.415206] NVMeVirt: [chmodel_init] bandwidth 800 max_credits 26 tx_time 152
[61379.415217] NVMeVirt: [chmodel_init] bandwidth 3360 max_credits 110 tx_time 36
[61379.416609] NVMeVirt: Init FTL instance with 2 channels (786432 pages)
[61379.423296] NVMeVirt: [chmodel_init] bandwidth 800 max_credits 26 tx_time 152
[61379.429993] NVMeVirt: [chmodel_init] bandwidth 800 max_credits 26 tx_time 152
[61379.430003] NVMeVirt: [chmodel_init] bandwidth 3360 max_credits 110 tx_time 36
[61379.431430] NVMeVirt: Init FTL instance with 2 channels (786432 pages)
[61379.431435] NVMeVirt: FTL physical space: 12883853312, logical space: 12040984403 (physical/logical * 100 = 107)
[61379.431436] NVMeVirt: KSC2026: WBUF_FIX=0 GC_STATS=1
[61379.431437] NVMeVirt: ns 0/1: size 11483 MiB
[61379.431474] PCI host bridge to bus 0001:10
[61379.431476] pci_bus 0001:10: root bus resource [io  0x0000-0xffff]
[61379.431477] pci_bus 0001:10: root bus resource [mem 0x00000000-0x3fffffffffff]
[61379.431479] pci_bus 0001:10: root bus resource [bus 00-ff]
[61379.431484] pci 0001:10:00.0: [0c51:0110] type 00 class 0x010802 PCIe Endpoint
[61379.431487] pci 0001:10:00.0: BAR 0 [mem 0x300000000-0x300003fff 64bit]
[61379.431488] pci 0001:10:00.0: enabling Extended Tags
[61379.431634] NVMeVirt: Virtual PCI bus created (node 0)
[61379.431870] NVMeVirt: nvmev_io_worker_0 started on cpu 4 (node 0)
[61379.432063] NVMeVirt: nvmev_io_worker_1 started on cpu 5 (node 0)
[61379.432075] NVMeVirt: nvmev_dispatcher started on cpu 3 (node 0)
[61379.432148] nvme nvme1: pci function 0001:10:00.0
[61379.435582] nvme nvme1: 1/0/0 default/read/poll queues
[61379.437512] NVMeVirt: Virtual NVMe device created
[61385.463533] KSC2026-MARK map4k_bs64k_r1 fio-start 1791437147834664992
[61391.161337] NVMeVirt: KSC2026: first GC part=0 victim line=103 vpc=1876 ipc=172 free_lines=2 host_pgs=778240
[61391.161405] NVMeVirt: KSC2026: first GC part=1 victim line=103 vpc=1876 ipc=172 free_lines=2 host_pgs=778240
[61391.161464] NVMeVirt: KSC2026: first GC part=2 victim line=103 vpc=1876 ipc=172 free_lines=2 host_pgs=778240
[61391.161525] NVMeVirt: KSC2026: first GC part=3 victim line=103 vpc=1876 ipc=172 free_lines=2 host_pgs=778240
[61445.762671] KSC2026-MARK map4k_bs64k_r1 fio-end
[61445.766574] KSC2026-MARK map4k_bs64k_r1 rmmod 1791437208139312383
[61445.836138] pci_bus 0001:10: busn_res: [bus 10-ff] is released
[61445.836390] NVMeVirt: KSC2026: stats part=0 host_pgs=1867904 gc_pgs=4720288 gc_cnt=2836 free_lines=2
[61445.836391] NVMeVirt: KSC2026: stats part=1 host_pgs=1867904 gc_pgs=4720288 gc_cnt=2836 free_lines=2
[61445.836392] NVMeVirt: KSC2026: stats part=2 host_pgs=1867904 gc_pgs=4720288 gc_cnt=2836 free_lines=2
[61445.836393] NVMeVirt: KSC2026: stats part=3 host_pgs=1867904 gc_pgs=4720288 gc_cnt=2836 free_lines=2
[61445.902774] NVMeVirt: Virtual NVMe device closed
