500, 1117888, 1, 0, 0
1000, 1114920, 1, 0, 0
1500, 1119256, 1, 0, 0
2000, 1116400, 1, 0, 0
2500, 1119160, 1, 0, 0
3000, 1118568, 1, 0, 0
3500, 1114976, 1, 0, 0
4000, 1119360, 1, 0, 0
4500, 1119624, 1, 0, 0
5000, 1115632, 1, 0, 0
5500, 1122176, 1, 0, 0
6000, 469312, 1, 0, 0
6500, 295904, 1, 0, 0
7001, 300256, 1, 0, 0
7500, 297034, 1, 0, 0
8000, 314832, 1, 0, 0
8500, 246496, 1, 0, 0
9000, 301504, 1, 0, 0
9500, 303744, 1, 0, 0
10000, 269472, 1, 0, 0
10500, 221504, 1, 0, 0
11000, 220608, 1, 0, 0
11500, 227392, 1, 0, 0
12000, 211680, 1, 0, 0
12500, 215328, 1, 0, 0
13000, 196256, 1, 0, 0
13500, 178816, 1, 0, 0
14000, 211776, 1, 0, 0
14500, 198528, 1, 0, 0
15000, 196672, 1, 0, 0
15500, 189856, 1, 0, 0
16000, 180160, 1, 0, 0
16500, 173024, 1, 0, 0
17000, 169152, 1, 0, 0
17500, 164960, 1, 0, 0
18000, 155648, 1, 0, 0
18500, 157755, 1, 0, 0
19000, 149128, 1, 0, 0
19500, 147232, 1, 0, 0
20000, 144064, 1, 0, 0
20500, 140768, 1, 0, 0
21000, 135296, 1, 0, 0
21500, 135904, 1, 0, 0
22000, 129536, 1, 0, 0
22500, 146016, 1, 0, 0
23000, 123200, 1, 0, 0
23500, 127840, 1, 0, 0
24000, 120288, 1, 0, 0
24500, 126560, 1, 0, 0
25000, 115744, 1, 0, 0
25500, 139520, 1, 0, 0
26000, 114592, 1, 0, 0
26500, 115368, 1, 0, 0
27000, 113152, 1, 0, 0
27500, 109768, 1, 0, 0
28000, 118240, 1, 0, 0
28500, 119648, 1, 0, 0
29000, 102496, 1, 0, 0
29500, 122597, 1, 0, 0
30000, 120304, 1, 0, 0
30500, 99616, 1, 0, 0
31000, 117288, 1, 0, 0
31500, 116968, 1, 0, 0
32000, 96544, 1, 0, 0
32500, 99048, 1, 0, 0
33000, 107360, 1, 0, 0
33500, 112552, 1, 0, 0
34000, 104608, 1, 0, 0
34500, 101152, 1, 0, 0
35000, 113504, 1, 0, 0
35500, 95032, 1, 0, 0
36000, 95152, 1, 0, 0
36500, 104848, 1, 0, 0
37000, 87224, 1, 0, 0
37500, 99168, 1, 0, 0
38000, 95760, 1, 0, 0
38500, 87864, 1, 0, 0
39000, 85176, 1, 0, 0
39500, 85664, 1, 0, 0
40000, 91944, 1, 0, 0
40500, 82840, 1, 0, 0
41000, 84072, 1, 0, 0
41500, 88168, 1, 0, 0
42000, 81026, 1, 0, 0
42500, 84224, 1, 0, 0
43000, 85056, 1, 0, 0
43500, 79232, 1, 0, 0
44000, 74560, 1, 0, 0
44500, 81952, 1, 0, 0
45000, 81920, 1, 0, 0
45500, 75584, 1, 0, 0
46000, 89544, 1, 0, 0
46500, 84064, 1, 0, 0
47000, 83648, 1, 0, 0
47500, 83968, 1, 0, 0
48000, 88976, 1, 0, 0
48500, 86344, 1, 0, 0
49000, 81216, 1, 0, 0
49500, 82400, 1, 0, 0
50000, 82912, 1, 0, 0
50500, 82944, 1, 0, 0
51000, 92992, 1, 0, 0
51500, 88736, 1, 0, 0
52000, 82496, 1, 0, 0
52500, 87360, 1, 0, 0
53000, 74016, 1, 0, 0
53500, 85088, 1, 0, 0
54000, 79392, 1, 0, 0
54500, 88288, 1, 0, 0
55000, 86148, 1, 0, 0
55500, 83784, 1, 0, 0
56000, 91552, 1, 0, 0
56500, 80192, 1, 0, 0
57000, 82688, 1, 0, 0
57500, 91456, 1, 0, 0
58000, 80736, 1, 0, 0
58500, 75616, 1, 0, 0
59000, 83552, 1, 0, 0
59500, 86496, 1, 0, 0
