500, 114328, 1, 0, 0
1000, 114631, 1, 0, 0
1500, 114182, 1, 0, 0
2000, 114473, 1, 0, 0
2500, 114191, 1, 0, 0
3000, 114252, 1, 0, 0
3500, 114603, 1, 0, 0
4000, 114163, 1, 0, 0
4500, 114150, 1, 0, 0
5000, 114532, 1, 0, 0
5500, 113865, 1, 0, 0
6000, 271864, 1, 0, 0
6501, 426743, 1, 0, 0
7000, 430889, 1, 0, 0
7500, 424355, 1, 0, 0
8000, 412495, 1, 0, 0
8500, 520147, 1, 0, 0
9000, 424553, 1, 0, 0
9500, 414327, 1, 0, 0
10000, 482339, 1, 0, 0
10500, 567702, 1, 0, 0
11006, 586646, 1, 0, 0
11502, 556612, 1, 0, 0
12000, 614943, 1, 0, 0
12507, 590654, 1, 0, 0
13000, 657037, 1, 0, 0
13510, 712357, 1, 0, 0
14008, 601889, 1, 0, 0
14509, 645436, 1, 0, 0
15000, 652529, 1, 0, 0
15502, 662929, 1, 0, 0
16000, 723377, 1, 0, 0
16500, 738166, 1, 0, 0
17009, 754253, 1, 0, 0
17500, 783754, 1, 0, 0
18002, 800554, 1, 0, 0
18507, 826270, 1, 0, 0
19000, 860301, 1, 0, 0
19504, 857860, 1, 0, 0
20012, 898994, 1, 0, 0
20508, 902473, 1, 0, 0
21006, 943815, 1, 0, 0
21505, 948768, 1, 0, 0
22004, 973422, 1, 0, 0
22508, 885988, 1, 0, 0
23000, 1051043, 1, 0, 0
23510, 992157, 1, 0, 0
24000, 1069876, 1, 0, 0
24511, 1003666, 1, 0, 0
25001, 1090035, 1, 0, 0
25510, 928082, 1, 0, 0
26004, 1106425, 1, 0, 0
26506, 1113452, 1, 0, 0
27004, 1127792, 1, 0, 0
27500, 1155691, 1, 0, 0
28010, 1103705, 1, 0, 0
28506, 1061337, 1, 0, 0
29010, 1257680, 1, 0, 0
29500, 1053020, 1, 0, 0
30006, 1049240, 1, 0, 0
30510, 1292510, 1, 0, 0
31005, 1077201, 1, 0, 0
31500, 1085958, 1, 0, 0
32011, 1354406, 1, 0, 0
32500, 1299020, 1, 0, 0
33005, 1171454, 1, 0, 0
33505, 1138393, 1, 0, 0
34000, 1245970, 1, 0, 0
34512, 1256661, 1, 0, 0
35000, 1100763, 1, 0, 0
35511, 1380638, 1, 0, 0
36008, 1328901, 1, 0, 0
36507, 1232007, 1, 0, 0
37000, 1439008, 1, 0, 0
37504, 1297157, 1, 0, 0
38009, 1350456, 1, 0, 0
38508, 1449396, 1, 0, 0
39007, 1501560, 1, 0, 0
39509, 1500441, 1, 0, 0
40004, 1375387, 1, 0, 0
40508, 1560743, 1, 0, 0
41000, 1549130, 1, 0, 0
41507, 1420142, 1, 0, 0
42000, 1563014, 1, 0, 0
42513, 1554564, 1, 0, 0
43014, 1510407, 1, 0, 0
43511, 1605166, 1, 0, 0
44000, 1678178, 1, 0, 0
44514, 1609487, 1, 0, 0
45012, 1560805, 1, 0, 0
45505, 1660581, 1, 0, 0
46008, 1439553, 1, 0, 0
46505, 1511398, 1, 0, 0
47002, 1522279, 1, 0, 0
47501, 1523429, 1, 0, 0
48000, 1489437, 1, 0, 0
48515, 1467203, 1, 0, 0
49007, 1558970, 1, 0, 0
49503, 1535686, 1, 0, 0
50001, 1530954, 1, 0, 0
50511, 1579623, 1, 0, 0
51000, 1389164, 1, 0, 0
51504, 1406591, 1, 0, 0
52000, 1592113, 1, 0, 0
52501, 1421730, 1, 0, 0
53006, 1748142, 1, 0, 0
53506, 1499346, 1, 0, 0
54000, 1658856, 1, 0, 0
54501, 1394289, 1, 0, 0
55000, 1532676, 1, 0, 0
55511, 1513290, 1, 0, 0
56000, 1413815, 1, 0, 0
56510, 1578957, 1, 0, 0
57007, 1540882, 1, 0, 0
57515, 1415797, 1, 0, 0
58010, 1574743, 1, 0, 0
58500, 1705906, 1, 0, 0
59000, 1532746, 1, 0, 0
59500, 1489976, 1, 0, 0
60000, 1419729, 1, 0, 0
60000, 8657368, 1, 0, 0
