500, 279472, 1, 0, 0
1000, 278730, 1, 0, 0
1500, 279814, 1, 0, 0
2000, 279100, 1, 0, 0
2500, 279790, 1, 0, 0
3000, 279642, 1, 0, 0
3500, 278744, 1, 0, 0
4000, 279840, 1, 0, 0
4500, 279908, 1, 0, 0
5000, 278908, 1, 0, 0
5500, 280544, 1, 0, 0
6000, 117328, 1, 0, 0
6500, 73976, 1, 0, 0
7001, 75064, 1, 0, 0
7500, 74258, 1, 0, 0
8000, 78708, 1, 0, 0
8500, 61624, 1, 0, 0
9000, 75376, 1, 0, 0
9500, 75936, 1, 0, 0
10000, 67368, 1, 0, 0
10500, 55376, 1, 0, 0
11000, 55152, 1, 0, 0
11500, 56848, 1, 0, 0
12000, 52920, 1, 0, 0
12500, 53832, 1, 0, 0
13000, 49064, 1, 0, 0
13500, 44704, 1, 0, 0
14000, 52944, 1, 0, 0
14500, 49632, 1, 0, 0
15000, 49168, 1, 0, 0
15500, 47464, 1, 0, 0
16000, 45040, 1, 0, 0
16500, 43256, 1, 0, 0
17000, 42288, 1, 0, 0
17500, 41240, 1, 0, 0
18000, 38912, 1, 0, 0
18500, 39438, 1, 0, 0
19000, 37282, 1, 0, 0
19500, 36808, 1, 0, 0
20000, 36016, 1, 0, 0
20500, 35192, 1, 0, 0
21000, 33824, 1, 0, 0
21500, 33976, 1, 0, 0
22000, 32384, 1, 0, 0
22500, 36504, 1, 0, 0
23000, 30800, 1, 0, 0
23500, 31960, 1, 0, 0
24000, 30072, 1, 0, 0
24500, 31640, 1, 0, 0
25000, 28936, 1, 0, 0
25500, 34880, 1, 0, 0
26000, 28648, 1, 0, 0
26500, 28842, 1, 0, 0
27000, 28288, 1, 0, 0
27500, 27442, 1, 0, 0
28000, 29560, 1, 0, 0
28500, 29912, 1, 0, 0
29000, 25624, 1, 0, 0
29500, 30651, 1, 0, 0
30000, 30076, 1, 0, 0
30500, 24904, 1, 0, 0
31000, 29322, 1, 0, 0
31500, 29242, 1, 0, 0
32000, 24136, 1, 0, 0
32500, 24762, 1, 0, 0
33000, 26840, 1, 0, 0
33500, 28138, 1, 0, 0
34000, 26152, 1, 0, 0
34500, 25288, 1, 0, 0
35000, 28376, 1, 0, 0
35500, 23758, 1, 0, 0
36000, 23788, 1, 0, 0
36500, 26212, 1, 0, 0
37000, 21806, 1, 0, 0
37500, 24792, 1, 0, 0
38000, 23940, 1, 0, 0
38500, 21966, 1, 0, 0
39000, 21294, 1, 0, 0
39500, 21416, 1, 0, 0
40000, 22986, 1, 0, 0
40500, 20710, 1, 0, 0
41000, 21018, 1, 0, 0
41500, 22042, 1, 0, 0
42000, 20256, 1, 0, 0
42500, 21056, 1, 0, 0
43000, 21264, 1, 0, 0
43500, 19808, 1, 0, 0
44000, 18640, 1, 0, 0
44500, 20488, 1, 0, 0
45000, 20480, 1, 0, 0
45500, 18896, 1, 0, 0
46000, 22386, 1, 0, 0
46500, 21016, 1, 0, 0
47000, 20912, 1, 0, 0
47500, 20992, 1, 0, 0
48000, 22246, 1, 0, 0
48500, 21586, 1, 0, 0
49000, 20304, 1, 0, 0
49500, 20600, 1, 0, 0
50000, 20728, 1, 0, 0
50500, 20736, 1, 0, 0
51000, 23248, 1, 0, 0
51500, 22184, 1, 0, 0
52000, 20624, 1, 0, 0
52500, 21840, 1, 0, 0
53000, 18504, 1, 0, 0
53500, 21272, 1, 0, 0
54000, 19848, 1, 0, 0
54500, 22072, 1, 0, 0
55000, 21537, 1, 0, 0
55500, 20946, 1, 0, 0
56000, 22888, 1, 0, 0
56500, 20048, 1, 0, 0
57000, 20672, 1, 0, 0
57500, 22864, 1, 0, 0
58000, 20184, 1, 0, 0
58500, 18904, 1, 0, 0
59000, 20888, 1, 0, 0
59500, 21624, 1, 0, 0
