500, 839, 1, 0, 0
1000, 837, 1, 0, 0
1500, 839, 1, 0, 0
2000, 838, 1, 0, 0
2500, 834, 1, 0, 0
3000, 836, 1, 0, 0
3500, 850, 1, 0, 0
4000, 880, 1, 0, 0
4500, 832, 1, 0, 0
5000, 834, 1, 0, 0
5500, 837, 1, 0, 0
6000, 843, 1, 0, 0
6501, 841, 1, 0, 0
7000, 843, 1, 0, 0
7500, 841, 1, 0, 0
8000, 845, 1, 0, 0
8500, 844, 1, 0, 0
9000, 840, 1, 0, 0
9500, 841, 1, 0, 0
10000, 845, 1, 0, 0
10500, 842, 1, 0, 0
11006, 844, 1, 0, 0
11502, 844, 1, 0, 0
12000, 895, 1, 0, 0
12507, 848, 1, 0, 0
13000, 882, 1, 0, 0
13510, 845, 1, 0, 0
14008, 847, 1, 0, 0
14509, 843, 1, 0, 0
15000, 840, 1, 0, 0
15502, 840, 1, 0, 0
16000, 843, 1, 0, 0
16500, 839, 1, 0, 0
17009, 843, 1, 0, 0
17500, 842, 1, 0, 0
18002, 840, 1, 0, 0
18507, 840, 1, 0, 0
19000, 844, 1, 0, 0
19504, 846, 1, 0, 0
20012, 843, 1, 0, 0
20508, 843, 1, 0, 0
21006, 843, 1, 0, 0
21505, 847, 1, 0, 0
22004, 1026, 1, 0, 0
22508, 848, 1, 0, 0
23000, 845, 1, 0, 0
23510, 878, 1, 0, 0
24000, 874, 1, 0, 0
24511, 844, 1, 0, 0
25001, 844, 1, 0, 0
25510, 841, 1, 0, 0
26004, 843, 1, 0, 0
26506, 903, 1, 0, 0
27004, 850, 1, 0, 0
27500, 840, 1, 0, 0
28010, 842, 1, 0, 0
28506, 840, 1, 0, 0
29010, 861, 1, 0, 0
29500, 870, 1, 0, 0
30006, 844, 1, 0, 0
30510, 846, 1, 0, 0
31005, 843, 1, 0, 0
31500, 845, 1, 0, 0
32011, 848, 1, 0, 0
32500, 849, 1, 0, 0
33005, 849, 1, 0, 0
33505, 843, 1, 0, 0
34000, 846, 1, 0, 0
34512, 845, 1, 0, 0
35000, 844, 1, 0, 0
35511, 842, 1, 0, 0
36008, 844, 1, 0, 0
36507, 846, 1, 0, 0
37000, 847, 1, 0, 0
37504, 845, 1, 0, 0
38009, 855, 1, 0, 0
38508, 845, 1, 0, 0
39007, 845, 1, 0, 0
39509, 857, 1, 0, 0
40004, 846, 1, 0, 0
40508, 844, 1, 0, 0
41000, 897, 1, 0, 0
41507, 827, 1, 0, 0
42000, 852, 1, 0, 0
42513, 851, 1, 0, 0
43014, 844, 1, 0, 0
43511, 847, 1, 0, 0
44000, 848, 1, 0, 0
44514, 850, 1, 0, 0
45012, 848, 1, 0, 0
45505, 851, 1, 0, 0
46008, 867, 1, 0, 0
46505, 854, 1, 0, 0
47002, 874, 1, 0, 0
47501, 851, 1, 0, 0
48000, 850, 1, 0, 0
48515, 846, 1, 0, 0
49007, 847, 1, 0, 0
49503, 848, 1, 0, 0
50001, 850, 1, 0, 0
50511, 851, 1, 0, 0
51000, 848, 1, 0, 0
51504, 846, 1, 0, 0
52000, 851, 1, 0, 0
52501, 848, 1, 0, 0
53006, 854, 1, 0, 0
53506, 848, 1, 0, 0
54000, 850, 1, 0, 0
54501, 903, 1, 0, 0
55000, 869, 1, 0, 0
55511, 852, 1, 0, 0
56000, 849, 1, 0, 0
56510, 865, 1, 0, 0
57007, 849, 1, 0, 0
57515, 849, 1, 0, 0
58010, 878, 1, 0, 0
58500, 859, 1, 0, 0
59000, 870, 1, 0, 0
59500, 859, 1, 0, 0
60000, 850, 1, 0, 0
