500, 447267, 1, 0, 0
1000, 447601, 1, 0, 0
1500, 447598, 1, 0, 0
2000, 447598, 1, 0, 0
2500, 447596, 1, 0, 0
3000, 447594, 1, 0, 0
3500, 447595, 1, 0, 0
4000, 447596, 1, 0, 0
4500, 447595, 1, 0, 0
5000, 447588, 1, 0, 0
5517, 483784, 1, 0, 0
6011, 7434649, 1, 0, 0
6504, 7499426, 1, 0, 0
7014, 7164549, 1, 0, 0
7506, 6784190, 1, 0, 0
8000, 6572400, 1, 0, 0
8508, 6032858, 1, 0, 0
9000, 5860706, 1, 0, 0
9509, 5409959, 1, 0, 0
10000, 5223511, 1, 0, 0
10507, 4821667, 1, 0, 0
11014, 4590759, 1, 0, 0
11502, 4382045, 1, 0, 0
12011, 4251209, 1, 0, 0
12500, 4282431, 1, 0, 0
13008, 4716021, 1, 0, 0
13500, 4882927, 1, 0, 0
14007, 4741062, 1, 0, 0
14514, 4679645, 1, 0, 0
15003, 4586442, 1, 0, 0
15511, 4488510, 1, 0, 0
16000, 4475727, 1, 0, 0
16507, 4239579, 1, 0, 0
17015, 4255522, 1, 0, 0
17502, 4199942, 1, 0, 0
18011, 4151506, 1, 0, 0
18500, 4068813, 1, 0, 0
19003, 4063102, 1, 0, 0
19509, 4002470, 1, 0, 0
20016, 3954782, 1, 0, 0
20503, 3959981, 1, 0, 0
21012, 3889896, 1, 0, 0
21500, 3849271, 1, 0, 0
22002, 3621205, 1, 0, 0
22508, 3634196, 1, 0, 0
23014, 3644648, 1, 0, 0
23500, 3553155, 1, 0, 0
24005, 3472203, 1, 0, 0
24511, 3394614, 1, 0, 0
25015, 3397675, 1, 0, 0
25500, 3311199, 1, 0, 0
26004, 3224899, 1, 0, 0
26508, 3186745, 1, 0, 0
27011, 3112566, 1, 0, 0
27515, 3061213, 1, 0, 0
28000, 3016048, 1, 0, 0
28501, 2779717, 1, 0, 0
29003, 2816146, 1, 0, 0
29504, 2719534, 1, 0, 0
30004, 2637372, 1, 0, 0
30504, 2580425, 1, 0, 0
31003, 2445641, 1, 0, 0
31502, 2400952, 1, 0, 0
32000, 2284329, 1, 0, 0
32500, 2212052, 1, 0, 0
33010, 2059467, 1, 0, 0
33505, 1956593, 1, 0, 0
34000, 1940326, 1, 0, 0
34509, 1710122, 1, 0, 0
35000, 1642926, 1, 0, 0
35501, 1434958, 1, 0, 0
36000, 1322233, 1, 0, 0
36506, 1104679, 1, 0, 0
37000, 904711, 1, 0, 0
37500, 550465, 1, 0, 0
38016, 1200522, 1, 0, 0
38509, 7778024, 1, 0, 0
39001, 7392981, 1, 0, 0
39511, 7015058, 1, 0, 0
40003, 6666577, 1, 0, 0
40514, 6314130, 1, 0, 0
41004, 5964532, 1, 0, 0
41515, 5640676, 1, 0, 0
42005, 5275525, 1, 0, 0
42515, 5022184, 1, 0, 0
43004, 4762974, 1, 0, 0
43513, 4502642, 1, 0, 0
44002, 4270513, 1, 0, 0
44509, 4184526, 1, 0, 0
45000, 4643396, 1, 0, 0
45507, 4844211, 1, 0, 0
46017, 4846750, 1, 0, 0
46506, 4732030, 1, 0, 0
47015, 4569587, 1, 0, 0
47502, 4440018, 1, 0, 0
48011, 4384127, 1, 0, 0
48500, 4267610, 1, 0, 0
49008, 4235441, 1, 0, 0
49515, 4162942, 1, 0, 0
50002, 4098597, 1, 0, 0
50511, 4135297, 1, 0, 0
51000, 4103499, 1, 0, 0
51504, 4041506, 1, 0, 0
52010, 4038134, 1, 0, 0
52500, 3958060, 1, 0, 0
53002, 3789710, 1, 0, 0
53509, 3770774, 1, 0, 0
54000, 3781060, 1, 0, 0
54501, 3696447, 1, 0, 0
55007, 3658943, 1, 0, 0
55513, 3605447, 1, 0, 0
56000, 3634701, 1, 0, 0
56503, 3400134, 1, 0, 0
57006, 3357996, 1, 0, 0
57510, 3268253, 1, 0, 0
58013, 3243489, 1, 0, 0
58500, 3319241, 1, 0, 0
59004, 3106875, 1, 0, 0
59506, 3061506, 1, 0, 0
60008, 2979096, 1, 0, 0
60009, 16596589, 1, 0, 0
