500, 1642, 1, 0, 0
1000, 1643, 1, 0, 0
1500, 1636, 1, 0, 0
2000, 1640, 1, 0, 0
2500, 1631, 1, 0, 0
3000, 1642, 1, 0, 0
3500, 1645, 1, 0, 0
4000, 1643, 1, 0, 0
4500, 1639, 1, 0, 0
5000, 1647, 1, 0, 0
5517, 1645, 1, 0, 0
6011, 1675, 1, 0, 0
6504, 1665, 1, 0, 0
7014, 1685, 1, 0, 0
7506, 1667, 1, 0, 0
8000, 1691, 1, 0, 0
8508, 1670, 1, 0, 0
9000, 1671, 1, 0, 0
9509, 1661, 1, 0, 0
10000, 1670, 1, 0, 0
10507, 1659, 1, 0, 0
11014, 1666, 1, 0, 0
11502, 1655, 1, 0, 0
12011, 1665, 1, 0, 0
12500, 1663, 1, 0, 0
13008, 1659, 1, 0, 0
13500, 1662, 1, 0, 0
14007, 1667, 1, 0, 0
14514, 1658, 1, 0, 0
15003, 1661, 1, 0, 0
15511, 1652, 1, 0, 0
16000, 1666, 1, 0, 0
16507, 1656, 1, 0, 0
17015, 1658, 1, 0, 0
17502, 1654, 1, 0, 0
18011, 1655, 1, 0, 0
18500, 1665, 1, 0, 0
19003, 1668, 1, 0, 0
19509, 1663, 1, 0, 0
20016, 1667, 1, 0, 0
20503, 1662, 1, 0, 0
21012, 1661, 1, 0, 0
21500, 1667, 1, 0, 0
22002, 1663, 1, 0, 0
22508, 1657, 1, 0, 0
23014, 1660, 1, 0, 0
23500, 1660, 1, 0, 0
24005, 1662, 1, 0, 0
24511, 1658, 1, 0, 0
25015, 1660, 1, 0, 0
25500, 1660, 1, 0, 0
26004, 1679, 1, 0, 0
26508, 1663, 1, 0, 0
27011, 1666, 1, 0, 0
27515, 1668, 1, 0, 0
28000, 1662, 1, 0, 0
28501, 1656, 1, 0, 0
29003, 1662, 1, 0, 0
29504, 1655, 1, 0, 0
30004, 1666, 1, 0, 0
30504, 1668, 1, 0, 0
31003, 1662, 1, 0, 0
31502, 1672, 1, 0, 0
32000, 1669, 1, 0, 0
32500, 1661, 1, 0, 0
33010, 1676, 1, 0, 0
33505, 1669, 1, 0, 0
34000, 1661, 1, 0, 0
34509, 1665, 1, 0, 0
35000, 1664, 1, 0, 0
35501, 1665, 1, 0, 0
36000, 1676, 1, 0, 0
36506, 1664, 1, 0, 0
37000, 1670, 1, 0, 0
37500, 1654, 1, 0, 0
38016, 1659, 1, 0, 0
38509, 1672, 1, 0, 0
39001, 1688, 1, 0, 0
39511, 1670, 1, 0, 0
40003, 1683, 1, 0, 0
40514, 1684, 1, 0, 0
41004, 1685, 1, 0, 0
41515, 1680, 1, 0, 0
42005, 1674, 1, 0, 0
42515, 1678, 1, 0, 0
43004, 1743, 1, 0, 0
43513, 1663, 1, 0, 0
44002, 1670, 1, 0, 0
44509, 1667, 1, 0, 0
45000, 1694, 1, 0, 0
45507, 1660, 1, 0, 0
46017, 1676, 1, 0, 0
46506, 1679, 1, 0, 0
47015, 1678, 1, 0, 0
47502, 1678, 1, 0, 0
48011, 1673, 1, 0, 0
48500, 1675, 1, 0, 0
49008, 1674, 1, 0, 0
49515, 1666, 1, 0, 0
50002, 1673, 1, 0, 0
50511, 1665, 1, 0, 0
51000, 1665, 1, 0, 0
51504, 1665, 1, 0, 0
52010, 1656, 1, 0, 0
52500, 1674, 1, 0, 0
53002, 1667, 1, 0, 0
53509, 1664, 1, 0, 0
54000, 1689, 1, 0, 0
54501, 1686, 1, 0, 0
55007, 1666, 1, 0, 0
55513, 1665, 1, 0, 0
56000, 1666, 1, 0, 0
56503, 1666, 1, 0, 0
57006, 1664, 1, 0, 0
57510, 1666, 1, 0, 0
58013, 1665, 1, 0, 0
58500, 1656, 1, 0, 0
59004, 1665, 1, 0, 0
59506, 1667, 1, 0, 0
60009, 1664, 1, 0, 0
