500, 2288640, 1, 0, 0
1000, 2286592, 1, 0, 0
1500, 2286848, 1, 0, 0
2000, 2286912, 1, 0, 0
2500, 2286912, 1, 0, 0
3000, 2286720, 1, 0, 0
3500, 2286592, 1, 0, 0
4000, 2286848, 1, 0, 0
4500, 2286848, 1, 0, 0
5000, 2286976, 1, 0, 0
5500, 2111104, 1, 0, 0
6000, 136192, 1, 0, 0
6500, 134656, 1, 0, 0
7000, 145920, 1, 0, 0
7500, 148224, 1, 0, 0
8000, 159551, 1, 0, 0
8500, 166912, 1, 0, 0
9000, 175616, 1, 0, 0
9500, 188928, 1, 0, 0
10000, 195200, 1, 0, 0
10500, 212352, 1, 0, 0
11000, 226560, 1, 0, 0
11500, 228096, 1, 0, 0
12000, 244992, 1, 0, 0
12500, 237120, 1, 0, 0
13000, 217536, 1, 0, 0
13500, 209920, 1, 0, 0
14000, 215296, 1, 0, 0
14500, 221952, 1, 0, 0
15000, 218112, 1, 0, 0
15500, 231680, 1, 0, 0
16000, 234112, 1, 0, 0
16500, 234368, 1, 0, 0
17000, 244224, 1, 0, 0
17500, 237824, 1, 0, 0
18000, 250624, 1, 0, 0
18500, 254720, 1, 0, 0
19000, 245248, 1, 0, 0
19500, 259072, 1, 0, 0
20000, 262400, 1, 0, 0
20500, 251904, 1, 0, 0
21000, 268312, 1, 0, 0
21500, 268288, 1, 0, 0
22000, 275200, 1, 0, 0
22500, 284928, 1, 0, 0
23000, 284416, 1, 0, 0
23500, 279808, 1, 0, 0
24000, 298496, 1, 0, 0
24500, 304640, 1, 0, 0
25000, 303872, 1, 0, 0
25500, 301248, 1, 0, 0
26000, 318784, 1, 0, 0
26500, 324096, 1, 0, 0
27000, 331264, 1, 0, 0
27500, 336896, 1, 0, 0
28000, 337728, 1, 0, 0
28500, 360128, 1, 0, 0
29000, 364800, 1, 0, 0
29500, 378112, 1, 0, 0
30000, 388096, 1, 0, 0
30500, 396544, 1, 0, 0
31000, 418560, 1, 0, 0
31500, 425472, 1, 0, 0
32000, 446592, 1, 0, 0
32500, 479488, 1, 0, 0
33000, 489792, 1, 0, 0
33500, 518400, 1, 0, 0
34000, 540160, 1, 0, 0
34500, 590336, 1, 0, 0
35000, 629162, 1, 0, 0
35500, 698432, 1, 0, 0
36000, 790848, 1, 0, 0
36500, 922048, 1, 0, 0
37000, 1131136, 1, 0, 0
37500, 1870272, 1, 0, 0
38000, 851392, 1, 0, 0
38500, 129792, 1, 0, 0
39000, 136192, 1, 0, 0
39500, 148992, 1, 0, 0
40000, 151040, 1, 0, 0
40500, 165888, 1, 0, 0
41000, 168192, 1, 0, 0
41500, 185600, 1, 0, 0
42000, 189952, 1, 0, 0
42500, 208128, 1, 0, 0
43000, 210432, 1, 0, 0
43500, 231680, 1, 0, 0
44000, 234240, 1, 0, 0
44500, 248064, 1, 0, 0
45000, 226496, 1, 0, 0
45500, 204608, 1, 0, 0
46000, 215296, 1, 0, 0
46500, 211968, 1, 0, 0
47000, 228096, 1, 0, 0
47500, 224768, 1, 0, 0
48001, 237824, 1, 0, 0
48500, 234965, 1, 0, 0
49000, 245760, 1, 0, 0
49500, 249088, 1, 0, 0
50000, 243968, 1, 0, 0
50500, 251392, 1, 0, 0
51000, 252608, 1, 0, 0
51500, 246848, 1, 0, 0
52000, 256768, 1, 0, 0
52500, 262272, 1, 0, 0
53000, 262528, 1, 0, 0
53500, 275200, 1, 0, 0
54000, 274944, 1, 0, 0
54500, 268544, 1, 0, 0
55000, 283392, 1, 0, 0
55500, 286976, 1, 0, 0
56000, 282368, 1, 0, 0
56500, 294400, 1, 0, 0
57000, 307200, 1, 0, 0
57500, 315648, 1, 0, 0
58000, 317696, 1, 0, 0
58500, 311360, 1, 0, 0
59000, 320704, 1, 0, 0
59500, 335872, 1, 0, 0
60000, 345344, 1, 0, 0
