500, 445625, 1, 0, 0
1000, 445958, 1, 0, 0
1500, 445962, 1, 0, 0
2000, 445958, 1, 0, 0
2500, 445965, 1, 0, 0
3000, 445952, 1, 0, 0
3500, 445949, 1, 0, 0
4000, 445952, 1, 0, 0
4500, 445957, 1, 0, 0
5000, 445942, 1, 0, 0
5517, 482140, 1, 0, 0
6011, 7432974, 1, 0, 0
6504, 7497761, 1, 0, 0
7014, 7162864, 1, 0, 0
7506, 6782523, 1, 0, 0
8000, 6570709, 1, 0, 0
8508, 6031188, 1, 0, 0
9000, 5859035, 1, 0, 0
9509, 5408299, 1, 0, 0
10000, 5221840, 1, 0, 0
10507, 4820007, 1, 0, 0
11014, 4589093, 1, 0, 0
11502, 4380390, 1, 0, 0
12011, 4249544, 1, 0, 0
12500, 4280769, 1, 0, 0
13008, 4714361, 1, 0, 0
13500, 4881265, 1, 0, 0
14007, 4739395, 1, 0, 0
14514, 4677988, 1, 0, 0
15003, 4584780, 1, 0, 0
15511, 4486857, 1, 0, 0
16000, 4474063, 1, 0, 0
16507, 4237922, 1, 0, 0
17015, 4253864, 1, 0, 0
17502, 4198288, 1, 0, 0
18011, 4149850, 1, 0, 0
18500, 4067148, 1, 0, 0
19003, 4061434, 1, 0, 0
19509, 4000807, 1, 0, 0
20016, 3953115, 1, 0, 0
20503, 3958319, 1, 0, 0
21012, 3888235, 1, 0, 0
21500, 3847604, 1, 0, 0
22002, 3619542, 1, 0, 0
22508, 3632540, 1, 0, 0
23014, 3642988, 1, 0, 0
23500, 3551495, 1, 0, 0
24005, 3470540, 1, 0, 0
24511, 3392956, 1, 0, 0
25015, 3396015, 1, 0, 0
25500, 3309538, 1, 0, 0
26004, 3223220, 1, 0, 0
26508, 3185082, 1, 0, 0
27011, 3110900, 1, 0, 0
27515, 3059544, 1, 0, 0
28000, 3014386, 1, 0, 0
28501, 2778060, 1, 0, 0
29003, 2814484, 1, 0, 0
29504, 2717879, 1, 0, 0
30004, 2635706, 1, 0, 0
30504, 2578758, 1, 0, 0
31003, 2443978, 1, 0, 0
31502, 2399280, 1, 0, 0
32000, 2282660, 1, 0, 0
32500, 2210392, 1, 0, 0
33010, 2057790, 1, 0, 0
33505, 1954925, 1, 0, 0
34000, 1938665, 1, 0, 0
34509, 1708457, 1, 0, 0
35000, 1641261, 1, 0, 0
35501, 1433293, 1, 0, 0
36000, 1320556, 1, 0, 0
36506, 1103015, 1, 0, 0
37000, 903041, 1, 0, 0
37500, 548811, 1, 0, 0
38016, 1198863, 1, 0, 0
38509, 7776351, 1, 0, 0
39001, 7391296, 1, 0, 0
39511, 7013387, 1, 0, 0
40003, 6664896, 1, 0, 0
40514, 6312445, 1, 0, 0
41004, 5962849, 1, 0, 0
41515, 5638996, 1, 0, 0
42005, 5273851, 1, 0, 0
42515, 5020506, 1, 0, 0
43004, 4761231, 1, 0, 0
43513, 4500979, 1, 0, 0
44002, 4268843, 1, 0, 0
44509, 4182860, 1, 0, 0
45000, 4641712, 1, 0, 0
45507, 4842540, 1, 0, 0
46017, 4845074, 1, 0, 0
46506, 4730350, 1, 0, 0
47015, 4567909, 1, 0, 0
47502, 4438340, 1, 0, 0
48011, 4382454, 1, 0, 0
48500, 4265935, 1, 0, 0
49008, 4233767, 1, 0, 0
49515, 4161276, 1, 0, 0
50002, 4096924, 1, 0, 0
50511, 4133631, 1, 0, 0
51000, 4101834, 1, 0, 0
51504, 4039841, 1, 0, 0
52010, 4036478, 1, 0, 0
52500, 3956386, 1, 0, 0
53002, 3788043, 1, 0, 0
53509, 3769110, 1, 0, 0
54000, 3779372, 1, 0, 0
54501, 3694761, 1, 0, 0
55007, 3657277, 1, 0, 0
55513, 3603782, 1, 0, 0
56000, 3633036, 1, 0, 0
56503, 3398467, 1, 0, 0
57006, 3356332, 1, 0, 0
57510, 3266588, 1, 0, 0
58013, 3241825, 1, 0, 0
58500, 3317585, 1, 0, 0
59004, 3105210, 1, 0, 0
59506, 3059840, 1, 0, 0
60008, 2977431, 1, 0, 0
60009, 16594985, 1, 0, 0
