500, 572288, 1, 0, 0
1000, 571720, 1, 0, 0
1500, 571648, 1, 0, 0
2000, 571648, 1, 0, 0
2500, 571768, 1, 0, 0
3000, 571784, 1, 0, 0
3500, 571648, 1, 0, 0
4000, 571648, 1, 0, 0
4500, 571648, 1, 0, 0
5000, 571776, 1, 0, 0
5500, 546496, 1, 0, 0
6000, 341184, 1, 0, 0
6500, 334336, 1, 0, 0
7000, 339840, 1, 0, 0
7500, 336000, 1, 0, 0
8000, 338176, 1, 0, 0
8500, 337296, 1, 0, 0
9000, 336816, 1, 0, 0
9500, 338880, 1, 0, 0
10000, 335296, 1, 0, 0
10500, 340544, 1, 0, 0
11000, 333130, 1, 0, 0
11500, 341328, 1, 0, 0
12000, 334336, 1, 0, 0
12500, 333776, 1, 0, 0
13000, 336624, 1, 0, 0
13500, 336528, 1, 0, 0
14000, 332400, 1, 0, 0
14500, 332592, 1, 0, 0
15000, 336592, 1, 0, 0
15500, 336624, 1, 0, 0
16000, 333136, 1, 0, 0
16500, 332288, 1, 0, 0
17000, 335912, 1, 0, 0
17500, 336056, 1, 0, 0
18000, 335136, 1, 0, 0
18500, 332288, 1, 0, 0
19000, 333984, 1, 0, 0
19500, 336800, 1, 0, 0
20000, 336224, 1, 0, 0
20500, 332368, 1, 0, 0
21000, 333008, 1, 0, 0
21500, 336624, 1, 0, 0
22000, 336216, 1, 0, 0
22500, 333712, 1, 0, 0
23000, 332288, 1, 0, 0
23500, 335480, 1, 0, 0
24000, 336648, 1, 0, 0
24500, 334976, 1, 0, 0
25000, 332288, 1, 0, 0
25500, 334128, 1, 0, 0
26000, 336720, 1, 0, 0
26500, 336240, 1, 0, 0
27000, 332288, 1, 0, 0
27500, 332896, 1, 0, 0
28000, 336608, 1, 0, 0
28500, 336720, 1, 0, 0
29000, 332736, 1, 0, 0
29500, 332336, 1, 0, 0
30000, 336208, 1, 0, 0
30500, 336640, 1, 0, 0
31000, 334144, 1, 0, 0
31500, 423408, 1, 0, 0
32000, 418576, 1, 0, 0
32500, 331936, 1, 0, 0
33000, 331952, 1, 0, 0
33500, 331984, 1, 0, 0
34000, 286560, 1, 0, 0
34500, 229835, 1, 0, 0
35000, 224880, 1, 0, 0
35500, 222048, 1, 0, 0
36000, 227512, 1, 0, 0
36500, 226680, 1, 0, 0
37000, 229376, 1, 0, 0
37500, 221936, 1, 0, 0
38000, 224832, 1, 0, 0
38500, 224976, 1, 0, 0
39000, 229376, 1, 0, 0
39500, 227888, 1, 0, 0
40000, 220496, 1, 0, 0
40500, 227456, 1, 0, 0
41000, 225280, 1, 0, 0
41500, 229376, 1, 0, 0
42000, 224896, 1, 0, 0
42500, 222032, 1, 0, 0
43000, 227536, 1, 0, 0
43500, 231320, 1, 0, 0
44000, 305736, 1, 0, 0
44500, 323648, 1, 0, 0
45000, 343984, 1, 0, 0
45500, 343968, 1, 0, 0
46000, 343968, 1, 0, 0
46500, 343920, 1, 0, 0
47000, 343952, 1, 0, 0
47500, 343920, 1, 0, 0
48000, 343470, 1, 0, 0
48500, 344000, 1, 0, 0
49000, 343888, 1, 0, 0
49500, 343984, 1, 0, 0
50000, 343856, 1, 0, 0
50500, 343952, 1, 0, 0
51000, 343872, 1, 0, 0
51500, 344000, 1, 0, 0
52000, 343872, 1, 0, 0
52500, 343864, 1, 0, 0
53000, 344024, 1, 0, 0
53500, 343824, 1, 0, 0
54000, 343984, 1, 0, 0
54500, 343936, 1, 0, 0
55000, 343904, 1, 0, 0
55500, 344000, 1, 0, 0
56000, 343920, 1, 0, 0
56500, 344000, 1, 0, 0
57000, 344000, 1, 0, 0
57500, 344000, 1, 0, 0
58000, 344032, 1, 0, 0
58500, 344064, 1, 0, 0
59000, 343968, 1, 0, 0
59500, 344064, 1, 0, 0
60000, 343896, 1, 0, 0
