500, 780, 1, 0, 0
1000, 780, 1, 0, 0
1500, 781, 1, 0, 0
2000, 781, 1, 0, 0
2500, 782, 1, 0, 0
3000, 778, 1, 0, 0
3500, 779, 1, 0, 0
4000, 778, 1, 0, 0
4500, 779, 1, 0, 0
5000, 784, 1, 0, 0
5500, 785, 1, 0, 0
6000, 819, 1, 0, 0
6501, 815, 1, 0, 0
7000, 822, 1, 0, 0
7500, 825, 1, 0, 0
8000, 829, 1, 0, 0
8500, 838, 1, 0, 0
9000, 836, 1, 0, 0
9502, 835, 1, 0, 0
10000, 834, 1, 0, 0
10500, 837, 1, 0, 0
11000, 833, 1, 0, 0
11500, 849, 1, 0, 0
12001, 896, 1, 0, 0
12500, 891, 1, 0, 0
13000, 832, 1, 0, 0
13500, 835, 1, 0, 0
14000, 848, 1, 0, 0
14500, 835, 1, 0, 0
15000, 831, 1, 0, 0
15500, 834, 1, 0, 0
16000, 839, 1, 0, 0
16500, 837, 1, 0, 0
17000, 835, 1, 0, 0
17500, 875, 1, 0, 0
18002, 891, 1, 0, 0
18502, 833, 1, 0, 0
19000, 833, 1, 0, 0
19500, 839, 1, 0, 0
20000, 837, 1, 0, 0
20500, 843, 1, 0, 0
21000, 849, 1, 0, 0
21500, 863, 1, 0, 0
22000, 837, 1, 0, 0
22500, 838, 1, 0, 0
23000, 837, 1, 0, 0
23500, 830, 1, 0, 0
24000, 845, 1, 0, 0
24502, 831, 1, 0, 0
25002, 832, 1, 0, 0
25500, 835, 1, 0, 0
26000, 834, 1, 0, 0
26500, 839, 1, 0, 0
27000, 836, 1, 0, 0
27500, 837, 1, 0, 0
28000, 836, 1, 0, 0
28500, 832, 1, 0, 0
29000, 831, 1, 0, 0
29500, 826, 1, 0, 0
30000, 835, 1, 0, 0
30500, 851, 1, 0, 0
31001, 834, 1, 0, 0
31500, 872, 1, 0, 0
32000, 884, 1, 0, 0
32500, 940, 1, 0, 0
33000, 883, 1, 0, 0
33500, 883, 1, 0, 0
34002, 884, 1, 0, 0
34510, 876, 1, 0, 0
35000, 874, 1, 0, 0
35500, 876, 1, 0, 0
36000, 879, 1, 0, 0
36505, 879, 1, 0, 0
37013, 880, 1, 0, 0
37500, 880, 1, 0, 0
38000, 880, 1, 0, 0
38500, 883, 1, 0, 0
39008, 884, 1, 0, 0
39500, 883, 1, 0, 0
40000, 881, 1, 0, 0
40502, 879, 1, 0, 0
41003, 876, 1, 0, 0
41510, 881, 1, 0, 0
42000, 885, 1, 0, 0
42501, 883, 1, 0, 0
43000, 882, 1, 0, 0
43500, 876, 1, 0, 0
44000, 875, 1, 0, 0
44500, 876, 1, 0, 0
45000, 875, 1, 0, 0
45500, 884, 1, 0, 0
46000, 881, 1, 0, 0
46500, 881, 1, 0, 0
47000, 880, 1, 0, 0
47500, 873, 1, 0, 0
48000, 878, 1, 0, 0
48500, 880, 1, 0, 0
49000, 877, 1, 0, 0
49500, 878, 1, 0, 0
50000, 881, 1, 0, 0
50500, 876, 1, 0, 0
51000, 877, 1, 0, 0
51500, 874, 1, 0, 0
52000, 870, 1, 0, 0
52500, 875, 1, 0, 0
53000, 876, 1, 0, 0
53500, 874, 1, 0, 0
54000, 877, 1, 0, 0
54500, 878, 1, 0, 0
55000, 878, 1, 0, 0
55500, 873, 1, 0, 0
56000, 873, 1, 0, 0
56500, 875, 1, 0, 0
57000, 875, 1, 0, 0
57500, 875, 1, 0, 0
58000, 878, 1, 0, 0
58500, 880, 1, 0, 0
59000, 876, 1, 0, 0
59500, 881, 1, 0, 0
60001, 878, 1, 0, 0
