500, 223573, 1, 0, 0
1000, 223742, 1, 0, 0
1500, 223743, 1, 0, 0
2000, 223742, 1, 0, 0
2500, 223743, 1, 0, 0
3000, 223742, 1, 0, 0
3500, 223743, 1, 0, 0
4000, 223742, 1, 0, 0
4500, 223742, 1, 0, 0
5000, 223742, 1, 0, 0
5500, 232455, 1, 0, 0
6000, 377773, 1, 0, 0
6501, 380636, 1, 0, 0
7000, 378582, 1, 0, 0
7500, 379640, 1, 0, 0
8000, 379566, 1, 0, 0
8500, 376412, 1, 0, 0
9000, 382783, 1, 0, 0
9502, 375636, 1, 0, 0
10000, 383596, 1, 0, 0
10500, 374865, 1, 0, 0
11000, 383551, 1, 0, 0
11500, 375821, 1, 0, 0
12001, 381787, 1, 0, 0
12500, 384399, 1, 0, 0
13000, 380057, 1, 0, 0
13500, 380028, 1, 0, 0
14000, 384799, 1, 0, 0
14500, 384939, 1, 0, 0
15000, 380383, 1, 0, 0
15500, 380051, 1, 0, 0
16000, 381821, 1, 0, 0
16500, 384720, 1, 0, 0
17000, 383511, 1, 0, 0
17500, 380487, 1, 0, 0
18002, 381113, 1, 0, 0
18502, 384766, 1, 0, 0
19000, 384404, 1, 0, 0
19500, 380055, 1, 0, 0
20000, 379974, 1, 0, 0
20500, 384613, 1, 0, 0
21000, 384903, 1, 0, 0
21500, 380448, 1, 0, 0
22000, 380056, 1, 0, 0
22500, 381616, 1, 0, 0
23000, 384870, 1, 0, 0
23500, 383497, 1, 0, 0
24000, 380065, 1, 0, 0
24502, 380893, 1, 0, 0
25002, 384910, 1, 0, 0
25500, 384226, 1, 0, 0
26000, 380026, 1, 0, 0
26500, 380138, 1, 0, 0
27000, 384852, 1, 0, 0
27500, 385022, 1, 0, 0
28000, 380155, 1, 0, 0
28500, 380040, 1, 0, 0
29000, 381871, 1, 0, 0
29500, 384838, 1, 0, 0
30000, 383395, 1, 0, 0
30500, 380077, 1, 0, 0
31001, 381203, 1, 0, 0
31500, 303371, 1, 0, 0
32000, 304152, 1, 0, 0
32500, 385766, 1, 0, 0
33000, 385880, 1, 0, 0
33500, 384702, 1, 0, 0
34002, 437813, 1, 0, 0
34510, 566578, 1, 0, 0
35000, 573113, 1, 0, 0
35500, 573382, 1, 0, 0
36000, 565430, 1, 0, 0
36505, 554557, 1, 0, 0
37013, 566581, 1, 0, 0
37500, 578111, 1, 0, 0
38000, 566120, 1, 0, 0
38500, 555662, 1, 0, 0
39008, 566555, 1, 0, 0
39500, 568983, 1, 0, 0
40000, 580290, 1, 0, 0
40502, 560580, 1, 0, 0
41003, 556786, 1, 0, 0
41510, 566573, 1, 0, 0
42000, 573832, 1, 0, 0
42501, 572653, 1, 0, 0
43000, 566136, 1, 0, 0
43500, 548571, 1, 0, 0
44000, 420555, 1, 0, 0
44500, 396374, 1, 0, 0
45000, 372033, 1, 0, 0
45500, 371988, 1, 0, 0
46000, 372003, 1, 0, 0
46500, 372005, 1, 0, 0
47000, 372072, 1, 0, 0
47500, 371956, 1, 0, 0
48000, 372065, 1, 0, 0
48500, 371984, 1, 0, 0
49000, 372027, 1, 0, 0
49500, 372013, 1, 0, 0
50000, 372017, 1, 0, 0
50500, 372090, 1, 0, 0
51000, 372040, 1, 0, 0
51500, 372015, 1, 0, 0
52000, 372038, 1, 0, 0
52500, 372061, 1, 0, 0
53000, 372012, 1, 0, 0
53500, 371987, 1, 0, 0
54000, 371984, 1, 0, 0
54500, 371918, 1, 0, 0
55000, 371885, 1, 0, 0
55500, 371894, 1, 0, 0
56000, 371885, 1, 0, 0
56500, 371809, 1, 0, 0
57000, 371622, 1, 0, 0
57500, 371839, 1, 0, 0
58000, 371723, 1, 0, 0
58500, 371500, 1, 0, 0
59000, 371751, 1, 0, 0
59500, 371742, 1, 0, 0
60000, 371868, 1, 0, 0
60001, 3348324, 1, 0, 0
