500, 222793, 1, 0, 0
1000, 222962, 1, 0, 0
1500, 222962, 1, 0, 0
2000, 222961, 1, 0, 0
2500, 222961, 1, 0, 0
3000, 222964, 1, 0, 0
3500, 222964, 1, 0, 0
4000, 222965, 1, 0, 0
4500, 222964, 1, 0, 0
5000, 222959, 1, 0, 0
5500, 231670, 1, 0, 0
6000, 376953, 1, 0, 0
6501, 379821, 1, 0, 0
7000, 377761, 1, 0, 0
7500, 378815, 1, 0, 0
8000, 378737, 1, 0, 0
8500, 375574, 1, 0, 0
9000, 381947, 1, 0, 0
9502, 374801, 1, 0, 0
10000, 382763, 1, 0, 0
10500, 374028, 1, 0, 0
11000, 382719, 1, 0, 0
11500, 374972, 1, 0, 0
12001, 380891, 1, 0, 0
12500, 383508, 1, 0, 0
13000, 379226, 1, 0, 0
13500, 379192, 1, 0, 0
14000, 383951, 1, 0, 0
14500, 384104, 1, 0, 0
15000, 379552, 1, 0, 0
15500, 379217, 1, 0, 0
16000, 380981, 1, 0, 0
16500, 383883, 1, 0, 0
17000, 382675, 1, 0, 0
17500, 379612, 1, 0, 0
18002, 380221, 1, 0, 0
18502, 383933, 1, 0, 0
19000, 383571, 1, 0, 0
19500, 379216, 1, 0, 0
20000, 379137, 1, 0, 0
20500, 383770, 1, 0, 0
21000, 384053, 1, 0, 0
21500, 379584, 1, 0, 0
22000, 379219, 1, 0, 0
22500, 380778, 1, 0, 0
23000, 384032, 1, 0, 0
23500, 382667, 1, 0, 0
24000, 379220, 1, 0, 0
24502, 380062, 1, 0, 0
25002, 384078, 1, 0, 0
25500, 383391, 1, 0, 0
26000, 379192, 1, 0, 0
26500, 379299, 1, 0, 0
27000, 384016, 1, 0, 0
27500, 384185, 1, 0, 0
28000, 379319, 1, 0, 0
28500, 379208, 1, 0, 0
29000, 381041, 1, 0, 0
29500, 384012, 1, 0, 0
30000, 382560, 1, 0, 0
30500, 379225, 1, 0, 0
31001, 380369, 1, 0, 0
31500, 302500, 1, 0, 0
32000, 303268, 1, 0, 0
32500, 384825, 1, 0, 0
33000, 384997, 1, 0, 0
33500, 383819, 1, 0, 0
34002, 436930, 1, 0, 0
34510, 565702, 1, 0, 0
35000, 572239, 1, 0, 0
35500, 572506, 1, 0, 0
36000, 564551, 1, 0, 0
36505, 553678, 1, 0, 0
37013, 565701, 1, 0, 0
37500, 577231, 1, 0, 0
38000, 565239, 1, 0, 0
38500, 554779, 1, 0, 0
39008, 565671, 1, 0, 0
39500, 568100, 1, 0, 0
40000, 579409, 1, 0, 0
40502, 559701, 1, 0, 0
41003, 555910, 1, 0, 0
41510, 565692, 1, 0, 0
42000, 572947, 1, 0, 0
42501, 571770, 1, 0, 0
43000, 565254, 1, 0, 0
43500, 547696, 1, 0, 0
44000, 419680, 1, 0, 0
44500, 395497, 1, 0, 0
45000, 371158, 1, 0, 0
45500, 371105, 1, 0, 0
46000, 371122, 1, 0, 0
46500, 371124, 1, 0, 0
47000, 371192, 1, 0, 0
47500, 371083, 1, 0, 0
48000, 371186, 1, 0, 0
48500, 371104, 1, 0, 0
49000, 371150, 1, 0, 0
49500, 371135, 1, 0, 0
50000, 371136, 1, 0, 0
50500, 371214, 1, 0, 0
51000, 371163, 1, 0, 0
51500, 371141, 1, 0, 0
52000, 371168, 1, 0, 0
52500, 371186, 1, 0, 0
53000, 371136, 1, 0, 0
53500, 371114, 1, 0, 0
54000, 371108, 1, 0, 0
54500, 371040, 1, 0, 0
55000, 371007, 1, 0, 0
55500, 371020, 1, 0, 0
56000, 371011, 1, 0, 0
56500, 370934, 1, 0, 0
57000, 370747, 1, 0, 0
57500, 370964, 1, 0, 0
58000, 370845, 1, 0, 0
58500, 370620, 1, 0, 0
59000, 370874, 1, 0, 0
59500, 370861, 1, 0, 0
60000, 370990, 1, 0, 0
60001, 3347447, 1, 0, 0
