500, 143086, 1, 0, 0
1000, 142916, 1, 0, 0
1500, 142912, 1, 0, 0
2000, 142912, 1, 0, 0
2500, 142942, 1, 0, 0
3000, 142946, 1, 0, 0
3500, 142912, 1, 0, 0
4000, 142912, 1, 0, 0
4500, 142912, 1, 0, 0
5000, 142944, 1, 0, 0
5500, 136624, 1, 0, 0
6000, 85296, 1, 0, 0
6500, 83584, 1, 0, 0
7000, 84960, 1, 0, 0
7500, 84000, 1, 0, 0
8000, 84544, 1, 0, 0
8500, 84324, 1, 0, 0
9000, 84204, 1, 0, 0
9500, 84720, 1, 0, 0
10000, 83824, 1, 0, 0
10500, 85136, 1, 0, 0
11000, 83282, 1, 0, 0
11500, 85332, 1, 0, 0
12000, 83584, 1, 0, 0
12500, 83444, 1, 0, 0
13000, 84156, 1, 0, 0
13500, 84132, 1, 0, 0
14000, 83100, 1, 0, 0
14500, 83148, 1, 0, 0
15000, 84148, 1, 0, 0
15500, 84156, 1, 0, 0
16000, 83284, 1, 0, 0
16500, 83072, 1, 0, 0
17000, 83978, 1, 0, 0
17500, 84014, 1, 0, 0
18000, 83784, 1, 0, 0
18500, 83072, 1, 0, 0
19000, 83496, 1, 0, 0
19500, 84200, 1, 0, 0
20000, 84056, 1, 0, 0
20500, 83092, 1, 0, 0
21000, 83252, 1, 0, 0
21500, 84158, 1, 0, 0
22000, 84054, 1, 0, 0
22500, 83428, 1, 0, 0
23000, 83072, 1, 0, 0
23500, 83870, 1, 0, 0
24000, 84162, 1, 0, 0
24500, 83744, 1, 0, 0
25000, 83072, 1, 0, 0
25500, 83532, 1, 0, 0
26000, 84180, 1, 0, 0
26500, 84060, 1, 0, 0
27000, 83072, 1, 0, 0
27500, 83224, 1, 0, 0
28000, 84152, 1, 0, 0
28500, 84180, 1, 0, 0
29000, 83184, 1, 0, 0
29500, 83084, 1, 0, 0
30000, 84052, 1, 0, 0
30500, 84160, 1, 0, 0
31000, 83536, 1, 0, 0
31500, 105852, 1, 0, 0
32000, 104644, 1, 0, 0
32500, 82984, 1, 0, 0
33000, 82988, 1, 0, 0
33500, 82996, 1, 0, 0
34000, 71640, 1, 0, 0
34500, 57458, 1, 0, 0
35000, 56220, 1, 0, 0
35500, 55512, 1, 0, 0
36000, 56878, 1, 0, 0
36500, 56670, 1, 0, 0
37000, 57344, 1, 0, 0
37500, 55484, 1, 0, 0
38000, 56208, 1, 0, 0
38500, 56244, 1, 0, 0
39000, 57344, 1, 0, 0
39500, 56972, 1, 0, 0
40000, 55124, 1, 0, 0
40500, 56864, 1, 0, 0
41000, 56320, 1, 0, 0
41500, 57344, 1, 0, 0
42000, 56224, 1, 0, 0
42500, 55508, 1, 0, 0
43000, 56884, 1, 0, 0
43500, 57830, 1, 0, 0
44000, 76434, 1, 0, 0
44500, 80912, 1, 0, 0
45000, 85996, 1, 0, 0
45500, 85992, 1, 0, 0
46000, 85992, 1, 0, 0
46500, 85980, 1, 0, 0
47000, 85988, 1, 0, 0
47500, 85980, 1, 0, 0
48000, 85867, 1, 0, 0
48500, 86000, 1, 0, 0
49000, 85972, 1, 0, 0
49500, 85996, 1, 0, 0
50000, 85964, 1, 0, 0
50500, 85988, 1, 0, 0
51000, 85968, 1, 0, 0
51500, 86000, 1, 0, 0
52000, 85968, 1, 0, 0
52500, 85966, 1, 0, 0
53000, 86006, 1, 0, 0
53500, 85956, 1, 0, 0
54000, 85996, 1, 0, 0
54500, 85984, 1, 0, 0
55000, 85976, 1, 0, 0
55500, 86000, 1, 0, 0
56000, 85980, 1, 0, 0
56500, 86000, 1, 0, 0
57000, 86000, 1, 0, 0
57500, 86000, 1, 0, 0
58000, 86008, 1, 0, 0
58500, 86016, 1, 0, 0
59000, 85992, 1, 0, 0
59500, 86016, 1, 0, 0
60000, 85974, 1, 0, 0
