500, 112494, 1, 0, 0
1000, 112624, 1, 0, 0
1500, 112765, 1, 0, 0
2000, 112896, 1, 0, 0
2500, 112553, 1, 0, 0
3000, 113054, 1, 0, 0
3500, 112541, 1, 0, 0
4000, 112813, 1, 0, 0
4500, 112909, 1, 0, 0
5000, 112925, 1, 0, 0
5511, 112582, 1, 0, 0
6016, 1436026, 1, 0, 0
6507, 2024222, 1, 0, 0
7000, 1947264, 1, 0, 0
7510, 1776283, 1, 0, 0
8004, 1701850, 1, 0, 0
8512, 1683640, 1, 0, 0
9003, 1528796, 1, 0, 0
9514, 1418386, 1, 0, 0
10002, 1384515, 1, 0, 0
10504, 1407707, 1, 0, 0
11016, 1451085, 1, 0, 0
11500, 1209076, 1, 0, 0
12012, 1635398, 1, 0, 0
12500, 1088966, 1, 0, 0
13006, 1001469, 1, 0, 0
13512, 1297689, 1, 0, 0
14001, 1291413, 1, 0, 0
14501, 1367797, 1, 0, 0
15014, 1453691, 1, 0, 0
15514, 1645119, 1, 0, 0
16000, 1195924, 1, 0, 0
16509, 1121334, 1, 0, 0
17014, 1126785, 1, 0, 0
17503, 1071210, 1, 0, 0
18013, 1640486, 1, 0, 0
18502, 1269315, 1, 0, 0
19012, 1041660, 1, 0, 0
19503, 1257208, 1, 0, 0
20001, 1178894, 1, 0, 0
20500, 1421418, 1, 0, 0
21014, 1422574, 1, 0, 0
21507, 1192288, 1, 0, 0
22008, 1069056, 1, 0, 0
22513, 1602978, 1, 0, 0
23003, 1473991, 1, 0, 0
23501, 1614085, 1, 0, 0
24001, 1561940, 1, 0, 0
24500, 1302857, 1, 0, 0
25005, 1103603, 1, 0, 0
25507, 1487586, 1, 0, 0
26002, 1007822, 1, 0, 0
26500, 1617408, 1, 0, 0
27010, 1251334, 1, 0, 0
27512, 938446, 1, 0, 0
28011, 1092550, 1, 0, 0
28505, 1552189, 1, 0, 0
29014, 1156699, 1, 0, 0
29508, 1149928, 1, 0, 0
30002, 1111784, 1, 0, 0
30507, 937442, 1, 0, 0
31009, 811368, 1, 0, 0
31512, 775235, 1, 0, 0
32000, 1099806, 1, 0, 0
32500, 1112970, 1, 0, 0
33003, 1267429, 1, 0, 0
33505, 1011175, 1, 0, 0
34009, 1220230, 1, 0, 0
34508, 1267791, 1, 0, 0
35011, 782347, 1, 0, 0
35506, 710297, 1, 0, 0
36004, 661067, 1, 0, 0
36512, 792631, 1, 0, 0
37003, 1073766, 1, 0, 0
37511, 919937, 1, 0, 0
38000, 645427, 1, 0, 0
38500, 991776, 1, 0, 0
39000, 931247, 1, 0, 0
39501, 763052, 1, 0, 0
40008, 540452, 1, 0, 0
40504, 599788, 1, 0, 0
41012, 658877, 1, 0, 0
41511, 766472, 1, 0, 0
42007, 709315, 1, 0, 0
42502, 577958, 1, 0, 0
43002, 632159, 1, 0, 0
43500, 404315, 1, 0, 0
44000, 315344, 1, 0, 0
44505, 424642, 1, 0, 0
45004, 351664, 1, 0, 0
45500, 219819, 1, 0, 0
46000, 136986, 1, 0, 0
46507, 2040622, 1, 0, 0
47000, 2065759, 1, 0, 0
47513, 1939792, 1, 0, 0
48005, 1794171, 1, 0, 0
48517, 1713857, 1, 0, 0
49008, 1586669, 1, 0, 0
49500, 1560677, 1, 0, 0
50007, 1517498, 1, 0, 0
50516, 1325934, 1, 0, 0
51006, 1249879, 1, 0, 0
51505, 1317097, 1, 0, 0
52002, 1272673, 1, 0, 0
52507, 1100202, 1, 0, 0
53010, 1050975, 1, 0, 0
53500, 1115855, 1, 0, 0
54005, 1332796, 1, 0, 0
54515, 1258029, 1, 0, 0
55001, 1271879, 1, 0, 0
55500, 1354474, 1, 0, 0
56008, 1385143, 1, 0, 0
56500, 1382721, 1, 0, 0
57005, 1141111, 1, 0, 0
57503, 1228024, 1, 0, 0
58011, 1070723, 1, 0, 0
58500, 1090051, 1, 0, 0
59013, 1156752, 1, 0, 0
59502, 1292076, 1, 0, 0
60011, 1230564, 1, 0, 0
60012, 16119603, 1, 0, 0
