500, 979, 1, 0, 0
1000, 985, 1, 0, 0
1500, 982, 1, 0, 0
2000, 981, 1, 0, 0
2500, 981, 1, 0, 0
3000, 988, 1, 0, 0
3500, 989, 1, 0, 0
4000, 986, 1, 0, 0
4500, 985, 1, 0, 0
5000, 983, 1, 0, 0
5511, 982, 1, 0, 0
6016, 1001, 1, 0, 0
6507, 1009, 1, 0, 0
7000, 1005, 1, 0, 0
7510, 1017, 1, 0, 0
8004, 1018, 1, 0, 0
8512, 1204, 1, 0, 0
9003, 998, 1, 0, 0
9514, 993, 1, 0, 0
10002, 1003, 1, 0, 0
10504, 1010, 1, 0, 0
11016, 1001, 1, 0, 0
11500, 992, 1, 0, 0
12012, 1005, 1, 0, 0
12500, 997, 1, 0, 0
13006, 985, 1, 0, 0
13512, 993, 1, 0, 0
14001, 1001, 1, 0, 0
14501, 1003, 1, 0, 0
15014, 1003, 1, 0, 0
15514, 1008, 1, 0, 0
16000, 996, 1, 0, 0
16509, 988, 1, 0, 0
17014, 985, 1, 0, 0
17503, 983, 1, 0, 0
18013, 1011, 1, 0, 0
18502, 1418, 1, 0, 0
19012, 1073, 1, 0, 0
19503, 994, 1, 0, 0
20001, 989, 1, 0, 0
20500, 1002, 1, 0, 0
21014, 1002, 1, 0, 0
21507, 987, 1, 0, 0
22008, 985, 1, 0, 0
22513, 996, 1, 0, 0
23003, 1001, 1, 0, 0
23501, 1012, 1, 0, 0
24001, 1012, 1, 0, 0
24500, 1007, 1, 0, 0
25005, 990, 1, 0, 0
25507, 1258, 1, 0, 0
26002, 1026, 1, 0, 0
26500, 1003, 1, 0, 0
27010, 991, 1, 0, 0
27512, 997, 1, 0, 0
28011, 990, 1, 0, 0
28505, 1032, 1, 0, 0
29014, 1003, 1, 0, 0
29508, 1004, 1, 0, 0
30002, 991, 1, 0, 0
30507, 991, 1, 0, 0
31009, 981, 1, 0, 0
31513, 982, 1, 0, 0
32000, 987, 1, 0, 0
32500, 996, 1, 0, 0
33003, 1006, 1, 0, 0
33505, 996, 1, 0, 0
34009, 1004, 1, 0, 0
34508, 1000, 1, 0, 0
35011, 987, 1, 0, 0
35506, 1092, 1, 0, 0
36004, 991, 1, 0, 0
36512, 994, 1, 0, 0
37003, 988, 1, 0, 0
37511, 1030, 1, 0, 0
38000, 991, 1, 0, 0
38500, 989, 1, 0, 0
39000, 991, 1, 0, 0
39501, 989, 1, 0, 0
40008, 985, 1, 0, 0
40504, 985, 1, 0, 0
41012, 985, 1, 0, 0
41511, 985, 1, 0, 0
42007, 983, 1, 0, 0
42502, 1000, 1, 0, 0
43002, 986, 1, 0, 0
43500, 982, 1, 0, 0
44000, 985, 1, 0, 0
44505, 982, 1, 0, 0
45004, 983, 1, 0, 0
45500, 974, 1, 0, 0
46000, 977, 1, 0, 0
46508, 1017, 1, 0, 0
47000, 1015, 1, 0, 0
47513, 1030, 1, 0, 0
48005, 1022, 1, 0, 0
48517, 1025, 1, 0, 0
49008, 990, 1, 0, 0
49500, 1007, 1, 0, 0
50007, 1026, 1, 0, 0
50516, 988, 1, 0, 0
51006, 1372, 1, 0, 0
51505, 995, 1, 0, 0
52002, 1035, 1, 0, 0
52507, 996, 1, 0, 0
53010, 984, 1, 0, 0
53500, 986, 1, 0, 0
54005, 1010, 1, 0, 0
54515, 999, 1, 0, 0
55001, 992, 1, 0, 0
55500, 998, 1, 0, 0
56008, 994, 1, 0, 0
56500, 1003, 1, 0, 0
57005, 993, 1, 0, 0
57503, 998, 1, 0, 0
58011, 991, 1, 0, 0
58500, 993, 1, 0, 0
59013, 993, 1, 0, 0
59502, 1000, 1, 0, 0
60012, 986, 1, 0, 0
