500, 283984, 1, 0, 0
1000, 283618, 1, 0, 0
1500, 283262, 1, 0, 0
2000, 282934, 1, 0, 0
2500, 283782, 1, 0, 0
3000, 282540, 1, 0, 0
3500, 283808, 1, 0, 0
4000, 283142, 1, 0, 0
4500, 282880, 1, 0, 0
5000, 282818, 1, 0, 0
5500, 280350, 1, 0, 0
6000, 22464, 1, 0, 0
6500, 15552, 1, 0, 0
7000, 16761, 1, 0, 0
7500, 17832, 1, 0, 0
8000, 18544, 1, 0, 0
8500, 19328, 1, 0, 0
9000, 20496, 1, 0, 0
9500, 23056, 1, 0, 0
10000, 22608, 1, 0, 0
10500, 22864, 1, 0, 0
11000, 22512, 1, 0, 0
11500, 25696, 1, 0, 0
12000, 20016, 1, 0, 0
12500, 29780, 1, 0, 0
13000, 31068, 1, 0, 0
13500, 24976, 1, 0, 0
14000, 24224, 1, 0, 0
14500, 23424, 1, 0, 0
15000, 22608, 1, 0, 0
15500, 19456, 1, 0, 0
16000, 26024, 1, 0, 0
16500, 28968, 1, 0, 0
17000, 28688, 1, 0, 0
17500, 29200, 1, 0, 0
18000, 19959, 1, 0, 0
18500, 24624, 1, 0, 0
19000, 31296, 1, 0, 0
19500, 25024, 1, 0, 0
20000, 26976, 1, 0, 0
20500, 23042, 1, 0, 0
21000, 22622, 1, 0, 0
21500, 26400, 1, 0, 0
22000, 30064, 1, 0, 0
22500, 20160, 1, 0, 0
23000, 21248, 1, 0, 0
23500, 19776, 1, 0, 0
24000, 20464, 1, 0, 0
24500, 25248, 1, 0, 0
25000, 28384, 1, 0, 0
25500, 21632, 1, 0, 0
26000, 31424, 1, 0, 0
26500, 20496, 1, 0, 0
27000, 25152, 1, 0, 0
27500, 34164, 1, 0, 0
28000, 29264, 1, 0, 0
28500, 20352, 1, 0, 0
29000, 28224, 1, 0, 0
29500, 27472, 1, 0, 0
30000, 28480, 1, 0, 0
30500, 34320, 1, 0, 0
31000, 39584, 1, 0, 0
31500, 41568, 1, 0, 0
32000, 29280, 1, 0, 0
32500, 28800, 1, 0, 0
33000, 24624, 1, 0, 0
33500, 31792, 1, 0, 0
34000, 26416, 1, 0, 0
34500, 25248, 1, 0, 0
35000, 41024, 1, 0, 0
35500, 44576, 1, 0, 0
36000, 48176, 1, 0, 0
36500, 41056, 1, 0, 0
37000, 29370, 1, 0, 0
37500, 35200, 1, 0, 0
38000, 49888, 1, 0, 0
38500, 32352, 1, 0, 0
39000, 33456, 1, 0, 0
39500, 41872, 1, 0, 0
40000, 60048, 1, 0, 0
40500, 52896, 1, 0, 0
41000, 49456, 1, 0, 0
41500, 41680, 1, 0, 0
42000, 44752, 1, 0, 0
42500, 54896, 1, 0, 0
43000, 50592, 1, 0, 0
43500, 80688, 1, 0, 0
44000, 101616, 1, 0, 0
44500, 74448, 1, 0, 0
45000, 91040, 1, 0, 0
45500, 145702, 1, 0, 0
46001, 234400, 1, 0, 0
46500, 15096, 1, 0, 0
47000, 15224, 1, 0, 0
47500, 16920, 1, 0, 0
48000, 17600, 1, 0, 0
48500, 19056, 1, 0, 0
49000, 19792, 1, 0, 0
49500, 20232, 1, 0, 0
50000, 21368, 1, 0, 0
50500, 24576, 1, 0, 0
51000, 25040, 1, 0, 0
51500, 24304, 1, 0, 0
52000, 25024, 1, 0, 0
52500, 29328, 1, 0, 0
53000, 30672, 1, 0, 0
53500, 28336, 1, 0, 0
54000, 23984, 1, 0, 0
54500, 25936, 1, 0, 0
55000, 24464, 1, 0, 0
55500, 24392, 1, 0, 0
56000, 22728, 1, 0, 0
56500, 22840, 1, 0, 0
57000, 28280, 1, 0, 0
57500, 25904, 1, 0, 0
58000, 30368, 1, 0, 0
58500, 29732, 1, 0, 0
59000, 27372, 1, 0, 0
59500, 24256, 1, 0, 0
60000, 26512, 1, 0, 0
