500, 2271872, 1, 0, 0
1000, 2268944, 1, 0, 0
1500, 2266112, 1, 0, 0
2000, 2263472, 1, 0, 0
2500, 2270256, 1, 0, 0
3000, 2260304, 1, 0, 0
3500, 2270464, 1, 0, 0
4000, 2265136, 1, 0, 0
4500, 2263040, 1, 0, 0
5000, 2262544, 1, 0, 0
5500, 2242800, 1, 0, 0
6000, 179712, 1, 0, 0
6500, 124416, 1, 0, 0
7000, 134092, 1, 0, 0
7500, 142656, 1, 0, 0
8000, 148352, 1, 0, 0
8500, 154624, 1, 0, 0
9000, 163968, 1, 0, 0
9500, 184448, 1, 0, 0
10000, 180864, 1, 0, 0
10500, 182912, 1, 0, 0
11000, 180096, 1, 0, 0
11500, 205568, 1, 0, 0
12000, 160128, 1, 0, 0
12500, 238224, 1, 0, 0
13000, 248544, 1, 0, 0
13500, 199808, 1, 0, 0
14000, 193792, 1, 0, 0
14500, 187392, 1, 0, 0
15000, 180864, 1, 0, 0
15500, 155648, 1, 0, 0
16000, 208192, 1, 0, 0
16500, 231744, 1, 0, 0
17000, 229504, 1, 0, 0
17500, 233600, 1, 0, 0
18000, 159679, 1, 0, 0
18500, 196992, 1, 0, 0
19000, 250368, 1, 0, 0
19500, 200192, 1, 0, 0
20000, 215808, 1, 0, 0
20500, 184336, 1, 0, 0
21000, 180976, 1, 0, 0
21500, 211200, 1, 0, 0
22000, 240512, 1, 0, 0
22500, 161280, 1, 0, 0
23000, 169984, 1, 0, 0
23500, 158208, 1, 0, 0
24000, 163712, 1, 0, 0
24500, 201984, 1, 0, 0
25000, 227072, 1, 0, 0
25500, 173056, 1, 0, 0
26000, 251392, 1, 0, 0
26500, 163968, 1, 0, 0
27000, 201216, 1, 0, 0
27500, 273314, 1, 0, 0
28000, 234112, 1, 0, 0
28500, 162816, 1, 0, 0
29000, 225792, 1, 0, 0
29500, 219776, 1, 0, 0
30000, 227840, 1, 0, 0
30500, 274560, 1, 0, 0
31000, 316672, 1, 0, 0
31500, 332544, 1, 0, 0
32000, 234240, 1, 0, 0
32500, 230400, 1, 0, 0
33000, 196992, 1, 0, 0
33500, 254336, 1, 0, 0
34000, 211328, 1, 0, 0
34500, 201984, 1, 0, 0
35000, 328192, 1, 0, 0
35500, 356608, 1, 0, 0
36000, 385408, 1, 0, 0
36500, 328448, 1, 0, 0
37000, 234965, 1, 0, 0
37500, 281600, 1, 0, 0
38000, 399104, 1, 0, 0
38500, 258816, 1, 0, 0
39000, 267648, 1, 0, 0
39500, 334976, 1, 0, 0
40000, 480384, 1, 0, 0
40500, 423168, 1, 0, 0
41000, 395648, 1, 0, 0
41500, 333440, 1, 0, 0
42000, 358016, 1, 0, 0
42500, 439168, 1, 0, 0
43000, 404736, 1, 0, 0
43500, 645504, 1, 0, 0
44000, 812928, 1, 0, 0
44500, 595584, 1, 0, 0
45000, 728320, 1, 0, 0
45500, 1165616, 1, 0, 0
46001, 1875200, 1, 0, 0
46500, 120769, 1, 0, 0
47000, 121792, 1, 0, 0
47500, 135360, 1, 0, 0
48000, 140800, 1, 0, 0
48500, 152448, 1, 0, 0
49000, 158336, 1, 0, 0
49500, 161856, 1, 0, 0
50000, 170944, 1, 0, 0
50500, 196608, 1, 0, 0
51000, 200320, 1, 0, 0
51500, 194432, 1, 0, 0
52000, 200192, 1, 0, 0
52500, 234624, 1, 0, 0
53000, 245376, 1, 0, 0
53500, 226688, 1, 0, 0
54000, 191872, 1, 0, 0
54500, 207488, 1, 0, 0
55000, 195712, 1, 0, 0
55500, 195142, 1, 0, 0
56000, 181824, 1, 0, 0
56500, 182720, 1, 0, 0
57000, 226240, 1, 0, 0
57500, 207232, 1, 0, 0
58000, 242944, 1, 0, 0
58500, 237856, 1, 0, 0
59000, 218976, 1, 0, 0
59500, 194048, 1, 0, 0
60000, 212096, 1, 0, 0
