[89346.664516] KSC2026-MARK map4k_bs8k_r1 insmod 1791465109404661208
[89346.678469] NVMeVirt: Version 1.10 for >> Samsung 970 Pro SSD <<
[89346.678478] NVMeVirt: Storage: 0x300100000-0x600000000 (12287 MiB)
[89346.688484] NVMeVirt: Total Capacity(GiB,MiB)=3,3072 chs=2 luns=4 lines=384 blk-size(MiB,KiB)=2,2048 line-size(MiB,KiB)=8,8192
[89346.688490] NVMeVirt: KSC2026: mapping unit=4096 B, flash page=32768 B, oneshot page=32768 B, pgs_per_blk=512, blks_per_pl=384, write buffer=1048576 B
[89346.697653] NVMeVirt: [chmodel_init] bandwidth 800 max_credits 26 tx_time 152
[89346.704466] NVMeVirt: [chmodel_init] bandwidth 800 max_credits 26 tx_time 152
[89346.704476] NVMeVirt: [chmodel_init] bandwidth 3360 max_credits 110 tx_time 36
[89346.705884] NVMeVirt: pqueue: Copyright (c) 2014, Volkan Yazıcı <volkan.yazici@gmail.com>. All rights reserved.
[89346.705886] NVMeVirt: Init FTL instance with 2 channels (786432 pages)
[89346.712599] NVMeVirt: [chmodel_init] bandwidth 800 max_credits 26 tx_time 152
[89346.719295] NVMeVirt: [chmodel_init] bandwidth 800 max_credits 26 tx_time 152
[89346.719306] NVMeVirt: [chmodel_init] bandwidth 3360 max_credits 110 tx_time 36
[89346.720701] NVMeVirt: Init FTL instance with 2 channels (786432 pages)
[89346.727461] NVMeVirt: [chmodel_init] bandwidth 800 max_credits 26 tx_time 152
[89346.734246] NVMeVirt: [chmodel_init] bandwidth 800 max_credits 26 tx_time 152
[89346.734256] NVMeVirt: [chmodel_init] bandwidth 3360 max_credits 110 tx_time 36
[89346.735655] NVMeVirt: Init FTL instance with 2 channels (786432 pages)
[89346.742441] NVMeVirt: [chmodel_init] bandwidth 800 max_credits 26 tx_time 152
[89346.749128] NVMeVirt: [chmodel_init] bandwidth 800 max_credits 26 tx_time 152
[89346.749139] NVMeVirt: [chmodel_init] bandwidth 3360 max_credits 110 tx_time 36
[89346.750559] NVMeVirt: Init FTL instance with 2 channels (786432 pages)
[89346.750563] NVMeVirt: FTL physical space: 12883853312, logical space: 12040984403 (physical/logical * 100 = 107)
[89346.750564] NVMeVirt: KSC2026: WBUF_FIX=1 GC_STATS=1
[89346.750565] NVMeVirt: ns 0/1: size 11483 MiB
[89346.750598] PCI host bridge to bus 0001:10
[89346.750600] pci_bus 0001:10: root bus resource [io  0x0000-0xffff]
[89346.750601] pci_bus 0001:10: root bus resource [mem 0x00000000-0x3fffffffffff]
[89346.750603] pci_bus 0001:10: root bus resource [bus 00-ff]
[89346.750609] pci 0001:10:00.0: [0c51:0110] type 00 class 0x010802 PCIe Endpoint
[89346.750611] pci 0001:10:00.0: BAR 0 [mem 0x300000000-0x300003fff 64bit]
[89346.750613] pci 0001:10:00.0: enabling Extended Tags
[89346.750715] NVMeVirt: Virtual PCI bus created (node 0)
[89346.750915] NVMeVirt: nvmev_io_worker_0 started on cpu 4 (node 0)
[89346.751085] NVMeVirt: nvmev_io_worker_1 started on cpu 5 (node 0)
[89346.751101] NVMeVirt: nvmev_dispatcher started on cpu 3 (node 0)
[89346.751183] nvme nvme1: pci function 0001:10:00.0
[89346.754602] nvme nvme1: 1/0/0 default/read/poll queues
[89346.756499] NVMeVirt: Virtual NVMe device created
[89352.789642] KSC2026-MARK map4k_bs8k_r1 fio-start 1791465115541995603
[89358.526783] NVMeVirt: KSC2026: first GC part=2 victim line=313 vpc=1896 ipc=152 free_lines=2 host_pgs=778240
[89358.526860] NVMeVirt: KSC2026: first GC part=3 victim line=313 vpc=1896 ipc=152 free_lines=2 host_pgs=778240
[89358.546017] NVMeVirt: KSC2026: first GC part=0 victim line=60 vpc=1896 ipc=152 free_lines=2 host_pgs=778240
[89358.546090] NVMeVirt: KSC2026: first GC part=1 victim line=60 vpc=1896 ipc=152 free_lines=2 host_pgs=778240
[89413.831356] KSC2026-MARK map4k_bs8k_r1 fio-end
[89413.836109] KSC2026-MARK map4k_bs8k_r1 rmmod 1791465176590652828
[89413.899329] pci_bus 0001:10: busn_res: [bus 10-ff] is released
[89413.899381] NVMeVirt: KSC2026: stats part=0 host_pgs=1682776 gc_pgs=3918415 gc_cnt=2354 free_lines=2
[89413.899383] NVMeVirt: KSC2026: stats part=1 host_pgs=1682776 gc_pgs=3918415 gc_cnt=2354 free_lines=2
[89413.899384] NVMeVirt: KSC2026: stats part=2 host_pgs=1682800 gc_pgs=3920542 gc_cnt=2355 free_lines=2
[89413.899384] NVMeVirt: KSC2026: stats part=3 host_pgs=1682800 gc_pgs=3920542 gc_cnt=2355 free_lines=2
[89413.966343] NVMeVirt: Virtual NVMe device closed
