500, 479588, 1, 0, 0
1000, 478073, 1, 0, 0
1500, 478305, 1, 0, 0
2000, 478775, 1, 0, 0
2500, 479009, 1, 0, 0
3000, 479399, 1, 0, 0
3500, 477713, 1, 0, 0
4000, 479101, 1, 0, 0
4500, 477008, 1, 0, 0
5000, 477448, 1, 0, 0
5500, 477177, 1, 0, 0
6000, 580445, 1, 0, 0
6503, 1358887, 1, 0, 0
7000, 1379107, 1, 0, 0
7500, 1530608, 1, 0, 0
8000, 1662012, 1, 0, 0
8505, 1580384, 1, 0, 0
9000, 1777558, 1, 0, 0
9500, 1837022, 1, 0, 0
10000, 1811533, 1, 0, 0
10500, 2058228, 1, 0, 0
11000, 1996591, 1, 0, 0
11507, 2037930, 1, 0, 0
12009, 2278665, 1, 0, 0
12500, 2187620, 1, 0, 0
13000, 2359529, 1, 0, 0
13500, 2412175, 1, 0, 0
14000, 2503448, 1, 0, 0
14500, 2775970, 1, 0, 0
15000, 2687973, 1, 0, 0
15500, 2495805, 1, 0, 0
16000, 2947097, 1, 0, 0
16508, 2865634, 1, 0, 0
17004, 2989603, 1, 0, 0
17503, 3242535, 1, 0, 0
18004, 3131789, 1, 0, 0
18500, 3270113, 1, 0, 0
19005, 3036725, 1, 0, 0
19504, 3261228, 1, 0, 0
20001, 3561327, 1, 0, 0
20502, 3207179, 1, 0, 0
21008, 3755809, 1, 0, 0
21506, 3425816, 1, 0, 0
22000, 3656737, 1, 0, 0
22510, 3812210, 1, 0, 0
23009, 3936871, 1, 0, 0
23501, 3951980, 1, 0, 0
24006, 4114009, 1, 0, 0
24501, 4082895, 1, 0, 0
25007, 4180645, 1, 0, 0
25509, 4055691, 1, 0, 0
26004, 4413310, 1, 0, 0
26500, 4140234, 1, 0, 0
27004, 4233785, 1, 0, 0
27500, 4282012, 1, 0, 0
28002, 4324446, 1, 0, 0
28506, 4202968, 1, 0, 0
29012, 4179509, 1, 0, 0
29509, 4620459, 1, 0, 0
30000, 4857782, 1, 0, 0
30510, 4694841, 1, 0, 0
31011, 4691955, 1, 0, 0
31500, 4860536, 1, 0, 0
32000, 4806414, 1, 0, 0
32500, 5208142, 1, 0, 0
33004, 4889997, 1, 0, 0
33510, 4940983, 1, 0, 0
34000, 5255532, 1, 0, 0
34506, 5113479, 1, 0, 0
35000, 5314542, 1, 0, 0
35507, 5087979, 1, 0, 0
36006, 5454723, 1, 0, 0
36507, 5422290, 1, 0, 0
37000, 4967175, 1, 0, 0
37500, 5699270, 1, 0, 0
38012, 5819667, 1, 0, 0
38501, 5679574, 1, 0, 0
39007, 5916896, 1, 0, 0
39511, 5756402, 1, 0, 0
40004, 5554945, 1, 0, 0
40511, 6283845, 1, 0, 0
41006, 5977017, 1, 0, 0
41500, 5933468, 1, 0, 0
42000, 5861704, 1, 0, 0
42511, 6110148, 1, 0, 0
43004, 6268611, 1, 0, 0
43514, 6412549, 1, 0, 0
44002, 6538334, 1, 0, 0
44500, 6087010, 1, 0, 0
45000, 5678149, 1, 0, 0
45514, 5786273, 1, 0, 0
46009, 5985136, 1, 0, 0
46507, 5837249, 1, 0, 0
47000, 6251084, 1, 0, 0
47509, 6017593, 1, 0, 0
48000, 6443265, 1, 0, 0
48501, 5633344, 1, 0, 0
49010, 6024390, 1, 0, 0
49500, 6664624, 1, 0, 0
50006, 6145868, 1, 0, 0
50504, 5853914, 1, 0, 0
51000, 6195229, 1, 0, 0
51516, 5775552, 1, 0, 0
52015, 5777044, 1, 0, 0
52509, 6124282, 1, 0, 0
53006, 5859220, 1, 0, 0
53510, 5506445, 1, 0, 0
54004, 6043665, 1, 0, 0
54500, 6305876, 1, 0, 0
55006, 6312891, 1, 0, 0
55507, 5855785, 1, 0, 0
56009, 5707215, 1, 0, 0
56507, 5738205, 1, 0, 0
57007, 5537527, 1, 0, 0
57500, 6324749, 1, 0, 0
58012, 5817243, 1, 0, 0
58500, 6196377, 1, 0, 0
59010, 6374540, 1, 0, 0
59500, 6553359, 1, 0, 0
60000, 6126791, 1, 0, 0
60017, 17917909, 1, 0, 0
