500, 1065152, 1, 0, 0
1000, 1067744, 1, 0, 0
1500, 1067328, 1, 0, 0
2000, 1066304, 1, 0, 0
2500, 1065696, 1, 0, 0
3000, 1064480, 1, 0, 0
3500, 1068480, 1, 0, 0
4000, 1065523, 1, 0, 0
4500, 1070144, 1, 0, 0
5000, 1069088, 1, 0, 0
5500, 1069568, 1, 0, 0
6000, 880032, 1, 0, 0
6500, 374432, 1, 0, 0
7000, 369152, 1, 0, 0
7500, 337216, 1, 0, 0
8000, 304256, 1, 0, 0
8500, 325344, 1, 0, 0
9000, 290016, 1, 0, 0
9500, 278816, 1, 0, 0
10000, 282016, 1, 0, 0
10500, 249024, 1, 0, 0
11000, 256512, 1, 0, 0
11500, 249024, 1, 0, 0
12000, 225152, 1, 0, 0
12500, 233856, 1, 0, 0
13000, 216960, 1, 0, 0
13500, 214304, 1, 0, 0
14000, 202677, 1, 0, 0
14500, 182176, 1, 0, 0
15000, 192896, 1, 0, 0
15500, 204544, 1, 0, 0
16000, 171712, 1, 0, 0
16500, 180096, 1, 0, 0
17000, 169664, 1, 0, 0
17500, 158176, 1, 0, 0
18000, 163104, 1, 0, 0
18500, 158592, 1, 0, 0
19000, 165760, 1, 0, 0
19500, 156768, 1, 0, 0
20000, 143072, 1, 0, 0
20500, 160256, 1, 0, 0
21000, 137600, 1, 0, 0
21500, 149088, 1, 0, 0
22000, 141984, 1, 0, 0
22500, 132864, 1, 0, 0
23000, 129920, 1, 0, 0
23500, 127520, 1, 0, 0
24000, 126368, 1, 0, 0
24500, 123072, 1, 0, 0
25000, 123936, 1, 0, 0
25500, 126656, 1, 0, 0
26000, 114752, 1, 0, 0
26500, 127232, 1, 0, 0
27000, 117696, 1, 0, 0
27500, 121619, 1, 0, 0
28000, 116320, 1, 0, 0
28500, 122368, 1, 0, 0
29000, 123776, 1, 0, 0
29500, 109920, 1, 0, 0
30000, 106784, 1, 0, 0
30500, 107968, 1, 0, 0
31000, 109152, 1, 0, 0
31500, 106112, 1, 0, 0
32000, 103904, 1, 0, 0
32500, 101248, 1, 0, 0
33000, 101504, 1, 0, 0
33500, 105344, 1, 0, 0
34000, 98020, 1, 0, 0
34500, 98496, 1, 0, 0
35000, 97984, 1, 0, 0
35500, 99072, 1, 0, 0
36000, 93536, 1, 0, 0
36500, 94784, 1, 0, 0
37000, 104320, 1, 0, 0
37500, 89856, 1, 0, 0
38000, 87392, 1, 0, 0
38500, 88384, 1, 0, 0
39000, 87424, 1, 0, 0
39500, 89504, 1, 0, 0
40000, 91104, 1, 0, 0
40500, 82720, 1, 0, 0
41000, 84480, 1, 0, 0
41500, 86605, 1, 0, 0
42000, 88864, 1, 0, 0
42500, 83200, 1, 0, 0
43000, 80160, 1, 0, 0
43500, 81568, 1, 0, 0
44000, 76416, 1, 0, 0
44500, 86368, 1, 0, 0
45000, 90336, 1, 0, 0
45500, 87936, 1, 0, 0
46000, 84672, 1, 0, 0
46500, 87520, 1, 0, 0
47000, 82528, 1, 0, 0
47500, 84896, 1, 0, 0
48000, 78592, 1, 0, 0
48500, 90260, 1, 0, 0
49000, 86912, 1, 0, 0
49500, 77344, 1, 0, 0
50000, 81824, 1, 0, 0
50500, 86848, 1, 0, 0
51000, 84032, 1, 0, 0
51500, 89184, 1, 0, 0
52000, 88512, 1, 0, 0
52500, 82688, 1, 0, 0
53000, 86976, 1, 0, 0
53500, 93568, 1, 0, 0
54000, 83744, 1, 0, 0
54500, 83584, 1, 0, 0
55000, 79040, 1, 0, 0
55500, 87552, 1, 0, 0
56000, 89939, 1, 0, 0
56500, 88992, 1, 0, 0
57000, 92640, 1, 0, 0
57500, 82400, 1, 0, 0
58000, 87104, 1, 0, 0
58500, 81248, 1, 0, 0
59000, 81248, 1, 0, 0
59500, 77440, 1, 0, 0
60000, 85280, 1, 0, 0
