500, 66574, 1, 0, 0
1000, 66734, 1, 0, 0
1500, 66708, 1, 0, 0
2000, 66644, 1, 0, 0
2500, 66606, 1, 0, 0
3000, 66530, 1, 0, 0
3500, 66780, 1, 0, 0
4000, 66595, 1, 0, 0
4500, 66884, 1, 0, 0
5000, 66818, 1, 0, 0
5500, 66848, 1, 0, 0
6000, 55002, 1, 0, 0
6500, 23402, 1, 0, 0
7000, 23072, 1, 0, 0
7500, 21076, 1, 0, 0
8000, 19016, 1, 0, 0
8500, 20334, 1, 0, 0
9000, 18126, 1, 0, 0
9500, 17426, 1, 0, 0
10000, 17626, 1, 0, 0
10500, 15564, 1, 0, 0
11000, 16032, 1, 0, 0
11500, 15564, 1, 0, 0
12000, 14072, 1, 0, 0
12500, 14616, 1, 0, 0
13000, 13560, 1, 0, 0
13500, 13394, 1, 0, 0
14000, 12667, 1, 0, 0
14500, 11386, 1, 0, 0
15000, 12056, 1, 0, 0
15500, 12784, 1, 0, 0
16000, 10732, 1, 0, 0
16500, 11256, 1, 0, 0
17000, 10604, 1, 0, 0
17500, 9886, 1, 0, 0
18000, 10194, 1, 0, 0
18500, 9912, 1, 0, 0
19000, 10360, 1, 0, 0
19500, 9798, 1, 0, 0
20000, 8942, 1, 0, 0
20500, 10016, 1, 0, 0
21000, 8600, 1, 0, 0
21500, 9318, 1, 0, 0
22000, 8874, 1, 0, 0
22500, 8304, 1, 0, 0
23000, 8120, 1, 0, 0
23500, 7970, 1, 0, 0
24000, 7898, 1, 0, 0
24500, 7692, 1, 0, 0
25000, 7746, 1, 0, 0
25500, 7916, 1, 0, 0
26000, 7172, 1, 0, 0
26500, 7952, 1, 0, 0
27000, 7356, 1, 0, 0
27500, 7601, 1, 0, 0
28000, 7270, 1, 0, 0
28500, 7648, 1, 0, 0
29000, 7736, 1, 0, 0
29500, 6870, 1, 0, 0
30000, 6674, 1, 0, 0
30500, 6748, 1, 0, 0
31000, 6822, 1, 0, 0
31500, 6632, 1, 0, 0
32000, 6494, 1, 0, 0
32500, 6328, 1, 0, 0
33000, 6344, 1, 0, 0
33500, 6584, 1, 0, 0
34000, 6126, 1, 0, 0
34500, 6156, 1, 0, 0
35000, 6124, 1, 0, 0
35500, 6192, 1, 0, 0
36000, 5846, 1, 0, 0
36500, 5924, 1, 0, 0
37000, 6520, 1, 0, 0
37500, 5616, 1, 0, 0
38000, 5462, 1, 0, 0
38500, 5524, 1, 0, 0
39000, 5464, 1, 0, 0
39500, 5594, 1, 0, 0
40000, 5694, 1, 0, 0
40500, 5170, 1, 0, 0
41000, 5280, 1, 0, 0
41500, 5412, 1, 0, 0
42000, 5554, 1, 0, 0
42500, 5200, 1, 0, 0
43000, 5010, 1, 0, 0
43500, 5098, 1, 0, 0
44000, 4776, 1, 0, 0
44500, 5398, 1, 0, 0
45000, 5646, 1, 0, 0
45500, 5496, 1, 0, 0
46000, 5292, 1, 0, 0
46500, 5470, 1, 0, 0
47000, 5158, 1, 0, 0
47500, 5306, 1, 0, 0
48000, 4912, 1, 0, 0
48500, 5641, 1, 0, 0
49000, 5432, 1, 0, 0
49500, 4834, 1, 0, 0
50000, 5114, 1, 0, 0
50500, 5428, 1, 0, 0
51000, 5252, 1, 0, 0
51500, 5574, 1, 0, 0
52000, 5532, 1, 0, 0
52500, 5168, 1, 0, 0
53000, 5436, 1, 0, 0
53500, 5848, 1, 0, 0
54000, 5234, 1, 0, 0
54500, 5224, 1, 0, 0
55000, 4940, 1, 0, 0
55500, 5472, 1, 0, 0
56000, 5621, 1, 0, 0
56500, 5562, 1, 0, 0
57000, 5790, 1, 0, 0
57500, 5150, 1, 0, 0
58000, 5444, 1, 0, 0
58500, 5078, 1, 0, 0
59000, 5078, 1, 0, 0
59500, 4840, 1, 0, 0
60000, 5330, 1, 0, 0
