500, 480848, 1, 0, 0
1000, 479332, 1, 0, 0
1500, 479565, 1, 0, 0
2000, 480029, 1, 0, 0
2500, 480253, 1, 0, 0
3000, 480649, 1, 0, 0
3500, 478972, 1, 0, 0
4000, 480348, 1, 0, 0
4500, 478258, 1, 0, 0
5000, 478697, 1, 0, 0
5500, 478427, 1, 0, 0
6000, 581703, 1, 0, 0
6503, 1360218, 1, 0, 0
7000, 1380358, 1, 0, 0
7500, 1531864, 1, 0, 0
8000, 1663270, 1, 0, 0
8505, 1581640, 1, 0, 0
9000, 1778818, 1, 0, 0
9500, 1838283, 1, 0, 0
10000, 1812796, 1, 0, 0
10500, 2059490, 1, 0, 0
11000, 1997852, 1, 0, 0
11507, 2039189, 1, 0, 0
12009, 2279927, 1, 0, 0
12500, 2188879, 1, 0, 0
13000, 2360791, 1, 0, 0
13500, 2413435, 1, 0, 0
14000, 2504713, 1, 0, 0
14500, 2777237, 1, 0, 0
15000, 2689242, 1, 0, 0
15500, 2497064, 1, 0, 0
16000, 2948365, 1, 0, 0
16508, 2866897, 1, 0, 0
17004, 2990866, 1, 0, 0
17503, 3243795, 1, 0, 0
18004, 3133424, 1, 0, 0
18500, 3271385, 1, 0, 0
19005, 3037986, 1, 0, 0
19504, 3262492, 1, 0, 0
20001, 3562627, 1, 0, 0
20502, 3208504, 1, 0, 0
21008, 3757109, 1, 0, 0
21506, 3427090, 1, 0, 0
22000, 3658002, 1, 0, 0
22510, 3813469, 1, 0, 0
23009, 3938152, 1, 0, 0
23501, 3953245, 1, 0, 0
24006, 4115275, 1, 0, 0
24501, 4084162, 1, 0, 0
25007, 4181912, 1, 0, 0
25509, 4056963, 1, 0, 0
26004, 4414579, 1, 0, 0
26500, 4141503, 1, 0, 0
27004, 4235049, 1, 0, 0
27500, 4283274, 1, 0, 0
28002, 4325737, 1, 0, 0
28506, 4204233, 1, 0, 0
29012, 4180766, 1, 0, 0
29509, 4621726, 1, 0, 0
30000, 4859052, 1, 0, 0
30510, 4696100, 1, 0, 0
31011, 4693221, 1, 0, 0
31500, 4861803, 1, 0, 0
32000, 4807683, 1, 0, 0
32500, 5209403, 1, 0, 0
33004, 4891269, 1, 0, 0
33510, 4942256, 1, 0, 0
34000, 5256798, 1, 0, 0
34506, 5115169, 1, 0, 0
35000, 5315805, 1, 0, 0
35507, 5089249, 1, 0, 0
36006, 5455985, 1, 0, 0
36507, 5423558, 1, 0, 0
37000, 4968439, 1, 0, 0
37500, 5700553, 1, 0, 0
38012, 5820938, 1, 0, 0
38501, 5680842, 1, 0, 0
39007, 5918162, 1, 0, 0
39511, 5757658, 1, 0, 0
40004, 5556204, 1, 0, 0
40511, 6285118, 1, 0, 0
41006, 5978278, 1, 0, 0
41500, 5934735, 1, 0, 0
42000, 5862977, 1, 0, 0
42511, 6111419, 1, 0, 0
43004, 6269883, 1, 0, 0
43514, 6413826, 1, 0, 0
44002, 6539617, 1, 0, 0
44500, 6088373, 1, 0, 0
45000, 5679416, 1, 0, 0
45514, 5787543, 1, 0, 0
46009, 5986408, 1, 0, 0
46507, 5838514, 1, 0, 0
47000, 6252352, 1, 0, 0
47509, 6018864, 1, 0, 0
48000, 6444536, 1, 0, 0
48501, 5634607, 1, 0, 0
49010, 6025657, 1, 0, 0
49500, 6665891, 1, 0, 0
50006, 6147148, 1, 0, 0
50504, 5855186, 1, 0, 0
51000, 6196505, 1, 0, 0
51516, 5777096, 1, 0, 0
52015, 5778305, 1, 0, 0
52509, 6125550, 1, 0, 0
53006, 5860487, 1, 0, 0
53510, 5507716, 1, 0, 0
54004, 6044923, 1, 0, 0
54500, 6307147, 1, 0, 0
55006, 6314163, 1, 0, 0
55507, 5857052, 1, 0, 0
56009, 5708482, 1, 0, 0
56507, 5739472, 1, 0, 0
57007, 5538787, 1, 0, 0
57500, 6326023, 1, 0, 0
58012, 5818506, 1, 0, 0
58500, 6197645, 1, 0, 0
59010, 6375807, 1, 0, 0
59500, 6554618, 1, 0, 0
60000, 6128062, 1, 0, 0
60017, 17919210, 1, 0, 0
