500, 1260, 1, 0, 0
1000, 1259, 1, 0, 0
1500, 1261, 1, 0, 0
2000, 1253, 1, 0, 0
2500, 1244, 1, 0, 0
3000, 1250, 1, 0, 0
3500, 1259, 1, 0, 0
4000, 1247, 1, 0, 0
4500, 1249, 1, 0, 0
5000, 1249, 1, 0, 0
5500, 1250, 1, 0, 0
6000, 1262, 1, 0, 0
6503, 1255, 1, 0, 0
7000, 1250, 1, 0, 0
7500, 1255, 1, 0, 0
8000, 1258, 1, 0, 0
8505, 1256, 1, 0, 0
9000, 1260, 1, 0, 0
9500, 1261, 1, 0, 0
10000, 1263, 1, 0, 0
10500, 1262, 1, 0, 0
11000, 1260, 1, 0, 0
11507, 1259, 1, 0, 0
12009, 1262, 1, 0, 0
12500, 1259, 1, 0, 0
13000, 1262, 1, 0, 0
13500, 1260, 1, 0, 0
14000, 1265, 1, 0, 0
14500, 1266, 1, 0, 0
15000, 1269, 1, 0, 0
15500, 1260, 1, 0, 0
16000, 1268, 1, 0, 0
16508, 1263, 1, 0, 0
17004, 1263, 1, 0, 0
17503, 1259, 1, 0, 0
18004, 1635, 1, 0, 0
18500, 1272, 1, 0, 0
19005, 1261, 1, 0, 0
19504, 1264, 1, 0, 0
20001, 1300, 1, 0, 0
20502, 1325, 1, 0, 0
21008, 1300, 1, 0, 0
21506, 1273, 1, 0, 0
22000, 1265, 1, 0, 0
22510, 1259, 1, 0, 0
23009, 1281, 1, 0, 0
23501, 1266, 1, 0, 0
24006, 1266, 1, 0, 0
24501, 1267, 1, 0, 0
25007, 1267, 1, 0, 0
25509, 1273, 1, 0, 0
26004, 1269, 1, 0, 0
26500, 1268, 1, 0, 0
27004, 1264, 1, 0, 0
27500, 1262, 1, 0, 0
28002, 1291, 1, 0, 0
28506, 1265, 1, 0, 0
29012, 1257, 1, 0, 0
29509, 1267, 1, 0, 0
30000, 1271, 1, 0, 0
30510, 1258, 1, 0, 0
31011, 1266, 1, 0, 0
31500, 1267, 1, 0, 0
32000, 1270, 1, 0, 0
32500, 1261, 1, 0, 0
33004, 1272, 1, 0, 0
33510, 1274, 1, 0, 0
34000, 1266, 1, 0, 0
34506, 1691, 1, 0, 0
35000, 1262, 1, 0, 0
35507, 1270, 1, 0, 0
36006, 1262, 1, 0, 0
36507, 1268, 1, 0, 0
37000, 1264, 1, 0, 0
37500, 1283, 1, 0, 0
38012, 1271, 1, 0, 0
38501, 1268, 1, 0, 0
39007, 1266, 1, 0, 0
39511, 1256, 1, 0, 0
40004, 1260, 1, 0, 0
40511, 1273, 1, 0, 0
41006, 1261, 1, 0, 0
41500, 1268, 1, 0, 0
42000, 1273, 1, 0, 0
42511, 1271, 1, 0, 0
43004, 1273, 1, 0, 0
43514, 1276, 1, 0, 0
44002, 1283, 1, 0, 0
44500, 1362, 1, 0, 0
45000, 1267, 1, 0, 0
45514, 1271, 1, 0, 0
46009, 1271, 1, 0, 0
46507, 1265, 1, 0, 0
47000, 1269, 1, 0, 0
47509, 1271, 1, 0, 0
48000, 1270, 1, 0, 0
48501, 1262, 1, 0, 0
49010, 1267, 1, 0, 0
49500, 1267, 1, 0, 0
50006, 1279, 1, 0, 0
50504, 1272, 1, 0, 0
51000, 1277, 1, 0, 0
51516, 1544, 1, 0, 0
52015, 1261, 1, 0, 0
52509, 1268, 1, 0, 0
53006, 1268, 1, 0, 0
53510, 1271, 1, 0, 0
54004, 1258, 1, 0, 0
54500, 1271, 1, 0, 0
55006, 1271, 1, 0, 0
55507, 1267, 1, 0, 0
56009, 1267, 1, 0, 0
56507, 1267, 1, 0, 0
57007, 1261, 1, 0, 0
57500, 1274, 1, 0, 0
58012, 1263, 1, 0, 0
58500, 1268, 1, 0, 0
59010, 1268, 1, 0, 0
59500, 1258, 1, 0, 0
60017, 1271, 1, 0, 0
