500, 894387, 1, 0, 0
1000, 895428, 1, 0, 0
1500, 895430, 1, 0, 0
2000, 895430, 1, 0, 0
2500, 895426, 1, 0, 0
3000, 895427, 1, 0, 0
3500, 895427, 1, 0, 0
4000, 895428, 1, 0, 0
4500, 895426, 1, 0, 0
5000, 895416, 1, 0, 0
5516, 967619, 1, 0, 0
6007, 13845506, 1, 0, 0
6500, 14202925, 1, 0, 0
7007, 13539652, 1, 0, 0
7500, 13201504, 1, 0, 0
8010, 12543967, 1, 0, 0
8500, 11875139, 1, 0, 0
9008, 11035297, 1, 0, 0
9514, 10558215, 1, 0, 0
10002, 10083526, 1, 0, 0
10511, 9615895, 1, 0, 0
11000, 9006035, 1, 0, 0
11503, 8620941, 1, 0, 0
12010, 8557775, 1, 0, 0
12500, 8636238, 1, 0, 0
13004, 9388992, 1, 0, 0
13510, 9554815, 1, 0, 0
14016, 9411739, 1, 0, 0
14503, 9265242, 1, 0, 0
15007, 8993287, 1, 0, 0
15513, 8953767, 1, 0, 0
16000, 8743376, 1, 0, 0
16505, 8546242, 1, 0, 0
17011, 8462996, 1, 0, 0
17515, 8463876, 1, 0, 0
18001, 8273750, 1, 0, 0
18505, 8146702, 1, 0, 0
19009, 7952183, 1, 0, 0
19513, 7788569, 1, 0, 0
20000, 7815595, 1, 0, 0
20503, 7368409, 1, 0, 0
21006, 7477023, 1, 0, 0
21510, 7516323, 1, 0, 0
22015, 7462555, 1, 0, 0
22500, 7216171, 1, 0, 0
23002, 7091328, 1, 0, 0
23504, 7024011, 1, 0, 0
24007, 6824005, 1, 0, 0
24509, 6746840, 1, 0, 0
25010, 6508693, 1, 0, 0
25510, 6435750, 1, 0, 0
26011, 6503023, 1, 0, 0
26512, 6266225, 1, 0, 0
27012, 6151754, 1, 0, 0
27510, 5884580, 1, 0, 0
28008, 5667925, 1, 0, 0
28508, 5569399, 1, 0, 0
29006, 5410854, 1, 0, 0
29502, 5219338, 1, 0, 0
30000, 5214335, 1, 0, 0
30512, 4878099, 1, 0, 0
31007, 4786547, 1, 0, 0
31500, 4614438, 1, 0, 0
32011, 4349410, 1, 0, 0
32500, 4136220, 1, 0, 0
33008, 3960821, 1, 0, 0
33500, 3805260, 1, 0, 0
34000, 3476348, 1, 0, 0
34500, 3200744, 1, 0, 0
35000, 2936126, 1, 0, 0
35502, 2622443, 1, 0, 0
36002, 2243112, 1, 0, 0
36500, 1822047, 1, 0, 0
37000, 1120119, 1, 0, 0
37514, 1953080, 1, 0, 0
38006, 14380955, 1, 0, 0
38516, 13957493, 1, 0, 0
39007, 13223806, 1, 0, 0
39516, 12628208, 1, 0, 0
40007, 12136288, 1, 0, 0
40516, 11477689, 1, 0, 0
41006, 10934710, 1, 0, 0
41513, 10292805, 1, 0, 0
42001, 9858310, 1, 0, 0
42508, 9305457, 1, 0, 0
43014, 9015287, 1, 0, 0
43500, 8750387, 1, 0, 0
44005, 8556876, 1, 0, 0
44512, 9053612, 1, 0, 0
45000, 9588331, 1, 0, 0
45505, 9587451, 1, 0, 0
46011, 9414448, 1, 0, 0
46500, 9196866, 1, 0, 0
47002, 8714193, 1, 0, 0
47508, 8798485, 1, 0, 0
48014, 8556822, 1, 0, 0
48501, 8449295, 1, 0, 0
49005, 8216340, 1, 0, 0
49510, 8231349, 1, 0, 0
50012, 8098415, 1, 0, 0
50500, 8176097, 1, 0, 0
51002, 7896430, 1, 0, 0
51505, 7906667, 1, 0, 0
52007, 7726955, 1, 0, 0
52512, 7579444, 1, 0, 0
53015, 7552965, 1, 0, 0
53501, 7518816, 1, 0, 0
54005, 7283425, 1, 0, 0
54506, 7082193, 1, 0, 0
55007, 7059349, 1, 0, 0
55511, 6867834, 1, 0, 0
56014, 6837496, 1, 0, 0
56515, 6802561, 1, 0, 0
57000, 6596809, 1, 0, 0
57500, 6494963, 1, 0, 0
58001, 6253357, 1, 0, 0
58501, 6126556, 1, 0, 0
59000, 6010826, 1, 0, 0
59500, 5935166, 1, 0, 0
60000, 5711697, 1, 0, 0
60000, 1390119, 1, 0, 0
