500, 891835, 1, 0, 0
1000, 892862, 1, 0, 0
1500, 892897, 1, 0, 0
2000, 892887, 1, 0, 0
2500, 892874, 1, 0, 0
3000, 892857, 1, 0, 0
3500, 892846, 1, 0, 0
4000, 892861, 1, 0, 0
4500, 892886, 1, 0, 0
5000, 892866, 1, 0, 0
5516, 965053, 1, 0, 0
6007, 13842867, 1, 0, 0
6500, 14200260, 1, 0, 0
7007, 13537025, 1, 0, 0
7500, 13198886, 1, 0, 0
8010, 12541350, 1, 0, 0
8500, 11872510, 1, 0, 0
9008, 11032675, 1, 0, 0
9514, 10555596, 1, 0, 0
10002, 10080922, 1, 0, 0
10511, 9613280, 1, 0, 0
11000, 9003432, 1, 0, 0
11503, 8618357, 1, 0, 0
12010, 8555184, 1, 0, 0
12500, 8633664, 1, 0, 0
13004, 9386389, 1, 0, 0
13510, 9552223, 1, 0, 0
14016, 9409156, 1, 0, 0
14503, 9262651, 1, 0, 0
15007, 8990688, 1, 0, 0
15513, 8951178, 1, 0, 0
16000, 8740778, 1, 0, 0
16505, 8543635, 1, 0, 0
17011, 8460404, 1, 0, 0
17515, 8461279, 1, 0, 0
18001, 8271168, 1, 0, 0
18505, 8144116, 1, 0, 0
19009, 7949597, 1, 0, 0
19513, 7785956, 1, 0, 0
20000, 7813002, 1, 0, 0
20503, 7365830, 1, 0, 0
21006, 7474413, 1, 0, 0
21510, 7513716, 1, 0, 0
22015, 7459965, 1, 0, 0
22500, 7213572, 1, 0, 0
23002, 7088726, 1, 0, 0
23504, 7021407, 1, 0, 0
24007, 6821392, 1, 0, 0
24509, 6744256, 1, 0, 0
25010, 6506083, 1, 0, 0
25510, 6433111, 1, 0, 0
26011, 6500402, 1, 0, 0
26512, 6263620, 1, 0, 0
27012, 6149155, 1, 0, 0
27510, 5881999, 1, 0, 0
28008, 5665311, 1, 0, 0
28508, 5566797, 1, 0, 0
29006, 5408239, 1, 0, 0
29502, 5216711, 1, 0, 0
30000, 5211706, 1, 0, 0
30512, 4875492, 1, 0, 0
31007, 4783921, 1, 0, 0
31500, 4611815, 1, 0, 0
32011, 4346784, 1, 0, 0
32500, 4133618, 1, 0, 0
33008, 3958212, 1, 0, 0
33500, 3802643, 1, 0, 0
34000, 3473755, 1, 0, 0
34500, 3198149, 1, 0, 0
35000, 2933546, 1, 0, 0
35502, 2619825, 1, 0, 0
36002, 2240490, 1, 0, 0
36500, 1819459, 1, 0, 0
37000, 1117532, 1, 0, 0
37514, 1950493, 1, 0, 0
38006, 14378336, 1, 0, 0
38516, 13954884, 1, 0, 0
39007, 13221191, 1, 0, 0
39516, 12625597, 1, 0, 0
40007, 12133687, 1, 0, 0
40516, 11475094, 1, 0, 0
41006, 10932110, 1, 0, 0
41513, 10290197, 1, 0, 0
42001, 9855677, 1, 0, 0
42508, 9302851, 1, 0, 0
43014, 9012672, 1, 0, 0
43500, 8747788, 1, 0, 0
44005, 8554249, 1, 0, 0
44512, 9051003, 1, 0, 0
45000, 9585722, 1, 0, 0
45505, 9584807, 1, 0, 0
46011, 9411808, 1, 0, 0
46500, 9194259, 1, 0, 0
47002, 8711578, 1, 0, 0
47508, 8795886, 1, 0, 0
48014, 8554209, 1, 0, 0
48501, 8446699, 1, 0, 0
49005, 8213744, 1, 0, 0
49510, 8228730, 1, 0, 0
50012, 8095792, 1, 0, 0
50500, 8173475, 1, 0, 0
51002, 7893832, 1, 0, 0
51505, 7904056, 1, 0, 0
52007, 7724340, 1, 0, 0
52512, 7576840, 1, 0, 0
53015, 7550352, 1, 0, 0
53501, 7516191, 1, 0, 0
54005, 7280805, 1, 0, 0
54506, 7079597, 1, 0, 0
55007, 7056725, 1, 0, 0
55511, 6865214, 1, 0, 0
56014, 6834886, 1, 0, 0
56515, 6799947, 1, 0, 0
57000, 6594208, 1, 0, 0
57500, 6492372, 1, 0, 0
58001, 6250766, 1, 0, 0
58501, 6123964, 1, 0, 0
59000, 6008209, 1, 0, 0
59500, 5932565, 1, 0, 0
60000, 5709098, 1, 0, 0
60000, 1387430, 1, 0, 0
