500, 35792, 1, 0, 0
1000, 35732, 1, 0, 0
1500, 35730, 1, 0, 0
2000, 35732, 1, 0, 0
2500, 35727, 1, 0, 0
3000, 35732, 1, 0, 0
3500, 35732, 1, 0, 0
4000, 35732, 1, 0, 0
4500, 35728, 1, 0, 0
5000, 35728, 1, 0, 0
5500, 32980, 1, 0, 0
6000, 2272, 1, 0, 0
6500, 2300, 1, 0, 0
7000, 2312, 1, 0, 0
7500, 2472, 1, 0, 0
8000, 2516, 1, 0, 0
8500, 2690, 1, 0, 0
9000, 2894, 1, 0, 0
9500, 3068, 1, 0, 0
10000, 3104, 1, 0, 0
10500, 3384, 1, 0, 0
11000, 3600, 1, 0, 0
11500, 3608, 1, 0, 0
12000, 3792, 1, 0, 0
12500, 3780, 1, 0, 0
13000, 3292, 1, 0, 0
13500, 3392, 1, 0, 0
14000, 3440, 1, 0, 0
14500, 3364, 1, 0, 0
15000, 3584, 1, 0, 0
15500, 3624, 1, 0, 0
16000, 3566, 1, 0, 0
16500, 3778, 1, 0, 0
17000, 3820, 1, 0, 0
17500, 3823, 1, 0, 0
18000, 3756, 1, 0, 0
18500, 3968, 1, 0, 0
19000, 4056, 1, 0, 0
19500, 4140, 1, 0, 0
20000, 4122, 1, 0, 0
20500, 4222, 1, 0, 0
21000, 4304, 1, 0, 0
21500, 4292, 1, 0, 0
22000, 4336, 1, 0, 0
22500, 4312, 1, 0, 0
23000, 4516, 1, 0, 0
23500, 4580, 1, 0, 0
24000, 4712, 1, 0, 0
24500, 4764, 1, 0, 0
25000, 4928, 1, 0, 0
25500, 4968, 1, 0, 0
26000, 4940, 1, 0, 0
26500, 5112, 1, 0, 0
27000, 5204, 1, 0, 0
27500, 5424, 1, 0, 0
28000, 5624, 1, 0, 0
28500, 5740, 1, 0, 0
29000, 5892, 1, 0, 0
29500, 6080, 1, 0, 0
30000, 6348, 1, 0, 0
30500, 6480, 1, 0, 0
31000, 6608, 1, 0, 0
31500, 6856, 1, 0, 0
32000, 7508, 1, 0, 0
32500, 7582, 1, 0, 0
33000, 8194, 1, 0, 0
33500, 8572, 1, 0, 0
34000, 8971, 1, 0, 0
34500, 9962, 1, 0, 0
35000, 11158, 1, 0, 0
35500, 12002, 1, 0, 0
36000, 14280, 1, 0, 0
36500, 17826, 1, 0, 0
37000, 28574, 1, 0, 0
37500, 16268, 1, 0, 0
38000, 2192, 1, 0, 0
38500, 2340, 1, 0, 0
39000, 2376, 1, 0, 0
39500, 2576, 1, 0, 0
40000, 2588, 1, 0, 0
40500, 2840, 1, 0, 0
41000, 2868, 1, 0, 0
41500, 3156, 1, 0, 0
42000, 3168, 1, 0, 0
42500, 3484, 1, 0, 0
43000, 3592, 1, 0, 0
43500, 3590, 1, 0, 0
44000, 3742, 1, 0, 0
44500, 3588, 1, 0, 0
45000, 3302, 1, 0, 0
45500, 3326, 1, 0, 0
46000, 3436, 1, 0, 0
46500, 3548, 1, 0, 0
47000, 3540, 1, 0, 0
47500, 3680, 1, 0, 0
48000, 3780, 1, 0, 0
48500, 3692, 1, 0, 0
49000, 3928, 1, 0, 0
49500, 3924, 1, 0, 0
50000, 3972, 1, 0, 0
50500, 3986, 1, 0, 0
51000, 3894, 1, 0, 0
51500, 4080, 1, 0, 0
52000, 4160, 1, 0, 0
52500, 4260, 1, 0, 0
53000, 4264, 1, 0, 0
53500, 4136, 1, 0, 0
54000, 4428, 1, 0, 0
54500, 4536, 1, 0, 0
55000, 4540, 1, 0, 0
55500, 4692, 1, 0, 0
56000, 4712, 1, 0, 0
56500, 4720, 1, 0, 0
57000, 4874, 1, 0, 0
57500, 4864, 1, 0, 0
58000, 5010, 1, 0, 0
58500, 5224, 1, 0, 0
59000, 5318, 1, 0, 0
59500, 5588, 1, 0, 0
60000, 5566, 1, 0, 0
