500, 2552, 1, 0, 0
1000, 2565, 1, 0, 0
1500, 2533, 1, 0, 0
2000, 2543, 1, 0, 0
2500, 2553, 1, 0, 0
3000, 2570, 1, 0, 0
3500, 2581, 1, 0, 0
4000, 2567, 1, 0, 0
4500, 2540, 1, 0, 0
5000, 2550, 1, 0, 0
5516, 2566, 1, 0, 0
6007, 2640, 1, 0, 0
6500, 2664, 1, 0, 0
7007, 2627, 1, 0, 0
7500, 2617, 1, 0, 0
8010, 2618, 1, 0, 0
8500, 2630, 1, 0, 0
9008, 2620, 1, 0, 0
9514, 2620, 1, 0, 0
10002, 2604, 1, 0, 0
10511, 2617, 1, 0, 0
11000, 2601, 1, 0, 0
11503, 2583, 1, 0, 0
12010, 2592, 1, 0, 0
12500, 2574, 1, 0, 0
13004, 2605, 1, 0, 0
13510, 2592, 1, 0, 0
14016, 2582, 1, 0, 0
14503, 2589, 1, 0, 0
15007, 2601, 1, 0, 0
15513, 2590, 1, 0, 0
16000, 2599, 1, 0, 0
16505, 2607, 1, 0, 0
17011, 2592, 1, 0, 0
17515, 2595, 1, 0, 0
18001, 2584, 1, 0, 0
18505, 2583, 1, 0, 0
19009, 2589, 1, 0, 0
19513, 2611, 1, 0, 0
20000, 2594, 1, 0, 0
20503, 2579, 1, 0, 0
21006, 2607, 1, 0, 0
21510, 2611, 1, 0, 0
22015, 2589, 1, 0, 0
22500, 2601, 1, 0, 0
23002, 2601, 1, 0, 0
23504, 2605, 1, 0, 0
24007, 2612, 1, 0, 0
24509, 2584, 1, 0, 0
25010, 2610, 1, 0, 0
25510, 2641, 1, 0, 0
26011, 2621, 1, 0, 0
26512, 2607, 1, 0, 0
27012, 2597, 1, 0, 0
27510, 2582, 1, 0, 0
28008, 2614, 1, 0, 0
28508, 2603, 1, 0, 0
29006, 2615, 1, 0, 0
29502, 2626, 1, 0, 0
30000, 2629, 1, 0, 0
30512, 2607, 1, 0, 0
31007, 2627, 1, 0, 0
31500, 2623, 1, 0, 0
32011, 2625, 1, 0, 0
32500, 2602, 1, 0, 0
33008, 2610, 1, 0, 0
33500, 2615, 1, 0, 0
34000, 2593, 1, 0, 0
34500, 2595, 1, 0, 0
35000, 2579, 1, 0, 0
35502, 2619, 1, 0, 0
36002, 2622, 1, 0, 0
36500, 2588, 1, 0, 0
37000, 2587, 1, 0, 0
37514, 2587, 1, 0, 0
38006, 2617, 1, 0, 0
38516, 2613, 1, 0, 0
39007, 2617, 1, 0, 0
39516, 2608, 1, 0, 0
40007, 2600, 1, 0, 0
40516, 2596, 1, 0, 0
41006, 2600, 1, 0, 0
41513, 2607, 1, 0, 0
42001, 2634, 1, 0, 0
42508, 2606, 1, 0, 0
43014, 2615, 1, 0, 0
43500, 2598, 1, 0, 0
44005, 2628, 1, 0, 0
44512, 2607, 1, 0, 0
45000, 2612, 1, 0, 0
45505, 2641, 1, 0, 0
46011, 2641, 1, 0, 0
46500, 2608, 1, 0, 0
47002, 2613, 1, 0, 0
47508, 2600, 1, 0, 0
48014, 2613, 1, 0, 0
48501, 2596, 1, 0, 0
49005, 2595, 1, 0, 0
49510, 2619, 1, 0, 0
50012, 2625, 1, 0, 0
50500, 2620, 1, 0, 0
51002, 2598, 1, 0, 0
51505, 2614, 1, 0, 0
52007, 2612, 1, 0, 0
52512, 2602, 1, 0, 0
53015, 2614, 1, 0, 0
53501, 2626, 1, 0, 0
54005, 2618, 1, 0, 0
54506, 2595, 1, 0, 0
55007, 2625, 1, 0, 0
55511, 2619, 1, 0, 0
56014, 2610, 1, 0, 0
56515, 2614, 1, 0, 0
57000, 2602, 1, 0, 0
57500, 2590, 1, 0, 0
58001, 2592, 1, 0, 0
58501, 2591, 1, 0, 0
59000, 2616, 1, 0, 0
59500, 2603, 1, 0, 0
60000, 2599, 1, 0, 0
