500, 2290688, 1, 0, 0
1000, 2286976, 1, 0, 0
1500, 2286720, 1, 0, 0
2000, 2286848, 1, 0, 0
2500, 2286557, 1, 0, 0
3000, 2286848, 1, 0, 0
3500, 2286848, 1, 0, 0
4000, 2286848, 1, 0, 0
4500, 2286592, 1, 0, 0
5000, 2286592, 1, 0, 0
5500, 2110720, 1, 0, 0
6000, 145408, 1, 0, 0
6500, 147200, 1, 0, 0
7000, 147968, 1, 0, 0
7500, 158208, 1, 0, 0
8000, 161024, 1, 0, 0
8500, 172160, 1, 0, 0
9000, 185216, 1, 0, 0
9500, 196352, 1, 0, 0
10000, 198656, 1, 0, 0
10500, 216576, 1, 0, 0
11000, 230400, 1, 0, 0
11500, 230912, 1, 0, 0
12000, 242688, 1, 0, 0
12500, 241920, 1, 0, 0
13000, 210688, 1, 0, 0
13500, 217088, 1, 0, 0
14000, 220160, 1, 0, 0
14500, 215296, 1, 0, 0
15000, 229376, 1, 0, 0
15500, 231936, 1, 0, 0
16000, 228224, 1, 0, 0
16500, 241792, 1, 0, 0
17000, 244480, 1, 0, 0
17500, 244713, 1, 0, 0
18000, 240384, 1, 0, 0
18500, 253952, 1, 0, 0
19000, 259584, 1, 0, 0
19500, 264960, 1, 0, 0
20000, 263808, 1, 0, 0
20500, 270208, 1, 0, 0
21000, 275456, 1, 0, 0
21500, 274688, 1, 0, 0
22000, 277504, 1, 0, 0
22500, 275968, 1, 0, 0
23000, 289024, 1, 0, 0
23500, 293120, 1, 0, 0
24000, 301568, 1, 0, 0
24500, 304896, 1, 0, 0
25000, 315392, 1, 0, 0
25500, 317952, 1, 0, 0
26000, 316160, 1, 0, 0
26500, 327168, 1, 0, 0
27000, 333056, 1, 0, 0
27500, 347136, 1, 0, 0
28000, 359936, 1, 0, 0
28500, 367360, 1, 0, 0
29000, 377088, 1, 0, 0
29500, 389120, 1, 0, 0
30000, 406272, 1, 0, 0
30500, 414720, 1, 0, 0
31000, 422912, 1, 0, 0
31500, 438784, 1, 0, 0
32000, 480512, 1, 0, 0
32500, 485248, 1, 0, 0
33000, 524416, 1, 0, 0
33500, 548608, 1, 0, 0
34000, 574204, 1, 0, 0
34500, 637568, 1, 0, 0
35000, 714112, 1, 0, 0
35500, 768128, 1, 0, 0
36000, 913920, 1, 0, 0
36500, 1140864, 1, 0, 0
37000, 1828736, 1, 0, 0
37500, 1041152, 1, 0, 0
38000, 140288, 1, 0, 0
38500, 149760, 1, 0, 0
39000, 152064, 1, 0, 0
39500, 164864, 1, 0, 0
40000, 165632, 1, 0, 0
40500, 181760, 1, 0, 0
41000, 183552, 1, 0, 0
41500, 201984, 1, 0, 0
42000, 202752, 1, 0, 0
42500, 222976, 1, 0, 0
43000, 229888, 1, 0, 0
43500, 229760, 1, 0, 0
44000, 239488, 1, 0, 0
44500, 229632, 1, 0, 0
45000, 211328, 1, 0, 0
45500, 212864, 1, 0, 0
46000, 219904, 1, 0, 0
46500, 227072, 1, 0, 0
47000, 226560, 1, 0, 0
47500, 235520, 1, 0, 0
48000, 241920, 1, 0, 0
48500, 236288, 1, 0, 0
49000, 251392, 1, 0, 0
49500, 251136, 1, 0, 0
50000, 254208, 1, 0, 0
50500, 255104, 1, 0, 0
51000, 249216, 1, 0, 0
51500, 261130, 1, 0, 0
52000, 266240, 1, 0, 0
52500, 272640, 1, 0, 0
53000, 272896, 1, 0, 0
53500, 264704, 1, 0, 0
54000, 283392, 1, 0, 0
54500, 290304, 1, 0, 0
55000, 290560, 1, 0, 0
55500, 300288, 1, 0, 0
56000, 301568, 1, 0, 0
56500, 302080, 1, 0, 0
57000, 311936, 1, 0, 0
57500, 311296, 1, 0, 0
58000, 320640, 1, 0, 0
58500, 334336, 1, 0, 0
59000, 340352, 1, 0, 0
59500, 357632, 1, 0, 0
60000, 356224, 1, 0, 0
