500, 1212, 1, 0, 0
1000, 1203, 1, 0, 0
1500, 1202, 1, 0, 0
2000, 1206, 1, 0, 0
2500, 1198, 1, 0, 0
3000, 1211, 1, 0, 0
3500, 1271, 1, 0, 0
4000, 1212, 1, 0, 0
4500, 1212, 1, 0, 0
5000, 1204, 1, 0, 0
5500, 1192, 1, 0, 0
6013, 1218, 1, 0, 0
6508, 1227, 1, 0, 0
7000, 1225, 1, 0, 0
7510, 1225, 1, 0, 0
8000, 1251, 1, 0, 0
8511, 1245, 1, 0, 0
9001, 1216, 1, 0, 0
9511, 1215, 1, 0, 0
10000, 1213, 1, 0, 0
10508, 1214, 1, 0, 0
11016, 1213, 1, 0, 0
11505, 1216, 1, 0, 0
12012, 1218, 1, 0, 0
12500, 1217, 1, 0, 0
13008, 1222, 1, 0, 0
13516, 1230, 1, 0, 0
14006, 1247, 1, 0, 0
14515, 1229, 1, 0, 0
15004, 1221, 1, 0, 0
15510, 1216, 1, 0, 0
16000, 1215, 1, 0, 0
16508, 1221, 1, 0, 0
17016, 1210, 1, 0, 0
17503, 1208, 1, 0, 0
18011, 1227, 1, 0, 0
18500, 1553, 1, 0, 0
19003, 1299, 1, 0, 0
19509, 1226, 1, 0, 0
20015, 1215, 1, 0, 0
20503, 1227, 1, 0, 0
21010, 1218, 1, 0, 0
21500, 1263, 1, 0, 0
22003, 1206, 1, 0, 0
22509, 1256, 1, 0, 0
23013, 1209, 1, 0, 0
23500, 1213, 1, 0, 0
24004, 1211, 1, 0, 0
24509, 1212, 1, 0, 0
25014, 1211, 1, 0, 0
25500, 1227, 1, 0, 0
26006, 1208, 1, 0, 0
26512, 1224, 1, 0, 0
27015, 1212, 1, 0, 0
27500, 1226, 1, 0, 0
28001, 1226, 1, 0, 0
28504, 1222, 1, 0, 0
29007, 1232, 1, 0, 0
29509, 1362, 1, 0, 0
30010, 1226, 1, 0, 0
30512, 1225, 1, 0, 0
31011, 1219, 1, 0, 0
31511, 1226, 1, 0, 0
32010, 1246, 1, 0, 0
32507, 1229, 1, 0, 0
33004, 1220, 1, 0, 0
33501, 1223, 1, 0, 0
34000, 1232, 1, 0, 0
34507, 1232, 1, 0, 0
35000, 1234, 1, 0, 0
35505, 1234, 1, 0, 0
36009, 1227, 1, 0, 0
36507, 1227, 1, 0, 0
37000, 1219, 1, 0, 0
37500, 1220, 1, 0, 0
38017, 1209, 1, 0, 0
38510, 1226, 1, 0, 0
39003, 1233, 1, 0, 0
39513, 1230, 1, 0, 0
40004, 1228, 1, 0, 0
40515, 1219, 1, 0, 0
41006, 1228, 1, 0, 0
41500, 1224, 1, 0, 0
42007, 1226, 1, 0, 0
42515, 1220, 1, 0, 0
43004, 1219, 1, 0, 0
43511, 1220, 1, 0, 0
44000, 1223, 1, 0, 0
44505, 1304, 1, 0, 0
45012, 1226, 1, 0, 0
45502, 1235, 1, 0, 0
46011, 1399, 1, 0, 0
46502, 1237, 1, 0, 0
47010, 1719, 1, 0, 0
47500, 1329, 1, 0, 0
48005, 1217, 1, 0, 0
48514, 1207, 1, 0, 0
49003, 1216, 1, 0, 0
49510, 1221, 1, 0, 0
50000, 1226, 1, 0, 0
50504, 1211, 1, 0, 0
51011, 1215, 1, 0, 0
51500, 1221, 1, 0, 0
52003, 1223, 1, 0, 0
52510, 1220, 1, 0, 0
53000, 1217, 1, 0, 0
53505, 1213, 1, 0, 0
54010, 1208, 1, 0, 0
54514, 1217, 1, 0, 0
55000, 1234, 1, 0, 0
55505, 1236, 1, 0, 0
56013, 1627, 1, 0, 0
56500, 1719, 1, 0, 0
57003, 1623, 1, 0, 0
57507, 1598, 1, 0, 0
58012, 1210, 1, 0, 0
58500, 1231, 1, 0, 0
59000, 1216, 1, 0, 0
59503, 1221, 1, 0, 0
60005, 1215, 1, 0, 0
