500, 223564, 1, 0, 0
1000, 223688, 1, 0, 0
1500, 223686, 1, 0, 0
2000, 223682, 1, 0, 0
2500, 223681, 1, 0, 0
3000, 223680, 1, 0, 0
3500, 225168, 1, 0, 0
4000, 223681, 1, 0, 0
4500, 223678, 1, 0, 0
5000, 223671, 1, 0, 0
5500, 232861, 1, 0, 0
6013, 4139729, 1, 0, 0
6508, 3985960, 1, 0, 0
7000, 3768332, 1, 0, 0
7510, 3551713, 1, 0, 0
8000, 3337082, 1, 0, 0
8511, 3148542, 1, 0, 0
9001, 2955944, 1, 0, 0
9511, 2798066, 1, 0, 0
10000, 2610108, 1, 0, 0
10508, 2480082, 1, 0, 0
11016, 2325569, 1, 0, 0
11505, 2208882, 1, 0, 0
12012, 2100635, 1, 0, 0
12500, 2063095, 1, 0, 0
13008, 2479524, 1, 0, 0
13516, 2477621, 1, 0, 0
14006, 2426440, 1, 0, 0
14515, 2347901, 1, 0, 0
15004, 2295592, 1, 0, 0
15510, 2223955, 1, 0, 0
16000, 2250197, 1, 0, 0
16508, 2104038, 1, 0, 0
17016, 2142432, 1, 0, 0
17503, 2096560, 1, 0, 0
18011, 2079096, 1, 0, 0
18500, 2113454, 1, 0, 0
19003, 2048189, 1, 0, 0
19509, 2035472, 1, 0, 0
20015, 1998390, 1, 0, 0
20503, 1975242, 1, 0, 0
21010, 1936111, 1, 0, 0
21500, 1940889, 1, 0, 0
22003, 1881930, 1, 0, 0
22509, 1839760, 1, 0, 0
23013, 1804706, 1, 0, 0
23500, 1848945, 1, 0, 0
24004, 1721941, 1, 0, 0
24509, 1744458, 1, 0, 0
25014, 1717307, 1, 0, 0
25500, 1672770, 1, 0, 0
26006, 1632482, 1, 0, 0
26512, 1544844, 1, 0, 0
27015, 1562956, 1, 0, 0
27500, 1558952, 1, 0, 0
28001, 1475597, 1, 0, 0
28504, 1465914, 1, 0, 0
29007, 1428590, 1, 0, 0
29509, 1369497, 1, 0, 0
30010, 1331038, 1, 0, 0
30512, 1283792, 1, 0, 0
31011, 1247461, 1, 0, 0
31511, 1208742, 1, 0, 0
32010, 1169356, 1, 0, 0
32507, 1108235, 1, 0, 0
33004, 1046982, 1, 0, 0
33500, 1010404, 1, 0, 0
34000, 949661, 1, 0, 0
34507, 894748, 1, 0, 0
35000, 843396, 1, 0, 0
35505, 750495, 1, 0, 0
36009, 687261, 1, 0, 0
36507, 598194, 1, 0, 0
37000, 500790, 1, 0, 0
37500, 356288, 1, 0, 0
38017, 299805, 1, 0, 0
38510, 4058558, 1, 0, 0
39003, 3881739, 1, 0, 0
39513, 3685657, 1, 0, 0
40004, 3464337, 1, 0, 0
40515, 3283213, 1, 0, 0
41006, 3075753, 1, 0, 0
41500, 2918974, 1, 0, 0
42007, 2704713, 1, 0, 0
42515, 2557077, 1, 0, 0
43004, 2419732, 1, 0, 0
43511, 2272534, 1, 0, 0
44000, 2159677, 1, 0, 0
44505, 2038803, 1, 0, 0
45012, 2057685, 1, 0, 0
45502, 2493475, 1, 0, 0
46011, 2470411, 1, 0, 0
46502, 2424048, 1, 0, 0
47010, 2320024, 1, 0, 0
47500, 2306515, 1, 0, 0
48005, 2161654, 1, 0, 0
48514, 2170423, 1, 0, 0
49003, 2130429, 1, 0, 0
49510, 2095609, 1, 0, 0
50000, 2105243, 1, 0, 0
50504, 2039506, 1, 0, 0
51011, 2039646, 1, 0, 0
51500, 2029573, 1, 0, 0
52003, 2031886, 1, 0, 0
52510, 2013800, 1, 0, 0
53000, 2004884, 1, 0, 0
53505, 1916980, 1, 0, 0
54010, 1885537, 1, 0, 0
54514, 1860067, 1, 0, 0
55000, 1810265, 1, 0, 0
55505, 1789631, 1, 0, 0
56013, 1773447, 1, 0, 0
56500, 1733609, 1, 0, 0
57003, 1699461, 1, 0, 0
57507, 1695600, 1, 0, 0
58012, 1655403, 1, 0, 0
58500, 1629133, 1, 0, 0
59000, 1555276, 1, 0, 0
59503, 1533380, 1, 0, 0
60004, 1513543, 1, 0, 0
60005, 16306505, 1, 0, 0
