500, 222352, 1, 0, 0
1000, 222484, 1, 0, 0
1500, 222484, 1, 0, 0
2000, 222476, 1, 0, 0
2500, 222483, 1, 0, 0
3000, 222470, 1, 0, 0
3500, 223897, 1, 0, 0
4000, 222469, 1, 0, 0
4500, 222466, 1, 0, 0
5000, 222466, 1, 0, 0
5500, 231669, 1, 0, 0
6013, 4138511, 1, 0, 0
6508, 3984732, 1, 0, 0
7000, 3767107, 1, 0, 0
7510, 3550488, 1, 0, 0
8000, 3335831, 1, 0, 0
8511, 3147297, 1, 0, 0
9001, 2954728, 1, 0, 0
9511, 2796852, 1, 0, 0
10000, 2608894, 1, 0, 0
10508, 2478868, 1, 0, 0
11016, 2324356, 1, 0, 0
11505, 2207667, 1, 0, 0
12012, 2099417, 1, 0, 0
12500, 2061878, 1, 0, 0
13008, 2478302, 1, 0, 0
13516, 2476391, 1, 0, 0
14006, 2425193, 1, 0, 0
14515, 2346672, 1, 0, 0
15004, 2294371, 1, 0, 0
15510, 2222739, 1, 0, 0
16000, 2248982, 1, 0, 0
16508, 2102816, 1, 0, 0
17016, 2141222, 1, 0, 0
17503, 2095352, 1, 0, 0
18011, 2077869, 1, 0, 0
18500, 2111901, 1, 0, 0
19003, 2046889, 1, 0, 0
19509, 2034245, 1, 0, 0
20015, 1997175, 1, 0, 0
20503, 1974016, 1, 0, 0
21010, 1934892, 1, 0, 0
21500, 1939625, 1, 0, 0
22003, 1880725, 1, 0, 0
22509, 1838504, 1, 0, 0
23013, 1803497, 1, 0, 0
23500, 1847732, 1, 0, 0
24004, 1720730, 1, 0, 0
24509, 1743246, 1, 0, 0
25014, 1716096, 1, 0, 0
25500, 1671543, 1, 0, 0
26006, 1631273, 1, 0, 0
26512, 1543620, 1, 0, 0
27015, 1561744, 1, 0, 0
27500, 1557726, 1, 0, 0
28001, 1474371, 1, 0, 0
28504, 1464692, 1, 0, 0
29007, 1427358, 1, 0, 0
29509, 1368136, 1, 0, 0
30010, 1329812, 1, 0, 0
30512, 1282566, 1, 0, 0
31011, 1246242, 1, 0, 0
31511, 1207516, 1, 0, 0
32010, 1168110, 1, 0, 0
32507, 1107006, 1, 0, 0
33004, 1045762, 1, 0, 0
33500, 1009181, 1, 0, 0
34000, 948429, 1, 0, 0
34507, 893516, 1, 0, 0
35000, 842162, 1, 0, 0
35505, 749261, 1, 0, 0
36009, 686034, 1, 0, 0
36507, 596967, 1, 0, 0
37000, 499570, 1, 0, 0
37500, 355068, 1, 0, 0
38017, 298596, 1, 0, 0
38510, 4057332, 1, 0, 0
39003, 3880507, 1, 0, 0
39513, 3684427, 1, 0, 0
40004, 3463109, 1, 0, 0
40515, 3281994, 1, 0, 0
41006, 3074526, 1, 0, 0
41500, 2917750, 1, 0, 0
42007, 2703488, 1, 0, 0
42515, 2555857, 1, 0, 0
43004, 2418513, 1, 0, 0
43511, 2271314, 1, 0, 0
44000, 2158453, 1, 0, 0
44505, 2037498, 1, 0, 0
45012, 2056459, 1, 0, 0
45502, 2492240, 1, 0, 0
46011, 2469012, 1, 0, 0
46502, 2422810, 1, 0, 0
47010, 2318306, 1, 0, 0
47500, 2305186, 1, 0, 0
48005, 2160437, 1, 0, 0
48514, 2169216, 1, 0, 0
49003, 2129212, 1, 0, 0
49510, 2094389, 1, 0, 0
50000, 2104017, 1, 0, 0
50504, 2038295, 1, 0, 0
51011, 2038430, 1, 0, 0
51500, 2028352, 1, 0, 0
52003, 2030664, 1, 0, 0
52510, 2012580, 1, 0, 0
53000, 2003667, 1, 0, 0
53505, 1915767, 1, 0, 0
54010, 1884329, 1, 0, 0
54514, 1858850, 1, 0, 0
55000, 1809032, 1, 0, 0
55505, 1788395, 1, 0, 0
56013, 1771821, 1, 0, 0
56500, 1731893, 1, 0, 0
57003, 1697836, 1, 0, 0
57507, 1694001, 1, 0, 0
58012, 1654193, 1, 0, 0
58500, 1627902, 1, 0, 0
59000, 1554060, 1, 0, 0
59503, 1532160, 1, 0, 0
60004, 1512328, 1, 0, 0
60005, 16305305, 1, 0, 0
