500, 2287968, 1, 0, 0
1000, 2286912, 1, 0, 0
1500, 2286880, 1, 0, 0
2000, 2286624, 1, 0, 0
2500, 2286976, 1, 0, 0
3000, 2286944, 1, 0, 0
3500, 2271680, 1, 0, 0
4000, 2286976, 1, 0, 0
4500, 2286784, 1, 0, 0
5000, 2286688, 1, 0, 0
5500, 2121120, 1, 0, 0
6000, 126976, 1, 0, 0
6500, 126976, 1, 0, 0
7000, 134496, 1, 0, 0
7500, 146629, 1, 0, 0
8000, 150528, 1, 0, 0
8500, 166144, 1, 0, 0
9000, 169728, 1, 0, 0
9500, 186624, 1, 0, 0
10000, 191872, 1, 0, 0
10500, 209792, 1, 0, 0
11000, 223488, 1, 0, 0
11500, 226560, 1, 0, 0
12000, 247296, 1, 0, 0
12500, 242176, 1, 0, 0
13000, 209664, 1, 0, 0
13500, 209920, 1, 0, 0
14000, 207104, 1, 0, 0
14500, 221696, 1, 0, 0
15000, 217856, 1, 0, 0
15500, 233472, 1, 0, 0
16000, 233152, 1, 0, 0
16500, 236352, 1, 0, 0
17000, 242688, 1, 0, 0
17500, 238080, 1, 0, 0
18000, 250112, 1, 0, 0
18500, 247040, 1, 0, 0
19000, 241635, 1, 0, 0
19500, 254720, 1, 0, 0
20000, 259072, 1, 0, 0
20500, 252928, 1, 0, 0
21000, 267776, 1, 0, 0
21500, 268032, 1, 0, 0
22000, 264192, 1, 0, 0
22500, 281344, 1, 0, 0
23000, 286208, 1, 0, 0
23500, 278400, 1, 0, 0
24000, 290944, 1, 0, 0
24500, 296448, 1, 0, 0
25000, 300800, 1, 0, 0
25500, 297472, 1, 0, 0
26000, 317440, 1, 0, 0
26500, 335616, 1, 0, 0
27000, 328960, 1, 0, 0
27500, 332192, 1, 0, 0
28000, 333664, 1, 0, 0
28500, 351488, 1, 0, 0
29000, 360448, 1, 0, 0
29500, 375552, 1, 0, 0
30000, 386308, 1, 0, 0
30500, 399872, 1, 0, 0
31000, 409856, 1, 0, 0
31500, 423424, 1, 0, 0
32000, 436736, 1, 0, 0
32500, 460288, 1, 0, 0
33000, 486144, 1, 0, 0
33500, 503040, 1, 0, 0
34000, 554112, 1, 0, 0
34500, 564608, 1, 0, 0
35000, 616256, 1, 0, 0
35500, 670144, 1, 0, 0
36000, 751360, 1, 0, 0
36500, 853760, 1, 0, 0
37000, 1031776, 1, 0, 0
37500, 1436320, 1, 0, 0
38000, 1701376, 1, 0, 0
38500, 124416, 1, 0, 0
39000, 130308, 1, 0, 0
39500, 141824, 1, 0, 0
40000, 145152, 1, 0, 0
40500, 159488, 1, 0, 0
41000, 163328, 1, 0, 0
41500, 180352, 1, 0, 0
42000, 184448, 1, 0, 0
42500, 203264, 1, 0, 0
43000, 207104, 1, 0, 0
43500, 228864, 1, 0, 0
44000, 233216, 1, 0, 0
44500, 252416, 1, 0, 0
45000, 251904, 1, 0, 0
45500, 200960, 1, 0, 0
46000, 211200, 1, 0, 0
46500, 207360, 1, 0, 0
47000, 224000, 1, 0, 0
47500, 227584, 1, 0, 0
48000, 228864, 1, 0, 0
48500, 240384, 1, 0, 0
49000, 234752, 1, 0, 0
49500, 248304, 1, 0, 0
50000, 246656, 1, 0, 0
50500, 244352, 1, 0, 0
51000, 254208, 1, 0, 0
51500, 255168, 1, 0, 0
52000, 245568, 1, 0, 0
52500, 257536, 1, 0, 0
53000, 260224, 1, 0, 0
53500, 259200, 1, 0, 0
54000, 274432, 1, 0, 0
54500, 277760, 1, 0, 0
55000, 275328, 1, 0, 0
55500, 288640, 1, 0, 0
56000, 293120, 1, 0, 0
56500, 291200, 1, 0, 0
57000, 299392, 1, 0, 0
57501, 304384, 1, 0, 0
58000, 312689, 1, 0, 0
58500, 316800, 1, 0, 0
59000, 318848, 1, 0, 0
59500, 335616, 1, 0, 0
60000, 339712, 1, 0, 0
