500, 143002, 1, 0, 0
1000, 142930, 1, 0, 0
1500, 142930, 1, 0, 0
2000, 142914, 1, 0, 0
2500, 142934, 1, 0, 0
3000, 142934, 1, 0, 0
3500, 141980, 1, 0, 0
4000, 142936, 1, 0, 0
4500, 142924, 1, 0, 0
5000, 142918, 1, 0, 0
5500, 132570, 1, 0, 0
6000, 7936, 1, 0, 0
6500, 7936, 1, 0, 0
7000, 8406, 1, 0, 0
7500, 9164, 1, 0, 0
8000, 9408, 1, 0, 0
8500, 10384, 1, 0, 0
9000, 10608, 1, 0, 0
9500, 11664, 1, 0, 0
10000, 11992, 1, 0, 0
10500, 13112, 1, 0, 0
11000, 13968, 1, 0, 0
11500, 14160, 1, 0, 0
12000, 15456, 1, 0, 0
12500, 15136, 1, 0, 0
13000, 13104, 1, 0, 0
13500, 13120, 1, 0, 0
14000, 12944, 1, 0, 0
14500, 13856, 1, 0, 0
15000, 13616, 1, 0, 0
15500, 14592, 1, 0, 0
16000, 14572, 1, 0, 0
16500, 14772, 1, 0, 0
17000, 15168, 1, 0, 0
17500, 14880, 1, 0, 0
18000, 15632, 1, 0, 0
18500, 15440, 1, 0, 0
19000, 15102, 1, 0, 0
19500, 15920, 1, 0, 0
20000, 16192, 1, 0, 0
20500, 15808, 1, 0, 0
21000, 16736, 1, 0, 0
21500, 16752, 1, 0, 0
22000, 16512, 1, 0, 0
22500, 17584, 1, 0, 0
23000, 17888, 1, 0, 0
23500, 17400, 1, 0, 0
24000, 18184, 1, 0, 0
24500, 18528, 1, 0, 0
25000, 18800, 1, 0, 0
25500, 18592, 1, 0, 0
26000, 19840, 1, 0, 0
26500, 20976, 1, 0, 0
27000, 20560, 1, 0, 0
27500, 20762, 1, 0, 0
28000, 20854, 1, 0, 0
28500, 21968, 1, 0, 0
29000, 22528, 1, 0, 0
29500, 23472, 1, 0, 0
30000, 24144, 1, 0, 0
30500, 24992, 1, 0, 0
31000, 25616, 1, 0, 0
31500, 26464, 1, 0, 0
32000, 27296, 1, 0, 0
32500, 28768, 1, 0, 0
33000, 30384, 1, 0, 0
33500, 31440, 1, 0, 0
34000, 34632, 1, 0, 0
34500, 35288, 1, 0, 0
35000, 38516, 1, 0, 0
35500, 41884, 1, 0, 0
36000, 46960, 1, 0, 0
36500, 53360, 1, 0, 0
37000, 64486, 1, 0, 0
37500, 89770, 1, 0, 0
38000, 106336, 1, 0, 0
38500, 7776, 1, 0, 0
39000, 8144, 1, 0, 0
39500, 8864, 1, 0, 0
40000, 9072, 1, 0, 0
40500, 9968, 1, 0, 0
41000, 10208, 1, 0, 0
41500, 11272, 1, 0, 0
42000, 11528, 1, 0, 0
42500, 12704, 1, 0, 0
43000, 12944, 1, 0, 0
43500, 14304, 1, 0, 0
44000, 14576, 1, 0, 0
44500, 15776, 1, 0, 0
45000, 15744, 1, 0, 0
45500, 12560, 1, 0, 0
46000, 13200, 1, 0, 0
46500, 12960, 1, 0, 0
47000, 14000, 1, 0, 0
47500, 14224, 1, 0, 0
48000, 14304, 1, 0, 0
48500, 15024, 1, 0, 0
49000, 14672, 1, 0, 0
49500, 15519, 1, 0, 0
50000, 15416, 1, 0, 0
50500, 15272, 1, 0, 0
51000, 15888, 1, 0, 0
51500, 15948, 1, 0, 0
52000, 15348, 1, 0, 0
52500, 16096, 1, 0, 0
53000, 16264, 1, 0, 0
53500, 16200, 1, 0, 0
54000, 17152, 1, 0, 0
54500, 17360, 1, 0, 0
55000, 17208, 1, 0, 0
55500, 18040, 1, 0, 0
56000, 18320, 1, 0, 0
56500, 18200, 1, 0, 0
57000, 18712, 1, 0, 0
57501, 19024, 1, 0, 0
58000, 19543, 1, 0, 0
58500, 19800, 1, 0, 0
59000, 19928, 1, 0, 0
59500, 20976, 1, 0, 0
60000, 21232, 1, 0, 0
