[67214.159479] KSC2026-MARK map4k_bs16k_r1 insmod 1791442976598545549
[67214.171480] NVMeVirt: Version 1.10 for >> Samsung 970 Pro SSD <<
[67214.171488] NVMeVirt: Storage: 0x300100000-0x600000000 (12287 MiB)
[67214.181284] NVMeVirt: Total Capacity(GiB,MiB)=3,3072 chs=2 luns=4 lines=384 blk-size(MiB,KiB)=2,2048 line-size(MiB,KiB)=8,8192
[67214.181291] NVMeVirt: KSC2026: mapping unit=4096 B, flash page=32768 B, oneshot page=32768 B, pgs_per_blk=512, blks_per_pl=384, write buffer=1048576 B
[67214.191212] NVMeVirt: [chmodel_init] bandwidth 800 max_credits 26 tx_time 152
[67214.198073] NVMeVirt: [chmodel_init] bandwidth 800 max_credits 26 tx_time 152
[67214.198085] NVMeVirt: [chmodel_init] bandwidth 3360 max_credits 110 tx_time 36
[67214.199522] NVMeVirt: pqueue: Copyright (c) 2014, Volkan Yazıcı <volkan.yazici@gmail.com>. All rights reserved.
[67214.199524] NVMeVirt: Init FTL instance with 2 channels (786432 pages)
[67214.206326] NVMeVirt: [chmodel_init] bandwidth 800 max_credits 26 tx_time 152
[67214.213071] NVMeVirt: [chmodel_init] bandwidth 800 max_credits 26 tx_time 152
[67214.213083] NVMeVirt: [chmodel_init] bandwidth 3360 max_credits 110 tx_time 36
[67214.214507] NVMeVirt: Init FTL instance with 2 channels (786432 pages)
[67214.221262] NVMeVirt: [chmodel_init] bandwidth 800 max_credits 26 tx_time 152
[67214.227983] NVMeVirt: [chmodel_init] bandwidth 800 max_credits 26 tx_time 152
[67214.227994] NVMeVirt: [chmodel_init] bandwidth 3360 max_credits 110 tx_time 36
[67214.229425] NVMeVirt: Init FTL instance with 2 channels (786432 pages)
[67214.236182] NVMeVirt: [chmodel_init] bandwidth 800 max_credits 26 tx_time 152
[67214.242946] NVMeVirt: [chmodel_init] bandwidth 800 max_credits 26 tx_time 152
[67214.242958] NVMeVirt: [chmodel_init] bandwidth 3360 max_credits 110 tx_time 36
[67214.244421] NVMeVirt: Init FTL instance with 2 channels (786432 pages)
[67214.244425] NVMeVirt: FTL physical space: 12883853312, logical space: 12040984403 (physical/logical * 100 = 107)
[67214.244426] NVMeVirt: KSC2026: WBUF_FIX=1 GC_STATS=1
[67214.244427] NVMeVirt: ns 0/1: size 11483 MiB
[67214.244463] PCI host bridge to bus 0001:10
[67214.244464] pci_bus 0001:10: root bus resource [io  0x0000-0xffff]
[67214.244466] pci_bus 0001:10: root bus resource [mem 0x00000000-0x3fffffffffff]
[67214.244467] pci_bus 0001:10: root bus resource [bus 00-ff]
[67214.244473] pci 0001:10:00.0: [0c51:0110] type 00 class 0x010802 PCIe Endpoint
[67214.244475] pci 0001:10:00.0: BAR 0 [mem 0x300000000-0x300003fff 64bit]
[67214.244476] pci 0001:10:00.0: enabling Extended Tags
[67214.244579] NVMeVirt: Virtual PCI bus created (node 0)
[67214.244791] NVMeVirt: nvmev_io_worker_0 started on cpu 4 (node 0)
[67214.244968] NVMeVirt: nvmev_io_worker_1 started on cpu 5 (node 0)
[67214.244984] NVMeVirt: nvmev_dispatcher started on cpu 3 (node 0)
[67214.245057] nvme nvme1: pci function 0001:10:00.0
[67214.248512] nvme nvme1: 1/0/0 default/read/poll queues
[67214.250443] NVMeVirt: Virtual NVMe device created
[67220.289527] KSC2026-MARK map4k_bs16k_r1 fio-start 1791442982741818220
[67225.985901] NVMeVirt: KSC2026: first GC part=0 victim line=291 vpc=1902 ipc=146 free_lines=2 host_pgs=778240
[67225.985975] NVMeVirt: KSC2026: first GC part=1 victim line=291 vpc=1902 ipc=146 free_lines=2 host_pgs=778240
[67225.986049] NVMeVirt: KSC2026: first GC part=2 victim line=291 vpc=1902 ipc=146 free_lines=2 host_pgs=778240
[67225.986117] NVMeVirt: KSC2026: first GC part=3 victim line=291 vpc=1902 ipc=146 free_lines=2 host_pgs=778240
[67281.331197] KSC2026-MARK map4k_bs16k_r1 fio-end
[67281.335235] KSC2026-MARK map4k_bs16k_r1 rmmod 1791443043789428643
[67281.393642] pci_bus 0001:10: busn_res: [bus 10-ff] is released
[67281.393723] NVMeVirt: KSC2026: stats part=0 host_pgs=1847224 gc_pgs=4702341 gc_cnt=2817 free_lines=2
[67281.393724] NVMeVirt: KSC2026: stats part=1 host_pgs=1847224 gc_pgs=4702341 gc_cnt=2817 free_lines=2
[67281.393725] NVMeVirt: KSC2026: stats part=2 host_pgs=1847224 gc_pgs=4702341 gc_cnt=2817 free_lines=2
[67281.393725] NVMeVirt: KSC2026: stats part=3 host_pgs=1847224 gc_pgs=4702341 gc_cnt=2817 free_lines=2
[67281.461990] NVMeVirt: Virtual NVMe device closed
