500, 1239, 1, 0, 0
1000, 1229, 1, 0, 0
1500, 1234, 1, 0, 0
2000, 1239, 1, 0, 0
2500, 1232, 1, 0, 0
3000, 1235, 1, 0, 0
3500, 1235, 1, 0, 0
4000, 1236, 1, 0, 0
4500, 1240, 1, 0, 0
5000, 1235, 1, 0, 0
5500, 1225, 1, 0, 0
6012, 1234, 1, 0, 0
6507, 1235, 1, 0, 0
7000, 1238, 1, 0, 0
7509, 1243, 1, 0, 0
8000, 1242, 1, 0, 0
8511, 1241, 1, 0, 0
9002, 1241, 1, 0, 0
9509, 1239, 1, 0, 0
10000, 1243, 1, 0, 0
10504, 1260, 1, 0, 0
11000, 1238, 1, 0, 0
11503, 1239, 1, 0, 0
12011, 1247, 1, 0, 0
12500, 1224, 1, 0, 0
13000, 1236, 1, 0, 0
13505, 1234, 1, 0, 0
14005, 1238, 1, 0, 0
14507, 1249, 1, 0, 0
15007, 1243, 1, 0, 0
15500, 1226, 1, 0, 0
16009, 1241, 1, 0, 0
16512, 1217, 1, 0, 0
17014, 1219, 1, 0, 0
17500, 1235, 1, 0, 0
18010, 1240, 1, 0, 0
18509, 1230, 1, 0, 0
19004, 1236, 1, 0, 0
19504, 1236, 1, 0, 0
20009, 1230, 1, 0, 0
20508, 1233, 1, 0, 0
21000, 1235, 1, 0, 0
21512, 1226, 1, 0, 0
22000, 1238, 1, 0, 0
22511, 1240, 1, 0, 0
23000, 1238, 1, 0, 0
23509, 1247, 1, 0, 0
24002, 1305, 1, 0, 0
24513, 1228, 1, 0, 0
25000, 1232, 1, 0, 0
25506, 1234, 1, 0, 0
26000, 1231, 1, 0, 0
26501, 1237, 1, 0, 0
27000, 1232, 1, 0, 0
27502, 1237, 1, 0, 0
28004, 1244, 1, 0, 0
28502, 1242, 1, 0, 0
29013, 1243, 1, 0, 0
29512, 1233, 1, 0, 0
30014, 1225, 1, 0, 0
30500, 1242, 1, 0, 0
31009, 1241, 1, 0, 0
31500, 1256, 1, 0, 0
32006, 1247, 1, 0, 0
32508, 1229, 1, 0, 0
33010, 1219, 1, 0, 0
33506, 1227, 1, 0, 0
34010, 1243, 1, 0, 0
34508, 1262, 1, 0, 0
35010, 1226, 1, 0, 0
35500, 1232, 1, 0, 0
36009, 1220, 1, 0, 0
36512, 1225, 1, 0, 0
37006, 1235, 1, 0, 0
37512, 1231, 1, 0, 0
38000, 1233, 1, 0, 0
38500, 1235, 1, 0, 0
39000, 1238, 1, 0, 0
39502, 1228, 1, 0, 0
40005, 1228, 1, 0, 0
40501, 1231, 1, 0, 0
41003, 1231, 1, 0, 0
41504, 1227, 1, 0, 0
42000, 1224, 1, 0, 0
42505, 1229, 1, 0, 0
43001, 1230, 1, 0, 0
43502, 1224, 1, 0, 0
44000, 1222, 1, 0, 0
44500, 1237, 1, 0, 0
45006, 1231, 1, 0, 0
45500, 1222, 1, 0, 0
46000, 1226, 1, 0, 0
46503, 1224, 1, 0, 0
47000, 1254, 1, 0, 0
47510, 1237, 1, 0, 0
48001, 1231, 1, 0, 0
48514, 1233, 1, 0, 0
49005, 1228, 1, 0, 0
49516, 1226, 1, 0, 0
50008, 1235, 1, 0, 0
50515, 1224, 1, 0, 0
51001, 1242, 1, 0, 0
51508, 1234, 1, 0, 0
52012, 1247, 1, 0, 0
52507, 1233, 1, 0, 0
53006, 1224, 1, 0, 0
53511, 1236, 1, 0, 0
54016, 1233, 1, 0, 0
54500, 1242, 1, 0, 0
55006, 1231, 1, 0, 0
55516, 1229, 1, 0, 0
56007, 1228, 1, 0, 0
56505, 1235, 1, 0, 0
57007, 1252, 1, 0, 0
57511, 1258, 1, 0, 0
58006, 1234, 1, 0, 0
58513, 1279, 1, 0, 0
59014, 1226, 1, 0, 0
59511, 1236, 1, 0, 0
60008, 1235, 1, 0, 0
