500, 227019, 1, 0, 0
1000, 226764, 1, 0, 0
1500, 227826, 1, 0, 0
2000, 226772, 1, 0, 0
2500, 226490, 1, 0, 0
3000, 226840, 1, 0, 0
3500, 227751, 1, 0, 0
4000, 226171, 1, 0, 0
4500, 227982, 1, 0, 0
5000, 226823, 1, 0, 0
5500, 226548, 1, 0, 0
6012, 1689963, 1, 0, 0
6507, 3875628, 1, 0, 0
7000, 3841859, 1, 0, 0
7509, 3541896, 1, 0, 0
8000, 3435396, 1, 0, 0
8511, 3183383, 1, 0, 0
9002, 3021717, 1, 0, 0
9509, 3019981, 1, 0, 0
10000, 2812678, 1, 0, 0
10504, 3424756, 1, 0, 0
11000, 2925292, 1, 0, 0
11503, 2546669, 1, 0, 0
12011, 2231556, 1, 0, 0
12500, 2219622, 1, 0, 0
13000, 2871355, 1, 0, 0
13505, 2403770, 1, 0, 0
14005, 2700765, 1, 0, 0
14507, 2698075, 1, 0, 0
15007, 2639917, 1, 0, 0
15500, 2335907, 1, 0, 0
16009, 2837333, 1, 0, 0
16512, 2361521, 1, 0, 0
17014, 2427595, 1, 0, 0
17500, 2301779, 1, 0, 0
18010, 2519069, 1, 0, 0
18509, 2274103, 1, 0, 0
19004, 2341777, 1, 0, 0
19504, 2957092, 1, 0, 0
20009, 2184463, 1, 0, 0
20508, 2263586, 1, 0, 0
21000, 3266839, 1, 0, 0
21512, 2778723, 1, 0, 0
22000, 2599835, 1, 0, 0
22511, 2851722, 1, 0, 0
23000, 2407257, 1, 0, 0
23509, 2211158, 1, 0, 0
24002, 2739792, 1, 0, 0
24513, 2195506, 1, 0, 0
25000, 2362097, 1, 0, 0
25506, 2157973, 1, 0, 0
26000, 2637146, 1, 0, 0
26501, 2714467, 1, 0, 0
27000, 2023955, 1, 0, 0
27502, 2120453, 1, 0, 0
28004, 2209835, 1, 0, 0
28502, 2764474, 1, 0, 0
29013, 1887909, 1, 0, 0
29512, 2567754, 1, 0, 0
30014, 1631930, 1, 0, 0
30500, 1959853, 1, 0, 0
31009, 2031727, 1, 0, 0
31500, 2131810, 1, 0, 0
32006, 2539160, 1, 0, 0
32508, 1776771, 1, 0, 0
33010, 1684842, 1, 0, 0
33506, 2115412, 1, 0, 0
34010, 2321526, 1, 0, 0
34508, 2005927, 1, 0, 0
35010, 1320431, 1, 0, 0
35500, 2004309, 1, 0, 0
36009, 1912639, 1, 0, 0
36512, 1598685, 1, 0, 0
37006, 1681192, 1, 0, 0
37512, 2064045, 1, 0, 0
38000, 1652932, 1, 0, 0
38500, 1757759, 1, 0, 0
39000, 1835446, 1, 0, 0
39502, 1102641, 1, 0, 0
40005, 1540145, 1, 0, 0
40501, 1165023, 1, 0, 0
41003, 1528634, 1, 0, 0
41504, 1444801, 1, 0, 0
42000, 1444360, 1, 0, 0
42505, 1294684, 1, 0, 0
43001, 1103656, 1, 0, 0
43502, 1146716, 1, 0, 0
44000, 1061857, 1, 0, 0
44500, 792131, 1, 0, 0
45006, 757358, 1, 0, 0
45500, 594011, 1, 0, 0
46000, 336187, 1, 0, 0
46503, 451569, 1, 0, 0
47000, 3922193, 1, 0, 0
47510, 3766137, 1, 0, 0
48001, 3667172, 1, 0, 0
48514, 3366017, 1, 0, 0
49005, 3310396, 1, 0, 0
49516, 3021202, 1, 0, 0
50008, 2863660, 1, 0, 0
50515, 2816691, 1, 0, 0
51001, 2911667, 1, 0, 0
51508, 2536230, 1, 0, 0
52012, 2501251, 1, 0, 0
52507, 2678080, 1, 0, 0
53006, 2322365, 1, 0, 0
53511, 2137397, 1, 0, 0
54016, 2462681, 1, 0, 0
54500, 2849281, 1, 0, 0
55006, 2489274, 1, 0, 0
55516, 2375132, 1, 0, 0
56007, 2344940, 1, 0, 0
56505, 2649102, 1, 0, 0
57007, 2442506, 1, 0, 0
57511, 2896638, 1, 0, 0
58006, 2551182, 1, 0, 0
58513, 2642884, 1, 0, 0
59014, 2268352, 1, 0, 0
59511, 2380237, 1, 0, 0
60007, 2329919, 1, 0, 0
60008, 17357128, 1, 0, 0
