500, 140808, 1, 0, 0
1000, 141006, 1, 0, 0
1500, 140326, 1, 0, 0
2000, 140958, 1, 0, 0
2500, 141160, 1, 0, 0
3000, 140914, 1, 0, 0
3500, 140404, 1, 0, 0
4000, 141346, 1, 0, 0
4500, 140224, 1, 0, 0
5000, 140936, 1, 0, 0
5500, 141104, 1, 0, 0
6000, 18550, 1, 0, 0
6500, 8176, 1, 0, 0
7000, 8522, 1, 0, 0
7500, 8902, 1, 0, 0
8000, 9208, 1, 0, 0
8500, 10184, 1, 0, 0
9000, 10384, 1, 0, 0
9500, 10781, 1, 0, 0
10000, 11530, 1, 0, 0
10500, 9134, 1, 0, 0
11000, 10832, 1, 0, 0
11500, 12640, 1, 0, 0
12000, 14584, 1, 0, 0
12500, 14576, 1, 0, 0
13000, 11104, 1, 0, 0
13500, 13032, 1, 0, 0
14000, 11856, 1, 0, 0
14500, 11912, 1, 0, 0
15000, 12120, 1, 0, 0
15500, 14048, 1, 0, 0
16000, 11000, 1, 0, 0
16500, 13656, 1, 0, 0
17000, 13232, 1, 0, 0
17500, 13992, 1, 0, 0
18000, 12488, 1, 0, 0
18500, 14056, 1, 0, 0
19000, 13552, 1, 0, 0
19500, 10808, 1, 0, 0
20000, 14760, 1, 0, 0
20500, 14160, 1, 0, 0
21000, 9931, 1, 0, 0
21500, 11472, 1, 0, 0
22000, 12360, 1, 0, 0
22500, 11136, 1, 0, 0
23000, 13336, 1, 0, 0
23500, 14352, 1, 0, 0
24000, 11560, 1, 0, 0
24500, 14824, 1, 0, 0
25000, 13640, 1, 0, 0
25500, 14568, 1, 0, 0
26000, 12274, 1, 0, 0
26500, 11526, 1, 0, 0
27000, 16264, 1, 0, 0
27500, 14680, 1, 0, 0
28000, 14536, 1, 0, 0
28500, 11520, 1, 0, 0
29000, 17344, 1, 0, 0
29500, 12416, 1, 0, 0
30000, 19648, 1, 0, 0
30500, 16584, 1, 0, 0
31000, 15400, 1, 0, 0
31500, 15348, 1, 0, 0
32000, 12212, 1, 0, 0
32500, 18032, 1, 0, 0
33000, 19112, 1, 0, 0
33500, 15014, 1, 0, 0
34000, 13896, 1, 0, 0
34500, 15904, 1, 0, 0
35000, 24304, 1, 0, 0
35500, 15688, 1, 0, 0
36000, 16992, 1, 0, 0
36500, 20144, 1, 0, 0
37000, 18832, 1, 0, 0
37500, 15696, 1, 0, 0
38000, 18904, 1, 0, 0
38500, 18720, 1, 0, 0
39000, 17438, 1, 0, 0
39500, 28282, 1, 0, 0
40000, 20928, 1, 0, 0
40500, 27264, 1, 0, 0
41000, 21024, 1, 0, 0
41500, 22184, 1, 0, 0
42000, 22712, 1, 0, 0
42500, 24232, 1, 0, 0
43000, 28760, 1, 0, 0
43500, 28048, 1, 0, 0
44000, 30806, 1, 0, 0
44500, 39520, 1, 0, 0
45000, 42869, 1, 0, 0
45500, 53408, 1, 0, 0
46000, 96160, 1, 0, 0
46500, 69024, 1, 0, 0
47000, 8172, 1, 0, 0
47500, 8580, 1, 0, 0
48000, 8576, 1, 0, 0
48500, 9744, 1, 0, 0
49000, 9488, 1, 0, 0
49500, 10824, 1, 0, 0
50000, 11008, 1, 0, 0
50500, 11528, 1, 0, 0
51000, 10680, 1, 0, 0
51500, 12792, 1, 0, 0
52000, 12912, 1, 0, 0
52500, 11816, 1, 0, 0
53000, 13776, 1, 0, 0
53500, 15088, 1, 0, 0
54000, 13120, 1, 0, 0
54500, 11232, 1, 0, 0
55000, 12624, 1, 0, 0
55500, 13720, 1, 0, 0
56000, 13392, 1, 0, 0
56500, 12040, 1, 0, 0
57000, 13152, 1, 0, 0
57500, 11182, 1, 0, 0
58000, 12416, 1, 0, 0
58500, 12264, 1, 0, 0
59000, 14144, 1, 0, 0
59500, 13320, 1, 0, 0
60000, 13648, 1, 0, 0
