500, 2252928, 1, 0, 0
1000, 2256192, 1, 0, 0
1500, 2245216, 1, 0, 0
2000, 2255328, 1, 0, 0
2500, 2258560, 1, 0, 0
3000, 2254624, 1, 0, 0
3500, 2246464, 1, 0, 0
4000, 2261536, 1, 0, 0
4500, 2243616, 1, 0, 0
5000, 2254976, 1, 0, 0
5500, 2257664, 1, 0, 0
6000, 296800, 1, 0, 0
6500, 130816, 1, 0, 0
7000, 136352, 1, 0, 0
7500, 142432, 1, 0, 0
8000, 147328, 1, 0, 0
8500, 162944, 1, 0, 0
9000, 166144, 1, 0, 0
9500, 172505, 1, 0, 0
10000, 184480, 1, 0, 0
10500, 146144, 1, 0, 0
11000, 173312, 1, 0, 0
11500, 202240, 1, 0, 0
12000, 233344, 1, 0, 0
12500, 233216, 1, 0, 0
13000, 177664, 1, 0, 0
13500, 208512, 1, 0, 0
14000, 189696, 1, 0, 0
14500, 190592, 1, 0, 0
15000, 193920, 1, 0, 0
15500, 224768, 1, 0, 0
16000, 176000, 1, 0, 0
16500, 218496, 1, 0, 0
17000, 211712, 1, 0, 0
17500, 223872, 1, 0, 0
18000, 199808, 1, 0, 0
18500, 224896, 1, 0, 0
19000, 216832, 1, 0, 0
19500, 172928, 1, 0, 0
20000, 236160, 1, 0, 0
20500, 226560, 1, 0, 0
21000, 158909, 1, 0, 0
21500, 183552, 1, 0, 0
22000, 197760, 1, 0, 0
22500, 178176, 1, 0, 0
23000, 213376, 1, 0, 0
23500, 229632, 1, 0, 0
24000, 184960, 1, 0, 0
24500, 237184, 1, 0, 0
25000, 218240, 1, 0, 0
25500, 233088, 1, 0, 0
26000, 196384, 1, 0, 0
26500, 184416, 1, 0, 0
27000, 260224, 1, 0, 0
27500, 234880, 1, 0, 0
28000, 232576, 1, 0, 0
28500, 184320, 1, 0, 0
29000, 277504, 1, 0, 0
29500, 198656, 1, 0, 0
30000, 314368, 1, 0, 0
30500, 265344, 1, 0, 0
31000, 246400, 1, 0, 0
31500, 245568, 1, 0, 0
32000, 195392, 1, 0, 0
32500, 288512, 1, 0, 0
33000, 305792, 1, 0, 0
33500, 240224, 1, 0, 0
34000, 222336, 1, 0, 0
34500, 254464, 1, 0, 0
35000, 388864, 1, 0, 0
35500, 251008, 1, 0, 0
36000, 271872, 1, 0, 0
36500, 322304, 1, 0, 0
37000, 301312, 1, 0, 0
37500, 251136, 1, 0, 0
38000, 302464, 1, 0, 0
38500, 299520, 1, 0, 0
39000, 279008, 1, 0, 0
39500, 452512, 1, 0, 0
40000, 334848, 1, 0, 0
40500, 436224, 1, 0, 0
41000, 336384, 1, 0, 0
41500, 354944, 1, 0, 0
42000, 363392, 1, 0, 0
42500, 387712, 1, 0, 0
43000, 460160, 1, 0, 0
43500, 448768, 1, 0, 0
44000, 492896, 1, 0, 0
44500, 632352, 1, 0, 0
45000, 685915, 1, 0, 0
45500, 854528, 1, 0, 0
46000, 1538560, 1, 0, 0
46500, 1104384, 1, 0, 0
47000, 130752, 1, 0, 0
47500, 137280, 1, 0, 0
48000, 137216, 1, 0, 0
48500, 155904, 1, 0, 0
49000, 151808, 1, 0, 0
49500, 173184, 1, 0, 0
50000, 176128, 1, 0, 0
50500, 184448, 1, 0, 0
51000, 170880, 1, 0, 0
51500, 204672, 1, 0, 0
52000, 206592, 1, 0, 0
52500, 189056, 1, 0, 0
53000, 220416, 1, 0, 0
53500, 241408, 1, 0, 0
54000, 209920, 1, 0, 0
54500, 179712, 1, 0, 0
55000, 201984, 1, 0, 0
55500, 219520, 1, 0, 0
56000, 214272, 1, 0, 0
56500, 192640, 1, 0, 0
57000, 210432, 1, 0, 0
57500, 178917, 1, 0, 0
58000, 198656, 1, 0, 0
58500, 196224, 1, 0, 0
59000, 226304, 1, 0, 0
59500, 213120, 1, 0, 0
60000, 218368, 1, 0, 0
