500, 225781, 1, 0, 0
1000, 225535, 1, 0, 0
1500, 226592, 1, 0, 0
2000, 225534, 1, 0, 0
2500, 225258, 1, 0, 0
3000, 225605, 1, 0, 0
3500, 226517, 1, 0, 0
4000, 224935, 1, 0, 0
4500, 226742, 1, 0, 0
5000, 225588, 1, 0, 0
5500, 225323, 1, 0, 0
6012, 1688729, 1, 0, 0
6507, 3874393, 1, 0, 0
7000, 3840621, 1, 0, 0
7509, 3540653, 1, 0, 0
8000, 3434154, 1, 0, 0
8511, 3182142, 1, 0, 0
9002, 3020476, 1, 0, 0
9509, 3018742, 1, 0, 0
10000, 2811435, 1, 0, 0
10504, 3423496, 1, 0, 0
11000, 2924053, 1, 0, 0
11503, 2545430, 1, 0, 0
12011, 2230310, 1, 0, 0
12500, 2218398, 1, 0, 0
13000, 2870119, 1, 0, 0
13505, 2402537, 1, 0, 0
14005, 2699527, 1, 0, 0
14507, 2696827, 1, 0, 0
15007, 2638674, 1, 0, 0
15500, 2334681, 1, 0, 0
16009, 2836093, 1, 0, 0
16512, 2360304, 1, 0, 0
17014, 2426375, 1, 0, 0
17500, 2300544, 1, 0, 0
18010, 2517830, 1, 0, 0
18509, 2272873, 1, 0, 0
19004, 2340542, 1, 0, 0
19504, 2955856, 1, 0, 0
20009, 2183233, 1, 0, 0
20508, 2262353, 1, 0, 0
21000, 3265604, 1, 0, 0
21512, 2777497, 1, 0, 0
22000, 2598597, 1, 0, 0
22511, 2850482, 1, 0, 0
23000, 2406020, 1, 0, 0
23509, 2209911, 1, 0, 0
24002, 2738487, 1, 0, 0
24513, 2194279, 1, 0, 0
25000, 2360866, 1, 0, 0
25506, 2156739, 1, 0, 0
26000, 2635914, 1, 0, 0
26501, 2713231, 1, 0, 0
27000, 2022723, 1, 0, 0
27502, 2119217, 1, 0, 0
28004, 2208591, 1, 0, 0
28502, 2763231, 1, 0, 0
29013, 1886665, 1, 0, 0
29512, 2566520, 1, 0, 0
30014, 1630705, 1, 0, 0
30500, 1958611, 1, 0, 0
31009, 2030486, 1, 0, 0
31500, 2130554, 1, 0, 0
32006, 2537913, 1, 0, 0
32508, 1775542, 1, 0, 0
33010, 1683623, 1, 0, 0
33506, 2114185, 1, 0, 0
34010, 2320283, 1, 0, 0
34508, 2004664, 1, 0, 0
35010, 1319205, 1, 0, 0
35500, 2003078, 1, 0, 0
36009, 1911419, 1, 0, 0
36512, 1597461, 1, 0, 0
37006, 1679957, 1, 0, 0
37512, 2062814, 1, 0, 0
38000, 1651698, 1, 0, 0
38500, 1756524, 1, 0, 0
39000, 1834208, 1, 0, 0
39502, 1101413, 1, 0, 0
40005, 1538917, 1, 0, 0
40501, 1163792, 1, 0, 0
41003, 1527403, 1, 0, 0
41504, 1443575, 1, 0, 0
42000, 1443244, 1, 0, 0
42505, 1293367, 1, 0, 0
43001, 1102425, 1, 0, 0
43502, 1145492, 1, 0, 0
44000, 1060635, 1, 0, 0
44500, 790895, 1, 0, 0
45006, 756127, 1, 0, 0
45500, 592789, 1, 0, 0
46000, 334961, 1, 0, 0
46503, 450346, 1, 0, 0
47000, 3920938, 1, 0, 0
47510, 3764900, 1, 0, 0
48001, 3665940, 1, 0, 0
48514, 3364784, 1, 0, 0
49005, 3309168, 1, 0, 0
49516, 3019977, 1, 0, 0
50008, 2862425, 1, 0, 0
50515, 2815468, 1, 0, 0
51001, 2910425, 1, 0, 0
51508, 2534996, 1, 0, 0
52012, 2500004, 1, 0, 0
52507, 2676847, 1, 0, 0
53006, 2321141, 1, 0, 0
53511, 2136161, 1, 0, 0
54016, 2461448, 1, 0, 0
54500, 2848039, 1, 0, 0
55006, 2488043, 1, 0, 0
55516, 2373903, 1, 0, 0
56007, 2343711, 1, 0, 0
56505, 2647868, 1, 0, 0
57007, 2441255, 1, 0, 0
57511, 2895380, 1, 0, 0
58006, 2549948, 1, 0, 0
58513, 2641605, 1, 0, 0
59014, 2267126, 1, 0, 0
59511, 2379001, 1, 0, 0
60007, 2328684, 1, 0, 0
60008, 17355928, 1, 0, 0
