500, 223532, 1, 0, 0
1000, 223924, 1, 0, 0
1500, 223751, 1, 0, 0
2000, 223752, 1, 0, 0
2500, 223752, 1, 0, 0
3000, 223751, 1, 0, 0
3500, 223752, 1, 0, 0
4000, 223751, 1, 0, 0
4500, 223751, 1, 0, 0
5000, 223751, 1, 0, 0
5500, 232482, 1, 0, 0
6000, 381986, 1, 0, 0
6500, 379947, 1, 0, 0
7000, 381903, 1, 0, 0
7500, 384418, 1, 0, 0
8000, 383310, 1, 0, 0
8500, 379956, 1, 0, 0
9001, 381420, 1, 0, 0
9501, 384410, 1, 0, 0
10000, 383787, 1, 0, 0
10500, 380058, 1, 0, 0
11000, 380474, 1, 0, 0
11502, 384784, 1, 0, 0
12000, 384261, 1, 0, 0
12500, 380087, 1, 0, 0
13000, 380727, 1, 0, 0
13500, 382403, 1, 0, 0
14000, 385938, 1, 0, 0
14500, 381368, 1, 0, 0
15000, 380009, 1, 0, 0
15000, 276232, 1, 0, 0
