500, 572232, 1, 0, 0
1000, 571312, 1, 0, 0
1500, 571648, 1, 0, 0
2000, 571648, 1, 0, 0
2500, 571648, 1, 0, 0
3000, 571784, 1, 0, 0
3500, 571768, 1, 0, 0
4000, 571648, 1, 0, 0
4500, 571648, 1, 0, 0
5000, 571648, 1, 0, 0
5500, 546784, 1, 0, 0
6000, 337456, 1, 0, 0
6500, 336880, 1, 0, 0
7000, 332800, 1, 0, 0
7500, 332608, 1, 0, 0
8000, 336232, 1, 0, 0
8500, 336376, 1, 0, 0
9000, 334816, 1, 0, 0
9500, 332288, 1, 0, 0
10000, 334624, 1, 0, 0
10500, 336656, 1, 0, 0
11000, 335744, 1, 0, 0
11500, 332368, 1, 0, 0
12000, 333712, 1, 0, 0
12500, 336688, 1, 0, 0
13000, 336000, 1, 0, 0
13500, 332768, 1, 0, 0
14000, 332432, 1, 0, 0
14500, 336528, 1, 0, 0
