500, 222673, 1, 0, 0
1000, 223124, 1, 0, 0
1500, 222975, 1, 0, 0
2000, 222973, 1, 0, 0
2500, 222971, 1, 0, 0
3000, 222974, 1, 0, 0
3500, 222973, 1, 0, 0
4000, 222974, 1, 0, 0
4500, 222974, 1, 0, 0
5000, 222974, 1, 0, 0
5500, 231698, 1, 0, 0
6000, 381140, 1, 0, 0
6500, 379101, 1, 0, 0
7000, 381059, 1, 0, 0
7500, 383574, 1, 0, 0
8000, 382461, 1, 0, 0
8500, 379108, 1, 0, 0
9001, 380571, 1, 0, 0
9501, 383561, 1, 0, 0
10000, 382941, 1, 0, 0
10500, 379212, 1, 0, 0
11000, 379628, 1, 0, 0
11502, 383937, 1, 0, 0
12000, 383414, 1, 0, 0
12500, 379241, 1, 0, 0
13000, 379814, 1, 0, 0
13500, 381564, 1, 0, 0
14000, 385084, 1, 0, 0
14500, 380522, 1, 0, 0
15000, 379161, 1, 0, 0
15000, 275376, 1, 0, 0
