500, 859, 1, 0, 0
1000, 799, 1, 0, 0
1500, 776, 1, 0, 0
2000, 778, 1, 0, 0
2500, 781, 1, 0, 0
3000, 777, 1, 0, 0
3500, 779, 1, 0, 0
4000, 777, 1, 0, 0
4500, 777, 1, 0, 0
5000, 777, 1, 0, 0
5500, 785, 1, 0, 0
6000, 846, 1, 0, 0
6500, 846, 1, 0, 0
7000, 844, 1, 0, 0
7500, 845, 1, 0, 0
8000, 850, 1, 0, 0
8500, 848, 1, 0, 0
9001, 849, 1, 0, 0
9501, 849, 1, 0, 0
10000, 846, 1, 0, 0
10500, 846, 1, 0, 0
11000, 846, 1, 0, 0
11502, 847, 1, 0, 0
12000, 847, 1, 0, 0
12500, 847, 1, 0, 0
13000, 913, 1, 0, 0
13500, 840, 1, 0, 0
14000, 854, 1, 0, 0
14500, 846, 1, 0, 0
15000, 848, 1, 0, 0
