500, 232248, 1, 0, 0
1000, 232277, 1, 0, 0
1500, 233673, 1, 0, 0
2000, 231921, 1, 0, 0
2500, 231441, 1, 0, 0
3000, 231116, 1, 0, 0
3500, 230841, 1, 0, 0
4000, 231580, 1, 0, 0
4500, 231449, 1, 0, 0
5000, 232676, 1, 0, 0
5500, 234489, 1, 0, 0
6000, 405847, 1, 0, 0
6504, 735212, 1, 0, 0
7000, 808772, 1, 0, 0
7502, 881249, 1, 0, 0
8004, 852470, 1, 0, 0
8500, 904485, 1, 0, 0
9000, 843499, 1, 0, 0
9503, 876332, 1, 0, 0
10008, 992337, 1, 0, 0
10500, 964313, 1, 0, 0
11004, 1095171, 1, 0, 0
11504, 1128082, 1, 0, 0
12008, 1070545, 1, 0, 0
12500, 1193541, 1, 0, 0
13001, 1180717, 1, 0, 0
13503, 1210363, 1, 0, 0
14008, 1243446, 1, 0, 0
14500, 1297955, 1, 0, 0
15000, 1343399, 1, 0, 0
15510, 1395906, 1, 0, 0
16000, 1425137, 1, 0, 0
16500, 1309737, 1, 0, 0
17006, 1457431, 1, 0, 0
17505, 1566506, 1, 0, 0
18001, 1669997, 1, 0, 0
18505, 1611387, 1, 0, 0
19009, 1706202, 1, 0, 0
19501, 1742835, 1, 0, 0
20008, 1737509, 1, 0, 0
20500, 1818525, 1, 0, 0
21003, 1649126, 1, 0, 0
21500, 1846412, 1, 0, 0
22000, 1890067, 1, 0, 0
22500, 2061661, 1, 0, 0
23010, 1909440, 1, 0, 0
23503, 1929083, 1, 0, 0
24000, 2070441, 1, 0, 0
24500, 2261287, 1, 0, 0
25009, 2149495, 1, 0, 0
25509, 2158807, 1, 0, 0
26003, 2274258, 1, 0, 0
26500, 1941362, 1, 0, 0
27003, 1934659, 1, 0, 0
27502, 2322035, 1, 0, 0
28004, 2047445, 1, 0, 0
28509, 2282866, 1, 0, 0
29004, 2318657, 1, 0, 0
29511, 2093897, 1, 0, 0
30008, 2294982, 1, 0, 0
30512, 2337985, 1, 0, 0
31006, 2224547, 1, 0, 0
31504, 2118463, 1, 0, 0
32001, 2217693, 1, 0, 0
32511, 2894602, 1, 0, 0
33000, 2610608, 1, 0, 0
33505, 2469935, 1, 0, 0
34014, 2587706, 1, 0, 0
34503, 2620703, 1, 0, 0
35000, 2621651, 1, 0, 0
35508, 2764088, 1, 0, 0
36000, 2798456, 1, 0, 0
36509, 2800953, 1, 0, 0
37001, 2290006, 1, 0, 0
37500, 2817878, 1, 0, 0
38003, 2767611, 1, 0, 0
38515, 2509592, 1, 0, 0
39002, 2871568, 1, 0, 0
39512, 3000281, 1, 0, 0
40002, 2888838, 1, 0, 0
40508, 3075416, 1, 0, 0
41002, 3009048, 1, 0, 0
41500, 3039054, 1, 0, 0
42010, 3290274, 1, 0, 0
42512, 2984170, 1, 0, 0
43010, 3136041, 1, 0, 0
43506, 3086448, 1, 0, 0
44003, 3097600, 1, 0, 0
44502, 3044521, 1, 0, 0
45011, 3177843, 1, 0, 0
45506, 3068827, 1, 0, 0
46000, 3182981, 1, 0, 0
46509, 3202762, 1, 0, 0
47008, 2981517, 1, 0, 0
47500, 3213896, 1, 0, 0
48005, 3153834, 1, 0, 0
48511, 2792094, 1, 0, 0
49014, 2870844, 1, 0, 0
49514, 2929572, 1, 0, 0
50000, 2950748, 1, 0, 0
50500, 2877299, 1, 0, 0
51000, 3101904, 1, 0, 0
51500, 3085511, 1, 0, 0
52014, 3091090, 1, 0, 0
52511, 3095725, 1, 0, 0
53009, 3108505, 1, 0, 0
53510, 2937705, 1, 0, 0
54012, 2982028, 1, 0, 0
54514, 2908683, 1, 0, 0
55010, 3189292, 1, 0, 0
55500, 3345335, 1, 0, 0
56015, 3033480, 1, 0, 0
56505, 3306958, 1, 0, 0
57001, 3010968, 1, 0, 0
57514, 3210924, 1, 0, 0
58011, 3094566, 1, 0, 0
58505, 3218250, 1, 0, 0
59001, 3100090, 1, 0, 0
59513, 3175516, 1, 0, 0
60006, 3099263, 1, 0, 0
60007, 16481165, 1, 0, 0
