500, 1034, 1, 0, 0
1000, 1040, 1, 0, 0
1500, 1090, 1, 0, 0
2000, 1043, 1, 0, 0
2500, 1054, 1, 0, 0
3000, 1036, 1, 0, 0
3500, 1036, 1, 0, 0
4000, 1036, 1, 0, 0
4500, 1040, 1, 0, 0
5000, 1042, 1, 0, 0
5500, 1054, 1, 0, 0
6000, 1036, 1, 0, 0
6504, 1042, 1, 0, 0
7000, 1048, 1, 0, 0
7502, 1042, 1, 0, 0
8004, 1043, 1, 0, 0
8500, 1052, 1, 0, 0
9000, 1052, 1, 0, 0
9503, 1037, 1, 0, 0
10008, 1041, 1, 0, 0
10500, 1044, 1, 0, 0
11004, 1042, 1, 0, 0
11504, 1050, 1, 0, 0
12008, 1054, 1, 0, 0
12500, 1044, 1, 0, 0
13001, 1047, 1, 0, 0
13503, 1056, 1, 0, 0
14008, 1040, 1, 0, 0
14500, 1041, 1, 0, 0
15000, 1043, 1, 0, 0
15510, 1042, 1, 0, 0
16000, 1050, 1, 0, 0
16500, 1043, 1, 0, 0
17006, 1050, 1, 0, 0
17505, 1045, 1, 0, 0
18001, 1051, 1, 0, 0
18505, 1047, 1, 0, 0
19009, 1049, 1, 0, 0
19501, 1055, 1, 0, 0
20008, 1052, 1, 0, 0
20500, 1048, 1, 0, 0
21003, 1048, 1, 0, 0
21500, 1050, 1, 0, 0
22000, 1056, 1, 0, 0
22500, 1055, 1, 0, 0
23010, 1054, 1, 0, 0
23503, 1081, 1, 0, 0
24000, 1062, 1, 0, 0
24500, 1046, 1, 0, 0
25009, 1044, 1, 0, 0
25509, 1052, 1, 0, 0
26003, 1064, 1, 0, 0
26500, 1085, 1, 0, 0
27003, 1044, 1, 0, 0
27502, 1050, 1, 0, 0
28004, 1052, 1, 0, 0
28509, 1045, 1, 0, 0
29004, 1043, 1, 0, 0
29511, 1040, 1, 0, 0
30008, 1046, 1, 0, 0
30512, 1049, 1, 0, 0
31006, 1048, 1, 0, 0
31504, 1045, 1, 0, 0
32001, 1052, 1, 0, 0
32511, 1056, 1, 0, 0
33000, 1047, 1, 0, 0
33505, 1049, 1, 0, 0
34014, 1050, 1, 0, 0
34503, 1056, 1, 0, 0
35000, 1051, 1, 0, 0
35508, 1049, 1, 0, 0
36000, 1047, 1, 0, 0
36509, 1060, 1, 0, 0
37001, 1040, 1, 0, 0
37500, 1058, 1, 0, 0
38003, 1056, 1, 0, 0
38515, 1058, 1, 0, 0
39002, 1050, 1, 0, 0
39512, 1964, 1, 0, 0
40002, 2137, 1, 0, 0
40508, 1913, 1, 0, 0
41002, 1040, 1, 0, 0
41500, 1056, 1, 0, 0
42010, 1050, 1, 0, 0
42512, 1047, 1, 0, 0
43010, 1047, 1, 0, 0
43506, 1049, 1, 0, 0
44003, 1054, 1, 0, 0
44502, 1048, 1, 0, 0
45011, 1053, 1, 0, 0
45506, 1046, 1, 0, 0
46000, 1048, 1, 0, 0
46509, 1059, 1, 0, 0
47008, 1050, 1, 0, 0
47500, 1050, 1, 0, 0
48005, 1076, 1, 0, 0
48511, 1113, 1, 0, 0
49014, 1041, 1, 0, 0
49514, 1045, 1, 0, 0
50000, 1052, 1, 0, 0
50500, 1047, 1, 0, 0
51000, 1052, 1, 0, 0
51500, 1052, 1, 0, 0
52014, 1046, 1, 0, 0
52511, 1055, 1, 0, 0
53009, 1043, 1, 0, 0
53510, 1068, 1, 0, 0
54012, 1055, 1, 0, 0
54514, 1045, 1, 0, 0
55010, 1051, 1, 0, 0
55500, 1050, 1, 0, 0
56015, 1042, 1, 0, 0
56505, 1050, 1, 0, 0
57001, 1049, 1, 0, 0
57514, 1061, 1, 0, 0
58011, 1053, 1, 0, 0
58505, 1099, 1, 0, 0
59001, 1050, 1, 0, 0
59513, 1046, 1, 0, 0
60007, 1050, 1, 0, 0
