500, 233282, 1, 0, 0
1000, 233317, 1, 0, 0
1500, 234763, 1, 0, 0
2000, 232964, 1, 0, 0
2500, 232495, 1, 0, 0
3000, 232153, 1, 0, 0
3500, 231877, 1, 0, 0
4000, 232617, 1, 0, 0
4500, 232489, 1, 0, 0
5000, 233718, 1, 0, 0
5500, 235544, 1, 0, 0
6000, 406883, 1, 0, 0
6504, 736254, 1, 0, 0
7000, 809820, 1, 0, 0
7502, 882290, 1, 0, 0
8004, 853513, 1, 0, 0
8500, 905537, 1, 0, 0
9000, 844552, 1, 0, 0
9503, 877369, 1, 0, 0
10008, 993378, 1, 0, 0
10500, 965357, 1, 0, 0
11004, 1096212, 1, 0, 0
11504, 1129132, 1, 0, 0
12008, 1071599, 1, 0, 0
12500, 1194585, 1, 0, 0
13001, 1181764, 1, 0, 0
13503, 1211418, 1, 0, 0
14008, 1244486, 1, 0, 0
14500, 1298996, 1, 0, 0
15000, 1344442, 1, 0, 0
15510, 1396948, 1, 0, 0
16000, 1426187, 1, 0, 0
16500, 1310780, 1, 0, 0
17006, 1458481, 1, 0, 0
17505, 1567551, 1, 0, 0
18001, 1671048, 1, 0, 0
18505, 1612434, 1, 0, 0
19009, 1707252, 1, 0, 0
19501, 1743890, 1, 0, 0
20008, 1738561, 1, 0, 0
20500, 1819574, 1, 0, 0
21003, 1650174, 1, 0, 0
21500, 1847463, 1, 0, 0
22000, 1891124, 1, 0, 0
22500, 2062717, 1, 0, 0
23010, 1910494, 1, 0, 0
23503, 1930164, 1, 0, 0
24000, 2071503, 1, 0, 0
24500, 2262332, 1, 0, 0
25009, 2150539, 1, 0, 0
25509, 2159859, 1, 0, 0
26003, 2275322, 1, 0, 0
26500, 1942448, 1, 0, 0
27003, 1935703, 1, 0, 0
27502, 2323085, 1, 0, 0
28004, 2048497, 1, 0, 0
28509, 2283911, 1, 0, 0
29004, 2319700, 1, 0, 0
29511, 2094937, 1, 0, 0
30008, 2296027, 1, 0, 0
30512, 2339033, 1, 0, 0
31006, 2225596, 1, 0, 0
31504, 2119507, 1, 0, 0
32001, 2218745, 1, 0, 0
32511, 2895658, 1, 0, 0
33000, 2611655, 1, 0, 0
33505, 2470983, 1, 0, 0
34014, 2588756, 1, 0, 0
34503, 2621759, 1, 0, 0
35000, 2622702, 1, 0, 0
35508, 2765138, 1, 0, 0
36000, 2799502, 1, 0, 0
36509, 2802014, 1, 0, 0
37001, 2291046, 1, 0, 0
37500, 2818936, 1, 0, 0
38003, 2768666, 1, 0, 0
38515, 2510651, 1, 0, 0
39002, 2872618, 1, 0, 0
39512, 3002238, 1, 0, 0
40002, 2890975, 1, 0, 0
40508, 3077336, 1, 0, 0
41002, 3010088, 1, 0, 0
41500, 3040110, 1, 0, 0
42010, 3291324, 1, 0, 0
42512, 2985218, 1, 0, 0
43010, 3137088, 1, 0, 0
43506, 3087497, 1, 0, 0
44003, 3098654, 1, 0, 0
44502, 3045570, 1, 0, 0
45011, 3178895, 1, 0, 0
45506, 3069873, 1, 0, 0
46000, 3184028, 1, 0, 0
46509, 3203821, 1, 0, 0
47008, 2982566, 1, 0, 0
47500, 3214946, 1, 0, 0
48005, 3154910, 1, 0, 0
48511, 2793208, 1, 0, 0
49014, 2871885, 1, 0, 0
49514, 2930618, 1, 0, 0
50000, 2951800, 1, 0, 0
50500, 2878347, 1, 0, 0
51000, 3102957, 1, 0, 0
51500, 3086563, 1, 0, 0
52014, 3092136, 1, 0, 0
52511, 3096779, 1, 0, 0
53009, 3109549, 1, 0, 0
53510, 2938773, 1, 0, 0
54012, 2983083, 1, 0, 0
54514, 2909727, 1, 0, 0
55010, 3190343, 1, 0, 0
55500, 3346385, 1, 0, 0
56015, 3034522, 1, 0, 0
56505, 3308008, 1, 0, 0
57001, 3012017, 1, 0, 0
57514, 3211985, 1, 0, 0
58011, 3095620, 1, 0, 0
58505, 3219349, 1, 0, 0
59001, 3101140, 1, 0, 0
59513, 3176562, 1, 0, 0
60006, 3100313, 1, 0, 0
60007, 16482181, 1, 0, 0
