500, 137068, 1, 0, 0
1000, 137030, 1, 0, 0
1500, 136198, 1, 0, 0
2000, 137248, 1, 0, 0
2500, 137500, 1, 0, 0
3000, 137732, 1, 0, 0
3500, 137880, 1, 0, 0
4000, 137432, 1, 0, 0
4500, 137510, 1, 0, 0
5000, 136792, 1, 0, 0
5500, 135764, 1, 0, 0
6000, 78412, 1, 0, 0
6500, 43204, 1, 0, 0
7000, 39735, 1, 0, 0
7500, 35936, 1, 0, 0
8000, 37656, 1, 0, 0
8500, 35118, 1, 0, 0
9000, 38322, 1, 0, 0
9500, 36024, 1, 0, 0
10000, 32492, 1, 0, 0
10500, 33296, 1, 0, 0
11000, 28808, 1, 0, 0
11500, 28316, 1, 0, 0
12000, 30064, 1, 0, 0
12500, 26908, 1, 0, 0
13000, 26624, 1, 0, 0
13500, 26372, 1, 0, 0
14000, 26016, 1, 0, 0
14500, 24612, 1, 0, 0
15000, 24086, 1, 0, 0
15500, 22678, 1, 0, 0
16000, 22604, 1, 0, 0
16500, 24464, 1, 0, 0
17000, 21584, 1, 0, 0
17500, 20352, 1, 0, 0
18000, 18980, 1, 0, 0
18500, 20056, 1, 0, 0
19000, 18828, 1, 0, 0
19500, 18048, 1, 0, 0
20000, 18684, 1, 0, 0
20500, 17488, 1, 0, 0
21000, 19292, 1, 0, 0
21500, 17656, 1, 0, 0
22000, 16540, 1, 0, 0
22500, 15540, 1, 0, 0
23000, 16984, 1, 0, 0
23500, 16380, 1, 0, 0
24000, 15712, 1, 0, 0
24500, 14148, 1, 0, 0
25000, 14780, 1, 0, 0
25500, 14764, 1, 0, 0
26000, 13972, 1, 0, 0
26500, 16460, 1, 0, 0
27000, 16532, 1, 0, 0
27500, 13720, 1, 0, 0
28000, 15644, 1, 0, 0
28500, 14184, 1, 0, 0
29000, 13596, 1, 0, 0
29500, 15504, 1, 0, 0
30000, 13844, 1, 0, 0
30500, 13820, 1, 0, 0
31000, 14166, 1, 0, 0
31500, 15058, 1, 0, 0
32000, 14326, 1, 0, 0
32500, 11328, 1, 0, 0
33000, 12272, 1, 0, 0
33500, 12716, 1, 0, 0
34000, 12580, 1, 0, 0
34500, 11940, 1, 0, 0
35000, 12488, 1, 0, 0
35500, 11448, 1, 0, 0
36000, 11220, 1, 0, 0
36500, 11628, 1, 0, 0
37000, 13720, 1, 0, 0
37500, 11336, 1, 0, 0
38000, 11634, 1, 0, 0
38500, 13028, 1, 0, 0
39000, 10892, 1, 0, 0
39500, 10832, 1, 0, 0
40000, 10832, 1, 0, 0
40500, 10542, 1, 0, 0
41000, 10498, 1, 0, 0
41500, 10536, 1, 0, 0
42000, 9860, 1, 0, 0
42500, 10756, 1, 0, 0
43000, 10160, 1, 0, 0
43500, 10284, 1, 0, 0
44000, 10264, 1, 0, 0
44500, 10456, 1, 0, 0
45000, 10280, 1, 0, 0
45500, 10352, 1, 0, 0
46000, 10216, 1, 0, 0
46500, 9928, 1, 0, 0
47000, 10640, 1, 0, 0
47500, 10082, 1, 0, 0
48000, 9938, 1, 0, 0
48500, 11584, 1, 0, 0
49000, 11240, 1, 0, 0
49500, 10896, 1, 0, 0
50000, 10896, 1, 0, 0
50500, 10900, 1, 0, 0
51000, 10596, 1, 0, 0
51500, 10306, 1, 0, 0
52000, 10254, 1, 0, 0
52500, 10280, 1, 0, 0
53000, 10240, 1, 0, 0
53500, 10952, 1, 0, 0
54000, 10736, 1, 0, 0
54500, 11040, 1, 0, 0
55000, 9964, 1, 0, 0
55500, 9480, 1, 0, 0
56000, 10728, 1, 0, 0
56500, 9476, 1, 0, 0
57000, 10612, 1, 0, 0
57500, 10180, 1, 0, 0
58000, 10276, 1, 0, 0
58500, 9827, 1, 0, 0
59000, 10216, 1, 0, 0
59500, 10328, 1, 0, 0
60000, 10204, 1, 0, 0
