500, 550672, 1, 0, 0
1000, 546624, 1, 0, 0
1500, 544672, 1, 0, 0
2000, 547976, 1, 0, 0
2500, 550168, 1, 0, 0
3000, 551904, 1, 0, 0
3500, 549400, 1, 0, 0
4000, 547496, 1, 0, 0
4500, 549648, 1, 0, 0
5000, 546768, 1, 0, 0
5500, 547656, 1, 0, 0
6000, 332848, 1, 0, 0
6500, 186080, 1, 0, 0
7000, 174496, 1, 0, 0
7500, 175328, 1, 0, 0
8000, 162032, 1, 0, 0
8500, 181952, 1, 0, 0
9000, 179376, 1, 0, 0
9500, 164672, 1, 0, 0
10000, 172880, 1, 0, 0
10500, 161034, 1, 0, 0
11000, 151296, 1, 0, 0
11500, 139360, 1, 0, 0
12000, 147952, 1, 0, 0
12500, 142400, 1, 0, 0
13000, 138832, 1, 0, 0
13500, 131104, 1, 0, 0
14000, 140032, 1, 0, 0
14500, 130032, 1, 0, 0
15000, 117856, 1, 0, 0
15500, 127952, 1, 0, 0
16000, 119824, 1, 0, 0
16500, 107744, 1, 0, 0
17000, 119408, 1, 0, 0
17500, 123808, 1, 0, 0
18000, 116816, 1, 0, 0
18500, 103584, 1, 0, 0
19000, 113536, 1, 0, 0
19500, 106784, 1, 0, 0
20000, 100272, 1, 0, 0
20500, 100624, 1, 0, 0
21000, 112224, 1, 0, 0
21500, 101904, 1, 0, 0
22000, 96960, 1, 0, 0
22500, 96944, 1, 0, 0
23000, 96960, 1, 0, 0
23500, 90032, 1, 0, 0
24000, 93728, 1, 0, 0
24500, 91184, 1, 0, 0
25000, 98592, 1, 0, 0
25500, 90784, 1, 0, 0
26000, 98837, 1, 0, 0
26500, 83048, 1, 0, 0
27000, 85336, 1, 0, 0
27500, 82192, 1, 0, 0
28000, 84640, 1, 0, 0
28500, 81840, 1, 0, 0
29000, 89168, 1, 0, 0
29500, 80128, 1, 0, 0
30000, 77856, 1, 0, 0
30500, 81888, 1, 0, 0
31000, 79008, 1, 0, 0
31500, 73904, 1, 0, 0
32000, 76352, 1, 0, 0
32500, 73568, 1, 0, 0
33000, 70320, 1, 0, 0
33500, 71504, 1, 0, 0
34000, 71568, 1, 0, 0
34500, 76080, 1, 0, 0
35000, 70128, 1, 0, 0
35500, 74592, 1, 0, 0
36000, 67904, 1, 0, 0
36500, 67344, 1, 0, 0
37000, 70608, 1, 0, 0
37500, 66752, 1, 0, 0
38000, 68064, 1, 0, 0
38500, 64512, 1, 0, 0
39000, 68304, 1, 0, 0
39500, 64288, 1, 0, 0
40000, 64144, 1, 0, 0
40500, 66608, 1, 0, 0
41000, 64440, 1, 0, 0
41500, 72272, 1, 0, 0
42000, 65600, 1, 0, 0
42500, 62928, 1, 0, 0
43000, 61595, 1, 0, 0
43500, 66640, 1, 0, 0
44000, 63456, 1, 0, 0
44500, 63424, 1, 0, 0
45000, 62320, 1, 0, 0
45500, 59872, 1, 0, 0
46000, 64608, 1, 0, 0
46500, 62992, 1, 0, 0
47000, 62016, 1, 0, 0
47500, 61488, 1, 0, 0
48000, 63664, 1, 0, 0
48500, 57888, 1, 0, 0
49000, 67744, 1, 0, 0
49500, 57280, 1, 0, 0
50000, 60320, 1, 0, 0
50500, 59952, 1, 0, 0
51000, 58208, 1, 0, 0
51500, 54104, 1, 0, 0
52000, 54912, 1, 0, 0
52500, 57280, 1, 0, 0
53000, 63504, 1, 0, 0
53500, 58032, 1, 0, 0
54000, 54384, 1, 0, 0
54500, 56208, 1, 0, 0
55000, 56512, 1, 0, 0
55500, 56848, 1, 0, 0
56000, 50512, 1, 0, 0
56500, 55182, 1, 0, 0
57000, 57264, 1, 0, 0
57500, 50752, 1, 0, 0
58000, 57664, 1, 0, 0
58500, 58544, 1, 0, 0
59000, 55504, 1, 0, 0
59500, 52336, 1, 0, 0
60000, 54888, 1, 0, 0
