500, 232276, 1, 0, 0
1000, 233970, 1, 0, 0
1500, 234842, 1, 0, 0
2000, 233411, 1, 0, 0
2500, 232448, 1, 0, 0
3000, 231759, 1, 0, 0
3500, 232761, 1, 0, 0
4000, 233642, 1, 0, 0
4500, 232690, 1, 0, 0
5000, 233923, 1, 0, 0
5500, 233556, 1, 0, 0
6000, 384246, 1, 0, 0
6502, 682475, 1, 0, 0
7001, 729438, 1, 0, 0
7505, 735665, 1, 0, 0
8001, 783528, 1, 0, 0
8504, 707198, 1, 0, 0
9000, 716822, 1, 0, 0
9500, 777681, 1, 0, 0
10002, 733193, 1, 0, 0
10500, 802104, 1, 0, 0
11005, 844876, 1, 0, 0
11500, 919487, 1, 0, 0
12000, 860912, 1, 0, 0
12505, 901459, 1, 0, 0
13000, 916579, 1, 0, 0
13500, 983899, 1, 0, 0
14001, 899158, 1, 0, 0
14500, 1000388, 1, 0, 0
15005, 1077805, 1, 0, 0
15507, 1001052, 1, 0, 0
16002, 1059321, 1, 0, 0
16509, 1203315, 1, 0, 0
17002, 1058010, 1, 0, 0
17505, 1038516, 1, 0, 0
18000, 1105877, 1, 0, 0
18500, 1238420, 1, 0, 0
19007, 1120070, 1, 0, 0
19508, 1198436, 1, 0, 0
20007, 1273365, 1, 0, 0
20507, 1273083, 1, 0, 0
21007, 1137355, 1, 0, 0
21500, 1274050, 1, 0, 0
22000, 1288007, 1, 0, 0
22503, 1321850, 1, 0, 0
23000, 1314161, 1, 0, 0
23500, 1421344, 1, 0, 0
24000, 1406350, 1, 0, 0
24500, 1364694, 1, 0, 0
25000, 1335012, 1, 0, 0
25507, 1391403, 1, 0, 0
26000, 1299843, 1, 0, 0
26500, 1507118, 1, 0, 0
27009, 1523615, 1, 0, 0
27503, 1541092, 1, 0, 0
28000, 1537729, 1, 0, 0
28510, 1556413, 1, 0, 0
29001, 1408573, 1, 0, 0
29500, 1634590, 1, 0, 0
30000, 1643975, 1, 0, 0
30501, 1535011, 1, 0, 0
31001, 1612488, 1, 0, 0
31502, 1735237, 1, 0, 0
32006, 1692052, 1, 0, 0
32510, 1751440, 1, 0, 0
33000, 1833447, 1, 0, 0
33503, 1750258, 1, 0, 0
34004, 1801484, 1, 0, 0
34504, 1673028, 1, 0, 0
35012, 1854508, 1, 0, 0
35500, 1676722, 1, 0, 0
36011, 1923379, 1, 0, 0
36500, 1881822, 1, 0, 0
37012, 1834312, 1, 0, 0
37512, 1918484, 1, 0, 0
38000, 1880675, 1, 0, 0
38507, 1965383, 1, 0, 0
39011, 1885987, 1, 0, 0
39509, 1983476, 1, 0, 0
40007, 1992953, 1, 0, 0
40501, 1894070, 1, 0, 0
41000, 2041714, 1, 0, 0
41510, 1755461, 1, 0, 0
42011, 1952634, 1, 0, 0
42511, 2033417, 1, 0, 0
43000, 2083654, 1, 0, 0
43500, 1926022, 1, 0, 0
44006, 1991853, 1, 0, 0
44503, 2001022, 1, 0, 0
45012, 2095264, 1, 0, 0
45506, 2109575, 1, 0, 0
46002, 1974498, 1, 0, 0
46505, 2044113, 1, 0, 0
47008, 2072806, 1, 0, 0
47500, 2099175, 1, 0, 0
48000, 1950719, 1, 0, 0
48500, 2268026, 1, 0, 0
49000, 1845336, 1, 0, 0
49500, 2311503, 1, 0, 0
50007, 2086017, 1, 0, 0
50513, 2151466, 1, 0, 0
51000, 2227660, 1, 0, 0
51500, 2275802, 1, 0, 0
52000, 2407070, 1, 0, 0
52506, 2192672, 1, 0, 0
53008, 2019810, 1, 0, 0
53500, 2236314, 1, 0, 0
54001, 2293970, 1, 0, 0
54508, 2299139, 1, 0, 0
55000, 2252660, 1, 0, 0
55510, 2271111, 1, 0, 0
56012, 2545390, 1, 0, 0
56500, 2332369, 1, 0, 0
57009, 2217621, 1, 0, 0
57500, 2543468, 1, 0, 0
58012, 2211166, 1, 0, 0
58500, 2177234, 1, 0, 0
59000, 2262474, 1, 0, 0
59500, 2517011, 1, 0, 0
60000, 2321760, 1, 0, 0
60000, 1495206, 1, 0, 0
