500, 865, 1, 0, 0
1000, 860, 1, 0, 0
1500, 861, 1, 0, 0
2000, 859, 1, 0, 0
2500, 861, 1, 0, 0
3000, 859, 1, 0, 0
3500, 860, 1, 0, 0
4000, 859, 1, 0, 0
4500, 858, 1, 0, 0
5000, 861, 1, 0, 0
5500, 861, 1, 0, 0
6000, 869, 1, 0, 0
6502, 871, 1, 0, 0
7001, 867, 1, 0, 0
7505, 865, 1, 0, 0
8001, 869, 1, 0, 0
8504, 868, 1, 0, 0
9000, 865, 1, 0, 0
9500, 866, 1, 0, 0
10002, 866, 1, 0, 0
10500, 866, 1, 0, 0
11005, 866, 1, 0, 0
11500, 865, 1, 0, 0
12000, 865, 1, 0, 0
12505, 864, 1, 0, 0
13000, 865, 1, 0, 0
13500, 866, 1, 0, 0
14001, 864, 1, 0, 0
14500, 867, 1, 0, 0
15005, 866, 1, 0, 0
15507, 863, 1, 0, 0
16002, 869, 1, 0, 0
16509, 871, 1, 0, 0
17002, 864, 1, 0, 0
17505, 864, 1, 0, 0
18000, 863, 1, 0, 0
18500, 863, 1, 0, 0
19007, 868, 1, 0, 0
19508, 873, 1, 0, 0
20007, 875, 1, 0, 0
20507, 872, 1, 0, 0
21007, 871, 1, 0, 0
21500, 869, 1, 0, 0
22000, 868, 1, 0, 0
22503, 863, 1, 0, 0
23000, 865, 1, 0, 0
23500, 867, 1, 0, 0
24000, 869, 1, 0, 0
24500, 870, 1, 0, 0
25000, 871, 1, 0, 0
25507, 871, 1, 0, 0
26000, 875, 1, 0, 0
26500, 872, 1, 0, 0
27009, 870, 1, 0, 0
27503, 874, 1, 0, 0
28000, 872, 1, 0, 0
28510, 875, 1, 0, 0
29001, 872, 1, 0, 0
29500, 874, 1, 0, 0
30000, 875, 1, 0, 0
30501, 874, 1, 0, 0
31001, 874, 1, 0, 0
31502, 875, 1, 0, 0
32006, 872, 1, 0, 0
32510, 874, 1, 0, 0
33000, 878, 1, 0, 0
33503, 873, 1, 0, 0
34004, 872, 1, 0, 0
34504, 871, 1, 0, 0
35012, 872, 1, 0, 0
35500, 872, 1, 0, 0
36011, 875, 1, 0, 0
36500, 870, 1, 0, 0
37012, 873, 1, 0, 0
37500, 871, 1, 0, 0
38000, 869, 1, 0, 0
38507, 874, 1, 0, 0
39011, 871, 1, 0, 0
39509, 871, 1, 0, 0
40007, 871, 1, 0, 0
40501, 870, 1, 0, 0
41000, 870, 1, 0, 0
41510, 868, 1, 0, 0
42011, 869, 1, 0, 0
42511, 955, 1, 0, 0
43000, 969, 1, 0, 0
43500, 875, 1, 0, 0
44006, 873, 1, 0, 0
44503, 871, 1, 0, 0
45012, 871, 1, 0, 0
45506, 876, 1, 0, 0
46002, 875, 1, 0, 0
46505, 873, 1, 0, 0
47008, 873, 1, 0, 0
47500, 877, 1, 0, 0
48000, 878, 1, 0, 0
48500, 902, 1, 0, 0
49000, 873, 1, 0, 0
49500, 869, 1, 0, 0
50007, 878, 1, 0, 0
50513, 876, 1, 0, 0
51000, 879, 1, 0, 0
51500, 872, 1, 0, 0
52000, 871, 1, 0, 0
52506, 878, 1, 0, 0
53008, 871, 1, 0, 0
53500, 872, 1, 0, 0
54001, 869, 1, 0, 0
54508, 870, 1, 0, 0
55000, 868, 1, 0, 0
55510, 879, 1, 0, 0
56012, 875, 1, 0, 0
56500, 878, 1, 0, 0
57009, 884, 1, 0, 0
57500, 882, 1, 0, 0
58012, 878, 1, 0, 0
58500, 872, 1, 0, 0
59000, 876, 1, 0, 0
59500, 872, 1, 0, 0
60000, 869, 1, 0, 0
