500, 231411, 1, 0, 0
1000, 233110, 1, 0, 0
1500, 233981, 1, 0, 0
2000, 232552, 1, 0, 0
2500, 231587, 1, 0, 0
3000, 230900, 1, 0, 0
3500, 231901, 1, 0, 0
4000, 232783, 1, 0, 0
4500, 231832, 1, 0, 0
5000, 233062, 1, 0, 0
5500, 232696, 1, 0, 0
6000, 383377, 1, 0, 0
6502, 681603, 1, 0, 0
7001, 728571, 1, 0, 0
7505, 734800, 1, 0, 0
8001, 782659, 1, 0, 0
8504, 706330, 1, 0, 0
9000, 715957, 1, 0, 0
9500, 776815, 1, 0, 0
10002, 732327, 1, 0, 0
10500, 801238, 1, 0, 0
11005, 844010, 1, 0, 0
11500, 918622, 1, 0, 0
12000, 860047, 1, 0, 0
12505, 900595, 1, 0, 0
13000, 915713, 1, 0, 0
13500, 983033, 1, 0, 0
14001, 898294, 1, 0, 0
14500, 999522, 1, 0, 0
15005, 1076940, 1, 0, 0
15507, 1000189, 1, 0, 0
16002, 1058452, 1, 0, 0
16509, 1202445, 1, 0, 0
17002, 1057146, 1, 0, 0
17505, 1037652, 1, 0, 0
18000, 1105014, 1, 0, 0
18500, 1237557, 1, 0, 0
19007, 1119202, 1, 0, 0
19508, 1197563, 1, 0, 0
20007, 1272491, 1, 0, 0
20507, 1272211, 1, 0, 0
21007, 1136484, 1, 0, 0
21500, 1273180, 1, 0, 0
22000, 1287140, 1, 0, 0
22503, 1320987, 1, 0, 0
23000, 1313297, 1, 0, 0
23500, 1420477, 1, 0, 0
24000, 1405480, 1, 0, 0
24500, 1363824, 1, 0, 0
25000, 1334141, 1, 0, 0
25507, 1390533, 1, 0, 0
26000, 1298968, 1, 0, 0
26500, 1506245, 1, 0, 0
27009, 1522744, 1, 0, 0
27503, 1540218, 1, 0, 0
28000, 1536857, 1, 0, 0
28510, 1555538, 1, 0, 0
29001, 1407702, 1, 0, 0
29500, 1633716, 1, 0, 0
30000, 1643100, 1, 0, 0
30501, 1534137, 1, 0, 0
31001, 1611614, 1, 0, 0
31502, 1734362, 1, 0, 0
32006, 1691180, 1, 0, 0
32510, 1750567, 1, 0, 0
33000, 1832568, 1, 0, 0
33503, 1749385, 1, 0, 0
34004, 1800611, 1, 0, 0
34504, 1672157, 1, 0, 0
35012, 1853636, 1, 0, 0
35500, 1675850, 1, 0, 0
36011, 1922504, 1, 0, 0
36500, 1880953, 1, 0, 0
37012, 1833439, 1, 0, 0
37512, 1917613, 1, 0, 0
38000, 1879805, 1, 0, 0
38507, 1964508, 1, 0, 0
39011, 1885116, 1, 0, 0
39509, 1982605, 1, 0, 0
40007, 1992083, 1, 0, 0
40501, 1893200, 1, 0, 0
41000, 2040844, 1, 0, 0
41510, 1754593, 1, 0, 0
42011, 1951766, 1, 0, 0
42511, 2032460, 1, 0, 0
43000, 2082685, 1, 0, 0
43500, 1925147, 1, 0, 0
44006, 1990980, 1, 0, 0
44503, 2000151, 1, 0, 0
45012, 2094393, 1, 0, 0
45506, 2108699, 1, 0, 0
46002, 1973624, 1, 0, 0
46505, 2043239, 1, 0, 0
47008, 2071934, 1, 0, 0
47500, 2098298, 1, 0, 0
48000, 1949841, 1, 0, 0
48500, 2267124, 1, 0, 0
49000, 1844464, 1, 0, 0
49500, 2310634, 1, 0, 0
50007, 2085139, 1, 0, 0
50513, 2150590, 1, 0, 0
51000, 2226781, 1, 0, 0
51500, 2274930, 1, 0, 0
52000, 2406198, 1, 0, 0
52506, 2191794, 1, 0, 0
53008, 2018938, 1, 0, 0
53500, 2235443, 1, 0, 0
54001, 2293101, 1, 0, 0
54508, 2298269, 1, 0, 0
55000, 2251792, 1, 0, 0
55510, 2270231, 1, 0, 0
56012, 2544516, 1, 0, 0
56500, 2331491, 1, 0, 0
57009, 2216737, 1, 0, 0
57500, 2542586, 1, 0, 0
58012, 2210288, 1, 0, 0
58500, 2176362, 1, 0, 0
59000, 2261598, 1, 0, 0
59500, 2516138, 1, 0, 0
60000, 2320892, 1, 0, 0
60000, 1494327, 1, 0, 0
