500, 137668, 1, 0, 0
1000, 136656, 1, 0, 0
1500, 136168, 1, 0, 0
2000, 136994, 1, 0, 0
2500, 137540, 1, 0, 0
3000, 137976, 1, 0, 0
3500, 137350, 1, 0, 0
4000, 136874, 1, 0, 0
4500, 137412, 1, 0, 0
5000, 136694, 1, 0, 0
5500, 136914, 1, 0, 0
6000, 83212, 1, 0, 0
6500, 46520, 1, 0, 0
7000, 43624, 1, 0, 0
7500, 43832, 1, 0, 0
8000, 40508, 1, 0, 0
8500, 45488, 1, 0, 0
9000, 44844, 1, 0, 0
9500, 41168, 1, 0, 0
10000, 43220, 1, 0, 0
10500, 40258, 1, 0, 0
11000, 37824, 1, 0, 0
11500, 34840, 1, 0, 0
12000, 36988, 1, 0, 0
12500, 35600, 1, 0, 0
13000, 34708, 1, 0, 0
13500, 32776, 1, 0, 0
14000, 35008, 1, 0, 0
14500, 32508, 1, 0, 0
15000, 29464, 1, 0, 0
15500, 31988, 1, 0, 0
16000, 29956, 1, 0, 0
16500, 26936, 1, 0, 0
17000, 29852, 1, 0, 0
17500, 30952, 1, 0, 0
18000, 29204, 1, 0, 0
18500, 25896, 1, 0, 0
19000, 28384, 1, 0, 0
19500, 26696, 1, 0, 0
20000, 25068, 1, 0, 0
20500, 25156, 1, 0, 0
21000, 28056, 1, 0, 0
21500, 25476, 1, 0, 0
22000, 24240, 1, 0, 0
22500, 24236, 1, 0, 0
23000, 24240, 1, 0, 0
23500, 22508, 1, 0, 0
24000, 23432, 1, 0, 0
24500, 22796, 1, 0, 0
25000, 24648, 1, 0, 0
25500, 22696, 1, 0, 0
26000, 24709, 1, 0, 0
26500, 20762, 1, 0, 0
27000, 21334, 1, 0, 0
27500, 20548, 1, 0, 0
28000, 21160, 1, 0, 0
28500, 20460, 1, 0, 0
29000, 22292, 1, 0, 0
29500, 20032, 1, 0, 0
30000, 19464, 1, 0, 0
30500, 20472, 1, 0, 0
31000, 19752, 1, 0, 0
31500, 18476, 1, 0, 0
32000, 19088, 1, 0, 0
32500, 18392, 1, 0, 0
33000, 17580, 1, 0, 0
33500, 17876, 1, 0, 0
34000, 17892, 1, 0, 0
34500, 19020, 1, 0, 0
35000, 17532, 1, 0, 0
35500, 18648, 1, 0, 0
36000, 16976, 1, 0, 0
36500, 16836, 1, 0, 0
37000, 17652, 1, 0, 0
37500, 16688, 1, 0, 0
38000, 17016, 1, 0, 0
38500, 16128, 1, 0, 0
39000, 17076, 1, 0, 0
39500, 16072, 1, 0, 0
40000, 16036, 1, 0, 0
40500, 16652, 1, 0, 0
41000, 16110, 1, 0, 0
41500, 18068, 1, 0, 0
42000, 16400, 1, 0, 0
42500, 15732, 1, 0, 0
43000, 15398, 1, 0, 0
43500, 16660, 1, 0, 0
44000, 15864, 1, 0, 0
44500, 15856, 1, 0, 0
45000, 15580, 1, 0, 0
45500, 14968, 1, 0, 0
46000, 16152, 1, 0, 0
46500, 15748, 1, 0, 0
47000, 15504, 1, 0, 0
47500, 15372, 1, 0, 0
48000, 15916, 1, 0, 0
48500, 14472, 1, 0, 0
49000, 16936, 1, 0, 0
49500, 14320, 1, 0, 0
50000, 15080, 1, 0, 0
50500, 14988, 1, 0, 0
51000, 14554, 1, 0, 0
51500, 13526, 1, 0, 0
52000, 13728, 1, 0, 0
52500, 14320, 1, 0, 0
53000, 15876, 1, 0, 0
53500, 14508, 1, 0, 0
54000, 13596, 1, 0, 0
54500, 14052, 1, 0, 0
55000, 14128, 1, 0, 0
55500, 14212, 1, 0, 0
56000, 12628, 1, 0, 0
56500, 13795, 1, 0, 0
57000, 14316, 1, 0, 0
57500, 12688, 1, 0, 0
58000, 14416, 1, 0, 0
58500, 14636, 1, 0, 0
59000, 13876, 1, 0, 0
59500, 13084, 1, 0, 0
60000, 13722, 1, 0, 0
