[86150.876074] KSC2026-MARK map4k_bs32k_r3 insmod 1791461913570482884
[86150.896695] NVMeVirt: Version 1.10 for >> Samsung 970 Pro SSD <<
[86150.896714] NVMeVirt: Storage: 0x300100000-0x600000000 (12287 MiB)
[86150.910147] NVMeVirt: Total Capacity(GiB,MiB)=3,3072 chs=2 luns=4 lines=384 blk-size(MiB,KiB)=2,2048 line-size(MiB,KiB)=8,8192
[86150.910152] NVMeVirt: KSC2026: mapping unit=4096 B, flash page=32768 B, oneshot page=32768 B, pgs_per_blk=512, blks_per_pl=384, write buffer=1048576 B
[86150.918879] NVMeVirt: [chmodel_init] bandwidth 800 max_credits 26 tx_time 152
[86150.925741] NVMeVirt: [chmodel_init] bandwidth 800 max_credits 26 tx_time 152
[86150.925753] NVMeVirt: [chmodel_init] bandwidth 3360 max_credits 110 tx_time 36
[86150.927147] NVMeVirt: pqueue: Copyright (c) 2014, Volkan Yazıcı <volkan.yazici@gmail.com>. All rights reserved.
[86150.927149] NVMeVirt: Init FTL instance with 2 channels (786432 pages)
[86150.933853] NVMeVirt: [chmodel_init] bandwidth 800 max_credits 26 tx_time 152
[86150.940653] NVMeVirt: [chmodel_init] bandwidth 800 max_credits 26 tx_time 152
[86150.940664] NVMeVirt: [chmodel_init] bandwidth 3360 max_credits 110 tx_time 36
[86150.942076] NVMeVirt: Init FTL instance with 2 channels (786432 pages)
[86150.948859] NVMeVirt: [chmodel_init] bandwidth 800 max_credits 26 tx_time 152
[86150.955572] NVMeVirt: [chmodel_init] bandwidth 800 max_credits 26 tx_time 152
[86150.955583] NVMeVirt: [chmodel_init] bandwidth 3360 max_credits 110 tx_time 36
[86150.956984] NVMeVirt: Init FTL instance with 2 channels (786432 pages)
[86150.963678] NVMeVirt: [chmodel_init] bandwidth 800 max_credits 26 tx_time 152
[86150.970395] NVMeVirt: [chmodel_init] bandwidth 800 max_credits 26 tx_time 152
[86150.970406] NVMeVirt: [chmodel_init] bandwidth 3360 max_credits 110 tx_time 36
[86150.971847] NVMeVirt: Init FTL instance with 2 channels (786432 pages)
[86150.971851] NVMeVirt: FTL physical space: 12883853312, logical space: 12040984403 (physical/logical * 100 = 107)
[86150.971852] NVMeVirt: KSC2026: WBUF_FIX=1 GC_STATS=1
[86150.971852] NVMeVirt: KSC2026: WBUF_MERGE=1 (one open mapping unit per partition merges writes smaller than 4096 B)
[86150.971853] NVMeVirt: ns 0/1: size 11483 MiB
[86150.971886] PCI host bridge to bus 0001:10
[86150.971888] pci_bus 0001:10: root bus resource [io  0x0000-0xffff]
[86150.971890] pci_bus 0001:10: root bus resource [mem 0x00000000-0x3fffffffffff]
[86150.971891] pci_bus 0001:10: root bus resource [bus 00-ff]
[86150.971897] pci 0001:10:00.0: [0c51:0110] type 00 class 0x010802 PCIe Endpoint
[86150.971899] pci 0001:10:00.0: BAR 0 [mem 0x300000000-0x300003fff 64bit]
[86150.971901] pci 0001:10:00.0: enabling Extended Tags
[86150.972014] NVMeVirt: Virtual PCI bus created (node 0)
[86150.972333] NVMeVirt: nvmev_io_worker_0 started on cpu 4 (node 0)
[86150.972521] NVMeVirt: nvmev_io_worker_1 started on cpu 5 (node 0)
[86150.972532] NVMeVirt: nvmev_dispatcher started on cpu 3 (node 0)
[86150.972611] nvme nvme1: pci function 0001:10:00.0
[86150.976049] nvme nvme1: 1/0/0 default/read/poll queues
[86150.977982] NVMeVirt: Virtual NVMe device created
[86157.014811] KSC2026-MARK map4k_bs32k_r3 fio-start 1791461919721718451
[86162.707749] NVMeVirt: KSC2026: first GC part=0 victim line=0 vpc=0 ipc=2048 free_lines=2 host_pgs=778240
[86162.707756] NVMeVirt: KSC2026: first GC part=1 victim line=0 vpc=0 ipc=2048 free_lines=2 host_pgs=778240
[86162.707763] NVMeVirt: KSC2026: first GC part=2 victim line=0 vpc=0 ipc=2048 free_lines=2 host_pgs=778240
[86162.707768] NVMeVirt: KSC2026: first GC part=3 victim line=0 vpc=0 ipc=2048 free_lines=2 host_pgs=778240
[86218.054382] KSC2026-MARK map4k_bs32k_r3 fio-end
[86218.059241] KSC2026-MARK map4k_bs32k_r3 rmmod 1791461980768216841
[86218.120875] pci_bus 0001:10: busn_res: [bus 10-ff] is released
[86218.121058] NVMeVirt: KSC2026: stats part=0 host_pgs=8573876 gc_pgs=0 gc_cnt=3807 free_lines=3
[86218.121059] NVMeVirt: KSC2026: stats part=1 host_pgs=8573876 gc_pgs=0 gc_cnt=3807 free_lines=3
[86218.121060] NVMeVirt: KSC2026: stats part=2 host_pgs=8573876 gc_pgs=0 gc_cnt=3807 free_lines=3
[86218.121061] NVMeVirt: KSC2026: stats part=3 host_pgs=8573876 gc_pgs=0 gc_cnt=3807 free_lines=3
[86218.121061] NVMeVirt: KSC2026: merge part=0 open=0 merge=0 full=0 evict=0 direct=8573876 still_open=0
[86218.121062] NVMeVirt: KSC2026: merge part=1 open=0 merge=0 full=0 evict=0 direct=8573876 still_open=0
[86218.121063] NVMeVirt: KSC2026: merge part=2 open=0 merge=0 full=0 evict=0 direct=8573876 still_open=0
[86218.121063] NVMeVirt: KSC2026: merge part=3 open=0 merge=0 full=0 evict=0 direct=8573876 still_open=0
[86218.187765] NVMeVirt: Virtual NVMe device closed
