500, 69600, 1, 0, 0
1000, 69690, 1, 0, 0
1500, 69648, 1, 0, 0
2000, 69462, 1, 0, 0
2500, 68878, 1, 0, 0
3000, 69936, 1, 0, 0
3500, 69414, 1, 0, 0
4000, 69272, 1, 0, 0
4500, 69684, 1, 0, 0
5000, 69442, 1, 0, 0
5500, 69826, 1, 0, 0
6000, 18362, 1, 0, 0
6500, 4492, 1, 0, 0
7000, 4352, 1, 0, 0
7500, 4580, 1, 0, 0
8000, 4836, 1, 0, 0
8500, 5296, 1, 0, 0
9000, 4992, 1, 0, 0
9500, 5260, 1, 0, 0
10000, 5695, 1, 0, 0
10500, 5972, 1, 0, 0
11000, 6612, 1, 0, 0
11500, 6020, 1, 0, 0
12000, 5716, 1, 0, 0
12500, 5736, 1, 0, 0
13000, 7136, 1, 0, 0
13500, 6520, 1, 0, 0
14000, 5812, 1, 0, 0
14500, 6284, 1, 0, 0
15000, 6396, 1, 0, 0
15500, 6776, 1, 0, 0
16000, 6916, 1, 0, 0
16500, 6360, 1, 0, 0
17000, 5698, 1, 0, 0
17500, 6918, 1, 0, 0
18000, 6500, 1, 0, 0
18500, 5852, 1, 0, 0
19000, 6076, 1, 0, 0
19500, 6592, 1, 0, 0
20000, 7384, 1, 0, 0
20500, 7528, 1, 0, 0
21000, 7276, 1, 0, 0
21500, 7680, 1, 0, 0
22000, 7979, 1, 0, 0
22500, 7624, 1, 0, 0
23000, 7776, 1, 0, 0
23500, 7864, 1, 0, 0
24000, 5296, 1, 0, 0
24500, 6744, 1, 0, 0
25000, 7588, 1, 0, 0
25500, 8024, 1, 0, 0
26000, 7248, 1, 0, 0
26500, 7876, 1, 0, 0
27000, 6400, 1, 0, 0
27500, 8204, 1, 0, 0
28000, 8476, 1, 0, 0
28500, 8048, 1, 0, 0
29000, 8960, 1, 0, 0
29500, 6920, 1, 0, 0
30000, 6488, 1, 0, 0
30500, 9276, 1, 0, 0
31000, 8496, 1, 0, 0
31501, 7992, 1, 0, 0
32000, 9871, 1, 0, 0
32500, 9516, 1, 0, 0
33000, 8244, 1, 0, 0
33500, 7084, 1, 0, 0
34000, 8428, 1, 0, 0
34500, 8928, 1, 0, 0
35000, 11536, 1, 0, 0
35500, 10112, 1, 0, 0
36000, 7840, 1, 0, 0
36500, 11508, 1, 0, 0
37000, 11580, 1, 0, 0
37500, 11680, 1, 0, 0
38000, 13996, 1, 0, 0
38500, 9408, 1, 0, 0
39000, 14368, 1, 0, 0
39500, 11192, 1, 0, 0
40000, 11572, 1, 0, 0
40500, 14344, 1, 0, 0
41000, 17276, 1, 0, 0
41500, 16692, 1, 0, 0
42000, 22090, 1, 0, 0
42500, 23108, 1, 0, 0
43000, 27668, 1, 0, 0
43500, 37108, 1, 0, 0
44000, 54940, 1, 0, 0
44500, 4364, 1, 0, 0
45000, 4280, 1, 0, 0
45500, 4468, 1, 0, 0
46000, 4676, 1, 0, 0
46500, 5064, 1, 0, 0
47000, 5272, 1, 0, 0
47500, 5476, 1, 0, 0
48000, 5580, 1, 0, 0
48500, 5704, 1, 0, 0
49000, 6112, 1, 0, 0
49500, 6216, 1, 0, 0
50000, 6072, 1, 0, 0
50500, 6908, 1, 0, 0
51000, 6188, 1, 0, 0
51500, 6136, 1, 0, 0
52000, 6160, 1, 0, 0
52500, 6236, 1, 0, 0
53000, 6348, 1, 0, 0
53500, 5900, 1, 0, 0
54000, 5784, 1, 0, 0
54500, 6492, 1, 0, 0
55000, 6520, 1, 0, 0
55500, 7595, 1, 0, 0
56000, 6980, 1, 0, 0
56500, 6288, 1, 0, 0
57000, 6352, 1, 0, 0
57500, 7232, 1, 0, 0
58000, 5644, 1, 0, 0
58500, 6230, 1, 0, 0
59000, 6686, 1, 0, 0
59500, 6728, 1, 0, 0
60000, 6932, 1, 0, 0
