500, 2227072, 1, 0, 0
1000, 2230144, 1, 0, 0
1500, 2228736, 1, 0, 0
2000, 2222784, 1, 0, 0
2500, 2204096, 1, 0, 0
3000, 2237952, 1, 0, 0
3500, 2221248, 1, 0, 0
4000, 2216704, 1, 0, 0
4500, 2229888, 1, 0, 0
5000, 2222144, 1, 0, 0
5500, 2234432, 1, 0, 0
6000, 587584, 1, 0, 0
6500, 143744, 1, 0, 0
7000, 139264, 1, 0, 0
7500, 146560, 1, 0, 0
8000, 154752, 1, 0, 0
8500, 169472, 1, 0, 0
9000, 159744, 1, 0, 0
9500, 168320, 1, 0, 0
10000, 182252, 1, 0, 0
10500, 191104, 1, 0, 0
11000, 211584, 1, 0, 0
11500, 192640, 1, 0, 0
12000, 182912, 1, 0, 0
12500, 183552, 1, 0, 0
13000, 228352, 1, 0, 0
13500, 208640, 1, 0, 0
14000, 185984, 1, 0, 0
14500, 201088, 1, 0, 0
15000, 204672, 1, 0, 0
15500, 216832, 1, 0, 0
16000, 221312, 1, 0, 0
16500, 203520, 1, 0, 0
17000, 182336, 1, 0, 0
17500, 221376, 1, 0, 0
18000, 208000, 1, 0, 0
18500, 187264, 1, 0, 0
19000, 194432, 1, 0, 0
19500, 210944, 1, 0, 0
20000, 236288, 1, 0, 0
20500, 240896, 1, 0, 0
21000, 232832, 1, 0, 0
21500, 245760, 1, 0, 0
22000, 255358, 1, 0, 0
22500, 243968, 1, 0, 0
23000, 248832, 1, 0, 0
23500, 251648, 1, 0, 0
24000, 169472, 1, 0, 0
24500, 215808, 1, 0, 0
25000, 242816, 1, 0, 0
25500, 256768, 1, 0, 0
26000, 231936, 1, 0, 0
26500, 252032, 1, 0, 0
27000, 204800, 1, 0, 0
27500, 262528, 1, 0, 0
28000, 271232, 1, 0, 0
28500, 257536, 1, 0, 0
29000, 286720, 1, 0, 0
29500, 221440, 1, 0, 0
30000, 207616, 1, 0, 0
30500, 296832, 1, 0, 0
31000, 271872, 1, 0, 0
31501, 255744, 1, 0, 0
32000, 315895, 1, 0, 0
32500, 304512, 1, 0, 0
33000, 263808, 1, 0, 0
33500, 226688, 1, 0, 0
34000, 269696, 1, 0, 0
34500, 285696, 1, 0, 0
35000, 369152, 1, 0, 0
35500, 323584, 1, 0, 0
36000, 250880, 1, 0, 0
36500, 368256, 1, 0, 0
37000, 370560, 1, 0, 0
37500, 373760, 1, 0, 0
38000, 447872, 1, 0, 0
38500, 301056, 1, 0, 0
39000, 459776, 1, 0, 0
39500, 358144, 1, 0, 0
40000, 370304, 1, 0, 0
40500, 459008, 1, 0, 0
41000, 552832, 1, 0, 0
41500, 534144, 1, 0, 0
42000, 706880, 1, 0, 0
42500, 739462, 1, 0, 0
43000, 885376, 1, 0, 0
43500, 1187456, 1, 0, 0
44000, 1758080, 1, 0, 0
44500, 139648, 1, 0, 0
45000, 136960, 1, 0, 0
45500, 142976, 1, 0, 0
46000, 149632, 1, 0, 0
46500, 162048, 1, 0, 0
47000, 168704, 1, 0, 0
47500, 175232, 1, 0, 0
48000, 178560, 1, 0, 0
48500, 182528, 1, 0, 0
49000, 195584, 1, 0, 0
49500, 198912, 1, 0, 0
50000, 194304, 1, 0, 0
50500, 221056, 1, 0, 0
51000, 198016, 1, 0, 0
51500, 196352, 1, 0, 0
52000, 197120, 1, 0, 0
52500, 199552, 1, 0, 0
53000, 203136, 1, 0, 0
53500, 188800, 1, 0, 0
54000, 185088, 1, 0, 0
54500, 207744, 1, 0, 0
55000, 208640, 1, 0, 0
55500, 243046, 1, 0, 0
56000, 223360, 1, 0, 0
56500, 201216, 1, 0, 0
57000, 203264, 1, 0, 0
57500, 231424, 1, 0, 0
58000, 180608, 1, 0, 0
58500, 199360, 1, 0, 0
59000, 213952, 1, 0, 0
59500, 215296, 1, 0, 0
60000, 221824, 1, 0, 0
