500, 1670, 1, 0, 0
1000, 1662, 1, 0, 0
1500, 1664, 1, 0, 0
2000, 1660, 1, 0, 0
2500, 1666, 1, 0, 0
3000, 1661, 1, 0, 0
3500, 1659, 1, 0, 0
4000, 1669, 1, 0, 0
4500, 1667, 1, 0, 0
5000, 1792, 1, 0, 0
5500, 1671, 1, 0, 0
6000, 1672, 1, 0, 0
6511, 1696, 1, 0, 0
7001, 1714, 1, 0, 0
7510, 1716, 1, 0, 0
8000, 1725, 1, 0, 0
8509, 1693, 1, 0, 0
9014, 1699, 1, 0, 0
9500, 1693, 1, 0, 0
10005, 1696, 1, 0, 0
10511, 1684, 1, 0, 0
11000, 1679, 1, 0, 0
11514, 1688, 1, 0, 0
12004, 1736, 1, 0, 0
12510, 1675, 1, 0, 0
13015, 1668, 1, 0, 0
13515, 1716, 1, 0, 0
14014, 1688, 1, 0, 0
14500, 1676, 1, 0, 0
15005, 1678, 1, 0, 0
15510, 1679, 1, 0, 0
16016, 1704, 1, 0, 0
16513, 1718, 1, 0, 0
17000, 1698, 1, 0, 0
17502, 1680, 1, 0, 0
18012, 1810, 1, 0, 0
18512, 1702, 1, 0, 0
19000, 1689, 1, 0, 0
19508, 1671, 1, 0, 0
20009, 1709, 1, 0, 0
20513, 1692, 1, 0, 0
21012, 1678, 1, 0, 0
21515, 1711, 1, 0, 0
22003, 1807, 1, 0, 0
22502, 1697, 1, 0, 0
23015, 1682, 1, 0, 0
23511, 1669, 1, 0, 0
24009, 1689, 1, 0, 0
24507, 1889, 1, 0, 0
25015, 1701, 1, 0, 0
25511, 1674, 1, 0, 0
26011, 1672, 1, 0, 0
26515, 1692, 1, 0, 0
27003, 1681, 1, 0, 0
27507, 1717, 1, 0, 0
28013, 1686, 1, 0, 0
28513, 1679, 1, 0, 0
29005, 1684, 1, 0, 0
29504, 1690, 1, 0, 0
30000, 1714, 1, 0, 0
30505, 1696, 1, 0, 0
31000, 1692, 1, 0, 0
31504, 1696, 1, 0, 0
32006, 1706, 1, 0, 0
32501, 1693, 1, 0, 0
33013, 1704, 1, 0, 0
33510, 1713, 1, 0, 0
34007, 1708, 1, 0, 0
34507, 1703, 1, 0, 0
35013, 1691, 1, 0, 0
35512, 1687, 1, 0, 0
36000, 1689, 1, 0, 0
36506, 1674, 1, 0, 0
37006, 1679, 1, 0, 0
37503, 1686, 1, 0, 0
38000, 1674, 1, 0, 0
38501, 1689, 1, 0, 0
39000, 1685, 1, 0, 0
39500, 1681, 1, 0, 0
40008, 1679, 1, 0, 0
40502, 1680, 1, 0, 0
41006, 1676, 1, 0, 0
41500, 1666, 1, 0, 0
42000, 1661, 1, 0, 0
42500, 1659, 1, 0, 0
43000, 1671, 1, 0, 0
43500, 1667, 1, 0, 0
44006, 1674, 1, 0, 0
44517, 1702, 1, 0, 0
45009, 1701, 1, 0, 0
45500, 1685, 1, 0, 0
46009, 1705, 1, 0, 0
46500, 1691, 1, 0, 0
47010, 1710, 1, 0, 0
47500, 1688, 1, 0, 0
48006, 1705, 1, 0, 0
48512, 1700, 1, 0, 0
49014, 1699, 1, 0, 0
49501, 1673, 1, 0, 0
50015, 1705, 1, 0, 0
50502, 1686, 1, 0, 0
51012, 1694, 1, 0, 0
51505, 1685, 1, 0, 0
52005, 1693, 1, 0, 0
52509, 1686, 1, 0, 0
53013, 1692, 1, 0, 0
53510, 1683, 1, 0, 0
54004, 1702, 1, 0, 0
54506, 1685, 1, 0, 0
55005, 1703, 1, 0, 0
55511, 1679, 1, 0, 0
56012, 1707, 1, 0, 0
56503, 1677, 1, 0, 0
57011, 1738, 1, 0, 0
57513, 1694, 1, 0, 0
58011, 1699, 1, 0, 0
58500, 1867, 1, 0, 0
59011, 1698, 1, 0, 0
59507, 1678, 1, 0, 0
60001, 1711, 1, 0, 0
