500, 457670, 1, 0, 0
1000, 457322, 1, 0, 0
1500, 457605, 1, 0, 0
2000, 458827, 1, 0, 0
2500, 462734, 1, 0, 0
3000, 455641, 1, 0, 0
3500, 459225, 1, 0, 0
4000, 460134, 1, 0, 0
4500, 457350, 1, 0, 0
5000, 458801, 1, 0, 0
5500, 456511, 1, 0, 0
6000, 1673663, 1, 0, 0
6511, 7264060, 1, 0, 0
7001, 7202206, 1, 0, 0
7510, 7108848, 1, 0, 0
8000, 6662921, 1, 0, 0
8509, 6002938, 1, 0, 0
9014, 6470555, 1, 0, 0
9500, 5922987, 1, 0, 0
10005, 5673566, 1, 0, 0
10511, 5422712, 1, 0, 0
11000, 4884393, 1, 0, 0
11514, 5290300, 1, 0, 0
12004, 5492292, 1, 0, 0
12510, 5643798, 1, 0, 0
13015, 4526077, 1, 0, 0
13515, 4901683, 1, 0, 0
14014, 5498211, 1, 0, 0
14500, 4945884, 1, 0, 0
15005, 5051684, 1, 0, 0
15510, 4764843, 1, 0, 0
16016, 4678177, 1, 0, 0
16513, 5001998, 1, 0, 0
17000, 5592657, 1, 0, 0
17502, 4540897, 1, 0, 0
18012, 5028125, 1, 0, 0
18512, 5475934, 1, 0, 0
19000, 5339271, 1, 0, 0
19508, 4739932, 1, 0, 0
20009, 4341285, 1, 0, 0
20513, 4285588, 1, 0, 0
21012, 4384084, 1, 0, 0
21515, 4189759, 1, 0, 0
22003, 3917956, 1, 0, 0
22502, 4185789, 1, 0, 0
23015, 4222959, 1, 0, 0
23511, 4038230, 1, 0, 0
24009, 6020907, 1, 0, 0
24507, 4726237, 1, 0, 0
25015, 4276468, 1, 0, 0
25511, 3953595, 1, 0, 0
26011, 4418279, 1, 0, 0
26515, 4087474, 1, 0, 0
27003, 4882870, 1, 0, 0
27507, 3934046, 1, 0, 0
28013, 3809433, 1, 0, 0
28513, 3979070, 1, 0, 0
29005, 3511519, 1, 0, 0
29504, 4614666, 1, 0, 0
30000, 5058715, 1, 0, 0
30505, 3370455, 1, 0, 0
31000, 3881109, 1, 0, 0
31504, 3867054, 1, 0, 0
32006, 3265268, 1, 0, 0
32501, 3330414, 1, 0, 0
33013, 3969439, 1, 0, 0
33510, 4497142, 1, 0, 0
34007, 3773647, 1, 0, 0
34507, 3578824, 1, 0, 0
35013, 2800543, 1, 0, 0
35512, 3166069, 1, 0, 0
36000, 3982940, 1, 0, 0
36506, 2809631, 1, 0, 0
37006, 2761343, 1, 0, 0
37503, 2727733, 1, 0, 0
38000, 2303202, 1, 0, 0
38501, 3349952, 1, 0, 0
39000, 2274926, 1, 0, 0
39500, 2878511, 1, 0, 0
40008, 2725383, 1, 0, 0
40502, 2204167, 1, 0, 0
41006, 1865766, 1, 0, 0
41500, 1903584, 1, 0, 0
42000, 1479667, 1, 0, 0
42500, 1377383, 1, 0, 0
43000, 1155149, 1, 0, 0
43500, 858376, 1, 0, 0
44006, 570457, 1, 0, 0
44517, 7477078, 1, 0, 0
45009, 7347100, 1, 0, 0
45500, 7041096, 1, 0, 0
46009, 6964047, 1, 0, 0
46500, 6215870, 1, 0, 0
47010, 6182457, 1, 0, 0
47500, 5966483, 1, 0, 0
48006, 5576183, 1, 0, 0
48512, 5663589, 1, 0, 0
49014, 5259200, 1, 0, 0
49501, 5013778, 1, 0, 0
50015, 5414629, 1, 0, 0
50502, 4528829, 1, 0, 0
51012, 5252593, 1, 0, 0
51505, 5149227, 1, 0, 0
52005, 5196317, 1, 0, 0
52509, 5166119, 1, 0, 0
53013, 5076291, 1, 0, 0
53510, 5392239, 1, 0, 0
54004, 5469430, 1, 0, 0
54506, 4940108, 1, 0, 0
55005, 4889429, 1, 0, 0
55511, 4275260, 1, 0, 0
56012, 4587714, 1, 0, 0
56503, 5008992, 1, 0, 0
57011, 5106417, 1, 0, 0
57513, 4438244, 1, 0, 0
58011, 5653666, 1, 0, 0
58500, 5182955, 1, 0, 0
59011, 4740014, 1, 0, 0
59507, 4712944, 1, 0, 0
60000, 4552687, 1, 0, 0
60001, 17431010, 1, 0, 0
