500, 459340, 1, 0, 0
1000, 458984, 1, 0, 0
1500, 459268, 1, 0, 0
2000, 460487, 1, 0, 0
2500, 464400, 1, 0, 0
3000, 457302, 1, 0, 0
3500, 460885, 1, 0, 0
4000, 461803, 1, 0, 0
4500, 459017, 1, 0, 0
5000, 460593, 1, 0, 0
5500, 458182, 1, 0, 0
6000, 1675336, 1, 0, 0
6511, 7265755, 1, 0, 0
7001, 7203920, 1, 0, 0
7510, 7110563, 1, 0, 0
8000, 6664646, 1, 0, 0
8509, 6004632, 1, 0, 0
9014, 6472254, 1, 0, 0
9500, 5924681, 1, 0, 0
10005, 5675262, 1, 0, 0
10511, 5424395, 1, 0, 0
11000, 4886072, 1, 0, 0
11514, 5291987, 1, 0, 0
12004, 5494029, 1, 0, 0
12510, 5645473, 1, 0, 0
13015, 4527746, 1, 0, 0
13515, 4903398, 1, 0, 0
14014, 5499899, 1, 0, 0
14500, 4947561, 1, 0, 0
15005, 5053362, 1, 0, 0
15510, 4766522, 1, 0, 0
16016, 4679881, 1, 0, 0
16513, 5003716, 1, 0, 0
17000, 5594354, 1, 0, 0
17502, 4542577, 1, 0, 0
18012, 5029935, 1, 0, 0
18512, 5477636, 1, 0, 0
19000, 5340961, 1, 0, 0
19508, 4741602, 1, 0, 0
20009, 4342993, 1, 0, 0
20513, 4287280, 1, 0, 0
21012, 4385763, 1, 0, 0
21515, 4191469, 1, 0, 0
22003, 3919762, 1, 0, 0
22502, 4187487, 1, 0, 0
23015, 4224640, 1, 0, 0
23511, 4039899, 1, 0, 0
24009, 6022596, 1, 0, 0
24507, 4728126, 1, 0, 0
25015, 4278168, 1, 0, 0
25511, 3955271, 1, 0, 0
26011, 4419951, 1, 0, 0
26515, 4089167, 1, 0, 0
27003, 4884550, 1, 0, 0
27507, 3935764, 1, 0, 0
28013, 3811118, 1, 0, 0
28513, 3980750, 1, 0, 0
29005, 3513204, 1, 0, 0
29504, 4616355, 1, 0, 0
30000, 5060429, 1, 0, 0
30505, 3372152, 1, 0, 0
31000, 3882799, 1, 0, 0
31504, 3868751, 1, 0, 0
32006, 3266975, 1, 0, 0
32501, 3332106, 1, 0, 0
33013, 3971144, 1, 0, 0
33510, 4498855, 1, 0, 0
34007, 3775355, 1, 0, 0
34507, 3580527, 1, 0, 0
35013, 2802234, 1, 0, 0
35512, 3167756, 1, 0, 0
36000, 3984629, 1, 0, 0
36506, 2811305, 1, 0, 0
37006, 2763023, 1, 0, 0
37503, 2729419, 1, 0, 0
38000, 2304876, 1, 0, 0
38501, 3351641, 1, 0, 0
39000, 2276612, 1, 0, 0
39500, 2880192, 1, 0, 0
40008, 2727062, 1, 0, 0
40502, 2205847, 1, 0, 0
41006, 1867442, 1, 0, 0
41500, 1905251, 1, 0, 0
42000, 1481328, 1, 0, 0
42500, 1379043, 1, 0, 0
43000, 1156820, 1, 0, 0
43500, 860044, 1, 0, 0
44006, 572132, 1, 0, 0
44517, 7478780, 1, 0, 0
45009, 7348801, 1, 0, 0
45500, 7042779, 1, 0, 0
46009, 6965754, 1, 0, 0
46500, 6217561, 1, 0, 0
47010, 6184167, 1, 0, 0
47500, 5968171, 1, 0, 0
48006, 5577889, 1, 0, 0
48512, 5665289, 1, 0, 0
49014, 5260899, 1, 0, 0
49501, 5015452, 1, 0, 0
50015, 5416332, 1, 0, 0
50502, 4530515, 1, 0, 0
51012, 5254287, 1, 0, 0
51505, 5150912, 1, 0, 0
52005, 5198010, 1, 0, 0
52509, 5167805, 1, 0, 0
53013, 5077983, 1, 0, 0
53510, 5393922, 1, 0, 0
54004, 5471132, 1, 0, 0
54506, 4941795, 1, 0, 0
55005, 4891131, 1, 0, 0
55511, 4276940, 1, 0, 0
56012, 4589420, 1, 0, 0
56503, 5010669, 1, 0, 0
57011, 5108156, 1, 0, 0
57513, 4439938, 1, 0, 0
58011, 5655364, 1, 0, 0
58500, 5184822, 1, 0, 0
59011, 4741711, 1, 0, 0
59507, 4714624, 1, 0, 0
60000, 4554398, 1, 0, 0
60001, 17432645, 1, 0, 0
