500, 114237, 1, 0, 0
1000, 114674, 1, 0, 0
1500, 113961, 1, 0, 0
2000, 114221, 1, 0, 0
2500, 114162, 1, 0, 0
3000, 114666, 1, 0, 0
3500, 114239, 1, 0, 0
4000, 114446, 1, 0, 0
4500, 114404, 1, 0, 0
5000, 114673, 1, 0, 0
5500, 114107, 1, 0, 0
6014, 524599, 1, 0, 0
6507, 1946081, 1, 0, 0
7000, 1865026, 1, 0, 0
7506, 1882177, 1, 0, 0
8011, 1783389, 1, 0, 0
8500, 1781388, 1, 0, 0
9000, 1678429, 1, 0, 0
9514, 1681986, 1, 0, 0
10000, 1535760, 1, 0, 0
10504, 1376538, 1, 0, 0
11000, 1449085, 1, 0, 0
11500, 1349018, 1, 0, 0
12004, 1488795, 1, 0, 0
12512, 1416533, 1, 0, 0
13011, 1140868, 1, 0, 0
13500, 1382451, 1, 0, 0
14000, 1497489, 1, 0, 0
14513, 1422995, 1, 0, 0
15010, 1399589, 1, 0, 0
15512, 1309295, 1, 0, 0
16000, 1520619, 1, 0, 0
16501, 1469690, 1, 0, 0
17009, 1364855, 1, 0, 0
17503, 1590873, 1, 0, 0
18001, 1532111, 1, 0, 0
18512, 1518979, 1, 0, 0
19014, 1371630, 1, 0, 0
19500, 1446984, 1, 0, 0
20002, 1300769, 1, 0, 0
20510, 1499837, 1, 0, 0
21000, 1312309, 1, 0, 0
21514, 1362013, 1, 0, 0
22010, 1183517, 1, 0, 0
22500, 1251121, 1, 0, 0
23000, 1373342, 1, 0, 0
23500, 1296809, 1, 0, 0
24004, 1237120, 1, 0, 0
24500, 1365507, 1, 0, 0
25004, 1131186, 1, 0, 0
25500, 1334654, 1, 0, 0
26009, 1348079, 1, 0, 0
26502, 1276284, 1, 0, 0
27002, 1197882, 1, 0, 0
27505, 1150952, 1, 0, 0
28000, 1290596, 1, 0, 0
28506, 1244146, 1, 0, 0
29001, 1361967, 1, 0, 0
29500, 1180456, 1, 0, 0
30000, 1276669, 1, 0, 0
30500, 1344637, 1, 0, 0
31002, 966330, 1, 0, 0
31500, 1133895, 1, 0, 0
32000, 976877, 1, 0, 0
32506, 1175160, 1, 0, 0
33006, 1152704, 1, 0, 0
33500, 1266580, 1, 0, 0
34006, 1258196, 1, 0, 0
34500, 1154765, 1, 0, 0
35000, 1207417, 1, 0, 0
35511, 1085104, 1, 0, 0
36007, 1208768, 1, 0, 0
36510, 1100586, 1, 0, 0
37000, 907285, 1, 0, 0
37500, 1026406, 1, 0, 0
38012, 1064741, 1, 0, 0
38501, 927308, 1, 0, 0
39010, 1104700, 1, 0, 0
39504, 1044678, 1, 0, 0
40007, 868963, 1, 0, 0
40505, 959414, 1, 0, 0
41004, 956604, 1, 0, 0
41507, 948270, 1, 0, 0
42004, 900698, 1, 0, 0
42500, 844925, 1, 0, 0
43009, 847199, 1, 0, 0
43503, 836981, 1, 0, 0
44008, 822671, 1, 0, 0
44500, 734140, 1, 0, 0
45008, 756931, 1, 0, 0
45505, 732052, 1, 0, 0
46003, 648668, 1, 0, 0
46505, 661346, 1, 0, 0
47000, 601898, 1, 0, 0
47505, 617690, 1, 0, 0
48008, 463125, 1, 0, 0
48500, 460719, 1, 0, 0
49000, 411974, 1, 0, 0
49500, 375593, 1, 0, 0
50000, 184682, 1, 0, 0
50500, 215683, 1, 0, 0
51006, 2049958, 1, 0, 0
51500, 1953041, 1, 0, 0
52006, 1903462, 1, 0, 0
52512, 1861503, 1, 0, 0
53003, 1703301, 1, 0, 0
53504, 1735170, 1, 0, 0
54000, 1719133, 1, 0, 0
54506, 1507924, 1, 0, 0
55000, 1684663, 1, 0, 0
55500, 1652633, 1, 0, 0
56011, 1518636, 1, 0, 0
56504, 1427593, 1, 0, 0
57003, 1273059, 1, 0, 0
57509, 1325825, 1, 0, 0
58013, 1400436, 1, 0, 0
58506, 1292332, 1, 0, 0
59001, 1448913, 1, 0, 0
59504, 1587793, 1, 0, 0
60000, 1511599, 1, 0, 0
60000, 255241, 1, 0, 0
