500, 996, 1, 0, 0
1000, 1036, 1, 0, 0
1500, 993, 1, 0, 0
2000, 994, 1, 0, 0
2500, 996, 1, 0, 0
3000, 1010, 1, 0, 0
3500, 992, 1, 0, 0
4000, 992, 1, 0, 0
4500, 992, 1, 0, 0
5000, 1005, 1, 0, 0
5500, 992, 1, 0, 0
6014, 999, 1, 0, 0
6507, 1012, 1, 0, 0
7000, 1005, 1, 0, 0
7506, 1024, 1, 0, 0
8011, 1028, 1, 0, 0
8500, 1017, 1, 0, 0
9000, 1026, 1, 0, 0
9514, 1054, 1, 0, 0
10000, 1010, 1, 0, 0
10504, 1041, 1, 0, 0
11000, 1035, 1, 0, 0
11500, 1038, 1, 0, 0
12004, 1047, 1, 0, 0
12512, 1021, 1, 0, 0
13011, 1052, 1, 0, 0
13500, 1032, 1, 0, 0
14000, 1010, 1, 0, 0
14513, 1018, 1, 0, 0
15010, 1048, 1, 0, 0
15512, 1008, 1, 0, 0
16000, 1031, 1, 0, 0
16501, 1024, 1, 0, 0
17009, 1040, 1, 0, 0
17503, 1029, 1, 0, 0
18001, 1029, 1, 0, 0
18512, 1057, 1, 0, 0
19014, 1025, 1, 0, 0
19500, 1020, 1, 0, 0
20002, 1165, 1, 0, 0
20510, 1019, 1, 0, 0
21000, 1026, 1, 0, 0
21514, 1026, 1, 0, 0
22010, 1013, 1, 0, 0
22500, 1004, 1, 0, 0
23000, 1041, 1, 0, 0
23500, 1013, 1, 0, 0
24004, 1034, 1, 0, 0
24500, 1012, 1, 0, 0
25004, 1021, 1, 0, 0
25500, 1010, 1, 0, 0
26009, 1007, 1, 0, 0
26502, 1009, 1, 0, 0
27002, 1008, 1, 0, 0
27505, 1010, 1, 0, 0
28000, 1011, 1, 0, 0
28506, 1016, 1, 0, 0
29001, 1015, 1, 0, 0
29500, 1020, 1, 0, 0
30000, 1012, 1, 0, 0
30500, 1009, 1, 0, 0
31002, 1007, 1, 0, 0
31500, 1009, 1, 0, 0
32000, 1004, 1, 0, 0
32506, 1022, 1, 0, 0
33006, 1019, 1, 0, 0
33500, 1013, 1, 0, 0
34006, 1014, 1, 0, 0
34500, 999, 1, 0, 0
35000, 1010, 1, 0, 0
35511, 1010, 1, 0, 0
36007, 1040, 1, 0, 0
36510, 1007, 1, 0, 0
37000, 1003, 1, 0, 0
37500, 1003, 1, 0, 0
38012, 1008, 1, 0, 0
38501, 1004, 1, 0, 0
39010, 1066, 1, 0, 0
39504, 1016, 1, 0, 0
40007, 1005, 1, 0, 0
40505, 1017, 1, 0, 0
41004, 1016, 1, 0, 0
41507, 1050, 1, 0, 0
42004, 1004, 1, 0, 0
42500, 1002, 1, 0, 0
43009, 1000, 1, 0, 0
43503, 1009, 1, 0, 0
44008, 1006, 1, 0, 0
44500, 1000, 1, 0, 0
45008, 1005, 1, 0, 0
45505, 1013, 1, 0, 0
46003, 1007, 1, 0, 0
46505, 1017, 1, 0, 0
47000, 1006, 1, 0, 0
47505, 1010, 1, 0, 0
48008, 1006, 1, 0, 0
48500, 1004, 1, 0, 0
49000, 1010, 1, 0, 0
49500, 1007, 1, 0, 0
50000, 997, 1, 0, 0
50500, 999, 1, 0, 0
51006, 1043, 1, 0, 0
51500, 1017, 1, 0, 0
52006, 1006, 1, 0, 0
52512, 1015, 1, 0, 0
53003, 1019, 1, 0, 0
53504, 1025, 1, 0, 0
54000, 1018, 1, 0, 0
54506, 1016, 1, 0, 0
55000, 1023, 1, 0, 0
55500, 1022, 1, 0, 0
56011, 1014, 1, 0, 0
56504, 1010, 1, 0, 0
57003, 1003, 1, 0, 0
57509, 1011, 1, 0, 0
58013, 1011, 1, 0, 0
58506, 1005, 1, 0, 0
59001, 1012, 1, 0, 0
59504, 1018, 1, 0, 0
60000, 1014, 1, 0, 0
