500, 2237536, 1, 0, 0
1000, 2228464, 1, 0, 0
1500, 2242368, 1, 0, 0
2000, 2237120, 1, 0, 0
2500, 2238336, 1, 0, 0
3000, 2228144, 1, 0, 0
3500, 2237120, 1, 0, 0
4000, 2232624, 1, 0, 0
4500, 2233680, 1, 0, 0
5000, 2228176, 1, 0, 0
5500, 2239328, 1, 0, 0
6000, 481040, 1, 0, 0
6501, 129792, 1, 0, 0
7000, 135887, 1, 0, 0
7500, 137344, 1, 0, 0
8000, 145536, 1, 0, 0
8500, 144960, 1, 0, 0
9000, 148032, 1, 0, 0
9500, 155904, 1, 0, 0
10000, 168144, 1, 0, 0
10500, 180720, 1, 0, 0
11000, 176000, 1, 0, 0
11500, 189440, 1, 0, 0
12000, 173952, 1, 0, 0
12500, 182144, 1, 0, 0
13000, 224896, 1, 0, 0
13500, 186432, 1, 0, 0
14000, 166592, 1, 0, 0
14500, 183232, 1, 0, 0
15000, 181888, 1, 0, 0
15500, 196160, 1, 0, 0
16000, 171536, 1, 0, 0
16500, 167935, 1, 0, 0
17000, 191168, 1, 0, 0
17500, 159040, 1, 0, 0
18000, 165888, 1, 0, 0
18500, 172224, 1, 0, 0
19000, 187200, 1, 0, 0
19500, 177536, 1, 0, 0
20000, 191936, 1, 0, 0
20500, 173376, 1, 0, 0
21000, 196192, 1, 0, 0
21500, 187680, 1, 0, 0
22000, 214144, 1, 0, 0
22500, 201024, 1, 0, 0
23000, 191680, 1, 0, 0
23500, 192128, 1, 0, 0
24000, 208384, 1, 0, 0
24500, 193152, 1, 0, 0
25000, 220096, 1, 0, 0
25500, 196240, 1, 0, 0
26000, 187494, 1, 0, 0
26500, 198272, 1, 0, 0
27000, 213760, 1, 0, 0
27500, 223552, 1, 0, 0
28000, 201936, 1, 0, 0
28500, 201712, 1, 0, 0
29000, 186624, 1, 0, 0
29500, 221760, 1, 0, 0
30000, 194928, 1, 0, 0
30500, 196736, 1, 0, 0
31000, 258512, 1, 0, 0
31500, 231104, 1, 0, 0
32000, 261376, 1, 0, 0
32500, 215296, 1, 0, 0
33000, 221632, 1, 0, 0
33500, 203344, 1, 0, 0
34000, 202080, 1, 0, 0
34500, 226176, 1, 0, 0
35000, 205280, 1, 0, 0
35500, 240848, 1, 0, 0
36000, 209728, 1, 0, 0
36500, 233600, 1, 0, 0
37001, 288592, 1, 0, 0
37500, 238797, 1, 0, 0
38000, 246656, 1, 0, 0
38500, 269888, 1, 0, 0
39000, 235584, 1, 0, 0
39500, 242688, 1, 0, 0
40000, 296768, 1, 0, 0
40500, 265344, 1, 0, 0
41000, 266432, 1, 0, 0
41500, 272768, 1, 0, 0
42000, 281280, 1, 0, 0
42500, 300864, 1, 0, 0
43000, 307392, 1, 0, 0
43500, 303360, 1, 0, 0
44000, 313408, 1, 0, 0
44500, 352000, 1, 0, 0
45000, 334784, 1, 0, 0
45500, 349184, 1, 0, 0
46000, 392576, 1, 0, 0
46500, 388096, 1, 0, 0
47000, 429952, 1, 0, 0
47500, 411200, 1, 0, 0
48000, 555328, 1, 0, 0
48500, 556825, 1, 0, 0
49000, 621184, 1, 0, 0
49500, 680384, 1, 0, 0
50000, 1386272, 1, 0, 0
50500, 1184736, 1, 0, 0
51000, 122176, 1, 0, 0
51500, 133760, 1, 0, 0
52000, 131776, 1, 0, 0
52500, 139584, 1, 0, 0
53000, 147008, 1, 0, 0
53500, 148160, 1, 0, 0
54000, 147840, 1, 0, 0
54500, 171648, 1, 0, 0
55000, 155968, 1, 0, 0
55500, 149760, 1, 0, 0
56000, 171456, 1, 0, 0
56500, 176704, 1, 0, 0
57000, 201280, 1, 0, 0
57500, 195392, 1, 0, 0
58000, 183936, 1, 0, 0
58500, 194944, 1, 0, 0
59000, 175040, 1, 0, 0
59500, 163200, 1, 0, 0
