500, 279698, 1, 0, 0
1000, 278552, 1, 0, 0
1500, 280296, 1, 0, 0
2000, 279640, 1, 0, 0
2500, 279792, 1, 0, 0
3000, 278518, 1, 0, 0
3500, 279640, 1, 0, 0
4000, 279080, 1, 0, 0
4500, 279210, 1, 0, 0
5000, 278522, 1, 0, 0
5500, 279916, 1, 0, 0
6000, 60130, 1, 0, 0
6501, 16224, 1, 0, 0
7000, 16985, 1, 0, 0
7500, 17168, 1, 0, 0
8000, 18192, 1, 0, 0
8500, 18120, 1, 0, 0
9000, 18504, 1, 0, 0
9500, 19488, 1, 0, 0
10000, 21018, 1, 0, 0
10500, 22590, 1, 0, 0
11000, 22000, 1, 0, 0
11500, 23680, 1, 0, 0
12000, 21744, 1, 0, 0
12500, 22768, 1, 0, 0
13000, 28112, 1, 0, 0
13500, 23304, 1, 0, 0
14000, 20824, 1, 0, 0
14500, 22904, 1, 0, 0
15000, 22736, 1, 0, 0
15500, 24520, 1, 0, 0
16000, 21442, 1, 0, 0
16500, 20991, 1, 0, 0
17000, 23896, 1, 0, 0
17500, 19880, 1, 0, 0
18000, 20736, 1, 0, 0
18500, 21528, 1, 0, 0
19000, 23400, 1, 0, 0
19500, 22192, 1, 0, 0
20000, 23992, 1, 0, 0
20500, 21672, 1, 0, 0
21000, 24524, 1, 0, 0
21500, 23460, 1, 0, 0
22000, 26768, 1, 0, 0
22500, 25128, 1, 0, 0
23000, 23960, 1, 0, 0
23500, 24016, 1, 0, 0
24000, 26048, 1, 0, 0
24500, 24144, 1, 0, 0
25000, 27512, 1, 0, 0
25500, 24532, 1, 0, 0
26000, 23434, 1, 0, 0
26500, 24784, 1, 0, 0
27000, 26720, 1, 0, 0
27500, 27944, 1, 0, 0
28000, 25242, 1, 0, 0
28500, 25214, 1, 0, 0
29000, 23328, 1, 0, 0
29500, 27720, 1, 0, 0
30000, 24366, 1, 0, 0
30500, 24592, 1, 0, 0
31000, 32314, 1, 0, 0
31500, 28888, 1, 0, 0
32000, 32672, 1, 0, 0
32500, 26912, 1, 0, 0
33000, 27704, 1, 0, 0
33500, 25420, 1, 0, 0
34000, 25260, 1, 0, 0
34500, 28272, 1, 0, 0
35000, 25662, 1, 0, 0
35500, 30106, 1, 0, 0
36000, 26216, 1, 0, 0
36500, 29200, 1, 0, 0
37001, 36074, 1, 0, 0
37500, 29849, 1, 0, 0
38000, 30832, 1, 0, 0
38500, 33736, 1, 0, 0
39000, 29448, 1, 0, 0
39500, 30336, 1, 0, 0
40000, 37096, 1, 0, 0
40500, 33168, 1, 0, 0
41000, 33304, 1, 0, 0
41500, 34096, 1, 0, 0
42000, 35160, 1, 0, 0
42500, 37608, 1, 0, 0
43000, 38424, 1, 0, 0
43500, 37920, 1, 0, 0
44000, 39176, 1, 0, 0
44500, 44000, 1, 0, 0
45000, 41848, 1, 0, 0
45500, 43648, 1, 0, 0
46000, 49072, 1, 0, 0
46500, 48512, 1, 0, 0
47000, 53744, 1, 0, 0
47500, 51400, 1, 0, 0
48000, 69416, 1, 0, 0
48500, 69603, 1, 0, 0
49000, 77648, 1, 0, 0
49500, 85048, 1, 0, 0
50000, 173284, 1, 0, 0
50500, 148092, 1, 0, 0
51000, 15272, 1, 0, 0
51500, 16720, 1, 0, 0
52000, 16472, 1, 0, 0
52500, 17448, 1, 0, 0
53000, 18376, 1, 0, 0
53500, 18520, 1, 0, 0
54000, 18480, 1, 0, 0
54500, 21456, 1, 0, 0
55000, 19496, 1, 0, 0
55500, 18720, 1, 0, 0
56000, 21432, 1, 0, 0
56500, 22088, 1, 0, 0
57000, 25160, 1, 0, 0
57500, 24424, 1, 0, 0
58000, 22992, 1, 0, 0
58500, 24368, 1, 0, 0
59000, 21880, 1, 0, 0
59500, 20400, 1, 0, 0
