500, 113241, 1, 0, 0
1000, 113638, 1, 0, 0
1500, 112967, 1, 0, 0
2000, 113227, 1, 0, 0
2500, 113166, 1, 0, 0
3000, 113657, 1, 0, 0
3500, 113247, 1, 0, 0
4000, 113454, 1, 0, 0
4500, 113412, 1, 0, 0
5000, 113668, 1, 0, 0
5500, 113115, 1, 0, 0
6014, 523600, 1, 0, 0
6507, 1945069, 1, 0, 0
7000, 1864021, 1, 0, 0
7506, 1881154, 1, 0, 0
8011, 1782361, 1, 0, 0
8500, 1780371, 1, 0, 0
9000, 1677402, 1, 0, 0
9514, 1680932, 1, 0, 0
10000, 1534751, 1, 0, 0
10504, 1375497, 1, 0, 0
11000, 1448051, 1, 0, 0
11500, 1347980, 1, 0, 0
12004, 1487748, 1, 0, 0
12512, 1415512, 1, 0, 0
13011, 1139819, 1, 0, 0
13500, 1381416, 1, 0, 0
14000, 1496479, 1, 0, 0
14513, 1421977, 1, 0, 0
15010, 1398540, 1, 0, 0
15512, 1308287, 1, 0, 0
16000, 1519588, 1, 0, 0
16501, 1468665, 1, 0, 0
17009, 1363814, 1, 0, 0
17503, 1589844, 1, 0, 0
18001, 1531082, 1, 0, 0
18512, 1517922, 1, 0, 0
19014, 1370605, 1, 0, 0
19500, 1445964, 1, 0, 0
20002, 1299604, 1, 0, 0
20510, 1498818, 1, 0, 0
21000, 1311283, 1, 0, 0
21514, 1360987, 1, 0, 0
22010, 1182504, 1, 0, 0
22500, 1250118, 1, 0, 0
23000, 1372301, 1, 0, 0
23500, 1295795, 1, 0, 0
24004, 1236086, 1, 0, 0
24500, 1364495, 1, 0, 0
25004, 1130163, 1, 0, 0
25500, 1333645, 1, 0, 0
26009, 1347072, 1, 0, 0
26502, 1275276, 1, 0, 0
27002, 1196874, 1, 0, 0
27505, 1149942, 1, 0, 0
28000, 1289585, 1, 0, 0
28506, 1243129, 1, 0, 0
29001, 1360952, 1, 0, 0
29500, 1179436, 1, 0, 0
30000, 1275657, 1, 0, 0
30500, 1343628, 1, 0, 0
31002, 965323, 1, 0, 0
31500, 1132885, 1, 0, 0
32000, 975873, 1, 0, 0
32506, 1174139, 1, 0, 0
33006, 1151684, 1, 0, 0
33500, 1265567, 1, 0, 0
34006, 1257182, 1, 0, 0
34500, 1153766, 1, 0, 0
35000, 1206408, 1, 0, 0
35511, 1084094, 1, 0, 0
36007, 1207728, 1, 0, 0
36510, 1099579, 1, 0, 0
37000, 906282, 1, 0, 0
37500, 1025404, 1, 0, 0
38012, 1063733, 1, 0, 0
38501, 926304, 1, 0, 0
39010, 1103634, 1, 0, 0
39504, 1043662, 1, 0, 0
40007, 867958, 1, 0, 0
40505, 958398, 1, 0, 0
41004, 955587, 1, 0, 0
41507, 947221, 1, 0, 0
42004, 899694, 1, 0, 0
42500, 843923, 1, 0, 0
43009, 846199, 1, 0, 0
43503, 835972, 1, 0, 0
44008, 821665, 1, 0, 0
44500, 733141, 1, 0, 0
45008, 755926, 1, 0, 0
45505, 731039, 1, 0, 0
46003, 647661, 1, 0, 0
46505, 660329, 1, 0, 0
47000, 600891, 1, 0, 0
47505, 616680, 1, 0, 0
48008, 462119, 1, 0, 0
48500, 459715, 1, 0, 0
49000, 410964, 1, 0, 0
49500, 374585, 1, 0, 0
50000, 183685, 1, 0, 0
50500, 214685, 1, 0, 0
51006, 2048915, 1, 0, 0
51500, 1952024, 1, 0, 0
52006, 1902456, 1, 0, 0
52512, 1860488, 1, 0, 0
53003, 1702282, 1, 0, 0
53504, 1734145, 1, 0, 0
54000, 1718115, 1, 0, 0
54506, 1506908, 1, 0, 0
55000, 1683639, 1, 0, 0
55500, 1651611, 1, 0, 0
56011, 1517622, 1, 0, 0
56504, 1426583, 1, 0, 0
57003, 1272056, 1, 0, 0
57509, 1324815, 1, 0, 0
58013, 1399425, 1, 0, 0
58506, 1291327, 1, 0, 0
59001, 1447902, 1, 0, 0
59504, 1586775, 1, 0, 0
60000, 1510692, 1, 0, 0
60000, 257591, 1, 0, 0
