500, 550828, 1, 0, 0
1000, 549844, 1, 0, 0
1500, 550636, 1, 0, 0
2000, 549590, 1, 0, 0
2500, 550282, 1, 0, 0
3000, 548604, 1, 0, 0
3500, 549144, 1, 0, 0
4000, 548674, 1, 0, 0
4500, 549304, 1, 0, 0
5000, 548698, 1, 0, 0
5500, 544190, 1, 0, 0
6000, 534124, 1, 0, 0
6500, 535648, 1, 0, 0
7000, 534620, 1, 0, 0
7500, 534394, 1, 0, 0
8000, 533492, 1, 0, 0
8500, 533424, 1, 0, 0
9000, 533518, 1, 0, 0
9500, 533456, 1, 0, 0
10000, 533252, 1, 0, 0
10500, 533566, 1, 0, 0
11000, 532528, 1, 0, 0
11500, 533056, 1, 0, 0
12000, 532162, 1, 0, 0
12500, 533212, 1, 0, 0
13000, 532554, 1, 0, 0
13500, 532758, 1, 0, 0
14000, 532060, 1, 0, 0
14500, 533184, 1, 0, 0
