500, 57211, 1, 0, 0
1000, 57298, 1, 0, 0
1500, 57208, 1, 0, 0
2000, 57323, 1, 0, 0
2500, 57248, 1, 0, 0
3000, 57426, 1, 0, 0
3500, 57371, 1, 0, 0
4000, 57419, 1, 0, 0
4500, 57352, 1, 0, 0
5000, 57415, 1, 0, 0
5500, 57872, 1, 0, 0
6000, 58958, 1, 0, 0
6500, 58788, 1, 0, 0
7000, 58902, 1, 0, 0
7500, 58932, 1, 0, 0
8000, 59029, 1, 0, 0
8500, 59035, 1, 0, 0
9000, 59027, 1, 0, 0
9500, 59032, 1, 0, 0
10000, 59054, 1, 0, 0
10500, 59023, 1, 0, 0
11000, 59127, 1, 0, 0
11500, 59074, 1, 0, 0
12000, 59177, 1, 0, 0
12500, 59057, 1, 0, 0
13000, 59131, 1, 0, 0
13500, 59107, 1, 0, 0
14000, 59189, 1, 0, 0
14500, 59061, 1, 0, 0
15000, 59110, 1, 0, 0
15000, 65937, 1, 0, 0
