500, 2203248, 1, 0, 0
1000, 2199416, 1, 0, 0
1500, 2202544, 1, 0, 0
2000, 2198360, 1, 0, 0
2500, 2201128, 1, 0, 0
3000, 2194416, 1, 0, 0
3500, 2196576, 1, 0, 0
4000, 2194696, 1, 0, 0
4500, 2197216, 1, 0, 0
5000, 2194792, 1, 0, 0
5500, 2176760, 1, 0, 0
6000, 2136496, 1, 0, 0
6500, 2142592, 1, 0, 0
7000, 2138480, 1, 0, 0
7500, 2137579, 1, 0, 0
8000, 2133968, 1, 0, 0
8500, 2133696, 1, 0, 0
9000, 2134072, 1, 0, 0
9500, 2133824, 1, 0, 0
10000, 2133008, 1, 0, 0
10500, 2134264, 1, 0, 0
11000, 2130112, 1, 0, 0
11500, 2132224, 1, 0, 0
12000, 2128648, 1, 0, 0
12500, 2132848, 1, 0, 0
13000, 2130216, 1, 0, 0
13500, 2131024, 1, 0, 0
14000, 2128240, 1, 0, 0
14500, 2132736, 1, 0, 0
