500, 762, 1, 0, 0
1000, 764, 1, 0, 0
1500, 763, 1, 0, 0
2000, 765, 1, 0, 0
2500, 760, 1, 0, 0
3000, 763, 1, 0, 0
3500, 761, 1, 0, 0
4000, 762, 1, 0, 0
4500, 761, 1, 0, 0
5000, 762, 1, 0, 0
5500, 780, 1, 0, 0
6000, 813, 1, 0, 0
6500, 811, 1, 0, 0
7000, 813, 1, 0, 0
7500, 812, 1, 0, 0
8000, 813, 1, 0, 0
8500, 812, 1, 0, 0
9000, 811, 1, 0, 0
9500, 811, 1, 0, 0
10000, 813, 1, 0, 0
10500, 812, 1, 0, 0
11000, 816, 1, 0, 0
11500, 816, 1, 0, 0
12000, 816, 1, 0, 0
12500, 815, 1, 0, 0
13000, 817, 1, 0, 0
13500, 814, 1, 0, 0
14000, 814, 1, 0, 0
14500, 813, 1, 0, 0
15000, 814, 1, 0, 0
