[82665.220367] KSC2026-MARK map16k_bs4k_r1 insmod 1791458427881422833
[82665.232308] NVMeVirt: Version 1.10 for >> Samsung 970 Pro SSD <<
[82665.232319] NVMeVirt: Storage: 0x300100000-0x600000000 (12287 MiB)
[82665.243259] NVMeVirt: Total Capacity(GiB,MiB)=3,3072 chs=2 luns=4 lines=384 blk-size(MiB,KiB)=2,2048 line-size(MiB,KiB)=8,8192
[82665.243264] NVMeVirt: KSC2026: mapping unit=16384 B, flash page=32768 B, oneshot page=32768 B, pgs_per_blk=128, blks_per_pl=384, write buffer=1048576 B
[82665.248640] NVMeVirt: [chmodel_init] bandwidth 800 max_credits 26 tx_time 152
[82665.251994] NVMeVirt: [chmodel_init] bandwidth 800 max_credits 26 tx_time 152
[82665.252005] NVMeVirt: [chmodel_init] bandwidth 3360 max_credits 110 tx_time 36
[82665.252362] NVMeVirt: pqueue: Copyright (c) 2014, Volkan Yazıcı <volkan.yazici@gmail.com>. All rights reserved.
[82665.252363] NVMeVirt: Init FTL instance with 2 channels (196608 pages)
[82665.255424] NVMeVirt: [chmodel_init] bandwidth 800 max_credits 26 tx_time 152
[82665.258509] NVMeVirt: [chmodel_init] bandwidth 800 max_credits 26 tx_time 152
[82665.258520] NVMeVirt: [chmodel_init] bandwidth 3360 max_credits 110 tx_time 36
[82665.258858] NVMeVirt: Init FTL instance with 2 channels (196608 pages)
[82665.261922] NVMeVirt: [chmodel_init] bandwidth 800 max_credits 26 tx_time 152
[82665.264971] NVMeVirt: [chmodel_init] bandwidth 800 max_credits 26 tx_time 152
[82665.264982] NVMeVirt: [chmodel_init] bandwidth 3360 max_credits 110 tx_time 36
[82665.265325] NVMeVirt: Init FTL instance with 2 channels (196608 pages)
[82665.268378] NVMeVirt: [chmodel_init] bandwidth 800 max_credits 26 tx_time 152
[82665.271426] NVMeVirt: [chmodel_init] bandwidth 800 max_credits 26 tx_time 152
[82665.271438] NVMeVirt: [chmodel_init] bandwidth 3360 max_credits 110 tx_time 36
[82665.271775] NVMeVirt: Init FTL instance with 2 channels (196608 pages)
[82665.271778] NVMeVirt: FTL physical space: 12883853312, logical space: 12040984403 (physical/logical * 100 = 107)
[82665.271779] NVMeVirt: KSC2026: WBUF_FIX=1 GC_STATS=1
[82665.271779] NVMeVirt: KSC2026: WBUF_MERGE=1 (one open mapping unit per partition merges writes smaller than 16384 B)
[82665.271780] NVMeVirt: ns 0/1: size 11483 MiB
[82665.271813] PCI host bridge to bus 0001:10
[82665.271814] pci_bus 0001:10: root bus resource [io  0x0000-0xffff]
[82665.271816] pci_bus 0001:10: root bus resource [mem 0x00000000-0x3fffffffffff]
[82665.271817] pci_bus 0001:10: root bus resource [bus 00-ff]
[82665.271822] pci 0001:10:00.0: [0c51:0110] type 00 class 0x010802 PCIe Endpoint
[82665.271825] pci 0001:10:00.0: BAR 0 [mem 0x300000000-0x300003fff 64bit]
[82665.271826] pci 0001:10:00.0: enabling Extended Tags
[82665.271927] NVMeVirt: Virtual PCI bus created (node 0)
[82665.273232] NVMeVirt: nvmev_io_worker_0 started on cpu 4 (node 0)
[82665.273399] NVMeVirt: nvmev_io_worker_1 started on cpu 5 (node 0)
[82665.273414] NVMeVirt: nvmev_dispatcher started on cpu 3 (node 0)
[82665.273486] nvme nvme1: pci function 0001:10:00.0
[82665.276892] nvme nvme1: 1/0/0 default/read/poll queues
[82665.278836] NVMeVirt: Virtual NVMe device created
[82671.317677] KSC2026-MARK map16k_bs4k_r1 fio-start 1791458433983745195
[82677.239486] NVMeVirt: KSC2026: first GC part=0 victim line=0 vpc=0 ipc=512 free_lines=2 host_pgs=194560
[82677.239495] NVMeVirt: KSC2026: first GC part=1 victim line=0 vpc=0 ipc=512 free_lines=2 host_pgs=194560
[82677.239501] NVMeVirt: KSC2026: first GC part=2 victim line=0 vpc=0 ipc=512 free_lines=2 host_pgs=194560
[82677.239538] NVMeVirt: KSC2026: first GC part=3 victim line=0 vpc=0 ipc=512 free_lines=2 host_pgs=194560
[82687.331146] KSC2026-MARK map16k_bs4k_r1 fio-end
[82687.335943] KSC2026-MARK map16k_bs4k_r1 rmmod 1791458450003285957
[82687.408538] pci_bus 0001:10: busn_res: [bus 10-ff] is released
[82687.408594] NVMeVirt: KSC2026: stats part=0 host_pgs=505368 gc_pgs=0 gc_cnt=608 free_lines=3
[82687.408596] NVMeVirt: KSC2026: stats part=1 host_pgs=505368 gc_pgs=0 gc_cnt=608 free_lines=3
[82687.408597] NVMeVirt: KSC2026: stats part=2 host_pgs=505368 gc_pgs=0 gc_cnt=608 free_lines=3
[82687.408597] NVMeVirt: KSC2026: stats part=3 host_pgs=505367 gc_pgs=0 gc_cnt=608 free_lines=3
[82687.408598] NVMeVirt: KSC2026: merge part=0 open=505368 merge=1516096 full=505364 evict=4 direct=0 still_open=0
[82687.408599] NVMeVirt: KSC2026: merge part=1 open=505368 merge=1516096 full=505364 evict=4 direct=0 still_open=0
[82687.408599] NVMeVirt: KSC2026: merge part=2 open=505368 merge=1516096 full=505364 evict=4 direct=0 still_open=0
[82687.408600] NVMeVirt: KSC2026: merge part=3 open=505367 merge=1516087 full=505361 evict=6 direct=0 still_open=0
[82687.436225] NVMeVirt: Virtual NVMe device closed
