500, 782, 1, 0, 0
1000, 780, 1, 0, 0
1500, 781, 1, 0, 0
2000, 779, 1, 0, 0
2500, 779, 1, 0, 0
3000, 778, 1, 0, 0
3500, 779, 1, 0, 0
4000, 779, 1, 0, 0
4500, 778, 1, 0, 0
5000, 781, 1, 0, 0
5500, 782, 1, 0, 0
6000, 829, 1, 0, 0
6502, 835, 1, 0, 0
7000, 846, 1, 0, 0
7500, 844, 1, 0, 0
8000, 845, 1, 0, 0
8501, 843, 1, 0, 0
9000, 838, 1, 0, 0
9502, 838, 1, 0, 0
10000, 840, 1, 0, 0
10500, 844, 1, 0, 0
11000, 843, 1, 0, 0
11500, 837, 1, 0, 0
12001, 835, 1, 0, 0
12500, 841, 1, 0, 0
13000, 846, 1, 0, 0
13500, 837, 1, 0, 0
14000, 831, 1, 0, 0
14500, 836, 1, 0, 0
15002, 841, 1, 0, 0
15500, 843, 1, 0, 0
16000, 844, 1, 0, 0
16500, 844, 1, 0, 0
17000, 838, 1, 0, 0
17501, 836, 1, 0, 0
18000, 831, 1, 0, 0
18500, 833, 1, 0, 0
19000, 835, 1, 0, 0
19500, 843, 1, 0, 0
20000, 841, 1, 0, 0
20502, 838, 1, 0, 0
21000, 843, 1, 0, 0
21500, 840, 1, 0, 0
22000, 841, 1, 0, 0
22500, 842, 1, 0, 0
23001, 844, 1, 0, 0
23500, 846, 1, 0, 0
24000, 848, 1, 0, 0
24500, 848, 1, 0, 0
25000, 850, 1, 0, 0
25500, 845, 1, 0, 0
26000, 846, 1, 0, 0
26500, 845, 1, 0, 0
27000, 844, 1, 0, 0
27500, 846, 1, 0, 0
28000, 844, 1, 0, 0
28501, 845, 1, 0, 0
29000, 841, 1, 0, 0
29500, 839, 1, 0, 0
30000, 840, 1, 0, 0
30501, 843, 1, 0, 0
31000, 845, 1, 0, 0
31500, 908, 1, 0, 0
32000, 895, 1, 0, 0
32500, 895, 1, 0, 0
33000, 893, 1, 0, 0
33500, 894, 1, 0, 0
34000, 895, 1, 0, 0
34500, 897, 1, 0, 0
35007, 893, 1, 0, 0
35500, 891, 1, 0, 0
36000, 893, 1, 0, 0
36502, 891, 1, 0, 0
37002, 892, 1, 0, 0
37510, 890, 1, 0, 0
38000, 895, 1, 0, 0
38501, 899, 1, 0, 0
39000, 895, 1, 0, 0
39505, 892, 1, 0, 0
40000, 887, 1, 0, 0
40500, 880, 1, 0, 0
41000, 885, 1, 0, 0
41501, 885, 1, 0, 0
42009, 885, 1, 0, 0
42500, 890, 1, 0, 0
43000, 889, 1, 0, 0
43500, 888, 1, 0, 0
44006, 887, 1, 0, 0
44500, 884, 1, 0, 0
45000, 888, 1, 0, 0
45500, 891, 1, 0, 0
46000, 882, 1, 0, 0
46500, 895, 1, 0, 0
47000, 893, 1, 0, 0
47500, 883, 1, 0, 0
48001, 880, 1, 0, 0
48501, 898, 1, 0, 0
49001, 889, 1, 0, 0
49501, 884, 1, 0, 0
50001, 883, 1, 0, 0
50502, 884, 1, 0, 0
51002, 886, 1, 0, 0
51502, 886, 1, 0, 0
52002, 887, 1, 0, 0
52502, 888, 1, 0, 0
53002, 894, 1, 0, 0
53503, 892, 1, 0, 0
54000, 886, 1, 0, 0
54500, 884, 1, 0, 0
55000, 884, 1, 0, 0
55500, 889, 1, 0, 0
56000, 894, 1, 0, 0
56500, 894, 1, 0, 0
57000, 896, 1, 0, 0
57500, 896, 1, 0, 0
58000, 892, 1, 0, 0
58500, 886, 1, 0, 0
59000, 886, 1, 0, 0
59500, 888, 1, 0, 0
60000, 890, 1, 0, 0
