500, 572176, 1, 0, 0
1000, 571752, 1, 0, 0
1500, 571704, 1, 0, 0
2000, 571648, 1, 0, 0
2500, 571648, 1, 0, 0
3000, 571648, 1, 0, 0
3500, 571648, 1, 0, 0
4000, 571648, 1, 0, 0
4500, 571648, 1, 0, 0
5000, 571720, 1, 0, 0
5500, 546552, 1, 0, 0
6000, 341176, 1, 0, 0
6500, 334592, 1, 0, 0
7000, 339424, 1, 0, 0
7500, 336400, 1, 0, 0
8000, 337648, 1, 0, 0
8500, 337696, 1, 0, 0
9000, 336384, 1, 0, 0
9500, 339456, 1, 0, 0
10000, 334608, 1, 0, 0
10500, 341136, 1, 0, 0
11000, 333050, 1, 0, 0
11500, 340672, 1, 0, 0
12000, 335168, 1, 0, 0
12500, 338888, 1, 0, 0
13000, 336888, 1, 0, 0
13500, 337184, 1, 0, 0
14000, 338208, 1, 0, 0
14500, 335800, 1, 0, 0
15000, 340040, 1, 0, 0
15500, 333984, 1, 0, 0
16000, 341240, 1, 0, 0
16500, 333048, 1, 0, 0
17000, 340976, 1, 0, 0
17500, 334720, 1, 0, 0
18000, 339328, 1, 0, 0
18500, 336496, 1, 0, 0
19000, 337512, 1, 0, 0
19500, 337832, 1, 0, 0
20000, 336096, 1, 0, 0
20500, 339744, 1, 0, 0
21000, 334288, 1, 0, 0
21500, 341232, 1, 0, 0
22000, 332960, 1, 0, 0
22500, 341088, 1, 0, 0
23000, 334400, 1, 0, 0
23500, 339600, 1, 0, 0
24000, 336240, 1, 0, 0
24500, 337744, 1, 0, 0
25000, 337576, 1, 0, 0
25500, 336416, 1, 0, 0
26000, 339424, 1, 0, 0
26500, 334560, 1, 0, 0
27000, 341104, 1, 0, 0
27500, 332944, 1, 0, 0
28000, 341136, 1, 0, 0
28500, 334224, 1, 0, 0
29000, 339366, 1, 0, 0
29500, 337008, 1, 0, 0
30000, 336920, 1, 0, 0
30500, 338552, 1, 0, 0
31000, 335456, 1, 0, 0
31500, 499376, 1, 0, 0
32000, 342400, 1, 0, 0
32500, 333312, 1, 0, 0
33000, 333280, 1, 0, 0
33500, 333216, 1, 0, 0
34000, 250912, 1, 0, 0
34500, 225216, 1, 0, 0
35000, 229008, 1, 0, 0
35500, 228288, 1, 0, 0
36000, 220464, 1, 0, 0
36500, 227080, 1, 0, 0
37000, 225280, 1, 0, 0
37500, 229376, 1, 0, 0
38000, 225008, 1, 0, 0
38500, 221920, 1, 0, 0
39000, 227456, 1, 0, 0
39500, 226736, 1, 0, 0
40000, 229376, 1, 0, 0
40500, 221584, 1, 0, 0
41000, 225040, 1, 0, 0
41500, 225120, 1, 0, 0
42000, 229376, 1, 0, 0
42500, 227232, 1, 0, 0
43000, 220480, 1, 0, 0
43500, 262640, 1, 0, 0
44000, 288096, 1, 0, 0
44500, 347600, 1, 0, 0
45000, 344000, 1, 0, 0
45500, 343936, 1, 0, 0
46000, 344641, 1, 0, 0
46500, 344064, 1, 0, 0
47000, 344064, 1, 0, 0
47500, 344064, 1, 0, 0
48000, 344064, 1, 0, 0
48500, 344064, 1, 0, 0
49000, 344064, 1, 0, 0
49500, 344064, 1, 0, 0
50000, 344064, 1, 0, 0
50500, 344064, 1, 0, 0
51000, 344064, 1, 0, 0
51500, 344064, 1, 0, 0
52000, 344064, 1, 0, 0
52500, 344064, 1, 0, 0
53000, 344064, 1, 0, 0
53500, 344064, 1, 0, 0
54000, 344064, 1, 0, 0
54500, 344064, 1, 0, 0
55000, 344064, 1, 0, 0
55500, 344032, 1, 0, 0
56000, 344064, 1, 0, 0
56500, 344000, 1, 0, 0
57000, 343952, 1, 0, 0
57500, 343968, 1, 0, 0
58000, 343968, 1, 0, 0
58500, 343920, 1, 0, 0
59000, 343984, 1, 0, 0
59500, 343968, 1, 0, 0
