500, 223582, 1, 0, 0
1000, 223751, 1, 0, 0
1500, 223752, 1, 0, 0
2000, 223752, 1, 0, 0
2500, 223752, 1, 0, 0
3000, 223754, 1, 0, 0
3500, 223753, 1, 0, 0
4000, 223752, 1, 0, 0
4500, 223753, 1, 0, 0
5000, 223753, 1, 0, 0
5500, 232468, 1, 0, 0
6000, 377926, 1, 0, 0
6502, 380524, 1, 0, 0
7000, 378818, 1, 0, 0
7500, 379441, 1, 0, 0
8000, 379843, 1, 0, 0
8501, 376253, 1, 0, 0
9000, 383074, 1, 0, 0
9502, 375437, 1, 0, 0
10000, 383925, 1, 0, 0
10500, 374922, 1, 0, 0
11000, 381481, 1, 0, 0
11500, 377856, 1, 0, 0
12001, 380614, 1, 0, 0
12500, 378720, 1, 0, 0
13000, 379588, 1, 0, 0
13500, 379750, 1, 0, 0
14000, 376411, 1, 0, 0
14500, 382924, 1, 0, 0
15002, 375595, 1, 0, 0
15500, 383819, 1, 0, 0
16000, 374938, 1, 0, 0
16500, 381867, 1, 0, 0
17000, 377529, 1, 0, 0
17501, 380670, 1, 0, 0
18000, 378714, 1, 0, 0
18500, 379619, 1, 0, 0
19000, 379720, 1, 0, 0
19500, 376466, 1, 0, 0
20000, 382935, 1, 0, 0
20502, 375598, 1, 0, 0
21000, 383816, 1, 0, 0
21500, 374959, 1, 0, 0
22000, 381523, 1, 0, 0
22500, 377865, 1, 0, 0
23001, 380639, 1, 0, 0
23500, 378723, 1, 0, 0
24000, 379602, 1, 0, 0
24500, 379752, 1, 0, 0
25000, 376489, 1, 0, 0
25500, 382925, 1, 0, 0
26000, 375528, 1, 0, 0
26500, 383880, 1, 0, 0
27000, 374985, 1, 0, 0
27500, 381495, 1, 0, 0
28000, 377925, 1, 0, 0
28501, 380595, 1, 0, 0
29000, 378783, 1, 0, 0
29500, 379547, 1, 0, 0
30000, 379843, 1, 0, 0
30501, 376422, 1, 0, 0
31000, 382968, 1, 0, 0
31500, 256175, 1, 0, 0
32000, 373638, 1, 0, 0
32500, 383873, 1, 0, 0
33000, 383927, 1, 0, 0
33500, 384023, 1, 0, 0
34000, 509168, 1, 0, 0
34500, 560412, 1, 0, 0
35007, 559859, 1, 0, 0
35500, 568307, 1, 0, 0
36000, 580549, 1, 0, 0
36502, 561203, 1, 0, 0
37002, 556854, 1, 0, 0
37510, 566625, 1, 0, 0
38000, 573736, 1, 0, 0
38501, 572912, 1, 0, 0
39000, 566249, 1, 0, 0
39505, 553916, 1, 0, 0
40000, 566138, 1, 0, 0
40500, 579769, 1, 0, 0
41000, 564074, 1, 0, 0
41501, 556842, 1, 0, 0
42009, 566652, 1, 0, 0
42500, 570520, 1, 0, 0
43000, 577936, 1, 0, 0
43500, 486847, 1, 0, 0
44006, 444522, 1, 0, 0
44500, 366196, 1, 0, 0
45000, 371798, 1, 0, 0
45500, 371941, 1, 0, 0
46000, 371973, 1, 0, 0
46500, 371961, 1, 0, 0
47000, 371977, 1, 0, 0
47500, 371972, 1, 0, 0
48001, 371989, 1, 0, 0
48501, 371986, 1, 0, 0
49001, 371983, 1, 0, 0
49501, 371983, 1, 0, 0
50001, 371987, 1, 0, 0
50502, 371976, 1, 0, 0
51002, 371980, 1, 0, 0
51502, 371982, 1, 0, 0
52002, 371986, 1, 0, 0
52502, 371988, 1, 0, 0
53002, 371979, 1, 0, 0
53503, 371995, 1, 0, 0
54000, 371871, 1, 0, 0
54500, 371971, 1, 0, 0
55000, 371982, 1, 0, 0
55500, 371995, 1, 0, 0
56000, 371975, 1, 0, 0
56500, 371998, 1, 0, 0
57000, 372002, 1, 0, 0
57500, 372025, 1, 0, 0
58000, 372028, 1, 0, 0
58500, 372021, 1, 0, 0
59000, 372104, 1, 0, 0
59500, 372086, 1, 0, 0
60000, 372093, 1, 0, 0
60000, 325064, 1, 0, 0
