500, 143066, 1, 0, 0
1000, 142930, 1, 0, 0
1500, 142926, 1, 0, 0
2000, 142912, 1, 0, 0
2500, 142912, 1, 0, 0
3000, 142912, 1, 0, 0
3500, 142912, 1, 0, 0
4000, 142912, 1, 0, 0
4500, 142912, 1, 0, 0
5000, 142932, 1, 0, 0
5500, 136640, 1, 0, 0
6000, 85292, 1, 0, 0
6500, 83648, 1, 0, 0
7000, 84856, 1, 0, 0
7500, 84100, 1, 0, 0
8000, 84412, 1, 0, 0
8500, 84424, 1, 0, 0
9000, 84096, 1, 0, 0
9500, 84864, 1, 0, 0
10000, 83652, 1, 0, 0
10500, 85284, 1, 0, 0
11000, 83262, 1, 0, 0
11500, 85168, 1, 0, 0
12000, 83792, 1, 0, 0
12500, 84724, 1, 0, 0
13000, 84220, 1, 0, 0
13500, 84296, 1, 0, 0
14000, 84552, 1, 0, 0
14500, 83950, 1, 0, 0
15000, 85010, 1, 0, 0
15500, 83496, 1, 0, 0
16000, 85310, 1, 0, 0
16500, 83262, 1, 0, 0
17000, 85244, 1, 0, 0
17500, 83680, 1, 0, 0
18000, 84832, 1, 0, 0
18500, 84124, 1, 0, 0
19000, 84378, 1, 0, 0
19500, 84458, 1, 0, 0
20000, 84024, 1, 0, 0
20500, 84936, 1, 0, 0
21000, 83572, 1, 0, 0
21500, 85308, 1, 0, 0
22000, 83240, 1, 0, 0
22500, 85272, 1, 0, 0
23000, 83600, 1, 0, 0
23500, 84900, 1, 0, 0
24000, 84060, 1, 0, 0
24500, 84438, 1, 0, 0
25000, 84394, 1, 0, 0
25500, 84104, 1, 0, 0
26000, 84856, 1, 0, 0
26500, 83640, 1, 0, 0
27000, 85276, 1, 0, 0
27500, 83236, 1, 0, 0
28000, 85284, 1, 0, 0
28500, 83556, 1, 0, 0
29000, 84841, 1, 0, 0
29500, 84252, 1, 0, 0
30000, 84230, 1, 0, 0
30500, 84638, 1, 0, 0
31000, 83864, 1, 0, 0
31500, 124844, 1, 0, 0
32000, 85600, 1, 0, 0
32500, 83328, 1, 0, 0
33000, 83320, 1, 0, 0
33500, 83304, 1, 0, 0
34000, 62728, 1, 0, 0
34500, 56304, 1, 0, 0
35000, 57252, 1, 0, 0
35500, 57074, 1, 0, 0
36000, 55116, 1, 0, 0
36500, 56770, 1, 0, 0
37000, 56320, 1, 0, 0
37500, 57344, 1, 0, 0
38000, 56252, 1, 0, 0
38500, 55480, 1, 0, 0
39000, 56864, 1, 0, 0
39500, 56684, 1, 0, 0
40000, 57344, 1, 0, 0
40500, 55396, 1, 0, 0
41000, 56260, 1, 0, 0
41500, 56280, 1, 0, 0
42000, 57344, 1, 0, 0
42500, 56808, 1, 0, 0
43000, 55120, 1, 0, 0
43500, 65660, 1, 0, 0
44000, 72024, 1, 0, 0
44500, 86900, 1, 0, 0
45000, 86000, 1, 0, 0
45500, 85984, 1, 0, 0
46000, 86160, 1, 0, 0
46500, 86016, 1, 0, 0
47000, 86016, 1, 0, 0
47500, 86016, 1, 0, 0
48000, 86016, 1, 0, 0
48500, 86016, 1, 0, 0
49000, 86016, 1, 0, 0
49500, 86016, 1, 0, 0
50000, 86016, 1, 0, 0
50500, 86016, 1, 0, 0
51000, 86016, 1, 0, 0
51500, 86016, 1, 0, 0
52000, 86016, 1, 0, 0
52500, 86016, 1, 0, 0
53000, 86016, 1, 0, 0
53500, 86016, 1, 0, 0
54000, 86016, 1, 0, 0
54500, 86016, 1, 0, 0
55000, 86016, 1, 0, 0
55500, 86008, 1, 0, 0
56000, 86016, 1, 0, 0
56500, 86000, 1, 0, 0
57000, 85988, 1, 0, 0
57500, 85992, 1, 0, 0
58000, 85992, 1, 0, 0
58500, 85980, 1, 0, 0
59000, 85996, 1, 0, 0
59500, 85992, 1, 0, 0
