[85587.851072] KSC2026-MARK map16k_bs4k_r3 insmod 1791461350533736812
[85587.863754] NVMeVirt: Version 1.10 for >> Samsung 970 Pro SSD <<
[85587.863763] NVMeVirt: Storage: 0x300100000-0x600000000 (12287 MiB)
[85587.874116] NVMeVirt: Total Capacity(GiB,MiB)=3,3072 chs=2 luns=4 lines=384 blk-size(MiB,KiB)=2,2048 line-size(MiB,KiB)=8,8192
[85587.874121] NVMeVirt: KSC2026: mapping unit=16384 B, flash page=32768 B, oneshot page=32768 B, pgs_per_blk=128, blks_per_pl=384, write buffer=1048576 B
[85587.879563] NVMeVirt: [chmodel_init] bandwidth 800 max_credits 26 tx_time 152
[85587.882940] NVMeVirt: [chmodel_init] bandwidth 800 max_credits 26 tx_time 152
[85587.882951] NVMeVirt: [chmodel_init] bandwidth 3360 max_credits 110 tx_time 36
[85587.883280] NVMeVirt: pqueue: Copyright (c) 2014, Volkan Yazıcı <volkan.yazici@gmail.com>. All rights reserved.
[85587.883281] NVMeVirt: Init FTL instance with 2 channels (196608 pages)
[85587.886408] NVMeVirt: [chmodel_init] bandwidth 800 max_credits 26 tx_time 152
[85587.889515] NVMeVirt: [chmodel_init] bandwidth 800 max_credits 26 tx_time 152
[85587.889525] NVMeVirt: [chmodel_init] bandwidth 3360 max_credits 110 tx_time 36
[85587.889864] NVMeVirt: Init FTL instance with 2 channels (196608 pages)
[85587.892948] NVMeVirt: [chmodel_init] bandwidth 800 max_credits 26 tx_time 152
[85587.896037] NVMeVirt: [chmodel_init] bandwidth 800 max_credits 26 tx_time 152
[85587.896048] NVMeVirt: [chmodel_init] bandwidth 3360 max_credits 110 tx_time 36
[85587.896379] NVMeVirt: Init FTL instance with 2 channels (196608 pages)
[85587.899463] NVMeVirt: [chmodel_init] bandwidth 800 max_credits 26 tx_time 152
[85587.902520] NVMeVirt: [chmodel_init] bandwidth 800 max_credits 26 tx_time 152
[85587.902530] NVMeVirt: [chmodel_init] bandwidth 3360 max_credits 110 tx_time 36
[85587.902883] NVMeVirt: Init FTL instance with 2 channels (196608 pages)
[85587.902886] NVMeVirt: FTL physical space: 12883853312, logical space: 12040984403 (physical/logical * 100 = 107)
[85587.902887] NVMeVirt: KSC2026: WBUF_FIX=1 GC_STATS=1
[85587.902888] NVMeVirt: ns 0/1: size 11483 MiB
[85587.902917] PCI host bridge to bus 0001:10
[85587.902919] pci_bus 0001:10: root bus resource [io  0x0000-0xffff]
[85587.902921] pci_bus 0001:10: root bus resource [mem 0x00000000-0x3fffffffffff]
[85587.902922] pci_bus 0001:10: root bus resource [bus 00-ff]
[85587.902927] pci 0001:10:00.0: [0c51:0110] type 00 class 0x010802 PCIe Endpoint
[85587.902929] pci 0001:10:00.0: BAR 0 [mem 0x300000000-0x300003fff 64bit]
[85587.902931] pci 0001:10:00.0: enabling Extended Tags
[85587.903029] NVMeVirt: Virtual PCI bus created (node 0)
[85587.903249] NVMeVirt: nvmev_io_worker_0 started on cpu 4 (node 0)
[85587.903419] NVMeVirt: nvmev_io_worker_1 started on cpu 5 (node 0)
[85587.903431] NVMeVirt: nvmev_dispatcher started on cpu 3 (node 0)
[85587.904120] nvme nvme1: pci function 0001:10:00.0
[85587.905875] nvme nvme1: 1/0/0 default/read/poll queues
[85587.908772] NVMeVirt: Virtual NVMe device created
[85593.945285] KSC2026-MARK map16k_bs4k_r3 fio-start 1791461356640557164
[85599.637495] NVMeVirt: KSC2026: first GC part=0 victim line=0 vpc=128 ipc=384 free_lines=2 host_pgs=194560
[85599.637514] NVMeVirt: KSC2026: first GC part=1 victim line=0 vpc=128 ipc=384 free_lines=2 host_pgs=194560
[85599.637530] NVMeVirt: KSC2026: first GC part=2 victim line=0 vpc=128 ipc=384 free_lines=2 host_pgs=194560
[85599.637546] NVMeVirt: KSC2026: first GC part=3 victim line=0 vpc=128 ipc=384 free_lines=2 host_pgs=194560
[85654.977750] KSC2026-MARK map16k_bs4k_r3 fio-end
[85654.982635] KSC2026-MARK map16k_bs4k_r3 rmmod 1791461417680324921
[85655.036139] pci_bus 0001:10: busn_res: [bus 10-ff] is released
[85655.036167] NVMeVirt: KSC2026: stats part=0 host_pgs=1287164 gc_pgs=451379 gc_cnt=3014 free_lines=2
[85655.036168] NVMeVirt: KSC2026: stats part=1 host_pgs=1287161 gc_pgs=451379 gc_cnt=3014 free_lines=2
[85655.036169] NVMeVirt: KSC2026: stats part=2 host_pgs=1287160 gc_pgs=451379 gc_cnt=3014 free_lines=2
[85655.036170] NVMeVirt: KSC2026: stats part=3 host_pgs=1287157 gc_pgs=452431 gc_cnt=3016 free_lines=2
[85655.063781] NVMeVirt: Virtual NVMe device closed
