500, 222433, 1, 0, 0
1000, 222571, 1, 0, 0
1500, 222566, 1, 0, 0
2000, 222571, 1, 0, 0
2500, 222571, 1, 0, 0
3000, 222566, 1, 0, 0
3500, 222578, 1, 0, 0
4000, 222569, 1, 0, 0
4500, 222571, 1, 0, 0
5000, 222565, 1, 0, 0
5500, 222931, 1, 0, 0
6000, 222497, 1, 0, 0
6500, 222497, 1, 0, 0
7000, 222504, 1, 0, 0
7500, 222508, 1, 0, 0
8000, 222504, 1, 0, 0
8500, 222505, 1, 0, 0
9000, 222497, 1, 0, 0
9500, 222501, 1, 0, 0
10000, 222509, 1, 0, 0
10500, 223079, 1, 0, 0
11000, 222468, 1, 0, 0
11500, 222476, 1, 0, 0
12000, 222481, 1, 0, 0
12500, 222475, 1, 0, 0
13000, 222469, 1, 0, 0
13500, 222467, 1, 0, 0
14000, 222469, 1, 0, 0
14500, 222472, 1, 0, 0
15000, 222469, 1, 0, 0
15500, 223326, 1, 0, 0
16000, 222487, 1, 0, 0
16500, 222506, 1, 0, 0
17000, 222512, 1, 0, 0
17500, 222509, 1, 0, 0
18000, 222507, 1, 0, 0
18500, 222497, 1, 0, 0
19000, 222493, 1, 0, 0
19500, 222498, 1, 0, 0
20000, 222492, 1, 0, 0
20500, 222498, 1, 0, 0
21000, 223137, 1, 0, 0
21500, 222491, 1, 0, 0
22000, 222492, 1, 0, 0
22500, 222494, 1, 0, 0
23000, 222487, 1, 0, 0
23500, 222491, 1, 0, 0
24000, 222495, 1, 0, 0
24500, 222499, 1, 0, 0
25000, 222489, 1, 0, 0
25500, 222489, 1, 0, 0
26000, 223253, 1, 0, 0
26500, 222486, 1, 0, 0
27000, 222491, 1, 0, 0
27500, 222498, 1, 0, 0
28000, 222494, 1, 0, 0
28500, 222489, 1, 0, 0
29000, 222488, 1, 0, 0
29500, 222493, 1, 0, 0
30000, 222492, 1, 0, 0
30500, 222495, 1, 0, 0
31000, 223281, 1, 0, 0
31500, 222499, 1, 0, 0
32000, 222502, 1, 0, 0
32500, 222502, 1, 0, 0
33000, 222508, 1, 0, 0
33500, 222506, 1, 0, 0
34000, 222507, 1, 0, 0
34500, 222512, 1, 0, 0
35000, 222508, 1, 0, 0
35500, 222506, 1, 0, 0
36000, 222507, 1, 0, 0
36500, 223155, 1, 0, 0
37000, 222454, 1, 0, 0
37500, 222462, 1, 0, 0
38000, 222457, 1, 0, 0
38500, 222465, 1, 0, 0
39000, 222465, 1, 0, 0
39500, 222467, 1, 0, 0
40000, 222465, 1, 0, 0
40500, 222459, 1, 0, 0
41000, 222462, 1, 0, 0
41500, 223328, 1, 0, 0
42000, 222467, 1, 0, 0
42500, 222468, 1, 0, 0
43000, 222462, 1, 0, 0
43500, 222478, 1, 0, 0
44000, 222476, 1, 0, 0
44500, 222474, 1, 0, 0
45000, 222470, 1, 0, 0
45500, 222466, 1, 0, 0
46000, 222477, 1, 0, 0
46500, 223125, 1, 0, 0
47000, 222464, 1, 0, 0
47500, 222465, 1, 0, 0
48000, 222477, 1, 0, 0
48500, 222480, 1, 0, 0
49000, 222487, 1, 0, 0
49500, 222479, 1, 0, 0
50000, 222472, 1, 0, 0
50500, 222478, 1, 0, 0
51000, 222472, 1, 0, 0
51500, 223440, 1, 0, 0
52000, 222454, 1, 0, 0
52500, 222499, 1, 0, 0
53000, 222499, 1, 0, 0
53500, 222508, 1, 0, 0
54000, 222508, 1, 0, 0
54500, 222505, 1, 0, 0
55000, 222510, 1, 0, 0
55500, 222495, 1, 0, 0
56000, 222501, 1, 0, 0
56500, 222503, 1, 0, 0
57000, 223204, 1, 0, 0
57500, 222484, 1, 0, 0
58000, 222488, 1, 0, 0
58500, 222484, 1, 0, 0
59000, 222490, 1, 0, 0
59500, 222490, 1, 0, 0
60000, 222486, 1, 0, 0
60000, 290250, 1, 0, 0
