500, 894411, 1, 0, 0
1000, 895435, 1, 0, 0
1500, 895435, 1, 0, 0
2000, 895432, 1, 0, 0
2500, 895431, 1, 0, 0
3000, 895430, 1, 0, 0
3500, 895431, 1, 0, 0
4000, 895432, 1, 0, 0
4500, 895426, 1, 0, 0
5000, 895424, 1, 0, 0
5515, 967769, 1, 0, 0
6008, 13845803, 1, 0, 0
6500, 14348679, 1, 0, 0
7008, 13447659, 1, 0, 0
7500, 13250789, 1, 0, 0
8012, 12549229, 1, 0, 0
8502, 11835174, 1, 0, 0
9010, 11071200, 1, 0, 0
9500, 10679184, 1, 0, 0
10006, 9995595, 1, 0, 0
10513, 9602574, 1, 0, 0
11001, 9013935, 1, 0, 0
11506, 8623502, 1, 0, 0
12012, 8546475, 1, 0, 0
12500, 8570335, 1, 0, 0
13006, 9437220, 1, 0, 0
13512, 9553549, 1, 0, 0
14000, 9576375, 1, 0, 0
14504, 9088868, 1, 0, 0
15008, 9003006, 1, 0, 0
15516, 8960011, 1, 0, 0
16003, 8755574, 1, 0, 0
16508, 8553131, 1, 0, 0
17014, 8466453, 1, 0, 0
17500, 8484997, 1, 0, 0
18005, 8275710, 1, 0, 0
18510, 8151323, 1, 0, 0
19014, 7953917, 1, 0, 0
19500, 7927717, 1, 0, 0
20002, 7520104, 1, 0, 0
20507, 7516225, 1, 0, 0
21010, 7486929, 1, 0, 0
21513, 7507361, 1, 0, 0
22000, 7478609, 1, 0, 0
22504, 7216805, 1, 0, 0
23006, 7093302, 1, 0, 0
23509, 7025116, 1, 0, 0
24011, 6822500, 1, 0, 0
24513, 6744626, 1, 0, 0
25014, 6507314, 1, 0, 0
25513, 6432273, 1, 0, 0
26015, 6504275, 1, 0, 0
26500, 6306375, 1, 0, 0
27000, 6122098, 1, 0, 0
27515, 5884741, 1, 0, 0
28012, 5661358, 1, 0, 0
28511, 5565436, 1, 0, 0
29009, 5407194, 1, 0, 0
29506, 5226945, 1, 0, 0
30002, 5113427, 1, 0, 0
30500, 5071069, 1, 0, 0
31011, 4705925, 1, 0, 0
31505, 4611342, 1, 0, 0
32000, 4358215, 1, 0, 0
32505, 4129702, 1, 0, 0
33012, 3959714, 1, 0, 0
33500, 3790140, 1, 0, 0
34003, 3479083, 1, 0, 0
34504, 3216893, 1, 0, 0
35000, 2978638, 1, 0, 0
35506, 2590278, 1, 0, 0
36005, 2242257, 1, 0, 0
36502, 1801581, 1, 0, 0
37000, 1135719, 1, 0, 0
37500, 1937466, 1, 0, 0
38010, 14385692, 1, 0, 0
38500, 13940263, 1, 0, 0
39011, 13244937, 1, 0, 0
39500, 12685713, 1, 0, 0
40011, 12138393, 1, 0, 0
40500, 11468365, 1, 0, 0
41009, 10927099, 1, 0, 0
41516, 10288300, 1, 0, 0
42003, 9853454, 1, 0, 0
42510, 9309572, 1, 0, 0
43000, 9108243, 1, 0, 0
43503, 8671833, 1, 0, 0
44008, 8565781, 1, 0, 0
44516, 9049295, 1, 0, 0
45003, 9556607, 1, 0, 0
45510, 9648228, 1, 0, 0
46000, 9414325, 1, 0, 0
46502, 9131528, 1, 0, 0
47007, 8778331, 1, 0, 0
47512, 8777645, 1, 0, 0
48000, 8608665, 1, 0, 0
48504, 8380794, 1, 0, 0
49008, 8221796, 1, 0, 0
49513, 8238179, 1, 0, 0
50000, 8234892, 1, 0, 0
50501, 7956898, 1, 0, 0
51005, 7938516, 1, 0, 0
51510, 7866855, 1, 0, 0
52014, 7770376, 1, 0, 0
52500, 7690420, 1, 0, 0
53002, 7521381, 1, 0, 0
53504, 7486737, 1, 0, 0
54007, 7238416, 1, 0, 0
54510, 7145677, 1, 0, 0
55013, 7044860, 1, 0, 0
55515, 6966588, 1, 0, 0
56000, 6870048, 1, 0, 0
56500, 6721389, 1, 0, 0
57000, 6494979, 1, 0, 0
57500, 6417148, 1, 0, 0
58000, 6305387, 1, 0, 0
58501, 6249590, 1, 0, 0
59000, 6015791, 1, 0, 0
59500, 5939040, 1, 0, 0
60000, 5687352, 1, 0, 0
60016, 17448118, 1, 0, 0
