500, 891852, 1, 0, 0
1000, 892878, 1, 0, 0
1500, 892885, 1, 0, 0
2000, 892881, 1, 0, 0
2500, 892879, 1, 0, 0
3000, 892880, 1, 0, 0
3500, 892872, 1, 0, 0
4000, 892879, 1, 0, 0
4500, 892876, 1, 0, 0
5000, 892873, 1, 0, 0
5515, 965212, 1, 0, 0
6008, 13843199, 1, 0, 0
6500, 14346059, 1, 0, 0
7008, 13445016, 1, 0, 0
7500, 13248169, 1, 0, 0
8012, 12546604, 1, 0, 0
8502, 11832573, 1, 0, 0
9010, 11068593, 1, 0, 0
9500, 10676579, 1, 0, 0
10006, 9992992, 1, 0, 0
10513, 9599980, 1, 0, 0
11001, 9011345, 1, 0, 0
11506, 8620914, 1, 0, 0
12012, 8543843, 1, 0, 0
12500, 8567728, 1, 0, 0
13006, 9434643, 1, 0, 0
13512, 9550942, 1, 0, 0
14000, 9573741, 1, 0, 0
14504, 9086273, 1, 0, 0
15008, 9000391, 1, 0, 0
15516, 8957397, 1, 0, 0
16003, 8752980, 1, 0, 0
16508, 8550539, 1, 0, 0
17014, 8463875, 1, 0, 0
17500, 8482408, 1, 0, 0
18005, 8273125, 1, 0, 0
18510, 8148733, 1, 0, 0
19014, 7951337, 1, 0, 0
19500, 7925138, 1, 0, 0
20002, 7517509, 1, 0, 0
20507, 7513630, 1, 0, 0
21010, 7484330, 1, 0, 0
21513, 7504787, 1, 0, 0
22000, 7476031, 1, 0, 0
22504, 7214231, 1, 0, 0
23006, 7090739, 1, 0, 0
23509, 7022512, 1, 0, 0
24011, 6819893, 1, 0, 0
24513, 6742024, 1, 0, 0
25014, 6504730, 1, 0, 0
25513, 6429683, 1, 0, 0
26015, 6501693, 1, 0, 0
26500, 6303768, 1, 0, 0
27000, 6119514, 1, 0, 0
27515, 5882153, 1, 0, 0
28012, 5658777, 1, 0, 0
28511, 5562850, 1, 0, 0
29009, 5404607, 1, 0, 0
29506, 5224345, 1, 0, 0
30002, 5110815, 1, 0, 0
30500, 5068485, 1, 0, 0
31011, 4703330, 1, 0, 0
31505, 4608751, 1, 0, 0
32000, 4355623, 1, 0, 0
32505, 4127125, 1, 0, 0
33012, 3957124, 1, 0, 0
33500, 3787539, 1, 0, 0
34003, 3476501, 1, 0, 0
34504, 3214314, 1, 0, 0
35000, 2976068, 1, 0, 0
35506, 2587696, 1, 0, 0
36005, 2239670, 1, 0, 0
36502, 1799002, 1, 0, 0
37000, 1133157, 1, 0, 0
37500, 1934912, 1, 0, 0
38010, 14383088, 1, 0, 0
38500, 13937680, 1, 0, 0
39011, 13242337, 1, 0, 0
39500, 12683112, 1, 0, 0
40011, 12135790, 1, 0, 0
40500, 11465748, 1, 0, 0
41009, 10924487, 1, 0, 0
41516, 10285723, 1, 0, 0
42003, 9850845, 1, 0, 0
42510, 9306985, 1, 0, 0
43000, 9105657, 1, 0, 0
43503, 8669250, 1, 0, 0
44008, 8563161, 1, 0, 0
44516, 9046705, 1, 0, 0
45003, 9553999, 1, 0, 0
45510, 9645647, 1, 0, 0
46000, 9411753, 1, 0, 0
46502, 9128964, 1, 0, 0
47007, 8775734, 1, 0, 0
47512, 8775058, 1, 0, 0
48000, 8606078, 1, 0, 0
48504, 8378208, 1, 0, 0
49008, 8219199, 1, 0, 0
49513, 8235604, 1, 0, 0
50000, 8232324, 1, 0, 0
50501, 7954299, 1, 0, 0
51005, 7935925, 1, 0, 0
51510, 7864228, 1, 0, 0
52014, 7767764, 1, 0, 0
52500, 7687808, 1, 0, 0
53002, 7518763, 1, 0, 0
53504, 7484139, 1, 0, 0
54007, 7235815, 1, 0, 0
54510, 7143063, 1, 0, 0
55013, 7042244, 1, 0, 0
55515, 6963983, 1, 0, 0
56000, 6867430, 1, 0, 0
56500, 6718775, 1, 0, 0
57000, 6492367, 1, 0, 0
57500, 6414546, 1, 0, 0
58000, 6302766, 1, 0, 0
58501, 6246985, 1, 0, 0
59000, 6013176, 1, 0, 0
59500, 5936438, 1, 0, 0
60000, 5684777, 1, 0, 0
60016, 17445571, 1, 0, 0
