500, 2290688, 1, 0, 0
1000, 2286848, 1, 0, 0
1500, 2286720, 1, 0, 0
2000, 2286848, 1, 0, 0
2501, 2286720, 1, 0, 0
3000, 2286685, 1, 0, 0
3500, 2286720, 1, 0, 0
4000, 2286976, 1, 0, 0
4500, 2286720, 1, 0, 0
5000, 2286592, 1, 0, 0
5500, 2110720, 1, 0, 0
6000, 145408, 1, 0, 0
6500, 145536, 1, 0, 0
7000, 149632, 1, 0, 0
7500, 152704, 1, 0, 0
8000, 166528, 1, 0, 0
8500, 169472, 1, 0, 0
9000, 187904, 1, 0, 0
9500, 196224, 1, 0, 0
10000, 198784, 1, 0, 0
10500, 216576, 1, 0, 0
11000, 221440, 1, 0, 0
11500, 239872, 1, 0, 0
12000, 242688, 1, 0, 0
12500, 235264, 1, 0, 0
13000, 217344, 1, 0, 0
13500, 217088, 1, 0, 0
14000, 219392, 1, 0, 0
14500, 216064, 1, 0, 0
15000, 229835, 1, 0, 0
15500, 231936, 1, 0, 0
16000, 228096, 1, 0, 0
16500, 241920, 1, 0, 0
17000, 244480, 1, 0, 0
17500, 235392, 1, 0, 0
18000, 249216, 1, 0, 0
18500, 253952, 1, 0, 0
19000, 259584, 1, 0, 0
19500, 260352, 1, 0, 0
20000, 263936, 1, 0, 0
20500, 274688, 1, 0, 0
21000, 275456, 1, 0, 0
21500, 274688, 1, 0, 0
22000, 268160, 1, 0, 0
22500, 284032, 1, 0, 0
23000, 290304, 1, 0, 0
23500, 293120, 1, 0, 0
24000, 301568, 1, 0, 0
24500, 304896, 1, 0, 0
25000, 315392, 1, 0, 0
25500, 317952, 1, 0, 0
26000, 316160, 1, 0, 0
26500, 327168, 1, 0, 0
27000, 333056, 1, 0, 0
27500, 347136, 1, 0, 0
28000, 359936, 1, 0, 0
28500, 368096, 1, 0, 0
29000, 377088, 1, 0, 0
29500, 389120, 1, 0, 0
30000, 397568, 1, 0, 0
30500, 414592, 1, 0, 0
31000, 431744, 1, 0, 0
31500, 438784, 1, 0, 0
32000, 479104, 1, 0, 0
32500, 486528, 1, 0, 0
33000, 524544, 1, 0, 0
33500, 528000, 1, 0, 0
34000, 592768, 1, 0, 0
34500, 638464, 1, 0, 0
35000, 700544, 1, 0, 0
35500, 781696, 1, 0, 0
36000, 913920, 1, 0, 0
36500, 1136384, 1, 0, 0
37000, 1820288, 1, 0, 0
37500, 1054080, 1, 0, 0
38000, 140288, 1, 0, 0
38500, 144768, 1, 0, 0
39000, 157056, 1, 0, 0
39500, 158464, 1, 0, 0
40000, 172032, 1, 0, 0
40500, 176896, 1, 0, 0
41000, 188416, 1, 0, 0
41500, 201984, 1, 0, 0
42000, 202752, 1, 0, 0
42500, 222976, 1, 0, 0
43000, 229888, 1, 0, 0
43500, 228040, 1, 0, 0
44000, 241664, 1, 0, 0
44500, 229632, 1, 0, 0
45000, 208896, 1, 0, 0
45500, 215296, 1, 0, 0
46000, 220160, 1, 0, 0
46500, 218112, 1, 0, 0
47000, 235520, 1, 0, 0
47500, 235776, 1, 0, 0
48000, 240896, 1, 0, 0
48500, 237056, 1, 0, 0
49000, 251392, 1, 0, 0
49500, 251136, 1, 0, 0
50000, 252032, 1, 0, 0
50500, 247680, 1, 0, 0
51000, 260352, 1, 0, 0
51500, 262656, 1, 0, 0
52000, 265728, 1, 0, 0
52500, 265472, 1, 0, 0
53000, 266496, 1, 0, 0
53500, 274688, 1, 0, 0
54000, 284672, 1, 0, 0
54500, 288512, 1, 0, 0
55000, 292096, 1, 0, 0
55500, 295680, 1, 0, 0
56000, 299520, 1, 0, 0
56500, 297472, 1, 0, 0
57000, 313216, 1, 0, 0
57500, 318460, 1, 0, 0
58000, 324864, 1, 0, 0
58500, 327936, 1, 0, 0
59000, 339968, 1, 0, 0
59500, 356480, 1, 0, 0
60000, 359168, 1, 0, 0
