500, 2559, 1, 0, 0
1000, 2557, 1, 0, 0
1500, 2550, 1, 0, 0
2000, 2551, 1, 0, 0
2500, 2552, 1, 0, 0
3000, 2550, 1, 0, 0
3500, 2559, 1, 0, 0
4000, 2553, 1, 0, 0
4500, 2550, 1, 0, 0
5000, 2551, 1, 0, 0
5515, 2557, 1, 0, 0
6008, 2605, 1, 0, 0
6500, 2624, 1, 0, 0
7008, 2642, 1, 0, 0
7500, 2620, 1, 0, 0
8012, 2623, 1, 0, 0
8502, 2605, 1, 0, 0
9010, 2606, 1, 0, 0
9500, 2606, 1, 0, 0
10006, 2601, 1, 0, 0
10513, 2595, 1, 0, 0
11001, 2588, 1, 0, 0
11506, 2589, 1, 0, 0
12012, 2632, 1, 0, 0
12500, 2607, 1, 0, 0
13006, 2577, 1, 0, 0
13512, 2611, 1, 0, 0
14000, 2633, 1, 0, 0
14504, 2592, 1, 0, 0
15008, 2616, 1, 0, 0
15516, 2613, 1, 0, 0
16003, 2593, 1, 0, 0
16508, 2593, 1, 0, 0
17014, 2579, 1, 0, 0
17500, 2587, 1, 0, 0
18005, 2586, 1, 0, 0
18510, 2590, 1, 0, 0
19014, 2580, 1, 0, 0
19500, 2582, 1, 0, 0
20002, 2593, 1, 0, 0
20507, 2595, 1, 0, 0
21010, 2598, 1, 0, 0
21513, 2575, 1, 0, 0
22000, 2578, 1, 0, 0
22504, 2573, 1, 0, 0
23006, 2564, 1, 0, 0
23509, 2605, 1, 0, 0
24011, 2608, 1, 0, 0
24513, 2599, 1, 0, 0
25014, 2587, 1, 0, 0
25513, 2588, 1, 0, 0
26015, 2582, 1, 0, 0
26500, 2607, 1, 0, 0
27000, 2584, 1, 0, 0
27515, 2588, 1, 0, 0
28012, 2579, 1, 0, 0
28511, 2587, 1, 0, 0
29009, 2586, 1, 0, 0
29506, 2602, 1, 0, 0
30002, 2611, 1, 0, 0
30500, 2584, 1, 0, 0
31011, 2594, 1, 0, 0
31505, 2592, 1, 0, 0
32000, 2592, 1, 0, 0
32505, 2576, 1, 0, 0
33012, 2589, 1, 0, 0
33500, 2602, 1, 0, 0
34003, 2582, 1, 0, 0
34504, 2578, 1, 0, 0
35000, 2569, 1, 0, 0
35506, 2582, 1, 0, 0
36005, 2587, 1, 0, 0
36502, 2579, 1, 0, 0
37000, 2562, 1, 0, 0
37500, 2554, 1, 0, 0
38010, 2617, 1, 0, 0
38500, 2571, 1, 0, 0
39011, 2597, 1, 0, 0
39500, 2602, 1, 0, 0
40011, 2605, 1, 0, 0
40500, 2615, 1, 0, 0
41009, 2614, 1, 0, 0
41516, 2575, 1, 0, 0
42003, 2609, 1, 0, 0
42510, 2588, 1, 0, 0
43000, 2586, 1, 0, 0
43503, 2586, 1, 0, 0
44008, 2618, 1, 0, 0
44516, 2589, 1, 0, 0
45003, 2610, 1, 0, 0
45510, 2581, 1, 0, 0
46000, 2571, 1, 0, 0
46502, 2563, 1, 0, 0
47007, 2597, 1, 0, 0
47512, 2587, 1, 0, 0
48000, 2587, 1, 0, 0
48504, 2588, 1, 0, 0
49008, 2596, 1, 0, 0
49513, 2579, 1, 0, 0
50000, 2565, 1, 0, 0
50501, 2598, 1, 0, 0
51005, 2593, 1, 0, 0
51510, 2626, 1, 0, 0
52014, 2613, 1, 0, 0
52500, 2609, 1, 0, 0
53002, 2618, 1, 0, 0
53504, 2600, 1, 0, 0
54007, 2600, 1, 0, 0
54510, 2615, 1, 0, 0
55013, 2616, 1, 0, 0
55515, 2605, 1, 0, 0
56000, 2617, 1, 0, 0
56500, 2616, 1, 0, 0
57000, 2611, 1, 0, 0
57500, 2602, 1, 0, 0
58000, 2623, 1, 0, 0
58501, 2604, 1, 0, 0
59000, 2614, 1, 0, 0
59500, 2602, 1, 0, 0
60016, 2572, 1, 0, 0
