500, 35792, 1, 0, 0
1000, 35732, 1, 0, 0
1500, 35730, 1, 0, 0
2000, 35732, 1, 0, 0
2501, 35730, 1, 0, 0
3000, 35729, 1, 0, 0
3500, 35730, 1, 0, 0
4000, 35734, 1, 0, 0
4500, 35730, 1, 0, 0
5000, 35728, 1, 0, 0
5500, 32980, 1, 0, 0
6000, 2272, 1, 0, 0
6500, 2274, 1, 0, 0
7000, 2338, 1, 0, 0
7500, 2386, 1, 0, 0
8000, 2602, 1, 0, 0
8500, 2648, 1, 0, 0
9000, 2936, 1, 0, 0
9500, 3066, 1, 0, 0
10000, 3106, 1, 0, 0
10500, 3384, 1, 0, 0
11000, 3460, 1, 0, 0
11500, 3748, 1, 0, 0
12000, 3792, 1, 0, 0
12500, 3676, 1, 0, 0
13000, 3396, 1, 0, 0
13500, 3392, 1, 0, 0
14000, 3428, 1, 0, 0
14500, 3376, 1, 0, 0
15000, 3591, 1, 0, 0
15500, 3624, 1, 0, 0
16000, 3564, 1, 0, 0
16500, 3780, 1, 0, 0
17000, 3820, 1, 0, 0
17500, 3678, 1, 0, 0
18000, 3894, 1, 0, 0
18500, 3968, 1, 0, 0
19000, 4056, 1, 0, 0
19500, 4068, 1, 0, 0
20000, 4124, 1, 0, 0
20500, 4292, 1, 0, 0
21000, 4304, 1, 0, 0
21500, 4292, 1, 0, 0
22000, 4190, 1, 0, 0
22500, 4438, 1, 0, 0
23000, 4536, 1, 0, 0
23500, 4580, 1, 0, 0
24000, 4712, 1, 0, 0
24500, 4764, 1, 0, 0
25000, 4928, 1, 0, 0
25500, 4968, 1, 0, 0
26000, 4940, 1, 0, 0
26500, 5112, 1, 0, 0
27000, 5204, 1, 0, 0
27500, 5424, 1, 0, 0
28000, 5624, 1, 0, 0
28500, 5751, 1, 0, 0
29000, 5892, 1, 0, 0
29500, 6080, 1, 0, 0
30000, 6212, 1, 0, 0
30500, 6478, 1, 0, 0
31000, 6746, 1, 0, 0
31500, 6856, 1, 0, 0
32000, 7486, 1, 0, 0
32500, 7602, 1, 0, 0
33000, 8196, 1, 0, 0
33500, 8250, 1, 0, 0
34000, 9262, 1, 0, 0
34500, 9976, 1, 0, 0
35000, 10946, 1, 0, 0
35500, 12214, 1, 0, 0
36000, 14280, 1, 0, 0
36500, 17756, 1, 0, 0
37000, 28442, 1, 0, 0
37500, 16468, 1, 0, 0
38000, 2192, 1, 0, 0
38500, 2262, 1, 0, 0
39000, 2454, 1, 0, 0
39500, 2476, 1, 0, 0
40000, 2688, 1, 0, 0
40500, 2764, 1, 0, 0
41000, 2944, 1, 0, 0
41500, 3156, 1, 0, 0
42000, 3168, 1, 0, 0
42500, 3484, 1, 0, 0
43000, 3592, 1, 0, 0
43500, 3563, 1, 0, 0
44000, 3776, 1, 0, 0
44500, 3588, 1, 0, 0
45000, 3264, 1, 0, 0
45500, 3364, 1, 0, 0
46000, 3440, 1, 0, 0
46500, 3408, 1, 0, 0
47000, 3680, 1, 0, 0
47500, 3684, 1, 0, 0
48000, 3764, 1, 0, 0
48500, 3704, 1, 0, 0
49000, 3928, 1, 0, 0
49500, 3924, 1, 0, 0
50000, 3938, 1, 0, 0
50500, 3870, 1, 0, 0
51000, 4068, 1, 0, 0
51500, 4104, 1, 0, 0
52000, 4152, 1, 0, 0
52500, 4148, 1, 0, 0
53000, 4164, 1, 0, 0
53500, 4292, 1, 0, 0
54000, 4448, 1, 0, 0
54500, 4508, 1, 0, 0
55000, 4564, 1, 0, 0
55500, 4620, 1, 0, 0
56000, 4680, 1, 0, 0
56500, 4648, 1, 0, 0
57000, 4894, 1, 0, 0
57500, 4975, 1, 0, 0
58000, 5076, 1, 0, 0
58500, 5124, 1, 0, 0
59000, 5312, 1, 0, 0
59500, 5570, 1, 0, 0
60000, 5612, 1, 0, 0
