[90261.501623] KSC2026-MARK map4k_bs64k_r3 insmod 1791466024256434769
[90261.521989] NVMeVirt: Version 1.10 for >> Samsung 970 Pro SSD <<
[90261.522006] NVMeVirt: Storage: 0x300100000-0x600000000 (12287 MiB)
[90261.535414] NVMeVirt: Total Capacity(GiB,MiB)=3,3072 chs=2 luns=4 lines=384 blk-size(MiB,KiB)=2,2048 line-size(MiB,KiB)=8,8192
[90261.535419] NVMeVirt: KSC2026: mapping unit=4096 B, flash page=32768 B, oneshot page=32768 B, pgs_per_blk=512, blks_per_pl=384, write buffer=1048576 B
[90261.544242] NVMeVirt: [chmodel_init] bandwidth 800 max_credits 26 tx_time 152
[90261.551073] NVMeVirt: [chmodel_init] bandwidth 800 max_credits 26 tx_time 152
[90261.551085] NVMeVirt: [chmodel_init] bandwidth 3360 max_credits 110 tx_time 36
[90261.552489] NVMeVirt: pqueue: Copyright (c) 2014, Volkan Yazıcı <volkan.yazici@gmail.com>. All rights reserved.
[90261.552491] NVMeVirt: Init FTL instance with 2 channels (786432 pages)
[90261.559293] NVMeVirt: [chmodel_init] bandwidth 800 max_credits 26 tx_time 152
[90261.566157] NVMeVirt: [chmodel_init] bandwidth 800 max_credits 26 tx_time 152
[90261.566169] NVMeVirt: [chmodel_init] bandwidth 3360 max_credits 110 tx_time 36
[90261.567557] NVMeVirt: Init FTL instance with 2 channels (786432 pages)
[90261.574352] NVMeVirt: [chmodel_init] bandwidth 800 max_credits 26 tx_time 152
[90261.581116] NVMeVirt: [chmodel_init] bandwidth 800 max_credits 26 tx_time 152
[90261.581127] NVMeVirt: [chmodel_init] bandwidth 3360 max_credits 110 tx_time 36
[90261.582548] NVMeVirt: Init FTL instance with 2 channels (786432 pages)
[90261.589323] NVMeVirt: [chmodel_init] bandwidth 800 max_credits 26 tx_time 152
[90261.596092] NVMeVirt: [chmodel_init] bandwidth 800 max_credits 26 tx_time 152
[90261.596103] NVMeVirt: [chmodel_init] bandwidth 3360 max_credits 110 tx_time 36
[90261.597498] NVMeVirt: Init FTL instance with 2 channels (786432 pages)
[90261.597502] NVMeVirt: FTL physical space: 12883853312, logical space: 12040984403 (physical/logical * 100 = 107)
[90261.597503] NVMeVirt: KSC2026: WBUF_FIX=1 GC_STATS=1
[90261.597503] NVMeVirt: ns 0/1: size 11483 MiB
[90261.597538] PCI host bridge to bus 0001:10
[90261.597539] pci_bus 0001:10: root bus resource [io  0x0000-0xffff]
[90261.597541] pci_bus 0001:10: root bus resource [mem 0x00000000-0x3fffffffffff]
[90261.597542] pci_bus 0001:10: root bus resource [bus 00-ff]
[90261.597548] pci 0001:10:00.0: [0c51:0110] type 00 class 0x010802 PCIe Endpoint
[90261.597550] pci 0001:10:00.0: BAR 0 [mem 0x300000000-0x300003fff 64bit]
[90261.597552] pci 0001:10:00.0: enabling Extended Tags
[90261.597660] NVMeVirt: Virtual PCI bus created (node 0)
[90261.598230] NVMeVirt: nvmev_io_worker_0 started on cpu 4 (node 0)
[90261.598999] NVMeVirt: nvmev_io_worker_1 started on cpu 5 (node 0)
[90261.599016] NVMeVirt: nvmev_dispatcher started on cpu 3 (node 0)
[90261.599100] nvme nvme1: pci function 0001:10:00.0
[90261.602781] nvme nvme1: 1/0/0 default/read/poll queues
[90261.603789] NVMeVirt: Virtual NVMe device created
[90267.638626] KSC2026-MARK map4k_bs64k_r3 fio-start 1791466030405834020
[90273.331391] NVMeVirt: KSC2026: first GC part=0 victim line=103 vpc=1876 ipc=172 free_lines=2 host_pgs=778240
[90273.331459] NVMeVirt: KSC2026: first GC part=1 victim line=103 vpc=1876 ipc=172 free_lines=2 host_pgs=778240
[90273.331522] NVMeVirt: KSC2026: first GC part=2 victim line=103 vpc=1876 ipc=172 free_lines=2 host_pgs=778240
[90273.331582] NVMeVirt: KSC2026: first GC part=3 victim line=103 vpc=1876 ipc=172 free_lines=2 host_pgs=778240
[90328.677639] KSC2026-MARK map4k_bs64k_r3 fio-end
[90328.682565] KSC2026-MARK map4k_bs64k_r3 rmmod 1791466091451647861
[90328.740782] pci_bus 0001:10: busn_res: [bus 10-ff] is released
[90328.740848] NVMeVirt: KSC2026: stats part=0 host_pgs=1867976 gc_pgs=4722168 gc_cnt=2837 free_lines=2
[90328.740849] NVMeVirt: KSC2026: stats part=1 host_pgs=1867976 gc_pgs=4722168 gc_cnt=2837 free_lines=2
[90328.740850] NVMeVirt: KSC2026: stats part=2 host_pgs=1867976 gc_pgs=4722168 gc_cnt=2837 free_lines=2
[90328.740851] NVMeVirt: KSC2026: stats part=3 host_pgs=1867976 gc_pgs=4722168 gc_cnt=2837 free_lines=2
[90328.808051] NVMeVirt: Virtual NVMe device closed
