500, 479437, 1, 0, 0
1000, 477535, 1, 0, 0
1500, 477496, 1, 0, 0
2000, 480793, 1, 0, 0
2500, 481301, 1, 0, 0
3000, 479693, 1, 0, 0
3500, 478536, 1, 0, 0
4000, 477832, 1, 0, 0
4500, 476300, 1, 0, 0
5000, 479913, 1, 0, 0
5500, 480898, 1, 0, 0
6001, 583586, 1, 0, 0
6500, 1362195, 1, 0, 0
7000, 1402793, 1, 0, 0
7500, 1322025, 1, 0, 0
8000, 1422152, 1, 0, 0
8500, 1378232, 1, 0, 0
9000, 1414141, 1, 0, 0
9500, 1588138, 1, 0, 0
10000, 1645726, 1, 0, 0
10501, 1491065, 1, 0, 0
11000, 1502447, 1, 0, 0
11500, 1579291, 1, 0, 0
12000, 1510740, 1, 0, 0
12504, 1616838, 1, 0, 0
13000, 1573902, 1, 0, 0
13501, 1877704, 1, 0, 0
14000, 1896070, 1, 0, 0
14500, 2159803, 1, 0, 0
15000, 2005417, 1, 0, 0
15506, 1843510, 1, 0, 0
16000, 2051512, 1, 0, 0
16500, 2175916, 1, 0, 0
17009, 2082126, 1, 0, 0
17506, 2178751, 1, 0, 0
18000, 2424624, 1, 0, 0
18503, 2189050, 1, 0, 0
19006, 2327979, 1, 0, 0
19501, 2262043, 1, 0, 0
20006, 2330167, 1, 0, 0
20505, 2407462, 1, 0, 0
21005, 2428898, 1, 0, 0
21507, 2349967, 1, 0, 0
22000, 2679082, 1, 0, 0
22509, 2600614, 1, 0, 0
23005, 2635729, 1, 0, 0
23509, 2579363, 1, 0, 0
24000, 2839200, 1, 0, 0
24508, 2688685, 1, 0, 0
25000, 2942443, 1, 0, 0
25503, 2923974, 1, 0, 0
26000, 2871419, 1, 0, 0
26503, 2851928, 1, 0, 0
27001, 2680951, 1, 0, 0
27504, 2939498, 1, 0, 0
28010, 3030209, 1, 0, 0
28502, 3005470, 1, 0, 0
29009, 3099600, 1, 0, 0
29501, 3122915, 1, 0, 0
30000, 3172377, 1, 0, 0
30510, 3285328, 1, 0, 0
31001, 3163565, 1, 0, 0
31505, 3331254, 1, 0, 0
32000, 3341659, 1, 0, 0
32500, 3294856, 1, 0, 0
33000, 3335924, 1, 0, 0
33500, 3444632, 1, 0, 0
34009, 3446587, 1, 0, 0
34504, 3291726, 1, 0, 0
35011, 3474185, 1, 0, 0
35510, 3192145, 1, 0, 0
36004, 3485596, 1, 0, 0
36505, 3556430, 1, 0, 0
37000, 3650527, 1, 0, 0
37512, 3535853, 1, 0, 0
38002, 3864439, 1, 0, 0
38500, 3581822, 1, 0, 0
39000, 3578150, 1, 0, 0
39500, 3650064, 1, 0, 0
40005, 3743875, 1, 0, 0
40504, 3890768, 1, 0, 0
41000, 3588829, 1, 0, 0
41500, 3800337, 1, 0, 0
42000, 3676992, 1, 0, 0
42500, 3865820, 1, 0, 0
43006, 3889016, 1, 0, 0
43500, 3839442, 1, 0, 0
44003, 4099495, 1, 0, 0
44500, 3791527, 1, 0, 0
45003, 3891744, 1, 0, 0
45508, 3606303, 1, 0, 0
46000, 4102031, 1, 0, 0
46506, 3987706, 1, 0, 0
47000, 4270564, 1, 0, 0
47511, 4109847, 1, 0, 0
48000, 4050962, 1, 0, 0
48501, 3931023, 1, 0, 0
49008, 3940263, 1, 0, 0
49511, 3962925, 1, 0, 0
50002, 3930456, 1, 0, 0
50502, 3798196, 1, 0, 0
51000, 3859250, 1, 0, 0
51509, 3868618, 1, 0, 0
52007, 4262522, 1, 0, 0
52511, 4247651, 1, 0, 0
53008, 4457636, 1, 0, 0
53511, 4492239, 1, 0, 0
54002, 4292493, 1, 0, 0
54501, 4578958, 1, 0, 0
55000, 4237612, 1, 0, 0
55508, 4451889, 1, 0, 0
56001, 4531311, 1, 0, 0
56510, 4534713, 1, 0, 0
57007, 4433343, 1, 0, 0
57512, 4750987, 1, 0, 0
58000, 4306421, 1, 0, 0
58500, 4456784, 1, 0, 0
59000, 4343126, 1, 0, 0
59506, 4314930, 1, 0, 0
60010, 4246069, 1, 0, 0
60012, 16433202, 1, 0, 0
