500, 1064, 1, 0, 0
1000, 1058, 1, 0, 0
1500, 1058, 1, 0, 0
2000, 1060, 1, 0, 0
2500, 1061, 1, 0, 0
3000, 1060, 1, 0, 0
3500, 1061, 1, 0, 0
4000, 1061, 1, 0, 0
4500, 1059, 1, 0, 0
5000, 1059, 1, 0, 0
5500, 1063, 1, 0, 0
6001, 1069, 1, 0, 0
6500, 1071, 1, 0, 0
7000, 1073, 1, 0, 0
7500, 1072, 1, 0, 0
8000, 1073, 1, 0, 0
8500, 1071, 1, 0, 0
9000, 1071, 1, 0, 0
9500, 1072, 1, 0, 0
10000, 1071, 1, 0, 0
10501, 1067, 1, 0, 0
11000, 1072, 1, 0, 0
11500, 1066, 1, 0, 0
12000, 1071, 1, 0, 0
12504, 1068, 1, 0, 0
13000, 1063, 1, 0, 0
13501, 1072, 1, 0, 0
14000, 1069, 1, 0, 0
14500, 1069, 1, 0, 0
15000, 1068, 1, 0, 0
15506, 1063, 1, 0, 0
16000, 1064, 1, 0, 0
16500, 1064, 1, 0, 0
17009, 1066, 1, 0, 0
17506, 1062, 1, 0, 0
18000, 1061, 1, 0, 0
18503, 1060, 1, 0, 0
19006, 1065, 1, 0, 0
19501, 1063, 1, 0, 0
20006, 1071, 1, 0, 0
20505, 1066, 1, 0, 0
21005, 1074, 1, 0, 0
21507, 1074, 1, 0, 0
22000, 1076, 1, 0, 0
22509, 1073, 1, 0, 0
23005, 1074, 1, 0, 0
23509, 1077, 1, 0, 0
24000, 1078, 1, 0, 0
24508, 1076, 1, 0, 0
25000, 1078, 1, 0, 0
25503, 1076, 1, 0, 0
26000, 1075, 1, 0, 0
26503, 1074, 1, 0, 0
27001, 1078, 1, 0, 0
27504, 1080, 1, 0, 0
28010, 1079, 1, 0, 0
28502, 1077, 1, 0, 0
29009, 1083, 1, 0, 0
29501, 1079, 1, 0, 0
30000, 1086, 1, 0, 0
30510, 1072, 1, 0, 0
31001, 1075, 1, 0, 0
31505, 1075, 1, 0, 0
32000, 1075, 1, 0, 0
32500, 1081, 1, 0, 0
33000, 1073, 1, 0, 0
33500, 1079, 1, 0, 0
34009, 1087, 1, 0, 0
34504, 1076, 1, 0, 0
35011, 1077, 1, 0, 0
35510, 1068, 1, 0, 0
36004, 1076, 1, 0, 0
36505, 1084, 1, 0, 0
37000, 1082, 1, 0, 0
37512, 1078, 1, 0, 0
38002, 1074, 1, 0, 0
38500, 1068, 1, 0, 0
39000, 1074, 1, 0, 0
39500, 1075, 1, 0, 0
40006, 1076, 1, 0, 0
40504, 1071, 1, 0, 0
41000, 1077, 1, 0, 0
41500, 1073, 1, 0, 0
42000, 1077, 1, 0, 0
42500, 1073, 1, 0, 0
43006, 1073, 1, 0, 0
43500, 1076, 1, 0, 0
44003, 1079, 1, 0, 0
44500, 1073, 1, 0, 0
45003, 1079, 1, 0, 0
45508, 1076, 1, 0, 0
46000, 1076, 1, 0, 0
46506, 1079, 1, 0, 0
47000, 1082, 1, 0, 0
47511, 1082, 1, 0, 0
48000, 1082, 1, 0, 0
48501, 1075, 1, 0, 0
49008, 1081, 1, 0, 0
49511, 1077, 1, 0, 0
50002, 1079, 1, 0, 0
50502, 1072, 1, 0, 0
51000, 1077, 1, 0, 0
51509, 1075, 1, 0, 0
52007, 1078, 1, 0, 0
52511, 1078, 1, 0, 0
53008, 1083, 1, 0, 0
53511, 1081, 1, 0, 0
54002, 1080, 1, 0, 0
54501, 1075, 1, 0, 0
55000, 1077, 1, 0, 0
55508, 1083, 1, 0, 0
56001, 1080, 1, 0, 0
56510, 1081, 1, 0, 0
57007, 1076, 1, 0, 0
57512, 1101, 1, 0, 0
58000, 1083, 1, 0, 0
58500, 1079, 1, 0, 0
59000, 1081, 1, 0, 0
59506, 1081, 1, 0, 0
60012, 1077, 1, 0, 0
