500, 480501, 1, 0, 0
1000, 478593, 1, 0, 0
1500, 478555, 1, 0, 0
2000, 481853, 1, 0, 0
2500, 482361, 1, 0, 0
3000, 480752, 1, 0, 0
3500, 479597, 1, 0, 0
4000, 478893, 1, 0, 0
4500, 477359, 1, 0, 0
5000, 480972, 1, 0, 0
5500, 481961, 1, 0, 0
6001, 584655, 1, 0, 0
6500, 1363266, 1, 0, 0
7000, 1403867, 1, 0, 0
7500, 1323097, 1, 0, 0
8000, 1423225, 1, 0, 0
8500, 1379303, 1, 0, 0
9000, 1415212, 1, 0, 0
9500, 1589210, 1, 0, 0
10000, 1646797, 1, 0, 0
10501, 1492132, 1, 0, 0
11000, 1503519, 1, 0, 0
11500, 1580356, 1, 0, 0
12000, 1511811, 1, 0, 0
12504, 1617907, 1, 0, 0
13000, 1574965, 1, 0, 0
13501, 1878777, 1, 0, 0
14000, 1897139, 1, 0, 0
14500, 2160872, 1, 0, 0
15000, 2006485, 1, 0, 0
15506, 1844573, 1, 0, 0
16000, 2052576, 1, 0, 0
16500, 2176980, 1, 0, 0
17009, 2083192, 1, 0, 0
17506, 2179812, 1, 0, 0
18000, 2425685, 1, 0, 0
18503, 2190110, 1, 0, 0
19006, 2329044, 1, 0, 0
19501, 2263106, 1, 0, 0
20006, 2331239, 1, 0, 0
20505, 2408528, 1, 0, 0
21005, 2429972, 1, 0, 0
21507, 2351040, 1, 0, 0
22000, 2680157, 1, 0, 0
22509, 2601687, 1, 0, 0
23005, 2636802, 1, 0, 0
23509, 2580440, 1, 0, 0
24000, 2840278, 1, 0, 0
24508, 2689761, 1, 0, 0
25000, 2943520, 1, 0, 0
25503, 2925051, 1, 0, 0
26000, 2872494, 1, 0, 0
26503, 2853002, 1, 0, 0
27001, 2682029, 1, 0, 0
27504, 2940577, 1, 0, 0
28010, 3031287, 1, 0, 0
28502, 3006547, 1, 0, 0
29009, 3100683, 1, 0, 0
29501, 3123994, 1, 0, 0
30000, 3173463, 1, 0, 0
30510, 3286400, 1, 0, 0
31001, 3164640, 1, 0, 0
31505, 3332329, 1, 0, 0
32000, 3342735, 1, 0, 0
32500, 3295937, 1, 0, 0
33000, 3336997, 1, 0, 0
33500, 3445711, 1, 0, 0
34009, 3447673, 1, 0, 0
34504, 3292802, 1, 0, 0
35011, 3475263, 1, 0, 0
35510, 3193214, 1, 0, 0
36004, 3486672, 1, 0, 0
36505, 3557514, 1, 0, 0
37000, 3651609, 1, 0, 0
37512, 3536931, 1, 0, 0
38002, 3865513, 1, 0, 0
38500, 3582889, 1, 0, 0
39000, 3579224, 1, 0, 0
39500, 3651139, 1, 0, 0
40005, 3744951, 1, 0, 0
40504, 3891839, 1, 0, 0
41000, 3589906, 1, 0, 0
41500, 3801410, 1, 0, 0
42000, 3678068, 1, 0, 0
42500, 3866893, 1, 0, 0
43006, 3890089, 1, 0, 0
43500, 3840518, 1, 0, 0
44003, 4100574, 1, 0, 0
44500, 3792600, 1, 0, 0
45003, 3892823, 1, 0, 0
45508, 3607380, 1, 0, 0
46000, 4103106, 1, 0, 0
46506, 3988785, 1, 0, 0
47000, 4271646, 1, 0, 0
47511, 4110929, 1, 0, 0
48000, 4052044, 1, 0, 0
48501, 3932098, 1, 0, 0
49008, 3941344, 1, 0, 0
49511, 3964002, 1, 0, 0
50002, 3931535, 1, 0, 0
50502, 3799269, 1, 0, 0
51000, 3860327, 1, 0, 0
51509, 3869694, 1, 0, 0
52007, 4263600, 1, 0, 0
52511, 4248728, 1, 0, 0
53008, 4458718, 1, 0, 0
53511, 4493321, 1, 0, 0
54002, 4293573, 1, 0, 0
54501, 4580033, 1, 0, 0
55000, 4238689, 1, 0, 0
55508, 4452972, 1, 0, 0
56001, 4532391, 1, 0, 0
56510, 4535793, 1, 0, 0
57007, 4434419, 1, 0, 0
57512, 4752088, 1, 0, 0
58000, 4307505, 1, 0, 0
58500, 4457863, 1, 0, 0
59000, 4344207, 1, 0, 0
59506, 4316010, 1, 0, 0
60010, 4247146, 1, 0, 0
60012, 16434288, 1, 0, 0
