500, 66558, 1, 0, 0
1000, 66846, 1, 0, 0
1500, 66828, 1, 0, 0
2000, 66388, 1, 0, 0
2500, 66314, 1, 0, 0
3000, 66528, 1, 0, 0
3500, 66700, 1, 0, 0
4000, 66800, 1, 0, 0
4500, 67000, 1, 0, 0
5000, 66514, 1, 0, 0
5500, 66350, 1, 0, 0
6000, 54478, 1, 0, 0
6500, 23564, 1, 0, 0
7000, 22794, 1, 0, 0
7500, 24128, 1, 0, 0
8000, 22518, 1, 0, 0
8500, 23222, 1, 0, 0
9000, 22680, 1, 0, 0
9500, 20022, 1, 0, 0
10000, 19528, 1, 0, 0
10500, 21128, 1, 0, 0
11000, 21626, 1, 0, 0
11501, 19994, 1, 0, 0
12000, 21332, 1, 0, 0
12500, 19636, 1, 0, 0
13000, 20460, 1, 0, 0
13500, 16828, 1, 0, 0
14000, 16820, 1, 0, 0
14500, 15036, 1, 0, 0
15000, 15934, 1, 0, 0
15500, 17238, 1, 0, 0
16000, 15674, 1, 0, 0
16500, 14738, 1, 0, 0
17000, 15304, 1, 0, 0
17500, 14626, 1, 0, 0
18000, 13286, 1, 0, 0
18500, 14398, 1, 0, 0
19000, 13842, 1, 0, 0
19500, 13988, 1, 0, 0
20000, 13816, 1, 0, 0
20500, 13272, 1, 0, 0
21000, 13206, 1, 0, 0
21500, 13616, 1, 0, 0
22000, 11938, 1, 0, 0
22500, 12360, 1, 0, 0
23000, 12048, 1, 0, 0
23500, 12490, 1, 0, 0
24000, 11326, 1, 0, 0
24500, 11786, 1, 0, 0
25000, 10966, 1, 0, 0
25500, 10724, 1, 0, 0
26000, 11184, 1, 0, 0
26500, 11206, 1, 0, 0
27000, 11884, 1, 0, 0
27500, 10944, 1, 0, 0
28000, 10640, 1, 0, 0
28500, 10460, 1, 0, 0
29000, 10502, 1, 0, 0
29500, 10074, 1, 0, 0
30000, 10240, 1, 0, 0
30500, 9746, 1, 0, 0
31001, 9922, 1, 0, 0
31500, 9725, 1, 0, 0
32000, 9682, 1, 0, 0
32500, 9582, 1, 0, 0
33000, 9704, 1, 0, 0
33500, 9280, 1, 0, 0
34000, 9258, 1, 0, 0
34500, 9642, 1, 0, 0
35000, 9286, 1, 0, 0
35500, 9994, 1, 0, 0
36000, 9084, 1, 0, 0
36500, 9000, 1, 0, 0
37000, 8682, 1, 0, 0
37500, 9254, 1, 0, 0
38000, 8136, 1, 0, 0
38500, 9112, 1, 0, 0
39000, 8962, 1, 0, 0
39500, 8764, 1, 0, 0
40000, 8422, 1, 0, 0
40500, 8212, 1, 0, 0
41000, 9026, 1, 0, 0
41500, 8390, 1, 0, 0
42000, 8556, 1, 0, 0
42500, 8468, 1, 0, 0
43000, 8076, 1, 0, 0
43500, 8452, 1, 0, 0
44000, 7644, 1, 0, 0
44500, 8604, 1, 0, 0
45000, 8026, 1, 0, 0
45500, 9006, 1, 0, 0
46000, 7908, 1, 0, 0
46500, 7850, 1, 0, 0
47000, 7634, 1, 0, 0
47500, 7714, 1, 0, 0
48000, 7930, 1, 0, 0
48500, 7962, 1, 0, 0
49000, 8232, 1, 0, 0
49500, 8126, 1, 0, 0
50000, 8014, 1, 0, 0
50500, 8390, 1, 0, 0
51000, 8356, 1, 0, 0
51500, 8306, 1, 0, 0
52000, 7494, 1, 0, 0
52500, 7558, 1, 0, 0
53000, 7168, 1, 0, 0
53500, 7140, 1, 0, 0
54000, 7326, 1, 0, 0
54500, 6974, 1, 0, 0
55000, 7680, 1, 0, 0
55500, 7154, 1, 0, 0
56000, 6964, 1, 0, 0
56500, 7192, 1, 0, 0
57000, 7170, 1, 0, 0
57500, 6800, 1, 0, 0
58000, 7460, 1, 0, 0
58500, 7196, 1, 0, 0
59000, 7260, 1, 0, 0
59500, 7376, 1, 0, 0
60000, 7596, 1, 0, 0
