500, 532464, 1, 0, 0
1000, 534784, 1, 0, 0
1500, 534624, 1, 0, 0
2000, 531104, 1, 0, 0
2500, 530512, 1, 0, 0
3000, 532224, 1, 0, 0
3500, 533600, 1, 0, 0
4000, 534400, 1, 0, 0
4500, 536000, 1, 0, 0
5000, 532112, 1, 0, 0
5500, 530800, 1, 0, 0
6000, 435824, 1, 0, 0
6500, 188512, 1, 0, 0
7000, 182352, 1, 0, 0
7500, 193024, 1, 0, 0
8000, 180144, 1, 0, 0
8500, 185776, 1, 0, 0
9000, 181440, 1, 0, 0
9500, 160176, 1, 0, 0
10000, 156224, 1, 0, 0
10500, 169024, 1, 0, 0
11000, 173008, 1, 0, 0
11501, 159952, 1, 0, 0
12000, 170661, 1, 0, 0
12500, 157088, 1, 0, 0
13000, 163680, 1, 0, 0
13500, 134624, 1, 0, 0
14000, 134560, 1, 0, 0
14500, 120288, 1, 0, 0
15000, 127472, 1, 0, 0
15500, 137904, 1, 0, 0
16000, 125392, 1, 0, 0
16500, 117904, 1, 0, 0
17000, 122432, 1, 0, 0
17500, 117008, 1, 0, 0
18000, 106288, 1, 0, 0
18500, 115184, 1, 0, 0
19000, 110736, 1, 0, 0
19500, 111904, 1, 0, 0
20000, 110528, 1, 0, 0
20500, 106176, 1, 0, 0
21000, 105648, 1, 0, 0
21500, 108928, 1, 0, 0
22000, 95504, 1, 0, 0
22500, 98880, 1, 0, 0
23000, 96384, 1, 0, 0
23500, 99920, 1, 0, 0
24000, 90608, 1, 0, 0
24500, 94288, 1, 0, 0
25000, 87728, 1, 0, 0
25500, 85792, 1, 0, 0
26000, 89472, 1, 0, 0
26500, 89648, 1, 0, 0
27000, 95072, 1, 0, 0
27500, 87552, 1, 0, 0
28000, 85120, 1, 0, 0
28500, 83680, 1, 0, 0
29000, 84016, 1, 0, 0
29500, 80592, 1, 0, 0
30000, 81920, 1, 0, 0
30500, 77968, 1, 0, 0
31001, 79376, 1, 0, 0
31500, 77803, 1, 0, 0
32000, 77456, 1, 0, 0
32500, 76656, 1, 0, 0
33000, 77632, 1, 0, 0
33500, 74240, 1, 0, 0
34000, 74064, 1, 0, 0
34500, 77136, 1, 0, 0
35000, 74288, 1, 0, 0
35500, 79952, 1, 0, 0
36000, 72672, 1, 0, 0
36500, 72000, 1, 0, 0
37000, 69456, 1, 0, 0
37500, 74032, 1, 0, 0
38000, 65088, 1, 0, 0
38500, 72896, 1, 0, 0
39000, 71696, 1, 0, 0
39500, 70112, 1, 0, 0
40000, 67376, 1, 0, 0
40500, 65696, 1, 0, 0
41000, 72208, 1, 0, 0
41500, 67120, 1, 0, 0
42000, 68448, 1, 0, 0
42500, 67744, 1, 0, 0
43000, 64608, 1, 0, 0
43500, 67616, 1, 0, 0
44000, 61152, 1, 0, 0
44500, 68832, 1, 0, 0
45000, 64208, 1, 0, 0
45500, 72048, 1, 0, 0
46000, 63264, 1, 0, 0
46500, 62800, 1, 0, 0
47000, 61072, 1, 0, 0
47500, 61712, 1, 0, 0
48000, 63440, 1, 0, 0
48500, 63696, 1, 0, 0
49000, 65859, 1, 0, 0
49500, 65008, 1, 0, 0
50000, 64112, 1, 0, 0
50500, 67120, 1, 0, 0
51000, 66848, 1, 0, 0
51500, 66448, 1, 0, 0
52000, 59952, 1, 0, 0
52500, 60464, 1, 0, 0
53000, 57344, 1, 0, 0
53500, 57120, 1, 0, 0
54000, 58608, 1, 0, 0
54500, 55792, 1, 0, 0
55000, 61440, 1, 0, 0
55500, 57232, 1, 0, 0
56000, 55712, 1, 0, 0
56500, 57536, 1, 0, 0
57000, 57360, 1, 0, 0
57500, 54400, 1, 0, 0
58000, 59680, 1, 0, 0
58500, 57568, 1, 0, 0
59000, 58080, 1, 0, 0
59500, 59008, 1, 0, 0
60000, 60768, 1, 0, 0
