500, 1096448, 1, 0, 0
1000, 1096224, 1, 0, 0
1500, 1094912, 1, 0, 0
2000, 1097920, 1, 0, 0
2500, 1101024, 1, 0, 0
3000, 1101728, 1, 0, 0
3500, 1103088, 1, 0, 0
4000, 1099472, 1, 0, 0
4500, 1099808, 1, 0, 0
5000, 1094560, 1, 0, 0
5500, 1089760, 1, 0, 0
6000, 618400, 1, 0, 0
6500, 347136, 1, 0, 0
7000, 317024, 1, 0, 0
7500, 292896, 1, 0, 0
8000, 293632, 1, 0, 0
8500, 280960, 1, 0, 0
9000, 299360, 1, 0, 0
9500, 295520, 1, 0, 0
10000, 251808, 1, 0, 0
10500, 272224, 1, 0, 0
11000, 233344, 1, 0, 0
11500, 241024, 1, 0, 0
12000, 230560, 1, 0, 0
12500, 193600, 1, 0, 0
13000, 211744, 1, 0, 0
13500, 210880, 1, 0, 0
14000, 206144, 1, 0, 0
14500, 201408, 1, 0, 0
15000, 186624, 1, 0, 0
15500, 180736, 1, 0, 0
16000, 183136, 1, 0, 0
16500, 189888, 1, 0, 0
17000, 187936, 1, 0, 0
17500, 160128, 1, 0, 0
18000, 159712, 1, 0, 0
18500, 158080, 1, 0, 0
19000, 149280, 1, 0, 0
19500, 162752, 1, 0, 0
20000, 141920, 1, 0, 0
20500, 149728, 1, 0, 0
21000, 149056, 1, 0, 0
21500, 133856, 1, 0, 0
22000, 133216, 1, 0, 0
22500, 124672, 1, 0, 0
23000, 127968, 1, 0, 0
23500, 131232, 1, 0, 0
24000, 127040, 1, 0, 0
24500, 118768, 1, 0, 0
25000, 129440, 1, 0, 0
25500, 123110, 1, 0, 0
26000, 123040, 1, 0, 0
26500, 112736, 1, 0, 0
27000, 127616, 1, 0, 0
27500, 113408, 1, 0, 0
28000, 116448, 1, 0, 0
28500, 107840, 1, 0, 0
29000, 113344, 1, 0, 0
29500, 117104, 1, 0, 0
30000, 112976, 1, 0, 0
30500, 106528, 1, 0, 0
31000, 102752, 1, 0, 0
31500, 96000, 1, 0, 0
32000, 109792, 1, 0, 0
32500, 120480, 1, 0, 0
33000, 104800, 1, 0, 0
33500, 106176, 1, 0, 0
34000, 102272, 1, 0, 0
34500, 106656, 1, 0, 0
35000, 104048, 1, 0, 0
35500, 90512, 1, 0, 0
36000, 87584, 1, 0, 0
36500, 95200, 1, 0, 0
37000, 97408, 1, 0, 0
37500, 94640, 1, 0, 0
38000, 82752, 1, 0, 0
38500, 98176, 1, 0, 0
39000, 92272, 1, 0, 0
39500, 86080, 1, 0, 0
40000, 82400, 1, 0, 0
40500, 95743, 1, 0, 0
41000, 90784, 1, 0, 0
41500, 77664, 1, 0, 0
42000, 79744, 1, 0, 0
42500, 78528, 1, 0, 0
43000, 79904, 1, 0, 0
43500, 81984, 1, 0, 0
44000, 80112, 1, 0, 0
44500, 80864, 1, 0, 0
45000, 76416, 1, 0, 0
45500, 81280, 1, 0, 0
46000, 83424, 1, 0, 0
46500, 82848, 1, 0, 0
47000, 82336, 1, 0, 0
47500, 87712, 1, 0, 0
48000, 81984, 1, 0, 0
48500, 79744, 1, 0, 0
49000, 88384, 1, 0, 0
49500, 79328, 1, 0, 0
50000, 88448, 1, 0, 0
50500, 82944, 1, 0, 0
51000, 79136, 1, 0, 0
51500, 82656, 1, 0, 0
52000, 83552, 1, 0, 0
52500, 80832, 1, 0, 0
53000, 78048, 1, 0, 0
53500, 83040, 1, 0, 0
54000, 77440, 1, 0, 0
54500, 90144, 1, 0, 0
55000, 83008, 1, 0, 0
55500, 76160, 1, 0, 0
56000, 86144, 1, 0, 0
56500, 86188, 1, 0, 0
57000, 81088, 1, 0, 0
57500, 90848, 1, 0, 0
58000, 83552, 1, 0, 0
58500, 80960, 1, 0, 0
59000, 83872, 1, 0, 0
59500, 82880, 1, 0, 0
60000, 79232, 1, 0, 0
