500, 137056, 1, 0, 0
1000, 137028, 1, 0, 0
1500, 136864, 1, 0, 0
2000, 137240, 1, 0, 0
2500, 137628, 1, 0, 0
3000, 137716, 1, 0, 0
3500, 137886, 1, 0, 0
4000, 137434, 1, 0, 0
4500, 137476, 1, 0, 0
5000, 136820, 1, 0, 0
5500, 136220, 1, 0, 0
6000, 77300, 1, 0, 0
6500, 43392, 1, 0, 0
7000, 39628, 1, 0, 0
7500, 36612, 1, 0, 0
8000, 36704, 1, 0, 0
8500, 35120, 1, 0, 0
9000, 37420, 1, 0, 0
9500, 36940, 1, 0, 0
10000, 31476, 1, 0, 0
10500, 34028, 1, 0, 0
11000, 29168, 1, 0, 0
11500, 30128, 1, 0, 0
12000, 28820, 1, 0, 0
12500, 24200, 1, 0, 0
13000, 26468, 1, 0, 0
13500, 26360, 1, 0, 0
14000, 25768, 1, 0, 0
14500, 25176, 1, 0, 0
15000, 23328, 1, 0, 0
15500, 22592, 1, 0, 0
16000, 22892, 1, 0, 0
16500, 23736, 1, 0, 0
17000, 23492, 1, 0, 0
17500, 20016, 1, 0, 0
18000, 19964, 1, 0, 0
18500, 19760, 1, 0, 0
19000, 18660, 1, 0, 0
19500, 20344, 1, 0, 0
20000, 17740, 1, 0, 0
20500, 18716, 1, 0, 0
21000, 18632, 1, 0, 0
21500, 16732, 1, 0, 0
22000, 16652, 1, 0, 0
22500, 15584, 1, 0, 0
23000, 15996, 1, 0, 0
23500, 16404, 1, 0, 0
24000, 15880, 1, 0, 0
24500, 14846, 1, 0, 0
25000, 16180, 1, 0, 0
25500, 15388, 1, 0, 0
26000, 15380, 1, 0, 0
26500, 14092, 1, 0, 0
27000, 15952, 1, 0, 0
27500, 14176, 1, 0, 0
28000, 14556, 1, 0, 0
28500, 13480, 1, 0, 0
29000, 14168, 1, 0, 0
29500, 14638, 1, 0, 0
30000, 14122, 1, 0, 0
30500, 13316, 1, 0, 0
31000, 12844, 1, 0, 0
31500, 12000, 1, 0, 0
32000, 13724, 1, 0, 0
32500, 15060, 1, 0, 0
33000, 13100, 1, 0, 0
33500, 13272, 1, 0, 0
34000, 12784, 1, 0, 0
34500, 13332, 1, 0, 0
35000, 13006, 1, 0, 0
35500, 11314, 1, 0, 0
36000, 10948, 1, 0, 0
36500, 11900, 1, 0, 0
37000, 12176, 1, 0, 0
37500, 11830, 1, 0, 0
38000, 10344, 1, 0, 0
38500, 12272, 1, 0, 0
39000, 11534, 1, 0, 0
39500, 10760, 1, 0, 0
40000, 10300, 1, 0, 0
40500, 11967, 1, 0, 0
41000, 11348, 1, 0, 0
41500, 9708, 1, 0, 0
42000, 9968, 1, 0, 0
42500, 9816, 1, 0, 0
43000, 9988, 1, 0, 0
43500, 10248, 1, 0, 0
44000, 10016, 1, 0, 0
44500, 10108, 1, 0, 0
45000, 9552, 1, 0, 0
45500, 10160, 1, 0, 0
46000, 10428, 1, 0, 0
46500, 10356, 1, 0, 0
47000, 10292, 1, 0, 0
47500, 10964, 1, 0, 0
48000, 10248, 1, 0, 0
48500, 9968, 1, 0, 0
49000, 11048, 1, 0, 0
49500, 9916, 1, 0, 0
50000, 11056, 1, 0, 0
50500, 10368, 1, 0, 0
51000, 9892, 1, 0, 0
51500, 10332, 1, 0, 0
52000, 10444, 1, 0, 0
52500, 10104, 1, 0, 0
53000, 9756, 1, 0, 0
53500, 10380, 1, 0, 0
54000, 9680, 1, 0, 0
54500, 11268, 1, 0, 0
55000, 10376, 1, 0, 0
55500, 9520, 1, 0, 0
56000, 10768, 1, 0, 0
56500, 10773, 1, 0, 0
57000, 10136, 1, 0, 0
57500, 11356, 1, 0, 0
58000, 10444, 1, 0, 0
58500, 10120, 1, 0, 0
59000, 10484, 1, 0, 0
59500, 10360, 1, 0, 0
60000, 9904, 1, 0, 0
