500, 232228, 1, 0, 0
1000, 232266, 1, 0, 0
1500, 232558, 1, 0, 0
2000, 231936, 1, 0, 0
2500, 231209, 1, 0, 0
3000, 231108, 1, 0, 0
3500, 230807, 1, 0, 0
4000, 231581, 1, 0, 0
4500, 231523, 1, 0, 0
5000, 232639, 1, 0, 0
5500, 233572, 1, 0, 0
6001, 410011, 1, 0, 0
6500, 742057, 1, 0, 0
7004, 799135, 1, 0, 0
7503, 870471, 1, 0, 0
8005, 874635, 1, 0, 0
8500, 911097, 1, 0, 0
9000, 843802, 1, 0, 0
9500, 877510, 1, 0, 0
10002, 1000962, 1, 0, 0
10507, 947894, 1, 0, 0
11006, 1093499, 1, 0, 0
11507, 1065638, 1, 0, 0
12005, 1106206, 1, 0, 0
12500, 1305078, 1, 0, 0
13000, 1229720, 1, 0, 0
13500, 1190804, 1, 0, 0
14006, 1251414, 1, 0, 0
14500, 1282503, 1, 0, 0
15008, 1358208, 1, 0, 0
15506, 1410415, 1, 0, 0
16005, 1395862, 1, 0, 0
16501, 1333489, 1, 0, 0
17007, 1375834, 1, 0, 0
17503, 1588090, 1, 0, 0
18002, 1598793, 1, 0, 0
18506, 1631466, 1, 0, 0
19008, 1717364, 1, 0, 0
19509, 1575114, 1, 0, 0
20000, 1817715, 1, 0, 0
20510, 1695029, 1, 0, 0
21010, 1715519, 1, 0, 0
21506, 1903605, 1, 0, 0
22007, 1926612, 1, 0, 0
22509, 2048027, 1, 0, 0
23008, 1998238, 1, 0, 0
23500, 1977815, 1, 0, 0
24007, 1978971, 1, 0, 0
24500, 2214859, 1, 0, 0
25000, 1943412, 1, 0, 0
25500, 2084691, 1, 0, 0
26000, 2080802, 1, 0, 0
26506, 2247739, 1, 0, 0
27000, 2020857, 1, 0, 0
27501, 2216855, 1, 0, 0
28012, 2232697, 1, 0, 0
28501, 2328624, 1, 0, 0
29012, 2297570, 1, 0, 0
29500, 2193089, 1, 0, 0
30000, 2266627, 1, 0, 0
30512, 2394639, 1, 0, 0
31011, 2486624, 1, 0, 0
31506, 2631713, 1, 0, 0
32000, 2301855, 1, 0, 0
32500, 2189615, 1, 0, 0
33006, 2397098, 1, 0, 0
33509, 2417232, 1, 0, 0
34002, 2464605, 1, 0, 0
34500, 2404694, 1, 0, 0
35000, 2546806, 1, 0, 0
35506, 2741706, 1, 0, 0
36009, 2953935, 1, 0, 0
36502, 2637564, 1, 0, 0
37006, 2646707, 1, 0, 0
37507, 2715045, 1, 0, 0
38002, 3058328, 1, 0, 0
38500, 2664687, 1, 0, 0
39008, 2737205, 1, 0, 0
39512, 3002043, 1, 0, 0
40002, 3037442, 1, 0, 0
40500, 2663478, 1, 0, 0
41010, 2891933, 1, 0, 0
41506, 3247784, 1, 0, 0
42000, 3221288, 1, 0, 0
42508, 3262672, 1, 0, 0
43003, 3173550, 1, 0, 0
43500, 3100496, 1, 0, 0
44000, 3296236, 1, 0, 0
44512, 3141130, 1, 0, 0
45001, 3286467, 1, 0, 0
45512, 3199537, 1, 0, 0
46009, 3049300, 1, 0, 0
46500, 3042321, 1, 0, 0
47010, 3172761, 1, 0, 0
47513, 2926961, 1, 0, 0
48008, 3089076, 1, 0, 0
48500, 3255393, 1, 0, 0
49000, 2814444, 1, 0, 0
49511, 3293477, 1, 0, 0
50011, 2898586, 1, 0, 0
50507, 3050095, 1, 0, 0
51000, 3284142, 1, 0, 0
51513, 3095210, 1, 0, 0
52011, 3041898, 1, 0, 0
52508, 3143968, 1, 0, 0
53000, 3252426, 1, 0, 0
53500, 3167370, 1, 0, 0
54008, 3237987, 1, 0, 0
54513, 2866357, 1, 0, 0
55011, 3071327, 1, 0, 0
55500, 3440030, 1, 0, 0
56000, 2943849, 1, 0, 0
56515, 2960703, 1, 0, 0
57012, 3144397, 1, 0, 0
57500, 2779968, 1, 0, 0
58012, 3099676, 1, 0, 0
58506, 3124270, 1, 0, 0
59004, 3028817, 1, 0, 0
59515, 3163490, 1, 0, 0
60007, 3180651, 1, 0, 0
60007, 15855087, 1, 0, 0
