500, 233277, 1, 0, 0
1000, 233310, 1, 0, 0
1500, 233601, 1, 0, 0
2000, 232981, 1, 0, 0
2500, 232252, 1, 0, 0
3000, 232153, 1, 0, 0
3500, 231852, 1, 0, 0
4000, 232625, 1, 0, 0
4500, 232564, 1, 0, 0
5000, 233677, 1, 0, 0
5500, 234611, 1, 0, 0
6001, 411059, 1, 0, 0
6500, 743109, 1, 0, 0
7004, 800188, 1, 0, 0
7503, 871523, 1, 0, 0
8005, 875691, 1, 0, 0
8500, 912155, 1, 0, 0
9000, 844855, 1, 0, 0
9500, 878562, 1, 0, 0
10002, 1002016, 1, 0, 0
10507, 948947, 1, 0, 0
11006, 1094561, 1, 0, 0
11507, 1066702, 1, 0, 0
12005, 1107264, 1, 0, 0
12500, 1306139, 1, 0, 0
13000, 1230780, 1, 0, 0
13500, 1191859, 1, 0, 0
14006, 1252467, 1, 0, 0
14500, 1283548, 1, 0, 0
15008, 1359259, 1, 0, 0
15506, 1411469, 1, 0, 0
16005, 1396917, 1, 0, 0
16501, 1334549, 1, 0, 0
17007, 1376889, 1, 0, 0
17503, 1589169, 1, 0, 0
18002, 1599849, 1, 0, 0
18506, 1632517, 1, 0, 0
19008, 1718435, 1, 0, 0
19509, 1576170, 1, 0, 0
20000, 1818778, 1, 0, 0
20510, 1696089, 1, 0, 0
21010, 1716586, 1, 0, 0
21506, 1904661, 1, 0, 0
22007, 1927673, 1, 0, 0
22509, 2049086, 1, 0, 0
23008, 1999290, 1, 0, 0
23500, 1978875, 1, 0, 0
24007, 1980027, 1, 0, 0
24500, 2215926, 1, 0, 0
25000, 1944487, 1, 0, 0
25500, 2085758, 1, 0, 0
26000, 2081872, 1, 0, 0
26506, 2248803, 1, 0, 0
27000, 2021922, 1, 0, 0
27501, 2217928, 1, 0, 0
28012, 2233767, 1, 0, 0
28501, 2329698, 1, 0, 0
29012, 2298641, 1, 0, 0
29500, 2194154, 1, 0, 0
30000, 2267685, 1, 0, 0
30512, 2395704, 1, 0, 0
31011, 2487688, 1, 0, 0
31506, 2632779, 1, 0, 0
32000, 2302929, 1, 0, 0
32500, 2190677, 1, 0, 0
33006, 2398167, 1, 0, 0
33509, 2418298, 1, 0, 0
34002, 2465674, 1, 0, 0
34500, 2405764, 1, 0, 0
35000, 2547918, 1, 0, 0
35506, 2742857, 1, 0, 0
36009, 2955003, 1, 0, 0
36502, 2638620, 1, 0, 0
37006, 2647780, 1, 0, 0
37507, 2716111, 1, 0, 0
38002, 3059391, 1, 0, 0
38500, 2665742, 1, 0, 0
39008, 2738268, 1, 0, 0
39512, 3003105, 1, 0, 0
40002, 3038502, 1, 0, 0
40500, 2664530, 1, 0, 0
41010, 2892974, 1, 0, 0
41506, 3248839, 1, 0, 0
42000, 3222351, 1, 0, 0
42508, 3263742, 1, 0, 0
43003, 3174617, 1, 0, 0
43500, 3101559, 1, 0, 0
44000, 3297308, 1, 0, 0
44512, 3142206, 1, 0, 0
45001, 3287539, 1, 0, 0
45512, 3200605, 1, 0, 0
46009, 3050359, 1, 0, 0
46500, 3043375, 1, 0, 0
47010, 3173824, 1, 0, 0
47513, 2928023, 1, 0, 0
48008, 3090139, 1, 0, 0
48500, 3256459, 1, 0, 0
49000, 2815503, 1, 0, 0
49511, 3294530, 1, 0, 0
50011, 2899657, 1, 0, 0
50507, 3051161, 1, 0, 0
51000, 3285205, 1, 0, 0
51513, 3096283, 1, 0, 0
52011, 3042952, 1, 0, 0
52508, 3145024, 1, 0, 0
53000, 3253488, 1, 0, 0
53500, 3168433, 1, 0, 0
54008, 3239058, 1, 0, 0
54513, 2867410, 1, 0, 0
55011, 3072420, 1, 0, 0
55500, 3441097, 1, 0, 0
56000, 2944902, 1, 0, 0
56515, 2961759, 1, 0, 0
57012, 3145458, 1, 0, 0
57500, 2781017, 1, 0, 0
58012, 3100748, 1, 0, 0
58506, 3125328, 1, 0, 0
59004, 3030061, 1, 0, 0
59515, 3164548, 1, 0, 0
60007, 3181711, 1, 0, 0
60007, 15856163, 1, 0, 0
