500, 1049, 1, 0, 0
1000, 1043, 1, 0, 0
1500, 1043, 1, 0, 0
2000, 1045, 1, 0, 0
2500, 1043, 1, 0, 0
3000, 1045, 1, 0, 0
3500, 1044, 1, 0, 0
4000, 1044, 1, 0, 0
4500, 1041, 1, 0, 0
5000, 1038, 1, 0, 0
5500, 1039, 1, 0, 0
6001, 1048, 1, 0, 0
6500, 1052, 1, 0, 0
7004, 1052, 1, 0, 0
7503, 1052, 1, 0, 0
8005, 1056, 1, 0, 0
8500, 1057, 1, 0, 0
9000, 1053, 1, 0, 0
9500, 1052, 1, 0, 0
10002, 1054, 1, 0, 0
10507, 1053, 1, 0, 0
11006, 1062, 1, 0, 0
11507, 1064, 1, 0, 0
12005, 1058, 1, 0, 0
12500, 1060, 1, 0, 0
13000, 1060, 1, 0, 0
13500, 1056, 1, 0, 0
14006, 1053, 1, 0, 0
14500, 1045, 1, 0, 0
15008, 1051, 1, 0, 0
15506, 1054, 1, 0, 0
16005, 1055, 1, 0, 0
16501, 1060, 1, 0, 0
17007, 1055, 1, 0, 0
17503, 1079, 1, 0, 0
18002, 1057, 1, 0, 0
18506, 1051, 1, 0, 0
19008, 1071, 1, 0, 0
19509, 1056, 1, 0, 0
20000, 1063, 1, 0, 0
20510, 1060, 1, 0, 0
21010, 1067, 1, 0, 0
21506, 1057, 1, 0, 0
22007, 1059, 1, 0, 0
22509, 1059, 1, 0, 0
23008, 1052, 1, 0, 0
23500, 1060, 1, 0, 0
24007, 1056, 1, 0, 0
24500, 1066, 1, 0, 0
25000, 1075, 1, 0, 0
25500, 1067, 1, 0, 0
26000, 1069, 1, 0, 0
26506, 1065, 1, 0, 0
27000, 1065, 1, 0, 0
27501, 1073, 1, 0, 0
28012, 1070, 1, 0, 0
28501, 1074, 1, 0, 0
29012, 1071, 1, 0, 0
29500, 1065, 1, 0, 0
30000, 1057, 1, 0, 0
30512, 1066, 1, 0, 0
31011, 1064, 1, 0, 0
31506, 1066, 1, 0, 0
32000, 1075, 1, 0, 0
32500, 1061, 1, 0, 0
33006, 1070, 1, 0, 0
33509, 1066, 1, 0, 0
34002, 1069, 1, 0, 0
34500, 1073, 1, 0, 0
35000, 1110, 1, 0, 0
35506, 1152, 1, 0, 0
36009, 1068, 1, 0, 0
36502, 1057, 1, 0, 0
37006, 1072, 1, 0, 0
37507, 1066, 1, 0, 0
38002, 1063, 1, 0, 0
38500, 1056, 1, 0, 0
39008, 1063, 1, 0, 0
39512, 1062, 1, 0, 0
40002, 1060, 1, 0, 0
40500, 1052, 1, 0, 0
41010, 1041, 1, 0, 0
41506, 1054, 1, 0, 0
42000, 1063, 1, 0, 0
42508, 1070, 1, 0, 0
43003, 1067, 1, 0, 0
43500, 1064, 1, 0, 0
44000, 1071, 1, 0, 0
44512, 1076, 1, 0, 0
45001, 1073, 1, 0, 0
45512, 1068, 1, 0, 0
46009, 1058, 1, 0, 0
46500, 1054, 1, 0, 0
47010, 1063, 1, 0, 0
47513, 1062, 1, 0, 0
48008, 1063, 1, 0, 0
48500, 1066, 1, 0, 0
49000, 1059, 1, 0, 0
49511, 1052, 1, 0, 0
50011, 1071, 1, 0, 0
50507, 1065, 1, 0, 0
51000, 1063, 1, 0, 0
51513, 1073, 1, 0, 0
52011, 1054, 1, 0, 0
52508, 1056, 1, 0, 0
53000, 1062, 1, 0, 0
53500, 1063, 1, 0, 0
54008, 1071, 1, 0, 0
54513, 1054, 1, 0, 0
55011, 1093, 1, 0, 0
55500, 1066, 1, 0, 0
56000, 1053, 1, 0, 0
56515, 1055, 1, 0, 0
57012, 1062, 1, 0, 0
57500, 1049, 1, 0, 0
58012, 1071, 1, 0, 0
58506, 1058, 1, 0, 0
59004, 1244, 1, 0, 0
59515, 1059, 1, 0, 0
60007, 1060, 1, 0, 0
