[89487.493224] KSC2026-MARK map16k_bs8k_r1 insmod 1791465250235971049
[89487.513550] NVMeVirt: Version 1.10 for >> Samsung 970 Pro SSD <<
[89487.513568] NVMeVirt: Storage: 0x300100000-0x600000000 (12287 MiB)
[89487.526347] NVMeVirt: Total Capacity(GiB,MiB)=3,3072 chs=2 luns=4 lines=384 blk-size(MiB,KiB)=2,2048 line-size(MiB,KiB)=8,8192
[89487.526351] NVMeVirt: KSC2026: mapping unit=16384 B, flash page=32768 B, oneshot page=32768 B, pgs_per_blk=128, blks_per_pl=384, write buffer=1048576 B
[89487.530948] NVMeVirt: [chmodel_init] bandwidth 800 max_credits 26 tx_time 152
[89487.534071] NVMeVirt: [chmodel_init] bandwidth 800 max_credits 26 tx_time 152
[89487.534082] NVMeVirt: [chmodel_init] bandwidth 3360 max_credits 110 tx_time 36
[89487.534410] NVMeVirt: pqueue: Copyright (c) 2014, Volkan Yazıcı <volkan.yazici@gmail.com>. All rights reserved.
[89487.534411] NVMeVirt: Init FTL instance with 2 channels (196608 pages)
[89487.537519] NVMeVirt: [chmodel_init] bandwidth 800 max_credits 26 tx_time 152
[89487.540613] NVMeVirt: [chmodel_init] bandwidth 800 max_credits 26 tx_time 152
[89487.540624] NVMeVirt: [chmodel_init] bandwidth 3360 max_credits 110 tx_time 36
[89487.540962] NVMeVirt: Init FTL instance with 2 channels (196608 pages)
[89487.544026] NVMeVirt: [chmodel_init] bandwidth 800 max_credits 26 tx_time 152
[89487.547092] NVMeVirt: [chmodel_init] bandwidth 800 max_credits 26 tx_time 152
[89487.547102] NVMeVirt: [chmodel_init] bandwidth 3360 max_credits 110 tx_time 36
[89487.547437] NVMeVirt: Init FTL instance with 2 channels (196608 pages)
[89487.550498] NVMeVirt: [chmodel_init] bandwidth 800 max_credits 26 tx_time 152
[89487.553563] NVMeVirt: [chmodel_init] bandwidth 800 max_credits 26 tx_time 152
[89487.553573] NVMeVirt: [chmodel_init] bandwidth 3360 max_credits 110 tx_time 36
[89487.553918] NVMeVirt: Init FTL instance with 2 channels (196608 pages)
[89487.553921] NVMeVirt: FTL physical space: 12883853312, logical space: 12040984403 (physical/logical * 100 = 107)
[89487.553922] NVMeVirt: KSC2026: WBUF_FIX=1 GC_STATS=1
[89487.553922] NVMeVirt: ns 0/1: size 11483 MiB
[89487.553954] PCI host bridge to bus 0001:10
[89487.553955] pci_bus 0001:10: root bus resource [io  0x0000-0xffff]
[89487.553957] pci_bus 0001:10: root bus resource [mem 0x00000000-0x3fffffffffff]
[89487.553958] pci_bus 0001:10: root bus resource [bus 00-ff]
[89487.553963] pci 0001:10:00.0: [0c51:0110] type 00 class 0x010802 PCIe Endpoint
[89487.553966] pci 0001:10:00.0: BAR 0 [mem 0x300000000-0x300003fff 64bit]
[89487.553967] pci 0001:10:00.0: enabling Extended Tags
[89487.554068] NVMeVirt: Virtual PCI bus created (node 0)
[89487.554278] NVMeVirt: nvmev_io_worker_0 started on cpu 4 (node 0)
[89487.554450] NVMeVirt: nvmev_io_worker_1 started on cpu 5 (node 0)
[89487.554459] NVMeVirt: nvmev_dispatcher started on cpu 3 (node 0)
[89487.554981] nvme nvme1: pci function 0001:10:00.0
[89487.557069] nvme nvme1: 1/0/0 default/read/poll queues
[89487.560299] NVMeVirt: Virtual NVMe device created
[89493.593692] KSC2026-MARK map16k_bs8k_r1 fio-start 1791465256348645793
[89499.498792] NVMeVirt: KSC2026: first GC part=2 victim line=2 vpc=183 ipc=329 free_lines=2 host_pgs=194560
[89499.516276] NVMeVirt: KSC2026: first GC part=1 victim line=8 vpc=171 ipc=341 free_lines=2 host_pgs=194560
[89499.516371] NVMeVirt: KSC2026: first GC part=3 victim line=10 vpc=178 ipc=334 free_lines=2 host_pgs=194560
[89499.566202] NVMeVirt: KSC2026: first GC part=0 victim line=4 vpc=177 ipc=335 free_lines=2 host_pgs=194560
[89554.630307] KSC2026-MARK map16k_bs8k_r1 fio-end
[89554.635135] KSC2026-MARK map16k_bs8k_r1 rmmod 1791465317392130289
[89554.689889] pci_bus 0001:10: busn_res: [bus 10-ff] is released
[89554.689921] NVMeVirt: KSC2026: stats part=0 host_pgs=417240 gc_pgs=812204 gc_cnt=2020 free_lines=2
[89554.689922] NVMeVirt: KSC2026: stats part=1 host_pgs=417395 gc_pgs=813557 gc_cnt=2023 free_lines=2
[89554.689923] NVMeVirt: KSC2026: stats part=2 host_pgs=417152 gc_pgs=814843 gc_cnt=2025 free_lines=2
[89554.689923] NVMeVirt: KSC2026: stats part=3 host_pgs=416805 gc_pgs=809560 gc_cnt=2014 free_lines=1
[89554.717175] NVMeVirt: Virtual NVMe device closed
