500, 2201192, 1, 0, 0
1000, 2204336, 1, 0, 0
1500, 2204456, 1, 0, 0
2000, 2199952, 1, 0, 0
2500, 2198416, 1, 0, 0
3000, 2195472, 1, 0, 0
3500, 2204808, 1, 0, 0
4000, 2199128, 1, 0, 0
4500, 2195528, 1, 0, 0
5000, 2197384, 1, 0, 0
5500, 2172848, 1, 0, 0
6000, 2137368, 1, 0, 0
6500, 2141418, 1, 0, 0
7000, 2140208, 1, 0, 0
7500, 2135904, 1, 0, 0
8000, 2135496, 1, 0, 0
8500, 2135680, 1, 0, 0
9000, 2136568, 1, 0, 0
9500, 2137080, 1, 0, 0
10000, 2135616, 1, 0, 0
10500, 2134400, 1, 0, 0
11000, 2127200, 1, 0, 0
11500, 2132480, 1, 0, 0
12000, 2132976, 1, 0, 0
12500, 2134680, 1, 0, 0
13000, 2131576, 1, 0, 0
13500, 2132960, 1, 0, 0
14000, 2131656, 1, 0, 0
14500, 2129192, 1, 0, 0
15000, 2131864, 1, 0, 0
15500, 2129891, 1, 0, 0
16000, 2132624, 1, 0, 0
16500, 2129416, 1, 0, 0
17000, 2135256, 1, 0, 0
17500, 2135328, 1, 0, 0
18000, 2133280, 1, 0, 0
18500, 2135632, 1, 0, 0
19000, 2131560, 1, 0, 0
19500, 2132528, 1, 0, 0
20000, 2134504, 1, 0, 0
20500, 2132400, 1, 0, 0
21000, 2133688, 1, 0, 0
21500, 2132832, 1, 0, 0
22000, 2131480, 1, 0, 0
22500, 2132936, 1, 0, 0
23000, 2136856, 1, 0, 0
23500, 2134728, 1, 0, 0
24000, 2139254, 1, 0, 0
24500, 2136072, 1, 0, 0
25000, 2133944, 1, 0, 0
25500, 2132384, 1, 0, 0
26000, 2134080, 1, 0, 0
26500, 2136304, 1, 0, 0
27000, 2130408, 1, 0, 0
27500, 2129912, 1, 0, 0
28000, 2132784, 1, 0, 0
28500, 2137752, 1, 0, 0
29000, 2138128, 1, 0, 0
29500, 2139240, 1, 0, 0
30000, 2131336, 1, 0, 0
30500, 2133304, 1, 0, 0
31000, 2134632, 1, 0, 0
31500, 2135688, 1, 0, 0
32000, 2133480, 1, 0, 0
32500, 2135848, 1, 0, 0
33000, 2133096, 1, 0, 0
33500, 2133058, 1, 0, 0
34000, 2137904, 1, 0, 0
34500, 2137480, 1, 0, 0
35000, 2137264, 1, 0, 0
35500, 2137104, 1, 0, 0
36000, 2137368, 1, 0, 0
36500, 2136920, 1, 0, 0
37000, 2135280, 1, 0, 0
37500, 2136896, 1, 0, 0
38000, 2132384, 1, 0, 0
38500, 2131656, 1, 0, 0
39000, 2135632, 1, 0, 0
39500, 2140672, 1, 0, 0
40000, 2139888, 1, 0, 0
40500, 2137712, 1, 0, 0
41000, 2134432, 1, 0, 0
41500, 2131832, 1, 0, 0
42000, 2133832, 1, 0, 0
42500, 2138656, 1, 0, 0
43000, 2135800, 1, 0, 0
43500, 2133322, 1, 0, 0
44000, 2130024, 1, 0, 0
44500, 2131736, 1, 0, 0
45000, 2138728, 1, 0, 0
45500, 2135848, 1, 0, 0
46000, 2138008, 1, 0, 0
46500, 2139608, 1, 0, 0
47000, 2132784, 1, 0, 0
47500, 2133920, 1, 0, 0
48000, 2137872, 1, 0, 0
48500, 2133824, 1, 0, 0
49000, 2133144, 1, 0, 0
49500, 2127504, 1, 0, 0
50000, 2134304, 1, 0, 0
50500, 2141040, 1, 0, 0
51000, 2139456, 1, 0, 0
51500, 2139192, 1, 0, 0
52000, 2135262, 1, 0, 0
52500, 2132160, 1, 0, 0
53000, 2133048, 1, 0, 0
53500, 2134232, 1, 0, 0
54000, 2134776, 1, 0, 0
54500, 2139288, 1, 0, 0
55000, 2132024, 1, 0, 0
55500, 2134320, 1, 0, 0
56000, 2135760, 1, 0, 0
56500, 2138512, 1, 0, 0
57000, 2136008, 1, 0, 0
57500, 2136088, 1, 0, 0
58000, 2132712, 1, 0, 0
58500, 2130192, 1, 0, 0
59000, 2131984, 1, 0, 0
59500, 2135456, 1, 0, 0
