500, 758, 1, 0, 0
1000, 757, 1, 0, 0
1500, 756, 1, 0, 0
2000, 757, 1, 0, 0
2500, 758, 1, 0, 0
3000, 760, 1, 0, 0
3500, 754, 1, 0, 0
4000, 756, 1, 0, 0
4500, 757, 1, 0, 0
5000, 756, 1, 0, 0
5500, 780, 1, 0, 0
6000, 809, 1, 0, 0
6500, 806, 1, 0, 0
7000, 807, 1, 0, 0
7500, 809, 1, 0, 0
8000, 809, 1, 0, 0
8500, 808, 1, 0, 0
9000, 807, 1, 0, 0
9500, 806, 1, 0, 0
10000, 807, 1, 0, 0
10500, 808, 1, 0, 0
11000, 812, 1, 0, 0
11500, 812, 1, 0, 0
12000, 811, 1, 0, 0
12500, 811, 1, 0, 0
13000, 814, 1, 0, 0
13500, 810, 1, 0, 0
14000, 811, 1, 0, 0
14500, 812, 1, 0, 0
15000, 810, 1, 0, 0
15500, 811, 1, 0, 0
16000, 812, 1, 0, 0
16500, 815, 1, 0, 0
17000, 810, 1, 0, 0
17500, 808, 1, 0, 0
18000, 809, 1, 0, 0
18500, 808, 1, 0, 0
19000, 810, 1, 0, 0
19500, 808, 1, 0, 0
20000, 808, 1, 0, 0
20500, 809, 1, 0, 0
21000, 809, 1, 0, 0
21500, 808, 1, 0, 0
22000, 811, 1, 0, 0
22500, 810, 1, 0, 0
23000, 809, 1, 0, 0
23500, 809, 1, 0, 0
24000, 807, 1, 0, 0
24500, 810, 1, 0, 0
25000, 809, 1, 0, 0
25500, 808, 1, 0, 0
26000, 807, 1, 0, 0
26500, 806, 1, 0, 0
27000, 809, 1, 0, 0
27500, 810, 1, 0, 0
28000, 812, 1, 0, 0
28500, 807, 1, 0, 0
29000, 807, 1, 0, 0
29500, 806, 1, 0, 0
30000, 808, 1, 0, 0
30500, 807, 1, 0, 0
31000, 807, 1, 0, 0
31500, 807, 1, 0, 0
32000, 808, 1, 0, 0
32500, 808, 1, 0, 0
33000, 810, 1, 0, 0
33500, 811, 1, 0, 0
34000, 808, 1, 0, 0
34500, 807, 1, 0, 0
35000, 808, 1, 0, 0
35500, 807, 1, 0, 0
36000, 806, 1, 0, 0
36500, 807, 1, 0, 0
37000, 807, 1, 0, 0
37500, 807, 1, 0, 0
38000, 808, 1, 0, 0
38500, 812, 1, 0, 0
39000, 810, 1, 0, 0
39500, 806, 1, 0, 0
40000, 807, 1, 0, 0
40500, 807, 1, 0, 0
41000, 807, 1, 0, 0
41500, 808, 1, 0, 0
42000, 811, 1, 0, 0
42500, 807, 1, 0, 0
43000, 809, 1, 0, 0
43500, 808, 1, 0, 0
44000, 810, 1, 0, 0
44500, 813, 1, 0, 0
45000, 807, 1, 0, 0
45500, 809, 1, 0, 0
46000, 809, 1, 0, 0
46500, 806, 1, 0, 0
47000, 811, 1, 0, 0
47500, 807, 1, 0, 0
48000, 806, 1, 0, 0
48500, 808, 1, 0, 0
49000, 806, 1, 0, 0
49500, 812, 1, 0, 0
50000, 812, 1, 0, 0
50500, 806, 1, 0, 0
51000, 807, 1, 0, 0
51500, 807, 1, 0, 0
52000, 806, 1, 0, 0
52500, 808, 1, 0, 0
53000, 808, 1, 0, 0
53500, 807, 1, 0, 0
54000, 806, 1, 0, 0
54500, 804, 1, 0, 0
55000, 812, 1, 0, 0
55500, 809, 1, 0, 0
56000, 807, 1, 0, 0
56500, 807, 1, 0, 0
57000, 808, 1, 0, 0
57500, 806, 1, 0, 0
58000, 809, 1, 0, 0
58500, 810, 1, 0, 0
59000, 811, 1, 0, 0
59500, 807, 1, 0, 0
60000, 808, 1, 0, 0
