500, 57270, 1, 0, 0
1000, 57175, 1, 0, 0
1500, 57168, 1, 0, 0
2000, 57284, 1, 0, 0
2500, 57325, 1, 0, 0
3000, 57403, 1, 0, 0
3500, 57157, 1, 0, 0
4000, 57308, 1, 0, 0
4500, 57402, 1, 0, 0
5000, 57353, 1, 0, 0
5500, 57980, 1, 0, 0
6000, 58938, 1, 0, 0
6500, 58826, 1, 0, 0
7000, 58863, 1, 0, 0
7500, 58978, 1, 0, 0
8000, 58990, 1, 0, 0
8500, 58984, 1, 0, 0
9000, 58962, 1, 0, 0
9500, 58946, 1, 0, 0
10000, 58986, 1, 0, 0
10500, 59021, 1, 0, 0
11000, 59210, 1, 0, 0
11500, 59073, 1, 0, 0
12000, 59056, 1, 0, 0
12500, 59009, 1, 0, 0
13000, 59093, 1, 0, 0
13500, 59060, 1, 0, 0
14000, 59095, 1, 0, 0
14500, 59162, 1, 0, 0
15000, 59089, 1, 0, 0
15500, 59146, 1, 0, 0
16000, 59065, 1, 0, 0
16500, 59147, 1, 0, 0
17000, 58994, 1, 0, 0
17500, 58995, 1, 0, 0
18000, 59053, 1, 0, 0
18500, 58988, 1, 0, 0
19000, 59097, 1, 0, 0
19500, 59073, 1, 0, 0
20000, 59019, 1, 0, 0
20500, 59076, 1, 0, 0
21000, 59040, 1, 0, 0
21500, 59065, 1, 0, 0
22000, 59093, 1, 0, 0
22500, 59063, 1, 0, 0
23000, 58949, 1, 0, 0
23500, 59012, 1, 0, 0
24000, 58886, 1, 0, 0
24500, 58971, 1, 0, 0
25000, 59033, 1, 0, 0
25500, 59076, 1, 0, 0
26000, 59030, 1, 0, 0
26500, 58967, 1, 0, 0
27000, 59133, 1, 0, 0
27500, 59138, 1, 0, 0
28000, 59063, 1, 0, 0
28500, 58928, 1, 0, 0
29000, 58916, 1, 0, 0
29500, 58886, 1, 0, 0
30000, 59104, 1, 0, 0
30500, 59053, 1, 0, 0
31000, 59013, 1, 0, 0
31500, 58985, 1, 0, 0
32000, 59046, 1, 0, 0
32500, 58977, 1, 0, 0
33000, 59050, 1, 0, 0
33500, 59055, 1, 0, 0
34000, 58923, 1, 0, 0
34500, 58936, 1, 0, 0
35000, 58941, 1, 0, 0
35500, 58942, 1, 0, 0
36000, 58939, 1, 0, 0
36500, 58948, 1, 0, 0
37000, 58999, 1, 0, 0
37500, 58951, 1, 0, 0
38000, 59078, 1, 0, 0
38500, 59086, 1, 0, 0
39000, 58985, 1, 0, 0
39500, 58846, 1, 0, 0
40000, 58866, 1, 0, 0
40500, 58928, 1, 0, 0
41000, 59021, 1, 0, 0
41500, 59095, 1, 0, 0
42000, 59030, 1, 0, 0
42500, 58903, 1, 0, 0
43000, 58981, 1, 0, 0
43500, 59051, 1, 0, 0
44000, 59135, 1, 0, 0
44500, 59094, 1, 0, 0
45000, 58899, 1, 0, 0
45500, 58981, 1, 0, 0
46000, 58918, 1, 0, 0
46500, 58877, 1, 0, 0
47000, 59064, 1, 0, 0
47500, 59036, 1, 0, 0
48000, 58925, 1, 0, 0
48500, 59035, 1, 0, 0
49000, 59055, 1, 0, 0
49500, 59203, 1, 0, 0
50000, 59021, 1, 0, 0
50500, 58839, 1, 0, 0
51000, 58877, 1, 0, 0
51500, 58887, 1, 0, 0
52000, 59000, 1, 0, 0
52500, 59084, 1, 0, 0
53000, 59058, 1, 0, 0
53500, 59027, 1, 0, 0
54000, 59012, 1, 0, 0
54500, 58888, 1, 0, 0
55000, 59074, 1, 0, 0
55500, 59022, 1, 0, 0
56000, 58985, 1, 0, 0
56500, 58907, 1, 0, 0
57000, 58975, 1, 0, 0
57500, 58973, 1, 0, 0
58000, 59068, 1, 0, 0
58500, 59139, 1, 0, 0
59000, 59085, 1, 0, 0
59500, 58994, 1, 0, 0
60000, 59086, 1, 0, 0
60000, 55962, 1, 0, 0
