500, 58028, 1, 0, 0
1000, 57932, 1, 0, 0
1500, 57924, 1, 0, 0
2000, 58041, 1, 0, 0
2500, 58082, 1, 0, 0
3000, 58163, 1, 0, 0
3500, 57912, 1, 0, 0
4000, 58063, 1, 0, 0
4500, 58159, 1, 0, 0
5000, 58109, 1, 0, 0
5500, 58759, 1, 0, 0
6000, 59747, 1, 0, 0
6500, 59632, 1, 0, 0
7000, 59669, 1, 0, 0
7500, 59787, 1, 0, 0
8000, 59799, 1, 0, 0
8500, 59793, 1, 0, 0
9000, 59769, 1, 0, 0
9500, 59752, 1, 0, 0
10000, 59793, 1, 0, 0
10500, 59829, 1, 0, 0
11000, 60022, 1, 0, 0
11500, 59885, 1, 0, 0
12000, 59867, 1, 0, 0
12500, 59820, 1, 0, 0
13000, 59907, 1, 0, 0
13500, 59870, 1, 0, 0
14000, 59907, 1, 0, 0
14500, 59974, 1, 0, 0
15000, 59899, 1, 0, 0
15500, 59957, 1, 0, 0
16000, 59878, 1, 0, 0
16500, 59962, 1, 0, 0
17000, 59805, 1, 0, 0
17500, 59803, 1, 0, 0
18000, 59862, 1, 0, 0
18500, 59795, 1, 0, 0
19000, 59907, 1, 0, 0
19500, 59881, 1, 0, 0
20000, 59827, 1, 0, 0
20500, 59885, 1, 0, 0
21000, 59849, 1, 0, 0
21500, 59873, 1, 0, 0
22000, 59903, 1, 0, 0
22500, 59873, 1, 0, 0
23000, 59758, 1, 0, 0
23500, 59820, 1, 0, 0
24000, 59693, 1, 0, 0
24500, 59781, 1, 0, 0
25000, 59842, 1, 0, 0
25500, 59884, 1, 0, 0
26000, 59837, 1, 0, 0
26500, 59773, 1, 0, 0
27000, 59942, 1, 0, 0
27500, 59948, 1, 0, 0
28000, 59874, 1, 0, 0
28500, 59735, 1, 0, 0
29000, 59724, 1, 0, 0
29500, 59691, 1, 0, 0
30000, 59912, 1, 0, 0
30500, 59860, 1, 0, 0
31000, 59820, 1, 0, 0
31500, 59792, 1, 0, 0
32000, 59854, 1, 0, 0
32500, 59785, 1, 0, 0
33000, 59860, 1, 0, 0
33500, 59866, 1, 0, 0
34000, 59732, 1, 0, 0
34500, 59743, 1, 0, 0
35000, 59749, 1, 0, 0
35500, 59750, 1, 0, 0
36000, 59746, 1, 0, 0
36500, 59755, 1, 0, 0
37000, 59806, 1, 0, 0
37500, 59758, 1, 0, 0
38000, 59886, 1, 0, 0
38500, 59898, 1, 0, 0
39000, 59794, 1, 0, 0
39500, 59652, 1, 0, 0
40000, 59672, 1, 0, 0
40500, 59735, 1, 0, 0
41000, 59827, 1, 0, 0
41500, 59903, 1, 0, 0
42000, 59840, 1, 0, 0
42500, 59710, 1, 0, 0
43000, 59790, 1, 0, 0
43500, 59860, 1, 0, 0
44000, 59945, 1, 0, 0
44500, 59907, 1, 0, 0
45000, 59705, 1, 0, 0
45500, 59791, 1, 0, 0
46000, 59727, 1, 0, 0
46500, 59683, 1, 0, 0
47000, 59874, 1, 0, 0
47500, 59843, 1, 0, 0
48000, 59731, 1, 0, 0
48500, 59844, 1, 0, 0
49000, 59862, 1, 0, 0
49500, 60015, 1, 0, 0
50000, 59833, 1, 0, 0
50500, 59645, 1, 0, 0
51000, 59684, 1, 0, 0
51500, 59694, 1, 0, 0
52000, 59806, 1, 0, 0
52500, 59892, 1, 0, 0
53000, 59866, 1, 0, 0
53500, 59834, 1, 0, 0
54000, 59818, 1, 0, 0
54500, 59692, 1, 0, 0
55000, 59886, 1, 0, 0
55500, 59831, 1, 0, 0
56000, 59793, 1, 0, 0
56500, 59714, 1, 0, 0
57000, 59783, 1, 0, 0
57500, 59779, 1, 0, 0
58000, 59877, 1, 0, 0
58500, 59949, 1, 0, 0
59000, 59896, 1, 0, 0
59500, 59801, 1, 0, 0
60000, 59894, 1, 0, 0
60000, 56777, 1, 0, 0
