[83475.974256] KSC2026-MARK map4k_bs4k_r1 insmod 1791459238627875022
[83475.987972] NVMeVirt: Version 1.10 for >> Samsung 970 Pro SSD <<
[83475.987981] NVMeVirt: Storage: 0x300100000-0x600000000 (12287 MiB)
[83475.999058] NVMeVirt: Total Capacity(GiB,MiB)=3,3072 chs=2 luns=4 lines=384 blk-size(MiB,KiB)=2,2048 line-size(MiB,KiB)=8,8192
[83475.999064] NVMeVirt: KSC2026: mapping unit=4096 B, flash page=32768 B, oneshot page=32768 B, pgs_per_blk=512, blks_per_pl=384, write buffer=1048576 B
[83476.008980] NVMeVirt: [chmodel_init] bandwidth 800 max_credits 26 tx_time 152
[83476.015824] NVMeVirt: [chmodel_init] bandwidth 800 max_credits 26 tx_time 152
[83476.015834] NVMeVirt: [chmodel_init] bandwidth 3360 max_credits 110 tx_time 36
[83476.017215] NVMeVirt: pqueue: Copyright (c) 2014, Volkan Yazıcı <volkan.yazici@gmail.com>. All rights reserved.
[83476.017216] NVMeVirt: Init FTL instance with 2 channels (786432 pages)
[83476.023963] NVMeVirt: [chmodel_init] bandwidth 800 max_credits 26 tx_time 152
[83476.030713] NVMeVirt: [chmodel_init] bandwidth 800 max_credits 26 tx_time 152
[83476.030726] NVMeVirt: [chmodel_init] bandwidth 3360 max_credits 110 tx_time 36
[83476.032119] NVMeVirt: Init FTL instance with 2 channels (786432 pages)
[83476.038877] NVMeVirt: [chmodel_init] bandwidth 800 max_credits 26 tx_time 152
[83476.045620] NVMeVirt: [chmodel_init] bandwidth 800 max_credits 26 tx_time 152
[83476.045630] NVMeVirt: [chmodel_init] bandwidth 3360 max_credits 110 tx_time 36
[83476.047032] NVMeVirt: Init FTL instance with 2 channels (786432 pages)
[83476.053820] NVMeVirt: [chmodel_init] bandwidth 800 max_credits 26 tx_time 152
[83476.060581] NVMeVirt: [chmodel_init] bandwidth 800 max_credits 26 tx_time 152
[83476.060593] NVMeVirt: [chmodel_init] bandwidth 3360 max_credits 110 tx_time 36
[83476.062033] NVMeVirt: Init FTL instance with 2 channels (786432 pages)
[83476.062037] NVMeVirt: FTL physical space: 12883853312, logical space: 12040984403 (physical/logical * 100 = 107)
[83476.062038] NVMeVirt: KSC2026: WBUF_FIX=1 GC_STATS=1
[83476.062039] NVMeVirt: KSC2026: WBUF_MERGE=1 (one open mapping unit per partition merges writes smaller than 4096 B)
[83476.062039] NVMeVirt: ns 0/1: size 11483 MiB
[83476.062075] PCI host bridge to bus 0001:10
[83476.062076] pci_bus 0001:10: root bus resource [io  0x0000-0xffff]
[83476.062078] pci_bus 0001:10: root bus resource [mem 0x00000000-0x3fffffffffff]
[83476.062080] pci_bus 0001:10: root bus resource [bus 00-ff]
[83476.062085] pci 0001:10:00.0: [0c51:0110] type 00 class 0x010802 PCIe Endpoint
[83476.062087] pci 0001:10:00.0: BAR 0 [mem 0x300000000-0x300003fff 64bit]
[83476.062089] pci 0001:10:00.0: enabling Extended Tags
[83476.062190] NVMeVirt: Virtual PCI bus created (node 0)
[83476.062501] NVMeVirt: nvmev_io_worker_0 started on cpu 4 (node 0)
[83476.062673] NVMeVirt: nvmev_io_worker_1 started on cpu 5 (node 0)
[83476.062687] NVMeVirt: nvmev_dispatcher started on cpu 3 (node 0)
[83476.063147] nvme nvme1: pci function 0001:10:00.0
[83476.064910] nvme nvme1: 1/0/0 default/read/poll queues
[83476.067813] NVMeVirt: Virtual NVMe device created
[83482.104618] KSC2026-MARK map4k_bs4k_r1 fio-start 1791459244770540050
[83488.023088] NVMeVirt: KSC2026: first GC part=0 victim line=0 vpc=0 ipc=2048 free_lines=2 host_pgs=778240
[83488.023099] NVMeVirt: KSC2026: first GC part=1 victim line=0 vpc=0 ipc=2048 free_lines=2 host_pgs=778240
[83488.023106] NVMeVirt: KSC2026: first GC part=2 victim line=0 vpc=0 ipc=2048 free_lines=2 host_pgs=778240
[83488.023112] NVMeVirt: KSC2026: first GC part=3 victim line=0 vpc=0 ipc=2048 free_lines=2 host_pgs=778240
[83543.147688] KSC2026-MARK map4k_bs4k_r1 fio-end
[83543.152423] KSC2026-MARK map4k_bs4k_r1 rmmod 1791459305819363389
[83543.212919] pci_bus 0001:10: busn_res: [bus 10-ff] is released
[83543.212942] NVMeVirt: KSC2026: stats part=0 host_pgs=8025855 gc_pgs=0 gc_cnt=3539 free_lines=3
[83543.212944] NVMeVirt: KSC2026: stats part=1 host_pgs=8025845 gc_pgs=0 gc_cnt=3539 free_lines=3
[83543.212945] NVMeVirt: KSC2026: stats part=2 host_pgs=8025845 gc_pgs=0 gc_cnt=3539 free_lines=3
[83543.212945] NVMeVirt: KSC2026: stats part=3 host_pgs=8025844 gc_pgs=0 gc_cnt=3539 free_lines=3
[83543.212946] NVMeVirt: KSC2026: merge part=0 open=0 merge=0 full=0 evict=0 direct=8025855 still_open=0
[83543.212946] NVMeVirt: KSC2026: merge part=1 open=0 merge=0 full=0 evict=0 direct=8025845 still_open=0
[83543.212947] NVMeVirt: KSC2026: merge part=2 open=0 merge=0 full=0 evict=0 direct=8025845 still_open=0
[83543.212948] NVMeVirt: KSC2026: merge part=3 open=0 merge=0 full=0 evict=0 direct=8025844 still_open=0
[83543.280102] NVMeVirt: Virtual NVMe device closed
