500, 232265, 1, 0, 0
1000, 233946, 1, 0, 0
1500, 234884, 1, 0, 0
2000, 233449, 1, 0, 0
2500, 232430, 1, 0, 0
3000, 231731, 1, 0, 0
3500, 232782, 1, 0, 0
4000, 233637, 1, 0, 0
4500, 232732, 1, 0, 0
5000, 233907, 1, 0, 0
5500, 233548, 1, 0, 0
6000, 384444, 1, 0, 0
6503, 682738, 1, 0, 0
7005, 692139, 1, 0, 0
7500, 760650, 1, 0, 0
8000, 790235, 1, 0, 0
8500, 711407, 1, 0, 0
9000, 694614, 1, 0, 0
9500, 799588, 1, 0, 0
10005, 743699, 1, 0, 0
10500, 826684, 1, 0, 0
11000, 847229, 1, 0, 0
11500, 885459, 1, 0, 0
12002, 857378, 1, 0, 0
12500, 910609, 1, 0, 0
13001, 906960, 1, 0, 0
13500, 990084, 1, 0, 0
14000, 910661, 1, 0, 0
14503, 990294, 1, 0, 0
15007, 1133308, 1, 0, 0
15007, 10114917, 1, 0, 0
