500, 231400, 1, 0, 0
1000, 233078, 1, 0, 0
1500, 234019, 1, 0, 0
2000, 232580, 1, 0, 0
2500, 231562, 1, 0, 0
3000, 230865, 1, 0, 0
3500, 231916, 1, 0, 0
4000, 232767, 1, 0, 0
4500, 231866, 1, 0, 0
5000, 233037, 1, 0, 0
5500, 232683, 1, 0, 0
6000, 383572, 1, 0, 0
6503, 681862, 1, 0, 0
7005, 691264, 1, 0, 0
7500, 759773, 1, 0, 0
8000, 789357, 1, 0, 0
8500, 710528, 1, 0, 0
9000, 693737, 1, 0, 0
9500, 798712, 1, 0, 0
10005, 742824, 1, 0, 0
10500, 825802, 1, 0, 0
11000, 846355, 1, 0, 0
11500, 884587, 1, 0, 0
12002, 856505, 1, 0, 0
12500, 909735, 1, 0, 0
13001, 906086, 1, 0, 0
13500, 989207, 1, 0, 0
14000, 909782, 1, 0, 0
14503, 989419, 1, 0, 0
15007, 1132431, 1, 0, 0
15007, 10114021, 1, 0, 0
