500, 865, 1, 0, 0
1000, 869, 1, 0, 0
1500, 865, 1, 0, 0
2000, 869, 1, 0, 0
2500, 868, 1, 0, 0
3000, 865, 1, 0, 0
3500, 867, 1, 0, 0
4000, 870, 1, 0, 0
4500, 866, 1, 0, 0
5000, 870, 1, 0, 0
5500, 865, 1, 0, 0
6000, 872, 1, 0, 0
6503, 876, 1, 0, 0
7005, 876, 1, 0, 0
7500, 876, 1, 0, 0
8000, 878, 1, 0, 0
8500, 879, 1, 0, 0
9000, 877, 1, 0, 0
9500, 876, 1, 0, 0
10005, 875, 1, 0, 0
10500, 882, 1, 0, 0
11000, 874, 1, 0, 0
11500, 872, 1, 0, 0
12002, 873, 1, 0, 0
12500, 873, 1, 0, 0
13001, 874, 1, 0, 0
13500, 877, 1, 0, 0
14000, 879, 1, 0, 0
14503, 875, 1, 0, 0
15007, 877, 1, 0, 0
