500, 550672, 1, 0, 0
1000, 546728, 1, 0, 0
1500, 544552, 1, 0, 0
2000, 547920, 1, 0, 0
2500, 550240, 1, 0, 0
3000, 551904, 1, 0, 0
3500, 549376, 1, 0, 0
4000, 547536, 1, 0, 0
4500, 549560, 1, 0, 0
5000, 546752, 1, 0, 0
5500, 547696, 1, 0, 0
6000, 332800, 1, 0, 0
6500, 186192, 1, 0, 0
7000, 184784, 1, 0, 0
7500, 169504, 1, 0, 0
8000, 161696, 1, 0, 0
8500, 180128, 1, 0, 0
9000, 183648, 1, 0, 0
9500, 160064, 1, 0, 0
10000, 171008, 1, 0, 0
10500, 155639, 1, 0, 0
11000, 151040, 1, 0, 0
11500, 144688, 1, 0, 0
12000, 147872, 1, 0, 0
12500, 139984, 1, 0, 0
13000, 141520, 1, 0, 0
13500, 130688, 1, 0, 0
14000, 140416, 1, 0, 0
14500, 128144, 1, 0, 0
15000, 113392, 1, 0, 0
