500, 137668, 1, 0, 0
1000, 136682, 1, 0, 0
1500, 136138, 1, 0, 0
2000, 136980, 1, 0, 0
2500, 137560, 1, 0, 0
3000, 137976, 1, 0, 0
3500, 137344, 1, 0, 0
4000, 136884, 1, 0, 0
4500, 137390, 1, 0, 0
5000, 136688, 1, 0, 0
5500, 136924, 1, 0, 0
6000, 83200, 1, 0, 0
6500, 46548, 1, 0, 0
7000, 46196, 1, 0, 0
7500, 42376, 1, 0, 0
8000, 40424, 1, 0, 0
8500, 45032, 1, 0, 0
9000, 45912, 1, 0, 0
9500, 40016, 1, 0, 0
10000, 42752, 1, 0, 0
10500, 38909, 1, 0, 0
11000, 37760, 1, 0, 0
11500, 36172, 1, 0, 0
12000, 36968, 1, 0, 0
12500, 34996, 1, 0, 0
13000, 35380, 1, 0, 0
13500, 32672, 1, 0, 0
14000, 35104, 1, 0, 0
14500, 32036, 1, 0, 0
15000, 28348, 1, 0, 0
