[82766.685452] KSC2026-MARK map16k_bs4k_r1 insmod 1791458529340428935
[82766.705791] NVMeVirt: Version 1.10 for >> Samsung 970 Pro SSD <<
[82766.705809] NVMeVirt: Storage: 0x300100000-0x600000000 (12287 MiB)
[82766.718771] NVMeVirt: Total Capacity(GiB,MiB)=3,3072 chs=2 luns=4 lines=384 blk-size(MiB,KiB)=2,2048 line-size(MiB,KiB)=8,8192
[82766.718776] NVMeVirt: KSC2026: mapping unit=16384 B, flash page=32768 B, oneshot page=32768 B, pgs_per_blk=128, blks_per_pl=384, write buffer=1048576 B
[82766.723460] NVMeVirt: [chmodel_init] bandwidth 800 max_credits 26 tx_time 152
[82766.726589] NVMeVirt: [chmodel_init] bandwidth 800 max_credits 26 tx_time 152
[82766.726600] NVMeVirt: [chmodel_init] bandwidth 3360 max_credits 110 tx_time 36
[82766.726951] NVMeVirt: pqueue: Copyright (c) 2014, Volkan Yazıcı <volkan.yazici@gmail.com>. All rights reserved.
[82766.726953] NVMeVirt: Init FTL instance with 2 channels (196608 pages)
[82766.730163] NVMeVirt: [chmodel_init] bandwidth 800 max_credits 26 tx_time 152
[82766.733366] NVMeVirt: [chmodel_init] bandwidth 800 max_credits 26 tx_time 152
[82766.733378] NVMeVirt: [chmodel_init] bandwidth 3360 max_credits 110 tx_time 36
[82766.733709] NVMeVirt: Init FTL instance with 2 channels (196608 pages)
[82766.736771] NVMeVirt: [chmodel_init] bandwidth 800 max_credits 26 tx_time 152
[82766.739805] NVMeVirt: [chmodel_init] bandwidth 800 max_credits 26 tx_time 152
[82766.739816] NVMeVirt: [chmodel_init] bandwidth 3360 max_credits 110 tx_time 36
[82766.740162] NVMeVirt: Init FTL instance with 2 channels (196608 pages)
[82766.743217] NVMeVirt: [chmodel_init] bandwidth 800 max_credits 26 tx_time 152
[82766.746282] NVMeVirt: [chmodel_init] bandwidth 800 max_credits 26 tx_time 152
[82766.746294] NVMeVirt: [chmodel_init] bandwidth 3360 max_credits 110 tx_time 36
[82766.746625] NVMeVirt: Init FTL instance with 2 channels (196608 pages)
[82766.746628] NVMeVirt: FTL physical space: 12883853312, logical space: 12040984403 (physical/logical * 100 = 107)
[82766.746629] NVMeVirt: KSC2026: WBUF_FIX=1 GC_STATS=1
[82766.746629] NVMeVirt: ns 0/1: size 11483 MiB
[82766.746662] PCI host bridge to bus 0001:10
[82766.746664] pci_bus 0001:10: root bus resource [io  0x0000-0xffff]
[82766.746666] pci_bus 0001:10: root bus resource [mem 0x00000000-0x3fffffffffff]
[82766.746667] pci_bus 0001:10: root bus resource [bus 00-ff]
[82766.746672] pci 0001:10:00.0: [0c51:0110] type 00 class 0x010802 PCIe Endpoint
[82766.746675] pci 0001:10:00.0: BAR 0 [mem 0x300000000-0x300003fff 64bit]
[82766.746676] pci 0001:10:00.0: enabling Extended Tags
[82766.746772] NVMeVirt: Virtual PCI bus created (node 0)
[82766.747027] NVMeVirt: nvmev_io_worker_0 started on cpu 4 (node 0)
[82766.747194] NVMeVirt: nvmev_io_worker_1 started on cpu 5 (node 0)
[82766.747209] NVMeVirt: nvmev_dispatcher started on cpu 3 (node 0)
[82766.747327] nvme nvme1: pci function 0001:10:00.0
[82766.749372] nvme nvme1: 1/0/0 default/read/poll queues
[82766.752284] NVMeVirt: Virtual NVMe device created
[82772.786046] KSC2026-MARK map16k_bs4k_r1 fio-start 1791458535453599025
[82778.699749] NVMeVirt: KSC2026: first GC part=2 victim line=6 vpc=171 ipc=341 free_lines=2 host_pgs=194560
[82778.710915] NVMeVirt: KSC2026: first GC part=1 victim line=8 vpc=164 ipc=348 free_lines=2 host_pgs=194560
[82778.728736] NVMeVirt: KSC2026: first GC part=3 victim line=10 vpc=168 ipc=344 free_lines=2 host_pgs=194560
[82778.729743] NVMeVirt: KSC2026: first GC part=0 victim line=4 vpc=169 ipc=343 free_lines=2 host_pgs=194560
[82788.798807] KSC2026-MARK map16k_bs4k_r1 fio-end
[82788.803604] KSC2026-MARK map16k_bs4k_r1 rmmod 1791458551472425749
[82788.877001] pci_bus 0001:10: busn_res: [bus 10-ff] is released
[82788.877174] NVMeVirt: KSC2026: stats part=0 host_pgs=285415 gc_pgs=67826 gc_cnt=309 free_lines=2
[82788.877176] NVMeVirt: KSC2026: stats part=1 host_pgs=286991 gc_pgs=69415 gc_cnt=315 free_lines=2
[82788.877177] NVMeVirt: KSC2026: stats part=2 host_pgs=286377 gc_pgs=69423 gc_cnt=314 free_lines=2
[82788.877177] NVMeVirt: KSC2026: stats part=3 host_pgs=285727 gc_pgs=68175 gc_cnt=310 free_lines=1
[82788.904609] NVMeVirt: Virtual NVMe device closed
