500, 111529, 1, 0, 0
1000, 111645, 1, 0, 0
1500, 111792, 1, 0, 0
2000, 111923, 1, 0, 0
2500, 111581, 1, 0, 0
3000, 112088, 1, 0, 0
3500, 111565, 1, 0, 0
4000, 111836, 1, 0, 0
4500, 111930, 1, 0, 0
5000, 111892, 1, 0, 0
5511, 111601, 1, 0, 0
6014, 1433255, 1, 0, 0
6505, 2020663, 1, 0, 0
7000, 1885793, 1, 0, 0
7510, 1794763, 1, 0, 0
8001, 1728688, 1, 0, 0
8514, 1626363, 1, 0, 0
9006, 1527392, 1, 0, 0
9516, 1414180, 1, 0, 0
10007, 1328023, 1, 0, 0
10507, 1425343, 1, 0, 0
11010, 1273666, 1, 0, 0
11500, 1435312, 1, 0, 0
12011, 1273767, 1, 0, 0
12509, 1148236, 1, 0, 0
13000, 1053213, 1, 0, 0
13502, 1338317, 1, 0, 0
14011, 1257697, 1, 0, 0
14502, 1218720, 1, 0, 0
15012, 1439466, 1, 0, 0
15508, 1324798, 1, 0, 0
16002, 1362011, 1, 0, 0
16511, 1108836, 1, 0, 0
17003, 1279449, 1, 0, 0
17505, 1431954, 1, 0, 0
18013, 1055397, 1, 0, 0
18501, 1638551, 1, 0, 0
19012, 1550697, 1, 0, 0
19507, 1515778, 1, 0, 0
20000, 1283450, 1, 0, 0
20516, 1114150, 1, 0, 0
21004, 1024012, 1, 0, 0
21500, 1192331, 1, 0, 0
22008, 1182159, 1, 0, 0
22515, 982185, 1, 0, 0
23001, 953805, 1, 0, 0
23502, 991019, 1, 0, 0
24004, 1199200, 1, 0, 0
24500, 1717804, 1, 0, 0
25000, 1144293, 1, 0, 0
25504, 1124271, 1, 0, 0
26009, 1101314, 1, 0, 0
26502, 1214290, 1, 0, 0
27007, 1290488, 1, 0, 0
27513, 1321926, 1, 0, 0
28003, 1532673, 1, 0, 0
28502, 1339779, 1, 0, 0
29011, 1449606, 1, 0, 0
29500, 998829, 1, 0, 0
30000, 1221395, 1, 0, 0
30510, 1300585, 1, 0, 0
31001, 1329615, 1, 0, 0
31508, 1346697, 1, 0, 0
32001, 1236037, 1, 0, 0
32512, 1009173, 1, 0, 0
33000, 1343262, 1, 0, 0
33503, 1224522, 1, 0, 0
34011, 1172901, 1, 0, 0
34509, 1050572, 1, 0, 0
35002, 1060198, 1, 0, 0
35511, 749193, 1, 0, 0
36009, 1187601, 1, 0, 0
36504, 1122407, 1, 0, 0
37012, 695252, 1, 0, 0
37501, 938971, 1, 0, 0
38000, 701788, 1, 0, 0
38500, 926546, 1, 0, 0
39000, 727777, 1, 0, 0
39506, 741223, 1, 0, 0
40009, 761268, 1, 0, 0
40506, 885601, 1, 0, 0
41009, 777335, 1, 0, 0
41500, 492375, 1, 0, 0
42000, 494443, 1, 0, 0
42502, 420234, 1, 0, 0
43010, 607535, 1, 0, 0
43500, 521959, 1, 0, 0
44004, 524531, 1, 0, 0
44507, 494174, 1, 0, 0
45005, 417695, 1, 0, 0
45500, 366682, 1, 0, 0
46001, 277609, 1, 0, 0
46500, 137751, 1, 0, 0
47001, 513814, 1, 0, 0
47510, 2117139, 1, 0, 0
48003, 1969361, 1, 0, 0
48515, 1821249, 1, 0, 0
49006, 1746234, 1, 0, 0
49500, 1668677, 1, 0, 0
50009, 1507345, 1, 0, 0
50500, 1508835, 1, 0, 0
51008, 1345589, 1, 0, 0
51500, 1284745, 1, 0, 0
52002, 1276217, 1, 0, 0
52513, 1386029, 1, 0, 0
53014, 1469784, 1, 0, 0
53504, 1043389, 1, 0, 0
54000, 1189037, 1, 0, 0
54509, 1169704, 1, 0, 0
55013, 1329291, 1, 0, 0
55500, 1317395, 1, 0, 0
56000, 1332239, 1, 0, 0
56510, 1384184, 1, 0, 0
57007, 1348847, 1, 0, 0
57504, 1249455, 1, 0, 0
58008, 1151768, 1, 0, 0
58500, 1098560, 1, 0, 0
59005, 1046008, 1, 0, 0
59513, 1044124, 1, 0, 0
60007, 1218935, 1, 0, 0
60008, 15960198, 1, 0, 0
