500, 283984, 1, 0, 0
1000, 283610, 1, 0, 0
1500, 283244, 1, 0, 0
2000, 282934, 1, 0, 0
2500, 283776, 1, 0, 0
3000, 282510, 1, 0, 0
3500, 283806, 1, 0, 0
4000, 283114, 1, 0, 0
4500, 282896, 1, 0, 0
5000, 283008, 1, 0, 0
5500, 280238, 1, 0, 0
6000, 22464, 1, 0, 0
6500, 15536, 1, 0, 0
7000, 17344, 1, 0, 0
7500, 17600, 1, 0, 0
8000, 18176, 1, 0, 0
8500, 20200, 1, 0, 0
9000, 20544, 1, 0, 0
9500, 23104, 1, 0, 0
10000, 23648, 1, 0, 0
10500, 22432, 1, 0, 0
11000, 25264, 1, 0, 0
11500, 22584, 1, 0, 0
12000, 24840, 1, 0, 0
12500, 27712, 1, 0, 0
13000, 30942, 1, 0, 0
13500, 23090, 1, 0, 0
14000, 25840, 1, 0, 0
14500, 25760, 1, 0, 0
15000, 22688, 1, 0, 0
15500, 23856, 1, 0, 0
16000, 23264, 1, 0, 0
16500, 29312, 1, 0, 0
17000, 24624, 1, 0, 0
17500, 22368, 1, 0, 0
18000, 30768, 1, 0, 0
18500, 19104, 1, 0, 0
19000, 21040, 1, 0, 0
19500, 20864, 1, 0, 0
20000, 25664, 1, 0, 0
20500, 28368, 1, 0, 0
21000, 30525, 1, 0, 0
21500, 27462, 1, 0, 0
22000, 26586, 1, 0, 0
22500, 33008, 1, 0, 0
23000, 32624, 1, 0, 0
23500, 32416, 1, 0, 0
24000, 26736, 1, 0, 0
24500, 19182, 1, 0, 0
25000, 26882, 1, 0, 0
25500, 28752, 1, 0, 0
26000, 29232, 1, 0, 0
26500, 25984, 1, 0, 0
27000, 25024, 1, 0, 0
27500, 24512, 1, 0, 0
28000, 20432, 1, 0, 0
28500, 23792, 1, 0, 0
29000, 22512, 1, 0, 0
29500, 32192, 1, 0, 0
30000, 26482, 1, 0, 0
30500, 24014, 1, 0, 0
31000, 23648, 1, 0, 0
31500, 24096, 1, 0, 0
32000, 25440, 1, 0, 0
32500, 32352, 1, 0, 0
33000, 24016, 1, 0, 0
33500, 25488, 1, 0, 0
34000, 27687, 1, 0, 0
34500, 30352, 1, 0, 0
35000, 29680, 1, 0, 0
35500, 43456, 1, 0, 0
36000, 26832, 1, 0, 0
36500, 28240, 1, 0, 0
37000, 46672, 1, 0, 0
37500, 33264, 1, 0, 0
38000, 45472, 1, 0, 0
38500, 35344, 1, 0, 0
39000, 44146, 1, 0, 0
39500, 42270, 1, 0, 0
40000, 42256, 1, 0, 0
40500, 35904, 1, 0, 0
41000, 41216, 1, 0, 0
41500, 63808, 1, 0, 0
42000, 66540, 1, 0, 0
42500, 74052, 1, 0, 0
43000, 53568, 1, 0, 0
43500, 61596, 1, 0, 0
44000, 59732, 1, 0, 0
44500, 65136, 1, 0, 0
45000, 76048, 1, 0, 0
45500, 88314, 1, 0, 0
46000, 113865, 1, 0, 0
46500, 231488, 1, 0, 0
47000, 60224, 1, 0, 0
47500, 15360, 1, 0, 0
48000, 16000, 1, 0, 0
48500, 18016, 1, 0, 0
49000, 17952, 1, 0, 0
49500, 19672, 1, 0, 0
50000, 20824, 1, 0, 0
50500, 21624, 1, 0, 0
51000, 23224, 1, 0, 0
51500, 25534, 1, 0, 0
52000, 24130, 1, 0, 0
52500, 23600, 1, 0, 0
53000, 21824, 1, 0, 0
53500, 29936, 1, 0, 0
54000, 27672, 1, 0, 0
54500, 26792, 1, 0, 0
55000, 24224, 1, 0, 0
55500, 24910, 1, 0, 0
56000, 23818, 1, 0, 0
56500, 22584, 1, 0, 0
57000, 23520, 1, 0, 0
57500, 25392, 1, 0, 0
58000, 28088, 1, 0, 0
58500, 29564, 1, 0, 0
59000, 29908, 1, 0, 0
59500, 31088, 1, 0, 0
60000, 25952, 1, 0, 0
