500, 112498, 1, 0, 0
1000, 112621, 1, 0, 0
1500, 112770, 1, 0, 0
2000, 112895, 1, 0, 0
2500, 112553, 1, 0, 0
3000, 113057, 1, 0, 0
3500, 112540, 1, 0, 0
4000, 112812, 1, 0, 0
4500, 112901, 1, 0, 0
5000, 112862, 1, 0, 0
5511, 112571, 1, 0, 0
6014, 1434234, 1, 0, 0
6505, 2021654, 1, 0, 0
7000, 1886793, 1, 0, 0
7510, 1795772, 1, 0, 0
8001, 1729672, 1, 0, 0
8514, 1627364, 1, 0, 0
9006, 1528380, 1, 0, 0
9516, 1415165, 1, 0, 0
10007, 1329007, 1, 0, 0
10507, 1426340, 1, 0, 0
11010, 1274649, 1, 0, 0
11500, 1436294, 1, 0, 0
12011, 1274775, 1, 0, 0
12509, 1149227, 1, 0, 0
13000, 1054191, 1, 0, 0
13502, 1339310, 1, 0, 0
14011, 1258685, 1, 0, 0
14502, 1219703, 1, 0, 0
15012, 1440458, 1, 0, 0
15508, 1325783, 1, 0, 0
16002, 1363010, 1, 0, 0
16511, 1109822, 1, 0, 0
17003, 1280436, 1, 0, 0
17505, 1432950, 1, 0, 0
18013, 1056375, 1, 0, 0
18501, 1639543, 1, 0, 0
19012, 1551691, 1, 0, 0
19507, 1516776, 1, 0, 0
20000, 1284436, 1, 0, 0
20516, 1115130, 1, 0, 0
21004, 1024988, 1, 0, 0
21500, 1193308, 1, 0, 0
22007, 1183142, 1, 0, 0
22515, 983155, 1, 0, 0
23001, 954777, 1, 0, 0
23502, 992004, 1, 0, 0
24004, 1200192, 1, 0, 0
24500, 1718793, 1, 0, 0
25000, 1145285, 1, 0, 0
25504, 1125258, 1, 0, 0
26009, 1102297, 1, 0, 0
26502, 1215280, 1, 0, 0
27007, 1291486, 1, 0, 0
27513, 1322917, 1, 0, 0
28003, 1533656, 1, 0, 0
28502, 1340766, 1, 0, 0
29011, 1450592, 1, 0, 0
29500, 999813, 1, 0, 0
30000, 1222378, 1, 0, 0
30510, 1301571, 1, 0, 0
31001, 1330600, 1, 0, 0
31508, 1347684, 1, 0, 0
32001, 1237025, 1, 0, 0
32512, 1010158, 1, 0, 0
33000, 1344248, 1, 0, 0
33503, 1225504, 1, 0, 0
34011, 1173892, 1, 0, 0
34509, 1051551, 1, 0, 0
35002, 1061189, 1, 0, 0
35511, 750171, 1, 0, 0
36009, 1188581, 1, 0, 0
36504, 1123383, 1, 0, 0
37012, 696244, 1, 0, 0
37501, 939952, 1, 0, 0
38000, 702780, 1, 0, 0
38500, 927531, 1, 0, 0
39000, 728763, 1, 0, 0
39506, 742200, 1, 0, 0
40009, 762257, 1, 0, 0
40506, 886574, 1, 0, 0
41009, 778316, 1, 0, 0
41500, 493354, 1, 0, 0
42000, 495420, 1, 0, 0
42502, 421205, 1, 0, 0
43010, 608513, 1, 0, 0
43500, 522938, 1, 0, 0
44004, 525512, 1, 0, 0
44507, 495147, 1, 0, 0
45005, 418665, 1, 0, 0
45500, 367653, 1, 0, 0
46001, 278594, 1, 0, 0
46500, 138719, 1, 0, 0
47001, 514791, 1, 0, 0
47510, 2118146, 1, 0, 0
48003, 1970362, 1, 0, 0
48515, 1822246, 1, 0, 0
49006, 1747238, 1, 0, 0
49500, 1669665, 1, 0, 0
50009, 1508342, 1, 0, 0
50500, 1509834, 1, 0, 0
51008, 1346577, 1, 0, 0
51500, 1285727, 1, 0, 0
52002, 1277200, 1, 0, 0
52513, 1387027, 1, 0, 0
53014, 1470775, 1, 0, 0
53504, 1044374, 1, 0, 0
54000, 1190030, 1, 0, 0
54509, 1170686, 1, 0, 0
55013, 1330275, 1, 0, 0
55500, 1318377, 1, 0, 0
56000, 1333238, 1, 0, 0
56510, 1385182, 1, 0, 0
57007, 1349841, 1, 0, 0
57504, 1250434, 1, 0, 0
58008, 1152755, 1, 0, 0
58500, 1099541, 1, 0, 0
59005, 1046991, 1, 0, 0
59513, 1045097, 1, 0, 0
60007, 1219922, 1, 0, 0
60008, 15961180, 1, 0, 0
