500, 2271872, 1, 0, 0
1000, 2268880, 1, 0, 0
1500, 2265952, 1, 0, 0
2000, 2263472, 1, 0, 0
2500, 2270208, 1, 0, 0
3000, 2260080, 1, 0, 0
3500, 2270448, 1, 0, 0
4000, 2264912, 1, 0, 0
4500, 2263168, 1, 0, 0
5000, 2264064, 1, 0, 0
5500, 2241904, 1, 0, 0
6000, 179712, 1, 0, 0
6500, 124288, 1, 0, 0
7000, 138752, 1, 0, 0
7500, 140800, 1, 0, 0
8000, 145408, 1, 0, 0
8500, 161603, 1, 0, 0
9000, 164352, 1, 0, 0
9500, 184832, 1, 0, 0
10000, 189184, 1, 0, 0
10500, 179456, 1, 0, 0
11000, 202112, 1, 0, 0
11500, 180672, 1, 0, 0
12000, 198720, 1, 0, 0
12500, 221696, 1, 0, 0
13000, 247536, 1, 0, 0
13500, 184720, 1, 0, 0
14000, 206720, 1, 0, 0
14500, 206080, 1, 0, 0
15000, 181504, 1, 0, 0
15500, 190848, 1, 0, 0
16000, 186112, 1, 0, 0
16500, 234496, 1, 0, 0
17000, 196992, 1, 0, 0
17500, 178944, 1, 0, 0
18000, 246144, 1, 0, 0
18500, 152832, 1, 0, 0
19000, 168320, 1, 0, 0
19500, 166912, 1, 0, 0
20000, 205312, 1, 0, 0
20500, 226944, 1, 0, 0
21000, 244200, 1, 0, 0
21500, 219696, 1, 0, 0
22000, 212688, 1, 0, 0
22500, 264064, 1, 0, 0
23000, 260992, 1, 0, 0
23500, 259328, 1, 0, 0
24000, 213888, 1, 0, 0
24500, 153456, 1, 0, 0
25000, 215056, 1, 0, 0
25500, 230016, 1, 0, 0
26000, 233856, 1, 0, 0
26500, 207872, 1, 0, 0
27000, 200192, 1, 0, 0
27500, 196096, 1, 0, 0
28000, 163456, 1, 0, 0
28500, 190336, 1, 0, 0
29000, 180096, 1, 0, 0
29500, 257536, 1, 0, 0
30000, 211856, 1, 0, 0
30500, 192112, 1, 0, 0
31000, 189184, 1, 0, 0
31500, 192768, 1, 0, 0
32000, 203520, 1, 0, 0
32500, 258816, 1, 0, 0
33000, 192128, 1, 0, 0
33500, 203904, 1, 0, 0
34000, 221498, 1, 0, 0
34500, 242816, 1, 0, 0
35000, 237440, 1, 0, 0
35500, 347648, 1, 0, 0
36000, 214656, 1, 0, 0
36500, 225920, 1, 0, 0
37000, 373376, 1, 0, 0
37500, 266112, 1, 0, 0
38000, 363776, 1, 0, 0
38500, 282752, 1, 0, 0
39000, 353168, 1, 0, 0
39500, 338160, 1, 0, 0
40000, 338048, 1, 0, 0
40500, 287232, 1, 0, 0
41000, 329728, 1, 0, 0
41500, 510464, 1, 0, 0
42000, 532304, 1, 0, 0
42500, 592416, 1, 0, 0
43000, 428544, 1, 0, 0
43500, 492768, 1, 0, 0
44000, 477856, 1, 0, 0
44500, 521088, 1, 0, 0
45000, 608384, 1, 0, 0
45500, 706512, 1, 0, 0
46000, 910925, 1, 0, 0
46500, 1851904, 1, 0, 0
47000, 481792, 1, 0, 0
47500, 122880, 1, 0, 0
48000, 128000, 1, 0, 0
48500, 144128, 1, 0, 0
49000, 143616, 1, 0, 0
49500, 157376, 1, 0, 0
50000, 166592, 1, 0, 0
50500, 172992, 1, 0, 0
51000, 185792, 1, 0, 0
51500, 204272, 1, 0, 0
52000, 193040, 1, 0, 0
52500, 188800, 1, 0, 0
53000, 174592, 1, 0, 0
53500, 239488, 1, 0, 0
54000, 221376, 1, 0, 0
54500, 214336, 1, 0, 0
55000, 193792, 1, 0, 0
55500, 199280, 1, 0, 0
56000, 190544, 1, 0, 0
56500, 180672, 1, 0, 0
57000, 188160, 1, 0, 0
57500, 203136, 1, 0, 0
58000, 224705, 1, 0, 0
58500, 236512, 1, 0, 0
59000, 239264, 1, 0, 0
59500, 248704, 1, 0, 0
60000, 207616, 1, 0, 0
