[90191.080252] KSC2026-MARK map4k_bs8k_r3 insmod 1791465953833568635
[90191.094440] NVMeVirt: Version 1.10 for >> Samsung 970 Pro SSD <<
[90191.094450] NVMeVirt: Storage: 0x300100000-0x600000000 (12287 MiB)
[90191.105199] NVMeVirt: Total Capacity(GiB,MiB)=3,3072 chs=2 luns=4 lines=384 blk-size(MiB,KiB)=2,2048 line-size(MiB,KiB)=8,8192
[90191.105205] NVMeVirt: KSC2026: mapping unit=4096 B, flash page=32768 B, oneshot page=32768 B, pgs_per_blk=512, blks_per_pl=384, write buffer=1048576 B
[90191.114688] NVMeVirt: [chmodel_init] bandwidth 800 max_credits 26 tx_time 152
[90191.121465] NVMeVirt: [chmodel_init] bandwidth 800 max_credits 26 tx_time 152
[90191.121475] NVMeVirt: [chmodel_init] bandwidth 3360 max_credits 110 tx_time 36
[90191.122877] NVMeVirt: pqueue: Copyright (c) 2014, Volkan Yazıcı <volkan.yazici@gmail.com>. All rights reserved.
[90191.122879] NVMeVirt: Init FTL instance with 2 channels (786432 pages)
[90191.129647] NVMeVirt: [chmodel_init] bandwidth 800 max_credits 26 tx_time 152
[90191.136472] NVMeVirt: [chmodel_init] bandwidth 800 max_credits 26 tx_time 152
[90191.136483] NVMeVirt: [chmodel_init] bandwidth 3360 max_credits 110 tx_time 36
[90191.137869] NVMeVirt: Init FTL instance with 2 channels (786432 pages)
[90191.144643] NVMeVirt: [chmodel_init] bandwidth 800 max_credits 26 tx_time 152
[90191.151412] NVMeVirt: [chmodel_init] bandwidth 800 max_credits 26 tx_time 152
[90191.151423] NVMeVirt: [chmodel_init] bandwidth 3360 max_credits 110 tx_time 36
[90191.152860] NVMeVirt: Init FTL instance with 2 channels (786432 pages)
[90191.159569] NVMeVirt: [chmodel_init] bandwidth 800 max_credits 26 tx_time 152
[90191.166261] NVMeVirt: [chmodel_init] bandwidth 800 max_credits 26 tx_time 152
[90191.166272] NVMeVirt: [chmodel_init] bandwidth 3360 max_credits 110 tx_time 36
[90191.167665] NVMeVirt: Init FTL instance with 2 channels (786432 pages)
[90191.167669] NVMeVirt: FTL physical space: 12883853312, logical space: 12040984403 (physical/logical * 100 = 107)
[90191.167670] NVMeVirt: KSC2026: WBUF_FIX=1 GC_STATS=1
[90191.167671] NVMeVirt: ns 0/1: size 11483 MiB
[90191.167713] PCI host bridge to bus 0001:10
[90191.167714] pci_bus 0001:10: root bus resource [io  0x0000-0xffff]
[90191.167716] pci_bus 0001:10: root bus resource [mem 0x00000000-0x3fffffffffff]
[90191.167717] pci_bus 0001:10: root bus resource [bus 00-ff]
[90191.167723] pci 0001:10:00.0: [0c51:0110] type 00 class 0x010802 PCIe Endpoint
[90191.167725] pci 0001:10:00.0: BAR 0 [mem 0x300000000-0x300003fff 64bit]
[90191.167727] pci 0001:10:00.0: enabling Extended Tags
[90191.167827] NVMeVirt: Virtual PCI bus created (node 0)
[90191.168735] NVMeVirt: nvmev_io_worker_0 started on cpu 4 (node 0)
[90191.169374] NVMeVirt: nvmev_io_worker_1 started on cpu 5 (node 0)
[90191.169385] NVMeVirt: nvmev_dispatcher started on cpu 3 (node 0)
[90191.169466] nvme nvme1: pci function 0001:10:00.0
[90191.172856] nvme nvme1: 1/0/0 default/read/poll queues
[90191.174803] NVMeVirt: Virtual NVMe device created
[90197.209052] KSC2026-MARK map4k_bs8k_r3 fio-start 1791465959975078744
[90202.948471] NVMeVirt: KSC2026: first GC part=2 victim line=313 vpc=1896 ipc=152 free_lines=2 host_pgs=778240
[90202.948548] NVMeVirt: KSC2026: first GC part=3 victim line=313 vpc=1896 ipc=152 free_lines=2 host_pgs=778240
[90202.967318] NVMeVirt: KSC2026: first GC part=0 victim line=60 vpc=1896 ipc=152 free_lines=2 host_pgs=778240
[90202.967394] NVMeVirt: KSC2026: first GC part=1 victim line=60 vpc=1896 ipc=152 free_lines=2 host_pgs=778240
[90258.251454] KSC2026-MARK map4k_bs8k_r3 fio-end
[90258.256271] KSC2026-MARK map4k_bs8k_r3 rmmod 1791466021024319570
[90258.311809] pci_bus 0001:10: busn_res: [bus 10-ff] is released
[90258.311878] NVMeVirt: KSC2026: stats part=0 host_pgs=1673299 gc_pgs=3862245 gc_cnt=2322 free_lines=2
[90258.311880] NVMeVirt: KSC2026: stats part=1 host_pgs=1673299 gc_pgs=3862245 gc_cnt=2322 free_lines=2
[90258.311880] NVMeVirt: KSC2026: stats part=2 host_pgs=1673453 gc_pgs=3868352 gc_cnt=2325 free_lines=2
[90258.311881] NVMeVirt: KSC2026: stats part=3 host_pgs=1673453 gc_pgs=3868352 gc_cnt=2325 free_lines=2
[90258.378770] NVMeVirt: Virtual NVMe device closed
