500, 2191936, 1, 0, 0
1000, 2191968, 1, 0, 0
1500, 2189600, 1, 0, 0
2000, 2194912, 1, 0, 0
2500, 2196352, 1, 0, 0
3000, 2191520, 1, 0, 0
3500, 2197696, 1, 0, 0
4000, 2203616, 1, 0, 0
4500, 2188896, 1, 0, 0
5000, 2193152, 1, 0, 0
5500, 2201664, 1, 0, 0
6000, 894720, 1, 0, 0
6500, 132608, 1, 0, 0
7000, 145984, 1, 0, 0
7500, 136128, 1, 0, 0
8000, 147584, 1, 0, 0
8500, 150272, 1, 0, 0
9000, 148160, 1, 0, 0
9500, 154432, 1, 0, 0
10000, 159294, 1, 0, 0
10500, 167808, 1, 0, 0
11000, 182656, 1, 0, 0
11500, 170048, 1, 0, 0
12000, 195200, 1, 0, 0
12500, 198912, 1, 0, 0
13000, 168832, 1, 0, 0
13500, 188608, 1, 0, 0
14000, 175936, 1, 0, 0
14500, 171840, 1, 0, 0
15000, 183168, 1, 0, 0
15500, 187456, 1, 0, 0
16000, 169152, 1, 0, 0
16500, 186688, 1, 0, 0
17000, 182528, 1, 0, 0
17500, 171072, 1, 0, 0
18000, 192512, 1, 0, 0
18500, 172480, 1, 0, 0
19000, 193024, 1, 0, 0
19500, 225088, 1, 0, 0
20000, 181760, 1, 0, 0
20500, 176576, 1, 0, 0
21000, 178880, 1, 0, 0
21500, 191040, 1, 0, 0
22000, 193664, 1, 0, 0
22500, 187648, 1, 0, 0
23000, 190848, 1, 0, 0
23500, 193088, 1, 0, 0
24000, 184625, 1, 0, 0
24500, 199104, 1, 0, 0
25000, 197184, 1, 0, 0
25500, 190848, 1, 0, 0
26000, 206528, 1, 0, 0
26500, 191552, 1, 0, 0
27000, 211968, 1, 0, 0
27500, 213312, 1, 0, 0
28000, 195008, 1, 0, 0
28500, 238208, 1, 0, 0
29000, 201344, 1, 0, 0
29500, 206720, 1, 0, 0
30000, 196736, 1, 0, 0
30500, 201728, 1, 0, 0
31000, 199936, 1, 0, 0
31500, 245696, 1, 0, 0
32000, 228672, 1, 0, 0
32500, 250816, 1, 0, 0
33000, 225472, 1, 0, 0
33500, 220672, 1, 0, 0
34000, 220472, 1, 0, 0
34500, 218816, 1, 0, 0
35000, 221696, 1, 0, 0
35500, 266816, 1, 0, 0
36000, 268288, 1, 0, 0
36500, 245632, 1, 0, 0
37000, 236480, 1, 0, 0
37500, 274592, 1, 0, 0
38000, 251488, 1, 0, 0
38500, 246080, 1, 0, 0
39000, 244096, 1, 0, 0
39500, 257984, 1, 0, 0
40000, 271680, 1, 0, 0
40500, 296064, 1, 0, 0
41000, 276672, 1, 0, 0
41500, 287424, 1, 0, 0
42000, 292416, 1, 0, 0
42500, 283520, 1, 0, 0
43000, 306560, 1, 0, 0
43500, 315648, 1, 0, 0
44000, 324096, 1, 0, 0
44500, 342912, 1, 0, 0
45000, 361875, 1, 0, 0
45500, 375232, 1, 0, 0
46000, 383808, 1, 0, 0
46500, 405120, 1, 0, 0
47000, 426496, 1, 0, 0
47500, 385728, 1, 0, 0
48000, 461568, 1, 0, 0
48500, 512256, 1, 0, 0
49000, 664032, 1, 0, 0
49500, 804096, 1, 0, 0
50000, 1722240, 1, 0, 0
50500, 723264, 1, 0, 0
51000, 129088, 1, 0, 0
51500, 133952, 1, 0, 0
52000, 129024, 1, 0, 0
52500, 147008, 1, 0, 0
53000, 148928, 1, 0, 0
53500, 159744, 1, 0, 0
54000, 156672, 1, 0, 0
54500, 160064, 1, 0, 0
55000, 178048, 1, 0, 0
55500, 175454, 1, 0, 0
56000, 183872, 1, 0, 0
56500, 172864, 1, 0, 0
57000, 177920, 1, 0, 0
57500, 174400, 1, 0, 0
58000, 187200, 1, 0, 0
58500, 193408, 1, 0, 0
59000, 179584, 1, 0, 0
59500, 181248, 1, 0, 0
60000, 165696, 1, 0, 0
