500, 232122, 1, 0, 0
1000, 232152, 1, 0, 0
1500, 232373, 1, 0, 0
2000, 231817, 1, 0, 0
2500, 231642, 1, 0, 0
3000, 232172, 1, 0, 0
3500, 231515, 1, 0, 0
4000, 230908, 1, 0, 0
4500, 232465, 1, 0, 0
5000, 231969, 1, 0, 0
5500, 231069, 1, 0, 0
6014, 567131, 1, 0, 0
6505, 3781118, 1, 0, 0
7016, 3584625, 1, 0, 0
7504, 3667343, 1, 0, 0
8010, 3521751, 1, 0, 0
8500, 3516199, 1, 0, 0
9000, 3396276, 1, 0, 0
9500, 3298608, 1, 0, 0
10010, 3184993, 1, 0, 0
10509, 3038530, 1, 0, 0
11010, 2820441, 1, 0, 0
11500, 2943963, 1, 0, 0
12000, 2703162, 1, 0, 0
12512, 2551744, 1, 0, 0
13009, 3022613, 1, 0, 0
13500, 2738126, 1, 0, 0
14000, 2909078, 1, 0, 0
14506, 2919712, 1, 0, 0
15001, 2774510, 1, 0, 0
15500, 2816426, 1, 0, 0
16003, 2929713, 1, 0, 0
16510, 2779751, 1, 0, 0
17014, 2832813, 1, 0, 0
17501, 2908129, 1, 0, 0
18007, 2687178, 1, 0, 0
18502, 2959567, 1, 0, 0
19007, 2672296, 1, 0, 0
19509, 2272504, 1, 0, 0
20006, 2808384, 1, 0, 0
20503, 2874967, 1, 0, 0
21002, 2851254, 1, 0, 0
21503, 2685211, 1, 0, 0
22002, 2641240, 1, 0, 0
22500, 2794469, 1, 0, 0
23000, 2694580, 1, 0, 0
23500, 2640191, 1, 0, 0
24011, 2755637, 1, 0, 0
24510, 2569674, 1, 0, 0
25008, 2577169, 1, 0, 0
25502, 2647396, 1, 0, 0
26000, 2552554, 1, 0, 0
26503, 2604138, 1, 0, 0
27000, 2419713, 1, 0, 0
27500, 2454843, 1, 0, 0
28002, 2550361, 1, 0, 0
28506, 2162046, 1, 0, 0
29006, 2558422, 1, 0, 0
29502, 2434396, 1, 0, 0
30000, 2691581, 1, 0, 0
30500, 2525889, 1, 0, 0
31000, 2567362, 1, 0, 0
31511, 2054070, 1, 0, 0
32003, 2207696, 1, 0, 0
32500, 2098096, 1, 0, 0
33000, 2260432, 1, 0, 0
33500, 2307716, 1, 0, 0
34011, 2318257, 1, 0, 0
34503, 2297894, 1, 0, 0
35000, 2294411, 1, 0, 0
35504, 1936787, 1, 0, 0
36007, 1910445, 1, 0, 0
36509, 2096195, 1, 0, 0
37004, 2146870, 1, 0, 0
37500, 1870760, 1, 0, 0
38000, 2062668, 1, 0, 0
38506, 2049250, 1, 0, 0
39000, 2134245, 1, 0, 0
39500, 1981152, 1, 0, 0
40002, 1833113, 1, 0, 0
40502, 1730730, 1, 0, 0
41001, 1841013, 1, 0, 0
41500, 1817276, 1, 0, 0
42009, 1748187, 1, 0, 0
42500, 1796195, 1, 0, 0
43003, 1659705, 1, 0, 0
43506, 1629899, 1, 0, 0
44004, 1572000, 1, 0, 0
44510, 1509519, 1, 0, 0
45001, 1393954, 1, 0, 0
45510, 1384869, 1, 0, 0
46000, 1335603, 1, 0, 0
46500, 1262390, 1, 0, 0
47005, 1190506, 1, 0, 0
47502, 1317666, 1, 0, 0
48000, 1121266, 1, 0, 0
48500, 998018, 1, 0, 0
49000, 772015, 1, 0, 0
49500, 633911, 1, 0, 0
50000, 296242, 1, 0, 0
50506, 690687, 1, 0, 0
51011, 4021769, 1, 0, 0
51500, 3887388, 1, 0, 0
52000, 3940845, 1, 0, 0
52505, 3400643, 1, 0, 0
53011, 3472133, 1, 0, 0
53500, 3272542, 1, 0, 0
54002, 3133954, 1, 0, 0
54500, 3337101, 1, 0, 0
55000, 2847357, 1, 0, 0
55512, 2899609, 1, 0, 0
56011, 2764291, 1, 0, 0
56500, 2989983, 1, 0, 0
57001, 2791724, 1, 0, 0
57500, 3031967, 1, 0, 0
58003, 2671861, 1, 0, 0
58510, 2684646, 1, 0, 0
59005, 2803061, 1, 0, 0
59500, 2881603, 1, 0, 0
60002, 3005629, 1, 0, 0
60003, 16995637, 1, 0, 0
