500, 233365, 1, 0, 0
1000, 233390, 1, 0, 0
1500, 233606, 1, 0, 0
2000, 233051, 1, 0, 0
2500, 232873, 1, 0, 0
3000, 233407, 1, 0, 0
3500, 232749, 1, 0, 0
4000, 232141, 1, 0, 0
4500, 233705, 1, 0, 0
5000, 233207, 1, 0, 0
5500, 232300, 1, 0, 0
6014, 568367, 1, 0, 0
6505, 3782369, 1, 0, 0
7016, 3585871, 1, 0, 0
7504, 3668589, 1, 0, 0
8010, 3522987, 1, 0, 0
8500, 3517440, 1, 0, 0
9000, 3397528, 1, 0, 0
9500, 3299853, 1, 0, 0
10010, 3186237, 1, 0, 0
10509, 3039765, 1, 0, 0
11010, 2821688, 1, 0, 0
11500, 2945210, 1, 0, 0
12000, 2704401, 1, 0, 0
12512, 2552981, 1, 0, 0
13009, 3023859, 1, 0, 0
13500, 2739368, 1, 0, 0
14000, 2910330, 1, 0, 0
14506, 2920969, 1, 0, 0
15001, 2775762, 1, 0, 0
15500, 2817679, 1, 0, 0
16003, 2930957, 1, 0, 0
16510, 2780998, 1, 0, 0
17014, 2834063, 1, 0, 0
17501, 2909384, 1, 0, 0
18007, 2688424, 1, 0, 0
18502, 2960799, 1, 0, 0
19007, 2673651, 1, 0, 0
19509, 2273746, 1, 0, 0
20006, 2809635, 1, 0, 0
20503, 2876208, 1, 0, 0
21002, 2852519, 1, 0, 0
21503, 2686632, 1, 0, 0
22002, 2642483, 1, 0, 0
22500, 2795709, 1, 0, 0
23000, 2695824, 1, 0, 0
23500, 2641435, 1, 0, 0
24011, 2756903, 1, 0, 0
24510, 2570914, 1, 0, 0
25008, 2578403, 1, 0, 0
25502, 2648638, 1, 0, 0
26000, 2553788, 1, 0, 0
26503, 2605401, 1, 0, 0
27000, 2420947, 1, 0, 0
27500, 2456077, 1, 0, 0
28002, 2551599, 1, 0, 0
28506, 2163272, 1, 0, 0
29006, 2559670, 1, 0, 0
29502, 2435695, 1, 0, 0
30000, 2692943, 1, 0, 0
30500, 2527123, 1, 0, 0
31000, 2568593, 1, 0, 0
31511, 2055308, 1, 0, 0
32003, 2208929, 1, 0, 0
32500, 2099425, 1, 0, 0
33000, 2261664, 1, 0, 0
33500, 2308956, 1, 0, 0
34011, 2319488, 1, 0, 0
34503, 2299136, 1, 0, 0
35000, 2295791, 1, 0, 0
35504, 1938024, 1, 0, 0
36007, 1911677, 1, 0, 0
36509, 2097426, 1, 0, 0
37004, 2148110, 1, 0, 0
37500, 1871997, 1, 0, 0
38000, 2064026, 1, 0, 0
38506, 2050496, 1, 0, 0
39000, 2135486, 1, 0, 0
39500, 1982385, 1, 0, 0
40002, 1834345, 1, 0, 0
40502, 1731967, 1, 0, 0
41001, 1842257, 1, 0, 0
41500, 1818522, 1, 0, 0
42009, 1749429, 1, 0, 0
42500, 1797439, 1, 0, 0
43003, 1660945, 1, 0, 0
43506, 1631132, 1, 0, 0
44004, 1573254, 1, 0, 0
44510, 1510787, 1, 0, 0
45001, 1395190, 1, 0, 0
45510, 1386108, 1, 0, 0
46000, 1336845, 1, 0, 0
46500, 1263625, 1, 0, 0
47005, 1191746, 1, 0, 0
47502, 1318932, 1, 0, 0
48000, 1122501, 1, 0, 0
48500, 999253, 1, 0, 0
49000, 773250, 1, 0, 0
49500, 635143, 1, 0, 0
50000, 297474, 1, 0, 0
50506, 691915, 1, 0, 0
51011, 4023006, 1, 0, 0
51500, 3888678, 1, 0, 0
52000, 3942088, 1, 0, 0
52505, 3401886, 1, 0, 0
53011, 3473374, 1, 0, 0
53500, 3273784, 1, 0, 0
54002, 3135191, 1, 0, 0
54500, 3338347, 1, 0, 0
55000, 2848662, 1, 0, 0
55512, 2900846, 1, 0, 0
56011, 2765519, 1, 0, 0
56500, 2991222, 1, 0, 0
57001, 2792962, 1, 0, 0
57500, 3033202, 1, 0, 0
58003, 2673094, 1, 0, 0
58510, 2685876, 1, 0, 0
59005, 2804295, 1, 0, 0
59500, 2882826, 1, 0, 0
60002, 3006854, 1, 0, 0
60003, 16996854, 1, 0, 0
