[63777.623774] KSC2026-MARK map16k_bs16k_r1 insmod 1791439539997981967
[63777.643884] NVMeVirt: Version 1.10 for >> Samsung 970 Pro SSD <<
[63777.643902] NVMeVirt: Storage: 0x300100000-0x600000000 (12287 MiB)
[63777.656946] NVMeVirt: Total Capacity(GiB,MiB)=3,3072 chs=2 luns=4 lines=384 blk-size(MiB,KiB)=2,2048 line-size(MiB,KiB)=8,8192
[63777.656951] NVMeVirt: KSC2026: mapping unit=16384 B, flash page=32768 B, oneshot page=32768 B, pgs_per_blk=128, blks_per_pl=384, write buffer=1048576 B
[63777.661792] NVMeVirt: [chmodel_init] bandwidth 800 max_credits 26 tx_time 152
[63777.664992] NVMeVirt: [chmodel_init] bandwidth 800 max_credits 26 tx_time 152
[63777.665004] NVMeVirt: [chmodel_init] bandwidth 3360 max_credits 110 tx_time 36
[63777.665375] NVMeVirt: pqueue: Copyright (c) 2014, Volkan Yazıcı <volkan.yazici@gmail.com>. All rights reserved.
[63777.665376] NVMeVirt: Init FTL instance with 2 channels (196608 pages)
[63777.668472] NVMeVirt: [chmodel_init] bandwidth 800 max_credits 26 tx_time 152
[63777.671582] NVMeVirt: [chmodel_init] bandwidth 800 max_credits 26 tx_time 152
[63777.671593] NVMeVirt: [chmodel_init] bandwidth 3360 max_credits 110 tx_time 36
[63777.671920] NVMeVirt: Init FTL instance with 2 channels (196608 pages)
[63777.675015] NVMeVirt: [chmodel_init] bandwidth 800 max_credits 26 tx_time 152
[63777.678090] NVMeVirt: [chmodel_init] bandwidth 800 max_credits 26 tx_time 152
[63777.678100] NVMeVirt: [chmodel_init] bandwidth 3360 max_credits 110 tx_time 36
[63777.678461] NVMeVirt: Init FTL instance with 2 channels (196608 pages)
[63777.681534] NVMeVirt: [chmodel_init] bandwidth 800 max_credits 26 tx_time 152
[63777.684617] NVMeVirt: [chmodel_init] bandwidth 800 max_credits 26 tx_time 152
[63777.684627] NVMeVirt: [chmodel_init] bandwidth 3360 max_credits 110 tx_time 36
[63777.684955] NVMeVirt: Init FTL instance with 2 channels (196608 pages)
[63777.684958] NVMeVirt: FTL physical space: 12883853312, logical space: 12040984403 (physical/logical * 100 = 107)
[63777.684959] NVMeVirt: KSC2026: WBUF_FIX=1 GC_STATS=1
[63777.684959] NVMeVirt: ns 0/1: size 11483 MiB
[63777.684987] PCI host bridge to bus 0001:10
[63777.684989] pci_bus 0001:10: root bus resource [io  0x0000-0xffff]
[63777.684991] pci_bus 0001:10: root bus resource [mem 0x00000000-0x3fffffffffff]
[63777.684992] pci_bus 0001:10: root bus resource [bus 00-ff]
[63777.684997] pci 0001:10:00.0: [0c51:0110] type 00 class 0x010802 PCIe Endpoint
[63777.685000] pci 0001:10:00.0: BAR 0 [mem 0x300000000-0x300003fff 64bit]
[63777.685001] pci 0001:10:00.0: enabling Extended Tags
[63777.685098] NVMeVirt: Virtual PCI bus created (node 0)
[63777.685314] NVMeVirt: nvmev_io_worker_0 started on cpu 4 (node 0)
[63777.685486] NVMeVirt: nvmev_io_worker_1 started on cpu 5 (node 0)
[63777.685495] NVMeVirt: nvmev_dispatcher started on cpu 3 (node 0)
[63777.685581] nvme nvme1: pci function 0001:10:00.0
[63777.687590] nvme nvme1: 1/0/0 default/read/poll queues
[63777.689250] NVMeVirt: Virtual NVMe device created
[63783.715330] KSC2026-MARK map16k_bs16k_r1 fio-start 1791439546102774965
[63789.639235] NVMeVirt: KSC2026: first GC part=0 victim line=135 vpc=468 ipc=44 free_lines=2 host_pgs=194560
[63789.640527] NVMeVirt: KSC2026: first GC part=1 victim line=144 vpc=465 ipc=47 free_lines=2 host_pgs=194560
[63789.660735] NVMeVirt: KSC2026: first GC part=2 victim line=218 vpc=466 ipc=46 free_lines=2 host_pgs=194560
[63789.660954] NVMeVirt: KSC2026: first GC part=3 victim line=182 vpc=466 ipc=46 free_lines=2 host_pgs=194560
[63844.755173] KSC2026-MARK map16k_bs16k_r1 fio-end
[63844.759151] KSC2026-MARK map16k_bs16k_r1 rmmod 1791439607147078294
[63844.823906] pci_bus 0001:10: busn_res: [bus 10-ff] is released
[63844.823969] NVMeVirt: KSC2026: stats part=0 host_pgs=403961 gc_pgs=860651 gc_cnt=2089 free_lines=3
[63844.823971] NVMeVirt: KSC2026: stats part=1 host_pgs=404071 gc_pgs=862084 gc_cnt=2092 free_lines=2
[63844.823971] NVMeVirt: KSC2026: stats part=2 host_pgs=404028 gc_pgs=856503 gc_cnt=2081 free_lines=2
[63844.823972] NVMeVirt: KSC2026: stats part=3 host_pgs=403608 gc_pgs=854871 gc_cnt=2077 free_lines=2
[63844.851609] NVMeVirt: Virtual NVMe device closed
