500, 934800, 1, 0, 0
1000, 938561, 1, 0, 0
1500, 940220, 1, 0, 0
2000, 936376, 1, 0, 0
2500, 942050, 1, 0, 0
3000, 943890, 1, 0, 0
3500, 937468, 1, 0, 0
4000, 944147, 1, 0, 0
4500, 947402, 1, 0, 0
5000, 934165, 1, 0, 0
5500, 931319, 1, 0, 0
6007, 1802161, 1, 0, 0
6512, 13875914, 1, 0, 0
7000, 13658877, 1, 0, 0
7503, 13579378, 1, 0, 0
8007, 12771965, 1, 0, 0
8514, 11986980, 1, 0, 0
9000, 11778445, 1, 0, 0
9504, 11270032, 1, 0, 0
10009, 10907290, 1, 0, 0
10512, 10388657, 1, 0, 0
11008, 10652539, 1, 0, 0
11507, 12787193, 1, 0, 0
12003, 10105093, 1, 0, 0
12500, 9762141, 1, 0, 0
13013, 9722807, 1, 0, 0
13515, 9192232, 1, 0, 0
14004, 10782147, 1, 0, 0
14511, 11502494, 1, 0, 0
15009, 10168836, 1, 0, 0
15500, 10864858, 1, 0, 0
16000, 9660404, 1, 0, 0
16502, 10988829, 1, 0, 0
17002, 9117029, 1, 0, 0
17503, 9313722, 1, 0, 0
18002, 8861053, 1, 0, 0
18515, 9577657, 1, 0, 0
19007, 9506978, 1, 0, 0
19500, 9686141, 1, 0, 0
20009, 8690445, 1, 0, 0
20501, 9131758, 1, 0, 0
21010, 8960580, 1, 0, 0
21512, 9696292, 1, 0, 0
22001, 8713417, 1, 0, 0
22511, 8202048, 1, 0, 0
23000, 9182969, 1, 0, 0
23512, 7729088, 1, 0, 0
24012, 7429446, 1, 0, 0
24502, 10465809, 1, 0, 0
25002, 8590467, 1, 0, 0
25514, 7463947, 1, 0, 0
26000, 8296202, 1, 0, 0
26500, 8210398, 1, 0, 0
27002, 8936871, 1, 0, 0
27500, 7987321, 1, 0, 0
28000, 7563097, 1, 0, 0
28507, 7941258, 1, 0, 0
29010, 8593860, 1, 0, 0
29500, 8329855, 1, 0, 0
30004, 6572442, 1, 0, 0
30500, 7229019, 1, 0, 0
31000, 7698316, 1, 0, 0
31505, 6961286, 1, 0, 0
32004, 7305442, 1, 0, 0
32507, 6847075, 1, 0, 0
33008, 7872292, 1, 0, 0
33509, 7960180, 1, 0, 0
34000, 7336993, 1, 0, 0
34504, 7815477, 1, 0, 0
35000, 6485827, 1, 0, 0
35501, 6557093, 1, 0, 0
36008, 7030196, 1, 0, 0
36502, 7252415, 1, 0, 0
37005, 5495431, 1, 0, 0
37501, 5561876, 1, 0, 0
38002, 5965033, 1, 0, 0
38501, 6598075, 1, 0, 0
39000, 5367161, 1, 0, 0
39500, 4117133, 1, 0, 0
40000, 4034619, 1, 0, 0
40509, 3980691, 1, 0, 0
41008, 3408048, 1, 0, 0
41500, 3418800, 1, 0, 0
42000, 3128693, 1, 0, 0
42503, 2317591, 1, 0, 0
43000, 2191725, 1, 0, 0
43500, 1164672, 1, 0, 0
44001, 2509210, 1, 0, 0
44506, 14478856, 1, 0, 0
45012, 14008670, 1, 0, 0
45500, 13622120, 1, 0, 0
46005, 13053371, 1, 0, 0
46508, 12122038, 1, 0, 0
47011, 12198594, 1, 0, 0
47511, 12230790, 1, 0, 0
48007, 11919911, 1, 0, 0
48512, 9940840, 1, 0, 0
49007, 10704088, 1, 0, 0
49509, 9467016, 1, 0, 0
50009, 9793615, 1, 0, 0
50501, 10172911, 1, 0, 0
51013, 10750927, 1, 0, 0
51513, 9329351, 1, 0, 0
52009, 10187469, 1, 0, 0
52500, 10532023, 1, 0, 0
53001, 12096602, 1, 0, 0
53500, 10051309, 1, 0, 0
54007, 10435701, 1, 0, 0
54505, 9810289, 1, 0, 0
55000, 9806605, 1, 0, 0
55502, 8736359, 1, 0, 0
56000, 9407077, 1, 0, 0
56510, 9456056, 1, 0, 0
57006, 10599610, 1, 0, 0
57515, 9184110, 1, 0, 0
58000, 9685592, 1, 0, 0
58500, 9705603, 1, 0, 0
59007, 9122490, 1, 0, 0
59505, 8370572, 1, 0, 0
60000, 8371440, 1, 0, 0
60001, 17339907, 1, 0, 0
