500, 937409, 1, 0, 0
1000, 941162, 1, 0, 0
1500, 942816, 1, 0, 0
2000, 938974, 1, 0, 0
2500, 944658, 1, 0, 0
3000, 946496, 1, 0, 0
3500, 940069, 1, 0, 0
4000, 946782, 1, 0, 0
4500, 950201, 1, 0, 0
5000, 936779, 1, 0, 0
5500, 933919, 1, 0, 0
6007, 1804755, 1, 0, 0
6512, 13878519, 1, 0, 0
7000, 13661473, 1, 0, 0
7503, 13581995, 1, 0, 0
8007, 12774600, 1, 0, 0
8514, 11989594, 1, 0, 0
9000, 11781043, 1, 0, 0
9504, 11272612, 1, 0, 0
10009, 10909881, 1, 0, 0
10512, 10391245, 1, 0, 0
11008, 10655182, 1, 0, 0
11507, 12789845, 1, 0, 0
12003, 10107698, 1, 0, 0
12500, 9764740, 1, 0, 0
13013, 9725439, 1, 0, 0
13515, 9194831, 1, 0, 0
14004, 10784785, 1, 0, 0
14511, 11505156, 1, 0, 0
15009, 10171459, 1, 0, 0
15500, 10867427, 1, 0, 0
16000, 9662985, 1, 0, 0
16502, 10991461, 1, 0, 0
17002, 9119648, 1, 0, 0
17503, 9316331, 1, 0, 0
18002, 8863675, 1, 0, 0
18515, 9580233, 1, 0, 0
19007, 9509714, 1, 0, 0
19500, 9688735, 1, 0, 0
20009, 8693068, 1, 0, 0
20501, 9134373, 1, 0, 0
21010, 8963222, 1, 0, 0
21512, 9698910, 1, 0, 0
22001, 8716059, 1, 0, 0
22511, 8204661, 1, 0, 0
23000, 9185618, 1, 0, 0
23512, 7731696, 1, 0, 0
24012, 7432048, 1, 0, 0
24502, 10468406, 1, 0, 0
25002, 8593289, 1, 0, 0
25514, 7466568, 1, 0, 0
26000, 8298799, 1, 0, 0
26500, 8213095, 1, 0, 0
27002, 8940318, 1, 0, 0
27500, 7989935, 1, 0, 0
28000, 7565695, 1, 0, 0
28507, 7943869, 1, 0, 0
29010, 8596534, 1, 0, 0
29500, 8332463, 1, 0, 0
30004, 6575048, 1, 0, 0
30500, 7231635, 1, 0, 0
31000, 7700960, 1, 0, 0
31505, 6963918, 1, 0, 0
32004, 7308061, 1, 0, 0
32507, 6849684, 1, 0, 0
33008, 7874891, 1, 0, 0
33509, 7962887, 1, 0, 0
34000, 7339602, 1, 0, 0
34504, 7818067, 1, 0, 0
35000, 6488445, 1, 0, 0
35501, 6559701, 1, 0, 0
36008, 7032848, 1, 0, 0
36502, 7255038, 1, 0, 0
37005, 5498079, 1, 0, 0
37501, 5564492, 1, 0, 0
38002, 5967644, 1, 0, 0
38501, 6600684, 1, 0, 0
39000, 5369767, 1, 0, 0
39500, 4119768, 1, 0, 0
40000, 4037239, 1, 0, 0
40509, 3983301, 1, 0, 0
41008, 3410646, 1, 0, 0
41500, 3421419, 1, 0, 0
42000, 3131308, 1, 0, 0
42503, 2320201, 1, 0, 0
43000, 2194346, 1, 0, 0
43500, 1167269, 1, 0, 0
44001, 2511818, 1, 0, 0
44506, 14481468, 1, 0, 0
45012, 14011269, 1, 0, 0
45500, 13624708, 1, 0, 0
46005, 13055958, 1, 0, 0
46508, 12124620, 1, 0, 0
47011, 12201190, 1, 0, 0
47511, 12233391, 1, 0, 0
48007, 11922535, 1, 0, 0
48512, 9943452, 1, 0, 0
49007, 10706684, 1, 0, 0
49509, 9469622, 1, 0, 0
50009, 9796233, 1, 0, 0
50501, 10175564, 1, 0, 0
51013, 10753538, 1, 0, 0
51513, 9331966, 1, 0, 0
52009, 10190106, 1, 0, 0
52500, 10534617, 1, 0, 0
53001, 12099223, 1, 0, 0
53500, 10053922, 1, 0, 0
54007, 10438304, 1, 0, 0
54505, 9812892, 1, 0, 0
55000, 9809245, 1, 0, 0
55502, 8739001, 1, 0, 0
56000, 9409695, 1, 0, 0
56510, 9458694, 1, 0, 0
57006, 10602210, 1, 0, 0
57515, 9186714, 1, 0, 0
58000, 9688227, 1, 0, 0
58500, 9708184, 1, 0, 0
59007, 9125107, 1, 0, 0
59505, 8373167, 1, 0, 0
60000, 8374046, 1, 0, 0
60001, 17342547, 1, 0, 0
