500, 34156, 1, 0, 0
1000, 33996, 1, 0, 0
1500, 33908, 1, 0, 0
2000, 34100, 1, 0, 0
2500, 33862, 1, 0, 0
3000, 33810, 1, 0, 0
3500, 34034, 1, 0, 0
4000, 33794, 1, 0, 0
4500, 33674, 1, 0, 0
5000, 34154, 1, 0, 0
5500, 34256, 1, 0, 0
6000, 17360, 1, 0, 0
6500, 2330, 1, 0, 0
7000, 2366, 1, 0, 0
7500, 2290, 1, 0, 0
8000, 2526, 1, 0, 0
8500, 2702, 1, 0, 0
9000, 2672, 1, 0, 0
9500, 2834, 1, 0, 0
10000, 2960, 1, 0, 0
10500, 3102, 1, 0, 0
11000, 2980, 1, 0, 0
11500, 2498, 1, 0, 0
12000, 3136, 1, 0, 0
12500, 3286, 1, 0, 0
13000, 3348, 1, 0, 0
13500, 3502, 1, 0, 0
14000, 2903, 1, 0, 0
14500, 2824, 1, 0, 0
15000, 3126, 1, 0, 0
15500, 2898, 1, 0, 0
16000, 3354, 1, 0, 0
16500, 2882, 1, 0, 0
17000, 3514, 1, 0, 0
17500, 3436, 1, 0, 0
18000, 3606, 1, 0, 0
18500, 3426, 1, 0, 0
19000, 3304, 1, 0, 0
19500, 3362, 1, 0, 0
20000, 3640, 1, 0, 0
20500, 3440, 1, 0, 0
21000, 3636, 1, 0, 0
21500, 3314, 1, 0, 0
22000, 3594, 1, 0, 0
22500, 3976, 1, 0, 0
23000, 3526, 1, 0, 0
23500, 4108, 1, 0, 0
24000, 4306, 1, 0, 0
24500, 2996, 1, 0, 0
25001, 3724, 1, 0, 0
25500, 4402, 1, 0, 0
26000, 3816, 1, 0, 0
26500, 3952, 1, 0, 0
27000, 3478, 1, 0, 0
27500, 4104, 1, 0, 0
28000, 4226, 1, 0, 0
28500, 3970, 1, 0, 0
29000, 3750, 1, 0, 0
29500, 3838, 1, 0, 0
30000, 4810, 1, 0, 0
30500, 4468, 1, 0, 0
31000, 4180, 1, 0, 0
31500, 4528, 1, 0, 0
32000, 4374, 1, 0, 0
32500, 4710, 1, 0, 0
33000, 4074, 1, 0, 0
33500, 4028, 1, 0, 0
34000, 4408, 1, 0, 0
34500, 4006, 1, 0, 0
35000, 4988, 1, 0, 0
35501, 4794, 1, 0, 0
36000, 4619, 1, 0, 0
36500, 4360, 1, 0, 0
37000, 5862, 1, 0, 0
37500, 5710, 1, 0, 0
38000, 5368, 1, 0, 0
38500, 4844, 1, 0, 0
39000, 6110, 1, 0, 0
39500, 7556, 1, 0, 0
40000, 7938, 1, 0, 0
40500, 8178, 1, 0, 0
41000, 9366, 1, 0, 0
41500, 9432, 1, 0, 0
42000, 10194, 1, 0, 0
42500, 13706, 1, 0, 0
43000, 14730, 1, 0, 0
43500, 27418, 1, 0, 0
44000, 12286, 1, 0, 0
44500, 2236, 1, 0, 0
45000, 2310, 1, 0, 0
45500, 2292, 1, 0, 0
46000, 2476, 1, 0, 0
46500, 2654, 1, 0, 0
47000, 2642, 1, 0, 0
47500, 2610, 1, 0, 0
48000, 2664, 1, 0, 0
48500, 3256, 1, 0, 0
49000, 2960, 1, 0, 0
49500, 3394, 1, 0, 0
50000, 3262, 1, 0, 0
50500, 3100, 1, 0, 0
51000, 3032, 1, 0, 0
51500, 3444, 1, 0, 0
52000, 3114, 1, 0, 0
52500, 2992, 1, 0, 0
53000, 2644, 1, 0, 0
53500, 3228, 1, 0, 0
54000, 3060, 1, 0, 0
54500, 3242, 1, 0, 0
55000, 3250, 1, 0, 0
55500, 3660, 1, 0, 0
56000, 3428, 1, 0, 0
56500, 3410, 1, 0, 0
57000, 2996, 1, 0, 0
57500, 3544, 1, 0, 0
58000, 3334, 1, 0, 0
58500, 3208, 1, 0, 0
59000, 3514, 1, 0, 0
59500, 3808, 1, 0, 0
60000, 3788, 1, 0, 0
