500, 2609, 1, 0, 0
1000, 2601, 1, 0, 0
1500, 2596, 1, 0, 0
2000, 2597, 1, 0, 0
2500, 2608, 1, 0, 0
3000, 2605, 1, 0, 0
3500, 2600, 1, 0, 0
4000, 2635, 1, 0, 0
4500, 2799, 1, 0, 0
5000, 2614, 1, 0, 0
5500, 2601, 1, 0, 0
6007, 2595, 1, 0, 0
6512, 2605, 1, 0, 0
7000, 2590, 1, 0, 0
7503, 2624, 1, 0, 0
8007, 2634, 1, 0, 0
8514, 2614, 1, 0, 0
9000, 2595, 1, 0, 0
9504, 2579, 1, 0, 0
10009, 2594, 1, 0, 0
10512, 2589, 1, 0, 0
11008, 2642, 1, 0, 0
11507, 2654, 1, 0, 0
12003, 2605, 1, 0, 0
12500, 2598, 1, 0, 0
13013, 2631, 1, 0, 0
13515, 2597, 1, 0, 0
14004, 2640, 1, 0, 0
14511, 2663, 1, 0, 0
15009, 2621, 1, 0, 0
15500, 2569, 1, 0, 0
16000, 2584, 1, 0, 0
16502, 2632, 1, 0, 0
17002, 2618, 1, 0, 0
17503, 2608, 1, 0, 0
18002, 2624, 1, 0, 0
18515, 2574, 1, 0, 0
19007, 2734, 1, 0, 0
19500, 2598, 1, 0, 0
20009, 2619, 1, 0, 0
20501, 2619, 1, 0, 0
21010, 2641, 1, 0, 0
21512, 2616, 1, 0, 0
22001, 2642, 1, 0, 0
22511, 2620, 1, 0, 0
23000, 2643, 1, 0, 0
23512, 2607, 1, 0, 0
24012, 2601, 1, 0, 0
24502, 2596, 1, 0, 0
25002, 2822, 1, 0, 0
25514, 2622, 1, 0, 0
26000, 2595, 1, 0, 0
26500, 2696, 1, 0, 0
27002, 3447, 1, 0, 0
27500, 2614, 1, 0, 0
28000, 2598, 1, 0, 0
28507, 2612, 1, 0, 0
29010, 2673, 1, 0, 0
29500, 2607, 1, 0, 0
30004, 2606, 1, 0, 0
30500, 2620, 1, 0, 0
31000, 2639, 1, 0, 0
31505, 2634, 1, 0, 0
32004, 2618, 1, 0, 0
32507, 2606, 1, 0, 0
33008, 2601, 1, 0, 0
33509, 2708, 1, 0, 0
34000, 2608, 1, 0, 0
34504, 2591, 1, 0, 0
35000, 2617, 1, 0, 0
35501, 2608, 1, 0, 0
36008, 2653, 1, 0, 0
36502, 2623, 1, 0, 0
37005, 2647, 1, 0, 0
37501, 2617, 1, 0, 0
38002, 2610, 1, 0, 0
38501, 2609, 1, 0, 0
39000, 2605, 1, 0, 0
39500, 2636, 1, 0, 0
40000, 2621, 1, 0, 0
40509, 2609, 1, 0, 0
41008, 2598, 1, 0, 0
41500, 2620, 1, 0, 0
42000, 2614, 1, 0, 0
42503, 2611, 1, 0, 0
43000, 2622, 1, 0, 0
43500, 2597, 1, 0, 0
44001, 2609, 1, 0, 0
44506, 2608, 1, 0, 0
45012, 2599, 1, 0, 0
45500, 2586, 1, 0, 0
46005, 2590, 1, 0, 0
46508, 2580, 1, 0, 0
47011, 2599, 1, 0, 0
47511, 2601, 1, 0, 0
48007, 2625, 1, 0, 0
48512, 2611, 1, 0, 0
49007, 2594, 1, 0, 0
49509, 2608, 1, 0, 0
50009, 2620, 1, 0, 0
50501, 2649, 1, 0, 0
51013, 2611, 1, 0, 0
51513, 2616, 1, 0, 0
52009, 2636, 1, 0, 0
52500, 2593, 1, 0, 0
53001, 2621, 1, 0, 0
53500, 2614, 1, 0, 0
54007, 2605, 1, 0, 0
54505, 2605, 1, 0, 0
55000, 2638, 1, 0, 0
55502, 2642, 1, 0, 0
56000, 2618, 1, 0, 0
56510, 2639, 1, 0, 0
57006, 2599, 1, 0, 0
57515, 2606, 1, 0, 0
58000, 2634, 1, 0, 0
58500, 2579, 1, 0, 0
59007, 2618, 1, 0, 0
59505, 2593, 1, 0, 0
60001, 2607, 1, 0, 0
