500, 2185856, 1, 0, 0
1000, 2175744, 1, 0, 0
1500, 2170112, 1, 0, 0
2000, 2182412, 1, 0, 0
2500, 2167168, 1, 0, 0
3000, 2163840, 1, 0, 0
3500, 2178176, 1, 0, 0
4000, 2162816, 1, 0, 0
4500, 2155136, 1, 0, 0
5000, 2185856, 1, 0, 0
5500, 2192384, 1, 0, 0
6000, 1111040, 1, 0, 0
6500, 149120, 1, 0, 0
7000, 151424, 1, 0, 0
7500, 146560, 1, 0, 0
8000, 161664, 1, 0, 0
8500, 172928, 1, 0, 0
9000, 171008, 1, 0, 0
9500, 181376, 1, 0, 0
10000, 189440, 1, 0, 0
10500, 198528, 1, 0, 0
11000, 190720, 1, 0, 0
11500, 159872, 1, 0, 0
12000, 200704, 1, 0, 0
12500, 210304, 1, 0, 0
13000, 214272, 1, 0, 0
13500, 224128, 1, 0, 0
14000, 185843, 1, 0, 0
14500, 180736, 1, 0, 0
15000, 200064, 1, 0, 0
15500, 185472, 1, 0, 0
16000, 214656, 1, 0, 0
16500, 184448, 1, 0, 0
17000, 224896, 1, 0, 0
17500, 219904, 1, 0, 0
18000, 230784, 1, 0, 0
18500, 219264, 1, 0, 0
19000, 211456, 1, 0, 0
19500, 215168, 1, 0, 0
20000, 232960, 1, 0, 0
20500, 220160, 1, 0, 0
21000, 232704, 1, 0, 0
21500, 212096, 1, 0, 0
22000, 230016, 1, 0, 0
22500, 254464, 1, 0, 0
23000, 225664, 1, 0, 0
23500, 262912, 1, 0, 0
24000, 275584, 1, 0, 0
24500, 191744, 1, 0, 0
25001, 238336, 1, 0, 0
25500, 281779, 1, 0, 0
26000, 244224, 1, 0, 0
26500, 252928, 1, 0, 0
27000, 222592, 1, 0, 0
27500, 262656, 1, 0, 0
28000, 270464, 1, 0, 0
28500, 254080, 1, 0, 0
29000, 240000, 1, 0, 0
29500, 245632, 1, 0, 0
30000, 307840, 1, 0, 0
30500, 285952, 1, 0, 0
31000, 267520, 1, 0, 0
31500, 289792, 1, 0, 0
32000, 279936, 1, 0, 0
32500, 301440, 1, 0, 0
33000, 260736, 1, 0, 0
33500, 257792, 1, 0, 0
34000, 282112, 1, 0, 0
34500, 256384, 1, 0, 0
35000, 319232, 1, 0, 0
35501, 306816, 1, 0, 0
36000, 295631, 1, 0, 0
36500, 279040, 1, 0, 0
37000, 375168, 1, 0, 0
37500, 365440, 1, 0, 0
38000, 343552, 1, 0, 0
38500, 310016, 1, 0, 0
39000, 391040, 1, 0, 0
39500, 483584, 1, 0, 0
40000, 508032, 1, 0, 0
40500, 523392, 1, 0, 0
41000, 599424, 1, 0, 0
41500, 603648, 1, 0, 0
42000, 652416, 1, 0, 0
42500, 877184, 1, 0, 0
43000, 942720, 1, 0, 0
43500, 1754752, 1, 0, 0
44000, 786304, 1, 0, 0
44500, 143104, 1, 0, 0
45000, 147879, 1, 0, 0
45500, 146688, 1, 0, 0
46000, 158464, 1, 0, 0
46500, 169856, 1, 0, 0
47000, 169088, 1, 0, 0
47500, 167040, 1, 0, 0
48000, 170496, 1, 0, 0
48500, 208384, 1, 0, 0
49000, 189440, 1, 0, 0
49500, 217216, 1, 0, 0
50000, 208768, 1, 0, 0
50500, 198400, 1, 0, 0
51000, 194048, 1, 0, 0
51500, 220416, 1, 0, 0
52000, 199296, 1, 0, 0
52500, 191488, 1, 0, 0
53000, 169216, 1, 0, 0
53500, 206592, 1, 0, 0
54000, 195840, 1, 0, 0
54500, 207488, 1, 0, 0
55000, 208000, 1, 0, 0
55500, 234240, 1, 0, 0
56000, 219392, 1, 0, 0
56500, 218240, 1, 0, 0
57000, 191744, 1, 0, 0
57500, 226816, 1, 0, 0
58000, 213376, 1, 0, 0
58500, 205338, 1, 0, 0
59000, 224896, 1, 0, 0
59500, 243712, 1, 0, 0
60000, 242432, 1, 0, 0
