[64340.340066] KSC2026-MARK map32k_bs64k_r1 insmod 1791440102718125844
[64340.353393] NVMeVirt: Version 1.10 for >> Samsung 970 Pro SSD <<
[64340.353403] NVMeVirt: Storage: 0x300100000-0x600000000 (12287 MiB)
[64340.363925] NVMeVirt: Total Capacity(GiB,MiB)=3,3072 chs=2 luns=4 lines=384 blk-size(MiB,KiB)=2,2048 line-size(MiB,KiB)=8,8192
[64340.363930] NVMeVirt: KSC2026: mapping unit=32768 B, flash page=32768 B, oneshot page=32768 B, pgs_per_blk=64, blks_per_pl=384, write buffer=1048576 B
[64340.369490] NVMeVirt: [chmodel_init] bandwidth 800 max_credits 26 tx_time 152
[64340.372939] NVMeVirt: [chmodel_init] bandwidth 800 max_credits 26 tx_time 152
[64340.372949] NVMeVirt: [chmodel_init] bandwidth 3360 max_credits 110 tx_time 36
[64340.373177] NVMeVirt: pqueue: Copyright (c) 2014, Volkan Yazıcı <volkan.yazici@gmail.com>. All rights reserved.
[64340.373179] NVMeVirt: Init FTL instance with 2 channels (98304 pages)
[64340.376308] NVMeVirt: [chmodel_init] bandwidth 800 max_credits 26 tx_time 152
[64340.379447] NVMeVirt: [chmodel_init] bandwidth 800 max_credits 26 tx_time 152
[64340.379457] NVMeVirt: [chmodel_init] bandwidth 3360 max_credits 110 tx_time 36
[64340.379643] NVMeVirt: Init FTL instance with 2 channels (98304 pages)
[64340.382738] NVMeVirt: [chmodel_init] bandwidth 800 max_credits 26 tx_time 152
[64340.385844] NVMeVirt: [chmodel_init] bandwidth 800 max_credits 26 tx_time 152
[64340.385855] NVMeVirt: [chmodel_init] bandwidth 3360 max_credits 110 tx_time 36
[64340.386022] NVMeVirt: Init FTL instance with 2 channels (98304 pages)
[64340.389150] NVMeVirt: [chmodel_init] bandwidth 800 max_credits 26 tx_time 152
[64340.392250] NVMeVirt: [chmodel_init] bandwidth 800 max_credits 26 tx_time 152
[64340.392261] NVMeVirt: [chmodel_init] bandwidth 3360 max_credits 110 tx_time 36
[64340.392446] NVMeVirt: Init FTL instance with 2 channels (98304 pages)
[64340.392449] NVMeVirt: FTL physical space: 12883853312, logical space: 12040984403 (physical/logical * 100 = 107)
[64340.392450] NVMeVirt: KSC2026: WBUF_FIX=1 GC_STATS=1
[64340.392451] NVMeVirt: ns 0/1: size 11483 MiB
[64340.392483] PCI host bridge to bus 0001:10
[64340.392485] pci_bus 0001:10: root bus resource [io  0x0000-0xffff]
[64340.392486] pci_bus 0001:10: root bus resource [mem 0x00000000-0x3fffffffffff]
[64340.392488] pci_bus 0001:10: root bus resource [bus 00-ff]
[64340.392494] pci 0001:10:00.0: [0c51:0110] type 00 class 0x010802 PCIe Endpoint
[64340.392496] pci 0001:10:00.0: BAR 0 [mem 0x300000000-0x300003fff 64bit]
[64340.392498] pci 0001:10:00.0: enabling Extended Tags
[64340.392601] NVMeVirt: Virtual PCI bus created (node 0)
[64340.392799] NVMeVirt: nvmev_io_worker_0 started on cpu 4 (node 0)
[64340.392977] NVMeVirt: nvmev_io_worker_1 started on cpu 5 (node 0)
[64340.392988] NVMeVirt: nvmev_dispatcher started on cpu 3 (node 0)
[64340.393067] nvme nvme1: pci function 0001:10:00.0
[64340.396473] nvme nvme1: 1/0/0 default/read/poll queues
[64340.398426] NVMeVirt: Virtual NVMe device created
[64346.424912] KSC2026-MARK map32k_bs64k_r1 fio-start 1791440108816076091
[64352.403361] NVMeVirt: KSC2026: first GC part=0 victim line=117 vpc=230 ipc=26 free_lines=2 host_pgs=97280
[64352.403398] NVMeVirt: KSC2026: first GC part=1 victim line=117 vpc=230 ipc=26 free_lines=2 host_pgs=97280
[64352.425750] NVMeVirt: KSC2026: first GC part=2 victim line=328 vpc=229 ipc=27 free_lines=2 host_pgs=97280
[64352.425783] NVMeVirt: KSC2026: first GC part=3 victim line=328 vpc=229 ipc=27 free_lines=2 host_pgs=97280
[64407.463519] KSC2026-MARK map32k_bs64k_r1 fio-end
[64407.467468] KSC2026-MARK map32k_bs64k_r1 rmmod 1791440169859392684
[64407.533944] pci_bus 0001:10: busn_res: [bus 10-ff] is released
[64407.533976] NVMeVirt: KSC2026: stats part=0 host_pgs=214497 gc_pgs=495122 gc_cnt=2391 free_lines=2
[64407.533978] NVMeVirt: KSC2026: stats part=1 host_pgs=214497 gc_pgs=495122 gc_cnt=2391 free_lines=2
[64407.533978] NVMeVirt: KSC2026: stats part=2 host_pgs=214316 gc_pgs=492239 gc_cnt=2379 free_lines=2
[64407.533979] NVMeVirt: KSC2026: stats part=3 host_pgs=214316 gc_pgs=492239 gc_cnt=2379 free_lines=2
[64407.554626] NVMeVirt: Virtual NVMe device closed
