500, 480607, 1, 0, 0
1000, 478143, 1, 0, 0
1500, 479208, 1, 0, 0
2000, 480661, 1, 0, 0
2500, 482489, 1, 0, 0
3000, 482404, 1, 0, 0
3500, 478788, 1, 0, 0
4000, 477175, 1, 0, 0
4500, 478412, 1, 0, 0
5000, 481826, 1, 0, 0
5500, 480621, 1, 0, 0
6000, 595257, 1, 0, 0
6501, 1249089, 1, 0, 0
7005, 1230334, 1, 0, 0
7502, 1369446, 1, 0, 0
8000, 1444216, 1, 0, 0
8500, 1407220, 1, 0, 0
9000, 1437550, 1, 0, 0
9500, 1450411, 1, 0, 0
10000, 1504131, 1, 0, 0
10500, 1493200, 1, 0, 0
11002, 1566871, 1, 0, 0
11500, 1558752, 1, 0, 0
12000, 1583385, 1, 0, 0
12500, 1528039, 1, 0, 0
13000, 1603559, 1, 0, 0
13500, 1801353, 1, 0, 0
14000, 1767167, 1, 0, 0
14500, 1900911, 1, 0, 0
15000, 1691026, 1, 0, 0
15500, 1968210, 1, 0, 0
16002, 1887438, 1, 0, 0
16500, 2062336, 1, 0, 0
17000, 2011812, 1, 0, 0
17501, 2165644, 1, 0, 0
18000, 2148404, 1, 0, 0
18508, 2230540, 1, 0, 0
19006, 2319795, 1, 0, 0
19500, 2253963, 1, 0, 0
20004, 1968209, 1, 0, 0
20506, 2428031, 1, 0, 0
21002, 2442920, 1, 0, 0
21510, 2281633, 1, 0, 0
22007, 2425561, 1, 0, 0
22504, 2500132, 1, 0, 0
23002, 2467803, 1, 0, 0
23500, 2363539, 1, 0, 0
24005, 2484470, 1, 0, 0
24508, 2662674, 1, 0, 0
25000, 2516890, 1, 0, 0
25500, 2568206, 1, 0, 0
26002, 2380220, 1, 0, 0
26504, 2706662, 1, 0, 0
27000, 2771115, 1, 0, 0
27504, 2734840, 1, 0, 0
28000, 2819328, 1, 0, 0
28506, 2959777, 1, 0, 0
29002, 2862604, 1, 0, 0
29506, 2777577, 1, 0, 0
30001, 2910837, 1, 0, 0
30500, 3059694, 1, 0, 0
31000, 3029018, 1, 0, 0
31500, 2936913, 1, 0, 0
32000, 2964888, 1, 0, 0
32502, 2820988, 1, 0, 0
33000, 3050428, 1, 0, 0
33500, 3180424, 1, 0, 0
34003, 3257526, 1, 0, 0
34507, 3267394, 1, 0, 0
35000, 3373452, 1, 0, 0
35500, 3370688, 1, 0, 0
36000, 3363497, 1, 0, 0
36507, 3314105, 1, 0, 0
37008, 3300666, 1, 0, 0
37500, 3084578, 1, 0, 0
38005, 3429074, 1, 0, 0
38504, 3352384, 1, 0, 0
39000, 3581542, 1, 0, 0
39500, 3477405, 1, 0, 0
40001, 3435188, 1, 0, 0
40507, 3416667, 1, 0, 0
41000, 3686358, 1, 0, 0
41500, 3757994, 1, 0, 0
42010, 3360172, 1, 0, 0
42500, 3489673, 1, 0, 0
43011, 3574465, 1, 0, 0
43500, 3717325, 1, 0, 0
44000, 3578912, 1, 0, 0
44504, 3522166, 1, 0, 0
45000, 3831157, 1, 0, 0
45501, 3313745, 1, 0, 0
46010, 3730871, 1, 0, 0
46510, 3613523, 1, 0, 0
47009, 3790835, 1, 0, 0
47507, 3960269, 1, 0, 0
48011, 3764724, 1, 0, 0
48500, 3786978, 1, 0, 0
49005, 3782268, 1, 0, 0
49501, 4214515, 1, 0, 0
50000, 3996358, 1, 0, 0
50500, 3739825, 1, 0, 0
51000, 4106589, 1, 0, 0
51500, 4070166, 1, 0, 0
52002, 3632350, 1, 0, 0
52511, 3851832, 1, 0, 0
53002, 3895371, 1, 0, 0
53500, 4127628, 1, 0, 0
54010, 4128722, 1, 0, 0
54500, 4204847, 1, 0, 0
55002, 4137912, 1, 0, 0
55500, 4263723, 1, 0, 0
56000, 4146665, 1, 0, 0
56511, 3876469, 1, 0, 0
57002, 4286957, 1, 0, 0
57508, 4248756, 1, 0, 0
58004, 4279682, 1, 0, 0
58507, 4224145, 1, 0, 0
59008, 3922259, 1, 0, 0
59504, 4119919, 1, 0, 0
60000, 4457832, 1, 0, 0
60014, 15205536, 1, 0, 0
