500, 266192, 1, 0, 0
1000, 267624, 1, 0, 0
1500, 266984, 1, 0, 0
2000, 266128, 1, 0, 0
2500, 265232, 1, 0, 0
3000, 265256, 1, 0, 0
3500, 267248, 1, 0, 0
4000, 268128, 1, 0, 0
4500, 267440, 1, 0, 0
5000, 265536, 1, 0, 0
5500, 266248, 1, 0, 0
6000, 214800, 1, 0, 0
6500, 101560, 1, 0, 0
7000, 104480, 1, 0, 0
7500, 93360, 1, 0, 0
8000, 88544, 1, 0, 0
8500, 91480, 1, 0, 0
9000, 88784, 1, 0, 0
9500, 88120, 1, 0, 0
10000, 84552, 1, 0, 0
10500, 86896, 1, 0, 0
11000, 80744, 1, 0, 0
11500, 82920, 1, 0, 0
12000, 80592, 1, 0, 0
12500, 82904, 1, 0, 0
13000, 80472, 1, 0, 0
13500, 70965, 1, 0, 0
14000, 72600, 1, 0, 0
14500, 67400, 1, 0, 0
15000, 75648, 1, 0, 0
15500, 65088, 1, 0, 0
16000, 66992, 1, 0, 0
16500, 62784, 1, 0, 0
17000, 63592, 1, 0, 0
17500, 58224, 1, 0, 0
18000, 60472, 1, 0, 0
18500, 57280, 1, 0, 0
19000, 55088, 1, 0, 0
19500, 56904, 1, 0, 0
20000, 64536, 1, 0, 0
20500, 52984, 1, 0, 0
21000, 51888, 1, 0, 0
21500, 56752, 1, 0, 0
22000, 52624, 1, 0, 0
22500, 50840, 1, 0, 0
23000, 51880, 1, 0, 0
23500, 53632, 1, 0, 0
24000, 52056, 1, 0, 0
24500, 48312, 1, 0, 0
25000, 51032, 1, 0, 0
25500, 49928, 1, 0, 0
26000, 52792, 1, 0, 0
26500, 47552, 1, 0, 0
27000, 46704, 1, 0, 0
27500, 46192, 1, 0, 0
28000, 46144, 1, 0, 0
28500, 42736, 1, 0, 0
29000, 44304, 1, 0, 0
29500, 46488, 1, 0, 0
30000, 43512, 1, 0, 0
30500, 41952, 1, 0, 0
31000, 42912, 1, 0, 0
31500, 43712, 1, 0, 0
32000, 43352, 1, 0, 0
32500, 44152, 1, 0, 0
33000, 42800, 1, 0, 0
33500, 40344, 1, 0, 0
34000, 38680, 1, 0, 0
34500, 39440, 1, 0, 0
35000, 38208, 1, 0, 0
35500, 37248, 1, 0, 0
36000, 38816, 1, 0, 0
36500, 38296, 1, 0, 0
37000, 38800, 1, 0, 0
37500, 40904, 1, 0, 0
38000, 37664, 1, 0, 0
38500, 38192, 1, 0, 0
39000, 36304, 1, 0, 0
39500, 36312, 1, 0, 0
40000, 36848, 1, 0, 0
40500, 37992, 1, 0, 0
41000, 34872, 1, 0, 0
41500, 34256, 1, 0, 0
42000, 37840, 1, 0, 0
42500, 36944, 1, 0, 0
43000, 35648, 1, 0, 0
43500, 34600, 1, 0, 0
44000, 35856, 1, 0, 0
44500, 35576, 1, 0, 0
45000, 33984, 1, 0, 0
45500, 37896, 1, 0, 0
46000, 34784, 1, 0, 0
46500, 35424, 1, 0, 0
47000, 33688, 1, 0, 0
47500, 32160, 1, 0, 0
48000, 34320, 1, 0, 0
48500, 34192, 1, 0, 0
49000, 32968, 1, 0, 0
49500, 30096, 1, 0, 0
50000, 32240, 1, 0, 0
50500, 35128, 1, 0, 0
51000, 30992, 1, 0, 0
51500, 30648, 1, 0, 0
52000, 35232, 1, 0, 0
52500, 33915, 1, 0, 0
53000, 32248, 1, 0, 0
53500, 31688, 1, 0, 0
54000, 30856, 1, 0, 0
54500, 30608, 1, 0, 0
55000, 30208, 1, 0, 0
55500, 30664, 1, 0, 0
56000, 30984, 1, 0, 0
56500, 32824, 1, 0, 0
57000, 29384, 1, 0, 0
57500, 30520, 1, 0, 0
58000, 29512, 1, 0, 0
58500, 30472, 1, 0, 0
59000, 32824, 1, 0, 0
59500, 30752, 1, 0, 0
60000, 29200, 1, 0, 0
