500, 951, 1, 0, 0
1000, 952, 1, 0, 0
1500, 948, 1, 0, 0
2000, 943, 1, 0, 0
2500, 939, 1, 0, 0
3000, 952, 1, 0, 0
3500, 946, 1, 0, 0
4000, 943, 1, 0, 0
4500, 946, 1, 0, 0
5000, 947, 1, 0, 0
5500, 948, 1, 0, 0
6000, 952, 1, 0, 0
6501, 969, 1, 0, 0
7005, 975, 1, 0, 0
7502, 968, 1, 0, 0
8000, 969, 1, 0, 0
8500, 982, 1, 0, 0
9000, 980, 1, 0, 0
9500, 980, 1, 0, 0
10000, 977, 1, 0, 0
10500, 978, 1, 0, 0
11002, 976, 1, 0, 0
11500, 979, 1, 0, 0
12000, 974, 1, 0, 0
12500, 974, 1, 0, 0
13000, 975, 1, 0, 0
13500, 980, 1, 0, 0
14000, 979, 1, 0, 0
14500, 978, 1, 0, 0
15000, 972, 1, 0, 0
15500, 968, 1, 0, 0
16002, 967, 1, 0, 0
16500, 978, 1, 0, 0
17000, 975, 1, 0, 0
17501, 985, 1, 0, 0
18000, 973, 1, 0, 0
18508, 976, 1, 0, 0
19006, 973, 1, 0, 0
19500, 973, 1, 0, 0
20004, 968, 1, 0, 0
20506, 969, 1, 0, 0
21002, 974, 1, 0, 0
21510, 967, 1, 0, 0
22007, 975, 1, 0, 0
22504, 977, 1, 0, 0
23002, 967, 1, 0, 0
23500, 959, 1, 0, 0
24005, 961, 1, 0, 0
24508, 964, 1, 0, 0
25000, 962, 1, 0, 0
25500, 963, 1, 0, 0
26002, 965, 1, 0, 0
26504, 968, 1, 0, 0
27000, 973, 1, 0, 0
27504, 979, 1, 0, 0
28000, 967, 1, 0, 0
28506, 970, 1, 0, 0
29002, 968, 1, 0, 0
29506, 968, 1, 0, 0
30001, 973, 1, 0, 0
30500, 980, 1, 0, 0
31000, 976, 1, 0, 0
31500, 965, 1, 0, 0
32000, 972, 1, 0, 0
32502, 974, 1, 0, 0
33000, 965, 1, 0, 0
33500, 970, 1, 0, 0
34003, 973, 1, 0, 0
34507, 965, 1, 0, 0
35000, 974, 1, 0, 0
35500, 972, 1, 0, 0
36000, 972, 1, 0, 0
36507, 964, 1, 0, 0
37008, 971, 1, 0, 0
37500, 967, 1, 0, 0
38005, 968, 1, 0, 0
38504, 968, 1, 0, 0
39000, 969, 1, 0, 0
39500, 967, 1, 0, 0
40001, 971, 1, 0, 0
40507, 967, 1, 0, 0
41000, 972, 1, 0, 0
41500, 971, 1, 0, 0
42010, 968, 1, 0, 0
42500, 970, 1, 0, 0
43011, 969, 1, 0, 0
43500, 971, 1, 0, 0
44000, 976, 1, 0, 0
44504, 988, 1, 0, 0
45000, 989, 1, 0, 0
45501, 987, 1, 0, 0
46010, 983, 1, 0, 0
46510, 974, 1, 0, 0
47009, 979, 1, 0, 0
47507, 978, 1, 0, 0
48011, 971, 1, 0, 0
48500, 972, 1, 0, 0
49005, 972, 1, 0, 0
49501, 992, 1, 0, 0
50000, 993, 1, 0, 0
50500, 977, 1, 0, 0
51000, 988, 1, 0, 0
51500, 978, 1, 0, 0
52002, 983, 1, 0, 0
52511, 982, 1, 0, 0
53002, 985, 1, 0, 0
53500, 986, 1, 0, 0
54010, 988, 1, 0, 0
54500, 981, 1, 0, 0
55002, 973, 1, 0, 0
55500, 973, 1, 0, 0
56000, 973, 1, 0, 0
56511, 971, 1, 0, 0
57002, 981, 1, 0, 0
57508, 976, 1, 0, 0
58004, 978, 1, 0, 0
58507, 973, 1, 0, 0
59008, 975, 1, 0, 0
59504, 986, 1, 0, 0
60014, 985, 1, 0, 0
