500, 66548, 1, 0, 0
1000, 66906, 1, 0, 0
1500, 66746, 1, 0, 0
2000, 66532, 1, 0, 0
2500, 66308, 1, 0, 0
3000, 66314, 1, 0, 0
3500, 66812, 1, 0, 0
4000, 67032, 1, 0, 0
4500, 66860, 1, 0, 0
5000, 66384, 1, 0, 0
5500, 66562, 1, 0, 0
6000, 53700, 1, 0, 0
6500, 25390, 1, 0, 0
7000, 26120, 1, 0, 0
7500, 23340, 1, 0, 0
8000, 22136, 1, 0, 0
8500, 22870, 1, 0, 0
9000, 22196, 1, 0, 0
9500, 22030, 1, 0, 0
10000, 21138, 1, 0, 0
10500, 21724, 1, 0, 0
11000, 20186, 1, 0, 0
11500, 20730, 1, 0, 0
12000, 20148, 1, 0, 0
12500, 20726, 1, 0, 0
13000, 20118, 1, 0, 0
13500, 17741, 1, 0, 0
14000, 18150, 1, 0, 0
14500, 16850, 1, 0, 0
15000, 18912, 1, 0, 0
15500, 16272, 1, 0, 0
16000, 16748, 1, 0, 0
16500, 15696, 1, 0, 0
17000, 15898, 1, 0, 0
17500, 14556, 1, 0, 0
18000, 15118, 1, 0, 0
18500, 14320, 1, 0, 0
19000, 13772, 1, 0, 0
19500, 14226, 1, 0, 0
20000, 16134, 1, 0, 0
20500, 13246, 1, 0, 0
21000, 12972, 1, 0, 0
21500, 14188, 1, 0, 0
22000, 13156, 1, 0, 0
22500, 12710, 1, 0, 0
23000, 12970, 1, 0, 0
23500, 13408, 1, 0, 0
24000, 13014, 1, 0, 0
24500, 12078, 1, 0, 0
25000, 12758, 1, 0, 0
25500, 12482, 1, 0, 0
26000, 13198, 1, 0, 0
26500, 11888, 1, 0, 0
27000, 11676, 1, 0, 0
27500, 11548, 1, 0, 0
28000, 11536, 1, 0, 0
28500, 10684, 1, 0, 0
29000, 11076, 1, 0, 0
29500, 11622, 1, 0, 0
30000, 10878, 1, 0, 0
30500, 10488, 1, 0, 0
31000, 10728, 1, 0, 0
31500, 10928, 1, 0, 0
32000, 10838, 1, 0, 0
32500, 11038, 1, 0, 0
33000, 10700, 1, 0, 0
33500, 10086, 1, 0, 0
34000, 9670, 1, 0, 0
34500, 9860, 1, 0, 0
35000, 9552, 1, 0, 0
35500, 9312, 1, 0, 0
36000, 9704, 1, 0, 0
36500, 9574, 1, 0, 0
37000, 9700, 1, 0, 0
37500, 10226, 1, 0, 0
38000, 9416, 1, 0, 0
38500, 9548, 1, 0, 0
39000, 9076, 1, 0, 0
39500, 9078, 1, 0, 0
40000, 9212, 1, 0, 0
40500, 9498, 1, 0, 0
41000, 8718, 1, 0, 0
41500, 8564, 1, 0, 0
42000, 9460, 1, 0, 0
42500, 9236, 1, 0, 0
43000, 8912, 1, 0, 0
43500, 8650, 1, 0, 0
44000, 8964, 1, 0, 0
44500, 8894, 1, 0, 0
45000, 8496, 1, 0, 0
45500, 9474, 1, 0, 0
46000, 8696, 1, 0, 0
46500, 8856, 1, 0, 0
47000, 8422, 1, 0, 0
47500, 8040, 1, 0, 0
48000, 8580, 1, 0, 0
48500, 8548, 1, 0, 0
49000, 8242, 1, 0, 0
49500, 7524, 1, 0, 0
50000, 8060, 1, 0, 0
50500, 8782, 1, 0, 0
51000, 7748, 1, 0, 0
51500, 7662, 1, 0, 0
52000, 8808, 1, 0, 0
52500, 8478, 1, 0, 0
53000, 8062, 1, 0, 0
53500, 7922, 1, 0, 0
54000, 7714, 1, 0, 0
54500, 7652, 1, 0, 0
55000, 7552, 1, 0, 0
55500, 7666, 1, 0, 0
56000, 7746, 1, 0, 0
56500, 8206, 1, 0, 0
57000, 7346, 1, 0, 0
57500, 7630, 1, 0, 0
58000, 7378, 1, 0, 0
58500, 7618, 1, 0, 0
59000, 8206, 1, 0, 0
59500, 7688, 1, 0, 0
60000, 7300, 1, 0, 0
