500, 479657, 1, 0, 0
1000, 477191, 1, 0, 0
1500, 478260, 1, 0, 0
2000, 479717, 1, 0, 0
2500, 481550, 1, 0, 0
3000, 481452, 1, 0, 0
3500, 477842, 1, 0, 0
4000, 476232, 1, 0, 0
4500, 477466, 1, 0, 0
5000, 480879, 1, 0, 0
5500, 479673, 1, 0, 0
6000, 594305, 1, 0, 0
6501, 1248120, 1, 0, 0
7005, 1229359, 1, 0, 0
7502, 1368478, 1, 0, 0
8000, 1443247, 1, 0, 0
8500, 1406238, 1, 0, 0
9000, 1436570, 1, 0, 0
9500, 1449431, 1, 0, 0
10000, 1503154, 1, 0, 0
10500, 1492222, 1, 0, 0
11002, 1565895, 1, 0, 0
11500, 1557774, 1, 0, 0
12000, 1582411, 1, 0, 0
12500, 1527065, 1, 0, 0
13000, 1602584, 1, 0, 0
13500, 1800373, 1, 0, 0
14000, 1766188, 1, 0, 0
14500, 1899933, 1, 0, 0
15000, 1690055, 1, 0, 0
15500, 1967243, 1, 0, 0
16002, 1886471, 1, 0, 0
16500, 2061358, 1, 0, 0
17000, 2010836, 1, 0, 0
17501, 2164659, 1, 0, 0
18000, 2147430, 1, 0, 0
18508, 2229564, 1, 0, 0
19006, 2318821, 1, 0, 0
19500, 2252990, 1, 0, 0
20004, 1967240, 1, 0, 0
20506, 2427061, 1, 0, 0
21002, 2441946, 1, 0, 0
21510, 2280666, 1, 0, 0
22007, 2424587, 1, 0, 0
22504, 2499155, 1, 0, 0
23002, 2466836, 1, 0, 0
23500, 2362580, 1, 0, 0
24005, 2483509, 1, 0, 0
24508, 2661710, 1, 0, 0
25000, 2515928, 1, 0, 0
25500, 2567243, 1, 0, 0
26002, 2379255, 1, 0, 0
26504, 2705693, 1, 0, 0
27000, 2770143, 1, 0, 0
27504, 2733860, 1, 0, 0
28000, 2818361, 1, 0, 0
28506, 2958807, 1, 0, 0
29002, 2861636, 1, 0, 0
29506, 2776610, 1, 0, 0
30001, 2909864, 1, 0, 0
30500, 3058713, 1, 0, 0
31000, 3028042, 1, 0, 0
31500, 2935948, 1, 0, 0
32000, 2963915, 1, 0, 0
32502, 2820014, 1, 0, 0
33000, 3049463, 1, 0, 0
33500, 3179454, 1, 0, 0
34003, 3256552, 1, 0, 0
34507, 3266428, 1, 0, 0
35000, 3372478, 1, 0, 0
35500, 3369716, 1, 0, 0
36000, 3362525, 1, 0, 0
36507, 3313141, 1, 0, 0
37008, 3299694, 1, 0, 0
37500, 3083611, 1, 0, 0
38005, 3428106, 1, 0, 0
38504, 3351416, 1, 0, 0
39000, 3580573, 1, 0, 0
39500, 3476438, 1, 0, 0
40001, 3434217, 1, 0, 0
40507, 3415701, 1, 0, 0
41000, 3685385, 1, 0, 0
41500, 3757024, 1, 0, 0
42010, 3359203, 1, 0, 0
42500, 3488703, 1, 0, 0
43011, 3573496, 1, 0, 0
43500, 3716355, 1, 0, 0
44000, 3577935, 1, 0, 0
44504, 3521179, 1, 0, 0
45000, 3830168, 1, 0, 0
45501, 3312758, 1, 0, 0
46010, 3729888, 1, 0, 0
46510, 3612550, 1, 0, 0
47009, 3789856, 1, 0, 0
47507, 3959290, 1, 0, 0
48011, 3763754, 1, 0, 0
48500, 3786006, 1, 0, 0
49005, 3781296, 1, 0, 0
49501, 4213524, 1, 0, 0
50000, 3995364, 1, 0, 0
50500, 3738848, 1, 0, 0
51000, 4105600, 1, 0, 0
51500, 4069189, 1, 0, 0
52002, 3631366, 1, 0, 0
52511, 3850850, 1, 0, 0
53002, 3894386, 1, 0, 0
53500, 4126642, 1, 0, 0
54010, 4127734, 1, 0, 0
54500, 4203865, 1, 0, 0
55002, 4136940, 1, 0, 0
55500, 4262750, 1, 0, 0
56000, 4145692, 1, 0, 0
56511, 3875499, 1, 0, 0
57002, 4285976, 1, 0, 0
57508, 4247779, 1, 0, 0
58004, 4278704, 1, 0, 0
58507, 4223172, 1, 0, 0
59008, 3921285, 1, 0, 0
59504, 4118932, 1, 0, 0
60000, 4456847, 1, 0, 0
60014, 15204520, 1, 0, 0
