500, 109615, 1, 0, 0
1000, 111781, 1, 0, 0
1500, 111795, 1, 0, 0
2000, 111804, 1, 0, 0
2500, 111816, 1, 0, 0
3000, 111759, 1, 0, 0
3500, 111824, 1, 0, 0
4000, 111735, 1, 0, 0
4500, 111743, 1, 0, 0
5000, 111752, 1, 0, 0
5500, 115090, 1, 0, 0
6000, 218168, 1, 0, 0
6500, 236225, 1, 0, 0
7000, 251848, 1, 0, 0
7500, 267987, 1, 0, 0
8000, 282716, 1, 0, 0
8500, 300050, 1, 0, 0
9000, 318437, 1, 0, 0
9500, 338874, 1, 0, 0
10000, 359664, 1, 0, 0
10500, 377776, 1, 0, 0
11000, 392294, 1, 0, 0
11500, 409313, 1, 0, 0
12000, 427569, 1, 0, 0
12500, 447691, 1, 0, 0
13000, 464860, 1, 0, 0
13500, 486446, 1, 0, 0
14000, 509923, 1, 0, 0
14500, 529967, 1, 0, 0
15000, 550979, 1, 0, 0
15500, 570869, 1, 0, 0
16000, 589772, 1, 0, 0
16500, 609012, 1, 0, 0
17000, 629355, 1, 0, 0
17500, 646177, 1, 0, 0
18000, 653632, 1, 0, 0
18500, 671045, 1, 0, 0
19000, 689110, 1, 0, 0
19500, 691538, 1, 0, 0
20000, 702109, 1, 0, 0
20500, 712247, 1, 0, 0
21000, 728597, 1, 0, 0
21500, 726611, 1, 0, 0
22000, 731439, 1, 0, 0
22500, 738239, 1, 0, 0
23000, 748257, 1, 0, 0
23500, 757497, 1, 0, 0
24000, 771394, 1, 0, 0
24500, 789916, 1, 0, 0
25000, 801215, 1, 0, 0
25501, 870990, 1, 0, 0
26000, 851043, 1, 0, 0
26500, 841733, 1, 0, 0
27000, 869190, 1, 0, 0
27500, 912172, 1, 0, 0
28000, 938449, 1, 0, 0
28500, 950832, 1, 0, 0
29000, 952012, 1, 0, 0
29500, 956877, 1, 0, 0
30000, 941504, 1, 0, 0
30500, 965403, 1, 0, 0
31000, 930442, 1, 0, 0
31500, 940324, 1, 0, 0
32000, 941113, 1, 0, 0
32500, 930285, 1, 0, 0
33000, 932354, 1, 0, 0
33500, 959807, 1, 0, 0
34000, 937866, 1, 0, 0
34500, 963139, 1, 0, 0
35000, 948320, 1, 0, 0
35501, 947158, 1, 0, 0
36000, 936808, 1, 0, 0
36500, 940610, 1, 0, 0
37000, 941706, 1, 0, 0
37500, 949614, 1, 0, 0
38000, 939324, 1, 0, 0
38500, 939103, 1, 0, 0
39001, 944276, 1, 0, 0
39500, 951795, 1, 0, 0
40000, 947216, 1, 0, 0
40500, 955370, 1, 0, 0
41000, 950379, 1, 0, 0
41500, 949991, 1, 0, 0
42000, 955925, 1, 0, 0
42502, 935960, 1, 0, 0
43000, 940201, 1, 0, 0
43500, 949482, 1, 0, 0
44000, 944897, 1, 0, 0
44500, 950465, 1, 0, 0
45000, 956033, 1, 0, 0
45500, 951343, 1, 0, 0
46000, 934628, 1, 0, 0
46500, 940371, 1, 0, 0
47000, 960959, 1, 0, 0
47501, 961682, 1, 0, 0
48000, 925529, 1, 0, 0
48500, 936660, 1, 0, 0
49000, 944904, 1, 0, 0
49500, 934503, 1, 0, 0
50000, 943232, 1, 0, 0
50500, 946788, 1, 0, 0
51000, 942546, 1, 0, 0
51500, 946207, 1, 0, 0
52000, 955266, 1, 0, 0
52500, 948644, 1, 0, 0
53000, 960599, 1, 0, 0
53500, 956514, 1, 0, 0
54000, 961114, 1, 0, 0
54500, 939482, 1, 0, 0
55000, 944530, 1, 0, 0
55500, 943097, 1, 0, 0
56000, 942850, 1, 0, 0
56500, 964569, 1, 0, 0
57000, 944812, 1, 0, 0
57500, 941978, 1, 0, 0
58000, 954397, 1, 0, 0
58500, 954453, 1, 0, 0
59000, 983947, 1, 0, 0
59500, 930073, 1, 0, 0
60000, 931707, 1, 0, 0
60002, 2857152, 1, 0, 0
