500, 108633, 1, 0, 0
1000, 110845, 1, 0, 0
1500, 110906, 1, 0, 0
2000, 110900, 1, 0, 0
2500, 110893, 1, 0, 0
3000, 110879, 1, 0, 0
3500, 110938, 1, 0, 0
4000, 110855, 1, 0, 0
4500, 110862, 1, 0, 0
5000, 110872, 1, 0, 0
5500, 114186, 1, 0, 0
6000, 217273, 1, 0, 0
6500, 235328, 1, 0, 0
7000, 250955, 1, 0, 0
7500, 267092, 1, 0, 0
8000, 281825, 1, 0, 0
8500, 299146, 1, 0, 0
9000, 317542, 1, 0, 0
9500, 337982, 1, 0, 0
10000, 358770, 1, 0, 0
10500, 376880, 1, 0, 0
11000, 391401, 1, 0, 0
11500, 408410, 1, 0, 0
12000, 426672, 1, 0, 0
12500, 446785, 1, 0, 0
13000, 463963, 1, 0, 0
13500, 485551, 1, 0, 0
14000, 509022, 1, 0, 0
14500, 529071, 1, 0, 0
15000, 550081, 1, 0, 0
15500, 569958, 1, 0, 0
16000, 588874, 1, 0, 0
16500, 608102, 1, 0, 0
17000, 628417, 1, 0, 0
17500, 644677, 1, 0, 0
18000, 652141, 1, 0, 0
18500, 669574, 1, 0, 0
19000, 687480, 1, 0, 0
19500, 689892, 1, 0, 0
20000, 700360, 1, 0, 0
20500, 710252, 1, 0, 0
21000, 726124, 1, 0, 0
21500, 724461, 1, 0, 0
22000, 728913, 1, 0, 0
22500, 735545, 1, 0, 0
23000, 745479, 1, 0, 0
23500, 754485, 1, 0, 0
24000, 768038, 1, 0, 0
24500, 786375, 1, 0, 0
25000, 796978, 1, 0, 0
25501, 868355, 1, 0, 0
26000, 847766, 1, 0, 0
26500, 837693, 1, 0, 0
27000, 865084, 1, 0, 0
27500, 908389, 1, 0, 0
28000, 935153, 1, 0, 0
28500, 947281, 1, 0, 0
29000, 949165, 1, 0, 0
29500, 953214, 1, 0, 0
30000, 938657, 1, 0, 0
30500, 962021, 1, 0, 0
31000, 927291, 1, 0, 0
31500, 937384, 1, 0, 0
32000, 937995, 1, 0, 0
32500, 926111, 1, 0, 0
33000, 929535, 1, 0, 0
33500, 956592, 1, 0, 0
34000, 935108, 1, 0, 0
34500, 959485, 1, 0, 0
35000, 945605, 1, 0, 0
35501, 943452, 1, 0, 0
36000, 934049, 1, 0, 0
36500, 936833, 1, 0, 0
37000, 939214, 1, 0, 0
37500, 946146, 1, 0, 0
38000, 936790, 1, 0, 0
38500, 935506, 1, 0, 0
39001, 940781, 1, 0, 0
39500, 948354, 1, 0, 0
40000, 943844, 1, 0, 0
40500, 951657, 1, 0, 0
41000, 947761, 1, 0, 0
41500, 946212, 1, 0, 0
42000, 953526, 1, 0, 0
42502, 932607, 1, 0, 0
43000, 937825, 1, 0, 0
43500, 946188, 1, 0, 0
44000, 942024, 1, 0, 0
44500, 946873, 1, 0, 0
45000, 952478, 1, 0, 0
45500, 947860, 1, 0, 0
46000, 932214, 1, 0, 0
46500, 937465, 1, 0, 0
47000, 956963, 1, 0, 0
47501, 958043, 1, 0, 0
48000, 922592, 1, 0, 0
48500, 933506, 1, 0, 0
49000, 942513, 1, 0, 0
49500, 931411, 1, 0, 0
50000, 940745, 1, 0, 0
50500, 943812, 1, 0, 0
51000, 939929, 1, 0, 0
51500, 943256, 1, 0, 0
52000, 952804, 1, 0, 0
52500, 945773, 1, 0, 0
53000, 958215, 1, 0, 0
53500, 953598, 1, 0, 0
54000, 958314, 1, 0, 0
54500, 936822, 1, 0, 0
55000, 942041, 1, 0, 0
55500, 940471, 1, 0, 0
56000, 939418, 1, 0, 0
56500, 960772, 1, 0, 0
57000, 941193, 1, 0, 0
57500, 938168, 1, 0, 0
58000, 950571, 1, 0, 0
58500, 950719, 1, 0, 0
59000, 980668, 1, 0, 0
59500, 926142, 1, 0, 0
60000, 928226, 1, 0, 0
60002, 2855250, 1, 0, 0
