500, 291482, 1, 0, 0
1000, 285806, 1, 0, 0
1500, 285770, 1, 0, 0
2000, 285752, 1, 0, 0
2500, 285700, 1, 0, 0
3000, 285854, 1, 0, 0
3500, 285674, 1, 0, 0
4000, 285904, 1, 0, 0
4500, 285884, 1, 0, 0
5000, 285872, 1, 0, 0
5500, 277458, 1, 0, 0
6000, 146376, 1, 0, 0
6500, 135358, 1, 0, 0
7000, 126976, 1, 0, 0
7500, 119334, 1, 0, 0
8000, 113104, 1, 0, 0
8500, 106582, 1, 0, 0
9000, 100438, 1, 0, 0
9500, 94370, 1, 0, 0
10000, 88912, 1, 0, 0
10500, 84666, 1, 0, 0
11000, 81540, 1, 0, 0
11500, 78140, 1, 0, 0
12000, 74808, 1, 0, 0
12500, 71444, 1, 0, 0
13000, 68814, 1, 0, 0
13500, 65748, 1, 0, 0
14000, 62732, 1, 0, 0
14500, 60356, 1, 0, 0
15000, 58058, 1, 0, 0
15500, 56038, 1, 0, 0
16000, 54246, 1, 0, 0
16500, 52528, 1, 0, 0
17000, 50832, 1, 0, 0
17500, 49514, 1, 0, 0
18000, 48946, 1, 0, 0
18500, 47678, 1, 0, 0
19000, 46448, 1, 0, 0
19500, 46246, 1, 0, 0
20000, 45532, 1, 0, 0
20500, 44964, 1, 0, 0
21000, 43916, 1, 0, 0
21500, 44010, 1, 0, 0
22000, 43811, 1, 0, 0
22500, 43336, 1, 0, 0
23000, 42728, 1, 0, 0
23500, 42210, 1, 0, 0
24000, 41486, 1, 0, 0
24500, 40572, 1, 0, 0
25001, 39786, 1, 0, 0
25502, 36650, 1, 0, 0
26002, 37776, 1, 0, 0
26502, 37952, 1, 0, 0
27003, 36850, 1, 0, 0
27503, 35134, 1, 0, 0
28003, 34092, 1, 0, 0
28503, 33648, 1, 0, 0
29003, 33640, 1, 0, 0
29503, 33310, 1, 0, 0
30004, 34066, 1, 0, 0
30504, 33078, 1, 0, 0
31004, 34540, 1, 0, 0
31504, 33998, 1, 0, 0
32004, 33972, 1, 0, 0
32505, 34493, 1, 0, 0
33005, 34202, 1, 0, 0
33505, 33424, 1, 0, 0
34006, 34232, 1, 0, 0
34508, 33015, 1, 0, 0
35008, 33852, 1, 0, 0
35512, 33775, 1, 0, 0
36012, 34228, 1, 0, 0
36512, 34062, 1, 0, 0
37012, 33908, 1, 0, 0
37512, 33704, 1, 0, 0
38013, 34060, 1, 0, 0
38513, 34140, 1, 0, 0
39013, 33816, 1, 0, 0
39514, 33638, 1, 0, 0
40014, 33756, 1, 0, 0
40514, 33560, 1, 0, 0
41014, 33672, 1, 0, 0
41514, 33686, 1, 0, 0
42015, 33534, 1, 0, 0
42515, 34020, 1, 0, 0
43015, 34260, 1, 0, 0
43515, 33646, 1, 0, 0
44016, 33910, 1, 0, 0
44516, 33672, 1, 0, 0
45016, 33574, 1, 0, 0
45517, 33580, 1, 0, 0
46017, 34282, 1, 0, 0
46517, 34026, 1, 0, 0
47019, 32990, 1, 0, 0
47519, 33662, 1, 0, 0
48020, 34572, 1, 0, 0
48520, 34242, 1, 0, 0
49020, 33812, 1, 0, 0
49520, 34180, 1, 0, 0
50020, 33742, 1, 0, 0
50521, 34050, 1, 0, 0
51021, 33880, 1, 0, 0
51521, 33862, 1, 0, 0
52021, 33520, 1, 0, 0
52522, 33698, 1, 0, 0
53024, 33203, 1, 0, 0
53524, 33560, 1, 0, 0
54024, 33378, 1, 0, 0
54525, 34224, 1, 0, 0
55025, 33808, 1, 0, 0
55525, 33730, 1, 0, 0
56025, 34110, 1, 0, 0
56526, 33228, 1, 0, 0
57026, 33880, 1, 0, 0
57526, 33912, 1, 0, 0
58027, 33644, 1, 0, 0
58527, 33278, 1, 0, 0
59028, 32776, 1, 0, 0
59529, 34538, 1, 0, 0
