500, 983, 1, 0, 0
1000, 936, 1, 0, 0
1500, 890, 1, 0, 0
2000, 904, 1, 0, 0
2500, 923, 1, 0, 0
3000, 880, 1, 0, 0
3500, 886, 1, 0, 0
4000, 881, 1, 0, 0
4500, 882, 1, 0, 0
5000, 880, 1, 0, 0
5500, 904, 1, 0, 0
6000, 894, 1, 0, 0
6500, 897, 1, 0, 0
7000, 893, 1, 0, 0
7500, 895, 1, 0, 0
8000, 891, 1, 0, 0
8500, 904, 1, 0, 0
9000, 895, 1, 0, 0
9500, 893, 1, 0, 0
10000, 894, 1, 0, 0
10500, 896, 1, 0, 0
11000, 893, 1, 0, 0
11500, 903, 1, 0, 0
12000, 897, 1, 0, 0
12500, 906, 1, 0, 0
13000, 897, 1, 0, 0
13500, 895, 1, 0, 0
14000, 901, 1, 0, 0
14500, 896, 1, 0, 0
15000, 899, 1, 0, 0
15500, 911, 1, 0, 0
16000, 898, 1, 0, 0
16500, 910, 1, 0, 0
17000, 938, 1, 0, 0
17500, 1501, 1, 0, 0
18000, 1490, 1, 0, 0
18500, 1471, 1, 0, 0
19000, 1632, 1, 0, 0
19500, 1645, 1, 0, 0
20000, 1750, 1, 0, 0
20500, 1995, 1, 0, 0
21000, 2473, 1, 0, 0
21500, 2150, 1, 0, 0
22000, 2529, 1, 0, 0
22500, 2691, 1, 0, 0
23000, 2778, 1, 0, 0
23500, 3014, 1, 0, 0
24000, 3354, 1, 0, 0
24500, 3556, 1, 0, 0
25000, 4222, 1, 0, 0
25501, 2636, 1, 0, 0
26000, 3276, 1, 0, 0
26500, 4040, 1, 0, 0
27000, 4106, 1, 0, 0
27500, 3785, 1, 0, 0
28000, 3292, 1, 0, 0
28500, 3561, 1, 0, 0
29000, 2836, 1, 0, 0
29500, 3664, 1, 0, 0
30000, 2849, 1, 0, 0
30500, 3378, 1, 0, 0
31000, 3151, 1, 0, 0
31500, 2940, 1, 0, 0
32000, 3122, 1, 0, 0
32500, 4176, 1, 0, 0
33000, 2815, 1, 0, 0
33500, 3213, 1, 0, 0
34000, 2761, 1, 0, 0
34500, 3650, 1, 0, 0
35000, 2716, 1, 0, 0
35501, 3707, 1, 0, 0
36000, 2758, 1, 0, 0
36500, 3786, 1, 0, 0
37000, 2484, 1, 0, 0
37500, 3466, 1, 0, 0
38000, 2538, 1, 0, 0
38500, 3596, 1, 0, 0
39001, 3492, 1, 0, 0
39500, 3446, 1, 0, 0
40000, 3368, 1, 0, 0
40500, 3712, 1, 0, 0
41000, 2620, 1, 0, 0
41500, 3777, 1, 0, 0
42000, 2401, 1, 0, 0
42502, 3352, 1, 0, 0
43000, 2376, 1, 0, 0
43500, 3294, 1, 0, 0
44000, 2873, 1, 0, 0
44500, 3592, 1, 0, 0
45000, 3555, 1, 0, 0
45500, 3486, 1, 0, 0
46000, 2410, 1, 0, 0
46500, 2909, 1, 0, 0
47000, 3998, 1, 0, 0
47501, 3758, 1, 0, 0
48000, 2820, 1, 0, 0
48500, 3159, 1, 0, 0
49000, 2385, 1, 0, 0
49500, 3093, 1, 0, 0
50000, 2486, 1, 0, 0
50500, 2981, 1, 0, 0
51000, 2613, 1, 0, 0
51500, 2965, 1, 0, 0
52000, 2447, 1, 0, 0
52500, 2871, 1, 0, 0
53000, 2385, 1, 0, 0
53500, 2916, 1, 0, 0
54000, 2800, 1, 0, 0
54500, 2658, 1, 0, 0
55000, 2489, 1, 0, 0
55500, 2628, 1, 0, 0
56000, 3430, 1, 0, 0
56500, 3803, 1, 0, 0
57000, 3616, 1, 0, 0
57500, 3812, 1, 0, 0
58000, 3822, 1, 0, 0
58500, 3735, 1, 0, 0
59000, 3280, 1, 0, 0
59500, 3943, 1, 0, 0
60002, 3467, 1, 0, 0
