500, 1165912, 1, 0, 0
1000, 1143248, 1, 0, 0
1500, 1143080, 1, 0, 0
2000, 1143008, 1, 0, 0
2500, 1142800, 1, 0, 0
3000, 1143416, 1, 0, 0
3500, 1142696, 1, 0, 0
4000, 1143616, 1, 0, 0
4500, 1143536, 1, 0, 0
5000, 1143488, 1, 0, 0
5500, 1109832, 1, 0, 0
6000, 585507, 1, 0, 0
6500, 541432, 1, 0, 0
7000, 507904, 1, 0, 0
7500, 477336, 1, 0, 0
8000, 452416, 1, 0, 0
8500, 426328, 1, 0, 0
9000, 401752, 1, 0, 0
9500, 377480, 1, 0, 0
10000, 355648, 1, 0, 0
10500, 338664, 1, 0, 0
11000, 326160, 1, 0, 0
11500, 312560, 1, 0, 0
12000, 299232, 1, 0, 0
12500, 285776, 1, 0, 0
13000, 275256, 1, 0, 0
13500, 262992, 1, 0, 0
14000, 250928, 1, 0, 0
14500, 241424, 1, 0, 0
15000, 232232, 1, 0, 0
15500, 224152, 1, 0, 0
16000, 216984, 1, 0, 0
16500, 210112, 1, 0, 0
17000, 203328, 1, 0, 0
17500, 198056, 1, 0, 0
18000, 195784, 1, 0, 0
18500, 190712, 1, 0, 0
19000, 185792, 1, 0, 0
19500, 184984, 1, 0, 0
20000, 182128, 1, 0, 0
20500, 179856, 1, 0, 0
21000, 175664, 1, 0, 0
21500, 176040, 1, 0, 0
22000, 175246, 1, 0, 0
22500, 173344, 1, 0, 0
23000, 170912, 1, 0, 0
23500, 168840, 1, 0, 0
24000, 165944, 1, 0, 0
24500, 162288, 1, 0, 0
25001, 159144, 1, 0, 0
25502, 146602, 1, 0, 0
26002, 151104, 1, 0, 0
26502, 151808, 1, 0, 0
27003, 147400, 1, 0, 0
27503, 140536, 1, 0, 0
28003, 136368, 1, 0, 0
28503, 134592, 1, 0, 0
29003, 134560, 1, 0, 0
29503, 133240, 1, 0, 0
30004, 136264, 1, 0, 0
30504, 132312, 1, 0, 0
31004, 138160, 1, 0, 0
31504, 135992, 1, 0, 0
32004, 135888, 1, 0, 0
32505, 137972, 1, 0, 0
33005, 136808, 1, 0, 0
33505, 133696, 1, 0, 0
34006, 136928, 1, 0, 0
34508, 132063, 1, 0, 0
35008, 135408, 1, 0, 0
35512, 135101, 1, 0, 0
36012, 136912, 1, 0, 0
36512, 136248, 1, 0, 0
37012, 135632, 1, 0, 0
37512, 134816, 1, 0, 0
38013, 136240, 1, 0, 0
38513, 136560, 1, 0, 0
39013, 135264, 1, 0, 0
39514, 134552, 1, 0, 0
40014, 135024, 1, 0, 0
40514, 134240, 1, 0, 0
41014, 134680, 1, 0, 0
41514, 134744, 1, 0, 0
42015, 134136, 1, 0, 0
42515, 136080, 1, 0, 0
43015, 137040, 1, 0, 0
43515, 134584, 1, 0, 0
44016, 135640, 1, 0, 0
44516, 134688, 1, 0, 0
45016, 134296, 1, 0, 0
45517, 134320, 1, 0, 0
46017, 137128, 1, 0, 0
46517, 136104, 1, 0, 0
47019, 131960, 1, 0, 0
47519, 134648, 1, 0, 0
48020, 138288, 1, 0, 0
48520, 136968, 1, 0, 0
49020, 135248, 1, 0, 0
49520, 136720, 1, 0, 0
50020, 134968, 1, 0, 0
50521, 136200, 1, 0, 0
51021, 135520, 1, 0, 0
51521, 135448, 1, 0, 0
52021, 134080, 1, 0, 0
52522, 134792, 1, 0, 0
53024, 132814, 1, 0, 0
53524, 134240, 1, 0, 0
54024, 133512, 1, 0, 0
54525, 136896, 1, 0, 0
55025, 135232, 1, 0, 0
55525, 134920, 1, 0, 0
56025, 136440, 1, 0, 0
56526, 132912, 1, 0, 0
57026, 135520, 1, 0, 0
57526, 135648, 1, 0, 0
58027, 134576, 1, 0, 0
58527, 133112, 1, 0, 0
59028, 131104, 1, 0, 0
59529, 138152, 1, 0, 0
