500, 1800000, 1, 0, 0
1000, 1812416, 1, 0, 0
1500, 1813504, 1, 0, 0
2000, 1807552, 1, 0, 0
2500, 1819328, 1, 0, 0
3000, 1808704, 1, 0, 0
3500, 1698368, 1, 0, 0
4000, 690112, 1, 0, 0
4500, 627008, 1, 0, 0
5000, 570240, 1, 0, 0
5500, 545216, 1, 0, 0
6000, 496832, 1, 0, 0
6500, 461888, 1, 0, 0
7000, 440128, 1, 0, 0
7500, 417792, 1, 0, 0
8000, 383424, 1, 0, 0
8500, 388544, 1, 0, 0
9000, 351232, 1, 0, 0
9500, 339328, 1, 0, 0
10000, 324800, 1, 0, 0
10500, 318720, 1, 0, 0
11000, 311680, 1, 0, 0
11500, 315264, 1, 0, 0
12000, 297536, 1, 0, 0
12500, 271903, 1, 0, 0
13000, 260800, 1, 0, 0
13500, 250752, 1, 0, 0
14000, 253248, 1, 0, 0
14500, 247488, 1, 0, 0
15000, 234240, 1, 0, 0
15500, 227968, 1, 0, 0
16000, 209408, 1, 0, 0
16500, 216512, 1, 0, 0
17000, 193664, 1, 0, 0
17500, 200576, 1, 0, 0
18000, 186944, 1, 0, 0
18500, 187136, 1, 0, 0
19000, 180288, 1, 0, 0
19500, 173440, 1, 0, 0
20000, 167424, 1, 0, 0
20500, 170816, 1, 0, 0
21000, 154240, 1, 0, 0
21500, 150656, 1, 0, 0
22000, 144768, 1, 0, 0
22500, 149504, 1, 0, 0
23000, 146240, 1, 0, 0
23500, 145600, 1, 0, 0
24000, 141760, 1, 0, 0
24500, 145472, 1, 0, 0
25000, 140480, 1, 0, 0
25500, 149760, 1, 0, 0
26000, 154304, 1, 0, 0
26500, 149226, 1, 0, 0
27000, 150016, 1, 0, 0
27500, 149888, 1, 0, 0
28000, 146624, 1, 0, 0
28500, 149184, 1, 0, 0
29000, 144768, 1, 0, 0
29500, 148864, 1, 0, 0
30000, 147520, 1, 0, 0
30500, 147968, 1, 0, 0
31000, 145856, 1, 0, 0
31500, 148736, 1, 0, 0
32000, 150080, 1, 0, 0
32500, 147584, 1, 0, 0
33000, 145984, 1, 0, 0
33500, 147712, 1, 0, 0
34000, 151552, 1, 0, 0
34500, 145984, 1, 0, 0
35000, 147456, 1, 0, 0
35500, 152192, 1, 0, 0
36000, 142592, 1, 0, 0
36500, 145344, 1, 0, 0
37000, 152064, 1, 0, 0
37500, 144576, 1, 0, 0
38000, 149440, 1, 0, 0
38500, 143616, 1, 0, 0
39000, 146688, 1, 0, 0
39500, 144704, 1, 0, 0
40000, 145792, 1, 0, 0
40500, 150188, 1, 0, 0
41000, 147840, 1, 0, 0
41500, 151552, 1, 0, 0
42000, 143488, 1, 0, 0
42500, 146816, 1, 0, 0
43000, 142848, 1, 0, 0
43500, 145024, 1, 0, 0
44000, 145024, 1, 0, 0
44500, 142528, 1, 0, 0
45000, 152960, 1, 0, 0
45500, 144384, 1, 0, 0
46000, 153024, 1, 0, 0
46500, 145920, 1, 0, 0
47000, 146944, 1, 0, 0
47500, 151232, 1, 0, 0
48000, 141888, 1, 0, 0
48500, 140096, 1, 0, 0
49000, 150464, 1, 0, 0
49500, 149056, 1, 0, 0
50000, 145344, 1, 0, 0
50500, 145664, 1, 0, 0
51000, 146816, 1, 0, 0
51500, 146981, 1, 0, 0
52000, 149184, 1, 0, 0
52500, 146624, 1, 0, 0
53000, 143616, 1, 0, 0
53500, 143872, 1, 0, 0
54000, 143872, 1, 0, 0
54500, 148928, 1, 0, 0
55000, 145920, 1, 0, 0
55500, 154624, 1, 0, 0
56000, 145920, 1, 0, 0
56500, 145664, 1, 0, 0
57000, 150400, 1, 0, 0
57500, 145472, 1, 0, 0
58000, 146624, 1, 0, 0
58500, 148224, 1, 0, 0
59000, 145600, 1, 0, 0
59500, 143296, 1, 0, 0
60000, 149376, 1, 0, 0
