500, 566734, 1, 0, 0
1000, 563084, 1, 0, 0
1500, 562838, 1, 0, 0
2000, 564682, 1, 0, 0
2500, 561003, 1, 0, 0
3000, 564341, 1, 0, 0
3500, 600385, 1, 0, 0
4000, 1484491, 1, 0, 0
4500, 1626810, 1, 0, 0
5001, 1783786, 1, 0, 0
5501, 1878572, 1, 0, 0
6000, 2050732, 1, 0, 0
6500, 2228241, 1, 0, 0
7000, 2330554, 1, 0, 0
7504, 2438182, 1, 0, 0
8000, 2646928, 1, 0, 0
8500, 2663298, 1, 0, 0
9000, 2905323, 1, 0, 0
9500, 3040291, 1, 0, 0
10005, 3130237, 1, 0, 0
10500, 3207323, 1, 0, 0
11002, 3252339, 1, 0, 0
11504, 3257300, 1, 0, 0
12000, 3425274, 1, 0, 0
12500, 3791682, 1, 0, 0
13001, 3938352, 1, 0, 0
13502, 4051944, 1, 0, 0
14000, 4092449, 1, 0, 0
14503, 4092485, 1, 0, 0
15004, 4360727, 1, 0, 0
15500, 4530360, 1, 0, 0
16000, 4864450, 1, 0, 0
16500, 4756798, 1, 0, 0
17007, 5275779, 1, 0, 0
17500, 5116889, 1, 0, 0
18000, 5491712, 1, 0, 0
18500, 5393884, 1, 0, 0
19001, 5644251, 1, 0, 0
19504, 5945288, 1, 0, 0
20000, 6079866, 1, 0, 0
20500, 6101718, 1, 0, 0
21005, 6541723, 1, 0, 0
21500, 6910532, 1, 0, 0
22003, 6951436, 1, 0, 0
22501, 6810937, 1, 0, 0
23006, 7093007, 1, 0, 0
23506, 7005336, 1, 0, 0
24002, 7164780, 1, 0, 0
24508, 7117235, 1, 0, 0
25002, 7182719, 1, 0, 0
25509, 6945557, 1, 0, 0
26000, 6696098, 1, 0, 0
26505, 6763692, 1, 0, 0
27000, 6790288, 1, 0, 0
27500, 6916809, 1, 0, 0
28008, 6974078, 1, 0, 0
28509, 6861373, 1, 0, 0
29004, 7036372, 1, 0, 0
29504, 6848450, 1, 0, 0
30004, 6952409, 1, 0, 0
30502, 6861794, 1, 0, 0
31006, 7106352, 1, 0, 0
31503, 6825257, 1, 0, 0
32001, 6816219, 1, 0, 0
32500, 6999634, 1, 0, 0
33007, 7010035, 1, 0, 0
33503, 6871551, 1, 0, 0
34000, 6876256, 1, 0, 0
34506, 6924333, 1, 0, 0
35001, 6890484, 1, 0, 0
35500, 6854806, 1, 0, 0
36000, 7060056, 1, 0, 0
36506, 7079979, 1, 0, 0
37007, 6746604, 1, 0, 0
37503, 7032061, 1, 0, 0
38000, 6969943, 1, 0, 0
38505, 7026211, 1, 0, 0
39000, 6989374, 1, 0, 0
39500, 7124654, 1, 0, 0
40006, 6980420, 1, 0, 0
40502, 6771870, 1, 0, 0
41000, 6971309, 1, 0, 0
41500, 6801756, 1, 0, 0
42005, 7085022, 1, 0, 0
42501, 6901351, 1, 0, 0
43007, 7270758, 1, 0, 0
43503, 7004927, 1, 0, 0
44000, 7158858, 1, 0, 0
44505, 7088288, 1, 0, 0
45002, 6655858, 1, 0, 0
45500, 7212475, 1, 0, 0
46000, 6683116, 1, 0, 0
46504, 6957752, 1, 0, 0
47003, 6925102, 1, 0, 0
47500, 6772673, 1, 0, 0
48007, 7278324, 1, 0, 0
48501, 7238086, 1, 0, 0
49001, 6789974, 1, 0, 0
49501, 6954416, 1, 0, 0
50000, 7092343, 1, 0, 0
50507, 6960410, 1, 0, 0
51000, 7048126, 1, 0, 0
51500, 6934721, 1, 0, 0
52005, 6808603, 1, 0, 0
52502, 6962854, 1, 0, 0
53002, 7117259, 1, 0, 0
53500, 7209983, 1, 0, 0
54000, 7125082, 1, 0, 0
54507, 6846131, 1, 0, 0
55000, 6979004, 1, 0, 0
55500, 6658348, 1, 0, 0
56005, 6990889, 1, 0, 0
56501, 6979258, 1, 0, 0
57008, 6870808, 1, 0, 0
57505, 6991560, 1, 0, 0
58003, 6956377, 1, 0, 0
58503, 6917136, 1, 0, 0
59000, 7136346, 1, 0, 0
59506, 7081352, 1, 0, 0
60005, 6831788, 1, 0, 0
60006, 12291032, 1, 0, 0
