500, 1680, 1, 0, 0
1000, 1678, 1, 0, 0
1500, 1675, 1, 0, 0
2000, 1678, 1, 0, 0
2500, 1666, 1, 0, 0
3000, 1672, 1, 0, 0
3500, 1675, 1, 0, 0
4000, 1684, 1, 0, 0
4500, 1684, 1, 0, 0
5001, 1688, 1, 0, 0
5501, 1684, 1, 0, 0
6000, 1686, 1, 0, 0
6500, 1684, 1, 0, 0
7000, 1697, 1, 0, 0
7504, 1694, 1, 0, 0
8000, 1689, 1, 0, 0
8500, 1687, 1, 0, 0
9000, 1686, 1, 0, 0
9500, 1687, 1, 0, 0
10005, 1681, 1, 0, 0
10500, 1686, 1, 0, 0
11002, 1693, 1, 0, 0
11504, 1680, 1, 0, 0
12000, 1709, 1, 0, 0
12500, 1700, 1, 0, 0
13001, 1695, 1, 0, 0
13502, 1690, 1, 0, 0
14000, 1696, 1, 0, 0
14503, 1686, 1, 0, 0
15004, 1691, 1, 0, 0
15500, 1694, 1, 0, 0
16000, 1763, 1, 0, 0
16500, 1679, 1, 0, 0
17007, 1686, 1, 0, 0
17500, 1681, 1, 0, 0
18000, 1684, 1, 0, 0
18500, 1679, 1, 0, 0
19001, 1676, 1, 0, 0
19504, 1675, 1, 0, 0
20000, 1684, 1, 0, 0
20500, 1679, 1, 0, 0
21005, 1694, 1, 0, 0
21500, 1686, 1, 0, 0
22003, 1691, 1, 0, 0
22501, 1694, 1, 0, 0
23006, 1786, 1, 0, 0
23506, 1734, 1, 0, 0
24002, 1712, 1, 0, 0
24508, 1696, 1, 0, 0
25002, 1703, 1, 0, 0
25509, 1709, 1, 0, 0
26000, 1729, 1, 0, 0
26505, 1709, 1, 0, 0
27000, 1704, 1, 0, 0
27500, 1710, 1, 0, 0
28008, 1712, 1, 0, 0
28509, 1691, 1, 0, 0
29004, 1693, 1, 0, 0
29504, 1705, 1, 0, 0
30004, 1684, 1, 0, 0
30502, 1696, 1, 0, 0
31006, 1723, 1, 0, 0
31503, 1754, 1, 0, 0
32001, 1699, 1, 0, 0
32500, 1703, 1, 0, 0
33007, 1699, 1, 0, 0
33503, 1691, 1, 0, 0
34000, 1806, 1, 0, 0
34506, 1684, 1, 0, 0
35001, 1680, 1, 0, 0
35500, 1708, 1, 0, 0
36000, 1714, 1, 0, 0
36506, 1684, 1, 0, 0
37007, 1695, 1, 0, 0
37503, 1693, 1, 0, 0
38000, 1673, 1, 0, 0
38505, 1666, 1, 0, 0
39000, 1668, 1, 0, 0
39500, 1674, 1, 0, 0
40006, 1672, 1, 0, 0
40502, 1705, 1, 0, 0
41000, 1745, 1, 0, 0
41500, 1691, 1, 0, 0
42005, 1690, 1, 0, 0
42501, 1710, 1, 0, 0
43007, 1680, 1, 0, 0
43503, 1668, 1, 0, 0
44000, 1752, 1, 0, 0
44505, 2007, 1, 0, 0
45002, 1701, 1, 0, 0
45500, 1681, 1, 0, 0
46000, 1680, 1, 0, 0
46504, 1686, 1, 0, 0
47003, 1704, 1, 0, 0
47500, 1678, 1, 0, 0
48007, 1679, 1, 0, 0
48501, 1672, 1, 0, 0
49002, 1675, 1, 0, 0
49501, 1672, 1, 0, 0
50000, 1716, 1, 0, 0
50507, 1784, 1, 0, 0
51000, 1696, 1, 0, 0
51500, 1674, 1, 0, 0
52005, 1698, 1, 0, 0
52502, 1700, 1, 0, 0
53002, 1691, 1, 0, 0
53500, 1670, 1, 0, 0
54000, 1695, 1, 0, 0
54507, 1678, 1, 0, 0
55000, 1676, 1, 0, 0
55500, 1703, 1, 0, 0
56005, 1695, 1, 0, 0
56501, 1680, 1, 0, 0
57008, 1675, 1, 0, 0
57505, 1728, 1, 0, 0
58003, 1679, 1, 0, 0
58503, 1669, 1, 0, 0
59000, 1668, 1, 0, 0
59506, 1666, 1, 0, 0
60006, 1671, 1, 0, 0
