500, 568414, 1, 0, 0
1000, 564761, 1, 0, 0
1500, 564513, 1, 0, 0
2000, 566360, 1, 0, 0
2500, 562669, 1, 0, 0
3000, 566013, 1, 0, 0
3500, 602060, 1, 0, 0
4000, 1486175, 1, 0, 0
4500, 1628495, 1, 0, 0
5001, 1785475, 1, 0, 0
5501, 1880256, 1, 0, 0
6000, 2052418, 1, 0, 0
6500, 2229925, 1, 0, 0
7000, 2332251, 1, 0, 0
7504, 2439876, 1, 0, 0
8000, 2648617, 1, 0, 0
8500, 2664985, 1, 0, 0
9000, 2907008, 1, 0, 0
9500, 3041979, 1, 0, 0
10005, 3131918, 1, 0, 0
10500, 3209009, 1, 0, 0
11002, 3254032, 1, 0, 0
11504, 3258980, 1, 0, 0
12000, 3426983, 1, 0, 0
12500, 3793382, 1, 0, 0
13001, 3940047, 1, 0, 0
13502, 4053634, 1, 0, 0
14000, 4094144, 1, 0, 0
14503, 4094171, 1, 0, 0
15004, 4362419, 1, 0, 0
15500, 4532054, 1, 0, 0
16000, 4866212, 1, 0, 0
16500, 4758478, 1, 0, 0
17007, 5277465, 1, 0, 0
17500, 5118570, 1, 0, 0
18000, 5493396, 1, 0, 0
18500, 5395563, 1, 0, 0
19001, 5645927, 1, 0, 0
19504, 5946962, 1, 0, 0
20000, 6081549, 1, 0, 0
20500, 6103397, 1, 0, 0
21005, 6543416, 1, 0, 0
21500, 6912217, 1, 0, 0
22003, 6953127, 1, 0, 0
22501, 6812631, 1, 0, 0
23006, 7094792, 1, 0, 0
23506, 7007071, 1, 0, 0
24002, 7166491, 1, 0, 0
24508, 7118932, 1, 0, 0
25002, 7184421, 1, 0, 0
25509, 6947265, 1, 0, 0
26000, 6697827, 1, 0, 0
26505, 6765401, 1, 0, 0
27000, 6791992, 1, 0, 0
27500, 6918518, 1, 0, 0
28008, 6975789, 1, 0, 0
28509, 6863065, 1, 0, 0
29004, 7038064, 1, 0, 0
29504, 6850156, 1, 0, 0
30004, 6954092, 1, 0, 0
30502, 6863492, 1, 0, 0
31006, 7108071, 1, 0, 0
31503, 6827014, 1, 0, 0
32001, 6817916, 1, 0, 0
32500, 7001339, 1, 0, 0
33007, 7011732, 1, 0, 0
33503, 6873242, 1, 0, 0
34000, 6878063, 1, 0, 0
34506, 6926017, 1, 0, 0
35001, 6892164, 1, 0, 0
35500, 6856514, 1, 0, 0
36000, 7061770, 1, 0, 0
36506, 7081663, 1, 0, 0
37007, 6748300, 1, 0, 0
37503, 7033755, 1, 0, 0
38000, 6971615, 1, 0, 0
38505, 7027876, 1, 0, 0
39000, 6991043, 1, 0, 0
39500, 7126327, 1, 0, 0
40006, 6982092, 1, 0, 0
40502, 6773573, 1, 0, 0
41000, 6973055, 1, 0, 0
41500, 6803448, 1, 0, 0
42005, 7086711, 1, 0, 0
42501, 6903057, 1, 0, 0
43007, 7272443, 1, 0, 0
43503, 7006595, 1, 0, 0
44000, 7160590, 1, 0, 0
44505, 7090316, 1, 0, 0
45002, 6657559, 1, 0, 0
45500, 7214157, 1, 0, 0
46000, 6684792, 1, 0, 0
46504, 6959441, 1, 0, 0
47003, 6926805, 1, 0, 0
47500, 6774351, 1, 0, 0
48007, 7280003, 1, 0, 0
48501, 7239758, 1, 0, 0
49001, 6791650, 1, 0, 0
49501, 6956081, 1, 0, 0
50000, 7094065, 1, 0, 0
50507, 6962194, 1, 0, 0
51000, 7049822, 1, 0, 0
51500, 6936396, 1, 0, 0
52005, 6810301, 1, 0, 0
52502, 6964555, 1, 0, 0
53002, 7118950, 1, 0, 0
53500, 7211652, 1, 0, 0
54000, 7126776, 1, 0, 0
54507, 6847810, 1, 0, 0
55000, 6980680, 1, 0, 0
55500, 6660052, 1, 0, 0
56005, 6992583, 1, 0, 0
56501, 6980939, 1, 0, 0
57008, 6872483, 1, 0, 0
57505, 6993288, 1, 0, 0
58003, 6958056, 1, 0, 0
58503, 6918805, 1, 0, 0
59000, 7138014, 1, 0, 0
59506, 7083019, 1, 0, 0
60005, 6833458, 1, 0, 0
60006, 12292715, 1, 0, 0
