500, 56250, 1, 0, 0
1000, 56638, 1, 0, 0
1500, 56672, 1, 0, 0
2000, 56486, 1, 0, 0
2500, 56854, 1, 0, 0
3000, 56522, 1, 0, 0
3500, 53074, 1, 0, 0
4000, 21566, 1, 0, 0
4500, 19594, 1, 0, 0
5000, 17820, 1, 0, 0
5500, 17038, 1, 0, 0
6000, 15526, 1, 0, 0
6500, 14434, 1, 0, 0
7000, 13754, 1, 0, 0
7500, 13056, 1, 0, 0
8000, 11982, 1, 0, 0
8500, 12142, 1, 0, 0
9000, 10976, 1, 0, 0
9500, 10604, 1, 0, 0
10000, 10150, 1, 0, 0
10500, 9960, 1, 0, 0
11000, 9740, 1, 0, 0
11500, 9852, 1, 0, 0
12000, 9298, 1, 0, 0
12500, 8496, 1, 0, 0
13000, 8150, 1, 0, 0
13500, 7836, 1, 0, 0
14000, 7914, 1, 0, 0
14500, 7734, 1, 0, 0
15000, 7320, 1, 0, 0
15500, 7124, 1, 0, 0
16000, 6544, 1, 0, 0
16500, 6766, 1, 0, 0
17000, 6052, 1, 0, 0
17500, 6268, 1, 0, 0
18000, 5842, 1, 0, 0
18500, 5848, 1, 0, 0
19000, 5634, 1, 0, 0
19500, 5420, 1, 0, 0
20000, 5232, 1, 0, 0
20500, 5338, 1, 0, 0
21000, 4820, 1, 0, 0
21500, 4708, 1, 0, 0
22000, 4524, 1, 0, 0
22500, 4672, 1, 0, 0
23000, 4570, 1, 0, 0
23500, 4550, 1, 0, 0
24000, 4430, 1, 0, 0
24500, 4546, 1, 0, 0
25000, 4390, 1, 0, 0
25500, 4680, 1, 0, 0
26000, 4822, 1, 0, 0
26500, 4663, 1, 0, 0
27000, 4688, 1, 0, 0
27500, 4684, 1, 0, 0
28000, 4582, 1, 0, 0
28500, 4662, 1, 0, 0
29000, 4524, 1, 0, 0
29500, 4652, 1, 0, 0
30000, 4610, 1, 0, 0
30500, 4624, 1, 0, 0
31000, 4558, 1, 0, 0
31500, 4648, 1, 0, 0
32000, 4690, 1, 0, 0
32500, 4612, 1, 0, 0
33000, 4562, 1, 0, 0
33500, 4616, 1, 0, 0
34000, 4736, 1, 0, 0
34500, 4562, 1, 0, 0
35000, 4608, 1, 0, 0
35500, 4756, 1, 0, 0
36000, 4456, 1, 0, 0
36500, 4542, 1, 0, 0
37000, 4752, 1, 0, 0
37500, 4518, 1, 0, 0
38000, 4670, 1, 0, 0
38500, 4488, 1, 0, 0
39000, 4584, 1, 0, 0
39500, 4522, 1, 0, 0
40000, 4556, 1, 0, 0
40500, 4693, 1, 0, 0
41000, 4620, 1, 0, 0
41500, 4736, 1, 0, 0
42000, 4484, 1, 0, 0
42500, 4588, 1, 0, 0
43000, 4464, 1, 0, 0
43500, 4532, 1, 0, 0
44000, 4532, 1, 0, 0
44500, 4454, 1, 0, 0
45000, 4780, 1, 0, 0
45500, 4512, 1, 0, 0
46000, 4782, 1, 0, 0
46500, 4560, 1, 0, 0
47000, 4592, 1, 0, 0
47500, 4726, 1, 0, 0
48000, 4434, 1, 0, 0
48500, 4378, 1, 0, 0
49000, 4702, 1, 0, 0
49500, 4658, 1, 0, 0
50000, 4542, 1, 0, 0
50500, 4552, 1, 0, 0
51000, 4588, 1, 0, 0
51500, 4593, 1, 0, 0
52000, 4662, 1, 0, 0
52500, 4582, 1, 0, 0
53000, 4488, 1, 0, 0
53500, 4496, 1, 0, 0
54000, 4496, 1, 0, 0
54500, 4654, 1, 0, 0
55000, 4560, 1, 0, 0
55500, 4832, 1, 0, 0
56000, 4560, 1, 0, 0
56500, 4552, 1, 0, 0
57000, 4700, 1, 0, 0
57500, 4546, 1, 0, 0
58000, 4582, 1, 0, 0
58500, 4632, 1, 0, 0
59000, 4550, 1, 0, 0
59500, 4478, 1, 0, 0
60000, 4668, 1, 0, 0
