500, 35774, 1, 0, 0
1000, 35734, 1, 0, 0
1500, 35732, 1, 0, 0
2001, 35728, 1, 0, 0
2500, 35733, 1, 0, 0
3000, 35730, 1, 0, 0
3500, 35728, 1, 0, 0
4000, 35734, 1, 0, 0
4500, 35732, 1, 0, 0
5000, 35732, 1, 0, 0
5500, 32990, 1, 0, 0
6000, 2272, 1, 0, 0
6500, 2260, 1, 0, 0
7000, 2352, 1, 0, 0
7500, 2372, 1, 0, 0
8000, 2616, 1, 0, 0
8500, 2648, 1, 0, 0
9000, 2936, 1, 0, 0
9500, 3036, 1, 0, 0
10000, 3136, 1, 0, 0
10500, 3384, 1, 0, 0
11000, 3460, 1, 0, 0
11500, 3748, 1, 0, 0
12000, 3792, 1, 0, 0
12500, 3640, 1, 0, 0
13000, 3432, 1, 0, 0
13500, 3392, 1, 0, 0
14000, 3308, 1, 0, 0
14500, 3503, 1, 0, 0
15000, 3584, 1, 0, 0
15500, 3590, 1, 0, 0
16000, 3598, 1, 0, 0
16500, 3780, 1, 0, 0
17000, 3820, 1, 0, 0
17500, 3668, 1, 0, 0
18000, 3904, 1, 0, 0
18500, 3968, 1, 0, 0
19000, 4056, 1, 0, 0
19500, 4008, 1, 0, 0
20000, 4184, 1, 0, 0
20500, 4292, 1, 0, 0
21000, 4304, 1, 0, 0
21500, 4292, 1, 0, 0
22000, 4174, 1, 0, 0
22500, 4454, 1, 0, 0
23000, 4536, 1, 0, 0
23500, 4580, 1, 0, 0
24000, 4712, 1, 0, 0
24500, 4764, 1, 0, 0
25000, 4928, 1, 0, 0
25500, 4968, 1, 0, 0
26000, 4848, 1, 0, 0
26500, 5062, 1, 0, 0
27000, 5160, 1, 0, 0
27500, 5472, 1, 0, 0
28000, 5772, 1, 0, 0
28500, 5740, 1, 0, 0
29000, 5892, 1, 0, 0
29500, 6080, 1, 0, 0
30000, 6212, 1, 0, 0
30500, 6368, 1, 0, 0
31000, 6856, 1, 0, 0
31500, 6856, 1, 0, 0
32000, 7316, 1, 0, 0
32500, 7772, 1, 0, 0
33000, 8196, 1, 0, 0
33500, 8248, 1, 0, 0
34000, 9264, 1, 0, 0
34500, 9976, 1, 0, 0
35000, 10780, 1, 0, 0
35500, 12380, 1, 0, 0
36000, 14280, 1, 0, 0
36500, 17756, 1, 0, 0
37000, 28220, 1, 0, 0
37500, 16604, 1, 0, 0
38000, 2284, 1, 0, 0
38500, 2248, 1, 0, 0
39000, 2468, 1, 0, 0
39500, 2472, 1, 0, 0
40000, 2692, 1, 0, 0
40500, 2728, 1, 0, 0
41000, 2980, 1, 0, 0
41500, 3058, 1, 0, 0
42000, 3266, 1, 0, 0
42500, 3484, 1, 0, 0
43000, 3466, 1, 0, 0
43500, 3682, 1, 0, 0
44000, 3776, 1, 0, 0
44500, 3554, 1, 0, 0
45000, 3298, 1, 0, 0
45500, 3364, 1, 0, 0
46000, 3436, 1, 0, 0
46500, 3408, 1, 0, 0
47000, 3680, 1, 0, 0
47500, 3684, 1, 0, 0
48000, 3636, 1, 0, 0
48500, 3832, 1, 0, 0
49000, 3928, 1, 0, 0
49500, 3876, 1, 0, 0
50000, 3875, 1, 0, 0
50500, 3992, 1, 0, 0
51000, 4060, 1, 0, 0
51500, 4084, 1, 0, 0
52000, 4016, 1, 0, 0
52500, 4236, 1, 0, 0
53000, 4240, 1, 0, 0
53500, 4288, 1, 0, 0
54000, 4424, 1, 0, 0
54500, 4490, 1, 0, 0
55000, 4426, 1, 0, 0
55500, 4652, 1, 0, 0
56000, 4708, 1, 0, 0
56500, 4736, 1, 0, 0
57000, 4828, 1, 0, 0
57500, 4992, 1, 0, 0
58000, 5016, 1, 0, 0
58500, 5216, 1, 0, 0
59000, 5384, 1, 0, 0
59500, 5464, 1, 0, 0
60000, 5556, 1, 0, 0
