500, 892241, 1, 0, 0
1000, 892867, 1, 0, 0
1500, 892861, 1, 0, 0
2000, 892872, 1, 0, 0
2500, 892865, 1, 0, 0
3000, 892866, 1, 0, 0
3500, 892831, 1, 0, 0
4000, 892860, 1, 0, 0
4500, 892838, 1, 0, 0
5000, 892871, 1, 0, 0
5515, 964764, 1, 0, 0
6008, 13852922, 1, 0, 0
6500, 14287881, 1, 0, 0
7009, 13515174, 1, 0, 0
7500, 13244254, 1, 0, 0
8013, 12557139, 1, 0, 0
8503, 11831341, 1, 0, 0
9011, 11091053, 1, 0, 0
9500, 10702520, 1, 0, 0
10007, 9969601, 1, 0, 0
10515, 9593246, 1, 0, 0
11002, 9002580, 1, 0, 0
11508, 8641207, 1, 0, 0
12014, 8543912, 1, 0, 0
12501, 8563979, 1, 0, 0
13007, 9426006, 1, 0, 0
13514, 9561628, 1, 0, 0
14000, 9426614, 1, 0, 0
14507, 9254065, 1, 0, 0
15010, 8988157, 1, 0, 0
15500, 9012996, 1, 0, 0
16004, 8675999, 1, 0, 0
16508, 8541154, 1, 0, 0
17014, 8462261, 1, 0, 0
17500, 8481093, 1, 0, 0
18005, 8271126, 1, 0, 0
18511, 8162829, 1, 0, 0
19015, 7950040, 1, 0, 0
19500, 7805002, 1, 0, 0
20004, 7645229, 1, 0, 0
20507, 7506312, 1, 0, 0
21010, 7475471, 1, 0, 0
21514, 7505396, 1, 0, 0
22000, 7468728, 1, 0, 0
22503, 7211703, 1, 0, 0
23006, 7091718, 1, 0, 0
23509, 7032603, 1, 0, 0
24012, 6824552, 1, 0, 0
24514, 6748299, 1, 0, 0
25015, 6507008, 1, 0, 0
25500, 6437774, 1, 0, 0
26000, 6604034, 1, 0, 0
26500, 6220560, 1, 0, 0
27000, 6125227, 1, 0, 0
27500, 6022576, 1, 0, 0
28015, 5539560, 1, 0, 0
28515, 5570935, 1, 0, 0
29013, 5404668, 1, 0, 0
29509, 5221347, 1, 0, 0
30006, 5113201, 1, 0, 0
30501, 4977120, 1, 0, 0
31014, 4787492, 1, 0, 0
31507, 4608099, 1, 0, 0
32000, 4420359, 1, 0, 0
32507, 4068369, 1, 0, 0
33000, 3968359, 1, 0, 0
33502, 3780622, 1, 0, 0
34006, 3478834, 1, 0, 0
34507, 3213592, 1, 0, 0
35001, 2934657, 1, 0, 0
35509, 2628966, 1, 0, 0
36008, 2240472, 1, 0, 0
36505, 1799429, 1, 0, 0
37000, 1135449, 1, 0, 0
37501, 1855216, 1, 0, 0
38013, 14387601, 1, 0, 0
38504, 13950226, 1, 0, 0
39014, 13222485, 1, 0, 0
39503, 12677680, 1, 0, 0
40013, 12127202, 1, 0, 0
40502, 11472398, 1, 0, 0
41011, 10921506, 1, 0, 0
41500, 10326361, 1, 0, 0
42006, 9828883, 1, 0, 0
42513, 9308062, 1, 0, 0
43000, 9030669, 1, 0, 0
43505, 8749796, 1, 0, 0
44010, 8558957, 1, 0, 0
44500, 9169101, 1, 0, 0
45004, 9393865, 1, 0, 0
45511, 9640879, 1, 0, 0
46017, 9409213, 1, 0, 0
46503, 9134279, 1, 0, 0
47007, 8771030, 1, 0, 0
47514, 8794021, 1, 0, 0
48000, 8569823, 1, 0, 0
48507, 8453679, 1, 0, 0
49012, 8236334, 1, 0, 0
49500, 8313007, 1, 0, 0
50003, 8056496, 1, 0, 0
50508, 8085088, 1, 0, 0
51012, 7956650, 1, 0, 0
51516, 7884439, 1, 0, 0
52001, 7728381, 1, 0, 0
52504, 7606952, 1, 0, 0
53009, 7619683, 1, 0, 0
53512, 7502545, 1, 0, 0
54014, 7255516, 1, 0, 0
54500, 7188337, 1, 0, 0
55000, 6983807, 1, 0, 0
55500, 6869058, 1, 0, 0
56004, 6837182, 1, 0, 0
56507, 6797557, 1, 0, 0
57011, 6665987, 1, 0, 0
57512, 6433773, 1, 0, 0
58012, 6378071, 1, 0, 0
58511, 6122908, 1, 0, 0
59011, 5937903, 1, 0, 0
59510, 5846591, 1, 0, 0
60009, 5735963, 1, 0, 0
60010, 17505426, 1, 0, 0
