500, 2636, 1, 0, 0
1000, 2568, 1, 0, 0
1500, 2573, 1, 0, 0
2000, 2560, 1, 0, 0
2500, 2566, 1, 0, 0
3000, 2563, 1, 0, 0
3500, 2599, 1, 0, 0
4000, 2572, 1, 0, 0
4500, 2592, 1, 0, 0
5000, 2552, 1, 0, 0
5515, 2581, 1, 0, 0
6008, 2632, 1, 0, 0
6500, 2621, 1, 0, 0
7009, 2618, 1, 0, 0
7500, 2649, 1, 0, 0
8013, 2653, 1, 0, 0
8503, 2626, 1, 0, 0
9011, 2607, 1, 0, 0
9500, 2805, 1, 0, 0
10007, 2609, 1, 0, 0
10515, 2608, 1, 0, 0
11002, 2617, 1, 0, 0
11508, 2600, 1, 0, 0
12014, 2604, 1, 0, 0
12501, 2599, 1, 0, 0
13007, 2600, 1, 0, 0
13514, 2599, 1, 0, 0
14000, 2595, 1, 0, 0
14507, 2609, 1, 0, 0
15010, 2613, 1, 0, 0
15500, 2613, 1, 0, 0
16004, 2600, 1, 0, 0
16508, 2639, 1, 0, 0
17014, 2599, 1, 0, 0
17500, 2603, 1, 0, 0
18005, 2640, 1, 0, 0
18511, 2621, 1, 0, 0
19015, 2597, 1, 0, 0
19500, 2612, 1, 0, 0
20004, 2610, 1, 0, 0
20507, 2598, 1, 0, 0
21010, 2600, 1, 0, 0
21514, 2638, 1, 0, 0
22000, 2623, 1, 0, 0
22503, 2632, 1, 0, 0
23006, 2629, 1, 0, 0
23509, 2624, 1, 0, 0
24012, 2629, 1, 0, 0
24514, 2643, 1, 0, 0
25015, 2642, 1, 0, 0
25500, 2601, 1, 0, 0
26000, 2615, 1, 0, 0
26500, 2598, 1, 0, 0
27000, 2603, 1, 0, 0
27500, 2597, 1, 0, 0
28015, 2621, 1, 0, 0
28515, 2624, 1, 0, 0
29013, 2629, 1, 0, 0
29509, 2662, 1, 0, 0
30006, 2969, 1, 0, 0
30501, 2611, 1, 0, 0
31014, 2603, 1, 0, 0
31507, 2616, 1, 0, 0
32000, 2620, 1, 0, 0
32507, 2617, 1, 0, 0
33000, 2618, 1, 0, 0
33502, 2614, 1, 0, 0
34006, 2614, 1, 0, 0
34507, 2606, 1, 0, 0
35001, 2615, 1, 0, 0
35509, 2611, 1, 0, 0
36008, 2613, 1, 0, 0
36505, 2600, 1, 0, 0
37000, 2586, 1, 0, 0
37501, 2579, 1, 0, 0
38013, 2604, 1, 0, 0
38504, 2589, 1, 0, 0
39014, 2615, 1, 0, 0
39503, 2669, 1, 0, 0
40013, 3406, 1, 0, 0
40502, 3384, 1, 0, 0
41011, 2621, 1, 0, 0
41500, 2604, 1, 0, 0
42006, 2609, 1, 0, 0
42513, 2621, 1, 0, 0
43000, 2613, 1, 0, 0
43505, 2611, 1, 0, 0
44010, 2616, 1, 0, 0
44500, 2614, 1, 0, 0
45004, 2643, 1, 0, 0
45511, 2637, 1, 0, 0
46017, 2654, 1, 0, 0
46503, 2617, 1, 0, 0
47007, 2654, 1, 0, 0
47514, 2615, 1, 0, 0
48000, 2629, 1, 0, 0
48507, 2621, 1, 0, 0
49012, 2638, 1, 0, 0
49500, 2644, 1, 0, 0
50003, 2655, 1, 0, 0
50508, 2663, 1, 0, 0
51012, 2618, 1, 0, 0
51516, 2625, 1, 0, 0
52001, 2629, 1, 0, 0
52504, 2623, 1, 0, 0
53009, 2612, 1, 0, 0
53512, 2616, 1, 0, 0
54014, 2632, 1, 0, 0
54500, 2637, 1, 0, 0
55000, 2630, 1, 0, 0
55500, 2644, 1, 0, 0
56004, 2638, 1, 0, 0
56507, 2617, 1, 0, 0
57011, 2614, 1, 0, 0
57512, 2635, 1, 0, 0
58012, 2642, 1, 0, 0
58511, 2617, 1, 0, 0
59011, 2613, 1, 0, 0
59510, 2620, 1, 0, 0
60010, 2646, 1, 0, 0
