500, 894877, 1, 0, 0
1000, 895436, 1, 0, 0
1500, 895434, 1, 0, 0
2000, 895433, 1, 0, 0
2500, 895430, 1, 0, 0
3000, 895430, 1, 0, 0
3500, 895430, 1, 0, 0
4000, 895431, 1, 0, 0
4500, 895430, 1, 0, 0
5000, 895423, 1, 0, 0
5515, 967345, 1, 0, 0
6008, 13855552, 1, 0, 0
6500, 14290503, 1, 0, 0
7009, 13517794, 1, 0, 0
7500, 13246903, 1, 0, 0
8013, 12559790, 1, 0, 0
8503, 11833969, 1, 0, 0
9011, 11093657, 1, 0, 0
9500, 10705329, 1, 0, 0
10007, 9972207, 1, 0, 0
10515, 9595854, 1, 0, 0
11002, 9005197, 1, 0, 0
11508, 8643808, 1, 0, 0
12014, 8546515, 1, 0, 0
12501, 8566579, 1, 0, 0
13007, 9428607, 1, 0, 0
13514, 9564226, 1, 0, 0
14000, 9429206, 1, 0, 0
14507, 9256674, 1, 0, 0
15010, 8990769, 1, 0, 0
15500, 9015609, 1, 0, 0
16004, 8678601, 1, 0, 0
16508, 8543792, 1, 0, 0
17014, 8464860, 1, 0, 0
17500, 8483697, 1, 0, 0
18005, 8273766, 1, 0, 0
18511, 8165449, 1, 0, 0
19015, 7952637, 1, 0, 0
19500, 7807613, 1, 0, 0
20004, 7647839, 1, 0, 0
20507, 7508909, 1, 0, 0
21010, 7478070, 1, 0, 0
21514, 7508033, 1, 0, 0
22000, 7471351, 1, 0, 0
22503, 7214336, 1, 0, 0
23006, 7094347, 1, 0, 0
23509, 7035226, 1, 0, 0
24012, 6827180, 1, 0, 0
24514, 6750943, 1, 0, 0
25015, 6509649, 1, 0, 0
25500, 6440375, 1, 0, 0
26000, 6606651, 1, 0, 0
26500, 6223157, 1, 0, 0
27000, 6127831, 1, 0, 0
27500, 6025172, 1, 0, 0
28015, 5542182, 1, 0, 0
28515, 5573559, 1, 0, 0
29013, 5407291, 1, 0, 0
29509, 5224014, 1, 0, 0
30006, 5116171, 1, 0, 0
30501, 4979731, 1, 0, 0
31014, 4790096, 1, 0, 0
31507, 4610715, 1, 0, 0
32000, 4422978, 1, 0, 0
32507, 4070986, 1, 0, 0
33000, 3970977, 1, 0, 0
33502, 3783236, 1, 0, 0
34006, 3481448, 1, 0, 0
34507, 3216198, 1, 0, 0
35001, 2937272, 1, 0, 0
35509, 2631577, 1, 0, 0
36008, 2243085, 1, 0, 0
36505, 1802029, 1, 0, 0
37000, 1138036, 1, 0, 0
37501, 1857795, 1, 0, 0
38013, 14390200, 1, 0, 0
38504, 13952813, 1, 0, 0
39014, 13225106, 1, 0, 0
39503, 12680337, 1, 0, 0
40013, 12129916, 1, 0, 0
40502, 11476472, 1, 0, 0
41011, 10924129, 1, 0, 0
41500, 10328963, 1, 0, 0
42006, 9831493, 1, 0, 0
42513, 9310681, 1, 0, 0
43000, 9033283, 1, 0, 0
43505, 8752409, 1, 0, 0
44010, 8561571, 1, 0, 0
44500, 9171716, 1, 0, 0
45004, 9396507, 1, 0, 0
45511, 9643516, 1, 0, 0
46017, 9411867, 1, 0, 0
46503, 9136898, 1, 0, 0
47007, 8773683, 1, 0, 0
47514, 8796638, 1, 0, 0
48000, 8572451, 1, 0, 0
48507, 8456299, 1, 0, 0
49012, 8238972, 1, 0, 0
49500, 8315654, 1, 0, 0
50003, 8059141, 1, 0, 0
50508, 8087759, 1, 0, 0
51012, 7959268, 1, 0, 0
51516, 7887064, 1, 0, 0
52001, 7731010, 1, 0, 0
52504, 7609574, 1, 0, 0
53009, 7622296, 1, 0, 0
53512, 7505161, 1, 0, 0
54014, 7258148, 1, 0, 0
54500, 7190973, 1, 0, 0
55000, 6986437, 1, 0, 0
55500, 6871704, 1, 0, 0
56004, 6839821, 1, 0, 0
56507, 6800173, 1, 0, 0
57011, 6668601, 1, 0, 0
57512, 6436409, 1, 0, 0
58012, 6380711, 1, 0, 0
58511, 6125525, 1, 0, 0
59011, 5940517, 1, 0, 0
59510, 5849212, 1, 0, 0
60009, 5738608, 1, 0, 0
60010, 17508024, 1, 0, 0
