[89417.086672] KSC2026-MARK map4k_bs64k_r1 insmod 1791465179828073407
[89417.099802] NVMeVirt: Version 1.10 for >> Samsung 970 Pro SSD <<
[89417.099811] NVMeVirt: Storage: 0x300100000-0x600000000 (12287 MiB)
[89417.110391] NVMeVirt: Total Capacity(GiB,MiB)=3,3072 chs=2 luns=4 lines=384 blk-size(MiB,KiB)=2,2048 line-size(MiB,KiB)=8,8192
[89417.110396] NVMeVirt: KSC2026: mapping unit=4096 B, flash page=32768 B, oneshot page=32768 B, pgs_per_blk=512, blks_per_pl=384, write buffer=1048576 B
[89417.119849] NVMeVirt: [chmodel_init] bandwidth 800 max_credits 26 tx_time 152
[89417.126544] NVMeVirt: [chmodel_init] bandwidth 800 max_credits 26 tx_time 152
[89417.126555] NVMeVirt: [chmodel_init] bandwidth 3360 max_credits 110 tx_time 36
[89417.127939] NVMeVirt: pqueue: Copyright (c) 2014, Volkan Yazıcı <volkan.yazici@gmail.com>. All rights reserved.
[89417.127941] NVMeVirt: Init FTL instance with 2 channels (786432 pages)
[89417.134627] NVMeVirt: [chmodel_init] bandwidth 800 max_credits 26 tx_time 152
[89417.141361] NVMeVirt: [chmodel_init] bandwidth 800 max_credits 26 tx_time 152
[89417.141372] NVMeVirt: [chmodel_init] bandwidth 3360 max_credits 110 tx_time 36
[89417.142794] NVMeVirt: Init FTL instance with 2 channels (786432 pages)
[89417.149515] NVMeVirt: [chmodel_init] bandwidth 800 max_credits 26 tx_time 152
[89417.156191] NVMeVirt: [chmodel_init] bandwidth 800 max_credits 26 tx_time 152
[89417.156202] NVMeVirt: [chmodel_init] bandwidth 3360 max_credits 110 tx_time 36
[89417.157665] NVMeVirt: Init FTL instance with 2 channels (786432 pages)
[89417.164441] NVMeVirt: [chmodel_init] bandwidth 800 max_credits 26 tx_time 152
[89417.171151] NVMeVirt: [chmodel_init] bandwidth 800 max_credits 26 tx_time 152
[89417.171163] NVMeVirt: [chmodel_init] bandwidth 3360 max_credits 110 tx_time 36
[89417.172595] NVMeVirt: Init FTL instance with 2 channels (786432 pages)
[89417.172600] NVMeVirt: FTL physical space: 12883853312, logical space: 12040984403 (physical/logical * 100 = 107)
[89417.172601] NVMeVirt: KSC2026: WBUF_FIX=1 GC_STATS=1
[89417.172601] NVMeVirt: ns 0/1: size 11483 MiB
[89417.172634] PCI host bridge to bus 0001:10
[89417.172636] pci_bus 0001:10: root bus resource [io  0x0000-0xffff]
[89417.172638] pci_bus 0001:10: root bus resource [mem 0x00000000-0x3fffffffffff]
[89417.172639] pci_bus 0001:10: root bus resource [bus 00-ff]
[89417.172644] pci 0001:10:00.0: [0c51:0110] type 00 class 0x010802 PCIe Endpoint
[89417.172647] pci 0001:10:00.0: BAR 0 [mem 0x300000000-0x300003fff 64bit]
[89417.172648] pci 0001:10:00.0: enabling Extended Tags
[89417.172747] NVMeVirt: Virtual PCI bus created (node 0)
[89417.172962] NVMeVirt: nvmev_io_worker_0 started on cpu 4 (node 0)
[89417.173137] NVMeVirt: nvmev_io_worker_1 started on cpu 5 (node 0)
[89417.173148] NVMeVirt: nvmev_dispatcher started on cpu 3 (node 0)
[89417.173275] nvme nvme1: pci function 0001:10:00.0
[89417.177288] nvme nvme1: 1/0/0 default/read/poll queues
[89417.178252] NVMeVirt: Virtual NVMe device created
[89423.214722] KSC2026-MARK map4k_bs64k_r1 fio-start 1791465185968326639
[89428.907808] NVMeVirt: KSC2026: first GC part=0 victim line=103 vpc=1876 ipc=172 free_lines=2 host_pgs=778240
[89428.907872] NVMeVirt: KSC2026: first GC part=1 victim line=103 vpc=1876 ipc=172 free_lines=2 host_pgs=778240
[89428.907932] NVMeVirt: KSC2026: first GC part=2 victim line=103 vpc=1876 ipc=172 free_lines=2 host_pgs=778240
[89428.907994] NVMeVirt: KSC2026: first GC part=3 victim line=103 vpc=1876 ipc=172 free_lines=2 host_pgs=778240
[89484.255413] KSC2026-MARK map4k_bs64k_r1 fio-end
[89484.260261] KSC2026-MARK map4k_bs64k_r1 rmmod 1791465247016023652
[89484.320073] pci_bus 0001:10: busn_res: [bus 10-ff] is released
[89484.320127] NVMeVirt: KSC2026: stats part=0 host_pgs=1867712 gc_pgs=4720484 gc_cnt=2836 free_lines=3
[89484.320129] NVMeVirt: KSC2026: stats part=1 host_pgs=1867712 gc_pgs=4720484 gc_cnt=2836 free_lines=3
[89484.320130] NVMeVirt: KSC2026: stats part=2 host_pgs=1867712 gc_pgs=4720484 gc_cnt=2836 free_lines=3
[89484.320130] NVMeVirt: KSC2026: stats part=3 host_pgs=1867712 gc_pgs=4720484 gc_cnt=2836 free_lines=3
[89484.387095] NVMeVirt: Virtual NVMe device closed
