500, 232316, 1, 0, 0
1000, 232122, 1, 0, 0
1500, 232350, 1, 0, 0
2000, 231813, 1, 0, 0
2500, 231631, 1, 0, 0
3000, 232172, 1, 0, 0
3500, 231502, 1, 0, 0
4000, 230877, 1, 0, 0
4500, 232464, 1, 0, 0
5000, 231947, 1, 0, 0
5500, 231066, 1, 0, 0
6015, 566452, 1, 0, 0
6504, 3779620, 1, 0, 0
7014, 3576128, 1, 0, 0
7501, 3652872, 1, 0, 0
8005, 3621462, 1, 0, 0
8503, 3711231, 1, 0, 0
9007, 3295295, 1, 0, 0
9508, 3243830, 1, 0, 0
10010, 3117242, 1, 0, 0
10515, 2835958, 1, 0, 0
11014, 2850254, 1, 0, 0
11500, 3267700, 1, 0, 0
12012, 2660133, 1, 0, 0
12509, 2565643, 1, 0, 0
13000, 2838231, 1, 0, 0
13500, 2883361, 1, 0, 0
14000, 2921621, 1, 0, 0
14500, 2653712, 1, 0, 0
15004, 2952403, 1, 0, 0
15512, 2931119, 1, 0, 0
16000, 3044693, 1, 0, 0
16503, 2981726, 1, 0, 0
17000, 2716644, 1, 0, 0
17510, 2591760, 1, 0, 0
18000, 2785154, 1, 0, 0
18506, 2619964, 1, 0, 0
19008, 2839079, 1, 0, 0
19503, 3009050, 1, 0, 0
20000, 3027780, 1, 0, 0
20500, 2932332, 1, 0, 0
21000, 2738712, 1, 0, 0
21510, 2826267, 1, 0, 0
22000, 2675931, 1, 0, 0
22500, 2645392, 1, 0, 0
23014, 2656525, 1, 0, 0
23500, 2647288, 1, 0, 0
24002, 2460925, 1, 0, 0
24507, 2758931, 1, 0, 0
25002, 2557004, 1, 0, 0
25500, 2619919, 1, 0, 0
26007, 2587312, 1, 0, 0
26503, 2437888, 1, 0, 0
27002, 2420555, 1, 0, 0
27509, 2513071, 1, 0, 0
28003, 2479999, 1, 0, 0
28504, 2282256, 1, 0, 0
29009, 2557893, 1, 0, 0
29507, 2621037, 1, 0, 0
30004, 2242224, 1, 0, 0
30503, 2695049, 1, 0, 0
31005, 2439859, 1, 0, 0
31500, 2616759, 1, 0, 0
32000, 2365232, 1, 0, 0
32502, 2255953, 1, 0, 0
33000, 2392366, 1, 0, 0
33507, 2464169, 1, 0, 0
34000, 2412490, 1, 0, 0
34500, 2544415, 1, 0, 0
35003, 2411093, 1, 0, 0
35507, 2395233, 1, 0, 0
36003, 2186690, 1, 0, 0
36509, 2134469, 1, 0, 0
37012, 1934205, 1, 0, 0
37508, 2243392, 1, 0, 0
38005, 2086413, 1, 0, 0
38510, 2001928, 1, 0, 0
39003, 2089320, 1, 0, 0
39500, 2066379, 1, 0, 0
40000, 2096575, 1, 0, 0
40503, 1981410, 1, 0, 0
41000, 2023724, 1, 0, 0
41512, 1889208, 1, 0, 0
42002, 1879849, 1, 0, 0
42500, 1862146, 1, 0, 0
43005, 1706808, 1, 0, 0
43500, 1729869, 1, 0, 0
44000, 1688908, 1, 0, 0
44500, 1583634, 1, 0, 0
45000, 1538783, 1, 0, 0
45511, 1455641, 1, 0, 0
46000, 1378687, 1, 0, 0
46500, 1280145, 1, 0, 0
47003, 1203328, 1, 0, 0
47509, 1251093, 1, 0, 0
48008, 1101428, 1, 0, 0
48500, 1166092, 1, 0, 0
49000, 920112, 1, 0, 0
49505, 835968, 1, 0, 0
50000, 551115, 1, 0, 0
50500, 290718, 1, 0, 0
51000, 748378, 1, 0, 0
51506, 3840366, 1, 0, 0
52014, 3750041, 1, 0, 0
52500, 3964196, 1, 0, 0
53005, 3405337, 1, 0, 0
53501, 3602782, 1, 0, 0
54004, 3180236, 1, 0, 0
54502, 3293771, 1, 0, 0
55011, 3396220, 1, 0, 0
55500, 2964096, 1, 0, 0
56000, 2768405, 1, 0, 0
56509, 2830495, 1, 0, 0
57003, 2769728, 1, 0, 0
57511, 2793869, 1, 0, 0
58000, 2779592, 1, 0, 0
58510, 2503884, 1, 0, 0
59000, 2773483, 1, 0, 0
59502, 2964926, 1, 0, 0
60000, 2845551, 1, 0, 0
60015, 15556957, 1, 0, 0
