500, 136936, 1, 0, 0
1000, 137000, 1, 0, 0
1500, 136860, 1, 0, 0
2000, 137168, 1, 0, 0
2500, 137286, 1, 0, 0
3000, 136970, 1, 0, 0
3500, 137364, 1, 0, 0
4000, 137720, 1, 0, 0
4500, 136804, 1, 0, 0
5000, 137084, 1, 0, 0
5500, 137617, 1, 0, 0
6000, 56222, 1, 0, 0
6500, 8284, 1, 0, 0
7000, 9116, 1, 0, 0
7500, 8524, 1, 0, 0
8000, 8932, 1, 0, 0
8500, 8564, 1, 0, 0
9000, 9820, 1, 0, 0
9500, 9864, 1, 0, 0
10000, 10292, 1, 0, 0
10500, 11376, 1, 0, 0
11000, 11236, 1, 0, 0
11500, 9800, 1, 0, 0
12000, 11976, 1, 0, 0
12500, 12376, 1, 0, 0
13000, 11500, 1, 0, 0
13500, 10992, 1, 0, 0
14000, 11106, 1, 0, 0
14500, 11942, 1, 0, 0
15000, 10540, 1, 0, 0
15500, 11132, 1, 0, 0
16000, 10580, 1, 0, 0
16500, 10440, 1, 0, 0
17000, 12092, 1, 0, 0
17500, 12152, 1, 0, 0
18000, 11392, 1, 0, 0
18500, 12224, 1, 0, 0
19000, 11344, 1, 0, 0
19500, 10512, 1, 0, 0
20000, 10556, 1, 0, 0
20500, 11160, 1, 0, 0
21000, 11616, 1, 0, 0
21500, 11284, 1, 0, 0
22000, 12084, 1, 0, 0
22500, 12148, 1, 0, 0
23000, 11912, 1, 0, 0
23500, 12196, 1, 0, 0
24000, 12620, 1, 0, 0
24500, 11724, 1, 0, 0
25000, 12340, 1, 0, 0
25500, 12496, 1, 0, 0
26000, 12196, 1, 0, 0
26500, 13008, 1, 0, 0
27000, 13148, 1, 0, 0
27500, 13044, 1, 0, 0
28000, 12676, 1, 0, 0
28500, 14008, 1, 0, 0
29000, 12624, 1, 0, 0
29500, 12192, 1, 0, 0
30000, 14148, 1, 0, 0
30500, 11836, 1, 0, 0
31000, 13166, 1, 0, 0
31500, 12452, 1, 0, 0
32000, 13500, 1, 0, 0
32500, 13896, 1, 0, 0
33000, 13668, 1, 0, 0
33500, 12784, 1, 0, 0
34000, 13476, 1, 0, 0
34500, 12596, 1, 0, 0
35000, 12952, 1, 0, 0
35500, 13476, 1, 0, 0
36000, 14480, 1, 0, 0
36500, 15144, 1, 0, 0
37000, 16632, 1, 0, 0
37500, 14244, 1, 0, 0
38000, 15180, 1, 0, 0
38500, 16100, 1, 0, 0
39000, 15076, 1, 0, 0
39500, 15768, 1, 0, 0
40000, 15392, 1, 0, 0
40500, 15700, 1, 0, 0
41000, 16228, 1, 0, 0
41500, 16780, 1, 0, 0
42000, 16672, 1, 0, 0
42500, 17644, 1, 0, 0
43000, 18364, 1, 0, 0
43500, 18736, 1, 0, 0
44000, 18912, 1, 0, 0
44500, 20442, 1, 0, 0
45000, 20658, 1, 0, 0
45500, 21863, 1, 0, 0
46000, 23218, 1, 0, 0
46500, 24962, 1, 0, 0
47000, 26132, 1, 0, 0
47500, 25900, 1, 0, 0
48000, 29040, 1, 0, 0
48500, 27484, 1, 0, 0
49000, 34666, 1, 0, 0
49500, 38170, 1, 0, 0
50000, 58090, 1, 0, 0
50500, 109538, 1, 0, 0
51000, 42548, 1, 0, 0
51500, 8136, 1, 0, 0
52000, 8680, 1, 0, 0
52500, 8220, 1, 0, 0
53000, 9072, 1, 0, 0
53500, 8812, 1, 0, 0
54000, 10116, 1, 0, 0
54500, 9664, 1, 0, 0
55000, 9620, 1, 0, 0
55500, 10922, 1, 0, 0
56000, 11510, 1, 0, 0
56500, 11180, 1, 0, 0
57000, 11364, 1, 0, 0
57500, 11640, 1, 0, 0
58000, 11607, 1, 0, 0
58500, 12688, 1, 0, 0
59000, 11608, 1, 0, 0
59500, 10532, 1, 0, 0
60000, 11506, 1, 0, 0
