500, 1268, 1, 0, 0
1000, 1252, 1, 0, 0
1500, 1260, 1, 0, 0
2000, 1251, 1, 0, 0
2500, 1245, 1, 0, 0
3000, 1248, 1, 0, 0
3500, 1246, 1, 0, 0
4000, 1249, 1, 0, 0
4500, 1247, 1, 0, 0
5000, 1240, 1, 0, 0
5500, 1245, 1, 0, 0
6015, 1242, 1, 0, 0
6504, 1304, 1, 0, 0
7014, 1259, 1, 0, 0
7501, 1274, 1, 0, 0
8005, 1275, 1, 0, 0
8503, 1268, 1, 0, 0
9007, 1265, 1, 0, 0
9508, 1266, 1, 0, 0
10010, 1269, 1, 0, 0
10515, 1266, 1, 0, 0
11014, 1248, 1, 0, 0
11500, 1247, 1, 0, 0
12012, 1247, 1, 0, 0
12509, 1241, 1, 0, 0
13000, 1256, 1, 0, 0
13500, 1246, 1, 0, 0
14000, 1256, 1, 0, 0
14500, 1246, 1, 0, 0
15004, 1252, 1, 0, 0
15512, 1261, 1, 0, 0
16000, 1256, 1, 0, 0
16503, 1260, 1, 0, 0
17000, 1261, 1, 0, 0
17510, 1255, 1, 0, 0
18000, 1244, 1, 0, 0
18506, 1416, 1, 0, 0
19008, 1245, 1, 0, 0
19503, 1254, 1, 0, 0
20000, 1263, 1, 0, 0
20500, 1249, 1, 0, 0
21000, 1242, 1, 0, 0
21510, 1273, 1, 0, 0
22000, 1262, 1, 0, 0
22500, 1266, 1, 0, 0
23014, 1263, 1, 0, 0
23500, 1255, 1, 0, 0
24002, 1243, 1, 0, 0
24507, 1263, 1, 0, 0
25002, 1252, 1, 0, 0
25500, 1255, 1, 0, 0
26007, 1248, 1, 0, 0
26503, 1244, 1, 0, 0
27002, 1249, 1, 0, 0
27509, 1243, 1, 0, 0
28003, 1254, 1, 0, 0
28504, 1255, 1, 0, 0
29009, 1257, 1, 0, 0
29507, 1257, 1, 0, 0
30004, 1255, 1, 0, 0
30503, 1250, 1, 0, 0
31005, 1332, 1, 0, 0
31500, 1357, 1, 0, 0
32000, 1309, 1, 0, 0
32502, 1244, 1, 0, 0
33000, 1248, 1, 0, 0
33507, 1255, 1, 0, 0
34000, 1256, 1, 0, 0
34500, 1257, 1, 0, 0
35003, 1255, 1, 0, 0
35507, 1258, 1, 0, 0
36003, 1265, 1, 0, 0
36509, 1244, 1, 0, 0
37012, 1243, 1, 0, 0
37508, 1246, 1, 0, 0
38005, 1250, 1, 0, 0
38510, 1254, 1, 0, 0
39003, 1385, 1, 0, 0
39500, 1253, 1, 0, 0
40000, 1261, 1, 0, 0
40503, 1251, 1, 0, 0
41000, 1280, 1, 0, 0
41512, 1326, 1, 0, 0
42002, 1253, 1, 0, 0
42500, 1246, 1, 0, 0
43005, 1242, 1, 0, 0
43500, 1246, 1, 0, 0
44000, 1243, 1, 0, 0
44500, 1239, 1, 0, 0
45000, 1244, 1, 0, 0
45511, 1262, 1, 0, 0
46000, 1257, 1, 0, 0
46500, 1260, 1, 0, 0
47003, 1259, 1, 0, 0
47509, 1248, 1, 0, 0
48008, 1305, 1, 0, 0
48500, 1286, 1, 0, 0
49000, 1255, 1, 0, 0
49505, 1398, 1, 0, 0
50000, 1245, 1, 0, 0
50500, 1245, 1, 0, 0
51000, 1259, 1, 0, 0
51506, 1257, 1, 0, 0
52014, 1250, 1, 0, 0
52500, 1248, 1, 0, 0
53005, 1249, 1, 0, 0
53501, 1251, 1, 0, 0
54004, 1245, 1, 0, 0
54502, 1247, 1, 0, 0
55011, 1257, 1, 0, 0
55500, 1249, 1, 0, 0
56000, 1249, 1, 0, 0
56509, 1246, 1, 0, 0
57003, 1244, 1, 0, 0
57511, 1246, 1, 0, 0
58000, 1246, 1, 0, 0
58510, 1247, 1, 0, 0
59000, 1244, 1, 0, 0
59502, 1266, 1, 0, 0
60015, 1259, 1, 0, 0
