500, 233584, 1, 0, 0
1000, 233374, 1, 0, 0
1500, 233609, 1, 0, 0
2000, 233064, 1, 0, 0
2500, 232876, 1, 0, 0
3000, 233420, 1, 0, 0
3500, 232748, 1, 0, 0
4000, 232126, 1, 0, 0
4500, 233711, 1, 0, 0
5000, 233187, 1, 0, 0
5500, 232311, 1, 0, 0
6015, 567693, 1, 0, 0
6504, 3780924, 1, 0, 0
7014, 3577387, 1, 0, 0
7501, 3654146, 1, 0, 0
8005, 3622737, 1, 0, 0
8503, 3712498, 1, 0, 0
9007, 3296559, 1, 0, 0
9508, 3245097, 1, 0, 0
10010, 3118511, 1, 0, 0
10515, 2837224, 1, 0, 0
11014, 2851502, 1, 0, 0
11500, 3268947, 1, 0, 0
12012, 2661380, 1, 0, 0
12509, 2566883, 1, 0, 0
13000, 2839488, 1, 0, 0
13500, 2884607, 1, 0, 0
14000, 2922877, 1, 0, 0
14500, 2654959, 1, 0, 0
15004, 2953655, 1, 0, 0
15512, 2932379, 1, 0, 0
16000, 3045950, 1, 0, 0
16503, 2982986, 1, 0, 0
17000, 2717905, 1, 0, 0
17510, 2593016, 1, 0, 0
18000, 2786398, 1, 0, 0
18506, 2621380, 1, 0, 0
19008, 2840324, 1, 0, 0
19503, 3010304, 1, 0, 0
20000, 3029043, 1, 0, 0
20500, 2933582, 1, 0, 0
21000, 2739953, 1, 0, 0
21510, 2827540, 1, 0, 0
22000, 2677194, 1, 0, 0
22500, 2646658, 1, 0, 0
23014, 2657788, 1, 0, 0
23500, 2648543, 1, 0, 0
24002, 2462168, 1, 0, 0
24507, 2760193, 1, 0, 0
25002, 2558256, 1, 0, 0
25500, 2621173, 1, 0, 0
26007, 2588561, 1, 0, 0
26503, 2439133, 1, 0, 0
27002, 2421804, 1, 0, 0
27509, 2514314, 1, 0, 0
28003, 2481253, 1, 0, 0
28504, 2283511, 1, 0, 0
29009, 2559150, 1, 0, 0
29507, 2622294, 1, 0, 0
30004, 2243478, 1, 0, 0
30503, 2696299, 1, 0, 0
31005, 2441191, 1, 0, 0
31500, 2618118, 1, 0, 0
32000, 2366541, 1, 0, 0
32502, 2257197, 1, 0, 0
33000, 2393613, 1, 0, 0
33507, 2465424, 1, 0, 0
34000, 2413746, 1, 0, 0
34500, 2545673, 1, 0, 0
35003, 2412348, 1, 0, 0
35507, 2396490, 1, 0, 0
36003, 2187955, 1, 0, 0
36509, 2135713, 1, 0, 0
37012, 1935448, 1, 0, 0
37508, 2244637, 1, 0, 0
38005, 2087662, 1, 0, 0
38510, 2003181, 1, 0, 0
39003, 2090705, 1, 0, 0
39500, 2067632, 1, 0, 0
40000, 2097835, 1, 0, 0
40503, 1982661, 1, 0, 0
41000, 2024999, 1, 0, 0
41512, 1890538, 1, 0, 0
42002, 1881102, 1, 0, 0
42500, 1863392, 1, 0, 0
43005, 1708050, 1, 0, 0
43500, 1731114, 1, 0, 0
44000, 1690151, 1, 0, 0
44500, 1584873, 1, 0, 0
45000, 1540027, 1, 0, 0
45511, 1456903, 1, 0, 0
46000, 1379944, 1, 0, 0
46500, 1281405, 1, 0, 0
47003, 1204587, 1, 0, 0
47509, 1252341, 1, 0, 0
48008, 1102733, 1, 0, 0
48500, 1167379, 1, 0, 0
49000, 921367, 1, 0, 0
49505, 837366, 1, 0, 0
50000, 552360, 1, 0, 0
50500, 291963, 1, 0, 0
51000, 749637, 1, 0, 0
51506, 3841623, 1, 0, 0
52014, 3751292, 1, 0, 0
52500, 3965445, 1, 0, 0
53005, 3406585, 1, 0, 0
53501, 3604032, 1, 0, 0
54004, 3181482, 1, 0, 0
54502, 3295018, 1, 0, 0
55011, 3397477, 1, 0, 0
55500, 2965345, 1, 0, 0
56000, 2769654, 1, 0, 0
56509, 2831740, 1, 0, 0
57003, 2770972, 1, 0, 0
57511, 2795115, 1, 0, 0
58000, 2780838, 1, 0, 0
58510, 2505131, 1, 0, 0
59000, 2774727, 1, 0, 0
59502, 2966192, 1, 0, 0
60000, 2846810, 1, 0, 0
60015, 15558227, 1, 0, 0
