500, 2190880, 1, 0, 0
1000, 2192000, 1, 0, 0
1500, 2189760, 1, 0, 0
2000, 2194688, 1, 0, 0
2500, 2196576, 1, 0, 0
3000, 2191520, 1, 0, 0
3500, 2197824, 1, 0, 0
4000, 2203520, 1, 0, 0
4500, 2188864, 1, 0, 0
5000, 2193344, 1, 0, 0
5500, 2201875, 1, 0, 0
6000, 899552, 1, 0, 0
6500, 132544, 1, 0, 0
7000, 145856, 1, 0, 0
7500, 136384, 1, 0, 0
8000, 142912, 1, 0, 0
8500, 137024, 1, 0, 0
9000, 157120, 1, 0, 0
9500, 157824, 1, 0, 0
10000, 164672, 1, 0, 0
10500, 182016, 1, 0, 0
11000, 179776, 1, 0, 0
11500, 156800, 1, 0, 0
12000, 191616, 1, 0, 0
12500, 198016, 1, 0, 0
13000, 184000, 1, 0, 0
13500, 175872, 1, 0, 0
14000, 177696, 1, 0, 0
14500, 191072, 1, 0, 0
15000, 168640, 1, 0, 0
15500, 178112, 1, 0, 0
16000, 169280, 1, 0, 0
16500, 167040, 1, 0, 0
17000, 193472, 1, 0, 0
17500, 194436, 1, 0, 0
18000, 182272, 1, 0, 0
18500, 195584, 1, 0, 0
19000, 181504, 1, 0, 0
19500, 168192, 1, 0, 0
20000, 168896, 1, 0, 0
20500, 178560, 1, 0, 0
21000, 185856, 1, 0, 0
21500, 180544, 1, 0, 0
22000, 193344, 1, 0, 0
22500, 194368, 1, 0, 0
23000, 190592, 1, 0, 0
23500, 195136, 1, 0, 0
24000, 201920, 1, 0, 0
24500, 187584, 1, 0, 0
25000, 197440, 1, 0, 0
25500, 199936, 1, 0, 0
26000, 195136, 1, 0, 0
26500, 208128, 1, 0, 0
27000, 210368, 1, 0, 0
27500, 208704, 1, 0, 0
28000, 202816, 1, 0, 0
28500, 224128, 1, 0, 0
29000, 201984, 1, 0, 0
29500, 195072, 1, 0, 0
30000, 226368, 1, 0, 0
30500, 189376, 1, 0, 0
31000, 210661, 1, 0, 0
31500, 199232, 1, 0, 0
32000, 216000, 1, 0, 0
32500, 222336, 1, 0, 0
33000, 218688, 1, 0, 0
33500, 204544, 1, 0, 0
34000, 215616, 1, 0, 0
34500, 201536, 1, 0, 0
35000, 207232, 1, 0, 0
35500, 215616, 1, 0, 0
36000, 231680, 1, 0, 0
36500, 242304, 1, 0, 0
37000, 266112, 1, 0, 0
37500, 227904, 1, 0, 0
38000, 242880, 1, 0, 0
38500, 257600, 1, 0, 0
39000, 241216, 1, 0, 0
39500, 252288, 1, 0, 0
40000, 246272, 1, 0, 0
40500, 251200, 1, 0, 0
41000, 259648, 1, 0, 0
41500, 268480, 1, 0, 0
42000, 266752, 1, 0, 0
42500, 282304, 1, 0, 0
43000, 293824, 1, 0, 0
43500, 299776, 1, 0, 0
44000, 302592, 1, 0, 0
44500, 327072, 1, 0, 0
45000, 330528, 1, 0, 0
45500, 349819, 1, 0, 0
46000, 371488, 1, 0, 0
46500, 399392, 1, 0, 0
47000, 418112, 1, 0, 0
47500, 414400, 1, 0, 0
48000, 464640, 1, 0, 0
48500, 439744, 1, 0, 0
49000, 554656, 1, 0, 0
49500, 610720, 1, 0, 0
50000, 929440, 1, 0, 0
50500, 1752608, 1, 0, 0
51000, 680768, 1, 0, 0
51500, 130176, 1, 0, 0
52000, 138880, 1, 0, 0
52500, 131520, 1, 0, 0
53000, 145152, 1, 0, 0
53500, 140992, 1, 0, 0
54000, 161856, 1, 0, 0
54500, 154624, 1, 0, 0
55000, 153920, 1, 0, 0
55500, 174752, 1, 0, 0
56000, 184160, 1, 0, 0
56500, 178880, 1, 0, 0
57000, 181824, 1, 0, 0
57500, 186240, 1, 0, 0
58000, 185715, 1, 0, 0
58500, 203008, 1, 0, 0
59000, 185728, 1, 0, 0
59500, 168512, 1, 0, 0
60000, 184096, 1, 0, 0
