500, 447297, 1, 0, 0
1000, 447634, 1, 0, 0
1500, 447635, 1, 0, 0
2000, 447638, 1, 0, 0
2500, 447637, 1, 0, 0
3000, 447638, 1, 0, 0
3500, 447637, 1, 0, 0
4000, 447637, 1, 0, 0
4500, 447638, 1, 0, 0
5000, 447636, 1, 0, 0
5500, 448013, 1, 0, 0
6000, 447631, 1, 0, 0
6500, 447630, 1, 0, 0
7000, 447631, 1, 0, 0
7500, 447632, 1, 0, 0
8000, 447632, 1, 0, 0
8500, 447632, 1, 0, 0
9000, 447633, 1, 0, 0
9500, 447632, 1, 0, 0
10000, 447633, 1, 0, 0
10500, 447977, 1, 0, 0
11000, 447633, 1, 0, 0
11500, 447633, 1, 0, 0
12000, 447633, 1, 0, 0
12500, 447633, 1, 0, 0
13000, 447634, 1, 0, 0
13500, 447634, 1, 0, 0
14000, 447632, 1, 0, 0
14500, 447633, 1, 0, 0
15000, 447633, 1, 0, 0
15500, 448008, 1, 0, 0
16000, 447637, 1, 0, 0
16500, 447637, 1, 0, 0
17000, 447637, 1, 0, 0
17500, 447637, 1, 0, 0
18000, 447637, 1, 0, 0
18500, 447637, 1, 0, 0
19000, 447636, 1, 0, 0
19500, 447636, 1, 0, 0
20000, 447637, 1, 0, 0
20500, 447636, 1, 0, 0
21000, 448108, 1, 0, 0
21500, 447634, 1, 0, 0
22000, 447636, 1, 0, 0
22500, 447633, 1, 0, 0
23000, 447636, 1, 0, 0
23500, 447633, 1, 0, 0
24000, 447635, 1, 0, 0
24500, 447634, 1, 0, 0
25000, 447635, 1, 0, 0
25500, 447635, 1, 0, 0
26000, 448154, 1, 0, 0
26500, 447637, 1, 0, 0
27000, 447637, 1, 0, 0
27500, 447638, 1, 0, 0
28000, 447638, 1, 0, 0
28500, 447638, 1, 0, 0
29000, 447639, 1, 0, 0
29500, 447638, 1, 0, 0
30000, 447639, 1, 0, 0
30500, 447638, 1, 0, 0
31000, 448024, 1, 0, 0
31500, 447636, 1, 0, 0
32000, 447636, 1, 0, 0
32500, 447636, 1, 0, 0
33000, 447636, 1, 0, 0
33500, 447636, 1, 0, 0
34000, 447637, 1, 0, 0
34500, 447636, 1, 0, 0
35000, 447636, 1, 0, 0
35500, 447637, 1, 0, 0
36000, 447637, 1, 0, 0
36500, 448019, 1, 0, 0
37000, 447637, 1, 0, 0
37500, 447638, 1, 0, 0
38000, 447637, 1, 0, 0
38500, 447637, 1, 0, 0
39000, 447636, 1, 0, 0
39500, 447637, 1, 0, 0
40000, 447637, 1, 0, 0
40500, 447635, 1, 0, 0
41000, 447637, 1, 0, 0
41500, 448160, 1, 0, 0
42000, 447636, 1, 0, 0
42500, 447635, 1, 0, 0
43000, 447635, 1, 0, 0
43500, 447635, 1, 0, 0
44000, 447633, 1, 0, 0
44500, 447634, 1, 0, 0
45000, 447635, 1, 0, 0
45500, 447635, 1, 0, 0
46000, 447636, 1, 0, 0
46500, 448002, 1, 0, 0
47000, 447635, 1, 0, 0
47500, 447636, 1, 0, 0
48000, 447637, 1, 0, 0
48500, 447636, 1, 0, 0
49000, 447636, 1, 0, 0
49500, 447636, 1, 0, 0
50000, 447637, 1, 0, 0
50500, 447637, 1, 0, 0
51000, 447637, 1, 0, 0
51500, 448036, 1, 0, 0
52000, 447631, 1, 0, 0
52500, 447631, 1, 0, 0
53000, 447630, 1, 0, 0
53500, 447630, 1, 0, 0
54000, 447631, 1, 0, 0
54500, 447631, 1, 0, 0
55000, 447631, 1, 0, 0
55500, 447631, 1, 0, 0
56000, 447631, 1, 0, 0
56500, 447631, 1, 0, 0
57000, 448040, 1, 0, 0
57500, 447637, 1, 0, 0
58000, 447638, 1, 0, 0
58500, 447639, 1, 0, 0
59000, 447638, 1, 0, 0
59500, 447638, 1, 0, 0
60000, 447639, 1, 0, 0
60000, 644137, 1, 0, 0
