[85517.439396] KSC2026-MARK map4k_bs32k_r3 insmod 1791461280120132132
[85517.459503] NVMeVirt: Version 1.10 for >> Samsung 970 Pro SSD <<
[85517.459522] NVMeVirt: Storage: 0x300100000-0x600000000 (12287 MiB)
[85517.472107] NVMeVirt: Total Capacity(GiB,MiB)=3,3072 chs=2 luns=4 lines=384 blk-size(MiB,KiB)=2,2048 line-size(MiB,KiB)=8,8192
[85517.472111] NVMeVirt: KSC2026: mapping unit=4096 B, flash page=32768 B, oneshot page=32768 B, pgs_per_blk=512, blks_per_pl=384, write buffer=1048576 B
[85517.480663] NVMeVirt: [chmodel_init] bandwidth 800 max_credits 26 tx_time 152
[85517.487462] NVMeVirt: [chmodel_init] bandwidth 800 max_credits 26 tx_time 152
[85517.487473] NVMeVirt: [chmodel_init] bandwidth 3360 max_credits 110 tx_time 36
[85517.488866] NVMeVirt: pqueue: Copyright (c) 2014, Volkan Yazıcı <volkan.yazici@gmail.com>. All rights reserved.
[85517.488868] NVMeVirt: Init FTL instance with 2 channels (786432 pages)
[85517.495551] NVMeVirt: [chmodel_init] bandwidth 800 max_credits 26 tx_time 152
[85517.502311] NVMeVirt: [chmodel_init] bandwidth 800 max_credits 26 tx_time 152
[85517.502322] NVMeVirt: [chmodel_init] bandwidth 3360 max_credits 110 tx_time 36
[85517.503741] NVMeVirt: Init FTL instance with 2 channels (786432 pages)
[85517.510525] NVMeVirt: [chmodel_init] bandwidth 800 max_credits 26 tx_time 152
[85517.517244] NVMeVirt: [chmodel_init] bandwidth 800 max_credits 26 tx_time 152
[85517.517255] NVMeVirt: [chmodel_init] bandwidth 3360 max_credits 110 tx_time 36
[85517.518666] NVMeVirt: Init FTL instance with 2 channels (786432 pages)
[85517.525372] NVMeVirt: [chmodel_init] bandwidth 800 max_credits 26 tx_time 152
[85517.532126] NVMeVirt: [chmodel_init] bandwidth 800 max_credits 26 tx_time 152
[85517.532138] NVMeVirt: [chmodel_init] bandwidth 3360 max_credits 110 tx_time 36
[85517.533532] NVMeVirt: Init FTL instance with 2 channels (786432 pages)
[85517.533536] NVMeVirt: FTL physical space: 12883853312, logical space: 12040984403 (physical/logical * 100 = 107)
[85517.533537] NVMeVirt: KSC2026: WBUF_FIX=1 GC_STATS=1
[85517.533538] NVMeVirt: ns 0/1: size 11483 MiB
[85517.533574] PCI host bridge to bus 0001:10
[85517.533575] pci_bus 0001:10: root bus resource [io  0x0000-0xffff]
[85517.533577] pci_bus 0001:10: root bus resource [mem 0x00000000-0x3fffffffffff]
[85517.533578] pci_bus 0001:10: root bus resource [bus 00-ff]
[85517.533591] pci 0001:10:00.0: [0c51:0110] type 00 class 0x010802 PCIe Endpoint
[85517.533593] pci 0001:10:00.0: BAR 0 [mem 0x300000000-0x300003fff 64bit]
[85517.533595] pci 0001:10:00.0: enabling Extended Tags
[85517.533695] NVMeVirt: Virtual PCI bus created (node 0)
[85517.533904] NVMeVirt: nvmev_io_worker_0 started on cpu 4 (node 0)
[85517.534088] NVMeVirt: nvmev_io_worker_1 started on cpu 5 (node 0)
[85517.534103] NVMeVirt: nvmev_dispatcher started on cpu 3 (node 0)
[85517.534183] nvme nvme1: pci function 0001:10:00.0
[85517.537725] nvme nvme1: 1/0/0 default/read/poll queues
[85517.539653] NVMeVirt: Virtual NVMe device created
[85523.576829] KSC2026-MARK map4k_bs32k_r3 fio-start 1791461286270074710
[85529.269927] NVMeVirt: KSC2026: first GC part=0 victim line=0 vpc=0 ipc=2048 free_lines=2 host_pgs=778240
[85529.269935] NVMeVirt: KSC2026: first GC part=1 victim line=0 vpc=0 ipc=2048 free_lines=2 host_pgs=778240
[85529.269941] NVMeVirt: KSC2026: first GC part=2 victim line=0 vpc=0 ipc=2048 free_lines=2 host_pgs=778240
[85529.269947] NVMeVirt: KSC2026: first GC part=3 victim line=0 vpc=0 ipc=2048 free_lines=2 host_pgs=778240
[85584.615520] KSC2026-MARK map4k_bs32k_r3 fio-end
[85584.620408] KSC2026-MARK map4k_bs32k_r3 rmmod 1791461347316303921
[85584.682904] pci_bus 0001:10: busn_res: [bus 10-ff] is released
[85584.683149] NVMeVirt: KSC2026: stats part=0 host_pgs=8573786 gc_pgs=0 gc_cnt=3807 free_lines=3
[85584.683151] NVMeVirt: KSC2026: stats part=1 host_pgs=8573786 gc_pgs=0 gc_cnt=3807 free_lines=3
[85584.683152] NVMeVirt: KSC2026: stats part=2 host_pgs=8573786 gc_pgs=0 gc_cnt=3807 free_lines=3
[85584.683153] NVMeVirt: KSC2026: stats part=3 host_pgs=8573786 gc_pgs=0 gc_cnt=3807 free_lines=3
[85584.750101] NVMeVirt: Virtual NVMe device closed
