500, 2038864, 1, 0, 0
1000, 2039280, 1, 0, 0
1500, 2035712, 1, 0, 0
2000, 2034224, 1, 0, 0
2500, 2035936, 1, 0, 0
3000, 2036296, 1, 0, 0
3500, 2031744, 1, 0, 0
4000, 2034288, 1, 0, 0
4500, 2031624, 1, 0, 0
5000, 2031856, 1, 0, 0
5500, 2026336, 1, 0, 0
6000, 2110736, 1, 0, 0
6500, 562024, 1, 0, 0
7000, 123456, 1, 0, 0
7500, 129474, 1, 0, 0
8000, 132160, 1, 0, 0
8500, 146880, 1, 0, 0
9000, 154112, 1, 0, 0
9500, 158912, 1, 0, 0
10000, 166464, 1, 0, 0
10500, 157440, 1, 0, 0
11000, 182848, 1, 0, 0
11500, 165120, 1, 0, 0
12000, 160704, 1, 0, 0
12500, 162624, 1, 0, 0
13000, 166232, 1, 0, 0
13500, 187048, 1, 0, 0
14000, 196160, 1, 0, 0
14500, 199424, 1, 0, 0
15000, 165952, 1, 0, 0
15500, 165760, 1, 0, 0
16000, 173504, 1, 0, 0
16500, 164024, 1, 0, 0
17000, 191496, 1, 0, 0
17500, 183488, 1, 0, 0
18000, 181952, 1, 0, 0
18500, 161216, 1, 0, 0
19000, 185088, 1, 0, 0
19500, 176160, 1, 0, 0
20000, 189120, 1, 0, 0
20500, 188224, 1, 0, 0
21000, 173056, 1, 0, 0
21500, 185648, 1, 0, 0
22000, 193296, 1, 0, 0
22500, 178240, 1, 0, 0
23000, 195224, 1, 0, 0
23500, 202280, 1, 0, 0
24000, 216768, 1, 0, 0
24500, 179584, 1, 0, 0
25000, 177408, 1, 0, 0
25500, 178816, 1, 0, 0
26000, 187968, 1, 0, 0
26500, 195712, 1, 0, 0
27000, 201984, 1, 0, 0
27500, 213696, 1, 0, 0
28000, 190720, 1, 0, 0
28500, 174336, 1, 0, 0
29000, 201280, 1, 0, 0
29500, 186048, 1, 0, 0
30000, 195584, 1, 0, 0
30500, 217536, 1, 0, 0
31001, 241920, 1, 0, 0
31500, 235094, 1, 0, 0
32000, 188032, 1, 0, 0
32500, 191744, 1, 0, 0
33000, 203072, 1, 0, 0
33500, 208448, 1, 0, 0
34000, 225600, 1, 0, 0
34500, 213184, 1, 0, 0
35000, 217664, 1, 0, 0
35500, 226560, 1, 0, 0
36000, 253888, 1, 0, 0
36500, 206720, 1, 0, 0
37000, 232128, 1, 0, 0
37500, 212736, 1, 0, 0
38000, 232768, 1, 0, 0
38500, 224448, 1, 0, 0
39000, 255680, 1, 0, 0
39500, 228608, 1, 0, 0
40000, 225152, 1, 0, 0
40500, 241984, 1, 0, 0
41000, 229888, 1, 0, 0
41500, 248064, 1, 0, 0
42000, 290752, 1, 0, 0
42500, 262016, 1, 0, 0
43000, 269312, 1, 0, 0
43500, 274880, 1, 0, 0
44000, 282112, 1, 0, 0
44500, 282304, 1, 0, 0
45000, 294797, 1, 0, 0
45500, 320640, 1, 0, 0
46000, 317760, 1, 0, 0
46500, 321664, 1, 0, 0
47000, 346176, 1, 0, 0
47500, 360192, 1, 0, 0
48000, 363008, 1, 0, 0
48500, 419200, 1, 0, 0
49000, 405144, 1, 0, 0
49500, 508392, 1, 0, 0
50000, 526168, 1, 0, 0
50500, 638952, 1, 0, 0
51000, 715536, 1, 0, 0
51500, 938288, 1, 0, 0
52000, 1803456, 1, 0, 0
52500, 120640, 1, 0, 0
53000, 126464, 1, 0, 0
53500, 130240, 1, 0, 0
54000, 137296, 1, 0, 0
54500, 139696, 1, 0, 0
55001, 151168, 1, 0, 0
55500, 154877, 1, 0, 0
56000, 152632, 1, 0, 0
56500, 185344, 1, 0, 0
57000, 169856, 1, 0, 0
57500, 149504, 1, 0, 0
58000, 189568, 1, 0, 0
58500, 163968, 1, 0, 0
59000, 215160, 1, 0, 0
59500, 190664, 1, 0, 0
