500, 61772, 1, 0, 0
1000, 61758, 1, 0, 0
1500, 61861, 1, 0, 0
2000, 61903, 1, 0, 0
2500, 61855, 1, 0, 0
3000, 61839, 1, 0, 0
3500, 61982, 1, 0, 0
4000, 61901, 1, 0, 0
4500, 61984, 1, 0, 0
5000, 61975, 1, 0, 0
5500, 62138, 1, 0, 0
6000, 59634, 1, 0, 0
6511, 223924, 1, 0, 0
7005, 1019733, 1, 0, 0
7514, 1006053, 1, 0, 0
8004, 950218, 1, 0, 0
8515, 885997, 1, 0, 0
9006, 816141, 1, 0, 0
9511, 816122, 1, 0, 0
10000, 772405, 1, 0, 0
10512, 805971, 1, 0, 0
11000, 704869, 1, 0, 0
11505, 758057, 1, 0, 0
12005, 797102, 1, 0, 0
12504, 783511, 1, 0, 0
13000, 790664, 1, 0, 0
13501, 662817, 1, 0, 0
14002, 653560, 1, 0, 0
14503, 639603, 1, 0, 0
15011, 779699, 1, 0, 0
15503, 761907, 1, 0, 0
16011, 748467, 1, 0, 0
16500, 791585, 1, 0, 0
17010, 657761, 1, 0, 0
17502, 682562, 1, 0, 0
18005, 708729, 1, 0, 0
18502, 788888, 1, 0, 0
19009, 699496, 1, 0, 0
19508, 725419, 1, 0, 0
20014, 681716, 1, 0, 0
20500, 681858, 1, 0, 0
21011, 737284, 1, 0, 0
21500, 690608, 1, 0, 0
22000, 644665, 1, 0, 0
22500, 718062, 1, 0, 0
23000, 673278, 1, 0, 0
23506, 616498, 1, 0, 0
24013, 597556, 1, 0, 0
24506, 705056, 1, 0, 0
25000, 729914, 1, 0, 0
25508, 706134, 1, 0, 0
26000, 677895, 1, 0, 0
26511, 659707, 1, 0, 0
27008, 627951, 1, 0, 0
27506, 597835, 1, 0, 0
28000, 682657, 1, 0, 0
28512, 727614, 1, 0, 0
29006, 626551, 1, 0, 0
29507, 688055, 1, 0, 0
30013, 660512, 1, 0, 0
30509, 582791, 1, 0, 0
31009, 527547, 1, 0, 0
31503, 539388, 1, 0, 0
32000, 693859, 1, 0, 0
32508, 658744, 1, 0, 0
33003, 625947, 1, 0, 0
33500, 606659, 1, 0, 0
34003, 571793, 1, 0, 0
34500, 611128, 1, 0, 0
35008, 579550, 1, 0, 0
35501, 556083, 1, 0, 0
36000, 515782, 1, 0, 0
36510, 616817, 1, 0, 0
37008, 543627, 1, 0, 0
37506, 599408, 1, 0, 0
38006, 550157, 1, 0, 0
38503, 565301, 1, 0, 0
39003, 499006, 1, 0, 0
39509, 566026, 1, 0, 0
40001, 558415, 1, 0, 0
40512, 540484, 1, 0, 0
41002, 547023, 1, 0, 0
41505, 517171, 1, 0, 0
42002, 436373, 1, 0, 0
42506, 490055, 1, 0, 0
43000, 482944, 1, 0, 0
43500, 464176, 1, 0, 0
44000, 451695, 1, 0, 0
44507, 447101, 1, 0, 0
45000, 437932, 1, 0, 0
45508, 395808, 1, 0, 0
46000, 404415, 1, 0, 0
46510, 395963, 1, 0, 0
47006, 368709, 1, 0, 0
47500, 355714, 1, 0, 0
48004, 345926, 1, 0, 0
48500, 308880, 1, 0, 0
49000, 308434, 1, 0, 0
49500, 255677, 1, 0, 0
50000, 242965, 1, 0, 0
50502, 196734, 1, 0, 0
51000, 180239, 1, 0, 0
51500, 135296, 1, 0, 0
52015, 69856, 1, 0, 0
52507, 1040837, 1, 0, 0
53000, 1034806, 1, 0, 0
53507, 959840, 1, 0, 0
54000, 957054, 1, 0, 0
54505, 887272, 1, 0, 0
55011, 856345, 1, 0, 0
55500, 833982, 1, 0, 0
56010, 828913, 1, 0, 0
56502, 676845, 1, 0, 0
57012, 771915, 1, 0, 0
57508, 848882, 1, 0, 0
58003, 666158, 1, 0, 0
58501, 775928, 1, 0, 0
59000, 611412, 1, 0, 0
59500, 671499, 1, 0, 0
60000, 672490, 1, 0, 0
60000, 109242, 1, 0, 0
