500, 62624, 1, 0, 0
1000, 62608, 1, 0, 0
1500, 62714, 1, 0, 0
2000, 62758, 1, 0, 0
2500, 62705, 1, 0, 0
3000, 62689, 1, 0, 0
3500, 62833, 1, 0, 0
4000, 62753, 1, 0, 0
4500, 62837, 1, 0, 0
5000, 62825, 1, 0, 0
5500, 62990, 1, 0, 0
6000, 60483, 1, 0, 0
6511, 224786, 1, 0, 0
7005, 1020584, 1, 0, 0
7514, 1006906, 1, 0, 0
8004, 951074, 1, 0, 0
8515, 886851, 1, 0, 0
9006, 816999, 1, 0, 0
9511, 816976, 1, 0, 0
10000, 773257, 1, 0, 0
10512, 806819, 1, 0, 0
11000, 705719, 1, 0, 0
11505, 758901, 1, 0, 0
12005, 797948, 1, 0, 0
12504, 784359, 1, 0, 0
13000, 791511, 1, 0, 0
13501, 663664, 1, 0, 0
14002, 654407, 1, 0, 0
14503, 640454, 1, 0, 0
15011, 780546, 1, 0, 0
15503, 762763, 1, 0, 0
16011, 749316, 1, 0, 0
16500, 792432, 1, 0, 0
17010, 658611, 1, 0, 0
17502, 683410, 1, 0, 0
18005, 709577, 1, 0, 0
18502, 789734, 1, 0, 0
19009, 700341, 1, 0, 0
19508, 726263, 1, 0, 0
20014, 682563, 1, 0, 0
20500, 682704, 1, 0, 0
21011, 738130, 1, 0, 0
21500, 691457, 1, 0, 0
22000, 645514, 1, 0, 0
22500, 718907, 1, 0, 0
23000, 674129, 1, 0, 0
23506, 617350, 1, 0, 0
24013, 598408, 1, 0, 0
24506, 705903, 1, 0, 0
25000, 730762, 1, 0, 0
25508, 706980, 1, 0, 0
26000, 678749, 1, 0, 0
26511, 660554, 1, 0, 0
27008, 628798, 1, 0, 0
27506, 598684, 1, 0, 0
28000, 683505, 1, 0, 0
28512, 728462, 1, 0, 0
29006, 627400, 1, 0, 0
29507, 688905, 1, 0, 0
30013, 661362, 1, 0, 0
30509, 583639, 1, 0, 0
31009, 528398, 1, 0, 0
31503, 540238, 1, 0, 0
32000, 694704, 1, 0, 0
32508, 659589, 1, 0, 0
33003, 626791, 1, 0, 0
33500, 607503, 1, 0, 0
34003, 572644, 1, 0, 0
34500, 611974, 1, 0, 0
35008, 580396, 1, 0, 0
35501, 556932, 1, 0, 0
36000, 516632, 1, 0, 0
36510, 617666, 1, 0, 0
37008, 544474, 1, 0, 0
37506, 600257, 1, 0, 0
38006, 551006, 1, 0, 0
38503, 566150, 1, 0, 0
39003, 499856, 1, 0, 0
39509, 566873, 1, 0, 0
40001, 559265, 1, 0, 0
40512, 541345, 1, 0, 0
41002, 547874, 1, 0, 0
41505, 518016, 1, 0, 0
42002, 437223, 1, 0, 0
42506, 490905, 1, 0, 0
43000, 483793, 1, 0, 0
43500, 465022, 1, 0, 0
44000, 452544, 1, 0, 0
44507, 447952, 1, 0, 0
45000, 438785, 1, 0, 0
45508, 396655, 1, 0, 0
46000, 405263, 1, 0, 0
46510, 396807, 1, 0, 0
47006, 369557, 1, 0, 0
47500, 356563, 1, 0, 0
48004, 346774, 1, 0, 0
48500, 309731, 1, 0, 0
49000, 309285, 1, 0, 0
49500, 256529, 1, 0, 0
50000, 243816, 1, 0, 0
50502, 197587, 1, 0, 0
51000, 181090, 1, 0, 0
51500, 136145, 1, 0, 0
52015, 70710, 1, 0, 0
52507, 1041691, 1, 0, 0
53000, 1035663, 1, 0, 0
53507, 960727, 1, 0, 0
54000, 957907, 1, 0, 0
54505, 888119, 1, 0, 0
55011, 857197, 1, 0, 0
55500, 834835, 1, 0, 0
56010, 829764, 1, 0, 0
56502, 677698, 1, 0, 0
57012, 772767, 1, 0, 0
57508, 849732, 1, 0, 0
58003, 667012, 1, 0, 0
58501, 776778, 1, 0, 0
59000, 612264, 1, 0, 0
59500, 672346, 1, 0, 0
60000, 673334, 1, 0, 0
60000, 110091, 1, 0, 0
