500, 851, 1, 0, 0
1000, 850, 1, 0, 0
1500, 853, 1, 0, 0
2000, 855, 1, 0, 0
2500, 850, 1, 0, 0
3000, 850, 1, 0, 0
3500, 851, 1, 0, 0
4000, 852, 1, 0, 0
4500, 853, 1, 0, 0
5000, 850, 1, 0, 0
5500, 853, 1, 0, 0
6000, 849, 1, 0, 0
6511, 860, 1, 0, 0
7005, 851, 1, 0, 0
7514, 853, 1, 0, 0
8004, 856, 1, 0, 0
8515, 854, 1, 0, 0
9006, 858, 1, 0, 0
9511, 854, 1, 0, 0
10000, 852, 1, 0, 0
10512, 848, 1, 0, 0
11000, 850, 1, 0, 0
11505, 845, 1, 0, 0
12005, 846, 1, 0, 0
12504, 848, 1, 0, 0
13000, 848, 1, 0, 0
13501, 847, 1, 0, 0
14002, 847, 1, 0, 0
14503, 851, 1, 0, 0
15011, 847, 1, 0, 0
15503, 856, 1, 0, 0
16011, 849, 1, 0, 0
16500, 848, 1, 0, 0
17010, 850, 1, 0, 0
17502, 848, 1, 0, 0
18005, 847, 1, 0, 0
18502, 846, 1, 0, 0
19009, 845, 1, 0, 0
19508, 844, 1, 0, 0
20014, 847, 1, 0, 0
20500, 846, 1, 0, 0
21011, 846, 1, 0, 0
21500, 849, 1, 0, 0
22000, 849, 1, 0, 0
22500, 845, 1, 0, 0
23000, 851, 1, 0, 0
23506, 851, 1, 0, 0
24013, 853, 1, 0, 0
24506, 847, 1, 0, 0
25000, 848, 1, 0, 0
25508, 846, 1, 0, 0
26000, 853, 1, 0, 0
26511, 846, 1, 0, 0
27008, 847, 1, 0, 0
27506, 849, 1, 0, 0
28000, 847, 1, 0, 0
28512, 849, 1, 0, 0
29006, 850, 1, 0, 0
29507, 850, 1, 0, 0
30013, 849, 1, 0, 0
30509, 848, 1, 0, 0
31009, 851, 1, 0, 0
31503, 850, 1, 0, 0
32000, 845, 1, 0, 0
32508, 845, 1, 0, 0
33003, 844, 1, 0, 0
33500, 844, 1, 0, 0
34003, 851, 1, 0, 0
34500, 846, 1, 0, 0
35008, 846, 1, 0, 0
35501, 849, 1, 0, 0
36000, 851, 1, 0, 0
36510, 849, 1, 0, 0
37008, 847, 1, 0, 0
37506, 849, 1, 0, 0
38006, 849, 1, 0, 0
38503, 849, 1, 0, 0
39003, 851, 1, 0, 0
39509, 847, 1, 0, 0
40001, 850, 1, 0, 0
40512, 861, 1, 0, 0
41002, 851, 1, 0, 0
41505, 845, 1, 0, 0
42002, 850, 1, 0, 0
42506, 850, 1, 0, 0
43000, 849, 1, 0, 0
43500, 847, 1, 0, 0
44000, 849, 1, 0, 0
44507, 851, 1, 0, 0
45000, 853, 1, 0, 0
45508, 847, 1, 0, 0
46000, 847, 1, 0, 0
46510, 844, 1, 0, 0
47006, 848, 1, 0, 0
47500, 849, 1, 0, 0
48004, 848, 1, 0, 0
48500, 851, 1, 0, 0
49000, 851, 1, 0, 0
49500, 852, 1, 0, 0
50000, 851, 1, 0, 0
50502, 853, 1, 0, 0
51000, 850, 1, 0, 0
51500, 849, 1, 0, 0
52015, 853, 1, 0, 0
52507, 855, 1, 0, 0
53000, 857, 1, 0, 0
53507, 888, 1, 0, 0
54000, 853, 1, 0, 0
54505, 847, 1, 0, 0
55011, 852, 1, 0, 0
55500, 853, 1, 0, 0
56010, 851, 1, 0, 0
56502, 853, 1, 0, 0
57012, 851, 1, 0, 0
57508, 849, 1, 0, 0
58003, 854, 1, 0, 0
58501, 849, 1, 0, 0
59000, 852, 1, 0, 0
59500, 847, 1, 0, 0
60000, 845, 1, 0, 0
