[68411.163845] KSC2026-MARK map4k_bs4k_r2 insmod 1791444173629828169
[68411.175128] NVMeVirt: Version 1.10 for >> Samsung 970 Pro SSD <<
[68411.175142] NVMeVirt: Storage: 0x300100000-0x600000000 (12287 MiB)
[68411.184697] NVMeVirt: Total Capacity(GiB,MiB)=3,3072 chs=2 luns=4 lines=384 blk-size(MiB,KiB)=2,2048 line-size(MiB,KiB)=8,8192
[68411.184703] NVMeVirt: KSC2026: mapping unit=4096 B, flash page=32768 B, oneshot page=32768 B, pgs_per_blk=512, blks_per_pl=384, write buffer=1048576 B
[68411.194648] NVMeVirt: [chmodel_init] bandwidth 800 max_credits 26 tx_time 152
[68411.201566] NVMeVirt: [chmodel_init] bandwidth 800 max_credits 26 tx_time 152
[68411.201577] NVMeVirt: [chmodel_init] bandwidth 3360 max_credits 110 tx_time 36
[68411.202997] NVMeVirt: pqueue: Copyright (c) 2014, Volkan Yazıcı <volkan.yazici@gmail.com>. All rights reserved.
[68411.202998] NVMeVirt: Init FTL instance with 2 channels (786432 pages)
[68411.209817] NVMeVirt: [chmodel_init] bandwidth 800 max_credits 26 tx_time 152
[68411.216663] NVMeVirt: [chmodel_init] bandwidth 800 max_credits 26 tx_time 152
[68411.216674] NVMeVirt: [chmodel_init] bandwidth 3360 max_credits 110 tx_time 36
[68411.218072] NVMeVirt: Init FTL instance with 2 channels (786432 pages)
[68411.224895] NVMeVirt: [chmodel_init] bandwidth 800 max_credits 26 tx_time 152
[68411.231674] NVMeVirt: [chmodel_init] bandwidth 800 max_credits 26 tx_time 152
[68411.231684] NVMeVirt: [chmodel_init] bandwidth 3360 max_credits 110 tx_time 36
[68411.233105] NVMeVirt: Init FTL instance with 2 channels (786432 pages)
[68411.239875] NVMeVirt: [chmodel_init] bandwidth 800 max_credits 26 tx_time 152
[68411.246677] NVMeVirt: [chmodel_init] bandwidth 800 max_credits 26 tx_time 152
[68411.246688] NVMeVirt: [chmodel_init] bandwidth 3360 max_credits 110 tx_time 36
[68411.248118] NVMeVirt: Init FTL instance with 2 channels (786432 pages)
[68411.248122] NVMeVirt: FTL physical space: 12883853312, logical space: 12040984403 (physical/logical * 100 = 107)
[68411.248123] NVMeVirt: KSC2026: WBUF_FIX=1 GC_STATS=1
[68411.248124] NVMeVirt: ns 0/1: size 11483 MiB
[68411.248162] PCI host bridge to bus 0001:10
[68411.248164] pci_bus 0001:10: root bus resource [io  0x0000-0xffff]
[68411.248166] pci_bus 0001:10: root bus resource [mem 0x00000000-0x3fffffffffff]
[68411.248167] pci_bus 0001:10: root bus resource [bus 00-ff]
[68411.248173] pci 0001:10:00.0: [0c51:0110] type 00 class 0x010802 PCIe Endpoint
[68411.248175] pci 0001:10:00.0: BAR 0 [mem 0x300000000-0x300003fff 64bit]
[68411.248177] pci 0001:10:00.0: enabling Extended Tags
[68411.248309] NVMeVirt: Virtual PCI bus created (node 0)
[68411.248509] NVMeVirt: nvmev_io_worker_0 started on cpu 4 (node 0)
[68411.248826] NVMeVirt: nvmev_io_worker_1 started on cpu 5 (node 0)
[68411.248844] NVMeVirt: nvmev_dispatcher started on cpu 3 (node 0)
[68411.248926] nvme nvme1: pci function 0001:10:00.0
[68411.252262] nvme nvme1: 1/0/0 default/read/poll queues
[68411.254197] NVMeVirt: Virtual NVMe device created
[68417.283984] KSC2026-MARK map4k_bs4k_r2 fio-start 1791444179762532957
[68423.625654] NVMeVirt: KSC2026: first GC part=0 victim line=343 vpc=1898 ipc=150 free_lines=2 host_pgs=778240
[68423.627515] NVMeVirt: KSC2026: first GC part=2 victim line=340 vpc=1889 ipc=159 free_lines=2 host_pgs=778240
[68423.645036] NVMeVirt: KSC2026: first GC part=3 victim line=194 vpc=1893 ipc=155 free_lines=2 host_pgs=778240
[68423.646184] NVMeVirt: KSC2026: first GC part=1 victim line=106 vpc=1897 ipc=151 free_lines=2 host_pgs=778240
[68478.326057] KSC2026-MARK map4k_bs4k_r2 fio-end
[68478.330074] KSC2026-MARK map4k_bs4k_r2 rmmod 1791444240809937699
[68478.392986] pci_bus 0001:10: busn_res: [bus 10-ff] is released
[68478.393185] NVMeVirt: KSC2026: stats part=0 host_pgs=1595554 gc_pgs=3364734 gc_cnt=2041 free_lines=2
[68478.393187] NVMeVirt: KSC2026: stats part=1 host_pgs=1595898 gc_pgs=3366496 gc_cnt=2042 free_lines=2
[68478.393188] NVMeVirt: KSC2026: stats part=2 host_pgs=1595572 gc_pgs=3376919 gc_cnt=2047 free_lines=2
[68478.393188] NVMeVirt: KSC2026: stats part=3 host_pgs=1595216 gc_pgs=3362932 gc_cnt=2040 free_lines=2
[68478.461462] NVMeVirt: Virtual NVMe device closed
