500, 837, 1, 0, 0
1000, 842, 1, 0, 0
1500, 845, 1, 0, 0
2000, 839, 1, 0, 0
2500, 839, 1, 0, 0
3000, 838, 1, 0, 0
3500, 838, 1, 0, 0
4000, 839, 1, 0, 0
4500, 840, 1, 0, 0
5000, 842, 1, 0, 0
5500, 838, 1, 0, 0
6000, 842, 1, 0, 0
6500, 838, 1, 0, 0
7011, 841, 1, 0, 0
7502, 844, 1, 0, 0
8010, 840, 1, 0, 0
8500, 840, 1, 0, 0
9011, 841, 1, 0, 0
9513, 838, 1, 0, 0
10000, 840, 1, 0, 0
10507, 840, 1, 0, 0
11003, 837, 1, 0, 0
11500, 838, 1, 0, 0
12000, 835, 1, 0, 0
12510, 835, 1, 0, 0
13012, 839, 1, 0, 0
13511, 840, 1, 0, 0
14012, 841, 1, 0, 0
14507, 840, 1, 0, 0
15001, 837, 1, 0, 0
15507, 849, 1, 0, 0
16011, 839, 1, 0, 0
16500, 852, 1, 0, 0
17002, 840, 1, 0, 0
17509, 838, 1, 0, 0
18010, 837, 1, 0, 0
18500, 838, 1, 0, 0
19000, 838, 1, 0, 0
19500, 837, 1, 0, 0
20000, 837, 1, 0, 0
