500, 513844, 1, 0, 0
1000, 512616, 1, 0, 0
1500, 509868, 1, 0, 0
2000, 511314, 1, 0, 0
2500, 511822, 1, 0, 0
3000, 511026, 1, 0, 0
3500, 511382, 1, 0, 0
4000, 511326, 1, 0, 0
4500, 512350, 1, 0, 0
5000, 511766, 1, 0, 0
5500, 511074, 1, 0, 0
6000, 533785, 1, 0, 0
6500, 103598, 1, 0, 0
7000, 32256, 1, 0, 0
7500, 31200, 1, 0, 0
8000, 34608, 1, 0, 0
8500, 35440, 1, 0, 0
9000, 40304, 1, 0, 0
9500, 38320, 1, 0, 0
10000, 41776, 1, 0, 0
10500, 45136, 1, 0, 0
11000, 42240, 1, 0, 0
11500, 43664, 1, 0, 0
12000, 41680, 1, 0, 0
12500, 39040, 1, 0, 0
13000, 44096, 1, 0, 0
13500, 45584, 1, 0, 0
14000, 48656, 1, 0, 0
14500, 46000, 1, 0, 0
15000, 43360, 1, 0, 0
15500, 39552, 1, 0, 0
16000, 40944, 1, 0, 0
16500, 44320, 1, 0, 0
17000, 43760, 1, 0, 0
17500, 45675, 1, 0, 0
18000, 43312, 1, 0, 0
18500, 43958, 1, 0, 0
19000, 42858, 1, 0, 0
19500, 45696, 1, 0, 0
20000, 46960, 1, 0, 0
