500, 62127, 1, 0, 0
1000, 62266, 1, 0, 0
1500, 62595, 1, 0, 0
2000, 62419, 1, 0, 0
2500, 62355, 1, 0, 0
3000, 62450, 1, 0, 0
3500, 62409, 1, 0, 0
4000, 62416, 1, 0, 0
4500, 62289, 1, 0, 0
5000, 62361, 1, 0, 0
5500, 62439, 1, 0, 0
6000, 59782, 1, 0, 0
6500, 308562, 1, 0, 0
7011, 983135, 1, 0, 0
7502, 1004901, 1, 0, 0
8010, 942810, 1, 0, 0
8500, 882288, 1, 0, 0
9011, 810867, 1, 0, 0
9513, 840922, 1, 0, 0
10000, 745900, 1, 0, 0
10507, 717559, 1, 0, 0
11003, 754164, 1, 0, 0
11500, 747826, 1, 0, 0
12000, 772193, 1, 0, 0
12510, 808893, 1, 0, 0
13012, 727431, 1, 0, 0
13511, 701071, 1, 0, 0
14012, 657856, 1, 0, 0
14507, 687338, 1, 0, 0
15001, 732383, 1, 0, 0
15507, 815718, 1, 0, 0
16011, 787538, 1, 0, 0
16500, 712031, 1, 0, 0
17002, 728536, 1, 0, 0
17509, 711093, 1, 0, 0
18010, 742502, 1, 0, 0
18500, 732085, 1, 0, 0
19000, 747488, 1, 0, 0
19500, 700860, 1, 0, 0
20000, 662368, 1, 0, 0
20000, 13530302, 1, 0, 0
