500, 61291, 1, 0, 0
1000, 61424, 1, 0, 0
1500, 61751, 1, 0, 0
2000, 61579, 1, 0, 0
2500, 61516, 1, 0, 0
3000, 61612, 1, 0, 0
3500, 61571, 1, 0, 0
4000, 61577, 1, 0, 0
4500, 61449, 1, 0, 0
5000, 61519, 1, 0, 0
5500, 61601, 1, 0, 0
6000, 58939, 1, 0, 0
6500, 307724, 1, 0, 0
7011, 982295, 1, 0, 0
7502, 1004056, 1, 0, 0
8010, 941970, 1, 0, 0
8500, 881448, 1, 0, 0
9011, 810026, 1, 0, 0
9513, 840084, 1, 0, 0
10000, 745059, 1, 0, 0
10507, 716720, 1, 0, 0
11003, 753327, 1, 0, 0
11500, 746989, 1, 0, 0
12000, 771358, 1, 0, 0
12510, 808058, 1, 0, 0
13012, 726592, 1, 0, 0
13511, 700231, 1, 0, 0
14012, 657015, 1, 0, 0
14507, 686498, 1, 0, 0
15001, 731545, 1, 0, 0
15507, 814870, 1, 0, 0
16011, 786699, 1, 0, 0
16500, 711179, 1, 0, 0
17002, 727696, 1, 0, 0
17509, 710255, 1, 0, 0
18010, 741665, 1, 0, 0
18500, 731247, 1, 0, 0
19000, 746650, 1, 0, 0
19500, 700023, 1, 0, 0
20000, 661532, 1, 0, 0
20000, 13529447, 1, 0, 0
