[86573.099030] KSC2026-MARK map32k_bs32k_r3 insmod 1791462335800230550
[86573.112396] NVMeVirt: Version 1.10 for >> Samsung 970 Pro SSD <<
[86573.112405] NVMeVirt: Storage: 0x300100000-0x600000000 (12287 MiB)
[86573.122753] NVMeVirt: Total Capacity(GiB,MiB)=3,3072 chs=2 luns=4 lines=384 blk-size(MiB,KiB)=2,2048 line-size(MiB,KiB)=8,8192
[86573.122758] NVMeVirt: KSC2026: mapping unit=32768 B, flash page=32768 B, oneshot page=32768 B, pgs_per_blk=64, blks_per_pl=384, write buffer=1048576 B
[86573.128354] NVMeVirt: [chmodel_init] bandwidth 800 max_credits 26 tx_time 152
[86573.131845] NVMeVirt: [chmodel_init] bandwidth 800 max_credits 26 tx_time 152
[86573.131857] NVMeVirt: [chmodel_init] bandwidth 3360 max_credits 110 tx_time 36
[86573.132029] NVMeVirt: pqueue: Copyright (c) 2014, Volkan Yazıcı <volkan.yazici@gmail.com>. All rights reserved.
[86573.132031] NVMeVirt: Init FTL instance with 2 channels (98304 pages)
[86573.135235] NVMeVirt: [chmodel_init] bandwidth 800 max_credits 26 tx_time 152
[86573.138426] NVMeVirt: [chmodel_init] bandwidth 800 max_credits 26 tx_time 152
[86573.138437] NVMeVirt: [chmodel_init] bandwidth 3360 max_credits 110 tx_time 36
[86573.138606] NVMeVirt: Init FTL instance with 2 channels (98304 pages)
[86573.141817] NVMeVirt: [chmodel_init] bandwidth 800 max_credits 26 tx_time 152
[86573.144994] NVMeVirt: [chmodel_init] bandwidth 800 max_credits 26 tx_time 152
[86573.145005] NVMeVirt: [chmodel_init] bandwidth 3360 max_credits 110 tx_time 36
[86573.145177] NVMeVirt: Init FTL instance with 2 channels (98304 pages)
[86573.148363] NVMeVirt: [chmodel_init] bandwidth 800 max_credits 26 tx_time 152
[86573.151564] NVMeVirt: [chmodel_init] bandwidth 800 max_credits 26 tx_time 152
[86573.151575] NVMeVirt: [chmodel_init] bandwidth 3360 max_credits 110 tx_time 36
[86573.151744] NVMeVirt: Init FTL instance with 2 channels (98304 pages)
[86573.151747] NVMeVirt: FTL physical space: 12883853312, logical space: 12040984403 (physical/logical * 100 = 107)
[86573.151748] NVMeVirt: KSC2026: WBUF_FIX=1 GC_STATS=1
[86573.151748] NVMeVirt: KSC2026: WBUF_MERGE=1 (one open mapping unit per partition merges writes smaller than 32768 B)
[86573.151749] NVMeVirt: ns 0/1: size 11483 MiB
[86573.151779] PCI host bridge to bus 0001:10
[86573.151781] pci_bus 0001:10: root bus resource [io  0x0000-0xffff]
[86573.151783] pci_bus 0001:10: root bus resource [mem 0x00000000-0x3fffffffffff]
[86573.151784] pci_bus 0001:10: root bus resource [bus 00-ff]
[86573.151790] pci 0001:10:00.0: [0c51:0110] type 00 class 0x010802 PCIe Endpoint
[86573.151792] pci 0001:10:00.0: BAR 0 [mem 0x300000000-0x300003fff 64bit]
[86573.151794] pci 0001:10:00.0: enabling Extended Tags
[86573.151890] NVMeVirt: Virtual PCI bus created (node 0)
[86573.152109] NVMeVirt: nvmev_io_worker_0 started on cpu 4 (node 0)
[86573.152272] NVMeVirt: nvmev_io_worker_1 started on cpu 5 (node 0)
[86573.152288] NVMeVirt: nvmev_dispatcher started on cpu 3 (node 0)
[86573.153644] nvme nvme1: pci function 0001:10:00.0
[86573.155228] nvme nvme1: 1/0/0 default/read/poll queues
[86573.158123] NVMeVirt: Virtual NVMe device created
[86579.195032] KSC2026-MARK map32k_bs32k_r3 fio-start 1791462341908844691
[86584.888096] NVMeVirt: KSC2026: first GC part=0 victim line=0 vpc=0 ipc=256 free_lines=2 host_pgs=97280
[86584.888208] NVMeVirt: KSC2026: first GC part=1 victim line=0 vpc=0 ipc=256 free_lines=2 host_pgs=97280
[86584.888217] NVMeVirt: KSC2026: first GC part=2 victim line=0 vpc=0 ipc=256 free_lines=2 host_pgs=97280
[86584.888221] NVMeVirt: KSC2026: first GC part=3 victim line=0 vpc=0 ipc=256 free_lines=2 host_pgs=97280
[86640.231129] KSC2026-MARK map32k_bs32k_r3 fio-end
[86640.236006] KSC2026-MARK map32k_bs32k_r3 rmmod 1791462402951659662
[86640.294160] pci_bus 0001:10: busn_res: [bus 10-ff] is released
[86640.294374] NVMeVirt: KSC2026: stats part=0 host_pgs=1071518 gc_pgs=0 gc_cnt=3806 free_lines=3
[86640.294376] NVMeVirt: KSC2026: stats part=1 host_pgs=1071506 gc_pgs=0 gc_cnt=3806 free_lines=3
[86640.294377] NVMeVirt: KSC2026: stats part=2 host_pgs=1071506 gc_pgs=0 gc_cnt=3806 free_lines=3
[86640.294378] NVMeVirt: KSC2026: stats part=3 host_pgs=1071506 gc_pgs=0 gc_cnt=3806 free_lines=3
[86640.294378] NVMeVirt: KSC2026: merge part=0 open=0 merge=0 full=0 evict=0 direct=1071518 still_open=0
[86640.294379] NVMeVirt: KSC2026: merge part=1 open=0 merge=0 full=0 evict=0 direct=1071506 still_open=0
[86640.294380] NVMeVirt: KSC2026: merge part=2 open=0 merge=0 full=0 evict=0 direct=1071506 still_open=0
[86640.294380] NVMeVirt: KSC2026: merge part=3 open=0 merge=0 full=0 evict=0 direct=1071506 still_open=0
[86640.314800] NVMeVirt: Virtual NVMe device closed
