500, 2288128, 1, 0, 0
1000, 2286848, 1, 0, 0
1500, 2286848, 1, 0, 0
2000, 2286592, 1, 0, 0
2500, 2286848, 1, 0, 0
3000, 2286848, 1, 0, 0
3500, 2286848, 1, 0, 0
4000, 2286848, 1, 0, 0
4500, 2286592, 1, 0, 0
5000, 2281728, 1, 0, 0
5500, 2118400, 1, 0, 0
6000, 161280, 1, 0, 0
6500, 162048, 1, 0, 0
7000, 159744, 1, 0, 0
7500, 171607, 1, 0, 0
8000, 179200, 1, 0, 0
8500, 186880, 1, 0, 0
9000, 187136, 1, 0, 0
9500, 201728, 1, 0, 0
10000, 212224, 1, 0, 0
10500, 220416, 1, 0, 0
11000, 228352, 1, 0, 0
11500, 233728, 1, 0, 0
12000, 231936, 1, 0, 0
12500, 230400, 1, 0, 0
13000, 233472, 1, 0, 0
13500, 229120, 1, 0, 0
14000, 229376, 1, 0, 0
14500, 236288, 1, 0, 0
15000, 241920, 1, 0, 0
15500, 251136, 1, 0, 0
16000, 250624, 1, 0, 0
16500, 256768, 1, 0, 0
17000, 261888, 1, 0, 0
17500, 265728, 1, 0, 0
18000, 258048, 1, 0, 0
18500, 261888, 1, 0, 0
19000, 267520, 1, 0, 0
19500, 273920, 1, 0, 0
20000, 275968, 1, 0, 0
20500, 271360, 1, 0, 0
21000, 271872, 1, 0, 0
21500, 285696, 1, 0, 0
22000, 291655, 1, 0, 0
22500, 302336, 1, 0, 0
23000, 298496, 1, 0, 0
23500, 301824, 1, 0, 0
24000, 311296, 1, 0, 0
24500, 326144, 1, 0, 0
25000, 324864, 1, 0, 0
25500, 326912, 1, 0, 0
26000, 338944, 1, 0, 0
26500, 362752, 1, 0, 0
27000, 351488, 1, 0, 0
27500, 350720, 1, 0, 0
28000, 387584, 1, 0, 0
28500, 388096, 1, 0, 0
29000, 400640, 1, 0, 0
29500, 423680, 1, 0, 0
30000, 422656, 1, 0, 0
30500, 449024, 1, 0, 0
31000, 469248, 1, 0, 0
31500, 496896, 1, 0, 0
32000, 522496, 1, 0, 0
32500, 545536, 1, 0, 0
33000, 593664, 1, 0, 0
33500, 635904, 1, 0, 0
34000, 708608, 1, 0, 0
34500, 771072, 1, 0, 0
35000, 911104, 1, 0, 0
35500, 1121536, 1, 0, 0
36000, 1715200, 1, 0, 0
36500, 1341306, 1, 0, 0
37000, 160768, 1, 0, 0
37500, 158208, 1, 0, 0
38000, 166656, 1, 0, 0
38500, 173568, 1, 0, 0
39000, 175360, 1, 0, 0
39500, 188160, 1, 0, 0
40000, 196608, 1, 0, 0
40500, 205824, 1, 0, 0
41000, 213504, 1, 0, 0
41500, 222464, 1, 0, 0
42000, 232192, 1, 0, 0
42500, 232448, 1, 0, 0
43000, 231168, 1, 0, 0
43500, 232448, 1, 0, 0
44000, 230656, 1, 0, 0
44500, 229888, 1, 0, 0
45000, 237056, 1, 0, 0
45500, 240640, 1, 0, 0
46000, 239360, 1, 0, 0
46500, 239104, 1, 0, 0
47000, 244992, 1, 0, 0
47500, 251392, 1, 0, 0
48000, 255744, 1, 0, 0
48500, 261888, 1, 0, 0
49000, 263424, 1, 0, 0
49500, 266004, 1, 0, 0
50000, 265728, 1, 0, 0
50500, 268032, 1, 0, 0
51000, 281344, 1, 0, 0
51500, 278784, 1, 0, 0
52000, 279040, 1, 0, 0
52500, 287488, 1, 0, 0
53000, 294656, 1, 0, 0
53500, 296704, 1, 0, 0
54000, 301568, 1, 0, 0
54500, 311040, 1, 0, 0
55000, 319488, 1, 0, 0
55500, 320000, 1, 0, 0
56000, 339712, 1, 0, 0
56500, 333568, 1, 0, 0
57000, 344064, 1, 0, 0
57500, 366592, 1, 0, 0
58000, 354816, 1, 0, 0
58500, 373504, 1, 0, 0
59000, 386816, 1, 0, 0
59500, 393472, 1, 0, 0
60000, 413696, 1, 0, 0
