500, 1783349, 1, 0, 0
1000, 1786792, 1, 0, 0
1500, 1786791, 1, 0, 0
2000, 1786783, 1, 0, 0
2500, 1786790, 1, 0, 0
3000, 1786807, 1, 0, 0
3500, 1786784, 1, 0, 0
4000, 1786780, 1, 0, 0
4500, 1786751, 1, 0, 0
5000, 1790813, 1, 0, 0
5500, 1882824, 1, 0, 0
6006, 24643272, 1, 0, 0
6515, 25750529, 1, 0, 0
7001, 24961568, 1, 0, 0
7507, 24226062, 1, 0, 0
8013, 23145982, 1, 0, 0
8500, 21961479, 1, 0, 0
9004, 21535528, 1, 0, 0
9511, 20582835, 1, 0, 0
10012, 19363312, 1, 0, 0
10515, 18665959, 1, 0, 0
11015, 17970627, 1, 0, 0
11500, 17596932, 1, 0, 0
12000, 17391244, 1, 0, 0
12501, 17443160, 1, 0, 0
13005, 17678757, 1, 0, 0
13507, 17955246, 1, 0, 0
14010, 17945763, 1, 0, 0
14513, 17439483, 1, 0, 0
15014, 16958641, 1, 0, 0
15514, 16296233, 1, 0, 0
16014, 16348125, 1, 0, 0
16513, 15919803, 1, 0, 0
17013, 15658638, 1, 0, 0
17514, 15417002, 1, 0, 0
18013, 15832472, 1, 0, 0
18511, 15602970, 1, 0, 0
19010, 15273615, 1, 0, 0
19508, 14892703, 1, 0, 0
20006, 14775097, 1, 0, 0
20507, 15110442, 1, 0, 0
21006, 15014633, 1, 0, 0
21502, 14239689, 1, 0, 0
22000, 14023048, 1, 0, 0
22515, 13935179, 1, 0, 0
23012, 13626560, 1, 0, 0
23508, 13482294, 1, 0, 0
24004, 13038617, 1, 0, 0
24500, 12854254, 1, 0, 0
25013, 12535167, 1, 0, 0
25507, 12374392, 1, 0, 0
26001, 11934701, 1, 0, 0
26512, 11553655, 1, 0, 0
27006, 11489449, 1, 0, 0
27500, 11551391, 1, 0, 0
28008, 10727556, 1, 0, 0
28500, 10653052, 1, 0, 0
29006, 10078230, 1, 0, 0
29512, 9793234, 1, 0, 0
30000, 9456133, 1, 0, 0
30506, 9218200, 1, 0, 0
31009, 8785236, 1, 0, 0
31510, 8265867, 1, 0, 0
32009, 7831962, 1, 0, 0
32505, 7433889, 1, 0, 0
33000, 6984725, 1, 0, 0
33506, 6383216, 1, 0, 0
34010, 5838469, 1, 0, 0
34508, 5286809, 1, 0, 0
35000, 4531076, 1, 0, 0
35500, 3604936, 1, 0, 0
36000, 2411887, 1, 0, 0
36509, 2976332, 1, 0, 0
37016, 25787921, 1, 0, 0
37502, 25186847, 1, 0, 0
38009, 24963047, 1, 0, 0
38517, 23982285, 1, 0, 0
39006, 22867518, 1, 0, 0
39510, 21997868, 1, 0, 0
40015, 21050494, 1, 0, 0
40500, 19684486, 1, 0, 0
41001, 18902502, 1, 0, 0
41505, 18530272, 1, 0, 0
42007, 17707391, 1, 0, 0
42507, 17637582, 1, 0, 0
43009, 17762460, 1, 0, 0
43511, 17686005, 1, 0, 0
44011, 17766771, 1, 0, 0
44512, 17848613, 1, 0, 0
45013, 17326219, 1, 0, 0
45515, 17076177, 1, 0, 0
46000, 17061829, 1, 0, 0
46500, 16749086, 1, 0, 0
47000, 16644796, 1, 0, 0
47500, 16391291, 1, 0, 0
48001, 15940254, 1, 0, 0
48502, 15650063, 1, 0, 0
49003, 15582264, 1, 0, 0
49500, 15355648, 1, 0, 0
50000, 15486009, 1, 0, 0
50500, 15323865, 1, 0, 0
51015, 14871287, 1, 0, 0
51513, 14616556, 1, 0, 0
52014, 14707484, 1, 0, 0
52512, 14181018, 1, 0, 0
53008, 13807385, 1, 0, 0
53505, 13705362, 1, 0, 0
54001, 13482663, 1, 0, 0
54500, 13417711, 1, 0, 0
55009, 12784039, 1, 0, 0
55503, 12637677, 1, 0, 0
56000, 12419609, 1, 0, 0
56510, 12076755, 1, 0, 0
57004, 11748320, 1, 0, 0
57500, 11487925, 1, 0, 0
58007, 11292537, 1, 0, 0
58500, 11034282, 1, 0, 0
59008, 10551547, 1, 0, 0
59500, 10389855, 1, 0, 0
60005, 9846141, 1, 0, 0
60007, 17955202, 1, 0, 0
