500, 1787659, 1, 0, 0
1000, 1791097, 1, 0, 0
1500, 1791098, 1, 0, 0
2000, 1791097, 1, 0, 0
2500, 1791091, 1, 0, 0
3000, 1791091, 1, 0, 0
3500, 1791089, 1, 0, 0
4000, 1791093, 1, 0, 0
4500, 1791087, 1, 0, 0
5000, 1795173, 1, 0, 0
5500, 1887139, 1, 0, 0
6006, 24647660, 1, 0, 0
6515, 25754864, 1, 0, 0
7001, 24965989, 1, 0, 0
7507, 24230530, 1, 0, 0
8013, 23150382, 1, 0, 0
8500, 21965859, 1, 0, 0
9004, 21539953, 1, 0, 0
9511, 20587230, 1, 0, 0
10012, 19367690, 1, 0, 0
10515, 18670383, 1, 0, 0
11015, 17975036, 1, 0, 0
11500, 17601330, 1, 0, 0
12000, 17395636, 1, 0, 0
12501, 17447618, 1, 0, 0
13005, 17683151, 1, 0, 0
13507, 17959690, 1, 0, 0
14010, 17950210, 1, 0, 0
14513, 17443858, 1, 0, 0
15014, 16963027, 1, 0, 0
15514, 16300653, 1, 0, 0
16014, 16352531, 1, 0, 0
16513, 15924169, 1, 0, 0
17013, 15663037, 1, 0, 0
17514, 15421427, 1, 0, 0
18013, 15836836, 1, 0, 0
18511, 15607360, 1, 0, 0
19010, 15278045, 1, 0, 0
19508, 14897073, 1, 0, 0
20006, 14779529, 1, 0, 0
20507, 15114856, 1, 0, 0
21006, 15019049, 1, 0, 0
21502, 14244094, 1, 0, 0
22000, 14027467, 1, 0, 0
22515, 13939568, 1, 0, 0
23012, 13630997, 1, 0, 0
23508, 13486723, 1, 0, 0
24004, 13043038, 1, 0, 0
24500, 12858637, 1, 0, 0
25013, 12539607, 1, 0, 0
25507, 12378867, 1, 0, 0
26001, 11939114, 1, 0, 0
26512, 11558075, 1, 0, 0
27006, 11493865, 1, 0, 0
27500, 11555789, 1, 0, 0
28008, 10731946, 1, 0, 0
28500, 10657495, 1, 0, 0
29006, 10082674, 1, 0, 0
29512, 9797645, 1, 0, 0
30000, 9460551, 1, 0, 0
30506, 9222615, 1, 0, 0
31009, 8789626, 1, 0, 0
31510, 8270292, 1, 0, 0
32009, 7836350, 1, 0, 0
32505, 7438341, 1, 0, 0
33000, 6989140, 1, 0, 0
33506, 6387613, 1, 0, 0
34010, 5842897, 1, 0, 0
34508, 5291212, 1, 0, 0
35000, 4535502, 1, 0, 0
35500, 3609375, 1, 0, 0
36000, 2416305, 1, 0, 0
36509, 2980774, 1, 0, 0
37016, 25792335, 1, 0, 0
37502, 25191138, 1, 0, 0
38009, 24967475, 1, 0, 0
38517, 23986697, 1, 0, 0
39006, 22871937, 1, 0, 0
39510, 22002281, 1, 0, 0
40015, 21054871, 1, 0, 0
40500, 19688917, 1, 0, 0
41001, 18906916, 1, 0, 0
41505, 18534682, 1, 0, 0
42007, 17711783, 1, 0, 0
42507, 17641978, 1, 0, 0
43009, 17766853, 1, 0, 0
43511, 17690426, 1, 0, 0
44011, 17771173, 1, 0, 0
44512, 17853028, 1, 0, 0
45013, 17330586, 1, 0, 0
45515, 17080533, 1, 0, 0
46000, 17066227, 1, 0, 0
46500, 16753487, 1, 0, 0
47000, 16649203, 1, 0, 0
47500, 16395693, 1, 0, 0
48001, 15944633, 1, 0, 0
48502, 15654471, 1, 0, 0
49003, 15586636, 1, 0, 0
49500, 15360021, 1, 0, 0
50000, 15490391, 1, 0, 0
50500, 15328267, 1, 0, 0
51015, 14875663, 1, 0, 0
51513, 14620969, 1, 0, 0
52014, 14711937, 1, 0, 0
52512, 14186089, 1, 0, 0
53008, 13811810, 1, 0, 0
53505, 13709805, 1, 0, 0
54001, 13487433, 1, 0, 0
54500, 13422150, 1, 0, 0
55009, 12788430, 1, 0, 0
55503, 12642099, 1, 0, 0
56000, 12424006, 1, 0, 0
56510, 12081183, 1, 0, 0
57004, 11752737, 1, 0, 0
57500, 11492312, 1, 0, 0
58007, 11297146, 1, 0, 0
58500, 11038693, 1, 0, 0
59008, 10555970, 1, 0, 0
59500, 10394661, 1, 0, 0
60005, 9850550, 1, 0, 0
60007, 17959579, 1, 0, 0
