500, 17876, 1, 0, 0
1000, 17864, 1, 0, 0
1500, 17866, 1, 0, 0
2000, 17864, 1, 0, 0
2500, 17866, 1, 0, 0
3000, 17866, 1, 0, 0
3500, 17866, 1, 0, 0
4000, 17866, 1, 0, 0
4500, 17864, 1, 0, 0
5000, 17826, 1, 0, 0
5500, 16550, 1, 0, 0
6000, 1260, 1, 0, 0
6500, 1266, 1, 0, 0
7000, 1248, 1, 0, 0
7500, 1340, 1, 0, 0
8000, 1400, 1, 0, 0
8500, 1460, 1, 0, 0
9000, 1462, 1, 0, 0
9500, 1576, 1, 0, 0
10000, 1658, 1, 0, 0
10500, 1722, 1, 0, 0
11000, 1784, 1, 0, 0
11500, 1826, 1, 0, 0
12000, 1812, 1, 0, 0
12500, 1800, 1, 0, 0
13000, 1824, 1, 0, 0
13500, 1790, 1, 0, 0
14000, 1792, 1, 0, 0
14500, 1846, 1, 0, 0
15000, 1890, 1, 0, 0
15500, 1962, 1, 0, 0
16000, 1958, 1, 0, 0
16500, 2006, 1, 0, 0
17000, 2046, 1, 0, 0
17500, 2076, 1, 0, 0
18000, 2016, 1, 0, 0
18500, 2046, 1, 0, 0
19000, 2090, 1, 0, 0
19500, 2140, 1, 0, 0
20000, 2156, 1, 0, 0
20500, 2120, 1, 0, 0
21000, 2124, 1, 0, 0
21500, 2232, 1, 0, 0
22000, 2278, 1, 0, 0
22500, 2362, 1, 0, 0
23000, 2332, 1, 0, 0
23500, 2358, 1, 0, 0
24000, 2432, 1, 0, 0
24500, 2548, 1, 0, 0
25000, 2538, 1, 0, 0
25500, 2554, 1, 0, 0
26000, 2648, 1, 0, 0
26500, 2834, 1, 0, 0
27000, 2746, 1, 0, 0
27500, 2740, 1, 0, 0
28000, 3028, 1, 0, 0
28500, 3032, 1, 0, 0
29000, 3130, 1, 0, 0
29500, 3310, 1, 0, 0
30000, 3302, 1, 0, 0
30500, 3508, 1, 0, 0
31000, 3666, 1, 0, 0
31500, 3882, 1, 0, 0
32000, 4082, 1, 0, 0
32500, 4262, 1, 0, 0
33000, 4638, 1, 0, 0
33500, 4968, 1, 0, 0
34000, 5536, 1, 0, 0
34500, 6024, 1, 0, 0
35000, 7118, 1, 0, 0
35500, 8762, 1, 0, 0
36000, 13400, 1, 0, 0
36500, 10478, 1, 0, 0
37000, 1256, 1, 0, 0
37500, 1236, 1, 0, 0
38000, 1302, 1, 0, 0
38500, 1356, 1, 0, 0
39000, 1370, 1, 0, 0
39500, 1470, 1, 0, 0
40000, 1536, 1, 0, 0
40500, 1608, 1, 0, 0
41000, 1668, 1, 0, 0
41500, 1738, 1, 0, 0
42000, 1814, 1, 0, 0
42500, 1816, 1, 0, 0
43000, 1806, 1, 0, 0
43500, 1816, 1, 0, 0
44000, 1802, 1, 0, 0
44500, 1796, 1, 0, 0
45000, 1852, 1, 0, 0
45500, 1880, 1, 0, 0
46000, 1870, 1, 0, 0
46500, 1868, 1, 0, 0
47000, 1914, 1, 0, 0
47500, 1964, 1, 0, 0
48000, 1998, 1, 0, 0
48500, 2046, 1, 0, 0
49000, 2058, 1, 0, 0
49500, 2078, 1, 0, 0
50000, 2076, 1, 0, 0
50500, 2094, 1, 0, 0
51000, 2198, 1, 0, 0
51500, 2178, 1, 0, 0
52000, 2180, 1, 0, 0
52500, 2246, 1, 0, 0
53000, 2302, 1, 0, 0
53500, 2318, 1, 0, 0
54000, 2356, 1, 0, 0
54500, 2430, 1, 0, 0
55000, 2496, 1, 0, 0
55500, 2500, 1, 0, 0
56000, 2654, 1, 0, 0
56500, 2606, 1, 0, 0
57000, 2688, 1, 0, 0
57500, 2864, 1, 0, 0
58000, 2772, 1, 0, 0
58500, 2918, 1, 0, 0
59000, 3022, 1, 0, 0
59500, 3074, 1, 0, 0
60000, 3232, 1, 0, 0
