[61867.267178] KSC2026-MARK map8k_bs128k_r1 insmod 1791437629633998147
[61867.287406] NVMeVirt: Version 1.10 for >> Samsung 970 Pro SSD <<
[61867.287425] NVMeVirt: Storage: 0x300100000-0x600000000 (12287 MiB)
[61867.300301] NVMeVirt: Total Capacity(GiB,MiB)=3,3072 chs=2 luns=4 lines=384 blk-size(MiB,KiB)=2,2048 line-size(MiB,KiB)=8,8192
[61867.300306] NVMeVirt: KSC2026: mapping unit=8192 B, flash page=32768 B, oneshot page=32768 B, pgs_per_blk=256, blks_per_pl=384, write buffer=1048576 B
[61867.306350] NVMeVirt: [chmodel_init] bandwidth 800 max_credits 26 tx_time 152
[61867.310650] NVMeVirt: [chmodel_init] bandwidth 800 max_credits 26 tx_time 152
[61867.310661] NVMeVirt: [chmodel_init] bandwidth 3360 max_credits 110 tx_time 36
[61867.311346] NVMeVirt: pqueue: Copyright (c) 2014, Volkan Yazıcı <volkan.yazici@gmail.com>. All rights reserved.
[61867.311348] NVMeVirt: Init FTL instance with 2 channels (393216 pages)
[61867.315640] NVMeVirt: [chmodel_init] bandwidth 800 max_credits 26 tx_time 152
[61867.319905] NVMeVirt: [chmodel_init] bandwidth 800 max_credits 26 tx_time 152
[61867.319916] NVMeVirt: [chmodel_init] bandwidth 3360 max_credits 110 tx_time 36
[61867.320592] NVMeVirt: Init FTL instance with 2 channels (393216 pages)
[61867.324881] NVMeVirt: [chmodel_init] bandwidth 800 max_credits 26 tx_time 152
[61867.329197] NVMeVirt: [chmodel_init] bandwidth 800 max_credits 26 tx_time 152
[61867.329207] NVMeVirt: [chmodel_init] bandwidth 3360 max_credits 110 tx_time 36
[61867.329890] NVMeVirt: Init FTL instance with 2 channels (393216 pages)
[61867.334175] NVMeVirt: [chmodel_init] bandwidth 800 max_credits 26 tx_time 152
[61867.338488] NVMeVirt: [chmodel_init] bandwidth 800 max_credits 26 tx_time 152
[61867.338498] NVMeVirt: [chmodel_init] bandwidth 3360 max_credits 110 tx_time 36
[61867.339174] NVMeVirt: Init FTL instance with 2 channels (393216 pages)
[61867.339178] NVMeVirt: FTL physical space: 12883853312, logical space: 12040984403 (physical/logical * 100 = 107)
[61867.339179] NVMeVirt: KSC2026: WBUF_FIX=0 GC_STATS=1
[61867.339180] NVMeVirt: ns 0/1: size 11483 MiB
[61867.339214] PCI host bridge to bus 0001:10
[61867.339215] pci_bus 0001:10: root bus resource [io  0x0000-0xffff]
[61867.339217] pci_bus 0001:10: root bus resource [mem 0x00000000-0x3fffffffffff]
[61867.339219] pci_bus 0001:10: root bus resource [bus 00-ff]
[61867.339224] pci 0001:10:00.0: [0c51:0110] type 00 class 0x010802 PCIe Endpoint
[61867.339227] pci 0001:10:00.0: BAR 0 [mem 0x300000000-0x300003fff 64bit]
[61867.339228] pci 0001:10:00.0: enabling Extended Tags
[61867.339334] NVMeVirt: Virtual PCI bus created (node 0)
[61867.339538] NVMeVirt: nvmev_io_worker_0 started on cpu 4 (node 0)
[61867.339708] NVMeVirt: nvmev_io_worker_1 started on cpu 5 (node 0)
[61867.339720] NVMeVirt: nvmev_dispatcher started on cpu 3 (node 0)
[61867.339792] nvme nvme1: pci function 0001:10:00.0
[61867.343393] nvme nvme1: 1/0/0 default/read/poll queues
[61867.345323] NVMeVirt: Virtual NVMe device created
[61873.371237] KSC2026-MARK map8k_bs128k_r1 fio-start 1791437635751570081
[61879.069441] NVMeVirt: KSC2026: first GC part=0 victim line=38 vpc=924 ipc=100 free_lines=2 host_pgs=389120
[61879.069487] NVMeVirt: KSC2026: first GC part=1 victim line=38 vpc=924 ipc=100 free_lines=2 host_pgs=389120
[61879.069530] NVMeVirt: KSC2026: first GC part=2 victim line=38 vpc=924 ipc=100 free_lines=2 host_pgs=389120
[61879.069572] NVMeVirt: KSC2026: first GC part=3 victim line=38 vpc=924 ipc=100 free_lines=2 host_pgs=389120
[61933.671640] KSC2026-MARK map8k_bs128k_r1 fio-end
[61933.675579] KSC2026-MARK map8k_bs128k_r1 rmmod 1791437696057168942
[61933.739311] pci_bus 0001:10: busn_res: [bus 10-ff] is released
[61933.739516] NVMeVirt: KSC2026: stats part=0 host_pgs=955112 gc_pgs=2373900 gc_cnt=2870 free_lines=2
[61933.739518] NVMeVirt: KSC2026: stats part=1 host_pgs=955112 gc_pgs=2373900 gc_cnt=2870 free_lines=2
[61933.739519] NVMeVirt: KSC2026: stats part=2 host_pgs=955112 gc_pgs=2373900 gc_cnt=2870 free_lines=2
[61933.739520] NVMeVirt: KSC2026: stats part=3 host_pgs=955112 gc_pgs=2373900 gc_cnt=2870 free_lines=2
[61933.780735] NVMeVirt: Virtual NVMe device closed
