[2026-10-08 11:33:58] experiment=seq3x3_20261008 variant=merge maps=[4k 16k 32k] bss=[4k 16k 32k] reps=1 cache_modes=[nodrop] only_bs_lt_map=0
[2026-10-08 11:33:58] fio: libaio seqwrite iodepth=32 runtime=60s ramp_time=0s log=500ms; insmod memmap_start=12G memmap_size=12G cpus=3,4,5
[2026-10-08 11:33:58] block layer: nomerges=2
[2026-10-08 11:33:58] 9 runs, about 10 min
[2026-10-08 11:33:58] === [1/9] variant=merge cache=nodrop map=4k bs=4k rep=1 ===
    -> 2090.0 MiB/s, 535048 IOPS, clat mean 58.9 us
[2026-10-08 11:35:08] === [2/9] variant=merge cache=nodrop map=4k bs=16k rep=1 ===
    -> 2232.6 MiB/s, 142885 IOPS, clat mean 222.5 us
[2026-10-08 11:36:18] === [3/9] variant=merge cache=nodrop map=4k bs=32k rep=1 ===
    -> 2232.8 MiB/s, 71449 IOPS, clat mean 446.0 us
[2026-10-08 11:37:29] === [4/9] variant=merge cache=nodrop map=16k bs=4k rep=1 ===
    -> 2089.9 MiB/s, 535018 IOPS, clat mean 58.9 us
[2026-10-08 11:38:39] === [5/9] variant=merge cache=nodrop map=16k bs=16k rep=1 ===
    -> 2232.6 MiB/s, 142886 IOPS, clat mean 222.5 us
[2026-10-08 11:39:50] === [6/9] variant=merge cache=nodrop map=16k bs=32k rep=1 ===
    -> 2232.6 MiB/s, 71444 IOPS, clat mean 446.0 us
[2026-10-08 11:41:00] === [7/9] variant=merge cache=nodrop map=32k bs=4k rep=1 ===
    -> 2095.3 MiB/s, 536406 IOPS, clat mean 58.7 us
[2026-10-08 11:42:10] === [8/9] variant=merge cache=nodrop map=32k bs=16k rep=1 ===
    -> 2232.3 MiB/s, 142866 IOPS, clat mean 222.5 us
[2026-10-08 11:43:21] === [9/9] variant=merge cache=nodrop map=32k bs=32k rep=1 ===
    -> 2232.3 MiB/s, 71433 IOPS, clat mean 446.1 us
environment snapshot -> /home/dccearth/jsw/nvmevirt/exp/results/seq3x3_20261008/env_after_merge
[2026-10-08 11:44:31] finished: /home/dccearth/jsw/nvmevirt/exp/results/seq3x3_20261008/merge
[2026-10-08 11:55:05] experiment=seq3x3_20261008 variant=merge maps=[4k 16k 32k] bss=[4k 16k 32k] reps=2 cache_modes=[nodrop] only_bs_lt_map=0
[2026-10-08 11:55:05] fio: libaio seqwrite iodepth=32 runtime=60s ramp_time=0s log=500ms; insmod memmap_start=12G memmap_size=12G cpus=3,4,5
[2026-10-08 11:55:05] block layer: nomerges=2
[2026-10-08 11:55:05] 18 runs, about 21 min
[2026-10-08 11:55:05] skip (already done): map4k_bs4k_r1
[2026-10-08 11:55:05] skip (already done): map4k_bs16k_r1
[2026-10-08 11:55:05] skip (already done): map4k_bs32k_r1
[2026-10-08 11:55:05] skip (already done): map16k_bs4k_r1
[2026-10-08 11:55:05] skip (already done): map16k_bs16k_r1
[2026-10-08 11:55:05] skip (already done): map16k_bs32k_r1
[2026-10-08 11:55:05] skip (already done): map32k_bs4k_r1
[2026-10-08 11:55:05] skip (already done): map32k_bs16k_r1
[2026-10-08 11:55:05] skip (already done): map32k_bs32k_r1
[2026-10-08 11:55:05] === [1/18] variant=merge cache=nodrop map=4k bs=4k rep=2 ===
    -> 2083.6 MiB/s, 533396 IOPS, clat mean 59.0 us
[2026-10-08 11:56:15] === [2/18] variant=merge cache=nodrop map=4k bs=16k rep=2 ===
    -> 2232.7 MiB/s, 142895 IOPS, clat mean 222.5 us
[2026-10-08 11:57:26] === [3/18] variant=merge cache=nodrop map=4k bs=32k rep=2 ===
    -> 2232.8 MiB/s, 71448 IOPS, clat mean 446.0 us
[2026-10-08 11:58:36] === [4/18] variant=merge cache=nodrop map=16k bs=4k rep=2 ===
    -> 2092.9 MiB/s, 535788 IOPS, clat mean 58.8 us
[2026-10-08 11:59:46] === [5/18] variant=merge cache=nodrop map=16k bs=16k rep=2 ===
    -> 2232.5 MiB/s, 142880 IOPS, clat mean 222.5 us
[2026-10-08 12:00:57] === [6/18] variant=merge cache=nodrop map=16k bs=32k rep=2 ===
    -> 2232.5 MiB/s, 71440 IOPS, clat mean 446.0 us
[2026-10-08 12:02:07] === [7/18] variant=merge cache=nodrop map=32k bs=4k rep=2 ===
    -> 2094.8 MiB/s, 536262 IOPS, clat mean 58.7 us
[2026-10-08 12:03:17] === [8/18] variant=merge cache=nodrop map=32k bs=16k rep=2 ===
    -> 2232.2 MiB/s, 142861 IOPS, clat mean 222.6 us
[2026-10-08 12:04:28] === [9/18] variant=merge cache=nodrop map=32k bs=32k rep=2 ===
    -> 2232.2 MiB/s, 71431 IOPS, clat mean 446.1 us
environment snapshot -> /home/dccearth/jsw/nvmevirt/exp/results/seq3x3_20261008/env_after_merge
[2026-10-08 12:05:38] finished: /home/dccearth/jsw/nvmevirt/exp/results/seq3x3_20261008/merge
[2026-10-08 12:16:12] experiment=seq3x3_20261008 variant=merge maps=[4k 16k 32k] bss=[4k 16k 32k] reps=3 cache_modes=[nodrop] only_bs_lt_map=0
[2026-10-08 12:16:12] fio: libaio seqwrite iodepth=32 runtime=60s ramp_time=0s log=500ms; insmod memmap_start=12G memmap_size=12G cpus=3,4,5
[2026-10-08 12:16:12] block layer: nomerges=2
[2026-10-08 12:16:12] 27 runs, about 32 min
[2026-10-08 12:16:12] skip (already done): map4k_bs4k_r1
[2026-10-08 12:16:12] skip (already done): map4k_bs16k_r1
[2026-10-08 12:16:12] skip (already done): map4k_bs32k_r1
[2026-10-08 12:16:12] skip (already done): map16k_bs4k_r1
[2026-10-08 12:16:12] skip (already done): map16k_bs16k_r1
[2026-10-08 12:16:12] skip (already done): map16k_bs32k_r1
[2026-10-08 12:16:12] skip (already done): map32k_bs4k_r1
[2026-10-08 12:16:12] skip (already done): map32k_bs16k_r1
[2026-10-08 12:16:12] skip (already done): map32k_bs32k_r1
[2026-10-08 12:16:12] skip (already done): map4k_bs4k_r2
[2026-10-08 12:16:12] skip (already done): map4k_bs16k_r2
[2026-10-08 12:16:12] skip (already done): map4k_bs32k_r2
[2026-10-08 12:16:12] skip (already done): map16k_bs4k_r2
[2026-10-08 12:16:12] skip (already done): map16k_bs16k_r2
[2026-10-08 12:16:12] skip (already done): map16k_bs32k_r2
[2026-10-08 12:16:12] skip (already done): map32k_bs4k_r2
[2026-10-08 12:16:12] skip (already done): map32k_bs16k_r2
[2026-10-08 12:16:12] skip (already done): map32k_bs32k_r2
[2026-10-08 12:16:12] === [1/27] variant=merge cache=nodrop map=4k bs=4k rep=3 ===
    -> 2086.4 MiB/s, 534116 IOPS, clat mean 59.0 us
[2026-10-08 12:17:22] === [2/27] variant=merge cache=nodrop map=4k bs=16k rep=3 ===
    -> 2232.7 MiB/s, 142893 IOPS, clat mean 222.5 us
[2026-10-08 12:18:33] === [3/27] variant=merge cache=nodrop map=4k bs=32k rep=3 ===
    -> 2232.7 MiB/s, 71448 IOPS, clat mean 446.0 us
[2026-10-08 12:19:43] === [4/27] variant=merge cache=nodrop map=16k bs=4k rep=3 ===
    -> 2100.3 MiB/s, 537667 IOPS, clat mean 58.6 us
[2026-10-08 12:20:53] === [5/27] variant=merge cache=nodrop map=16k bs=16k rep=3 ===
    -> 2232.6 MiB/s, 142885 IOPS, clat mean 222.5 us
[2026-10-08 12:22:04] === [6/27] variant=merge cache=nodrop map=16k bs=32k rep=3 ===
    -> 2232.6 MiB/s, 71443 IOPS, clat mean 446.0 us
[2026-10-08 12:23:14] === [7/27] variant=merge cache=nodrop map=32k bs=4k rep=3 ===
    -> 2093.7 MiB/s, 535997 IOPS, clat mean 58.7 us
[2026-10-08 12:24:24] === [8/27] variant=merge cache=nodrop map=32k bs=16k rep=3 ===
    -> 2232.3 MiB/s, 142864 IOPS, clat mean 222.5 us
[2026-10-08 12:25:35] === [9/27] variant=merge cache=nodrop map=32k bs=32k rep=3 ===
    -> 2232.3 MiB/s, 71433 IOPS, clat mean 446.1 us
environment snapshot -> /home/dccearth/jsw/nvmevirt/exp/results/seq3x3_20261008/env_after_merge
[2026-10-08 12:26:45] finished: /home/dccearth/jsw/nvmevirt/exp/results/seq3x3_20261008/merge
