500, 227013, 1, 0, 0
1000, 226766, 1, 0, 0
1500, 227826, 1, 0, 0
2000, 227883, 1, 0, 0
2500, 227544, 1, 0, 0
3000, 226833, 1, 0, 0
3500, 227760, 1, 0, 0
4000, 226089, 1, 0, 0
4500, 228187, 1, 0, 0
5000, 226754, 1, 0, 0
5500, 226577, 1, 0, 0
6016, 1586583, 1, 0, 0
6510, 3856920, 1, 0, 0
7002, 3757445, 1, 0, 0
7512, 3618363, 1, 0, 0
8004, 3435787, 1, 0, 0
8516, 3202563, 1, 0, 0
9008, 3023998, 1, 0, 0
9500, 2898890, 1, 0, 0
10006, 2699588, 1, 0, 0
10500, 2618309, 1, 0, 0
11005, 2447721, 1, 0, 0
11516, 2326822, 1, 0, 0
12005, 2183799, 1, 0, 0
12501, 2440324, 1, 0, 0
13016, 2523339, 1, 0, 0
13503, 2562783, 1, 0, 0
14006, 2711906, 1, 0, 0
14505, 2786322, 1, 0, 0
15009, 2575665, 1, 0, 0
15512, 2529926, 1, 0, 0
16015, 2461134, 1, 0, 0
16500, 2341434, 1, 0, 0
17000, 2505969, 1, 0, 0
17515, 3047290, 1, 0, 0
18016, 2287398, 1, 0, 0
18504, 2607073, 1, 0, 0
19000, 2437843, 1, 0, 0
19506, 2030963, 1, 0, 0
20012, 2624287, 1, 0, 0
20513, 2226410, 1, 0, 0
21009, 2212602, 1, 0, 0
21511, 2155003, 1, 0, 0
22001, 3017704, 1, 0, 0
22509, 1967442, 1, 0, 0
23008, 2105424, 1, 0, 0
23509, 2016293, 1, 0, 0
24002, 2143955, 1, 0, 0
24512, 2688502, 1, 0, 0
25007, 2474423, 1, 0, 0
25514, 2657630, 1, 0, 0
26015, 1893020, 1, 0, 0
26510, 1903741, 1, 0, 0
27003, 1960324, 1, 0, 0
27504, 2652113, 1, 0, 0
28004, 2140655, 1, 0, 0
28506, 2017773, 1, 0, 0
29006, 1972572, 1, 0, 0
29500, 2199864, 1, 0, 0
30007, 2143521, 1, 0, 0
30500, 2644801, 1, 0, 0
31000, 2272748, 1, 0, 0
31507, 2539630, 1, 0, 0
32005, 1557363, 1, 0, 0
32511, 1932542, 1, 0, 0
33000, 2030898, 1, 0, 0
33500, 2424403, 1, 0, 0
34002, 1801698, 1, 0, 0
34500, 1404411, 1, 0, 0
35000, 2167143, 1, 0, 0
35506, 1914986, 1, 0, 0
36008, 1435245, 1, 0, 0
36509, 1564522, 1, 0, 0
37000, 1654391, 1, 0, 0
37504, 1586057, 1, 0, 0
38004, 1375963, 1, 0, 0
38506, 1678124, 1, 0, 0
39000, 1333007, 1, 0, 0
39500, 1166007, 1, 0, 0
40007, 1117575, 1, 0, 0
40506, 1514405, 1, 0, 0
41000, 1122213, 1, 0, 0
41500, 1005815, 1, 0, 0
42004, 889029, 1, 0, 0
42502, 1054162, 1, 0, 0
43000, 969894, 1, 0, 0
43505, 829573, 1, 0, 0
44004, 698349, 1, 0, 0
44502, 493862, 1, 0, 0
45009, 256706, 1, 0, 0
45501, 3924406, 1, 0, 0
46012, 3938776, 1, 0, 0
46505, 3610658, 1, 0, 0
47016, 3423379, 1, 0, 0
47507, 3378789, 1, 0, 0
48000, 3138276, 1, 0, 0
48503, 3133746, 1, 0, 0
49014, 2784702, 1, 0, 0
49500, 2793200, 1, 0, 0
50009, 2546275, 1, 0, 0
50509, 2638810, 1, 0, 0
51000, 2256503, 1, 0, 0
51507, 2673930, 1, 0, 0
52009, 2763113, 1, 0, 0
52506, 2458156, 1, 0, 0
53014, 2500652, 1, 0, 0
53505, 2453310, 1, 0, 0
54013, 2533161, 1, 0, 0
54500, 2533759, 1, 0, 0
55012, 2720332, 1, 0, 0
55515, 3083319, 1, 0, 0
56013, 2577796, 1, 0, 0
56511, 3152078, 1, 0, 0
57000, 2658351, 1, 0, 0
57507, 2089154, 1, 0, 0
58010, 2727684, 1, 0, 0
58505, 2409766, 1, 0, 0
59004, 2318797, 1, 0, 0
59502, 2328187, 1, 0, 0
60000, 2969421, 1, 0, 0
60000, 437603, 1, 0, 0
