500, 140816, 1, 0, 0
1000, 141012, 1, 0, 0
1500, 140326, 1, 0, 0
2000, 140300, 1, 0, 0
2500, 140496, 1, 0, 0
3000, 140932, 1, 0, 0
3500, 140372, 1, 0, 0
4000, 141400, 1, 0, 0
4500, 140112, 1, 0, 0
5000, 140964, 1, 0, 0
5500, 141116, 1, 0, 0
6000, 19896, 1, 0, 0
6500, 8184, 1, 0, 0
7000, 8416, 1, 0, 0
7500, 9024, 1, 0, 0
8000, 9152, 1, 0, 0
8500, 10240, 1, 0, 0
9000, 10400, 1, 0, 0
9500, 11244, 1, 0, 0
10000, 11612, 1, 0, 0
10500, 12528, 1, 0, 0
11000, 12728, 1, 0, 0
11500, 14016, 1, 0, 0
12000, 14328, 1, 0, 0
12500, 13040, 1, 0, 0
13000, 13024, 1, 0, 0
13500, 12176, 1, 0, 0
14000, 11872, 1, 0, 0
14500, 11472, 1, 0, 0
15000, 12512, 1, 0, 0
15500, 12728, 1, 0, 0
16000, 13064, 1, 0, 0
16500, 13440, 1, 0, 0
17000, 13184, 1, 0, 0
17500, 10318, 1, 0, 0
18000, 13984, 1, 0, 0
18501, 11992, 1, 0, 0
19000, 13470, 1, 0, 0
19500, 15428, 1, 0, 0
20000, 12352, 1, 0, 0
20500, 14400, 1, 0, 0
21000, 14344, 1, 0, 0
21500, 14904, 1, 0, 0
22000, 10424, 1, 0, 0
22500, 16488, 1, 0, 0
23000, 15152, 1, 0, 0
23500, 15904, 1, 0, 0
24000, 14720, 1, 0, 0
24500, 12152, 1, 0, 0
25000, 12800, 1, 0, 0
25500, 12200, 1, 0, 0
26000, 16912, 1, 0, 0
26500, 16704, 1, 0, 0
27000, 16024, 1, 0, 0
27500, 12128, 1, 0, 0
28000, 14989, 1, 0, 0
28500, 15920, 1, 0, 0
29000, 16192, 1, 0, 0
29500, 14832, 1, 0, 0
30000, 14696, 1, 0, 0
30500, 12172, 1, 0, 0
31000, 13800, 1, 0, 0
31500, 12772, 1, 0, 0
32000, 20432, 1, 0, 0
32500, 16784, 1, 0, 0
33000, 15848, 1, 0, 0
33500, 13312, 1, 0, 0
34000, 17200, 1, 0, 0
34500, 23424, 1, 0, 0
35000, 14352, 1, 0, 0
35500, 16864, 1, 0, 0
36000, 22376, 1, 0, 0
36500, 20448, 1, 0, 0
37000, 19784, 1, 0, 0
37500, 19592, 1, 0, 0
38000, 23232, 1, 0, 0
38500, 19182, 1, 0, 0
39000, 24328, 1, 0, 0
39500, 27476, 1, 0, 0
40000, 28292, 1, 0, 0
40500, 21104, 1, 0, 0
41000, 28784, 1, 0, 0
41500, 31216, 1, 0, 0
42000, 36224, 1, 0, 0
42500, 30328, 1, 0, 0
43000, 32908, 1, 0, 0
43500, 39012, 1, 0, 0
44000, 45824, 1, 0, 0
44500, 65048, 1, 0, 0
45000, 122840, 1, 0, 0
45500, 8024, 1, 0, 0
46000, 8296, 1, 0, 0
46500, 8736, 1, 0, 0
47000, 9560, 1, 0, 0
47500, 9304, 1, 0, 0
48000, 10408, 1, 0, 0
48500, 9912, 1, 0, 0
49000, 11744, 1, 0, 0
49500, 11196, 1, 0, 0
50001, 12764, 1, 0, 0
50500, 12136, 1, 0, 0
51000, 13888, 1, 0, 0
51500, 12152, 1, 0, 0
52000, 11656, 1, 0, 0
52500, 12920, 1, 0, 0
53000, 12984, 1, 0, 0
53500, 12808, 1, 0, 0
54000, 12816, 1, 0, 0
54500, 12740, 1, 0, 0
55000, 11660, 1, 0, 0
55500, 10448, 1, 0, 0
56000, 12344, 1, 0, 0
56500, 10112, 1, 0, 0
57000, 11784, 1, 0, 0
57500, 15536, 1, 0, 0
58000, 11784, 1, 0, 0
58500, 13184, 1, 0, 0
59000, 13744, 1, 0, 0
59500, 13672, 1, 0, 0
