500, 1215, 1, 0, 0
1000, 1206, 1, 0, 0
1500, 1213, 1, 0, 0
2000, 1227, 1, 0, 0
2500, 1242, 1, 0, 0
3000, 1207, 1, 0, 0
3500, 1207, 1, 0, 0
4000, 1209, 1, 0, 0
4500, 1216, 1, 0, 0
5000, 1201, 1, 0, 0
5500, 1208, 1, 0, 0
6016, 1222, 1, 0, 0
6510, 1227, 1, 0, 0
7002, 1212, 1, 0, 0
7512, 1226, 1, 0, 0
8004, 1223, 1, 0, 0
8516, 1212, 1, 0, 0
9008, 1205, 1, 0, 0
9500, 1214, 1, 0, 0
10006, 1201, 1, 0, 0
10500, 1211, 1, 0, 0
11005, 1203, 1, 0, 0
11516, 1203, 1, 0, 0
12005, 1216, 1, 0, 0
12501, 1214, 1, 0, 0
13016, 1214, 1, 0, 0
13503, 1210, 1, 0, 0
14006, 1242, 1, 0, 0
14505, 1216, 1, 0, 0
15009, 1208, 1, 0, 0
15512, 1216, 1, 0, 0
16015, 1210, 1, 0, 0
16500, 1215, 1, 0, 0
17000, 1215, 1, 0, 0
17515, 1272, 1, 0, 0
18016, 1227, 1, 0, 0
18504, 1208, 1, 0, 0
19000, 1215, 1, 0, 0
19506, 1221, 1, 0, 0
20012, 1224, 1, 0, 0
20513, 1209, 1, 0, 0
21009, 1206, 1, 0, 0
21511, 1268, 1, 0, 0
22001, 1220, 1, 0, 0
22509, 1213, 1, 0, 0
23008, 1208, 1, 0, 0
23509, 1210, 1, 0, 0
24002, 1263, 1, 0, 0
24512, 1213, 1, 0, 0
25007, 1215, 1, 0, 0
25514, 1213, 1, 0, 0
26015, 1233, 1, 0, 0
26510, 1210, 1, 0, 0
27003, 1214, 1, 0, 0
27504, 1225, 1, 0, 0
28004, 1244, 1, 0, 0
28506, 1204, 1, 0, 0
29006, 1211, 1, 0, 0
29500, 1204, 1, 0, 0
30007, 1214, 1, 0, 0
30500, 1216, 1, 0, 0
31000, 1207, 1, 0, 0
31507, 1213, 1, 0, 0
32005, 1208, 1, 0, 0
32511, 1214, 1, 0, 0
33000, 1226, 1, 0, 0
33500, 1208, 1, 0, 0
34002, 1324, 1, 0, 0
34500, 1222, 1, 0, 0
35000, 1224, 1, 0, 0
35506, 1221, 1, 0, 0
36008, 1209, 1, 0, 0
36509, 1213, 1, 0, 0
37000, 1238, 1, 0, 0
37504, 1211, 1, 0, 0
38004, 1223, 1, 0, 0
38506, 1213, 1, 0, 0
39000, 1220, 1, 0, 0
39500, 1210, 1, 0, 0
40007, 1244, 1, 0, 0
40506, 1202, 1, 0, 0
41000, 1204, 1, 0, 0
41500, 1213, 1, 0, 0
42004, 1205, 1, 0, 0
42502, 1208, 1, 0, 0
43000, 1207, 1, 0, 0
43505, 1208, 1, 0, 0
44004, 1205, 1, 0, 0
44502, 1199, 1, 0, 0
45009, 1215, 1, 0, 0
45501, 1240, 1, 0, 0
46012, 1222, 1, 0, 0
46505, 1216, 1, 0, 0
47016, 1218, 1, 0, 0
47507, 1222, 1, 0, 0
48000, 1221, 1, 0, 0
48503, 1217, 1, 0, 0
49014, 1254, 1, 0, 0
49500, 1217, 1, 0, 0
50009, 1215, 1, 0, 0
50509, 1208, 1, 0, 0
51000, 1205, 1, 0, 0
51507, 1206, 1, 0, 0
52009, 1215, 1, 0, 0
52506, 1213, 1, 0, 0
53014, 1232, 1, 0, 0
53505, 1213, 1, 0, 0
54013, 1215, 1, 0, 0
54500, 1206, 1, 0, 0
55012, 1220, 1, 0, 0
55515, 1214, 1, 0, 0
56013, 1209, 1, 0, 0
56511, 1207, 1, 0, 0
57000, 1212, 1, 0, 0
57507, 1198, 1, 0, 0
58010, 1223, 1, 0, 0
58505, 1205, 1, 0, 0
59004, 1217, 1, 0, 0
59502, 1211, 1, 0, 0
60000, 1318, 1, 0, 0
