500, 2253056, 1, 0, 0
1000, 2256224, 1, 0, 0
1500, 2245216, 1, 0, 0
2000, 2244800, 1, 0, 0
2500, 2247936, 1, 0, 0
3000, 2254912, 1, 0, 0
3500, 2245952, 1, 0, 0
4000, 2262400, 1, 0, 0
4500, 2241792, 1, 0, 0
5000, 2255424, 1, 0, 0
5500, 2257856, 1, 0, 0
6000, 318336, 1, 0, 0
6500, 130944, 1, 0, 0
7000, 134669, 1, 0, 0
7500, 144384, 1, 0, 0
8000, 146432, 1, 0, 0
8500, 163840, 1, 0, 0
9000, 166400, 1, 0, 0
9500, 179904, 1, 0, 0
10000, 185792, 1, 0, 0
10500, 200448, 1, 0, 0
11000, 203648, 1, 0, 0
11500, 224256, 1, 0, 0
12000, 229248, 1, 0, 0
12500, 208640, 1, 0, 0
13000, 208384, 1, 0, 0
13500, 194816, 1, 0, 0
14000, 189952, 1, 0, 0
14500, 183552, 1, 0, 0
15000, 200192, 1, 0, 0
15500, 203648, 1, 0, 0
16000, 209024, 1, 0, 0
16500, 215040, 1, 0, 0
17000, 210976, 1, 0, 0
17500, 165088, 1, 0, 0
18000, 223744, 1, 0, 0
18501, 191872, 1, 0, 0
19000, 215535, 1, 0, 0
19500, 246848, 1, 0, 0
20000, 197632, 1, 0, 0
20500, 230400, 1, 0, 0
21000, 229504, 1, 0, 0
21500, 238464, 1, 0, 0
22000, 166784, 1, 0, 0
22500, 263808, 1, 0, 0
23000, 242432, 1, 0, 0
23500, 254464, 1, 0, 0
24000, 235520, 1, 0, 0
24500, 194432, 1, 0, 0
25000, 204800, 1, 0, 0
25500, 195200, 1, 0, 0
26000, 270592, 1, 0, 0
26500, 267264, 1, 0, 0
27000, 256384, 1, 0, 0
27500, 194048, 1, 0, 0
28000, 239839, 1, 0, 0
28500, 254720, 1, 0, 0
29000, 259072, 1, 0, 0
29500, 237312, 1, 0, 0
30000, 235136, 1, 0, 0
30500, 194752, 1, 0, 0
31000, 220800, 1, 0, 0
31500, 204352, 1, 0, 0
32000, 326912, 1, 0, 0
32500, 268544, 1, 0, 0
33000, 253568, 1, 0, 0
33500, 212992, 1, 0, 0
34000, 275200, 1, 0, 0
34500, 374784, 1, 0, 0
35000, 229632, 1, 0, 0
35500, 269824, 1, 0, 0
36000, 358016, 1, 0, 0
36500, 327168, 1, 0, 0
37000, 316544, 1, 0, 0
37500, 313472, 1, 0, 0
38000, 371712, 1, 0, 0
38500, 306917, 1, 0, 0
39000, 389248, 1, 0, 0
39500, 439616, 1, 0, 0
40000, 452672, 1, 0, 0
40500, 337664, 1, 0, 0
41000, 460544, 1, 0, 0
41500, 499456, 1, 0, 0
42000, 579584, 1, 0, 0
42500, 485248, 1, 0, 0
43000, 526528, 1, 0, 0
43500, 624192, 1, 0, 0
44000, 733184, 1, 0, 0
44500, 1040768, 1, 0, 0
45000, 1965440, 1, 0, 0
45500, 128384, 1, 0, 0
46000, 132736, 1, 0, 0
46500, 139776, 1, 0, 0
47000, 152960, 1, 0, 0
47500, 148864, 1, 0, 0
48000, 166528, 1, 0, 0
48500, 158592, 1, 0, 0
49000, 187904, 1, 0, 0
49500, 179136, 1, 0, 0
50001, 204224, 1, 0, 0
50500, 194180, 1, 0, 0
51000, 222208, 1, 0, 0
51500, 194432, 1, 0, 0
52000, 186496, 1, 0, 0
52500, 206720, 1, 0, 0
53000, 207744, 1, 0, 0
53500, 204928, 1, 0, 0
54000, 205056, 1, 0, 0
54500, 203840, 1, 0, 0
55000, 186560, 1, 0, 0
55500, 167168, 1, 0, 0
56000, 197504, 1, 0, 0
56500, 161792, 1, 0, 0
57000, 188544, 1, 0, 0
57500, 248576, 1, 0, 0
58000, 188544, 1, 0, 0
58500, 210944, 1, 0, 0
59000, 219904, 1, 0, 0
59500, 218752, 1, 0, 0
