500, 2290688, 1, 0, 0
1000, 2286976, 1, 0, 0
1500, 2286848, 1, 0, 0
2000, 2286813, 1, 0, 0
2500, 2286848, 1, 0, 0
3000, 2286848, 1, 0, 0
3500, 2286592, 1, 0, 0
4000, 2286720, 1, 0, 0
4500, 2286976, 1, 0, 0
5000, 2286848, 1, 0, 0
5500, 2109952, 1, 0, 0
6000, 145408, 1, 0, 0
6500, 144128, 1, 0, 0
7000, 151040, 1, 0, 0
7500, 156800, 1, 0, 0
8000, 162432, 1, 0, 0
8500, 169472, 1, 0, 0
9000, 187904, 1, 0, 0
9500, 196352, 1, 0, 0
10000, 198656, 1, 0, 0
10500, 216576, 1, 0, 0
11000, 225792, 1, 0, 0
11500, 235520, 1, 0, 0
12000, 242688, 1, 0, 0
12500, 237952, 1, 0, 0
13000, 214656, 1, 0, 0
13500, 217088, 1, 0, 0
14000, 220601, 1, 0, 0
14500, 215296, 1, 0, 0
15000, 229376, 1, 0, 0
15500, 231936, 1, 0, 0
16000, 228096, 1, 0, 0
16500, 241920, 1, 0, 0
17000, 244480, 1, 0, 0
17500, 244224, 1, 0, 0
18000, 240384, 1, 0, 0
18500, 253952, 1, 0, 0
19000, 259584, 1, 0, 0
19500, 264960, 1, 0, 0
20000, 260992, 1, 0, 0
20500, 273024, 1, 0, 0
21000, 275456, 1, 0, 0
21500, 274688, 1, 0, 0
22000, 277504, 1, 0, 0
22500, 277632, 1, 0, 0
23000, 287360, 1, 0, 0
23500, 293120, 1, 0, 0
24000, 301568, 1, 0, 0
24500, 304896, 1, 0, 0
25000, 315392, 1, 0, 0
25500, 317952, 1, 0, 0
26000, 316793, 1, 0, 0
26500, 327168, 1, 0, 0
27000, 333056, 1, 0, 0
27500, 347136, 1, 0, 0
28000, 359936, 1, 0, 0
28500, 367360, 1, 0, 0
29000, 377088, 1, 0, 0
29500, 390272, 1, 0, 0
30000, 411776, 1, 0, 0
30500, 408064, 1, 0, 0
31000, 422912, 1, 0, 0
31500, 442624, 1, 0, 0
32000, 476672, 1, 0, 0
32500, 488704, 1, 0, 0
33000, 520960, 1, 0, 0
33500, 549120, 1, 0, 0
34000, 582016, 1, 0, 0
34500, 632320, 1, 0, 0
35000, 713088, 1, 0, 0
35500, 764928, 1, 0, 0
36000, 915751, 1, 0, 0
36500, 1146624, 1, 0, 0
37000, 1829376, 1, 0, 0
37500, 1034752, 1, 0, 0
38000, 140288, 1, 0, 0
38500, 149760, 1, 0, 0
39000, 152064, 1, 0, 0
39500, 164864, 1, 0, 0
40000, 165632, 1, 0, 0
40500, 181760, 1, 0, 0
41000, 183552, 1, 0, 0
41500, 201984, 1, 0, 0
42000, 203392, 1, 0, 0
42500, 222336, 1, 0, 0
43000, 229888, 1, 0, 0
43500, 235136, 1, 0, 0
44000, 234112, 1, 0, 0
44500, 229632, 1, 0, 0
45000, 216704, 1, 0, 0
45500, 207488, 1, 0, 0
46000, 219904, 1, 0, 0
46500, 227072, 1, 0, 0
47000, 227014, 1, 0, 0
47500, 235776, 1, 0, 0
48000, 241664, 1, 0, 0
48500, 236288, 1, 0, 0
49000, 251392, 1, 0, 0
49500, 251392, 1, 0, 0
50000, 253824, 1, 0, 0
50500, 245888, 1, 0, 0
51000, 259840, 1, 0, 0
51500, 261632, 1, 0, 0
52000, 267264, 1, 0, 0
52500, 268032, 1, 0, 0
53000, 263936, 1, 0, 0
53500, 274944, 1, 0, 0
54000, 283392, 1, 0, 0
54500, 290304, 1, 0, 0
55000, 291584, 1, 0, 0
55500, 289024, 1, 0, 0
56000, 299264, 1, 0, 0
56500, 303872, 1, 0, 0
57000, 310272, 1, 0, 0
57500, 318976, 1, 0, 0
58000, 324488, 1, 0, 0
58500, 331776, 1, 0, 0
59000, 340224, 1, 0, 0
59500, 352000, 1, 0, 0
60000, 357632, 1, 0, 0
