500, 2560, 1, 0, 0
1000, 2549, 1, 0, 0
1500, 2549, 1, 0, 0
2000, 2566, 1, 0, 0
2500, 2561, 1, 0, 0
3000, 2555, 1, 0, 0
3500, 2548, 1, 0, 0
4000, 2551, 1, 0, 0
4500, 2555, 1, 0, 0
5000, 2563, 1, 0, 0
5516, 2562, 1, 0, 0
6007, 2613, 1, 0, 0
6500, 2626, 1, 0, 0
7008, 2624, 1, 0, 0
7500, 2607, 1, 0, 0
8011, 2647, 1, 0, 0
8500, 2635, 1, 0, 0
9009, 2636, 1, 0, 0
9515, 2635, 1, 0, 0
10005, 2623, 1, 0, 0
10512, 2598, 1, 0, 0
11000, 2614, 1, 0, 0
11505, 2623, 1, 0, 0
12012, 2613, 1, 0, 0
12500, 2591, 1, 0, 0
13005, 2613, 1, 0, 0
13511, 2623, 1, 0, 0
14017, 2624, 1, 0, 0
14502, 2640, 1, 0, 0
15006, 2631, 1, 0, 0
15513, 2606, 1, 0, 0
16000, 2617, 1, 0, 0
16504, 2588, 1, 0, 0
17009, 2597, 1, 0, 0
17514, 2681, 1, 0, 0
18000, 2621, 1, 0, 0
18506, 2596, 1, 0, 0
19010, 2625, 1, 0, 0
19515, 2627, 1, 0, 0
20000, 2612, 1, 0, 0
20503, 2605, 1, 0, 0
21006, 2635, 1, 0, 0
21510, 2654, 1, 0, 0
22016, 2590, 1, 0, 0
22500, 2586, 1, 0, 0
23001, 2609, 1, 0, 0
23503, 2608, 1, 0, 0
24006, 2602, 1, 0, 0
24508, 2582, 1, 0, 0
25009, 2590, 1, 0, 0
25508, 2597, 1, 0, 0
26010, 2587, 1, 0, 0
26511, 2594, 1, 0, 0
27010, 2598, 1, 0, 0
27509, 2599, 1, 0, 0
28007, 2618, 1, 0, 0
28505, 2598, 1, 0, 0
29004, 2609, 1, 0, 0
29500, 2580, 1, 0, 0
30000, 2630, 1, 0, 0
30511, 2643, 1, 0, 0
31005, 2597, 1, 0, 0
31500, 2594, 1, 0, 0
32010, 2658, 1, 0, 0
32500, 2604, 1, 0, 0
33007, 2621, 1, 0, 0
33500, 2650, 1, 0, 0
34000, 2598, 1, 0, 0
34500, 2643, 1, 0, 0
35011, 2608, 1, 0, 0
35502, 2604, 1, 0, 0
36001, 2594, 1, 0, 0
36500, 2577, 1, 0, 0
37000, 2584, 1, 0, 0
37512, 2591, 1, 0, 0
38005, 2610, 1, 0, 0
38515, 2610, 1, 0, 0
39006, 2640, 1, 0, 0
39515, 2609, 1, 0, 0
40006, 2626, 1, 0, 0
40516, 2614, 1, 0, 0
41005, 2605, 1, 0, 0
41513, 2585, 1, 0, 0
42000, 2593, 1, 0, 0
42506, 2600, 1, 0, 0
43013, 2578, 1, 0, 0
43500, 2588, 1, 0, 0
44003, 2623, 1, 0, 0
44511, 2636, 1, 0, 0
45000, 2658, 1, 0, 0
45505, 3588, 1, 0, 0
46010, 2609, 1, 0, 0
46500, 2671, 1, 0, 0
47002, 2695, 1, 0, 0
47508, 2649, 1, 0, 0
48013, 2688, 1, 0, 0
48502, 2613, 1, 0, 0
49006, 2618, 1, 0, 0
49512, 2624, 1, 0, 0
50000, 2614, 1, 0, 0
50502, 2588, 1, 0, 0
51007, 2626, 1, 0, 0
51511, 2599, 1, 0, 0
52013, 2590, 1, 0, 0
52500, 2593, 1, 0, 0
53003, 2660, 1, 0, 0
53506, 3600, 1, 0, 0
54009, 2617, 1, 0, 0
54513, 2621, 1, 0, 0
55016, 2624, 1, 0, 0
55500, 2662, 1, 0, 0
56002, 2600, 1, 0, 0
56503, 2657, 1, 0, 0
57007, 2704, 1, 0, 0
57507, 2593, 1, 0, 0
58008, 2635, 1, 0, 0
58508, 2737, 1, 0, 0
59008, 2627, 1, 0, 0
59506, 2643, 1, 0, 0
60003, 2610, 1, 0, 0
