500, 891850, 1, 0, 0
1000, 892879, 1, 0, 0
1500, 892878, 1, 0, 0
2000, 892856, 1, 0, 0
2500, 892861, 1, 0, 0
3000, 892866, 1, 0, 0
3500, 892876, 1, 0, 0
4000, 892873, 1, 0, 0
4500, 892867, 1, 0, 0
5000, 892853, 1, 0, 0
5516, 964227, 1, 0, 0
6007, 13838043, 1, 0, 0
6500, 14306575, 1, 0, 0
7008, 13501487, 1, 0, 0
7500, 13361140, 1, 0, 0
8011, 12395110, 1, 0, 0
8500, 11840889, 1, 0, 0
9009, 11082848, 1, 0, 0
9515, 10564777, 1, 0, 0
10005, 10081037, 1, 0, 0
10512, 9596703, 1, 0, 0
11000, 9037651, 1, 0, 0
11505, 8612096, 1, 0, 0
12012, 8550180, 1, 0, 0
12500, 8600087, 1, 0, 0
13005, 9384448, 1, 0, 0
13511, 9542165, 1, 0, 0
14017, 9411861, 1, 0, 0
14502, 9246126, 1, 0, 0
15006, 8989216, 1, 0, 0
15513, 8951046, 1, 0, 0
16000, 8738327, 1, 0, 0
16504, 8535773, 1, 0, 0
17009, 8455819, 1, 0, 0
17514, 8472604, 1, 0, 0
18000, 8281163, 1, 0, 0
18506, 8155080, 1, 0, 0
19010, 7956214, 1, 0, 0
19515, 7792383, 1, 0, 0
20000, 7655027, 1, 0, 0
20503, 7494582, 1, 0, 0
21006, 7483934, 1, 0, 0
21510, 7513766, 1, 0, 0
22016, 7467700, 1, 0, 0
22500, 7203631, 1, 0, 0
23001, 7074448, 1, 0, 0
23503, 7026032, 1, 0, 0
24006, 6824994, 1, 0, 0
24508, 6743238, 1, 0, 0
25009, 6497280, 1, 0, 0
25508, 6434294, 1, 0, 0
26010, 6501528, 1, 0, 0
26511, 6267847, 1, 0, 0
27010, 6138297, 1, 0, 0
27509, 5883078, 1, 0, 0
28007, 5662082, 1, 0, 0
28505, 5560883, 1, 0, 0
29004, 5406430, 1, 0, 0
29500, 5227698, 1, 0, 0
30000, 5114637, 1, 0, 0
30511, 4968846, 1, 0, 0
31005, 4779563, 1, 0, 0
31500, 4651719, 1, 0, 0
32010, 4311044, 1, 0, 0
32500, 4159605, 1, 0, 0
33007, 3938316, 1, 0, 0
33500, 3778476, 1, 0, 0
34000, 3535699, 1, 0, 0
34500, 3170093, 1, 0, 0
35011, 2912917, 1, 0, 0
35502, 2627142, 1, 0, 0
36001, 2239834, 1, 0, 0
36500, 1813693, 1, 0, 0
37000, 1116799, 1, 0, 0
37512, 1957149, 1, 0, 0
38005, 14386278, 1, 0, 0
38515, 13953877, 1, 0, 0
39006, 13202485, 1, 0, 0
39515, 12666564, 1, 0, 0
40006, 12140903, 1, 0, 0
40516, 11478420, 1, 0, 0
41005, 10919871, 1, 0, 0
41513, 10285435, 1, 0, 0
42000, 9846480, 1, 0, 0
42506, 9291546, 1, 0, 0
43013, 9030142, 1, 0, 0
43500, 8858682, 1, 0, 0
44003, 8433737, 1, 0, 0
44511, 9047922, 1, 0, 0
45000, 9681318, 1, 0, 0
45505, 9521515, 1, 0, 0
46010, 9401112, 1, 0, 0
46500, 9176199, 1, 0, 0
47002, 8729714, 1, 0, 0
47508, 8788332, 1, 0, 0
48013, 8568145, 1, 0, 0
48502, 8452122, 1, 0, 0
49006, 8225576, 1, 0, 0
49512, 8242886, 1, 0, 0
50000, 8132984, 1, 0, 0
50502, 8080418, 1, 0, 0
51007, 7950980, 1, 0, 0
51511, 7895982, 1, 0, 0
52013, 7700100, 1, 0, 0
52500, 7735168, 1, 0, 0
53003, 7504741, 1, 0, 0
53506, 7489869, 1, 0, 0
54009, 7268646, 1, 0, 0
54513, 7102551, 1, 0, 0
55016, 7061692, 1, 0, 0
55500, 6892126, 1, 0, 0
56002, 6828507, 1, 0, 0
56503, 6768296, 1, 0, 0
57007, 6645552, 1, 0, 0
57507, 6414441, 1, 0, 0
58008, 6325770, 1, 0, 0
58508, 6177111, 1, 0, 0
59008, 6018309, 1, 0, 0
59506, 5791443, 1, 0, 0
60002, 5687598, 1, 0, 0
60003, 17187057, 1, 0, 0
