500, 114240, 1, 0, 0
1000, 114671, 1, 0, 0
1500, 113956, 1, 0, 0
2000, 114218, 1, 0, 0
2500, 114163, 1, 0, 0
3000, 114659, 1, 0, 0
3500, 114238, 1, 0, 0
4000, 114447, 1, 0, 0
4500, 114396, 1, 0, 0
5000, 114562, 1, 0, 0
5500, 114118, 1, 0, 0
6014, 526804, 1, 0, 0
6507, 1945325, 1, 0, 0
7000, 1873798, 1, 0, 0
7505, 1869633, 1, 0, 0
8011, 1798015, 1, 0, 0
8514, 1752836, 1, 0, 0
9001, 1563607, 1, 0, 0
9500, 1721670, 1, 0, 0
10015, 1560481, 1, 0, 0
10515, 1455223, 1, 0, 0
11008, 1521377, 1, 0, 0
11502, 1382891, 1, 0, 0
12013, 1387124, 1, 0, 0
12502, 1378417, 1, 0, 0
13002, 1406584, 1, 0, 0
13500, 1469323, 1, 0, 0
14013, 1371095, 1, 0, 0
14512, 1402636, 1, 0, 0
15002, 1538700, 1, 0, 0
15502, 1620749, 1, 0, 0
16000, 1406203, 1, 0, 0
16503, 1468144, 1, 0, 0
17008, 1436284, 1, 0, 0
17511, 1490968, 1, 0, 0
18000, 1393604, 1, 0, 0
18511, 1250047, 1, 0, 0
19001, 1524954, 1, 0, 0
19509, 1312687, 1, 0, 0
20011, 1425546, 1, 0, 0
20503, 1496421, 1, 0, 0
21000, 1422059, 1, 0, 0
21512, 1258614, 1, 0, 0
22012, 1384612, 1, 0, 0
22500, 1316364, 1, 0, 0
23013, 1384715, 1, 0, 0
23505, 1474205, 1, 0, 0
24000, 1494859, 1, 0, 0
24504, 1423686, 1, 0, 0
25014, 1377767, 1, 0, 0
25509, 1272950, 1, 0, 0
26008, 1280053, 1, 0, 0
26500, 1339897, 1, 0, 0
27000, 1192067, 1, 0, 0
27500, 1251000, 1, 0, 0
28000, 1162439, 1, 0, 0
28503, 1314637, 1, 0, 0
29010, 1240856, 1, 0, 0
29507, 1239721, 1, 0, 0
30010, 1293532, 1, 0, 0
30500, 1193142, 1, 0, 0
31002, 1315271, 1, 0, 0
31502, 1282709, 1, 0, 0
32005, 1278418, 1, 0, 0
32509, 1092625, 1, 0, 0
33010, 1127631, 1, 0, 0
33501, 1198813, 1, 0, 0
34000, 1239149, 1, 0, 0
34502, 1082593, 1, 0, 0
35009, 1241740, 1, 0, 0
35500, 1266068, 1, 0, 0
36000, 1172742, 1, 0, 0
36501, 1058808, 1, 0, 0
37012, 1077866, 1, 0, 0
37510, 1164029, 1, 0, 0
38009, 1144134, 1, 0, 0
38503, 1138626, 1, 0, 0
39005, 1100940, 1, 0, 0
39502, 1100408, 1, 0, 0
40000, 1059196, 1, 0, 0
40508, 1005714, 1, 0, 0
41010, 1003688, 1, 0, 0
41510, 1027154, 1, 0, 0
42001, 781067, 1, 0, 0
42504, 916122, 1, 0, 0
43000, 951483, 1, 0, 0
43502, 885901, 1, 0, 0
44008, 871039, 1, 0, 0
44500, 865759, 1, 0, 0
45003, 778047, 1, 0, 0
45504, 731395, 1, 0, 0
46000, 745900, 1, 0, 0
46505, 700046, 1, 0, 0
47000, 742876, 1, 0, 0
47500, 626746, 1, 0, 0
48000, 643188, 1, 0, 0
48505, 578890, 1, 0, 0
49002, 522268, 1, 0, 0
49501, 458344, 1, 0, 0
50000, 419524, 1, 0, 0
50500, 356915, 1, 0, 0
51000, 196041, 1, 0, 0
51500, 197014, 1, 0, 0
52013, 2003518, 1, 0, 0
52505, 1967911, 1, 0, 0
53015, 1895123, 1, 0, 0
53504, 1778106, 1, 0, 0
54012, 1712041, 1, 0, 0
54510, 1794401, 1, 0, 0
55007, 1750521, 1, 0, 0
55504, 1604259, 1, 0, 0
56007, 1495777, 1, 0, 0
56512, 1613308, 1, 0, 0
57004, 1504434, 1, 0, 0
57513, 1467205, 1, 0, 0
58006, 1327875, 1, 0, 0
58506, 1386707, 1, 0, 0
59005, 1479575, 1, 0, 0
59502, 1466153, 1, 0, 0
60007, 1497832, 1, 0, 0
60007, 15508758, 1, 0, 0
