500, 279640, 1, 0, 0
1000, 278548, 1, 0, 0
1500, 280290, 1, 0, 0
2000, 279670, 1, 0, 0
2500, 279758, 1, 0, 0
3000, 278548, 1, 0, 0
3500, 279618, 1, 0, 0
4000, 279080, 1, 0, 0
4500, 279212, 1, 0, 0
5000, 278794, 1, 0, 0
5500, 279876, 1, 0, 0
6000, 59962, 1, 0, 0
6500, 16224, 1, 0, 0
7000, 17228, 1, 0, 0
7500, 16916, 1, 0, 0
8000, 18048, 1, 0, 0
8500, 18392, 1, 0, 0
9000, 19880, 1, 0, 0
9500, 19174, 1, 0, 0
10000, 20432, 1, 0, 0
10500, 22048, 1, 0, 0
11000, 20744, 1, 0, 0
11500, 22808, 1, 0, 0
12000, 23624, 1, 0, 0
12500, 22704, 1, 0, 0
13000, 22760, 1, 0, 0
13500, 21752, 1, 0, 0
14000, 23872, 1, 0, 0
14500, 22712, 1, 0, 0
15000, 20464, 1, 0, 0
15500, 19712, 1, 0, 0
16000, 23312, 1, 0, 0
16500, 21288, 1, 0, 0
17000, 22520, 1, 0, 0
17500, 21624, 1, 0, 0
18000, 23170, 1, 0, 0
18500, 25238, 1, 0, 0
19000, 20656, 1, 0, 0
19500, 24712, 1, 0, 0
20000, 22592, 1, 0, 0
20500, 20952, 1, 0, 0
21000, 22544, 1, 0, 0
21500, 25928, 1, 0, 0
22000, 23176, 1, 0, 0
22500, 24360, 1, 0, 0
23000, 23048, 1, 0, 0
23500, 21408, 1, 0, 0
24000, 21832, 1, 0, 0
24500, 21971, 1, 0, 0
25000, 23656, 1, 0, 0
25500, 24872, 1, 0, 0
26000, 24968, 1, 0, 0
26500, 23448, 1, 0, 0
27000, 26864, 1, 0, 0
27500, 26312, 1, 0, 0
28000, 27520, 1, 0, 0
28500, 23856, 1, 0, 0
29000, 26144, 1, 0, 0
29500, 25584, 1, 0, 0
30000, 24952, 1, 0, 0
30500, 26296, 1, 0, 0
31000, 24360, 1, 0, 0
31500, 24944, 1, 0, 0
32000, 25264, 1, 0, 0
32500, 29488, 1, 0, 0
33000, 28512, 1, 0, 0
33500, 26168, 1, 0, 0
34000, 26504, 1, 0, 0
34500, 28736, 1, 0, 0
35000, 26208, 1, 0, 0
35500, 25680, 1, 0, 0
36000, 26376, 1, 0, 0
36500, 30200, 1, 0, 0
37000, 30288, 1, 0, 0
37500, 27400, 1, 0, 0
38000, 27912, 1, 0, 0
38500, 27896, 1, 0, 0
39000, 29082, 1, 0, 0
39500, 28928, 1, 0, 0
40000, 30488, 1, 0, 0
40500, 31944, 1, 0, 0
41000, 32000, 1, 0, 0
41500, 31152, 1, 0, 0
42000, 40304, 1, 0, 0
42500, 35256, 1, 0, 0
43000, 33368, 1, 0, 0
43500, 36096, 1, 0, 0
44000, 37176, 1, 0, 0
44500, 37280, 1, 0, 0
45000, 40328, 1, 0, 0
45500, 44160, 1, 0, 0
46000, 43288, 1, 0, 0
46500, 45072, 1, 0, 0
47000, 43728, 1, 0, 0
47500, 51176, 1, 0, 0
48000, 48464, 1, 0, 0
48500, 56000, 1, 0, 0
49000, 60872, 1, 0, 0
49500, 69944, 1, 0, 0
50000, 77288, 1, 0, 0
50500, 89552, 1, 0, 0
51000, 163256, 1, 0, 0
51500, 156456, 1, 0, 0
52000, 16360, 1, 0, 0
52500, 16032, 1, 0, 0
53000, 17218, 1, 0, 0
53500, 17632, 1, 0, 0
54000, 18976, 1, 0, 0
54500, 17864, 1, 0, 0
55000, 18088, 1, 0, 0
55500, 19840, 1, 0, 0
56000, 21512, 1, 0, 0
56500, 20096, 1, 0, 0
57000, 20968, 1, 0, 0
57500, 22104, 1, 0, 0
58000, 23792, 1, 0, 0
58500, 23168, 1, 0, 0
59000, 21496, 1, 0, 0
59500, 21640, 1, 0, 0
60000, 21592, 1, 0, 0
