500, 999, 1, 0, 0
1000, 994, 1, 0, 0
1500, 995, 1, 0, 0
2000, 997, 1, 0, 0
2500, 991, 1, 0, 0
3000, 991, 1, 0, 0
3500, 992, 1, 0, 0
4000, 993, 1, 0, 0
4500, 990, 1, 0, 0
5000, 991, 1, 0, 0
5500, 990, 1, 0, 0
6014, 1013, 1, 0, 0
6507, 1025, 1, 0, 0
7000, 1005, 1, 0, 0
7505, 1029, 1, 0, 0
8011, 1021, 1, 0, 0
8514, 1025, 1, 0, 0
9001, 1037, 1, 0, 0
9500, 1039, 1, 0, 0
10015, 1017, 1, 0, 0
10515, 1018, 1, 0, 0
11008, 1023, 1, 0, 0
11502, 1009, 1, 0, 0
12013, 1025, 1, 0, 0
12502, 1013, 1, 0, 0
13002, 1027, 1, 0, 0
13500, 1023, 1, 0, 0
14013, 1022, 1, 0, 0
14512, 1014, 1, 0, 0
15002, 1026, 1, 0, 0
15502, 1026, 1, 0, 0
16000, 1020, 1, 0, 0
16503, 1014, 1, 0, 0
17008, 1016, 1, 0, 0
17511, 1021, 1, 0, 0
18000, 1017, 1, 0, 0
18511, 1009, 1, 0, 0
19001, 1016, 1, 0, 0
19509, 1010, 1, 0, 0
20011, 1015, 1, 0, 0
20503, 1016, 1, 0, 0
21000, 1024, 1, 0, 0
21512, 1015, 1, 0, 0
22012, 1028, 1, 0, 0
22500, 1020, 1, 0, 0
23013, 1027, 1, 0, 0
23505, 1029, 1, 0, 0
24000, 1028, 1, 0, 0
24504, 1019, 1, 0, 0
25014, 1023, 1, 0, 0
25509, 1023, 1, 0, 0
26008, 1029, 1, 0, 0
26500, 1018, 1, 0, 0
27000, 1018, 1, 0, 0
27500, 1015, 1, 0, 0
28000, 1022, 1, 0, 0
28503, 1019, 1, 0, 0
29010, 1021, 1, 0, 0
29507, 1027, 1, 0, 0
30010, 1034, 1, 0, 0
30500, 1021, 1, 0, 0
31002, 1026, 1, 0, 0
31502, 1015, 1, 0, 0
32005, 1024, 1, 0, 0
32509, 1014, 1, 0, 0
33010, 1016, 1, 0, 0
33501, 1021, 1, 0, 0
34000, 1027, 1, 0, 0
34502, 1014, 1, 0, 0
35009, 1020, 1, 0, 0
35500, 1015, 1, 0, 0
36000, 1019, 1, 0, 0
36501, 1018, 1, 0, 0
37012, 1011, 1, 0, 0
37510, 1017, 1, 0, 0
38009, 1016, 1, 0, 0
38503, 1014, 1, 0, 0
39005, 1024, 1, 0, 0
39502, 1022, 1, 0, 0
40000, 1021, 1, 0, 0
40508, 1020, 1, 0, 0
41010, 1014, 1, 0, 0
41510, 1009, 1, 0, 0
42001, 1014, 1, 0, 0
42504, 1018, 1, 0, 0
43000, 1026, 1, 0, 0
43502, 1021, 1, 0, 0
44008, 1014, 1, 0, 0
44500, 1013, 1, 0, 0
45003, 1014, 1, 0, 0
45504, 1010, 1, 0, 0
46000, 1024, 1, 0, 0
46505, 1009, 1, 0, 0
47000, 1016, 1, 0, 0
47500, 1005, 1, 0, 0
48000, 1012, 1, 0, 0
48505, 1008, 1, 0, 0
49002, 1006, 1, 0, 0
49501, 1002, 1, 0, 0
50000, 1005, 1, 0, 0
50500, 1006, 1, 0, 0
51000, 1001, 1, 0, 0
51500, 998, 1, 0, 0
52013, 1026, 1, 0, 0
52505, 1046, 1, 0, 0
53015, 1028, 1, 0, 0
53504, 1028, 1, 0, 0
54012, 1021, 1, 0, 0
54510, 1022, 1, 0, 0
55007, 1028, 1, 0, 0
55504, 1022, 1, 0, 0
56007, 1017, 1, 0, 0
56512, 1029, 1, 0, 0
57004, 1023, 1, 0, 0
57513, 1030, 1, 0, 0
58006, 1020, 1, 0, 0
58506, 1031, 1, 0, 0
59005, 1030, 1, 0, 0
59502, 1032, 1, 0, 0
60007, 1025, 1, 0, 0
