500, 2237120, 1, 0, 0
1000, 2228464, 1, 0, 0
1500, 2242320, 1, 0, 0
2000, 2237360, 1, 0, 0
2500, 2238064, 1, 0, 0
3000, 2228384, 1, 0, 0
3500, 2236944, 1, 0, 0
4000, 2232640, 1, 0, 0
4500, 2233696, 1, 0, 0
5000, 2230352, 1, 0, 0
5500, 2239008, 1, 0, 0
6000, 479712, 1, 0, 0
6500, 129792, 1, 0, 0
7000, 137824, 1, 0, 0
7500, 135328, 1, 0, 0
8000, 144384, 1, 0, 0
8500, 147136, 1, 0, 0
9000, 159040, 1, 0, 0
9500, 153394, 1, 0, 0
10000, 163456, 1, 0, 0
10500, 176384, 1, 0, 0
11000, 165952, 1, 0, 0
11500, 182464, 1, 0, 0
12000, 188992, 1, 0, 0
12500, 181632, 1, 0, 0
13000, 182080, 1, 0, 0
13500, 174016, 1, 0, 0
14000, 190976, 1, 0, 0
14500, 181696, 1, 0, 0
15000, 163712, 1, 0, 0
15500, 157696, 1, 0, 0
16000, 186496, 1, 0, 0
16500, 170304, 1, 0, 0
17000, 180160, 1, 0, 0
17500, 172992, 1, 0, 0
18000, 185360, 1, 0, 0
18500, 201904, 1, 0, 0
19000, 165248, 1, 0, 0
19500, 197696, 1, 0, 0
20000, 180736, 1, 0, 0
20500, 167616, 1, 0, 0
21000, 180352, 1, 0, 0
21500, 207424, 1, 0, 0
22000, 185408, 1, 0, 0
22500, 194880, 1, 0, 0
23000, 184384, 1, 0, 0
23500, 171264, 1, 0, 0
24000, 174656, 1, 0, 0
24500, 175775, 1, 0, 0
25000, 189248, 1, 0, 0
25500, 198976, 1, 0, 0
26000, 199744, 1, 0, 0
26500, 187584, 1, 0, 0
27000, 214912, 1, 0, 0
27500, 210496, 1, 0, 0
28000, 220160, 1, 0, 0
28500, 190848, 1, 0, 0
29000, 209152, 1, 0, 0
29500, 204672, 1, 0, 0
30000, 199616, 1, 0, 0
30500, 210368, 1, 0, 0
31000, 194880, 1, 0, 0
31500, 199552, 1, 0, 0
32000, 202112, 1, 0, 0
32500, 235904, 1, 0, 0
33000, 228096, 1, 0, 0
33500, 209344, 1, 0, 0
34000, 212032, 1, 0, 0
34500, 229888, 1, 0, 0
35000, 209664, 1, 0, 0
35500, 205440, 1, 0, 0
36000, 211008, 1, 0, 0
36500, 241600, 1, 0, 0
37000, 242304, 1, 0, 0
37500, 219200, 1, 0, 0
38000, 223296, 1, 0, 0
38500, 223168, 1, 0, 0
39000, 232657, 1, 0, 0
39500, 231424, 1, 0, 0
40000, 243904, 1, 0, 0
40500, 255552, 1, 0, 0
41000, 256000, 1, 0, 0
41500, 249216, 1, 0, 0
42000, 322432, 1, 0, 0
42500, 282048, 1, 0, 0
43000, 266944, 1, 0, 0
43500, 288768, 1, 0, 0
44000, 297408, 1, 0, 0
44500, 298240, 1, 0, 0
45000, 322624, 1, 0, 0
45500, 353280, 1, 0, 0
46000, 346304, 1, 0, 0
46500, 360576, 1, 0, 0
47000, 349824, 1, 0, 0
47500, 409408, 1, 0, 0
48000, 387712, 1, 0, 0
48500, 448000, 1, 0, 0
49000, 486976, 1, 0, 0
49500, 559552, 1, 0, 0
50000, 618304, 1, 0, 0
50500, 716416, 1, 0, 0
51000, 1306048, 1, 0, 0
51500, 1251648, 1, 0, 0
52000, 130880, 1, 0, 0
52500, 128256, 1, 0, 0
53000, 137747, 1, 0, 0
53500, 141056, 1, 0, 0
54000, 151808, 1, 0, 0
54500, 142912, 1, 0, 0
55000, 144704, 1, 0, 0
55500, 158720, 1, 0, 0
56000, 172096, 1, 0, 0
56500, 160768, 1, 0, 0
57000, 167744, 1, 0, 0
57500, 176832, 1, 0, 0
58000, 190336, 1, 0, 0
58500, 185344, 1, 0, 0
59000, 171968, 1, 0, 0
59500, 173120, 1, 0, 0
60000, 172736, 1, 0, 0
