500, 113241, 1, 0, 0
1000, 113677, 1, 0, 0
1500, 112961, 1, 0, 0
2000, 113221, 1, 0, 0
2500, 113172, 1, 0, 0
3000, 113668, 1, 0, 0
3500, 113246, 1, 0, 0
4000, 113453, 1, 0, 0
4500, 113406, 1, 0, 0
5000, 113571, 1, 0, 0
5500, 113127, 1, 0, 0
6014, 525791, 1, 0, 0
6507, 1944301, 1, 0, 0
7000, 1872793, 1, 0, 0
7505, 1868604, 1, 0, 0
8011, 1796994, 1, 0, 0
8514, 1751811, 1, 0, 0
9001, 1562573, 1, 0, 0
9500, 1720628, 1, 0, 0
10015, 1559464, 1, 0, 0
10515, 1454206, 1, 0, 0
11008, 1520354, 1, 0, 0
11502, 1381882, 1, 0, 0
12013, 1386099, 1, 0, 0
12502, 1377404, 1, 0, 0
13002, 1405556, 1, 0, 0
13500, 1468300, 1, 0, 0
14013, 1370074, 1, 0, 0
14512, 1401621, 1, 0, 0
15002, 1537674, 1, 0, 0
15502, 1619723, 1, 0, 0
16000, 1405182, 1, 0, 0
16503, 1467131, 1, 0, 0
17008, 1435267, 1, 0, 0
17511, 1489947, 1, 0, 0
18000, 1392587, 1, 0, 0
18511, 1249037, 1, 0, 0
19001, 1523939, 1, 0, 0
19509, 1311677, 1, 0, 0
20011, 1424530, 1, 0, 0
20503, 1495405, 1, 0, 0
21000, 1421035, 1, 0, 0
21512, 1257600, 1, 0, 0
22012, 1383584, 1, 0, 0
22500, 1315343, 1, 0, 0
23013, 1383688, 1, 0, 0
23505, 1473177, 1, 0, 0
24000, 1493831, 1, 0, 0
24504, 1422667, 1, 0, 0
25014, 1376744, 1, 0, 0
25509, 1271927, 1, 0, 0
26008, 1279024, 1, 0, 0
26500, 1338879, 1, 0, 0
27000, 1191048, 1, 0, 0
27500, 1249985, 1, 0, 0
28000, 1161417, 1, 0, 0
28503, 1313618, 1, 0, 0
29010, 1239834, 1, 0, 0
29507, 1238693, 1, 0, 0
30010, 1292498, 1, 0, 0
30500, 1192121, 1, 0, 0
31002, 1314246, 1, 0, 0
31502, 1281694, 1, 0, 0
32005, 1277394, 1, 0, 0
32509, 1091611, 1, 0, 0
33010, 1126616, 1, 0, 0
33501, 1197791, 1, 0, 0
34000, 1238122, 1, 0, 0
34502, 1081579, 1, 0, 0
35009, 1240721, 1, 0, 0
35500, 1265054, 1, 0, 0
36000, 1171723, 1, 0, 0
36501, 1057790, 1, 0, 0
37012, 1076855, 1, 0, 0
37510, 1163012, 1, 0, 0
38009, 1143118, 1, 0, 0
38503, 1137612, 1, 0, 0
39005, 1099916, 1, 0, 0
39502, 1099386, 1, 0, 0
40000, 1058175, 1, 0, 0
40508, 1004693, 1, 0, 0
41010, 1002675, 1, 0, 0
41510, 1026145, 1, 0, 0
42001, 780053, 1, 0, 0
42504, 915105, 1, 0, 0
43000, 950457, 1, 0, 0
43502, 884880, 1, 0, 0
44008, 870025, 1, 0, 0
44500, 864746, 1, 0, 0
45003, 777033, 1, 0, 0
45504, 730384, 1, 0, 0
46000, 744876, 1, 0, 0
46505, 699037, 1, 0, 0
47000, 741860, 1, 0, 0
47500, 625741, 1, 0, 0
48000, 642177, 1, 0, 0
48505, 577882, 1, 0, 0
49002, 521262, 1, 0, 0
49501, 457342, 1, 0, 0
50000, 418518, 1, 0, 0
50500, 355909, 1, 0, 0
51000, 195040, 1, 0, 0
51500, 196016, 1, 0, 0
52013, 2002492, 1, 0, 0
52505, 1966865, 1, 0, 0
53015, 1894095, 1, 0, 0
53504, 1777078, 1, 0, 0
54012, 1711020, 1, 0, 0
54510, 1793378, 1, 0, 0
55007, 1749493, 1, 0, 0
55504, 1603237, 1, 0, 0
56007, 1494759, 1, 0, 0
56512, 1612279, 1, 0, 0
57004, 1503412, 1, 0, 0
57513, 1466175, 1, 0, 0
58006, 1326856, 1, 0, 0
58506, 1385677, 1, 0, 0
59005, 1478545, 1, 0, 0
59502, 1465120, 1, 0, 0
60007, 1496806, 1, 0, 0
60007, 15507725, 1, 0, 0
