500, 71488, 1, 0, 0
1000, 71456, 1, 0, 0
1500, 71462, 1, 0, 0
2000, 71464, 1, 0, 0
2500, 71464, 1, 0, 0
3000, 71466, 1, 0, 0
3500, 71456, 1, 0, 0
4000, 71458, 1, 0, 0
4500, 71466, 1, 0, 0
5000, 71462, 1, 0, 0
5500, 66014, 1, 0, 0
6000, 4256, 1, 0, 0
6500, 4208, 1, 0, 0
7000, 4560, 1, 0, 0
7500, 4632, 1, 0, 0
8000, 5040, 1, 0, 0
8500, 5152, 1, 0, 0
9000, 5656, 1, 0, 0
9500, 5736, 1, 0, 0
10000, 6312, 1, 0, 0
10500, 6424, 1, 0, 0
11000, 7080, 1, 0, 0
11501, 7128, 1, 0, 0
12000, 7671, 1, 0, 0
12500, 7352, 1, 0, 0
13000, 6856, 1, 0, 0
13500, 6472, 1, 0, 0
14000, 6824, 1, 0, 0
14500, 6928, 1, 0, 0
15000, 6808, 1, 0, 0
15500, 7240, 1, 0, 0
16000, 7152, 1, 0, 0
16500, 7480, 1, 0, 0
17000, 7656, 1, 0, 0
17500, 7432, 1, 0, 0
18000, 7816, 1, 0, 0
18500, 7796, 1, 0, 0
19000, 7812, 1, 0, 0
19500, 8048, 1, 0, 0
20000, 7974, 1, 0, 0
20500, 8234, 1, 0, 0
21000, 8384, 1, 0, 0
21500, 8418, 1, 0, 0
22000, 8510, 1, 0, 0
22500, 8976, 1, 0, 0
23000, 8976, 1, 0, 0
23500, 8760, 1, 0, 0
24000, 9368, 1, 0, 0
24500, 9440, 1, 0, 0
25000, 9494, 1, 0, 0
25500, 9418, 1, 0, 0
26000, 9976, 1, 0, 0
26500, 10212, 1, 0, 0
27000, 10400, 1, 0, 0
27500, 10578, 1, 0, 0
28000, 10606, 1, 0, 0
28500, 11280, 1, 0, 0
29000, 11576, 1, 0, 0
29500, 11744, 1, 0, 0
30000, 12024, 1, 0, 0
30500, 12656, 1, 0, 0
31000, 12960, 1, 0, 0
31500, 13256, 1, 0, 0
32000, 13952, 1, 0, 0
32500, 14464, 1, 0, 0
33000, 15870, 1, 0, 0
33500, 16042, 1, 0, 0
34000, 16840, 1, 0, 0
34500, 18648, 1, 0, 0
35000, 19976, 1, 0, 0
35500, 21828, 1, 0, 0
36000, 24658, 1, 0, 0
36500, 28602, 1, 0, 0
37000, 35920, 1, 0, 0
37500, 58524, 1, 0, 0
38000, 25468, 1, 0, 0
38500, 4072, 1, 0, 0
39000, 4256, 1, 0, 0
39500, 4672, 1, 0, 0
40000, 4728, 1, 0, 0
40500, 5200, 1, 0, 0
41000, 5264, 1, 0, 0
41500, 5832, 1, 0, 0
42000, 5936, 1, 0, 0
42500, 6520, 1, 0, 0
43000, 6584, 1, 0, 0
43500, 7248, 1, 0, 0
44000, 7320, 1, 0, 0
44500, 7752, 1, 0, 0
45000, 7064, 1, 0, 0
45500, 6344, 1, 0, 0
46000, 6744, 1, 0, 0
46500, 6656, 1, 0, 0
47000, 7152, 1, 0, 0
47500, 7100, 1, 0, 0
48000, 7476, 1, 0, 0
48500, 7520, 1, 0, 0
49000, 7408, 1, 0, 0
49500, 7776, 1, 0, 0
50001, 7630, 1, 0, 0
50500, 7873, 1, 0, 0
51000, 7928, 1, 0, 0
51500, 7680, 1, 0, 0
52000, 8176, 1, 0, 0
52500, 8278, 1, 0, 0
53000, 8098, 1, 0, 0
53500, 8504, 1, 0, 0
54000, 8544, 1, 0, 0
54500, 8384, 1, 0, 0
55000, 8976, 1, 0, 0
55500, 8920, 1, 0, 0
56000, 8760, 1, 0, 0
56500, 9256, 1, 0, 0
57000, 9640, 1, 0, 0
57500, 9824, 1, 0, 0
58000, 9604, 1, 0, 0
58500, 10052, 1, 0, 0
59000, 10112, 1, 0, 0
59500, 10512, 1, 0, 0
60000, 10732, 1, 0, 0
