500, 1645, 1, 0, 0
1000, 1639, 1, 0, 0
1500, 1648, 1, 0, 0
2000, 1644, 1, 0, 0
2500, 1636, 1, 0, 0
3000, 1639, 1, 0, 0
3500, 1638, 1, 0, 0
4000, 1643, 1, 0, 0
4500, 1639, 1, 0, 0
5000, 1641, 1, 0, 0
5517, 1646, 1, 0, 0
6010, 1683, 1, 0, 0
6502, 1678, 1, 0, 0
7013, 1673, 1, 0, 0
7505, 1684, 1, 0, 0
8017, 1686, 1, 0, 0
8507, 1682, 1, 0, 0
9016, 1688, 1, 0, 0
9507, 1669, 1, 0, 0
10017, 1672, 1, 0, 0
10506, 1667, 1, 0, 0
11013, 1676, 1, 0, 0
11502, 1672, 1, 0, 0
12010, 1664, 1, 0, 0
12500, 1676, 1, 0, 0
13010, 1666, 1, 0, 0
13500, 1666, 1, 0, 0
14008, 1669, 1, 0, 0
14516, 1668, 1, 0, 0
15005, 1679, 1, 0, 0
15512, 1673, 1, 0, 0
16000, 1674, 1, 0, 0
16508, 1663, 1, 0, 0
17016, 1670, 1, 0, 0
17504, 1654, 1, 0, 0
18012, 1663, 1, 0, 0
18500, 1662, 1, 0, 0
19005, 1657, 1, 0, 0
19511, 1659, 1, 0, 0
20000, 1672, 1, 0, 0
20506, 1676, 1, 0, 0
21012, 1676, 1, 0, 0
21500, 1666, 1, 0, 0
22003, 1664, 1, 0, 0
22509, 1666, 1, 0, 0
23014, 1674, 1, 0, 0
23501, 1670, 1, 0, 0
24007, 1681, 1, 0, 0
24511, 1670, 1, 0, 0
25000, 1673, 1, 0, 0
25501, 1673, 1, 0, 0
26006, 1676, 1, 0, 0
26510, 1684, 1, 0, 0
27013, 1684, 1, 0, 0
27500, 1678, 1, 0, 0
28000, 1676, 1, 0, 0
28504, 1675, 1, 0, 0
29007, 1686, 1, 0, 0
29506, 1681, 1, 0, 0
30006, 1684, 1, 0, 0
30507, 1660, 1, 0, 0
31005, 1655, 1, 0, 0
31505, 1687, 1, 0, 0
32003, 1669, 1, 0, 0
32500, 1656, 1, 0, 0
33000, 1684, 1, 0, 0
33509, 1678, 1, 0, 0
34001, 1680, 1, 0, 0
34510, 1677, 1, 0, 0
35000, 1667, 1, 0, 0
35500, 1659, 1, 0, 0
36000, 1656, 1, 0, 0
36506, 1654, 1, 0, 0
37000, 1660, 1, 0, 0
37500, 1651, 1, 0, 0
38016, 1647, 1, 0, 0
38508, 1660, 1, 0, 0
39001, 1667, 1, 0, 0
39511, 1675, 1, 0, 0
40002, 1666, 1, 0, 0
40514, 1658, 1, 0, 0
41004, 1660, 1, 0, 0
41515, 1675, 1, 0, 0
42006, 1670, 1, 0, 0
42515, 1685, 1, 0, 0
43004, 1682, 1, 0, 0
43513, 1678, 1, 0, 0
44001, 1681, 1, 0, 0
44507, 1665, 1, 0, 0
45016, 1680, 1, 0, 0
45506, 1662, 1, 0, 0
46014, 1674, 1, 0, 0
46503, 1679, 1, 0, 0
47012, 1678, 1, 0, 0
47500, 1665, 1, 0, 0
48009, 1659, 1, 0, 0
48500, 1675, 1, 0, 0
49005, 1685, 1, 0, 0
49512, 1673, 1, 0, 0
50000, 1661, 1, 0, 0
50507, 1665, 1, 0, 0
51015, 1664, 1, 0, 0
51502, 1674, 1, 0, 0
52009, 1671, 1, 0, 0
52500, 1675, 1, 0, 0
53003, 1681, 1, 0, 0
53509, 1670, 1, 0, 0
54015, 1682, 1, 0, 0
54502, 1680, 1, 0, 0
55008, 1680, 1, 0, 0
55513, 1678, 1, 0, 0
56000, 1675, 1, 0, 0
56505, 1671, 1, 0, 0
57009, 1663, 1, 0, 0
57514, 1659, 1, 0, 0
58000, 1678, 1, 0, 0
58505, 1683, 1, 0, 0
59009, 1680, 1, 0, 0
59512, 1672, 1, 0, 0
60015, 1679, 1, 0, 0
