500, 445618, 1, 0, 0
1000, 445962, 1, 0, 0
1500, 445950, 1, 0, 0
2000, 445952, 1, 0, 0
2500, 445959, 1, 0, 0
3000, 445955, 1, 0, 0
3500, 445954, 1, 0, 0
4000, 445951, 1, 0, 0
4500, 445954, 1, 0, 0
5000, 445946, 1, 0, 0
5517, 482531, 1, 0, 0
6010, 7405517, 1, 0, 0
6502, 7489386, 1, 0, 0
7013, 7180291, 1, 0, 0
7505, 6781643, 1, 0, 0
8017, 6497814, 1, 0, 0
8507, 6090613, 1, 0, 0
9016, 5763892, 1, 0, 0
9507, 5478141, 1, 0, 0
10017, 5162482, 1, 0, 0
10506, 4870192, 1, 0, 0
11013, 4590118, 1, 0, 0
11502, 4386114, 1, 0, 0
12010, 4249645, 1, 0, 0
12500, 4254246, 1, 0, 0
13010, 4764322, 1, 0, 0
13500, 4837500, 1, 0, 0
14008, 4766855, 1, 0, 0
14516, 4692463, 1, 0, 0
15005, 4590803, 1, 0, 0
15512, 4480902, 1, 0, 0
16000, 4383261, 1, 0, 0
16508, 4328482, 1, 0, 0
17016, 4244676, 1, 0, 0
17504, 4202543, 1, 0, 0
18012, 4151733, 1, 0, 0
18500, 4172595, 1, 0, 0
19005, 3975586, 1, 0, 0
19511, 4021589, 1, 0, 0
20000, 3988371, 1, 0, 0
20506, 3867587, 1, 0, 0
21012, 3863639, 1, 0, 0
21500, 3868350, 1, 0, 0
22003, 3626617, 1, 0, 0
22509, 3607077, 1, 0, 0
23014, 3594906, 1, 0, 0
23501, 3559477, 1, 0, 0
24007, 3450477, 1, 0, 0
24511, 3418970, 1, 0, 0
25000, 3436839, 1, 0, 0
25501, 3259034, 1, 0, 0
26006, 3240537, 1, 0, 0
26510, 3161021, 1, 0, 0
27013, 3095236, 1, 0, 0
27500, 3035392, 1, 0, 0
28000, 2927805, 1, 0, 0
28504, 2855942, 1, 0, 0
29007, 2776352, 1, 0, 0
29506, 2722185, 1, 0, 0
30006, 2659804, 1, 0, 0
30507, 2530087, 1, 0, 0
31005, 2463077, 1, 0, 0
31505, 2409472, 1, 0, 0
32003, 2285158, 1, 0, 0
32500, 2197056, 1, 0, 0
33000, 2074910, 1, 0, 0
33509, 1972638, 1, 0, 0
34001, 1868407, 1, 0, 0
34510, 1746042, 1, 0, 0
35000, 1615487, 1, 0, 0
35500, 1442421, 1, 0, 0
36000, 1315469, 1, 0, 0
36506, 1105199, 1, 0, 0
37000, 897996, 1, 0, 0
37500, 544950, 1, 0, 0
38016, 1246493, 1, 0, 0
38508, 7748802, 1, 0, 0
39001, 7407838, 1, 0, 0
39511, 6985282, 1, 0, 0
40002, 6655916, 1, 0, 0
40514, 6291679, 1, 0, 0
41004, 5962667, 1, 0, 0
41515, 5604030, 1, 0, 0
42006, 5289035, 1, 0, 0
42515, 4995669, 1, 0, 0
43004, 4751970, 1, 0, 0
43513, 4491751, 1, 0, 0
44001, 4264372, 1, 0, 0
44507, 4182276, 1, 0, 0
45016, 4604356, 1, 0, 0
45506, 4938553, 1, 0, 0
46014, 4825910, 1, 0, 0
46503, 4699638, 1, 0, 0
47012, 4548308, 1, 0, 0
47500, 4405135, 1, 0, 0
48009, 4347327, 1, 0, 0
48500, 4366019, 1, 0, 0
49005, 4174867, 1, 0, 0
49512, 4167116, 1, 0, 0
50000, 4104853, 1, 0, 0
50507, 4120630, 1, 0, 0
51015, 4099192, 1, 0, 0
51502, 4055486, 1, 0, 0
52009, 3967371, 1, 0, 0
52500, 3915448, 1, 0, 0
53003, 3848782, 1, 0, 0
53509, 3804131, 1, 0, 0
54015, 3792697, 1, 0, 0
54502, 3715679, 1, 0, 0
55008, 3605906, 1, 0, 0
55513, 3623057, 1, 0, 0
56000, 3632285, 1, 0, 0
56505, 3413369, 1, 0, 0
57009, 3352477, 1, 0, 0
57514, 3285124, 1, 0, 0
58000, 3237006, 1, 0, 0
58505, 3210151, 1, 0, 0
59009, 3191856, 1, 0, 0
59512, 3062888, 1, 0, 0
60000, 2993451, 1, 0, 0
60015, 16210253, 1, 0, 0
