[2026-10-08 05:21:02] experiment=main_20261008 variant=base maps=[4k 8k 16k 32k 64k 128k] bss=[4k 8k 16k 32k 64k 128k] reps=3 only_bs_lt_map=0
[2026-10-08 05:21:02] fio: libaio randwrite iodepth=32 runtime=60s ramp_time=0s log=500ms; insmod memmap_start=12G memmap_size=12G cpus=3,4,5
[2026-10-08 05:21:02] 108 runs, about 131 min
environment snapshot -> /home/dccearth/jsw/KSC2026/nvmevirt/exp/results/main_20261008/env_before
[2026-10-08 05:21:02] === [1/108] variant=base map=4k bs=4k rep=1 ===
    -> 418.4 MiB/s, 107109 IOPS, clat mean 297.7 us
[2026-10-08 05:22:12] === [2/108] variant=base map=4k bs=8k rep=1 ===
    -> 433.6 MiB/s, 55500 IOPS, clat mean 575.4 us
[2026-10-08 05:23:21] === [3/108] variant=base map=4k bs=16k rep=1 ===
    -> 480.9 MiB/s, 30779 IOPS, clat mean 1038.2 us
[2026-10-08 05:24:31] === [4/108] variant=base map=4k bs=32k rep=1 ===
    -> 482.6 MiB/s, 15443 IOPS, clat mean 2070.2 us
[2026-10-08 05:25:41] === [5/108] variant=base map=4k bs=64k rep=1 ===
    -> 486.4 MiB/s, 7782 IOPS, clat mean 4109.2 us
[2026-10-08 05:26:50] === [6/108] variant=base map=4k bs=128k rep=1 ===
    -> 496.8 MiB/s, 3974 IOPS, clat mean 8047.2 us
[2026-10-08 05:28:00] === [7/108] variant=base map=8k bs=4k rep=1 ===
[2026-10-08 05:29:10] NOTE: 8242206 channel-model overflow messages (first 20 in kernel.log)
[2026-10-08 05:29:10] NOTE: 1 kernel warning line(s) — see /home/dccearth/jsw/KSC2026/nvmevirt/exp/results/main_20261008/base/map8k_bs4k_r1/kernel.log
    -> 266.4 MiB/s, 68197 IOPS, clat mean 467.3 us
[2026-10-08 05:29:10] === [8/108] variant=base map=8k bs=8k rep=1 ===
    -> 420.1 MiB/s, 53776 IOPS, clat mean 593.8 us
[2026-10-08 05:30:20] === [9/108] variant=base map=8k bs=16k rep=1 ===
    -> 440.1 MiB/s, 28165 IOPS, clat mean 1134.7 us
[2026-10-08 05:31:29] === [10/108] variant=base map=8k bs=32k rep=1 ===
    -> 482.2 MiB/s, 15432 IOPS, clat mean 2071.7 us
[2026-10-08 05:32:39] === [11/108] variant=base map=8k bs=64k rep=1 ===
    -> 486.4 MiB/s, 7782 IOPS, clat mean 4109.2 us
[2026-10-08 05:33:49] === [12/108] variant=base map=8k bs=128k rep=1 ===
    -> 497.4 MiB/s, 3979 IOPS, clat mean 8037.3 us
[2026-10-08 05:34:58] === [13/108] variant=base map=16k bs=4k rep=1 ===
[2026-10-08 05:36:09] NOTE: 6757590 channel-model overflow messages (first 20 in kernel.log)
    -> 167.9 MiB/s, 42970 IOPS, clat mean 742.8 us
[2026-10-08 05:36:09] === [14/108] variant=base map=16k bs=8k rep=1 ===
[2026-10-08 05:37:20] NOTE: 9087642 channel-model overflow messages (first 20 in kernel.log)
[2026-10-08 05:37:20] NOTE: 1 kernel warning line(s) — see /home/dccearth/jsw/KSC2026/nvmevirt/exp/results/main_20261008/base/map16k_bs8k_r1/kernel.log
    -> 272.8 MiB/s, 34917 IOPS, clat mean 914.4 us
[2026-10-08 05:37:20] === [15/108] variant=base map=16k bs=16k rep=1 ===
    -> 421.0 MiB/s, 26944 IOPS, clat mean 1186.2 us
[2026-10-08 05:38:29] === [16/108] variant=base map=16k bs=32k rep=1 ===
    -> 443.8 MiB/s, 14202 IOPS, clat mean 2251.2 us
[2026-10-08 05:39:39] === [17/108] variant=base map=16k bs=64k rep=1 ===
    -> 486.4 MiB/s, 7782 IOPS, clat mean 4109.1 us
[2026-10-08 05:40:48] === [18/108] variant=base map=16k bs=128k rep=1 ===
    -> 496.7 MiB/s, 3974 IOPS, clat mean 8047.7 us
[2026-10-08 05:41:58] === [19/108] variant=base map=32k bs=4k rep=1 ===
[2026-10-08 05:43:09] NOTE: 8233550 channel-model overflow messages (first 20 in kernel.log)
    -> 92.6 MiB/s, 23706 IOPS, clat mean 1347.7 us
[2026-10-08 05:43:09] === [20/108] variant=base map=32k bs=8k rep=1 ===
[2026-10-08 05:44:21] NOTE: 8786405 channel-model overflow messages (first 20 in kernel.log)
[2026-10-08 05:44:21] NOTE: 1 kernel warning line(s) — see /home/dccearth/jsw/KSC2026/nvmevirt/exp/results/main_20261008/base/map32k_bs8k_r1/kernel.log
    -> 174.0 MiB/s, 22272 IOPS, clat mean 1434.3 us
[2026-10-08 05:44:21] === [21/108] variant=base map=32k bs=16k rep=1 ===
[2026-10-08 05:46:57] ERROR: fio failed (exit 1) — see /home/dccearth/jsw/KSC2026/nvmevirt/exp/results/main_20261008/base/map32k_bs16k_r1
