500, 26786, 1, 0, 0
1000, 26796, 1, 0, 0
1500, 26792, 1, 0, 0
2000, 26738, 1, 0, 0
2500, 26782, 1, 0, 0
3000, 26786, 1, 0, 0
3500, 26816, 1, 0, 0
4000, 8824, 1, 0, 0
4500, 2096, 1, 0, 0
5000, 2166, 1, 0, 0
5500, 2158, 1, 0, 0
6000, 2194, 1, 0, 0
6500, 2438, 1, 0, 0
7000, 2484, 1, 0, 0
7500, 2646, 1, 0, 0
8000, 2654, 1, 0, 0
8500, 2698, 1, 0, 0
9000, 2598, 1, 0, 0
9500, 2628, 1, 0, 0
10000, 2768, 1, 0, 0
10500, 2704, 1, 0, 0
11000, 2867, 1, 0, 0
11500, 2886, 1, 0, 0
12000, 3034, 1, 0, 0
12500, 2986, 1, 0, 0
13000, 3166, 1, 0, 0
13500, 3156, 1, 0, 0
14000, 3232, 1, 0, 0
14500, 3362, 1, 0, 0
15000, 3370, 1, 0, 0
15500, 3476, 1, 0, 0
16000, 3580, 1, 0, 0
16500, 3552, 1, 0, 0
17000, 3764, 1, 0, 0
17500, 3846, 1, 0, 0
18000, 3994, 1, 0, 0
18500, 4118, 1, 0, 0
19000, 4244, 1, 0, 0
19500, 4370, 1, 0, 0
20000, 4718, 1, 0, 0
20500, 4732, 1, 0, 0
21000, 5406, 1, 0, 0
21500, 4890, 1, 0, 0
22000, 6236, 1, 0, 0
22500, 5496, 1, 0, 0
23000, 6358, 1, 0, 0
23501, 7608, 1, 0, 0
24000, 8783, 1, 0, 0
24500, 11358, 1, 0, 0
25000, 21328, 1, 0, 0
25500, 2316, 1, 0, 0
26000, 2040, 1, 0, 0
26500, 2072, 1, 0, 0
27000, 2244, 1, 0, 0
27500, 2316, 1, 0, 0
28000, 2432, 1, 0, 0
28500, 2498, 1, 0, 0
29000, 2592, 1, 0, 0
29500, 2658, 1, 0, 0
30000, 2762, 1, 0, 0
30500, 2708, 1, 0, 0
31000, 2756, 1, 0, 0
31500, 2776, 1, 0, 0
32000, 2756, 1, 0, 0
32500, 2964, 1, 0, 0
33000, 2920, 1, 0, 0
33500, 3008, 1, 0, 0
34000, 3092, 1, 0, 0
34500, 3188, 1, 0, 0
35000, 3088, 1, 0, 0
35500, 3184, 1, 0, 0
36000, 3300, 1, 0, 0
36500, 3466, 1, 0, 0
37000, 3514, 1, 0, 0
37500, 3654, 1, 0, 0
38000, 3616, 1, 0, 0
38500, 3836, 1, 0, 0
39000, 3994, 1, 0, 0
39500, 4186, 1, 0, 0
40000, 4064, 1, 0, 0
40500, 4434, 1, 0, 0
41000, 4566, 1, 0, 0
41500, 4612, 1, 0, 0
42000, 4766, 1, 0, 0
42500, 5422, 1, 0, 0
43000, 5296, 1, 0, 0
43500, 5946, 1, 0, 0
44000, 6024, 1, 0, 0
44500, 6572, 1, 0, 0
45000, 7674, 1, 0, 0
45500, 8592, 1, 0, 0
46000, 11766, 1, 0, 0
46500, 18530, 1, 0, 0
47000, 2076, 1, 0, 0
47500, 2024, 1, 0, 0
48000, 2140, 1, 0, 0
48500, 2248, 1, 0, 0
49000, 2292, 1, 0, 0
49500, 2450, 1, 0, 0
50000, 2472, 1, 0, 0
50500, 2571, 1, 0, 0
51000, 2732, 1, 0, 0
51500, 2648, 1, 0, 0
52000, 2828, 1, 0, 0
52500, 2702, 1, 0, 0
53000, 2708, 1, 0, 0
53500, 2870, 1, 0, 0
54000, 2848, 1, 0, 0
54500, 3016, 1, 0, 0
55000, 2924, 1, 0, 0
55500, 2894, 1, 0, 0
56000, 3098, 1, 0, 0
56500, 3082, 1, 0, 0
57000, 3194, 1, 0, 0
57500, 3248, 1, 0, 0
58000, 3298, 1, 0, 0
58500, 3444, 1, 0, 0
59000, 3604, 1, 0, 0
59500, 3680, 1, 0, 0
60000, 3632, 1, 0, 0
