500, 1193429, 1, 0, 0
1000, 1194068, 1, 0, 0
1500, 1194157, 1, 0, 0
2000, 1196734, 1, 0, 0
2500, 1194732, 1, 0, 0
3000, 1194489, 1, 0, 0
3500, 1193196, 1, 0, 0
4006, 3539916, 1, 0, 0
4508, 15483103, 1, 0, 0
5010, 14819191, 1, 0, 0
5507, 14797407, 1, 0, 0
6006, 14466186, 1, 0, 0
6506, 13197988, 1, 0, 0
7004, 12836029, 1, 0, 0
7504, 12088002, 1, 0, 0
8004, 12048178, 1, 0, 0
8500, 12036311, 1, 0, 0
9004, 12152487, 1, 0, 0
9502, 12081774, 1, 0, 0
10009, 11756658, 1, 0, 0
10503, 11702987, 1, 0, 0
11000, 11323743, 1, 0, 0
11503, 10930139, 1, 0, 0
12010, 10693944, 1, 0, 0
12500, 10455780, 1, 0, 0
13003, 10230062, 1, 0, 0
13508, 10226595, 1, 0, 0
14001, 9771385, 1, 0, 0
14504, 9553660, 1, 0, 0
15006, 9550756, 1, 0, 0
15508, 9242169, 1, 0, 0
16008, 8946166, 1, 0, 0
16506, 8975349, 1, 0, 0
17004, 8467544, 1, 0, 0
17502, 8291884, 1, 0, 0
18001, 7987071, 1, 0, 0
18506, 7857686, 1, 0, 0
19000, 7636334, 1, 0, 0
19504, 7207018, 1, 0, 0
20002, 6746936, 1, 0, 0
20500, 6823544, 1, 0, 0
21000, 5877041, 1, 0, 0
21500, 6529907, 1, 0, 0
22001, 5145733, 1, 0, 0
22507, 5889705, 1, 0, 0
23002, 5001552, 1, 0, 0
23503, 4208388, 1, 0, 0
24000, 3631342, 1, 0, 0
24500, 2849588, 1, 0, 0
25009, 1496035, 1, 0, 0
25506, 13703679, 1, 0, 0
26005, 15631533, 1, 0, 0
26503, 15439145, 1, 0, 0
27002, 14256095, 1, 0, 0
27500, 13760144, 1, 0, 0
28008, 13247770, 1, 0, 0
28507, 12896780, 1, 0, 0
29006, 12321355, 1, 0, 0
29500, 11931846, 1, 0, 0
30000, 11779300, 1, 0, 0
30505, 11691685, 1, 0, 0
31002, 11526249, 1, 0, 0
31508, 11691230, 1, 0, 0
32006, 11550177, 1, 0, 0
32500, 10682540, 1, 0, 0
33006, 11088484, 1, 0, 0
33500, 10547504, 1, 0, 0
34004, 10395211, 1, 0, 0
34500, 10082351, 1, 0, 0
35000, 10362303, 1, 0, 0
35500, 9945326, 1, 0, 0
36005, 9761081, 1, 0, 0
36500, 9230558, 1, 0, 0
37003, 9089707, 1, 0, 0
37504, 8781473, 1, 0, 0
38000, 8793849, 1, 0, 0
38500, 8399153, 1, 0, 0
39000, 8152668, 1, 0, 0
39500, 7606644, 1, 0, 0
40002, 7775031, 1, 0, 0
40500, 7177902, 1, 0, 0
41003, 7059447, 1, 0, 0
41500, 6998371, 1, 0, 0
42000, 6735373, 1, 0, 0
42502, 5812870, 1, 0, 0
43000, 6045571, 1, 0, 0
43501, 5392094, 1, 0, 0
44000, 5395485, 1, 0, 0
44500, 4834619, 1, 0, 0
45004, 4168767, 1, 0, 0
45500, 3711242, 1, 0, 0
46000, 2732418, 1, 0, 0
46501, 1692834, 1, 0, 0
47002, 15343283, 1, 0, 0
47503, 15981158, 1, 0, 0
48002, 14917197, 1, 0, 0
48504, 14362419, 1, 0, 0
49002, 13874997, 1, 0, 0
49509, 13140202, 1, 0, 0
50005, 12939275, 1, 0, 0
50501, 12362328, 1, 0, 0
51007, 11873143, 1, 0, 0
51502, 11957190, 1, 0, 0
52000, 11529889, 1, 0, 0
52505, 11688438, 1, 0, 0
53001, 11725351, 1, 0, 0
53510, 11342464, 1, 0, 0
54003, 11087387, 1, 0, 0
54510, 10750593, 1, 0, 0
55003, 10794138, 1, 0, 0
55503, 10993564, 1, 0, 0
56004, 10419948, 1, 0, 0
56507, 10444193, 1, 0, 0
57001, 9913816, 1, 0, 0
57504, 9882328, 1, 0, 0
58004, 9706574, 1, 0, 0
58505, 9322651, 1, 0, 0
59008, 8931836, 1, 0, 0
59509, 8700201, 1, 0, 0
60006, 8770765, 1, 0, 0
60008, 12317613, 1, 0, 0
