500, 4044, 1, 0, 0
1000, 4035, 1, 0, 0
1500, 4038, 1, 0, 0
2000, 4122, 1, 0, 0
2500, 4042, 1, 0, 0
3000, 4115, 1, 0, 0
3500, 4044, 1, 0, 0
4006, 4125, 1, 0, 0
4508, 4356, 1, 0, 0
5010, 4381, 1, 0, 0
5507, 4402, 1, 0, 0
6006, 4385, 1, 0, 0
6506, 4357, 1, 0, 0
7004, 5251, 1, 0, 0
7504, 4757, 1, 0, 0
8004, 4380, 1, 0, 0
8500, 4330, 1, 0, 0
9004, 4418, 1, 0, 0
9502, 4379, 1, 0, 0
10009, 4387, 1, 0, 0
10503, 4374, 1, 0, 0
11000, 4391, 1, 0, 0
11503, 4392, 1, 0, 0
12010, 4378, 1, 0, 0
12500, 4369, 1, 0, 0
13003, 4395, 1, 0, 0
13508, 4391, 1, 0, 0
14001, 4394, 1, 0, 0
14504, 4371, 1, 0, 0
15006, 4411, 1, 0, 0
15508, 4381, 1, 0, 0
16008, 4704, 1, 0, 0
16506, 4574, 1, 0, 0
17004, 4675, 1, 0, 0
17502, 4406, 1, 0, 0
18001, 4413, 1, 0, 0
18506, 4421, 1, 0, 0
19000, 4434, 1, 0, 0
19504, 4335, 1, 0, 0
20002, 4384, 1, 0, 0
20500, 4366, 1, 0, 0
21000, 4403, 1, 0, 0
21500, 4372, 1, 0, 0
22001, 4367, 1, 0, 0
22507, 4350, 1, 0, 0
23002, 4377, 1, 0, 0
23503, 4377, 1, 0, 0
24000, 4309, 1, 0, 0
24500, 4323, 1, 0, 0
25009, 4150, 1, 0, 0
25506, 4387, 1, 0, 0
26005, 4422, 1, 0, 0
26503, 4379, 1, 0, 0
27002, 4401, 1, 0, 0
27500, 4375, 1, 0, 0
28008, 4410, 1, 0, 0
28507, 4568, 1, 0, 0
29006, 5927, 1, 0, 0
29500, 4483, 1, 0, 0
30000, 4390, 1, 0, 0
30505, 4359, 1, 0, 0
31002, 4350, 1, 0, 0
31508, 4362, 1, 0, 0
32006, 4371, 1, 0, 0
32500, 4339, 1, 0, 0
33006, 4350, 1, 0, 0
33500, 4364, 1, 0, 0
34004, 4356, 1, 0, 0
34500, 4362, 1, 0, 0
35000, 4351, 1, 0, 0
35500, 4350, 1, 0, 0
36005, 4379, 1, 0, 0
36500, 4354, 1, 0, 0
37003, 4363, 1, 0, 0
37504, 4348, 1, 0, 0
38000, 4355, 1, 0, 0
38500, 4371, 1, 0, 0
39000, 4374, 1, 0, 0
39500, 4372, 1, 0, 0
40002, 4366, 1, 0, 0
40500, 4373, 1, 0, 0
41003, 4418, 1, 0, 0
41500, 4776, 1, 0, 0
42000, 4399, 1, 0, 0
42502, 4357, 1, 0, 0
43000, 4393, 1, 0, 0
43501, 4387, 1, 0, 0
44000, 4392, 1, 0, 0
44500, 4388, 1, 0, 0
45004, 4392, 1, 0, 0
45500, 4370, 1, 0, 0
46000, 4406, 1, 0, 0
46501, 4201, 1, 0, 0
47002, 4414, 1, 0, 0
47503, 4392, 1, 0, 0
48003, 4440, 1, 0, 0
48504, 4387, 1, 0, 0
49002, 4409, 1, 0, 0
49509, 4408, 1, 0, 0
50005, 4402, 1, 0, 0
50501, 4368, 1, 0, 0
51007, 4435, 1, 0, 0
51502, 4422, 1, 0, 0
52000, 4376, 1, 0, 0
52505, 4354, 1, 0, 0
53001, 4585, 1, 0, 0
53510, 4377, 1, 0, 0
54003, 4407, 1, 0, 0
54510, 4418, 1, 0, 0
55003, 4452, 1, 0, 0
55503, 4380, 1, 0, 0
56004, 4396, 1, 0, 0
56507, 4423, 1, 0, 0
57001, 4431, 1, 0, 0
57504, 4413, 1, 0, 0
58004, 4424, 1, 0, 0
58505, 4412, 1, 0, 0
59008, 4426, 1, 0, 0
59509, 4406, 1, 0, 0
60008, 4396, 1, 0, 0
