500, 1189385, 1, 0, 0
1000, 1190033, 1, 0, 0
1500, 1190119, 1, 0, 0
2000, 1192613, 1, 0, 0
2500, 1190690, 1, 0, 0
3000, 1190374, 1, 0, 0
3500, 1189151, 1, 0, 0
4006, 3535796, 1, 0, 0
4508, 15478750, 1, 0, 0
5010, 14814799, 1, 0, 0
5507, 14793017, 1, 0, 0
6006, 14461802, 1, 0, 0
6506, 13193628, 1, 0, 0
7004, 12830815, 1, 0, 0
7504, 12083206, 1, 0, 0
8004, 12043803, 1, 0, 0
8500, 12031973, 1, 0, 0
9004, 12148079, 1, 0, 0
9502, 12077389, 1, 0, 0
10009, 11752276, 1, 0, 0
10503, 11698612, 1, 0, 0
11000, 11319353, 1, 0, 0
11503, 10925744, 1, 0, 0
12010, 10689569, 1, 0, 0
12500, 10451408, 1, 0, 0
13003, 10225665, 1, 0, 0
13508, 10222207, 1, 0, 0
14001, 9766988, 1, 0, 0
14504, 9549291, 1, 0, 0
15006, 9546344, 1, 0, 0
15508, 9237787, 1, 0, 0
16008, 8941462, 1, 0, 0
16506, 8970807, 1, 0, 0
17004, 8462835, 1, 0, 0
17502, 8287484, 1, 0, 0
18001, 7982656, 1, 0, 0
18506, 7853267, 1, 0, 0
19000, 7631900, 1, 0, 0
19504, 7202684, 1, 0, 0
20002, 6742552, 1, 0, 0
20500, 6819175, 1, 0, 0
21000, 5872641, 1, 0, 0
21500, 6525532, 1, 0, 0
22001, 5141367, 1, 0, 0
22507, 5885356, 1, 0, 0
23002, 4997175, 1, 0, 0
23503, 4204011, 1, 0, 0
24000, 3627033, 1, 0, 0
24500, 2845264, 1, 0, 0
25009, 1491884, 1, 0, 0
25506, 13699301, 1, 0, 0
26005, 15627111, 1, 0, 0
26503, 15434762, 1, 0, 0
27002, 14251693, 1, 0, 0
27500, 13755770, 1, 0, 0
28008, 13243365, 1, 0, 0
28507, 12892246, 1, 0, 0
29006, 12315431, 1, 0, 0
29500, 11927325, 1, 0, 0
30000, 11774912, 1, 0, 0
30505, 11687324, 1, 0, 0
31002, 11521899, 1, 0, 0
31508, 11686869, 1, 0, 0
32006, 11545806, 1, 0, 0
32500, 10678201, 1, 0, 0
33006, 11084131, 1, 0, 0
33500, 10543141, 1, 0, 0
34004, 10390856, 1, 0, 0
34500, 10077984, 1, 0, 0
35000, 10357951, 1, 0, 0
35500, 9940981, 1, 0, 0
36005, 9756702, 1, 0, 0
36500, 9226202, 1, 0, 0
37003, 9085347, 1, 0, 0
37504, 8777124, 1, 0, 0
38000, 8789495, 1, 0, 0
38500, 8394779, 1, 0, 0
39000, 8148296, 1, 0, 0
39500, 7602268, 1, 0, 0
40002, 7770665, 1, 0, 0
40500, 7173532, 1, 0, 0
41003, 7055031, 1, 0, 0
41500, 6993592, 1, 0, 0
42000, 6730975, 1, 0, 0
42502, 5808510, 1, 0, 0
43000, 6041179, 1, 0, 0
43501, 5387707, 1, 0, 0
44000, 5391095, 1, 0, 0
44500, 4830228, 1, 0, 0
45004, 4164378, 1, 0, 0
45500, 3706871, 1, 0, 0
46000, 2728013, 1, 0, 0
46501, 1688633, 1, 0, 0
47002, 15338870, 1, 0, 0
47503, 15976759, 1, 0, 0
48002, 14912762, 1, 0, 0
48504, 14358035, 1, 0, 0
49002, 13870588, 1, 0, 0
49509, 13135795, 1, 0, 0
50005, 12934874, 1, 0, 0
50501, 12357960, 1, 0, 0
51007, 11868706, 1, 0, 0
51502, 11952766, 1, 0, 0
52000, 11525510, 1, 0, 0
52505, 11684094, 1, 0, 0
53001, 11720758, 1, 0, 0
53510, 11338086, 1, 0, 0
54003, 11082983, 1, 0, 0
54510, 10746174, 1, 0, 0
55003, 10789685, 1, 0, 0
55503, 10989177, 1, 0, 0
56004, 10415562, 1, 0, 0
56507, 10439768, 1, 0, 0
57001, 9909384, 1, 0, 0
57504, 9877916, 1, 0, 0
58004, 9702148, 1, 0, 0
58505, 9318236, 1, 0, 0
59008, 8927413, 1, 0, 0
59509, 8695791, 1, 0, 0
60006, 8766374, 1, 0, 0
60008, 12313108, 1, 0, 0
