500, 3428608, 1, 0, 0
1000, 3430144, 1, 0, 0
1500, 3429376, 1, 0, 0
2000, 3422464, 1, 0, 0
2500, 3428096, 1, 0, 0
3000, 3428608, 1, 0, 0
3500, 3432448, 1, 0, 0
4000, 1129472, 1, 0, 0
4500, 268288, 1, 0, 0
5000, 277248, 1, 0, 0
5500, 276224, 1, 0, 0
6000, 280832, 1, 0, 0
6500, 312064, 1, 0, 0
7000, 317952, 1, 0, 0
7500, 338688, 1, 0, 0
8000, 339712, 1, 0, 0
8500, 345344, 1, 0, 0
9000, 332544, 1, 0, 0
9500, 336384, 1, 0, 0
10000, 354304, 1, 0, 0
10500, 346112, 1, 0, 0
11000, 367070, 1, 0, 0
11500, 369408, 1, 0, 0
12000, 388352, 1, 0, 0
12500, 382208, 1, 0, 0
13000, 405248, 1, 0, 0
13500, 403968, 1, 0, 0
14000, 413696, 1, 0, 0
14500, 430336, 1, 0, 0
15000, 431360, 1, 0, 0
15500, 444928, 1, 0, 0
16000, 458240, 1, 0, 0
16500, 454656, 1, 0, 0
17000, 481792, 1, 0, 0
17500, 492288, 1, 0, 0
18000, 511232, 1, 0, 0
18500, 527104, 1, 0, 0
19000, 543232, 1, 0, 0
19500, 559360, 1, 0, 0
20000, 603904, 1, 0, 0
20500, 605696, 1, 0, 0
21000, 691968, 1, 0, 0
21500, 625920, 1, 0, 0
22000, 798208, 1, 0, 0
22500, 703488, 1, 0, 0
23000, 813824, 1, 0, 0
23501, 973824, 1, 0, 0
24000, 1124296, 1, 0, 0
24500, 1453824, 1, 0, 0
25000, 2729984, 1, 0, 0
25500, 296448, 1, 0, 0
26000, 261120, 1, 0, 0
26500, 265216, 1, 0, 0
27000, 287232, 1, 0, 0
27500, 296448, 1, 0, 0
28000, 311296, 1, 0, 0
28500, 319744, 1, 0, 0
29000, 331776, 1, 0, 0
29500, 340224, 1, 0, 0
30000, 353536, 1, 0, 0
30500, 346624, 1, 0, 0
31000, 352768, 1, 0, 0
31500, 355328, 1, 0, 0
32000, 352768, 1, 0, 0
32500, 379392, 1, 0, 0
33000, 373760, 1, 0, 0
33500, 385024, 1, 0, 0
34000, 395776, 1, 0, 0
34500, 408064, 1, 0, 0
35000, 395264, 1, 0, 0
35500, 407552, 1, 0, 0
36000, 422400, 1, 0, 0
36500, 443648, 1, 0, 0
37000, 449792, 1, 0, 0
37500, 467712, 1, 0, 0
38000, 462848, 1, 0, 0
38500, 491008, 1, 0, 0
39000, 511232, 1, 0, 0
39500, 535808, 1, 0, 0
40000, 520208, 1, 0, 0
40500, 567552, 1, 0, 0
41000, 584448, 1, 0, 0
41500, 590336, 1, 0, 0
42000, 610048, 1, 0, 0
42500, 694016, 1, 0, 0
43000, 677888, 1, 0, 0
43500, 761088, 1, 0, 0
44000, 771072, 1, 0, 0
44500, 841216, 1, 0, 0
45000, 982272, 1, 0, 0
45500, 1099776, 1, 0, 0
46000, 1506048, 1, 0, 0
46500, 2371840, 1, 0, 0
47000, 265728, 1, 0, 0
47500, 259072, 1, 0, 0
48000, 273920, 1, 0, 0
48500, 287744, 1, 0, 0
49000, 293376, 1, 0, 0
49500, 313600, 1, 0, 0
50000, 316416, 1, 0, 0
50500, 329106, 1, 0, 0
51000, 349696, 1, 0, 0
51500, 338944, 1, 0, 0
52000, 361984, 1, 0, 0
52500, 345856, 1, 0, 0
53000, 346624, 1, 0, 0
53500, 367360, 1, 0, 0
54000, 364544, 1, 0, 0
54500, 386048, 1, 0, 0
55000, 374272, 1, 0, 0
55500, 370432, 1, 0, 0
56000, 396544, 1, 0, 0
56500, 394496, 1, 0, 0
57000, 408832, 1, 0, 0
57500, 415744, 1, 0, 0
58000, 422144, 1, 0, 0
58500, 440832, 1, 0, 0
59000, 461312, 1, 0, 0
59500, 471040, 1, 0, 0
60000, 464896, 1, 0, 0
