500, 479592, 1, 0, 0
1000, 477196, 1, 0, 0
1500, 478368, 1, 0, 0
2000, 479721, 1, 0, 0
2500, 481457, 1, 0, 0
3000, 481537, 1, 0, 0
3500, 477814, 1, 0, 0
4000, 476280, 1, 0, 0
4500, 477744, 1, 0, 0
5000, 483006, 1, 0, 0
5500, 479609, 1, 0, 0
6000, 594286, 1, 0, 0
6500, 1254539, 1, 0, 0
7000, 1231073, 1, 0, 0
7500, 1358080, 1, 0, 0
8000, 1437958, 1, 0, 0
8500, 1398731, 1, 0, 0
9000, 1539339, 1, 0, 0
9500, 1442441, 1, 0, 0
10000, 1496869, 1, 0, 0
10500, 1514900, 1, 0, 0
11003, 1553331, 1, 0, 0
11500, 1559775, 1, 0, 0
12000, 1555789, 1, 0, 0
12500, 1483876, 1, 0, 0
13003, 1562496, 1, 0, 0
13500, 1829493, 1, 0, 0
14001, 1749039, 1, 0, 0
14500, 1933483, 1, 0, 0
15000, 1672812, 1, 0, 0
15500, 1949751, 1, 0, 0
16000, 1914018, 1, 0, 0
16500, 2011523, 1, 0, 0
17000, 2020949, 1, 0, 0
17502, 2166842, 1, 0, 0
18000, 2207946, 1, 0, 0
18500, 2191208, 1, 0, 0
19000, 2152294, 1, 0, 0
19500, 2252974, 1, 0, 0
20003, 2186081, 1, 0, 0
20503, 2295128, 1, 0, 0
21000, 2449309, 1, 0, 0
21500, 2270622, 1, 0, 0
22002, 2376804, 1, 0, 0
22504, 2400618, 1, 0, 0
23007, 2385313, 1, 0, 0
23501, 2595282, 1, 0, 0
24004, 2338000, 1, 0, 0
24508, 2622755, 1, 0, 0
25005, 2652884, 1, 0, 0
25501, 2631772, 1, 0, 0
26000, 2617247, 1, 0, 0
26500, 2694391, 1, 0, 0
27008, 2659039, 1, 0, 0
27500, 2880911, 1, 0, 0
28000, 2814764, 1, 0, 0
28503, 2821469, 1, 0, 0
29004, 2810408, 1, 0, 0
29500, 2962066, 1, 0, 0
30004, 3006758, 1, 0, 0
30506, 2791657, 1, 0, 0
31004, 2906903, 1, 0, 0
31500, 3179794, 1, 0, 0
32000, 3081860, 1, 0, 0
32500, 3017853, 1, 0, 0
33006, 2990733, 1, 0, 0
33500, 3074975, 1, 0, 0
34003, 3223125, 1, 0, 0
34503, 3173466, 1, 0, 0
35002, 3244925, 1, 0, 0
35500, 3354131, 1, 0, 0
36000, 3361408, 1, 0, 0
36500, 3275655, 1, 0, 0
37000, 3289780, 1, 0, 0
37500, 2987448, 1, 0, 0
38000, 3448929, 1, 0, 0
38503, 3364665, 1, 0, 0
39000, 3606680, 1, 0, 0
39502, 3085463, 1, 0, 0
40007, 3476004, 1, 0, 0
40501, 3366576, 1, 0, 0
41005, 3587527, 1, 0, 0
41500, 3607143, 1, 0, 0
42006, 3502769, 1, 0, 0
42500, 3662344, 1, 0, 0
43005, 3443151, 1, 0, 0
43511, 3610043, 1, 0, 0
44006, 3269167, 1, 0, 0
44500, 3747184, 1, 0, 0
45000, 3707812, 1, 0, 0
45507, 3863954, 1, 0, 0
46000, 3865292, 1, 0, 0
46508, 3816221, 1, 0, 0
47005, 3726531, 1, 0, 0
47500, 3680359, 1, 0, 0
48000, 3829031, 1, 0, 0
48504, 3909773, 1, 0, 0
49001, 4116780, 1, 0, 0
49500, 3715382, 1, 0, 0
50002, 3911778, 1, 0, 0
50511, 3762358, 1, 0, 0
51000, 4100605, 1, 0, 0
51501, 3989548, 1, 0, 0
52000, 4418649, 1, 0, 0
52507, 3835168, 1, 0, 0
53009, 3561262, 1, 0, 0
53506, 3845960, 1, 0, 0
54000, 3953756, 1, 0, 0
54503, 3940417, 1, 0, 0
55003, 4160719, 1, 0, 0
55509, 4118756, 1, 0, 0
56007, 4044940, 1, 0, 0
56502, 4172633, 1, 0, 0
57010, 4252621, 1, 0, 0
57508, 4279377, 1, 0, 0
58009, 4145399, 1, 0, 0
58501, 4326543, 1, 0, 0
59002, 4196309, 1, 0, 0
59500, 3936643, 1, 0, 0
60009, 4354899, 1, 0, 0
60010, 14744077, 1, 0, 0
