500, 266192, 1, 0, 0
1000, 267624, 1, 0, 0
1500, 266984, 1, 0, 0
2000, 266128, 1, 0, 0
2500, 265296, 1, 0, 0
3000, 265184, 1, 0, 0
3500, 267240, 1, 0, 0
4000, 268136, 1, 0, 0
4500, 267264, 1, 0, 0
5000, 264424, 1, 0, 0
5500, 266240, 1, 0, 0
6000, 214896, 1, 0, 0
6500, 102024, 1, 0, 0
7000, 103864, 1, 0, 0
7500, 94056, 1, 0, 0
8000, 88697, 1, 0, 0
8500, 91504, 1, 0, 0
9000, 83128, 1, 0, 0
9500, 87752, 1, 0, 0
10000, 86168, 1, 0, 0
10500, 84392, 1, 0, 0
11000, 82056, 1, 0, 0
11500, 82576, 1, 0, 0
12000, 82240, 1, 0, 0
12500, 86256, 1, 0, 0
13000, 81432, 1, 0, 0
13500, 70176, 1, 0, 0
14000, 72264, 1, 0, 0
14500, 66992, 1, 0, 0
15000, 75384, 1, 0, 0
15500, 66640, 1, 0, 0
16000, 65616, 1, 0, 0
16500, 63688, 1, 0, 0
17000, 64152, 1, 0, 0
17500, 58184, 1, 0, 0
18000, 58896, 1, 0, 0
18500, 58456, 1, 0, 0
19000, 59096, 1, 0, 0
19500, 57064, 1, 0, 0
20000, 57731, 1, 0, 0
20500, 55680, 1, 0, 0
21000, 52928, 1, 0, 0
21500, 56448, 1, 0, 0
22000, 53136, 1, 0, 0
22500, 53392, 1, 0, 0
23000, 53760, 1, 0, 0
23500, 48888, 1, 0, 0
24000, 54904, 1, 0, 0
24500, 49104, 1, 0, 0
25000, 47920, 1, 0, 0
25500, 48424, 1, 0, 0
26000, 49616, 1, 0, 0
26500, 47352, 1, 0, 0
27000, 48072, 1, 0, 0
27500, 44728, 1, 0, 0
28000, 45240, 1, 0, 0
28500, 44952, 1, 0, 0
29000, 45408, 1, 0, 0
29500, 43904, 1, 0, 0
30000, 41864, 1, 0, 0
30500, 46060, 1, 0, 0
31000, 43872, 1, 0, 0
31500, 40840, 1, 0, 0
32000, 41512, 1, 0, 0
32500, 41824, 1, 0, 0
33000, 42944, 1, 0, 0
33500, 42016, 1, 0, 0
34000, 39080, 1, 0, 0
34500, 40344, 1, 0, 0
35000, 39224, 1, 0, 0
35500, 38936, 1, 0, 0
36000, 37864, 1, 0, 0
36500, 39144, 1, 0, 0
37000, 39296, 1, 0, 0
37500, 42456, 1, 0, 0
38000, 36368, 1, 0, 0
38500, 38064, 1, 0, 0
39000, 36432, 1, 0, 0
39500, 40424, 1, 0, 0
40000, 37184, 1, 0, 0
40500, 37488, 1, 0, 0
41000, 35992, 1, 0, 0
41500, 36016, 1, 0, 0
42000, 36000, 1, 0, 0
42500, 35528, 1, 0, 0
43000, 36496, 1, 0, 0
43500, 35840, 1, 0, 0
44000, 38712, 1, 0, 0
44500, 33784, 1, 0, 0
45000, 35368, 1, 0, 0
45500, 32880, 1, 0, 0
46000, 32512, 1, 0, 0
46500, 34128, 1, 0, 0
47000, 34096, 1, 0, 0
47500, 34960, 1, 0, 0
48000, 32888, 1, 0, 0
48500, 33000, 1, 0, 0
49000, 30848, 1, 0, 0
49500, 35288, 1, 0, 0
50000, 31976, 1, 0, 0
50500, 34648, 1, 0, 0
51000, 31416, 1, 0, 0
51500, 31176, 1, 0, 0
52000, 30080, 1, 0, 0
52500, 32745, 1, 0, 0
53000, 35856, 1, 0, 0
53500, 33224, 1, 0, 0
54000, 32704, 1, 0, 0
54500, 31992, 1, 0, 0
55000, 30616, 1, 0, 0
55500, 31456, 1, 0, 0
56000, 31472, 1, 0, 0
56500, 30360, 1, 0, 0
57000, 30624, 1, 0, 0
57500, 29776, 1, 0, 0
58000, 30912, 1, 0, 0
58500, 29144, 1, 0, 0
59000, 30520, 1, 0, 0
59500, 33296, 1, 0, 0
60000, 29096, 1, 0, 0
