500, 480572, 1, 0, 0
1000, 478144, 1, 0, 0
1500, 479314, 1, 0, 0
2000, 480672, 1, 0, 0
2500, 482403, 1, 0, 0
3000, 482487, 1, 0, 0
3500, 478772, 1, 0, 0
4000, 477237, 1, 0, 0
4500, 478700, 1, 0, 0
5000, 483993, 1, 0, 0
5500, 480557, 1, 0, 0
6000, 595238, 1, 0, 0
6500, 1255512, 1, 0, 0
7000, 1232046, 1, 0, 0
7500, 1359049, 1, 0, 0
8000, 1438928, 1, 0, 0
8500, 1399706, 1, 0, 0
9000, 1540375, 1, 0, 0
9500, 1443414, 1, 0, 0
10000, 1497839, 1, 0, 0
10500, 1515873, 1, 0, 0
11003, 1554303, 1, 0, 0
11500, 1560746, 1, 0, 0
12000, 1556757, 1, 0, 0
12500, 1484848, 1, 0, 0
13003, 1563460, 1, 0, 0
13500, 1830468, 1, 0, 0
14001, 1750009, 1, 0, 0
14500, 1934462, 1, 0, 0
15000, 1673777, 1, 0, 0
15500, 1950721, 1, 0, 0
16000, 1914991, 1, 0, 0
16500, 2012494, 1, 0, 0
17000, 2021915, 1, 0, 0
17502, 2167812, 1, 0, 0
18000, 2208917, 1, 0, 0
18500, 2192173, 1, 0, 0
19000, 2153262, 1, 0, 0
19500, 2253948, 1, 0, 0
20003, 2187057, 1, 0, 0
20503, 2296123, 1, 0, 0
21000, 2450280, 1, 0, 0
21500, 2271681, 1, 0, 0
22002, 2377788, 1, 0, 0
22504, 2401602, 1, 0, 0
23007, 2386292, 1, 0, 0
23501, 2596263, 1, 0, 0
24004, 2338979, 1, 0, 0
24508, 2623745, 1, 0, 0
25005, 2653859, 1, 0, 0
25501, 2632746, 1, 0, 0
26000, 2618219, 1, 0, 0
26500, 2695377, 1, 0, 0
27008, 2660017, 1, 0, 0
27500, 2881984, 1, 0, 0
28000, 2815742, 1, 0, 0
28503, 2822450, 1, 0, 0
29004, 2811389, 1, 0, 0
29500, 2963113, 1, 0, 0
30004, 3007755, 1, 0, 0
30506, 2792797, 1, 0, 0
31004, 2908395, 1, 0, 0
31500, 3180782, 1, 0, 0
32000, 3082837, 1, 0, 0
32500, 3018898, 1, 0, 0
33006, 2991708, 1, 0, 0
33500, 3075967, 1, 0, 0
34003, 3224104, 1, 0, 0
34503, 3174447, 1, 0, 0
35002, 3245898, 1, 0, 0
35500, 3355114, 1, 0, 0
36000, 3362441, 1, 0, 0
36500, 3276639, 1, 0, 0
37000, 3290771, 1, 0, 0
37500, 2988435, 1, 0, 0
38000, 3449923, 1, 0, 0
38503, 3366505, 1, 0, 0
39000, 3608555, 1, 0, 0
39502, 3086977, 1, 0, 0
40007, 3477867, 1, 0, 0
40501, 3368450, 1, 0, 0
41005, 3589330, 1, 0, 0
41500, 3608154, 1, 0, 0
42006, 3503746, 1, 0, 0
42500, 3663332, 1, 0, 0
43005, 3444136, 1, 0, 0
43511, 3611060, 1, 0, 0
44006, 3270150, 1, 0, 0
44500, 3748172, 1, 0, 0
45000, 3708794, 1, 0, 0
45507, 3864949, 1, 0, 0
46000, 3866272, 1, 0, 0
46508, 3817214, 1, 0, 0
47005, 3727526, 1, 0, 0
47500, 3681355, 1, 0, 0
48000, 3830008, 1, 0, 0
48504, 3910760, 1, 0, 0
49001, 4117789, 1, 0, 0
49500, 3716367, 1, 0, 0
50002, 3912760, 1, 0, 0
50511, 3763332, 1, 0, 0
51000, 4101581, 1, 0, 0
51501, 3990538, 1, 0, 0
52000, 4419635, 1, 0, 0
52507, 3836151, 1, 0, 0
53009, 3562242, 1, 0, 0
53506, 3846942, 1, 0, 0
54000, 3954735, 1, 0, 0
54503, 3941398, 1, 0, 0
55003, 4161700, 1, 0, 0
55509, 4119736, 1, 0, 0
56007, 4045912, 1, 0, 0
56502, 4173613, 1, 0, 0
57010, 4253596, 1, 0, 0
57508, 4280362, 1, 0, 0
58009, 4146376, 1, 0, 0
58501, 4327530, 1, 0, 0
59002, 4197300, 1, 0, 0
59500, 3937619, 1, 0, 0
60009, 4355879, 1, 0, 0
60010, 14745051, 1, 0, 0
