500, 980, 1, 0, 0
1000, 949, 1, 0, 0
1500, 946, 1, 0, 0
2000, 951, 1, 0, 0
2500, 946, 1, 0, 0
3000, 950, 1, 0, 0
3500, 958, 1, 0, 0
4000, 957, 1, 0, 0
4500, 956, 1, 0, 0
5000, 987, 1, 0, 0
5500, 948, 1, 0, 0
6000, 953, 1, 0, 0
6500, 973, 1, 0, 0
7000, 973, 1, 0, 0
7500, 969, 1, 0, 0
8000, 970, 1, 0, 0
8500, 975, 1, 0, 0
9000, 1036, 1, 0, 0
9500, 973, 1, 0, 0
10000, 970, 1, 0, 0
10500, 972, 1, 0, 0
11003, 972, 1, 0, 0
11500, 971, 1, 0, 0
12000, 968, 1, 0, 0
12500, 972, 1, 0, 0
13003, 964, 1, 0, 0
13500, 974, 1, 0, 0
14001, 970, 1, 0, 0
14500, 979, 1, 0, 0
15000, 965, 1, 0, 0
15500, 970, 1, 0, 0
16000, 973, 1, 0, 0
16500, 971, 1, 0, 0
17000, 966, 1, 0, 0
17502, 970, 1, 0, 0
18000, 971, 1, 0, 0
18500, 965, 1, 0, 0
19000, 968, 1, 0, 0
19500, 973, 1, 0, 0
20003, 975, 1, 0, 0
20503, 995, 1, 0, 0
21000, 971, 1, 0, 0
21500, 1058, 1, 0, 0
22002, 984, 1, 0, 0
22504, 984, 1, 0, 0
23007, 979, 1, 0, 0
23501, 980, 1, 0, 0
24004, 979, 1, 0, 0
24508, 990, 1, 0, 0
25005, 975, 1, 0, 0
25501, 974, 1, 0, 0
26000, 972, 1, 0, 0
26500, 986, 1, 0, 0
27008, 978, 1, 0, 0
27500, 1072, 1, 0, 0
28000, 978, 1, 0, 0
28503, 983, 1, 0, 0
29004, 980, 1, 0, 0
29500, 1047, 1, 0, 0
30004, 997, 1, 0, 0
30506, 1145, 1, 0, 0
31004, 1487, 1, 0, 0
31500, 988, 1, 0, 0
32000, 977, 1, 0, 0
32500, 1045, 1, 0, 0
33006, 976, 1, 0, 0
33500, 991, 1, 0, 0
34003, 979, 1, 0, 0
34503, 982, 1, 0, 0
35002, 973, 1, 0, 0
35500, 983, 1, 0, 0
36000, 1033, 1, 0, 0
36500, 983, 1, 0, 0
37000, 990, 1, 0, 0
37500, 987, 1, 0, 0
38000, 993, 1, 0, 0
38503, 1846, 1, 0, 0
39000, 1875, 1, 0, 0
39502, 1514, 1, 0, 0
40007, 1864, 1, 0, 0
40501, 1874, 1, 0, 0
41005, 1797, 1, 0, 0
41500, 1010, 1, 0, 0
42006, 978, 1, 0, 0
42500, 988, 1, 0, 0
43005, 985, 1, 0, 0
43511, 1017, 1, 0, 0
44006, 983, 1, 0, 0
44500, 988, 1, 0, 0
45000, 982, 1, 0, 0
45507, 995, 1, 0, 0
46000, 981, 1, 0, 0
46508, 993, 1, 0, 0
47005, 994, 1, 0, 0
47500, 996, 1, 0, 0
48000, 977, 1, 0, 0
48504, 987, 1, 0, 0
49001, 1009, 1, 0, 0
49500, 985, 1, 0, 0
50002, 982, 1, 0, 0
50511, 974, 1, 0, 0
51000, 976, 1, 0, 0
51501, 990, 1, 0, 0
52000, 985, 1, 0, 0
52507, 983, 1, 0, 0
53009, 980, 1, 0, 0
53506, 982, 1, 0, 0
54000, 979, 1, 0, 0
54503, 981, 1, 0, 0
55003, 981, 1, 0, 0
55509, 980, 1, 0, 0
56007, 972, 1, 0, 0
56502, 980, 1, 0, 0
57010, 975, 1, 0, 0
57508, 985, 1, 0, 0
58009, 977, 1, 0, 0
58501, 986, 1, 0, 0
59002, 991, 1, 0, 0
59500, 975, 1, 0, 0
60010, 980, 1, 0, 0
