500, 983, 1, 0, 0
1000, 973, 1, 0, 0
1500, 976, 1, 0, 0
2000, 982, 1, 0, 0
2500, 984, 1, 0, 0
3000, 985, 1, 0, 0
3500, 987, 1, 0, 0
4000, 987, 1, 0, 0
4500, 990, 1, 0, 0
5000, 990, 1, 0, 0
5500, 993, 1, 0, 0
6000, 992, 1, 0, 0
6500, 999, 1, 0, 0
7000, 994, 1, 0, 0
7500, 1002, 1, 0, 0
8000, 1002, 1, 0, 0
8500, 1123, 1, 0, 0
9000, 1021, 1, 0, 0
9500, 1000, 1, 0, 0
10000, 995, 1, 0, 0
10500, 1000, 1, 0, 0
11000, 1003, 1, 0, 0
11500, 1005, 1, 0, 0
12000, 1038, 1, 0, 0
12500, 1103, 1, 0, 0
13000, 1180, 1, 0, 0
13500, 1420, 1, 0, 0
14000, 1680, 1, 0, 0
14500, 1830, 1, 0, 0
15000, 2144, 1, 0, 0
15500, 2201, 1, 0, 0
16000, 2377, 1, 0, 0
16500, 2553, 1, 0, 0
17000, 2489, 1, 0, 0
17500, 3155, 1, 0, 0
18000, 2737, 1, 0, 0
18500, 3054, 1, 0, 0
19000, 3434, 1, 0, 0
19500, 3117, 1, 0, 0
20000, 3558, 1, 0, 0
20500, 3381, 1, 0, 0
21000, 3574, 1, 0, 0
21500, 3810, 1, 0, 0
22000, 3730, 1, 0, 0
22500, 3929, 1, 0, 0
23000, 3930, 1, 0, 0
23500, 3751, 1, 0, 0
24000, 4453, 1, 0, 0
24500, 4115, 1, 0, 0
25000, 3604, 1, 0, 0
25500, 3741, 1, 0, 0
26000, 3628, 1, 0, 0
26500, 3824, 1, 0, 0
27000, 3675, 1, 0, 0
27500, 3966, 1, 0, 0
28000, 3647, 1, 0, 0
28500, 4089, 1, 0, 0
29000, 3610, 1, 0, 0
29500, 3576, 1, 0, 0
30002, 3884, 1, 0, 0
30500, 3883, 1, 0, 0
31000, 3614, 1, 0, 0
31500, 3607, 1, 0, 0
32000, 3905, 1, 0, 0
32500, 2789, 1, 0, 0
33000, 2525, 1, 0, 0
33500, 2811, 1, 0, 0
34000, 2873, 1, 0, 0
34500, 3834, 1, 0, 0
35000, 3286, 1, 0, 0
35502, 4010, 1, 0, 0
36000, 3547, 1, 0, 0
36500, 4151, 1, 0, 0
37000, 3302, 1, 0, 0
37500, 3866, 1, 0, 0
38000, 3528, 1, 0, 0
38500, 4396, 1, 0, 0
39000, 2998, 1, 0, 0
39500, 4150, 1, 0, 0
40000, 3129, 1, 0, 0
40500, 3795, 1, 0, 0
41000, 3491, 1, 0, 0
41500, 3682, 1, 0, 0
42000, 3176, 1, 0, 0
42500, 3704, 1, 0, 0
43000, 3439, 1, 0, 0
43500, 3919, 1, 0, 0
44000, 2986, 1, 0, 0
44500, 3724, 1, 0, 0
45000, 3009, 1, 0, 0
45500, 3788, 1, 0, 0
46000, 3272, 1, 0, 0
46500, 3994, 1, 0, 0
47000, 2906, 1, 0, 0
47500, 3984, 1, 0, 0
48000, 3042, 1, 0, 0
48500, 3979, 1, 0, 0
49000, 3127, 1, 0, 0
49500, 6079, 1, 0, 0
50000, 3517, 1, 0, 0
50500, 3257, 1, 0, 0
51000, 2697, 1, 0, 0
51500, 4007, 1, 0, 0
52000, 3066, 1, 0, 0
52500, 3587, 1, 0, 0
53000, 2741, 1, 0, 0
53500, 3621, 1, 0, 0
54000, 2923, 1, 0, 0
54500, 4689, 1, 0, 0
55000, 2826, 1, 0, 0
55500, 3624, 1, 0, 0
56000, 2689, 1, 0, 0
56500, 3328, 1, 0, 0
57000, 3614, 1, 0, 0
57500, 3513, 1, 0, 0
58000, 2892, 1, 0, 0
58500, 3934, 1, 0, 0
59000, 3516, 1, 0, 0
59500, 5482, 1, 0, 0
60004, 3057, 1, 0, 0
