500, 77484, 1, 0, 0
1000, 71426, 1, 0, 0
1500, 71346, 1, 0, 0
2000, 71346, 1, 0, 0
2500, 71380, 1, 0, 0
3000, 71210, 1, 0, 0
3500, 71592, 1, 0, 0
4000, 71582, 1, 0, 0
4500, 71432, 1, 0, 0
5000, 71270, 1, 0, 0
5500, 70196, 1, 0, 0
6000, 44038, 1, 0, 0
6500, 38830, 1, 0, 0
7000, 38050, 1, 0, 0
7500, 36776, 1, 0, 0
8000, 36044, 1, 0, 0
8500, 34844, 1, 0, 0
9000, 33510, 1, 0, 0
9500, 32642, 1, 0, 0
10000, 31454, 1, 0, 0
10500, 29924, 1, 0, 0
11000, 28364, 1, 0, 0
11500, 27194, 1, 0, 0
12000, 26050, 1, 0, 0
12500, 25706, 1, 0, 0
13000, 24782, 1, 0, 0
13500, 24406, 1, 0, 0
14000, 24330, 1, 0, 0
14500, 23548, 1, 0, 0
15000, 23164, 1, 0, 0
15500, 22950, 1, 0, 0
16000, 22708, 1, 0, 0
16500, 22448, 1, 0, 0
17000, 22366, 1, 0, 0
17500, 22152, 1, 0, 0
18001, 22114, 1, 0, 0
18500, 21667, 1, 0, 0
19000, 21688, 1, 0, 0
19501, 21516, 1, 0, 0
20000, 21258, 1, 0, 0
20500, 21054, 1, 0, 0
21000, 20854, 1, 0, 0
21500, 20672, 1, 0, 0
22001, 20358, 1, 0, 0
22500, 19937, 1, 0, 0
23000, 19776, 1, 0, 0
23500, 19338, 1, 0, 0
24000, 18967, 1, 0, 0
24503, 18758, 1, 0, 0
25003, 18244, 1, 0, 0
25504, 18044, 1, 0, 0
26004, 17706, 1, 0, 0
26504, 17446, 1, 0, 0
27004, 17172, 1, 0, 0
27504, 16742, 1, 0, 0
28004, 16674, 1, 0, 0
28505, 16406, 1, 0, 0
29005, 16198, 1, 0, 0
29505, 15980, 1, 0, 0
30006, 15894, 1, 0, 0
30507, 15684, 1, 0, 0
31007, 15402, 1, 0, 0
31507, 14956, 1, 0, 0
32007, 14972, 1, 0, 0
32508, 14818, 1, 0, 0
33008, 14486, 1, 0, 0
33508, 14306, 1, 0, 0
34008, 14064, 1, 0, 0
34509, 13998, 1, 0, 0
35009, 13784, 1, 0, 0
35509, 13694, 1, 0, 0
36011, 13485, 1, 0, 0
36511, 13484, 1, 0, 0
37012, 13382, 1, 0, 0
37512, 13258, 1, 0, 0
38012, 13124, 1, 0, 0
38512, 13008, 1, 0, 0
39013, 12830, 1, 0, 0
39514, 12752, 1, 0, 0
40014, 12630, 1, 0, 0
40514, 12454, 1, 0, 0
41014, 12326, 1, 0, 0
41514, 12208, 1, 0, 0
42015, 12060, 1, 0, 0
42515, 11960, 1, 0, 0
43015, 11840, 1, 0, 0
43516, 11766, 1, 0, 0
44016, 11706, 1, 0, 0
44516, 11596, 1, 0, 0
45017, 11516, 1, 0, 0
45518, 11473, 1, 0, 0
46019, 11362, 1, 0, 0
46519, 11366, 1, 0, 0
47019, 11252, 1, 0, 0
47519, 11150, 1, 0, 0
48020, 11158, 1, 0, 0
48521, 11018, 1, 0, 0
49021, 10956, 1, 0, 0
49521, 10862, 1, 0, 0
50021, 10818, 1, 0, 0
50522, 10748, 1, 0, 0
51023, 10692, 1, 0, 0
51523, 10604, 1, 0, 0
52024, 10550, 1, 0, 0
52524, 10490, 1, 0, 0
53024, 10398, 1, 0, 0
53524, 10364, 1, 0, 0
54025, 10350, 1, 0, 0
54527, 10308, 1, 0, 0
55028, 10146, 1, 0, 0
55528, 10128, 1, 0, 0
56028, 10062, 1, 0, 0
56528, 9946, 1, 0, 0
57028, 9928, 1, 0, 0
57529, 9928, 1, 0, 0
58029, 9856, 1, 0, 0
58530, 9792, 1, 0, 0
59030, 9746, 1, 0, 0
59531, 9710, 1, 0, 0
