500, 411820, 1, 0, 0
1000, 446880, 1, 0, 0
1500, 447385, 1, 0, 0
2000, 447370, 1, 0, 0
2500, 447162, 1, 0, 0
3000, 448210, 1, 0, 0
3500, 445859, 1, 0, 0
4000, 445899, 1, 0, 0
4500, 446837, 1, 0, 0
5000, 447852, 1, 0, 0
5500, 454467, 1, 0, 0
6000, 724910, 1, 0, 0
6500, 822984, 1, 0, 0
7000, 839774, 1, 0, 0
7500, 868892, 1, 0, 0
8000, 886636, 1, 0, 0
8500, 917118, 1, 0, 0
9000, 953829, 1, 0, 0
9500, 979208, 1, 0, 0
10000, 1016171, 1, 0, 0
10500, 1068227, 1, 0, 0
11000, 1126924, 1, 0, 0
11500, 1175549, 1, 0, 0
12000, 1227107, 1, 0, 0
12500, 1243749, 1, 0, 0
13000, 1290067, 1, 0, 0
13500, 1309466, 1, 0, 0
14000, 1313525, 1, 0, 0
14500, 1356479, 1, 0, 0
15000, 1379785, 1, 0, 0
15500, 1391305, 1, 0, 0
16000, 1407255, 1, 0, 0
16500, 1423209, 1, 0, 0
17000, 1428169, 1, 0, 0
17500, 1440577, 1, 0, 0
18000, 1446608, 1, 0, 0
18500, 1475565, 1, 0, 0
19000, 1471243, 1, 0, 0
19500, 1482240, 1, 0, 0
20000, 1502093, 1, 0, 0
20500, 1518822, 1, 0, 0
21000, 1529373, 1, 0, 0
21500, 1543779, 1, 0, 0
22000, 1570247, 1, 0, 0
22500, 1601636, 1, 0, 0
23000, 1615473, 1, 0, 0
23500, 1649190, 1, 0, 0
24000, 1685504, 1, 0, 0
24500, 1703078, 1, 0, 0
25000, 1753920, 1, 0, 0
25500, 1766017, 1, 0, 0
26000, 1803657, 1, 0, 0
26500, 1835365, 1, 0, 0
27000, 1857906, 1, 0, 0
27500, 1902354, 1, 0, 0
28000, 1917044, 1, 0, 0
28500, 1945897, 1, 0, 0
29000, 1976889, 1, 0, 0
29500, 2000016, 1, 0, 0
30002, 2009351, 1, 0, 0
30500, 2041807, 1, 0, 0
31000, 2074706, 1, 0, 0
31500, 2135523, 1, 0, 0
32000, 2132225, 1, 0, 0
32500, 2160827, 1, 0, 0
33000, 2202824, 1, 0, 0
33500, 2232539, 1, 0, 0
34000, 2277535, 1, 0, 0
34500, 2279452, 1, 0, 0
35000, 2315486, 1, 0, 0
35502, 2337254, 1, 0, 0
36000, 2371665, 1, 0, 0
36500, 2370106, 1, 0, 0
37000, 2391094, 1, 0, 0
37500, 2403443, 1, 0, 0
38000, 2438436, 1, 0, 0
38500, 2451370, 1, 0, 0
39000, 2497565, 1, 0, 0
39500, 2496484, 1, 0, 0
40000, 2540134, 1, 0, 0
40500, 2559513, 1, 0, 0
41000, 2594511, 1, 0, 0
41500, 2620846, 1, 0, 0
42000, 2646333, 1, 0, 0
42500, 2672675, 1, 0, 0
43000, 2698171, 1, 0, 0
43500, 2721468, 1, 0, 0
44000, 2728849, 1, 0, 0
44500, 2758832, 1, 0, 0
45000, 2770017, 1, 0, 0
45500, 2785477, 1, 0, 0
46000, 2821317, 1, 0, 0
46500, 2812218, 1, 0, 0
47000, 2843933, 1, 0, 0
47500, 2859525, 1, 0, 0
48000, 2877694, 1, 0, 0
48500, 2904162, 1, 0, 0
49000, 2910225, 1, 0, 0
49500, 2942878, 1, 0, 0
50000, 2952732, 1, 0, 0
50500, 2977789, 1, 0, 0
51000, 2995887, 1, 0, 0
51500, 3014383, 1, 0, 0
52000, 3026680, 1, 0, 0
52500, 3042172, 1, 0, 0
53000, 3076099, 1, 0, 0
53500, 3084743, 1, 0, 0
54000, 3096154, 1, 0, 0
54500, 3102732, 1, 0, 0
55000, 3149444, 1, 0, 0
55500, 3147458, 1, 0, 0
56000, 3187807, 1, 0, 0
56500, 3207892, 1, 0, 0
57000, 3214675, 1, 0, 0
57500, 3228543, 1, 0, 0
58000, 3248634, 1, 0, 0
58500, 3263337, 1, 0, 0
59000, 3272328, 1, 0, 0
59500, 3293625, 1, 0, 0
60000, 3283921, 1, 0, 0
60004, 6348643, 1, 0, 0
