500, 619840, 1, 0, 0
1000, 571408, 1, 0, 0
1500, 570768, 1, 0, 0
2000, 570768, 1, 0, 0
2500, 571040, 1, 0, 0
3000, 569680, 1, 0, 0
3500, 572736, 1, 0, 0
4000, 572640, 1, 0, 0
4500, 571456, 1, 0, 0
5000, 570160, 1, 0, 0
5500, 561568, 1, 0, 0
6000, 352304, 1, 0, 0
6500, 310640, 1, 0, 0
7000, 304400, 1, 0, 0
7500, 294208, 1, 0, 0
8000, 288352, 1, 0, 0
8500, 278752, 1, 0, 0
9000, 268080, 1, 0, 0
9500, 261136, 1, 0, 0
10000, 251632, 1, 0, 0
10500, 239392, 1, 0, 0
11000, 226912, 1, 0, 0
11500, 217552, 1, 0, 0
12000, 208400, 1, 0, 0
12500, 205648, 1, 0, 0
13000, 198256, 1, 0, 0
13500, 195248, 1, 0, 0
14000, 194640, 1, 0, 0
14500, 188384, 1, 0, 0
15000, 185312, 1, 0, 0
15500, 183600, 1, 0, 0
16000, 181664, 1, 0, 0
16500, 179591, 1, 0, 0
17000, 178928, 1, 0, 0
17500, 177216, 1, 0, 0
18001, 176912, 1, 0, 0
18500, 173338, 1, 0, 0
19000, 173504, 1, 0, 0
19501, 172135, 1, 0, 0
20000, 170068, 1, 0, 0
20500, 168432, 1, 0, 0
21000, 166832, 1, 0, 0
21500, 165376, 1, 0, 0
22001, 162864, 1, 0, 0
22500, 159503, 1, 0, 0
23000, 158208, 1, 0, 0
23500, 154704, 1, 0, 0
24000, 151743, 1, 0, 0
24503, 150071, 1, 0, 0
25003, 145952, 1, 0, 0
25504, 144352, 1, 0, 0
26004, 141648, 1, 0, 0
26504, 139568, 1, 0, 0
27004, 137376, 1, 0, 0
27504, 133936, 1, 0, 0
28004, 133392, 1, 0, 0
28505, 131248, 1, 0, 0
29005, 129584, 1, 0, 0
29505, 127840, 1, 0, 0
30006, 127152, 1, 0, 0
30507, 125472, 1, 0, 0
31007, 123216, 1, 0, 0
31507, 119648, 1, 0, 0
32007, 119776, 1, 0, 0
32508, 118544, 1, 0, 0
33008, 115888, 1, 0, 0
33508, 114448, 1, 0, 0
34008, 112512, 1, 0, 0
34509, 111984, 1, 0, 0
35009, 110272, 1, 0, 0
35509, 109552, 1, 0, 0
36011, 107880, 1, 0, 0
36511, 107872, 1, 0, 0
37012, 107056, 1, 0, 0
37512, 106064, 1, 0, 0
38012, 104992, 1, 0, 0
38512, 104064, 1, 0, 0
39013, 102640, 1, 0, 0
39514, 102019, 1, 0, 0
40014, 101040, 1, 0, 0
40514, 99632, 1, 0, 0
41014, 98608, 1, 0, 0
41514, 97664, 1, 0, 0
42015, 96480, 1, 0, 0
42515, 95680, 1, 0, 0
43015, 94720, 1, 0, 0
43516, 94128, 1, 0, 0
44016, 93648, 1, 0, 0
44516, 92768, 1, 0, 0
45017, 92128, 1, 0, 0
45518, 91784, 1, 0, 0
46019, 90896, 1, 0, 0
46519, 90928, 1, 0, 0
47019, 90016, 1, 0, 0
47519, 89200, 1, 0, 0
48020, 89264, 1, 0, 0
48521, 88144, 1, 0, 0
49021, 87648, 1, 0, 0
49521, 86896, 1, 0, 0
50021, 86544, 1, 0, 0
50522, 85984, 1, 0, 0
51023, 85536, 1, 0, 0
51523, 84832, 1, 0, 0
52024, 84400, 1, 0, 0
52524, 83920, 1, 0, 0
53024, 83184, 1, 0, 0
53524, 82912, 1, 0, 0
54025, 82800, 1, 0, 0
54527, 82470, 1, 0, 0
55028, 81168, 1, 0, 0
55528, 81024, 1, 0, 0
56028, 80496, 1, 0, 0
56528, 79568, 1, 0, 0
57028, 79424, 1, 0, 0
57529, 79424, 1, 0, 0
58029, 78848, 1, 0, 0
58530, 78336, 1, 0, 0
59030, 77968, 1, 0, 0
59531, 77684, 1, 0, 0
