500, 412803, 1, 0, 0
1000, 447853, 1, 0, 0
1500, 448361, 1, 0, 0
2000, 448352, 1, 0, 0
2500, 448147, 1, 0, 0
3000, 449195, 1, 0, 0
3500, 446845, 1, 0, 0
4000, 446885, 1, 0, 0
4500, 447827, 1, 0, 0
5000, 448842, 1, 0, 0
5500, 455461, 1, 0, 0
6000, 725902, 1, 0, 0
6500, 823983, 1, 0, 0
7000, 840768, 1, 0, 0
7500, 869895, 1, 0, 0
8000, 887638, 1, 0, 0
8500, 918241, 1, 0, 0
9000, 954850, 1, 0, 0
9500, 980208, 1, 0, 0
10000, 1017166, 1, 0, 0
10500, 1069227, 1, 0, 0
11000, 1127926, 1, 0, 0
11500, 1176554, 1, 0, 0
12000, 1228145, 1, 0, 0
12500, 1244852, 1, 0, 0
13000, 1291247, 1, 0, 0
13500, 1310887, 1, 0, 0
14000, 1315202, 1, 0, 0
14500, 1358312, 1, 0, 0
15000, 1381930, 1, 0, 0
15500, 1393503, 1, 0, 0
16000, 1409631, 1, 0, 0
16500, 1425763, 1, 0, 0
17000, 1430658, 1, 0, 0
17500, 1443732, 1, 0, 0
18000, 1449344, 1, 0, 0
18500, 1478615, 1, 0, 0
19000, 1474678, 1, 0, 0
19500, 1485359, 1, 0, 0
20000, 1505654, 1, 0, 0
20500, 1522200, 1, 0, 0
21000, 1532944, 1, 0, 0
21500, 1547579, 1, 0, 0
22000, 1573990, 1, 0, 0
22500, 1605565, 1, 0, 0
23000, 1619392, 1, 0, 0
23500, 1652954, 1, 0, 0
24000, 1689954, 1, 0, 0
24500, 1707195, 1, 0, 0
25000, 1757524, 1, 0, 0
25500, 1769757, 1, 0, 0
26000, 1807281, 1, 0, 0
26500, 1839188, 1, 0, 0
27000, 1861569, 1, 0, 0
27500, 1906339, 1, 0, 0
28000, 1920671, 1, 0, 0
28500, 1950006, 1, 0, 0
29000, 1980483, 1, 0, 0
29500, 2003603, 1, 0, 0
30002, 2012863, 1, 0, 0
30500, 2046066, 1, 0, 0
31000, 2078315, 1, 0, 0
31500, 2139133, 1, 0, 0
32000, 2136127, 1, 0, 0
32500, 2163621, 1, 0, 0
33000, 2205352, 1, 0, 0
33500, 2235351, 1, 0, 0
34000, 2280398, 1, 0, 0
34500, 2283291, 1, 0, 0
35000, 2318749, 1, 0, 0
35502, 2341290, 1, 0, 0
36000, 2375211, 1, 0, 0
36500, 2374258, 1, 0, 0
37000, 2394392, 1, 0, 0
37500, 2407317, 1, 0, 0
38000, 2441947, 1, 0, 0
38500, 2455784, 1, 0, 0
39000, 2500553, 1, 0, 0
39500, 2500644, 1, 0, 0
40000, 2543259, 1, 0, 0
40500, 2563292, 1, 0, 0
41000, 2598014, 1, 0, 0
41500, 2624525, 1, 0, 0
42000, 2649513, 1, 0, 0
42500, 2676384, 1, 0, 0
43000, 2701610, 1, 0, 0
43500, 2725379, 1, 0, 0
44000, 2731844, 1, 0, 0
44500, 2762550, 1, 0, 0
45000, 2773028, 1, 0, 0
45500, 2789267, 1, 0, 0
46000, 2824555, 1, 0, 0
46500, 2816238, 1, 0, 0
47000, 2846843, 1, 0, 0
47500, 2863510, 1, 0, 0
48000, 2880727, 1, 0, 0
48500, 2908140, 1, 0, 0
49000, 2913359, 1, 0, 0
49500, 2948936, 1, 0, 0
50000, 2956252, 1, 0, 0
50500, 2981054, 1, 0, 0
51000, 2998565, 1, 0, 0
51500, 3018414, 1, 0, 0
52000, 3029762, 1, 0, 0
52500, 3045754, 1, 0, 0
53000, 3078834, 1, 0, 0
53500, 3088367, 1, 0, 0
54000, 3099042, 1, 0, 0
54500, 3107460, 1, 0, 0
55000, 3152268, 1, 0, 0
55500, 3151075, 1, 0, 0
56000, 3190507, 1, 0, 0
56500, 3211215, 1, 0, 0
57000, 3218289, 1, 0, 0
57500, 3232053, 1, 0, 0
58000, 3251515, 1, 0, 0
58500, 3267276, 1, 0, 0
59000, 3275857, 1, 0, 0
59500, 3299097, 1, 0, 0
60000, 3286989, 1, 0, 0
60004, 6350808, 1, 0, 0
