500, 511300, 1, 0, 0
1000, 510168, 1, 0, 0
1500, 508916, 1, 0, 0
2000, 507866, 1, 0, 0
2500, 504420, 1, 0, 0
3000, 509172, 1, 0, 0
3500, 509430, 1, 0, 0
4001, 509792, 1, 0, 0
4500, 510478, 1, 0, 0
5000, 509316, 1, 0, 0
5500, 508814, 1, 0, 0
6000, 530516, 1, 0, 0
6500, 133994, 1, 0, 0
7000, 31200, 1, 0, 0
7500, 32384, 1, 0, 0
8000, 33488, 1, 0, 0
8500, 36368, 1, 0, 0
9000, 38608, 1, 0, 0
9500, 36784, 1, 0, 0
10000, 39680, 1, 0, 0
10500, 46336, 1, 0, 0
11000, 46304, 1, 0, 0
11500, 45232, 1, 0, 0
12000, 44560, 1, 0, 0
12500, 49572, 1, 0, 0
13000, 52220, 1, 0, 0
13500, 58645, 1, 0, 0
14000, 49552, 1, 0, 0
14500, 37904, 1, 0, 0
15000, 42448, 1, 0, 0
15500, 41184, 1, 0, 0
16000, 46656, 1, 0, 0
16500, 44096, 1, 0, 0
17000, 51520, 1, 0, 0
17500, 49344, 1, 0, 0
18000, 42080, 1, 0, 0
18500, 44496, 1, 0, 0
19000, 44272, 1, 0, 0
19500, 42208, 1, 0, 0
20000, 47328, 1, 0, 0
20500, 44960, 1, 0, 0
21000, 41344, 1, 0, 0
21500, 44256, 1, 0, 0
22000, 44480, 1, 0, 0
22500, 45440, 1, 0, 0
23000, 48320, 1, 0, 0
23500, 57984, 1, 0, 0
24000, 49024, 1, 0, 0
24500, 47152, 1, 0, 0
25000, 60672, 1, 0, 0
25500, 54496, 1, 0, 0
26000, 50468, 1, 0, 0
26500, 56448, 1, 0, 0
27000, 55536, 1, 0, 0
27500, 56016, 1, 0, 0
28000, 56444, 1, 0, 0
28500, 46804, 1, 0, 0
29000, 46720, 1, 0, 0
29500, 60544, 1, 0, 0
30000, 61824, 1, 0, 0
30500, 49536, 1, 0, 0
31000, 53744, 1, 0, 0
31500, 58320, 1, 0, 0
32000, 56640, 1, 0, 0
32500, 56736, 1, 0, 0
33000, 58080, 1, 0, 0
33500, 47472, 1, 0, 0
34000, 50704, 1, 0, 0
34500, 64256, 1, 0, 0
35000, 51760, 1, 0, 0
35500, 51184, 1, 0, 0
36000, 53168, 1, 0, 0
36500, 54384, 1, 0, 0
37000, 65856, 1, 0, 0
37500, 78811, 1, 0, 0
38000, 55410, 1, 0, 0
38500, 58416, 1, 0, 0
39000, 65632, 1, 0, 0
39500, 62512, 1, 0, 0
40000, 64192, 1, 0, 0
40500, 64240, 1, 0, 0
41000, 76112, 1, 0, 0
41500, 66816, 1, 0, 0
42000, 67264, 1, 0, 0
42500, 69872, 1, 0, 0
43000, 72624, 1, 0, 0
43500, 72736, 1, 0, 0
44000, 78816, 1, 0, 0
44500, 78576, 1, 0, 0
45000, 82976, 1, 0, 0
45500, 85158, 1, 0, 0
46000, 93098, 1, 0, 0
46500, 80368, 1, 0, 0
47000, 89824, 1, 0, 0
47500, 108912, 1, 0, 0
48000, 106704, 1, 0, 0
48500, 119248, 1, 0, 0
49000, 112593, 1, 0, 0
49500, 136752, 1, 0, 0
50000, 160208, 1, 0, 0
50500, 240006, 1, 0, 0
51000, 438746, 1, 0, 0
51500, 28768, 1, 0, 0
52000, 32272, 1, 0, 0
52500, 33280, 1, 0, 0
53000, 34816, 1, 0, 0
53500, 34144, 1, 0, 0
54000, 35456, 1, 0, 0
54500, 40784, 1, 0, 0
55000, 44176, 1, 0, 0
55500, 46752, 1, 0, 0
56000, 42416, 1, 0, 0
56500, 44128, 1, 0, 0
57000, 45632, 1, 0, 0
57500, 51600, 1, 0, 0
58000, 49632, 1, 0, 0
58500, 41712, 1, 0, 0
59000, 44960, 1, 0, 0
59500, 47888, 1, 0, 0
60000, 38068, 1, 0, 0
