500, 62462, 1, 0, 0
1000, 62565, 1, 0, 0
1500, 62714, 1, 0, 0
2000, 62843, 1, 0, 0
2500, 63271, 1, 0, 0
3000, 62676, 1, 0, 0
3500, 62654, 1, 0, 0
4000, 62605, 1, 0, 0
4500, 62516, 1, 0, 0
5000, 62660, 1, 0, 0
5500, 62718, 1, 0, 0
6000, 60147, 1, 0, 0
6508, 234240, 1, 0, 0
7002, 1014218, 1, 0, 0
7511, 1005134, 1, 0, 0
8002, 937429, 1, 0, 0
8510, 894237, 1, 0, 0
9003, 815645, 1, 0, 0
9500, 895496, 1, 0, 0
10001, 783867, 1, 0, 0
10512, 703220, 1, 0, 0
11000, 683555, 1, 0, 0
11513, 718010, 1, 0, 0
12004, 705285, 1, 0, 0
12500, 667282, 1, 0, 0
13011, 600203, 1, 0, 0
13513, 547801, 1, 0, 0
14008, 642006, 1, 0, 0
14506, 839730, 1, 0, 0
15015, 764531, 1, 0, 0
15503, 760705, 1, 0, 0
16000, 682639, 1, 0, 0
16507, 736406, 1, 0, 0
17008, 619075, 1, 0, 0
17502, 644123, 1, 0, 0
18000, 780683, 1, 0, 0
18500, 715712, 1, 0, 0
19000, 725346, 1, 0, 0
19508, 748084, 1, 0, 0
20012, 679743, 1, 0, 0
20510, 708396, 1, 0, 0
21004, 767141, 1, 0, 0
21504, 720312, 1, 0, 0
22000, 738260, 1, 0, 0
22512, 699093, 1, 0, 0
23001, 644063, 1, 0, 0
23515, 567199, 1, 0, 0
24011, 650613, 1, 0, 0
24506, 670554, 1, 0, 0
25004, 522905, 1, 0, 0
25508, 594773, 1, 0, 0
26005, 629971, 1, 0, 0
26509, 571315, 1, 0, 0
27012, 579959, 1, 0, 0
27500, 573166, 1, 0, 0
28000, 567102, 1, 0, 0
28503, 667530, 1, 0, 0
29005, 688325, 1, 0, 0
29512, 533938, 1, 0, 0
30013, 519472, 1, 0, 0
30500, 646551, 1, 0, 0
31002, 582524, 1, 0, 0
31508, 554378, 1, 0, 0
32001, 557459, 1, 0, 0
32503, 566467, 1, 0, 0
33006, 556134, 1, 0, 0
33512, 679533, 1, 0, 0
34000, 616006, 1, 0, 0
34507, 504074, 1, 0, 0
35008, 620262, 1, 0, 0
35504, 621580, 1, 0, 0
36000, 617643, 1, 0, 0
36511, 579528, 1, 0, 0
37005, 478939, 1, 0, 0
37500, 413768, 1, 0, 0
38006, 568503, 1, 0, 0
38504, 548084, 1, 0, 0
39004, 489399, 1, 0, 0
39505, 510222, 1, 0, 0
40010, 502008, 1, 0, 0
40500, 500389, 1, 0, 0
41011, 419244, 1, 0, 0
41500, 480120, 1, 0, 0
42000, 477720, 1, 0, 0
42511, 454499, 1, 0, 0
43011, 441575, 1, 0, 0
43505, 433549, 1, 0, 0
44000, 412922, 1, 0, 0
44502, 398198, 1, 0, 0
45004, 386822, 1, 0, 0
45500, 383300, 1, 0, 0
46007, 339463, 1, 0, 0
46506, 399155, 1, 0, 0
47010, 357496, 1, 0, 0
47506, 292497, 1, 0, 0
48007, 299818, 1, 0, 0
48501, 265092, 1, 0, 0
49006, 288405, 1, 0, 0
49500, 234014, 1, 0, 0
50000, 199690, 1, 0, 0
50500, 133246, 1, 0, 0
51012, 72205, 1, 0, 0
51500, 1087151, 1, 0, 0
52013, 1017234, 1, 0, 0
52506, 945083, 1, 0, 0
53014, 934916, 1, 0, 0
53500, 948588, 1, 0, 0
54003, 872272, 1, 0, 0
54510, 794357, 1, 0, 0
55001, 711041, 1, 0, 0
55508, 694910, 1, 0, 0
56000, 765628, 1, 0, 0
56509, 716391, 1, 0, 0
57000, 690633, 1, 0, 0
57500, 619446, 1, 0, 0
58002, 650607, 1, 0, 0
58512, 778358, 1, 0, 0
59013, 709974, 1, 0, 0
59500, 661052, 1, 0, 0
60000, 844592, 1, 0, 0
60000, 6028013, 1, 0, 0
