500, 2045200, 1, 0, 0
1000, 2040688, 1, 0, 0
1500, 2035664, 1, 0, 0
2000, 2031464, 1, 0, 0
2500, 2017680, 1, 0, 0
3000, 2036688, 1, 0, 0
3500, 2037720, 1, 0, 0
4001, 2039168, 1, 0, 0
4500, 2041915, 1, 0, 0
5000, 2037264, 1, 0, 0
5500, 2035264, 1, 0, 0
6000, 2122064, 1, 0, 0
6500, 535976, 1, 0, 0
7000, 124800, 1, 0, 0
7500, 129536, 1, 0, 0
8000, 133952, 1, 0, 0
8500, 145472, 1, 0, 0
9000, 154432, 1, 0, 0
9500, 147136, 1, 0, 0
10000, 158720, 1, 0, 0
10500, 185344, 1, 0, 0
11000, 185216, 1, 0, 0
11500, 180928, 1, 0, 0
12000, 178240, 1, 0, 0
12500, 198288, 1, 0, 0
13000, 208880, 1, 0, 0
13500, 234581, 1, 0, 0
14000, 198208, 1, 0, 0
14500, 151616, 1, 0, 0
15000, 169792, 1, 0, 0
15500, 164736, 1, 0, 0
16000, 186624, 1, 0, 0
16500, 176384, 1, 0, 0
17000, 206080, 1, 0, 0
17500, 197376, 1, 0, 0
18000, 168320, 1, 0, 0
18500, 177984, 1, 0, 0
19000, 177088, 1, 0, 0
19500, 168832, 1, 0, 0
20000, 189312, 1, 0, 0
20500, 179840, 1, 0, 0
21000, 165376, 1, 0, 0
21500, 177024, 1, 0, 0
22000, 177920, 1, 0, 0
22500, 181760, 1, 0, 0
23000, 193280, 1, 0, 0
23500, 231936, 1, 0, 0
24000, 196096, 1, 0, 0
24500, 188608, 1, 0, 0
25000, 242688, 1, 0, 0
25500, 217984, 1, 0, 0
26000, 201875, 1, 0, 0
26500, 225792, 1, 0, 0
27000, 222144, 1, 0, 0
27500, 224064, 1, 0, 0
28000, 225776, 1, 0, 0
28500, 187216, 1, 0, 0
29000, 186880, 1, 0, 0
29500, 242176, 1, 0, 0
30000, 247296, 1, 0, 0
30500, 198144, 1, 0, 0
31000, 214976, 1, 0, 0
31500, 233280, 1, 0, 0
32000, 226560, 1, 0, 0
32500, 226944, 1, 0, 0
33000, 232320, 1, 0, 0
33500, 189888, 1, 0, 0
34000, 202816, 1, 0, 0
34500, 257024, 1, 0, 0
35000, 207040, 1, 0, 0
35500, 204736, 1, 0, 0
36000, 212672, 1, 0, 0
36500, 217536, 1, 0, 0
37000, 263424, 1, 0, 0
37500, 315238, 1, 0, 0
38000, 221640, 1, 0, 0
38500, 233664, 1, 0, 0
39000, 262528, 1, 0, 0
39500, 250048, 1, 0, 0
40000, 256768, 1, 0, 0
40500, 256960, 1, 0, 0
41000, 304448, 1, 0, 0
41500, 267264, 1, 0, 0
42000, 269056, 1, 0, 0
42500, 279488, 1, 0, 0
43000, 290496, 1, 0, 0
43500, 290944, 1, 0, 0
44000, 315264, 1, 0, 0
44500, 314304, 1, 0, 0
45000, 331904, 1, 0, 0
45500, 340632, 1, 0, 0
46000, 372392, 1, 0, 0
46500, 321472, 1, 0, 0
47000, 359296, 1, 0, 0
47500, 435648, 1, 0, 0
48000, 426816, 1, 0, 0
48500, 476992, 1, 0, 0
49000, 450372, 1, 0, 0
49500, 547008, 1, 0, 0
50000, 640832, 1, 0, 0
50500, 960024, 1, 0, 0
51000, 1754984, 1, 0, 0
51500, 115072, 1, 0, 0
52000, 129088, 1, 0, 0
52500, 133120, 1, 0, 0
53000, 139264, 1, 0, 0
53500, 136576, 1, 0, 0
54000, 141824, 1, 0, 0
54500, 163136, 1, 0, 0
55000, 176704, 1, 0, 0
55500, 187008, 1, 0, 0
56000, 169664, 1, 0, 0
56500, 176512, 1, 0, 0
57000, 182528, 1, 0, 0
57500, 206400, 1, 0, 0
58000, 198528, 1, 0, 0
58500, 166848, 1, 0, 0
59000, 179840, 1, 0, 0
59500, 191552, 1, 0, 0
60000, 152272, 1, 0, 0
