500, 846, 1, 0, 0
1000, 846, 1, 0, 0
1500, 849, 1, 0, 0
2000, 858, 1, 0, 0
2500, 870, 1, 0, 0
3000, 846, 1, 0, 0
3500, 845, 1, 0, 0
4000, 847, 1, 0, 0
4500, 843, 1, 0, 0
5000, 846, 1, 0, 0
5500, 845, 1, 0, 0
6000, 845, 1, 0, 0
6508, 846, 1, 0, 0
7002, 851, 1, 0, 0
7511, 879, 1, 0, 0
8002, 853, 1, 0, 0
8510, 852, 1, 0, 0
9003, 850, 1, 0, 0
9500, 849, 1, 0, 0
10001, 862, 1, 0, 0
10512, 846, 1, 0, 0
11000, 848, 1, 0, 0
11513, 844, 1, 0, 0
12004, 845, 1, 0, 0
12500, 844, 1, 0, 0
13011, 875, 1, 0, 0
13513, 844, 1, 0, 0
14008, 843, 1, 0, 0
14506, 843, 1, 0, 0
15015, 843, 1, 0, 0
15503, 842, 1, 0, 0
16000, 842, 1, 0, 0
16507, 841, 1, 0, 0
17008, 845, 1, 0, 0
17502, 850, 1, 0, 0
18000, 852, 1, 0, 0
18500, 842, 1, 0, 0
19000, 841, 1, 0, 0
19508, 840, 1, 0, 0
20012, 842, 1, 0, 0
20510, 841, 1, 0, 0
21004, 842, 1, 0, 0
21504, 845, 1, 0, 0
22000, 844, 1, 0, 0
22512, 843, 1, 0, 0
23001, 842, 1, 0, 0
23515, 845, 1, 0, 0
24011, 845, 1, 0, 0
24506, 840, 1, 0, 0
25004, 852, 1, 0, 0
25508, 848, 1, 0, 0
26005, 844, 1, 0, 0
26509, 842, 1, 0, 0
27012, 860, 1, 0, 0
27500, 843, 1, 0, 0
28000, 860, 1, 0, 0
28503, 842, 1, 0, 0
29005, 845, 1, 0, 0
29512, 842, 1, 0, 0
30013, 849, 1, 0, 0
30500, 841, 1, 0, 0
31002, 845, 1, 0, 0
31508, 845, 1, 0, 0
32001, 843, 1, 0, 0
32503, 845, 1, 0, 0
33006, 846, 1, 0, 0
33512, 842, 1, 0, 0
34000, 933, 1, 0, 0
34507, 844, 1, 0, 0
35008, 845, 1, 0, 0
35504, 843, 1, 0, 0
36000, 843, 1, 0, 0
36511, 845, 1, 0, 0
37005, 857, 1, 0, 0
37500, 846, 1, 0, 0
38006, 844, 1, 0, 0
38504, 844, 1, 0, 0
39004, 846, 1, 0, 0
39505, 842, 1, 0, 0
40010, 847, 1, 0, 0
40500, 843, 1, 0, 0
41011, 843, 1, 0, 0
41500, 845, 1, 0, 0
42000, 844, 1, 0, 0
42511, 846, 1, 0, 0
43011, 845, 1, 0, 0
43505, 845, 1, 0, 0
44000, 860, 1, 0, 0
44502, 846, 1, 0, 0
45004, 845, 1, 0, 0
45500, 846, 1, 0, 0
46007, 845, 1, 0, 0
46506, 844, 1, 0, 0
47010, 842, 1, 0, 0
47506, 843, 1, 0, 0
48007, 867, 1, 0, 0
48501, 845, 1, 0, 0
49006, 845, 1, 0, 0
49500, 845, 1, 0, 0
50000, 843, 1, 0, 0
50500, 844, 1, 0, 0
51012, 846, 1, 0, 0
51500, 843, 1, 0, 0
52013, 846, 1, 0, 0
52506, 850, 1, 0, 0
53014, 845, 1, 0, 0
53500, 846, 1, 0, 0
54003, 845, 1, 0, 0
54510, 849, 1, 0, 0
55001, 852, 1, 0, 0
55508, 851, 1, 0, 0
56000, 847, 1, 0, 0
56509, 846, 1, 0, 0
57000, 844, 1, 0, 0
57500, 848, 1, 0, 0
58002, 846, 1, 0, 0
58512, 845, 1, 0, 0
59013, 847, 1, 0, 0
59500, 847, 1, 0, 0
60000, 844, 1, 0, 0
