500, 61406, 1, 0, 0
1000, 61658, 1, 0, 0
1500, 61396, 1, 0, 0
2000, 62120, 1, 0, 0
2500, 61483, 1, 0, 0
3000, 61603, 1, 0, 0
3500, 61395, 1, 0, 0
4000, 61468, 1, 0, 0
4500, 61407, 1, 0, 0
5000, 61557, 1, 0, 0
5500, 61608, 1, 0, 0
6000, 59102, 1, 0, 0
6501, 289183, 1, 0, 0
7015, 1008003, 1, 0, 0
7507, 1008427, 1, 0, 0
8000, 956935, 1, 0, 0
8508, 872178, 1, 0, 0
9001, 814246, 1, 0, 0
9502, 863428, 1, 0, 0
10000, 792277, 1, 0, 0
10505, 738797, 1, 0, 0
11004, 722365, 1, 0, 0
11505, 812899, 1, 0, 0
12004, 799826, 1, 0, 0
12505, 775225, 1, 0, 0
13004, 744783, 1, 0, 0
13509, 823662, 1, 0, 0
14003, 716351, 1, 0, 0
14504, 699082, 1, 0, 0
15008, 668902, 1, 0, 0
15502, 712278, 1, 0, 0
16012, 751819, 1, 0, 0
16500, 762606, 1, 0, 0
17012, 659970, 1, 0, 0
17510, 771442, 1, 0, 0
18012, 734045, 1, 0, 0
18500, 720975, 1, 0, 0
19012, 763205, 1, 0, 0
19511, 751388, 1, 0, 0
20011, 702934, 1, 0, 0
20510, 721657, 1, 0, 0
21002, 608626, 1, 0, 0
21509, 617231, 1, 0, 0
22010, 683432, 1, 0, 0
22513, 652791, 1, 0, 0
23006, 718730, 1, 0, 0
23500, 735953, 1, 0, 0
24000, 668022, 1, 0, 0
24504, 730057, 1, 0, 0
25005, 641903, 1, 0, 0
25500, 700233, 1, 0, 0
26010, 647328, 1, 0, 0
26502, 680823, 1, 0, 0
27010, 686323, 1, 0, 0
27500, 705605, 1, 0, 0
28004, 708856, 1, 0, 0
28507, 697376, 1, 0, 0
29007, 563240, 1, 0, 0
29500, 592861, 1, 0, 0
30004, 654380, 1, 0, 0
30505, 679750, 1, 0, 0
31006, 651697, 1, 0, 0
31500, 716697, 1, 0, 0
32000, 642641, 1, 0, 0
32500, 595561, 1, 0, 0
33000, 680184, 1, 0, 0
33509, 519719, 1, 0, 0
34009, 563965, 1, 0, 0
34500, 520971, 1, 0, 0
35004, 434947, 1, 0, 0
35509, 649666, 1, 0, 0
36009, 617972, 1, 0, 0
36513, 530721, 1, 0, 0
37001, 590799, 1, 0, 0
37508, 550014, 1, 0, 0
38000, 563088, 1, 0, 0
38512, 578127, 1, 0, 0
39002, 589439, 1, 0, 0
39512, 479676, 1, 0, 0
40000, 525028, 1, 0, 0
40507, 542057, 1, 0, 0
41003, 413353, 1, 0, 0
41500, 475012, 1, 0, 0
42006, 506603, 1, 0, 0
42500, 487456, 1, 0, 0
43000, 465661, 1, 0, 0
43509, 468191, 1, 0, 0
44005, 434577, 1, 0, 0
44500, 449684, 1, 0, 0
45008, 433105, 1, 0, 0
45506, 399900, 1, 0, 0
46005, 388193, 1, 0, 0
46507, 372575, 1, 0, 0
47003, 362806, 1, 0, 0
47510, 338555, 1, 0, 0
48000, 317829, 1, 0, 0
48509, 289854, 1, 0, 0
49001, 303933, 1, 0, 0
49507, 247742, 1, 0, 0
50003, 239753, 1, 0, 0
50500, 240492, 1, 0, 0
51003, 174305, 1, 0, 0
51500, 115649, 1, 0, 0
52000, 79672, 1, 0, 0
52506, 1064282, 1, 0, 0
53000, 1007758, 1, 0, 0
53511, 938547, 1, 0, 0
54001, 904570, 1, 0, 0
54507, 894903, 1, 0, 0
55000, 855034, 1, 0, 0
55509, 732341, 1, 0, 0
56005, 805768, 1, 0, 0
56511, 694002, 1, 0, 0
57010, 719120, 1, 0, 0
57508, 801938, 1, 0, 0
58000, 709896, 1, 0, 0
58500, 695914, 1, 0, 0
59000, 729577, 1, 0, 0
59506, 594991, 1, 0, 0
60006, 715404, 1, 0, 0
60007, 10995694, 1, 0, 0
