500, 2051728, 1, 0, 0
1000, 2042504, 1, 0, 0
1500, 2051160, 1, 0, 0
2000, 2026712, 1, 0, 0
2500, 2048216, 1, 0, 0
3000, 2044264, 1, 0, 0
3500, 2051040, 1, 0, 0
4000, 2048672, 1, 0, 0
4500, 2050685, 1, 0, 0
5000, 2045640, 1, 0, 0
5500, 2043744, 1, 0, 0
6000, 2128960, 1, 0, 0
6500, 428392, 1, 0, 0
7000, 130048, 1, 0, 0
7500, 124672, 1, 0, 0
8000, 136896, 1, 0, 0
8500, 143296, 1, 0, 0
9000, 154624, 1, 0, 0
9500, 148928, 1, 0, 0
10000, 161536, 1, 0, 0
10500, 174080, 1, 0, 0
11000, 176128, 1, 0, 0
11500, 158080, 1, 0, 0
12000, 159488, 1, 0, 0
12500, 165760, 1, 0, 0
13000, 170816, 1, 0, 0
13500, 156800, 1, 0, 0
14001, 176576, 1, 0, 0
14500, 182701, 1, 0, 0
15000, 192256, 1, 0, 0
15500, 177792, 1, 0, 0
16000, 172992, 1, 0, 0
16500, 169152, 1, 0, 0
17000, 192064, 1, 0, 0
17500, 165440, 1, 0, 0
18000, 175232, 1, 0, 0
18500, 178624, 1, 0, 0
19000, 165568, 1, 0, 0
19500, 169856, 1, 0, 0
20000, 181952, 1, 0, 0
20500, 176448, 1, 0, 0
21000, 206720, 1, 0, 0
21500, 211456, 1, 0, 0
22000, 186816, 1, 0, 0
22500, 196672, 1, 0, 0
23000, 175680, 1, 0, 0
23500, 177088, 1, 0, 0
24000, 190272, 1, 0, 0
24500, 171840, 1, 0, 0
25000, 199360, 1, 0, 0
25500, 186752, 1, 0, 0
26000, 195398, 1, 0, 0
26500, 184832, 1, 0, 0
27000, 188992, 1, 0, 0
27500, 177216, 1, 0, 0
28000, 181760, 1, 0, 0
28500, 184320, 1, 0, 0
29000, 227520, 1, 0, 0
29500, 212288, 1, 0, 0
30000, 196672, 1, 0, 0
30500, 188736, 1, 0, 0
31000, 196800, 1, 0, 0
31500, 176192, 1, 0, 0
32000, 198848, 1, 0, 0
32500, 214720, 1, 0, 0
33000, 193472, 1, 0, 0
33500, 242176, 1, 0, 0
34000, 226688, 1, 0, 0
34500, 250568, 1, 0, 0
35000, 286392, 1, 0, 0
35500, 198272, 1, 0, 0
36000, 206656, 1, 0, 0
36500, 242112, 1, 0, 0
37000, 211392, 1, 0, 0
37500, 236352, 1, 0, 0
38001, 229248, 1, 0, 0
38500, 220280, 1, 0, 0
39000, 211904, 1, 0, 0
39500, 271808, 1, 0, 0
40000, 244096, 1, 0, 0
40500, 232632, 1, 0, 0
41000, 305920, 1, 0, 0
41500, 268096, 1, 0, 0
42000, 254912, 1, 0, 0
42500, 265520, 1, 0, 0
43000, 274696, 1, 0, 0
43500, 270984, 1, 0, 0
44000, 291392, 1, 0, 0
44500, 288704, 1, 0, 0
45000, 293184, 1, 0, 0
45500, 317696, 1, 0, 0
46000, 327168, 1, 0, 0
46500, 344256, 1, 0, 0
47000, 349312, 1, 0, 0
47500, 382464, 1, 0, 0
48000, 404224, 1, 0, 0
48500, 436352, 1, 0, 0
49000, 413376, 1, 0, 0
49500, 521344, 1, 0, 0
50000, 530816, 1, 0, 0
50500, 527744, 1, 0, 0
51000, 733568, 1, 0, 0
51500, 1106392, 1, 0, 0
52000, 1585202, 1, 0, 0
52500, 117592, 1, 0, 0
53000, 129608, 1, 0, 0
53500, 134712, 1, 0, 0
54000, 139008, 1, 0, 0
54500, 144704, 1, 0, 0
55000, 152464, 1, 0, 0
55500, 171376, 1, 0, 0
56000, 157568, 1, 0, 0
56500, 186752, 1, 0, 0
57000, 177280, 1, 0, 0
57500, 159424, 1, 0, 0
58000, 182576, 1, 0, 0
58500, 177296, 1, 0, 0
59000, 181632, 1, 0, 0
59500, 210368, 1, 0, 0
60000, 180032, 1, 0, 0
