500, 62255, 1, 0, 0
1000, 62513, 1, 0, 0
1500, 62241, 1, 0, 0
2000, 62989, 1, 0, 0
2500, 62325, 1, 0, 0
3000, 62446, 1, 0, 0
3500, 62236, 1, 0, 0
4000, 62313, 1, 0, 0
4500, 62249, 1, 0, 0
5000, 62403, 1, 0, 0
5500, 62453, 1, 0, 0
6000, 59954, 1, 0, 0
6501, 290029, 1, 0, 0
7015, 1008852, 1, 0, 0
7507, 1009280, 1, 0, 0
8000, 957785, 1, 0, 0
8508, 873028, 1, 0, 0
9001, 815158, 1, 0, 0
9502, 864272, 1, 0, 0
10000, 793129, 1, 0, 0
10505, 739645, 1, 0, 0
11004, 723237, 1, 0, 0
11505, 813743, 1, 0, 0
12004, 800674, 1, 0, 0
12505, 776065, 1, 0, 0
13004, 745649, 1, 0, 0
13509, 824504, 1, 0, 0
14003, 717324, 1, 0, 0
14504, 699923, 1, 0, 0
15008, 669762, 1, 0, 0
15502, 713123, 1, 0, 0
16012, 752711, 1, 0, 0
16500, 763447, 1, 0, 0
17012, 660814, 1, 0, 0
17510, 772284, 1, 0, 0
18012, 734903, 1, 0, 0
18500, 721816, 1, 0, 0
19012, 764046, 1, 0, 0
19511, 752228, 1, 0, 0
20011, 703776, 1, 0, 0
20510, 722499, 1, 0, 0
21002, 609479, 1, 0, 0
21509, 618073, 1, 0, 0
22010, 684274, 1, 0, 0
22513, 653632, 1, 0, 0
23006, 719574, 1, 0, 0
23500, 736796, 1, 0, 0
24000, 668863, 1, 0, 0
24504, 730898, 1, 0, 0
25005, 642745, 1, 0, 0
25500, 701072, 1, 0, 0
26010, 648169, 1, 0, 0
26502, 681664, 1, 0, 0
27010, 687166, 1, 0, 0
27500, 706446, 1, 0, 0
28004, 709697, 1, 0, 0
28507, 698217, 1, 0, 0
29007, 564082, 1, 0, 0
29500, 593704, 1, 0, 0
30004, 655236, 1, 0, 0
30505, 680594, 1, 0, 0
31006, 652540, 1, 0, 0
31500, 717539, 1, 0, 0
32000, 643485, 1, 0, 0
32500, 596399, 1, 0, 0
33000, 681025, 1, 0, 0
33509, 520559, 1, 0, 0
34009, 564810, 1, 0, 0
34500, 521817, 1, 0, 0
35004, 435793, 1, 0, 0
35509, 650514, 1, 0, 0
36009, 618814, 1, 0, 0
36513, 531562, 1, 0, 0
37001, 591649, 1, 0, 0
37508, 550853, 1, 0, 0
38000, 563929, 1, 0, 0
38512, 578967, 1, 0, 0
39002, 590280, 1, 0, 0
39512, 480519, 1, 0, 0
40000, 525872, 1, 0, 0
40507, 542897, 1, 0, 0
41003, 414211, 1, 0, 0
41500, 475855, 1, 0, 0
42006, 507444, 1, 0, 0
42500, 488315, 1, 0, 0
43000, 466503, 1, 0, 0
43509, 469031, 1, 0, 0
44005, 435418, 1, 0, 0
44500, 450527, 1, 0, 0
45008, 433949, 1, 0, 0
45506, 400743, 1, 0, 0
46005, 389036, 1, 0, 0
46507, 373417, 1, 0, 0
47003, 363649, 1, 0, 0
47510, 339399, 1, 0, 0
48000, 318671, 1, 0, 0
48509, 290696, 1, 0, 0
49001, 304778, 1, 0, 0
49507, 248585, 1, 0, 0
50003, 240596, 1, 0, 0
50500, 241333, 1, 0, 0
51003, 175152, 1, 0, 0
51500, 116490, 1, 0, 0
52000, 80514, 1, 0, 0
52506, 1065129, 1, 0, 0
53000, 1008603, 1, 0, 0
53511, 939396, 1, 0, 0
54001, 905417, 1, 0, 0
54507, 895750, 1, 0, 0
55000, 855878, 1, 0, 0
55509, 733185, 1, 0, 0
56005, 806610, 1, 0, 0
56511, 694845, 1, 0, 0
57010, 719963, 1, 0, 0
57508, 802779, 1, 0, 0
58000, 710738, 1, 0, 0
58500, 696761, 1, 0, 0
59000, 730421, 1, 0, 0
59506, 595834, 1, 0, 0
60006, 716247, 1, 0, 0
60007, 10996554, 1, 0, 0
