500, 849, 1, 0, 0
1000, 856, 1, 0, 0
1500, 845, 1, 0, 0
2000, 869, 1, 0, 0
2500, 842, 1, 0, 0
3000, 843, 1, 0, 0
3500, 841, 1, 0, 0
4000, 845, 1, 0, 0
4500, 843, 1, 0, 0
5000, 845, 1, 0, 0
5500, 845, 1, 0, 0
6000, 852, 1, 0, 0
6501, 846, 1, 0, 0
7015, 849, 1, 0, 0
7507, 852, 1, 0, 0
8000, 850, 1, 0, 0
8508, 850, 1, 0, 0
9001, 912, 1, 0, 0
9502, 844, 1, 0, 0
10000, 852, 1, 0, 0
10505, 848, 1, 0, 0
11004, 872, 1, 0, 0
11505, 845, 1, 0, 0
12004, 848, 1, 0, 0
12505, 840, 1, 0, 0
13004, 866, 1, 0, 0
13509, 842, 1, 0, 0
14003, 973, 1, 0, 0
14504, 841, 1, 0, 0
15008, 860, 1, 0, 0
15502, 845, 1, 0, 0
16012, 892, 1, 0, 0
16500, 840, 1, 0, 0
17012, 843, 1, 0, 0
17510, 841, 1, 0, 0
18012, 858, 1, 0, 0
18500, 842, 1, 0, 0
19012, 840, 1, 0, 0
19511, 841, 1, 0, 0
20011, 842, 1, 0, 0
20510, 842, 1, 0, 0
21002, 852, 1, 0, 0
21509, 842, 1, 0, 0
22010, 841, 1, 0, 0
22513, 841, 1, 0, 0
23006, 844, 1, 0, 0
23500, 843, 1, 0, 0
24000, 841, 1, 0, 0
24504, 841, 1, 0, 0
25005, 843, 1, 0, 0
25500, 839, 1, 0, 0
26010, 840, 1, 0, 0
26502, 842, 1, 0, 0
27010, 843, 1, 0, 0
27500, 841, 1, 0, 0
28004, 841, 1, 0, 0
28507, 842, 1, 0, 0
29007, 843, 1, 0, 0
29500, 843, 1, 0, 0
30004, 856, 1, 0, 0
30505, 844, 1, 0, 0
31006, 843, 1, 0, 0
31500, 843, 1, 0, 0
32000, 844, 1, 0, 0
32500, 838, 1, 0, 0
33000, 841, 1, 0, 0
33509, 840, 1, 0, 0
34009, 845, 1, 0, 0
34500, 846, 1, 0, 0
35004, 846, 1, 0, 0
35509, 847, 1, 0, 0
36009, 843, 1, 0, 0
36513, 841, 1, 0, 0
37001, 850, 1, 0, 0
37508, 839, 1, 0, 0
38000, 841, 1, 0, 0
38512, 840, 1, 0, 0
39002, 841, 1, 0, 0
39512, 843, 1, 0, 0
40000, 844, 1, 0, 0
40507, 840, 1, 0, 0
41003, 858, 1, 0, 0
41500, 843, 1, 0, 0
42006, 842, 1, 0, 0
42500, 858, 1, 0, 0
43000, 842, 1, 0, 0
43509, 840, 1, 0, 0
44005, 842, 1, 0, 0
44500, 843, 1, 0, 0
45008, 844, 1, 0, 0
45506, 843, 1, 0, 0
46005, 843, 1, 0, 0
46507, 842, 1, 0, 0
47003, 843, 1, 0, 0
47510, 844, 1, 0, 0
48000, 842, 1, 0, 0
48509, 843, 1, 0, 0
49001, 845, 1, 0, 0
49507, 843, 1, 0, 0
50003, 844, 1, 0, 0
50500, 841, 1, 0, 0
51003, 847, 1, 0, 0
51500, 841, 1, 0, 0
52000, 843, 1, 0, 0
52506, 847, 1, 0, 0
53000, 845, 1, 0, 0
53511, 850, 1, 0, 0
54001, 848, 1, 0, 0
54507, 847, 1, 0, 0
55000, 844, 1, 0, 0
55509, 844, 1, 0, 0
56005, 843, 1, 0, 0
56511, 843, 1, 0, 0
57010, 843, 1, 0, 0
57508, 841, 1, 0, 0
58000, 842, 1, 0, 0
58500, 847, 1, 0, 0
59000, 844, 1, 0, 0
59506, 843, 1, 0, 0
60007, 843, 1, 0, 0
