500, 512944, 1, 0, 0
1000, 510612, 1, 0, 0
1500, 512790, 1, 0, 0
2000, 506678, 1, 0, 0
2500, 512054, 1, 0, 0
3000, 511066, 1, 0, 0
3500, 512760, 1, 0, 0
4000, 512168, 1, 0, 0
4500, 512671, 1, 0, 0
5000, 511410, 1, 0, 0
5500, 510936, 1, 0, 0
6000, 532240, 1, 0, 0
6500, 107098, 1, 0, 0
7000, 32512, 1, 0, 0
7500, 31168, 1, 0, 0
8000, 34224, 1, 0, 0
8500, 35824, 1, 0, 0
9000, 38656, 1, 0, 0
9500, 37232, 1, 0, 0
10000, 40384, 1, 0, 0
10500, 43520, 1, 0, 0
11000, 44032, 1, 0, 0
11500, 39520, 1, 0, 0
12000, 39872, 1, 0, 0
12500, 41440, 1, 0, 0
13000, 42704, 1, 0, 0
13500, 39200, 1, 0, 0
14001, 44144, 1, 0, 0
14500, 45675, 1, 0, 0
15000, 48064, 1, 0, 0
15500, 44448, 1, 0, 0
16000, 43248, 1, 0, 0
16500, 42288, 1, 0, 0
17000, 48016, 1, 0, 0
17500, 41360, 1, 0, 0
18000, 43808, 1, 0, 0
18500, 44656, 1, 0, 0
19000, 41392, 1, 0, 0
19500, 42464, 1, 0, 0
20000, 45488, 1, 0, 0
20500, 44112, 1, 0, 0
21000, 51680, 1, 0, 0
21500, 52864, 1, 0, 0
22000, 46704, 1, 0, 0
22500, 49168, 1, 0, 0
23000, 43920, 1, 0, 0
23500, 44272, 1, 0, 0
24000, 47568, 1, 0, 0
24500, 42960, 1, 0, 0
25000, 49840, 1, 0, 0
25500, 46688, 1, 0, 0
26000, 48849, 1, 0, 0
26500, 46208, 1, 0, 0
27000, 47248, 1, 0, 0
27500, 44304, 1, 0, 0
28000, 45440, 1, 0, 0
28500, 46080, 1, 0, 0
29000, 56880, 1, 0, 0
29500, 53072, 1, 0, 0
30000, 49168, 1, 0, 0
30500, 47184, 1, 0, 0
31000, 49200, 1, 0, 0
31500, 44048, 1, 0, 0
32000, 49712, 1, 0, 0
32500, 53680, 1, 0, 0
33000, 48368, 1, 0, 0
33500, 60544, 1, 0, 0
34000, 56672, 1, 0, 0
34500, 62642, 1, 0, 0
35000, 71598, 1, 0, 0
35500, 49568, 1, 0, 0
36000, 51664, 1, 0, 0
36500, 60528, 1, 0, 0
37000, 52848, 1, 0, 0
37500, 59088, 1, 0, 0
38001, 57312, 1, 0, 0
38500, 55070, 1, 0, 0
39000, 52976, 1, 0, 0
39500, 67952, 1, 0, 0
40000, 61026, 1, 0, 0
40500, 58158, 1, 0, 0
41000, 76480, 1, 0, 0
41500, 67024, 1, 0, 0
42000, 63728, 1, 0, 0
42500, 66380, 1, 0, 0
43000, 68674, 1, 0, 0
43500, 67746, 1, 0, 0
44000, 72848, 1, 0, 0
44500, 72176, 1, 0, 0
45000, 73296, 1, 0, 0
45500, 79424, 1, 0, 0
46000, 81792, 1, 0, 0
46500, 86064, 1, 0, 0
47000, 87328, 1, 0, 0
47500, 95616, 1, 0, 0
48000, 101056, 1, 0, 0
48500, 109088, 1, 0, 0
49000, 103344, 1, 0, 0
49500, 130336, 1, 0, 0
50000, 132704, 1, 0, 0
50500, 131936, 1, 0, 0
51000, 183392, 1, 0, 0
51500, 276598, 1, 0, 0
52000, 396300, 1, 0, 0
52500, 29398, 1, 0, 0
53000, 32402, 1, 0, 0
53500, 33678, 1, 0, 0
54000, 34752, 1, 0, 0
54500, 36176, 1, 0, 0
55000, 38116, 1, 0, 0
55500, 42844, 1, 0, 0
56000, 39392, 1, 0, 0
56500, 46688, 1, 0, 0
57000, 44320, 1, 0, 0
57500, 39856, 1, 0, 0
58000, 45644, 1, 0, 0
58500, 44324, 1, 0, 0
59000, 45408, 1, 0, 0
59500, 52592, 1, 0, 0
60000, 45008, 1, 0, 0
