500, 2586, 1, 0, 0
1000, 2590, 1, 0, 0
1500, 2694, 1, 0, 0
2000, 2585, 1, 0, 0
2500, 2576, 1, 0, 0
3000, 2581, 1, 0, 0
3500, 2579, 1, 0, 0
4000, 2581, 1, 0, 0
4500, 2591, 1, 0, 0
5000, 2650, 1, 0, 0
5517, 2590, 1, 0, 0
6008, 2699, 1, 0, 0
6500, 2703, 1, 0, 0
7008, 2692, 1, 0, 0
7500, 2678, 1, 0, 0
8013, 2674, 1, 0, 0
8502, 2661, 1, 0, 0
9011, 2673, 1, 0, 0
9500, 2661, 1, 0, 0
10006, 2663, 1, 0, 0
10514, 2648, 1, 0, 0
11000, 2656, 1, 0, 0
11505, 2697, 1, 0, 0
12011, 2675, 1, 0, 0
12500, 2642, 1, 0, 0
13005, 2661, 1, 0, 0
13511, 2636, 1, 0, 0
14000, 2653, 1, 0, 0
14503, 2671, 1, 0, 0
15007, 2666, 1, 0, 0
15513, 2637, 1, 0, 0
16000, 2644, 1, 0, 0
16504, 2631, 1, 0, 0
17009, 2647, 1, 0, 0
17515, 2645, 1, 0, 0
18000, 2660, 1, 0, 0
18504, 2643, 1, 0, 0
19009, 2669, 1, 0, 0
19513, 2623, 1, 0, 0
20000, 2638, 1, 0, 0
20501, 2633, 1, 0, 0
21004, 2671, 1, 0, 0
21507, 2636, 1, 0, 0
22011, 2717, 1, 0, 0
22515, 2831, 1, 0, 0
23000, 2648, 1, 0, 0
23500, 2665, 1, 0, 0
24002, 2677, 1, 0, 0
24505, 2633, 1, 0, 0
25005, 2646, 1, 0, 0
25506, 2655, 1, 0, 0
26007, 2658, 1, 0, 0
26507, 2626, 1, 0, 0
27008, 2666, 1, 0, 0
27506, 2673, 1, 0, 0
28004, 2656, 1, 0, 0
28504, 2629, 1, 0, 0
29002, 2639, 1, 0, 0
29500, 2627, 1, 0, 0
30013, 2641, 1, 0, 0
30508, 2629, 1, 0, 0
31003, 2652, 1, 0, 0
31500, 2639, 1, 0, 0
32006, 2651, 1, 0, 0
32500, 2641, 1, 0, 0
33004, 2636, 1, 0, 0
33510, 2615, 1, 0, 0
34000, 2632, 1, 0, 0
34500, 2672, 1, 0, 0
35007, 2630, 1, 0, 0
35500, 2622, 1, 0, 0
36000, 2621, 1, 0, 0
36500, 2617, 1, 0, 0
37000, 2598, 1, 0, 0
37509, 2631, 1, 0, 0
38002, 2652, 1, 0, 0
38512, 2652, 1, 0, 0
39003, 2685, 1, 0, 0
39512, 2657, 1, 0, 0
40003, 2662, 1, 0, 0
40512, 2636, 1, 0, 0
41002, 2648, 1, 0, 0
41510, 2662, 1, 0, 0
42000, 2656, 1, 0, 0
42504, 2659, 1, 0, 0
43011, 2646, 1, 0, 0
43516, 2648, 1, 0, 0
44002, 2666, 1, 0, 0
44510, 2682, 1, 0, 0
45017, 2747, 1, 0, 0
45503, 2710, 1, 0, 0
46009, 2652, 1, 0, 0
46516, 2624, 1, 0, 0
47000, 2659, 1, 0, 0
47506, 2631, 1, 0, 0
48011, 2643, 1, 0, 0
48500, 2658, 1, 0, 0
49005, 2648, 1, 0, 0
49511, 2633, 1, 0, 0
50015, 2695, 1, 0, 0
50501, 2629, 1, 0, 0
51004, 2634, 1, 0, 0
51509, 2616, 1, 0, 0
52012, 2623, 1, 0, 0
52500, 2654, 1, 0, 0
53003, 2666, 1, 0, 0
53505, 2617, 1, 0, 0
54008, 2625, 1, 0, 0
54512, 2617, 1, 0, 0
55014, 2635, 1, 0, 0
55500, 2636, 1, 0, 0
56002, 2633, 1, 0, 0
56503, 2621, 1, 0, 0
57007, 2643, 1, 0, 0
57507, 2629, 1, 0, 0
58008, 2624, 1, 0, 0
58508, 2605, 1, 0, 0
59008, 2637, 1, 0, 0
59506, 2633, 1, 0, 0
60004, 2613, 1, 0, 0
