500, 891822, 1, 0, 0
1000, 892840, 1, 0, 0
1500, 895976, 1, 0, 0
2000, 892841, 1, 0, 0
2500, 892849, 1, 0, 0
3000, 892844, 1, 0, 0
3500, 892846, 1, 0, 0
4000, 892846, 1, 0, 0
4500, 892832, 1, 0, 0
5000, 892766, 1, 0, 0
5517, 963635, 1, 0, 0
6008, 13827713, 1, 0, 0
6500, 14253071, 1, 0, 0
7008, 13538515, 1, 0, 0
7500, 13238793, 1, 0, 0
8013, 12560848, 1, 0, 0
8502, 11832203, 1, 0, 0
9011, 11089080, 1, 0, 0
9500, 10641552, 1, 0, 0
10006, 9997877, 1, 0, 0
10514, 9601495, 1, 0, 0
11000, 8998688, 1, 0, 0
11505, 8616039, 1, 0, 0
12011, 8542404, 1, 0, 0
12500, 8701813, 1, 0, 0
13005, 9301315, 1, 0, 0
13511, 9549698, 1, 0, 0
14000, 9396344, 1, 0, 0
14503, 9260127, 1, 0, 0
15007, 8983137, 1, 0, 0
15513, 8951635, 1, 0, 0
16000, 8732789, 1, 0, 0
16504, 8538511, 1, 0, 0
17009, 8451422, 1, 0, 0
17515, 8481771, 1, 0, 0
18000, 8264151, 1, 0, 0
18504, 8137647, 1, 0, 0
19009, 7963282, 1, 0, 0
19513, 7782663, 1, 0, 0
20000, 7645536, 1, 0, 0
20501, 7498155, 1, 0, 0
21004, 7481770, 1, 0, 0
21507, 7499193, 1, 0, 0
22011, 7437395, 1, 0, 0
22515, 7217112, 1, 0, 0
23000, 7070321, 1, 0, 0
23500, 7022064, 1, 0, 0
24002, 6820582, 1, 0, 0
24505, 6752496, 1, 0, 0
25005, 6500653, 1, 0, 0
25506, 6440753, 1, 0, 0
26007, 6498146, 1, 0, 0
26507, 6261532, 1, 0, 0
27008, 6145815, 1, 0, 0
27506, 5890936, 1, 0, 0
28004, 5660094, 1, 0, 0
28504, 5566696, 1, 0, 0
29002, 5409884, 1, 0, 0
29500, 5298662, 1, 0, 0
30013, 5026325, 1, 0, 0
30508, 4970429, 1, 0, 0
31003, 4789436, 1, 0, 0
31500, 4618212, 1, 0, 0
32006, 4325214, 1, 0, 0
32500, 4149043, 1, 0, 0
33004, 3941685, 1, 0, 0
33510, 3778047, 1, 0, 0
34000, 3472963, 1, 0, 0
34500, 3218580, 1, 0, 0
35007, 2905158, 1, 0, 0
35500, 2665603, 1, 0, 0
36000, 2226341, 1, 0, 0
36500, 1779099, 1, 0, 0
37000, 1117481, 1, 0, 0
37509, 1973376, 1, 0, 0
38002, 14390166, 1, 0, 0
38512, 13948629, 1, 0, 0
39003, 13221317, 1, 0, 0
39512, 12651386, 1, 0, 0
40003, 12134309, 1, 0, 0
40512, 11471933, 1, 0, 0
41002, 10915622, 1, 0, 0
41510, 10300494, 1, 0, 0
42000, 9841948, 1, 0, 0
42504, 9309714, 1, 0, 0
43011, 9026666, 1, 0, 0
43516, 8730300, 1, 0, 0
44002, 8566427, 1, 0, 0
44510, 9046477, 1, 0, 0
45017, 9548911, 1, 0, 0
45503, 9632525, 1, 0, 0
46009, 9420640, 1, 0, 0
46516, 9132783, 1, 0, 0
47000, 8764740, 1, 0, 0
47506, 8782979, 1, 0, 0
48011, 8561702, 1, 0, 0
48500, 8481526, 1, 0, 0
49005, 8213698, 1, 0, 0
49511, 8234309, 1, 0, 0
50015, 8137092, 1, 0, 0
50501, 8086238, 1, 0, 0
51004, 7936779, 1, 0, 0
51509, 7896740, 1, 0, 0
52012, 7713237, 1, 0, 0
52500, 7667634, 1, 0, 0
53003, 7574900, 1, 0, 0
53505, 7484848, 1, 0, 0
54008, 7263130, 1, 0, 0
54512, 7108554, 1, 0, 0
55014, 7061527, 1, 0, 0
55500, 6917977, 1, 0, 0
56002, 6828656, 1, 0, 0
56503, 6759177, 1, 0, 0
57007, 6644172, 1, 0, 0
57507, 6419996, 1, 0, 0
58008, 6333815, 1, 0, 0
58508, 6167524, 1, 0, 0
59008, 6015607, 1, 0, 0
59506, 5796229, 1, 0, 0
60003, 5693895, 1, 0, 0
60004, 17192302, 1, 0, 0
