500, 894408, 1, 0, 0
1000, 895430, 1, 0, 0
1500, 898670, 1, 0, 0
2000, 895426, 1, 0, 0
2500, 895425, 1, 0, 0
3000, 895426, 1, 0, 0
3500, 895425, 1, 0, 0
4000, 895426, 1, 0, 0
4500, 895423, 1, 0, 0
5000, 895417, 1, 0, 0
5517, 966225, 1, 0, 0
6008, 13830410, 1, 0, 0
6500, 14255776, 1, 0, 0
7008, 13541205, 1, 0, 0
7500, 13241473, 1, 0, 0
8013, 12563523, 1, 0, 0
8502, 11834861, 1, 0, 0
9011, 11091754, 1, 0, 0
9500, 10644209, 1, 0, 0
10006, 10000540, 1, 0, 0
10514, 9604145, 1, 0, 0
11000, 9001347, 1, 0, 0
11505, 8618732, 1, 0, 0
12011, 8545080, 1, 0, 0
12500, 8704455, 1, 0, 0
13005, 9303977, 1, 0, 0
13511, 9552331, 1, 0, 0
14000, 9398999, 1, 0, 0
14503, 9262797, 1, 0, 0
15007, 8985807, 1, 0, 0
15513, 8954270, 1, 0, 0
16000, 8735433, 1, 0, 0
16504, 8541141, 1, 0, 0
17009, 8454070, 1, 0, 0
17515, 8484415, 1, 0, 0
18000, 8266811, 1, 0, 0
18504, 8140290, 1, 0, 0
19009, 7965953, 1, 0, 0
19513, 7785284, 1, 0, 0
20000, 7648174, 1, 0, 0
20501, 7500788, 1, 0, 0
21004, 7484441, 1, 0, 0
21507, 7501830, 1, 0, 0
22011, 7440107, 1, 0, 0
22515, 7219947, 1, 0, 0
23000, 7072970, 1, 0, 0
23500, 7024730, 1, 0, 0
24002, 6823257, 1, 0, 0
24505, 6755130, 1, 0, 0
25005, 6503298, 1, 0, 0
25506, 6443408, 1, 0, 0
26007, 6500806, 1, 0, 0
26507, 6264156, 1, 0, 0
27008, 6148482, 1, 0, 0
27506, 5893608, 1, 0, 0
28004, 5662751, 1, 0, 0
28504, 5569325, 1, 0, 0
29002, 5412524, 1, 0, 0
29500, 5301288, 1, 0, 0
30013, 5028964, 1, 0, 0
30508, 4973059, 1, 0, 0
31003, 4792088, 1, 0, 0
31500, 4620850, 1, 0, 0
32006, 4327864, 1, 0, 0
32500, 4151687, 1, 0, 0
33004, 3944321, 1, 0, 0
33510, 3780663, 1, 0, 0
34000, 3475594, 1, 0, 0
34500, 3221252, 1, 0, 0
35007, 2907788, 1, 0, 0
35500, 2668224, 1, 0, 0
36000, 2228963, 1, 0, 0
36500, 1781717, 1, 0, 0
37000, 1120079, 1, 0, 0
37509, 1976007, 1, 0, 0
38002, 14392818, 1, 0, 0
38512, 13951282, 1, 0, 0
39003, 13224001, 1, 0, 0
39512, 12654043, 1, 0, 0
40003, 12136969, 1, 0, 0
40512, 11474570, 1, 0, 0
41002, 10918271, 1, 0, 0
41510, 10303156, 1, 0, 0
42000, 9844605, 1, 0, 0
42504, 9312372, 1, 0, 0
43011, 9029313, 1, 0, 0
43516, 8732948, 1, 0, 0
44002, 8569091, 1, 0, 0
44510, 9049164, 1, 0, 0
45017, 9551657, 1, 0, 0
45503, 9635233, 1, 0, 0
46009, 9423294, 1, 0, 0
46516, 9135408, 1, 0, 0
47000, 8767394, 1, 0, 0
47506, 8785615, 1, 0, 0
48011, 8564344, 1, 0, 0
48500, 8484184, 1, 0, 0
49005, 8216345, 1, 0, 0
49511, 8236943, 1, 0, 0
50015, 8139787, 1, 0, 0
50501, 8088866, 1, 0, 0
51004, 7939412, 1, 0, 0
51509, 7899357, 1, 0, 0
52012, 7715860, 1, 0, 0
52500, 7670289, 1, 0, 0
53003, 7577566, 1, 0, 0
53505, 7487464, 1, 0, 0
54008, 7265755, 1, 0, 0
54512, 7111173, 1, 0, 0
55014, 7064162, 1, 0, 0
55500, 6920612, 1, 0, 0
56002, 6831289, 1, 0, 0
56503, 6761799, 1, 0, 0
57007, 6646814, 1, 0, 0
57507, 6422626, 1, 0, 0
58008, 6336438, 1, 0, 0
58508, 6170128, 1, 0, 0
59008, 6018244, 1, 0, 0
59506, 5798862, 1, 0, 0
60003, 5696509, 1, 0, 0
60004, 17194943, 1, 0, 0
