500, 763, 1, 0, 0
1000, 761, 1, 0, 0
1500, 760, 1, 0, 0
2000, 760, 1, 0, 0
2500, 761, 1, 0, 0
3000, 761, 1, 0, 0
3500, 759, 1, 0, 0
4000, 760, 1, 0, 0
4500, 760, 1, 0, 0
5000, 766, 1, 0, 0
5500, 782, 1, 0, 0
6000, 816, 1, 0, 0
6500, 810, 1, 0, 0
7000, 810, 1, 0, 0
7500, 809, 1, 0, 0
8000, 809, 1, 0, 0
8500, 830, 1, 0, 0
9000, 809, 1, 0, 0
9500, 809, 1, 0, 0
10000, 809, 1, 0, 0
10500, 812, 1, 0, 0
11000, 813, 1, 0, 0
11500, 815, 1, 0, 0
12000, 816, 1, 0, 0
12500, 815, 1, 0, 0
13000, 814, 1, 0, 0
13500, 814, 1, 0, 0
14000, 813, 1, 0, 0
14500, 814, 1, 0, 0
15000, 813, 1, 0, 0
