500, 58114, 1, 0, 0
1000, 58130, 1, 0, 0
1500, 58127, 1, 0, 0
2000, 58015, 1, 0, 0
2500, 58216, 1, 0, 0
3000, 58259, 1, 0, 0
3500, 58170, 1, 0, 0
4000, 58141, 1, 0, 0
4500, 58134, 1, 0, 0
5000, 58255, 1, 0, 0
5500, 58906, 1, 0, 0
6000, 59996, 1, 0, 0
6500, 59840, 1, 0, 0
7000, 59793, 1, 0, 0
7500, 59740, 1, 0, 0
8000, 59878, 1, 0, 0
8500, 60761, 1, 0, 0
9000, 59882, 1, 0, 0
9500, 59902, 1, 0, 0
10000, 59950, 1, 0, 0
10500, 59997, 1, 0, 0
11000, 60095, 1, 0, 0
11500, 60052, 1, 0, 0
12000, 59974, 1, 0, 0
12500, 59890, 1, 0, 0
13000, 59992, 1, 0, 0
13500, 59972, 1, 0, 0
14000, 59981, 1, 0, 0
14500, 60013, 1, 0, 0
15000, 60009, 1, 0, 0
15000, 63774, 1, 0, 0
