500, 57352, 1, 0, 0
1000, 57369, 1, 0, 0
1500, 57367, 1, 0, 0
2000, 57255, 1, 0, 0
2500, 57455, 1, 0, 0
3000, 57498, 1, 0, 0
3500, 57410, 1, 0, 0
4000, 57380, 1, 0, 0
4500, 57374, 1, 0, 0
5000, 57489, 1, 0, 0
5500, 58123, 1, 0, 0
6000, 59180, 1, 0, 0
6500, 59030, 1, 0, 0
7000, 58983, 1, 0, 0
7500, 58931, 1, 0, 0
8000, 59069, 1, 0, 0
8500, 59932, 1, 0, 0
9000, 59073, 1, 0, 0
9500, 59093, 1, 0, 0
10000, 59141, 1, 0, 0
10500, 59185, 1, 0, 0
11000, 59282, 1, 0, 0
11500, 59237, 1, 0, 0
12000, 59159, 1, 0, 0
12500, 59075, 1, 0, 0
13000, 59178, 1, 0, 0
13500, 59159, 1, 0, 0
14000, 59168, 1, 0, 0
14500, 59199, 1, 0, 0
15000, 59197, 1, 0, 0
15000, 62945, 1, 0, 0
