500, 2197928, 1, 0, 0
1000, 2196856, 1, 0, 0
1500, 2196704, 1, 0, 0
2000, 2200888, 1, 0, 0
2500, 2193440, 1, 0, 0
3000, 2191728, 1, 0, 0
3500, 2195080, 1, 0, 0
4000, 2196272, 1, 0, 0
4500, 2196496, 1, 0, 0
5000, 2191904, 1, 0, 0
5500, 2167488, 1, 0, 0
6000, 2128408, 1, 0, 0
6500, 2134056, 1, 0, 0
7000, 2135592, 1, 0, 0
7500, 2137547, 1, 0, 0
8000, 2132608, 1, 0, 0
8500, 2101800, 1, 0, 0
9000, 2132640, 1, 0, 0
9500, 2131808, 1, 0, 0
10000, 2130008, 1, 0, 0
10500, 2128496, 1, 0, 0
11000, 2124672, 1, 0, 0
11500, 2126512, 1, 0, 0
12000, 2129232, 1, 0, 0
12500, 2132176, 1, 0, 0
13000, 2128696, 1, 0, 0
13500, 2129304, 1, 0, 0
14000, 2129072, 1, 0, 0
14500, 2127792, 1, 0, 0
