500, 63527, 1, 0, 0
1000, 62129, 1, 0, 0
1500, 62072, 1, 0, 0
2000, 62396, 1, 0, 0
2500, 62297, 1, 0, 0
3000, 62275, 1, 0, 0
3500, 62172, 1, 0, 0
4000, 62374, 1, 0, 0
4500, 62232, 1, 0, 0
5000, 62528, 1, 0, 0
5500, 62367, 1, 0, 0
6000, 59678, 1, 0, 0
6502, 305617, 1, 0, 0
7015, 992721, 1, 0, 0
7506, 1004936, 1, 0, 0
8000, 930167, 1, 0, 0
8509, 864569, 1, 0, 0
9000, 821058, 1, 0, 0
9502, 841795, 1, 0, 0
10004, 789623, 1, 0, 0
10504, 775151, 1, 0, 0
11009, 680629, 1, 0, 0
11500, 784472, 1, 0, 0
12000, 785343, 1, 0, 0
12502, 707443, 1, 0, 0
13007, 686661, 1, 0, 0
13501, 593732, 1, 0, 0
14011, 605932, 1, 0, 0
14510, 825723, 1, 0, 0
15003, 766962, 1, 0, 0
15510, 633116, 1, 0, 0
16016, 734200, 1, 0, 0
16501, 792581, 1, 0, 0
17008, 676635, 1, 0, 0
17514, 686721, 1, 0, 0
18000, 747136, 1, 0, 0
18510, 762180, 1, 0, 0
19000, 669963, 1, 0, 0
19504, 678118, 1, 0, 0
20006, 690791, 1, 0, 0
20006, 15565219, 1, 0, 0
