500, 62634, 1, 0, 0
1000, 61290, 1, 0, 0
1500, 61233, 1, 0, 0
2000, 61548, 1, 0, 0
2500, 61458, 1, 0, 0
3000, 61433, 1, 0, 0
3500, 61334, 1, 0, 0
4000, 61527, 1, 0, 0
4500, 61392, 1, 0, 0
5000, 61683, 1, 0, 0
5500, 61527, 1, 0, 0
6000, 58835, 1, 0, 0
6502, 304777, 1, 0, 0
7015, 991879, 1, 0, 0
7506, 1004073, 1, 0, 0
8000, 929327, 1, 0, 0
8509, 863729, 1, 0, 0
9000, 820215, 1, 0, 0
9502, 840959, 1, 0, 0
10004, 788783, 1, 0, 0
10504, 774315, 1, 0, 0
11009, 679791, 1, 0, 0
11500, 783637, 1, 0, 0
12000, 784501, 1, 0, 0
12502, 706583, 1, 0, 0
13007, 685826, 1, 0, 0
13501, 592894, 1, 0, 0
14011, 605094, 1, 0, 0
14510, 824889, 1, 0, 0
15003, 766119, 1, 0, 0
15510, 632279, 1, 0, 0
16016, 733362, 1, 0, 0
16501, 791746, 1, 0, 0
17008, 675796, 1, 0, 0
17514, 685885, 1, 0, 0
18000, 746301, 1, 0, 0
18510, 761344, 1, 0, 0
19000, 669098, 1, 0, 0
19504, 677281, 1, 0, 0
20006, 689938, 1, 0, 0
20006, 15564382, 1, 0, 0
