500, 893, 1, 0, 0
1000, 839, 1, 0, 0
1500, 840, 1, 0, 0
2000, 849, 1, 0, 0
2500, 839, 1, 0, 0
3000, 842, 1, 0, 0
3500, 839, 1, 0, 0
4000, 847, 1, 0, 0
4500, 840, 1, 0, 0
5000, 844, 1, 0, 0
5500, 841, 1, 0, 0
6000, 843, 1, 0, 0
6502, 840, 1, 0, 0
7015, 843, 1, 0, 0
7506, 863, 1, 0, 0
8000, 839, 1, 0, 0
8509, 840, 1, 0, 0
9000, 844, 1, 0, 0
9502, 836, 1, 0, 0
10004, 840, 1, 0, 0
10504, 835, 1, 0, 0
11009, 838, 1, 0, 0
11500, 836, 1, 0, 0
12000, 842, 1, 0, 0
12502, 859, 1, 0, 0
13007, 836, 1, 0, 0
13501, 838, 1, 0, 0
14011, 838, 1, 0, 0
14510, 834, 1, 0, 0
15003, 843, 1, 0, 0
15510, 837, 1, 0, 0
16016, 837, 1, 0, 0
16501, 836, 1, 0, 0
17008, 839, 1, 0, 0
17514, 836, 1, 0, 0
18000, 836, 1, 0, 0
18510, 835, 1, 0, 0
19000, 864, 1, 0, 0
19504, 837, 1, 0, 0
20006, 853, 1, 0, 0
