500, 502552, 1, 0, 0
1000, 513752, 1, 0, 0
1500, 514132, 1, 0, 0
2000, 511542, 1, 0, 0
2500, 512296, 1, 0, 0
3000, 512480, 1, 0, 0
3500, 513306, 1, 0, 0
4000, 511656, 1, 0, 0
4500, 512820, 1, 0, 0
5000, 510400, 1, 0, 0
5500, 511665, 1, 0, 0
6000, 534696, 1, 0, 0
6500, 104432, 1, 0, 0
7000, 32224, 1, 0, 0
7500, 31200, 1, 0, 0
8000, 35232, 1, 0, 0
8500, 36368, 1, 0, 0
9000, 38370, 1, 0, 0
9500, 38270, 1, 0, 0
10000, 40464, 1, 0, 0
10500, 41280, 1, 0, 0
11000, 47552, 1, 0, 0
11500, 41680, 1, 0, 0
12000, 40768, 1, 0, 0
12500, 43616, 1, 0, 0
13000, 47136, 1, 0, 0
13500, 53152, 1, 0, 0
14000, 53760, 1, 0, 0
14500, 38880, 1, 0, 0
15000, 40992, 1, 0, 0
15500, 51184, 1, 0, 0
16000, 44032, 1, 0, 0
16500, 40352, 1, 0, 0
17000, 46640, 1, 0, 0
17500, 47168, 1, 0, 0
18000, 42976, 1, 0, 0
18500, 41648, 1, 0, 0
19000, 46704, 1, 0, 0
19500, 47648, 1, 0, 0
20000, 46368, 1, 0, 0
