500, 2010144, 1, 0, 0
1000, 2055056, 1, 0, 0
1500, 2056528, 1, 0, 0
2000, 2046160, 1, 0, 0
2500, 2049184, 1, 0, 0
3000, 2049920, 1, 0, 0
3500, 2053232, 1, 0, 0
4000, 2046624, 1, 0, 0
4500, 2051272, 1, 0, 0
5000, 2041600, 1, 0, 0
5500, 2046661, 1, 0, 0
6000, 2138784, 1, 0, 0
6500, 417728, 1, 0, 0
7000, 128896, 1, 0, 0
7500, 124800, 1, 0, 0
8000, 140928, 1, 0, 0
8500, 145472, 1, 0, 0
9000, 153480, 1, 0, 0
9500, 153080, 1, 0, 0
10000, 161856, 1, 0, 0
10500, 165120, 1, 0, 0
11000, 190208, 1, 0, 0
11500, 166720, 1, 0, 0
12000, 163072, 1, 0, 0
12500, 174464, 1, 0, 0
13000, 188544, 1, 0, 0
13500, 212608, 1, 0, 0
14000, 215040, 1, 0, 0
14500, 155520, 1, 0, 0
15000, 163968, 1, 0, 0
15500, 204736, 1, 0, 0
16000, 176128, 1, 0, 0
16500, 161410, 1, 0, 0
17000, 186560, 1, 0, 0
17500, 188672, 1, 0, 0
18000, 171904, 1, 0, 0
18500, 166592, 1, 0, 0
19000, 186816, 1, 0, 0
19500, 190592, 1, 0, 0
20000, 185472, 1, 0, 0
