[60927.373153] KSC2026-MARK map4k_bs4k_r3 insmod 1791436689719970354
[60927.391673] NVMeVirt: Version 1.10 for >> Samsung 970 Pro SSD <<
[60927.391691] NVMeVirt: Storage: 0x300100000-0x600000000 (12287 MiB)
[60927.401684] NVMeVirt: Total Capacity(GiB,MiB)=3,3072 chs=2 luns=4 lines=384 blk-size(MiB,KiB)=2,2048 line-size(MiB,KiB)=8,8192
[60927.401688] NVMeVirt: KSC2026: mapping unit=4096 B, flash page=32768 B, oneshot page=32768 B, pgs_per_blk=512, blks_per_pl=384, write buffer=1048576 B
[60927.409554] NVMeVirt: [chmodel_init] bandwidth 800 max_credits 26 tx_time 152
[60927.416300] NVMeVirt: [chmodel_init] bandwidth 800 max_credits 26 tx_time 152
[60927.416311] NVMeVirt: [chmodel_init] bandwidth 3360 max_credits 110 tx_time 36
[60927.417681] NVMeVirt: pqueue: Copyright (c) 2014, Volkan Yazıcı <volkan.yazici@gmail.com>. All rights reserved.
[60927.417683] NVMeVirt: Init FTL instance with 2 channels (786432 pages)
[60927.424393] NVMeVirt: [chmodel_init] bandwidth 800 max_credits 26 tx_time 152
[60927.431059] NVMeVirt: [chmodel_init] bandwidth 800 max_credits 26 tx_time 152
[60927.431069] NVMeVirt: [chmodel_init] bandwidth 3360 max_credits 110 tx_time 36
[60927.432429] NVMeVirt: Init FTL instance with 2 channels (786432 pages)
[60927.439190] NVMeVirt: [chmodel_init] bandwidth 800 max_credits 26 tx_time 152
[60927.445892] NVMeVirt: [chmodel_init] bandwidth 800 max_credits 26 tx_time 152
[60927.445903] NVMeVirt: [chmodel_init] bandwidth 3360 max_credits 110 tx_time 36
[60927.447283] NVMeVirt: Init FTL instance with 2 channels (786432 pages)
[60927.454016] NVMeVirt: [chmodel_init] bandwidth 800 max_credits 26 tx_time 152
[60927.460720] NVMeVirt: [chmodel_init] bandwidth 800 max_credits 26 tx_time 152
[60927.460731] NVMeVirt: [chmodel_init] bandwidth 3360 max_credits 110 tx_time 36
[60927.462148] NVMeVirt: Init FTL instance with 2 channels (786432 pages)
[60927.462152] NVMeVirt: FTL physical space: 12883853312, logical space: 12040984403 (physical/logical * 100 = 107)
[60927.462153] NVMeVirt: KSC2026: WBUF_FIX=0 GC_STATS=1
[60927.462154] NVMeVirt: ns 0/1: size 11483 MiB
[60927.462187] PCI host bridge to bus 0001:10
[60927.462188] pci_bus 0001:10: root bus resource [io  0x0000-0xffff]
[60927.462190] pci_bus 0001:10: root bus resource [mem 0x00000000-0x3fffffffffff]
[60927.462191] pci_bus 0001:10: root bus resource [bus 00-ff]
[60927.462197] pci 0001:10:00.0: [0c51:0110] type 00 class 0x010802 PCIe Endpoint
[60927.462199] pci 0001:10:00.0: BAR 0 [mem 0x300000000-0x300003fff 64bit]
[60927.462201] pci 0001:10:00.0: enabling Extended Tags
[60927.462302] NVMeVirt: Virtual PCI bus created (node 0)
[60927.462676] NVMeVirt: nvmev_io_worker_0 started on cpu 4 (node 0)
[60927.462849] NVMeVirt: nvmev_io_worker_1 started on cpu 5 (node 0)
[60927.462862] NVMeVirt: nvmev_dispatcher started on cpu 3 (node 0)
[60927.463102] nvme nvme1: pci function 0001:10:00.0
[60927.466809] nvme nvme1: 1/0/0 default/read/poll queues
[60927.468720] NVMeVirt: Virtual NVMe device created
[60931.493538] KSC2026-MARK map4k_bs4k_r3 fio-start 1791436693852684914
[60937.794820] NVMeVirt: KSC2026: first GC part=0 victim line=343 vpc=1898 ipc=150 free_lines=2 host_pgs=778240
[60937.796752] NVMeVirt: KSC2026: first GC part=2 victim line=340 vpc=1889 ipc=159 free_lines=2 host_pgs=778240
[60937.814560] NVMeVirt: KSC2026: first GC part=3 victim line=194 vpc=1893 ipc=155 free_lines=2 host_pgs=778240
[60937.815720] NVMeVirt: KSC2026: first GC part=1 victim line=106 vpc=1897 ipc=151 free_lines=2 host_pgs=778240
[60951.777044] KSC2026-MARK map4k_bs4k_r3 fio-end
[60951.780720] KSC2026-MARK map4k_bs4k_r3 rmmod 1791436714140821713
[60951.840944] pci_bus 0001:10: busn_res: [bus 10-ff] is released
[60951.840993] NVMeVirt: KSC2026: stats part=0 host_pgs=927574 gc_pgs=1085652 gc_cnt=602 free_lines=2
[60951.840995] NVMeVirt: KSC2026: stats part=1 host_pgs=927172 gc_pgs=1083894 gc_cnt=601 free_lines=2
[60951.840996] NVMeVirt: KSC2026: stats part=2 host_pgs=927926 gc_pgs=1091398 gc_cnt=605 free_lines=2
[60951.840996] NVMeVirt: KSC2026: stats part=3 host_pgs=927512 gc_pgs=1089702 gc_cnt=604 free_lines=2
[60951.907899] NVMeVirt: Virtual NVMe device closed
