500, 111511, 1, 0, 0
1000, 111632, 1, 0, 0
1500, 111777, 1, 0, 0
2000, 111902, 1, 0, 0
2500, 111564, 1, 0, 0
3000, 112060, 1, 0, 0
3500, 111547, 1, 0, 0
4000, 111821, 1, 0, 0
4500, 111916, 1, 0, 0
5000, 111870, 1, 0, 0
5511, 111591, 1, 0, 0
6014, 1429761, 1, 0, 0
6506, 2020494, 1, 0, 0
7000, 1903568, 1, 0, 0
7510, 1783593, 1, 0, 0
8003, 1691512, 1, 0, 0
8515, 1598190, 1, 0, 0
9007, 1523209, 1, 0, 0
9500, 1419804, 1, 0, 0
10006, 1365702, 1, 0, 0
10505, 1428649, 1, 0, 0
11013, 1228533, 1, 0, 0
11506, 1328222, 1, 0, 0
12007, 1172854, 1, 0, 0
12504, 1140643, 1, 0, 0
13013, 1058913, 1, 0, 0
13513, 1453923, 1, 0, 0
14011, 1397682, 1, 0, 0
14501, 1215067, 1, 0, 0
15009, 1169956, 1, 0, 0
15513, 1203145, 1, 0, 0
16015, 1206616, 1, 0, 0
16504, 1382109, 1, 0, 0
17011, 1400912, 1, 0, 0
17505, 1227067, 1, 0, 0
18007, 1146818, 1, 0, 0
18515, 1044362, 1, 0, 0
19003, 1045518, 1, 0, 0
19507, 1100428, 1, 0, 0
20013, 1313828, 1, 0, 0
20507, 1526540, 1, 0, 0
21009, 1305702, 1, 0, 0
21502, 1439398, 1, 0, 0
22006, 1276055, 1, 0, 0
22514, 973887, 1, 0, 0
23002, 944742, 1, 0, 0
23506, 975413, 1, 0, 0
24000, 1089386, 1, 0, 0
24506, 1061086, 1, 0, 0
25005, 981912, 1, 0, 0
25500, 1047952, 1, 0, 0
26013, 1185987, 1, 0, 0
26500, 1369806, 1, 0, 0
27002, 1305608, 1, 0, 0
27510, 1522856, 1, 0, 0
28011, 1295598, 1, 0, 0
28500, 984703, 1, 0, 0
29004, 938644, 1, 0, 0
29510, 1146460, 1, 0, 0
30000, 1073783, 1, 0, 0
30511, 1256713, 1, 0, 0
31005, 1028718, 1, 0, 0
31500, 983613, 1, 0, 0
32001, 1278226, 1, 0, 0
32500, 1140625, 1, 0, 0
33004, 1168297, 1, 0, 0
33504, 1250631, 1, 0, 0
34000, 1083426, 1, 0, 0
34501, 761010, 1, 0, 0
35000, 1170028, 1, 0, 0
35500, 1070822, 1, 0, 0
36000, 711011, 1, 0, 0
36501, 608481, 1, 0, 0
37001, 914942, 1, 0, 0
37508, 1017318, 1, 0, 0
38011, 974485, 1, 0, 0
38510, 702461, 1, 0, 0
39008, 900424, 1, 0, 0
39504, 889997, 1, 0, 0
40004, 812969, 1, 0, 0
40512, 844707, 1, 0, 0
41002, 799743, 1, 0, 0
41503, 776108, 1, 0, 0
42001, 726021, 1, 0, 0
42507, 686874, 1, 0, 0
43002, 491676, 1, 0, 0
43500, 415499, 1, 0, 0
44000, 409556, 1, 0, 0
44500, 442150, 1, 0, 0
45001, 273296, 1, 0, 0
45501, 271150, 1, 0, 0
46000, 133982, 1, 0, 0
46516, 652390, 1, 0, 0
47011, 2005661, 1, 0, 0
47503, 1958463, 1, 0, 0
48015, 1800945, 1, 0, 0
48507, 1704365, 1, 0, 0
49014, 1721937, 1, 0, 0
49505, 1511077, 1, 0, 0
50014, 1415493, 1, 0, 0
50501, 1387353, 1, 0, 0
51009, 1308257, 1, 0, 0
51500, 1242325, 1, 0, 0
52006, 1145082, 1, 0, 0
52511, 1386764, 1, 0, 0
53001, 1265664, 1, 0, 0
53508, 1578721, 1, 0, 0
54006, 1362479, 1, 0, 0
54506, 1364157, 1, 0, 0
55013, 1272690, 1, 0, 0
55503, 1195908, 1, 0, 0
56009, 1212033, 1, 0, 0
56516, 1465532, 1, 0, 0
57000, 1173345, 1, 0, 0
57509, 1720288, 1, 0, 0
58000, 1098294, 1, 0, 0
58500, 1138599, 1, 0, 0
59007, 1047174, 1, 0, 0
59514, 1043208, 1, 0, 0
60001, 1032198, 1, 0, 0
60002, 16953604, 1, 0, 0
