500, 112496, 1, 0, 0
1000, 112622, 1, 0, 0
1500, 112765, 1, 0, 0
2000, 112893, 1, 0, 0
2500, 112551, 1, 0, 0
3000, 113049, 1, 0, 0
3500, 112541, 1, 0, 0
4000, 112806, 1, 0, 0
4500, 112904, 1, 0, 0
5000, 112857, 1, 0, 0
5511, 112576, 1, 0, 0
6014, 1430768, 1, 0, 0
6506, 2021509, 1, 0, 0
7000, 1904591, 1, 0, 0
7510, 1784628, 1, 0, 0
8003, 1692538, 1, 0, 0
8515, 1599208, 1, 0, 0
9007, 1524222, 1, 0, 0
9500, 1420812, 1, 0, 0
10006, 1366705, 1, 0, 0
10505, 1429660, 1, 0, 0
11013, 1229559, 1, 0, 0
11506, 1329224, 1, 0, 0
12007, 1173860, 1, 0, 0
12504, 1141642, 1, 0, 0
13013, 1059904, 1, 0, 0
13513, 1454931, 1, 0, 0
14011, 1398680, 1, 0, 0
14501, 1216056, 1, 0, 0
15009, 1170950, 1, 0, 0
15513, 1204141, 1, 0, 0
16015, 1207611, 1, 0, 0
16504, 1383124, 1, 0, 0
17011, 1401916, 1, 0, 0
17505, 1228064, 1, 0, 0
18007, 1147823, 1, 0, 0
18515, 1045352, 1, 0, 0
19003, 1046509, 1, 0, 0
19507, 1101430, 1, 0, 0
20013, 1314833, 1, 0, 0
20507, 1527547, 1, 0, 0
21009, 1306708, 1, 0, 0
21502, 1440405, 1, 0, 0
22006, 1277051, 1, 0, 0
22514, 974874, 1, 0, 0
23002, 945728, 1, 0, 0
23506, 976403, 1, 0, 0
24000, 1090386, 1, 0, 0
24506, 1062099, 1, 0, 0
25005, 982916, 1, 0, 0
25500, 1048955, 1, 0, 0
26013, 1186981, 1, 0, 0
26500, 1370811, 1, 0, 0
27002, 1306611, 1, 0, 0
27510, 1523857, 1, 0, 0
28011, 1296594, 1, 0, 0
28500, 985692, 1, 0, 0
29004, 939640, 1, 0, 0
29510, 1147453, 1, 0, 0
30000, 1074778, 1, 0, 0
30511, 1257706, 1, 0, 0
31005, 1029720, 1, 0, 0
31500, 984607, 1, 0, 0
32001, 1279218, 1, 0, 0
32500, 1141615, 1, 0, 0
33004, 1169295, 1, 0, 0
33504, 1251632, 1, 0, 0
34000, 1084420, 1, 0, 0
34501, 761989, 1, 0, 0
35000, 1171019, 1, 0, 0
35500, 1071810, 1, 0, 0
36000, 712000, 1, 0, 0
36501, 609466, 1, 0, 0
37001, 915942, 1, 0, 0
37508, 1018313, 1, 0, 0
38011, 975472, 1, 0, 0
38510, 703452, 1, 0, 0
39008, 901413, 1, 0, 0
39504, 890986, 1, 0, 0
40004, 813956, 1, 0, 0
40512, 845696, 1, 0, 0
41002, 800741, 1, 0, 0
41503, 777104, 1, 0, 0
42001, 727003, 1, 0, 0
42507, 687857, 1, 0, 0
43002, 492672, 1, 0, 0
43500, 416486, 1, 0, 0
44000, 410539, 1, 0, 0
44500, 443140, 1, 0, 0
45001, 274281, 1, 0, 0
45501, 272133, 1, 0, 0
46000, 134962, 1, 0, 0
46516, 653385, 1, 0, 0
47011, 2006667, 1, 0, 0
47503, 1959479, 1, 0, 0
48015, 1801941, 1, 0, 0
48507, 1705367, 1, 0, 0
49014, 1722952, 1, 0, 0
49505, 1512072, 1, 0, 0
50014, 1416486, 1, 0, 0
50501, 1388354, 1, 0, 0
51009, 1309257, 1, 0, 0
51500, 1243337, 1, 0, 0
52006, 1146072, 1, 0, 0
52511, 1387770, 1, 0, 0
53001, 1266660, 1, 0, 0
53508, 1579730, 1, 0, 0
54006, 1363480, 1, 0, 0
54506, 1365158, 1, 0, 0
55013, 1273689, 1, 0, 0
55503, 1196907, 1, 0, 0
56009, 1213034, 1, 0, 0
56516, 1466537, 1, 0, 0
57000, 1174349, 1, 0, 0
57509, 1721298, 1, 0, 0
58000, 1099280, 1, 0, 0
58500, 1139585, 1, 0, 0
59007, 1048173, 1, 0, 0
59514, 1044198, 1, 0, 0
60001, 1033187, 1, 0, 0
60002, 16954611, 1, 0, 0
