500, 985, 1, 0, 0
1000, 990, 1, 0, 0
1500, 989, 1, 0, 0
2000, 991, 1, 0, 0
2500, 987, 1, 0, 0
3000, 989, 1, 0, 0
3500, 995, 1, 0, 0
4000, 986, 1, 0, 0
4500, 988, 1, 0, 0
5000, 986, 1, 0, 0
5511, 985, 1, 0, 0
6014, 1007, 1, 0, 0
6506, 1015, 1, 0, 0
7000, 1022, 1, 0, 0
7510, 1035, 1, 0, 0
8003, 1025, 1, 0, 0
8515, 1017, 1, 0, 0
9007, 1013, 1, 0, 0
9500, 1008, 1, 0, 0
10006, 1003, 1, 0, 0
10505, 1011, 1, 0, 0
11013, 1027, 1, 0, 0
11506, 1003, 1, 0, 0
12007, 1006, 1, 0, 0
12504, 999, 1, 0, 0
13013, 991, 1, 0, 0
13513, 1008, 1, 0, 0
14011, 998, 1, 0, 0
14501, 990, 1, 0, 0
15009, 994, 1, 0, 0
15513, 996, 1, 0, 0
16015, 995, 1, 0, 0
16504, 1015, 1, 0, 0
17011, 1004, 1, 0, 0
17505, 997, 1, 0, 0
18007, 1005, 1, 0, 0
18515, 990, 1, 0, 0
19003, 990, 1, 0, 0
19507, 1002, 1, 0, 0
20013, 1006, 1, 0, 0
20507, 1007, 1, 0, 0
21009, 1006, 1, 0, 0
21502, 1007, 1, 0, 0
22006, 996, 1, 0, 0
22514, 987, 1, 0, 0
23002, 986, 1, 0, 0
23506, 989, 1, 0, 0
24000, 1001, 1, 0, 0
24506, 1013, 1, 0, 0
25005, 1004, 1, 0, 0
25500, 1003, 1, 0, 0
26013, 994, 1, 0, 0
26500, 1005, 1, 0, 0
27002, 1003, 1, 0, 0
27510, 1001, 1, 0, 0
28011, 996, 1, 0, 0
28500, 989, 1, 0, 0
29004, 996, 1, 0, 0
29510, 993, 1, 0, 0
30000, 995, 1, 0, 0
30511, 994, 1, 0, 0
31005, 1003, 1, 0, 0
31500, 994, 1, 0, 0
32001, 993, 1, 0, 0
32500, 991, 1, 0, 0
33004, 998, 1, 0, 0
33504, 1001, 1, 0, 0
34000, 994, 1, 0, 0
34501, 980, 1, 0, 0
35000, 991, 1, 0, 0
35500, 988, 1, 0, 0
36000, 989, 1, 0, 0
36501, 986, 1, 0, 0
37001, 1000, 1, 0, 0
37508, 995, 1, 0, 0
38011, 987, 1, 0, 0
38510, 992, 1, 0, 0
39008, 989, 1, 0, 0
39504, 989, 1, 0, 0
40004, 987, 1, 0, 0
40512, 988, 1, 0, 0
41002, 997, 1, 0, 0
41503, 996, 1, 0, 0
42001, 982, 1, 0, 0
42507, 983, 1, 0, 0
43002, 997, 1, 0, 0
43500, 986, 1, 0, 0
44000, 983, 1, 0, 0
44500, 990, 1, 0, 0
45001, 984, 1, 0, 0
45501, 984, 1, 0, 0
46000, 979, 1, 0, 0
46516, 995, 1, 0, 0
47011, 1006, 1, 0, 0
47503, 1016, 1, 0, 0
48015, 995, 1, 0, 0
48507, 1002, 1, 0, 0
49014, 1014, 1, 0, 0
49505, 995, 1, 0, 0
50014, 994, 1, 0, 0
50501, 1002, 1, 0, 0
51009, 1000, 1, 0, 0
51500, 1012, 1, 0, 0
52006, 991, 1, 0, 0
52511, 1006, 1, 0, 0
53001, 996, 1, 0, 0
53508, 1009, 1, 0, 0
54006, 1000, 1, 0, 0
54506, 1000, 1, 0, 0
55013, 999, 1, 0, 0
55503, 999, 1, 0, 0
56009, 1001, 1, 0, 0
56516, 1006, 1, 0, 0
57000, 1004, 1, 0, 0
57509, 1010, 1, 0, 0
58000, 986, 1, 0, 0
58500, 986, 1, 0, 0
59007, 999, 1, 0, 0
59514, 990, 1, 0, 0
60002, 990, 1, 0, 0
