500, 2271872, 1, 0, 0
1000, 2268928, 1, 0, 0
1500, 2266112, 1, 0, 0
2000, 2263296, 1, 0, 0
2500, 2270208, 1, 0, 0
3000, 2260112, 1, 0, 0
3500, 2270448, 1, 0, 0
4000, 2265056, 1, 0, 0
4500, 2263456, 1, 0, 0
5000, 2263776, 1, 0, 0
5500, 2241696, 1, 0, 0
6000, 180096, 1, 0, 0
6500, 124288, 1, 0, 0
7000, 138496, 1, 0, 0
7500, 140800, 1, 0, 0
8000, 149290, 1, 0, 0
8500, 164096, 1, 0, 0
9000, 164736, 1, 0, 0
9500, 184432, 1, 0, 0
10000, 182672, 1, 0, 0
10500, 179328, 1, 0, 0
11000, 210688, 1, 0, 0
11500, 190336, 1, 0, 0
12000, 218240, 1, 0, 0
12500, 223104, 1, 0, 0
13000, 245504, 1, 0, 0
13500, 175872, 1, 0, 0
14000, 182144, 1, 0, 0
14500, 206336, 1, 0, 0
15000, 222208, 1, 0, 0
15500, 214272, 1, 0, 0
16000, 213248, 1, 0, 0
16500, 181120, 1, 0, 0
17000, 184704, 1, 0, 0
17500, 206592, 1, 0, 0
18000, 223104, 1, 0, 0
18500, 248832, 1, 0, 0
19000, 238592, 1, 0, 0
19500, 234368, 1, 0, 0
20000, 197376, 1, 0, 0
20500, 165248, 1, 0, 0
21000, 197386, 1, 0, 0
21500, 175488, 1, 0, 0
22000, 201472, 1, 0, 0
22500, 267136, 1, 0, 0
23000, 263680, 1, 0, 0
23500, 264064, 1, 0, 0
24000, 239936, 1, 0, 0
24500, 236480, 1, 0, 0
25000, 259328, 1, 0, 0
25500, 250432, 1, 0, 0
26000, 213312, 1, 0, 0
26500, 188560, 1, 0, 0
27000, 189808, 1, 0, 0
27500, 170880, 1, 0, 0
28000, 197888, 1, 0, 0
28500, 263296, 1, 0, 0
29000, 264704, 1, 0, 0
29500, 225536, 1, 0, 0
30000, 234384, 1, 0, 0
30500, 207088, 1, 0, 0
31000, 245376, 1, 0, 0
31500, 267920, 1, 0, 0
32000, 191584, 1, 0, 0
32500, 233792, 1, 0, 0
33000, 211264, 1, 0, 0
33500, 205082, 1, 0, 0
34000, 240384, 1, 0, 0
34500, 327424, 1, 0, 0
35000, 224128, 1, 0, 0
35500, 239360, 1, 0, 0
36000, 348672, 1, 0, 0
36500, 420096, 1, 0, 0
37000, 280576, 1, 0, 0
37500, 254592, 1, 0, 0
38000, 264576, 1, 0, 0
38500, 362624, 1, 0, 0
39000, 282880, 1, 0, 0
39500, 284544, 1, 0, 0
40000, 315264, 1, 0, 0
40500, 307328, 1, 0, 0
41000, 313088, 1, 0, 0
41500, 330496, 1, 0, 0
42000, 350848, 1, 0, 0
42500, 376320, 1, 0, 0
43000, 513920, 1, 0, 0
43500, 629712, 1, 0, 0
44000, 608688, 1, 0, 0
44500, 581696, 1, 0, 0
45000, 932032, 1, 0, 0
45501, 945920, 1, 0, 0
46000, 1909194, 1, 0, 0
46500, 390816, 1, 0, 0
47000, 126208, 1, 0, 0
47500, 128640, 1, 0, 0
48000, 145408, 1, 0, 0
48500, 147840, 1, 0, 0
49000, 150656, 1, 0, 0
49500, 166144, 1, 0, 0
50000, 184064, 1, 0, 0
50500, 180096, 1, 0, 0
51000, 198400, 1, 0, 0
51500, 207680, 1, 0, 0
52000, 219968, 1, 0, 0
52500, 186880, 1, 0, 0
53000, 198016, 1, 0, 0
53500, 164224, 1, 0, 0
54000, 185984, 1, 0, 0
54500, 188288, 1, 0, 0
55000, 203776, 1, 0, 0
55500, 209408, 1, 0, 0
56000, 214016, 1, 0, 0
56500, 176128, 1, 0, 0
57000, 212528, 1, 0, 0
57500, 150396, 1, 0, 0
58000, 236512, 1, 0, 0
58500, 218784, 1, 0, 0
59000, 245888, 1, 0, 0
59500, 248320, 1, 0, 0
60000, 241792, 1, 0, 0
