500, 283984, 1, 0, 0
1000, 283616, 1, 0, 0
1500, 283264, 1, 0, 0
2000, 282912, 1, 0, 0
2500, 283776, 1, 0, 0
3000, 282514, 1, 0, 0
3500, 283806, 1, 0, 0
4000, 283132, 1, 0, 0
4500, 282932, 1, 0, 0
5000, 282972, 1, 0, 0
5500, 280212, 1, 0, 0
6000, 22512, 1, 0, 0
6500, 15536, 1, 0, 0
7000, 17312, 1, 0, 0
7500, 17600, 1, 0, 0
8000, 18661, 1, 0, 0
8500, 20512, 1, 0, 0
9000, 20592, 1, 0, 0
9500, 23054, 1, 0, 0
10000, 22834, 1, 0, 0
10500, 22416, 1, 0, 0
11000, 26336, 1, 0, 0
11500, 23792, 1, 0, 0
12000, 27280, 1, 0, 0
12500, 27888, 1, 0, 0
13000, 30688, 1, 0, 0
13500, 21984, 1, 0, 0
14000, 22768, 1, 0, 0
14500, 25792, 1, 0, 0
15000, 27776, 1, 0, 0
15500, 26784, 1, 0, 0
16000, 26656, 1, 0, 0
16500, 22640, 1, 0, 0
17000, 23088, 1, 0, 0
17500, 25824, 1, 0, 0
18000, 27888, 1, 0, 0
18500, 31104, 1, 0, 0
19000, 29824, 1, 0, 0
19500, 29296, 1, 0, 0
20000, 24672, 1, 0, 0
20500, 20656, 1, 0, 0
21000, 24673, 1, 0, 0
21500, 21936, 1, 0, 0
22000, 25184, 1, 0, 0
22500, 33392, 1, 0, 0
23000, 32960, 1, 0, 0
23500, 33008, 1, 0, 0
24000, 29992, 1, 0, 0
24500, 29560, 1, 0, 0
25000, 32416, 1, 0, 0
25500, 31304, 1, 0, 0
26000, 26664, 1, 0, 0
26500, 23570, 1, 0, 0
27000, 23726, 1, 0, 0
27500, 21360, 1, 0, 0
28000, 24736, 1, 0, 0
28500, 32912, 1, 0, 0
29000, 33088, 1, 0, 0
29500, 28192, 1, 0, 0
30000, 29298, 1, 0, 0
30500, 25886, 1, 0, 0
31000, 30672, 1, 0, 0
31500, 33492, 1, 0, 0
32000, 23948, 1, 0, 0
32500, 29224, 1, 0, 0
33000, 26408, 1, 0, 0
33500, 25635, 1, 0, 0
34000, 30048, 1, 0, 0
34500, 40928, 1, 0, 0
35000, 28016, 1, 0, 0
35500, 29920, 1, 0, 0
36000, 43584, 1, 0, 0
36500, 52512, 1, 0, 0
37000, 35072, 1, 0, 0
37500, 31824, 1, 0, 0
38000, 33072, 1, 0, 0
38500, 45328, 1, 0, 0
39000, 35360, 1, 0, 0
39500, 35568, 1, 0, 0
40000, 39408, 1, 0, 0
40500, 38416, 1, 0, 0
41000, 39136, 1, 0, 0
41500, 41312, 1, 0, 0
42000, 43856, 1, 0, 0
42500, 47040, 1, 0, 0
43000, 64240, 1, 0, 0
43500, 78714, 1, 0, 0
44000, 76086, 1, 0, 0
44500, 72712, 1, 0, 0
45000, 116504, 1, 0, 0
45501, 118240, 1, 0, 0
46000, 238649, 1, 0, 0
46500, 48852, 1, 0, 0
47000, 15776, 1, 0, 0
47500, 16080, 1, 0, 0
48000, 18176, 1, 0, 0
48500, 18480, 1, 0, 0
49000, 18832, 1, 0, 0
49500, 20768, 1, 0, 0
50000, 23008, 1, 0, 0
50500, 22512, 1, 0, 0
51000, 24800, 1, 0, 0
51500, 25960, 1, 0, 0
52000, 27496, 1, 0, 0
52500, 23360, 1, 0, 0
53000, 24752, 1, 0, 0
53500, 20528, 1, 0, 0
54000, 23248, 1, 0, 0
54500, 23536, 1, 0, 0
55000, 25472, 1, 0, 0
55500, 26176, 1, 0, 0
56000, 26752, 1, 0, 0
56500, 22016, 1, 0, 0
57000, 26566, 1, 0, 0
57500, 18799, 1, 0, 0
58000, 29564, 1, 0, 0
58500, 27348, 1, 0, 0
59000, 30736, 1, 0, 0
59500, 31040, 1, 0, 0
60000, 30224, 1, 0, 0
