500, 223588, 1, 0, 0
1000, 223713, 1, 0, 0
1500, 223713, 1, 0, 0
2000, 223776, 1, 0, 0
2500, 223711, 1, 0, 0
3000, 223711, 1, 0, 0
3500, 223709, 1, 0, 0
4000, 223708, 1, 0, 0
4500, 223709, 1, 0, 0
5000, 224685, 1, 0, 0
5500, 223888, 1, 0, 0
6000, 223715, 1, 0, 0
6500, 223715, 1, 0, 0
7000, 223716, 1, 0, 0
7500, 223715, 1, 0, 0
8000, 223716, 1, 0, 0
8500, 223715, 1, 0, 0
9000, 223715, 1, 0, 0
9500, 223715, 1, 0, 0
10000, 223716, 1, 0, 0
10500, 224138, 1, 0, 0
11000, 223716, 1, 0, 0
11500, 223715, 1, 0, 0
12000, 224030, 1, 0, 0
12500, 223716, 1, 0, 0
13000, 224701, 1, 0, 0
13500, 223716, 1, 0, 0
14000, 224790, 1, 0, 0
14500, 223709, 1, 0, 0
15000, 223707, 1, 0, 0
15500, 223933, 1, 0, 0
16000, 223706, 1, 0, 0
16500, 223707, 1, 0, 0
17000, 223707, 1, 0, 0
17500, 223707, 1, 0, 0
18000, 223706, 1, 0, 0
18500, 223708, 1, 0, 0
19000, 223881, 1, 0, 0
19500, 223718, 1, 0, 0
20000, 223711, 1, 0, 0
20500, 223710, 1, 0, 0
21000, 223930, 1, 0, 0
21500, 223705, 1, 0, 0
22000, 223705, 1, 0, 0
22500, 223705, 1, 0, 0
23000, 223705, 1, 0, 0
23500, 223704, 1, 0, 0
24000, 223704, 1, 0, 0
24500, 223703, 1, 0, 0
25000, 225864, 1, 0, 0
25500, 223714, 1, 0, 0
26000, 223900, 1, 0, 0
26500, 223707, 1, 0, 0
27000, 224116, 1, 0, 0
27500, 223716, 1, 0, 0
28000, 223717, 1, 0, 0
28500, 223717, 1, 0, 0
29000, 223717, 1, 0, 0
29500, 223715, 1, 0, 0
30000, 223717, 1, 0, 0
30500, 223718, 1, 0, 0
31000, 223918, 1, 0, 0
31500, 223708, 1, 0, 0
32000, 223746, 1, 0, 0
32500, 223707, 1, 0, 0
33000, 223708, 1, 0, 0
33500, 223707, 1, 0, 0
34000, 223708, 1, 0, 0
34500, 223707, 1, 0, 0
35000, 223707, 1, 0, 0
35500, 223708, 1, 0, 0
36000, 224127, 1, 0, 0
36500, 224770, 1, 0, 0
37000, 223743, 1, 0, 0
37500, 223714, 1, 0, 0
38000, 223714, 1, 0, 0
38500, 223715, 1, 0, 0
39000, 223716, 1, 0, 0
39500, 223715, 1, 0, 0
40000, 223714, 1, 0, 0
40500, 223715, 1, 0, 0
41000, 224301, 1, 0, 0
41500, 223965, 1, 0, 0
42000, 223960, 1, 0, 0
42500, 223716, 1, 0, 0
43000, 223715, 1, 0, 0
43500, 223716, 1, 0, 0
44000, 223714, 1, 0, 0
44500, 223715, 1, 0, 0
45000, 223716, 1, 0, 0
45500, 223715, 1, 0, 0
46000, 223716, 1, 0, 0
46500, 223957, 1, 0, 0
47000, 225230, 1, 0, 0
47500, 223710, 1, 0, 0
48000, 223881, 1, 0, 0
48500, 223738, 1, 0, 0
49000, 223715, 1, 0, 0
49500, 223715, 1, 0, 0
50000, 223716, 1, 0, 0
50500, 223715, 1, 0, 0
51000, 223727, 1, 0, 0
51500, 224852, 1, 0, 0
52000, 223930, 1, 0, 0
52500, 223712, 1, 0, 0
53000, 223711, 1, 0, 0
53500, 223711, 1, 0, 0
54000, 223711, 1, 0, 0
54500, 223712, 1, 0, 0
55000, 223712, 1, 0, 0
55500, 223712, 1, 0, 0
56000, 223711, 1, 0, 0
56500, 223713, 1, 0, 0
57000, 223926, 1, 0, 0
57500, 223705, 1, 0, 0
58000, 223706, 1, 0, 0
58500, 223705, 1, 0, 0
59000, 223707, 1, 0, 0
59500, 223708, 1, 0, 0
60000, 223707, 1, 0, 0
60000, 293952, 1, 0, 0
