500, 222439, 1, 0, 0
1000, 222556, 1, 0, 0
1500, 222565, 1, 0, 0
2000, 222614, 1, 0, 0
2500, 222554, 1, 0, 0
3000, 222540, 1, 0, 0
3500, 222541, 1, 0, 0
4000, 222531, 1, 0, 0
4500, 222549, 1, 0, 0
5000, 223450, 1, 0, 0
5500, 222664, 1, 0, 0
6000, 222493, 1, 0, 0
6500, 222507, 1, 0, 0
7000, 222507, 1, 0, 0
7500, 222511, 1, 0, 0
8000, 222508, 1, 0, 0
8500, 222507, 1, 0, 0
9000, 222504, 1, 0, 0
9500, 222506, 1, 0, 0
10000, 222493, 1, 0, 0
10500, 222875, 1, 0, 0
11000, 222519, 1, 0, 0
11500, 222523, 1, 0, 0
12000, 222764, 1, 0, 0
12500, 222492, 1, 0, 0
13000, 223478, 1, 0, 0
13500, 222526, 1, 0, 0
14000, 223495, 1, 0, 0
14500, 222478, 1, 0, 0
15000, 222479, 1, 0, 0
15500, 222706, 1, 0, 0
16000, 222458, 1, 0, 0
16500, 222468, 1, 0, 0
17000, 222462, 1, 0, 0
17500, 222478, 1, 0, 0
18000, 222470, 1, 0, 0
18500, 222482, 1, 0, 0
19000, 222643, 1, 0, 0
19500, 222480, 1, 0, 0
20000, 222480, 1, 0, 0
20500, 222483, 1, 0, 0
21000, 222685, 1, 0, 0
21500, 222485, 1, 0, 0
22000, 222492, 1, 0, 0
22500, 222488, 1, 0, 0
23000, 222488, 1, 0, 0
23500, 222488, 1, 0, 0
24000, 222490, 1, 0, 0
24500, 222488, 1, 0, 0
25000, 224617, 1, 0, 0
25500, 222512, 1, 0, 0
26000, 222681, 1, 0, 0
26500, 222471, 1, 0, 0
27000, 222873, 1, 0, 0
27500, 222520, 1, 0, 0
28000, 222518, 1, 0, 0
28500, 222526, 1, 0, 0
29000, 222515, 1, 0, 0
29500, 222521, 1, 0, 0
30000, 222517, 1, 0, 0
30500, 222529, 1, 0, 0
31000, 222703, 1, 0, 0
31500, 222467, 1, 0, 0
32000, 222507, 1, 0, 0
32500, 222483, 1, 0, 0
33000, 222483, 1, 0, 0
33500, 222479, 1, 0, 0
34000, 222478, 1, 0, 0
34500, 222485, 1, 0, 0
35000, 222478, 1, 0, 0
35500, 222480, 1, 0, 0
36000, 222862, 1, 0, 0
36500, 223378, 1, 0, 0
37000, 222535, 1, 0, 0
37500, 222511, 1, 0, 0
38000, 222508, 1, 0, 0
38500, 222528, 1, 0, 0
39000, 222527, 1, 0, 0
39500, 222519, 1, 0, 0
40000, 222523, 1, 0, 0
40500, 222510, 1, 0, 0
41000, 223058, 1, 0, 0
41500, 222682, 1, 0, 0
42000, 222735, 1, 0, 0
42500, 222518, 1, 0, 0
43000, 222512, 1, 0, 0
43500, 222526, 1, 0, 0
44000, 222516, 1, 0, 0
44500, 222521, 1, 0, 0
45000, 222517, 1, 0, 0
45500, 222521, 1, 0, 0
46000, 222519, 1, 0, 0
46500, 222732, 1, 0, 0
47000, 223892, 1, 0, 0
47500, 222503, 1, 0, 0
48000, 222677, 1, 0, 0
48500, 222544, 1, 0, 0
49000, 222506, 1, 0, 0
49500, 222523, 1, 0, 0
50000, 222524, 1, 0, 0
50500, 222515, 1, 0, 0
51000, 222512, 1, 0, 0
51500, 223529, 1, 0, 0
52000, 222700, 1, 0, 0
52500, 222508, 1, 0, 0
53000, 222505, 1, 0, 0
53500, 222509, 1, 0, 0
54000, 222509, 1, 0, 0
54500, 222513, 1, 0, 0
55000, 222510, 1, 0, 0
55500, 222512, 1, 0, 0
56000, 222495, 1, 0, 0
56500, 222516, 1, 0, 0
57000, 222696, 1, 0, 0
57500, 222482, 1, 0, 0
58000, 222479, 1, 0, 0
58500, 222482, 1, 0, 0
59000, 222486, 1, 0, 0
59500, 222490, 1, 0, 0
60000, 222485, 1, 0, 0
60000, 292654, 1, 0, 0
