500, 894397, 1, 0, 0
1000, 895420, 1, 0, 0
1500, 895420, 1, 0, 0
2000, 895417, 1, 0, 0
2500, 895415, 1, 0, 0
3000, 895415, 1, 0, 0
3500, 895415, 1, 0, 0
4000, 895412, 1, 0, 0
4500, 895414, 1, 0, 0
5000, 895408, 1, 0, 0
5516, 967747, 1, 0, 0
6007, 13834150, 1, 0, 0
6500, 14196455, 1, 0, 0
7007, 13567984, 1, 0, 0
7500, 13210358, 1, 0, 0
8011, 12549097, 1, 0, 0
8500, 11833794, 1, 0, 0
9009, 11094872, 1, 0, 0
9515, 10560970, 1, 0, 0
10005, 10089298, 1, 0, 0
10512, 9597928, 1, 0, 0
11000, 9077755, 1, 0, 0
11504, 8559074, 1, 0, 0
12011, 8561046, 1, 0, 0
12500, 8582480, 1, 0, 0
13005, 9427892, 1, 0, 0
13512, 9560566, 1, 0, 0
14000, 9509424, 1, 0, 0
14504, 9150910, 1, 0, 0
15008, 8995886, 1, 0, 0
15514, 8952974, 1, 0, 0
16002, 8756322, 1, 0, 0
16505, 8525064, 1, 0, 0
17010, 8456827, 1, 0, 0
17500, 8499269, 1, 0, 0
18002, 8259094, 1, 0, 0
18507, 8160801, 1, 0, 0
19012, 7958023, 1, 0, 0
19516, 7786429, 1, 0, 0
20001, 7662901, 1, 0, 0
20505, 7515946, 1, 0, 0
21008, 7479860, 1, 0, 0
21511, 7499395, 1, 0, 0
22000, 7474303, 1, 0, 0
22501, 7210838, 1, 0, 0
23003, 7087104, 1, 0, 0
23506, 7032450, 1, 0, 0
24009, 6823674, 1, 0, 0
24511, 6753426, 1, 0, 0
25012, 6501369, 1, 0, 0
25511, 6434761, 1, 0, 0
26013, 6508104, 1, 0, 0
26513, 6258099, 1, 0, 0
27013, 6146445, 1, 0, 0
27511, 5881825, 1, 0, 0
28009, 5665389, 1, 0, 0
28508, 5560297, 1, 0, 0
29006, 5416743, 1, 0, 0
29502, 5223748, 1, 0, 0
30000, 5169580, 1, 0, 0
30513, 4927875, 1, 0, 0
31008, 4784077, 1, 0, 0
31501, 4612414, 1, 0, 0
32011, 4348220, 1, 0, 0
32501, 4141152, 1, 0, 0
33009, 3963954, 1, 0, 0
33500, 3840026, 1, 0, 0
34000, 3429025, 1, 0, 0
34501, 3217734, 1, 0, 0
35000, 2948078, 1, 0, 0
35504, 2612675, 1, 0, 0
36003, 2242094, 1, 0, 0
36500, 1806644, 1, 0, 0
37000, 1130956, 1, 0, 0
37515, 1949387, 1, 0, 0
38007, 14393354, 1, 0, 0
38500, 14090182, 1, 0, 0
39009, 13098460, 1, 0, 0
39517, 12627929, 1, 0, 0
40007, 12120232, 1, 0, 0
40515, 11458868, 1, 0, 0
41005, 10925626, 1, 0, 0
41513, 10307773, 1, 0, 0
42000, 9847536, 1, 0, 0
42507, 9308911, 1, 0, 0
43014, 9029050, 1, 0, 0
43500, 8769153, 1, 0, 0
44005, 8544966, 1, 0, 0
44512, 9045574, 1, 0, 0
45000, 9600908, 1, 0, 0
45506, 9584069, 1, 0, 0
46011, 9413981, 1, 0, 0
46500, 9197842, 1, 0, 0
47003, 8716045, 1, 0, 0
47508, 8782819, 1, 0, 0
48014, 8579194, 1, 0, 0
48503, 8458263, 1, 0, 0
49008, 8238583, 1, 0, 0
49513, 8232221, 1, 0, 0
50000, 8262139, 1, 0, 0
50503, 7969190, 1, 0, 0
51008, 7948101, 1, 0, 0
51512, 7898608, 1, 0, 0
52015, 7712429, 1, 0, 0
52500, 7626332, 1, 0, 0
53006, 7632837, 1, 0, 0
53509, 7490153, 1, 0, 0
54012, 7272077, 1, 0, 0
54515, 7101564, 1, 0, 0
55000, 7165007, 1, 0, 0
55502, 6808968, 1, 0, 0
56004, 6839455, 1, 0, 0
56506, 6766080, 1, 0, 0
57009, 6637834, 1, 0, 0
57509, 6417593, 1, 0, 0
58011, 6340876, 1, 0, 0
58510, 6170730, 1, 0, 0
59010, 6012743, 1, 0, 0
59508, 5796773, 1, 0, 0
60005, 5693466, 1, 0, 0
60005, 17176174, 1, 0, 0
