500, 891846, 1, 0, 0
1000, 892880, 1, 0, 0
1500, 892873, 1, 0, 0
2000, 892860, 1, 0, 0
2500, 892870, 1, 0, 0
3000, 892872, 1, 0, 0
3500, 892871, 1, 0, 0
4000, 892860, 1, 0, 0
4500, 892860, 1, 0, 0
5000, 892872, 1, 0, 0
5516, 965211, 1, 0, 0
6007, 13831530, 1, 0, 0
6500, 14193850, 1, 0, 0
7007, 13565336, 1, 0, 0
7500, 13207725, 1, 0, 0
8011, 12546508, 1, 0, 0
8500, 11831176, 1, 0, 0
9009, 11092238, 1, 0, 0
9515, 10558376, 1, 0, 0
10005, 10086698, 1, 0, 0
10512, 9595314, 1, 0, 0
11000, 9075158, 1, 0, 0
11504, 8556459, 1, 0, 0
12011, 8558412, 1, 0, 0
12500, 8579861, 1, 0, 0
13005, 9425290, 1, 0, 0
13512, 9557968, 1, 0, 0
14000, 9506802, 1, 0, 0
14504, 9148318, 1, 0, 0
15008, 8993290, 1, 0, 0
15514, 8950380, 1, 0, 0
16002, 8753691, 1, 0, 0
16505, 8522469, 1, 0, 0
17010, 8454202, 1, 0, 0
17500, 8496651, 1, 0, 0
18002, 8256484, 1, 0, 0
18507, 8158148, 1, 0, 0
19012, 7955404, 1, 0, 0
19516, 7783833, 1, 0, 0
20001, 7660321, 1, 0, 0
20505, 7513335, 1, 0, 0
21008, 7477253, 1, 0, 0
21511, 7496770, 1, 0, 0
22000, 7471695, 1, 0, 0
22501, 7208209, 1, 0, 0
23003, 7084481, 1, 0, 0
23506, 7029845, 1, 0, 0
24009, 6820878, 1, 0, 0
24511, 6750833, 1, 0, 0
25012, 6498796, 1, 0, 0
25511, 6432181, 1, 0, 0
26013, 6505517, 1, 0, 0
26513, 6255517, 1, 0, 0
27013, 6143870, 1, 0, 0
27511, 5879231, 1, 0, 0
28009, 5662794, 1, 0, 0
28508, 5557724, 1, 0, 0
29006, 5414135, 1, 0, 0
29502, 5221135, 1, 0, 0
30000, 5166960, 1, 0, 0
30513, 4925224, 1, 0, 0
31008, 4781188, 1, 0, 0
31501, 4609778, 1, 0, 0
32011, 4345631, 1, 0, 0
32501, 4138546, 1, 0, 0
33009, 3961361, 1, 0, 0
33500, 3837425, 1, 0, 0
34000, 3426443, 1, 0, 0
34501, 3215140, 1, 0, 0
35000, 2945497, 1, 0, 0
35504, 2610066, 1, 0, 0
36003, 2239511, 1, 0, 0
36500, 1804063, 1, 0, 0
37000, 1128381, 1, 0, 0
37515, 1946803, 1, 0, 0
38007, 14390724, 1, 0, 0
38500, 14087551, 1, 0, 0
39009, 13095853, 1, 0, 0
39517, 12625310, 1, 0, 0
40007, 12117630, 1, 0, 0
40515, 11456232, 1, 0, 0
41005, 10922995, 1, 0, 0
41513, 10305155, 1, 0, 0
42000, 9844929, 1, 0, 0
42507, 9306283, 1, 0, 0
43014, 9026470, 1, 0, 0
43500, 8766546, 1, 0, 0
44005, 8542377, 1, 0, 0
44512, 9042951, 1, 0, 0
45000, 9598304, 1, 0, 0
45506, 9581460, 1, 0, 0
46011, 9411380, 1, 0, 0
46500, 9195240, 1, 0, 0
47003, 8713428, 1, 0, 0
47508, 8780197, 1, 0, 0
48014, 8576604, 1, 0, 0
48503, 8455663, 1, 0, 0
49008, 8235973, 1, 0, 0
49513, 8229623, 1, 0, 0
50000, 8259545, 1, 0, 0
50503, 7966571, 1, 0, 0
51008, 7945482, 1, 0, 0
51512, 7895997, 1, 0, 0
52015, 7709843, 1, 0, 0
52500, 7623713, 1, 0, 0
53006, 7630237, 1, 0, 0
53509, 7487555, 1, 0, 0
54012, 7269468, 1, 0, 0
54515, 7098962, 1, 0, 0
55000, 7162420, 1, 0, 0
55502, 6806369, 1, 0, 0
56004, 6836869, 1, 0, 0
56506, 6763469, 1, 0, 0
57009, 6635227, 1, 0, 0
57509, 6414977, 1, 0, 0
58011, 6338288, 1, 0, 0
58510, 6168131, 1, 0, 0
59010, 6010063, 1, 0, 0
59508, 5794154, 1, 0, 0
60005, 5690872, 1, 0, 0
60005, 17173583, 1, 0, 0
