500, 2551, 1, 0, 0
1000, 2539, 1, 0, 0
1500, 2546, 1, 0, 0
2000, 2557, 1, 0, 0
2500, 2545, 1, 0, 0
3000, 2543, 1, 0, 0
3500, 2544, 1, 0, 0
4000, 2552, 1, 0, 0
4500, 2554, 1, 0, 0
5000, 2536, 1, 0, 0
5516, 2536, 1, 0, 0
6007, 2621, 1, 0, 0
6500, 2607, 1, 0, 0
7007, 2647, 1, 0, 0
7500, 2632, 1, 0, 0
8011, 2591, 1, 0, 0
8500, 2623, 1, 0, 0
9009, 2630, 1, 0, 0
9515, 2592, 1, 0, 0
10005, 2600, 1, 0, 0
10512, 2612, 1, 0, 0
11000, 2598, 1, 0, 0
11504, 2614, 1, 0, 0
12011, 2635, 1, 0, 0
12500, 2620, 1, 0, 0
13005, 2601, 1, 0, 0
13512, 2596, 1, 0, 0
14000, 2623, 1, 0, 0
14504, 2593, 1, 0, 0
15008, 2597, 1, 0, 0
15514, 2593, 1, 0, 0
16002, 2631, 1, 0, 0
16505, 2597, 1, 0, 0
17010, 2623, 1, 0, 0
17500, 2618, 1, 0, 0
18002, 2611, 1, 0, 0
18507, 2654, 1, 0, 0
19012, 2618, 1, 0, 0
19516, 2596, 1, 0, 0
20001, 2582, 1, 0, 0
20505, 2609, 1, 0, 0
21008, 2607, 1, 0, 0
21511, 2625, 1, 0, 0
22000, 2609, 1, 0, 0
22501, 2628, 1, 0, 0
23003, 2624, 1, 0, 0
23506, 2606, 1, 0, 0
24009, 2795, 1, 0, 0
24511, 2593, 1, 0, 0
25012, 2575, 1, 0, 0
25511, 2578, 1, 0, 0
26013, 2587, 1, 0, 0
26513, 2583, 1, 0, 0
27013, 2574, 1, 0, 0
27511, 2595, 1, 0, 0
28009, 2594, 1, 0, 0
28508, 2572, 1, 0, 0
29006, 2608, 1, 0, 0
29502, 2613, 1, 0, 0
30000, 2620, 1, 0, 0
30513, 2651, 1, 0, 0
31008, 2888, 1, 0, 0
31501, 2640, 1, 0, 0
32011, 2587, 1, 0, 0
32501, 2606, 1, 0, 0
33009, 2592, 1, 0, 0
33500, 2601, 1, 0, 0
34000, 2583, 1, 0, 0
34501, 2593, 1, 0, 0
35000, 2581, 1, 0, 0
35504, 2609, 1, 0, 0
36003, 2584, 1, 0, 0
36500, 2581, 1, 0, 0
37000, 2575, 1, 0, 0
37515, 2585, 1, 0, 0
38007, 2627, 1, 0, 0
38500, 2633, 1, 0, 0
39009, 2607, 1, 0, 0
39517, 2616, 1, 0, 0
40007, 2603, 1, 0, 0
40515, 2637, 1, 0, 0
41005, 2630, 1, 0, 0
41513, 2619, 1, 0, 0
42000, 2607, 1, 0, 0
42507, 2629, 1, 0, 0
43014, 2579, 1, 0, 0
43500, 2606, 1, 0, 0
44005, 2591, 1, 0, 0
44512, 2622, 1, 0, 0
45000, 2605, 1, 0, 0
45506, 2607, 1, 0, 0
46011, 2601, 1, 0, 0
46500, 2604, 1, 0, 0
47003, 2618, 1, 0, 0
47508, 2620, 1, 0, 0
48014, 2590, 1, 0, 0
48503, 2600, 1, 0, 0
49008, 2610, 1, 0, 0
49513, 2598, 1, 0, 0
50000, 2593, 1, 0, 0
50503, 2620, 1, 0, 0
51008, 2620, 1, 0, 0
51512, 2608, 1, 0, 0
52015, 2587, 1, 0, 0
52500, 2621, 1, 0, 0
53006, 2598, 1, 0, 0
53509, 2599, 1, 0, 0
54012, 2608, 1, 0, 0
54515, 2599, 1, 0, 0
55000, 2592, 1, 0, 0
55502, 2597, 1, 0, 0
56004, 2588, 1, 0, 0
56506, 2610, 1, 0, 0
57009, 2608, 1, 0, 0
57509, 2615, 1, 0, 0
58011, 2588, 1, 0, 0
58510, 2597, 1, 0, 0
59010, 2681, 1, 0, 0
59508, 2620, 1, 0, 0
60005, 2594, 1, 0, 0
