500, 1664, 1, 0, 0
1000, 1664, 1, 0, 0
1500, 1654, 1, 0, 0
2000, 1657, 1, 0, 0
2500, 1657, 1, 0, 0
3000, 1654, 1, 0, 0
3500, 1653, 1, 0, 0
4000, 1658, 1, 0, 0
4500, 1663, 1, 0, 0
5000, 1719, 1, 0, 0
5500, 1658, 1, 0, 0
6003, 1669, 1, 0, 0
6514, 1690, 1, 0, 0
7004, 1758, 1, 0, 0
7512, 1818, 1, 0, 0
8002, 1788, 1, 0, 0
8514, 1709, 1, 0, 0
9000, 1723, 1, 0, 0
9503, 1708, 1, 0, 0
10009, 1725, 1, 0, 0
10513, 1685, 1, 0, 0
11001, 1694, 1, 0, 0
11506, 1698, 1, 0, 0
12011, 1692, 1, 0, 0
12513, 1675, 1, 0, 0
13008, 1682, 1, 0, 0
13500, 1674, 1, 0, 0
14006, 1696, 1, 0, 0
14504, 1675, 1, 0, 0
15008, 1679, 1, 0, 0
15516, 1669, 1, 0, 0
16000, 1676, 1, 0, 0
16509, 1665, 1, 0, 0
17010, 1686, 1, 0, 0
17511, 1679, 1, 0, 0
18010, 1874, 1, 0, 0
18507, 1930, 1, 0, 0
19005, 1680, 1, 0, 0
19501, 1678, 1, 0, 0
20009, 1686, 1, 0, 0
20509, 1677, 1, 0, 0
21004, 1685, 1, 0, 0
21503, 1684, 1, 0, 0
22003, 1702, 1, 0, 0
22509, 1683, 1, 0, 0
23001, 1696, 1, 0, 0
23500, 1672, 1, 0, 0
24000, 1674, 1, 0, 0
24500, 1669, 1, 0, 0
25008, 1684, 1, 0, 0
25500, 1670, 1, 0, 0
26006, 1691, 1, 0, 0
26507, 1674, 1, 0, 0
27010, 1676, 1, 0, 0
27511, 1665, 1, 0, 0
28009, 1682, 1, 0, 0
28508, 1668, 1, 0, 0
29006, 1673, 1, 0, 0
29509, 1667, 1, 0, 0
30005, 1684, 1, 0, 0
30513, 1668, 1, 0, 0
31000, 1683, 1, 0, 0
31506, 1679, 1, 0, 0
32003, 1676, 1, 0, 0
32509, 1671, 1, 0, 0
33000, 1680, 1, 0, 0
33500, 1677, 1, 0, 0
34000, 1669, 1, 0, 0
34505, 1676, 1, 0, 0
35000, 1683, 1, 0, 0
35512, 1672, 1, 0, 0
36000, 1676, 1, 0, 0
36509, 1662, 1, 0, 0
37000, 1686, 1, 0, 0
37500, 1672, 1, 0, 0
38012, 1682, 1, 0, 0
38500, 1671, 1, 0, 0
39007, 1677, 1, 0, 0
39507, 1671, 1, 0, 0
40007, 1675, 1, 0, 0
40500, 1675, 1, 0, 0
41002, 1685, 1, 0, 0
41505, 1664, 1, 0, 0
42000, 1669, 1, 0, 0
42503, 1664, 1, 0, 0
43000, 1660, 1, 0, 0
43506, 1658, 1, 0, 0
44000, 1662, 1, 0, 0
44500, 1672, 1, 0, 0
45002, 1697, 1, 0, 0
45512, 1698, 1, 0, 0
46006, 1689, 1, 0, 0
46514, 1685, 1, 0, 0
47004, 1691, 1, 0, 0
47514, 1692, 1, 0, 0
48003, 1691, 1, 0, 0
48508, 1689, 1, 0, 0
49011, 1701, 1, 0, 0
49509, 1697, 1, 0, 0
50010, 1690, 1, 0, 0
50502, 1694, 1, 0, 0
51015, 1700, 1, 0, 0
51512, 1684, 1, 0, 0
52011, 1681, 1, 0, 0
52508, 1689, 1, 0, 0
53010, 1688, 1, 0, 0
53500, 1687, 1, 0, 0
54002, 1698, 1, 0, 0
54503, 1690, 1, 0, 0
55012, 1711, 1, 0, 0
55512, 1684, 1, 0, 0
56006, 1688, 1, 0, 0
56504, 1691, 1, 0, 0
57006, 1695, 1, 0, 0
57508, 1699, 1, 0, 0
58003, 1691, 1, 0, 0
58508, 1690, 1, 0, 0
59010, 1684, 1, 0, 0
59510, 1677, 1, 0, 0
60010, 1684, 1, 0, 0
