500, 69596, 1, 0, 0
1000, 69692, 1, 0, 0
1500, 69718, 1, 0, 0
2000, 69458, 1, 0, 0
2500, 68884, 1, 0, 0
3000, 69930, 1, 0, 0
3500, 69416, 1, 0, 0
4000, 69264, 1, 0, 0
4500, 69678, 1, 0, 0
5000, 69120, 1, 0, 0
5500, 69806, 1, 0, 0
6000, 18638, 1, 0, 0
6500, 4508, 1, 0, 0
7000, 4348, 1, 0, 0
7500, 4580, 1, 0, 0
8000, 4740, 1, 0, 0
8500, 5388, 1, 0, 0
9000, 5000, 1, 0, 0
9500, 5252, 1, 0, 0
10000, 5943, 1, 0, 0
10500, 5984, 1, 0, 0
11000, 6416, 1, 0, 0
11500, 6912, 1, 0, 0
12000, 5748, 1, 0, 0
12500, 6824, 1, 0, 0
13000, 6412, 1, 0, 0
13500, 5778, 1, 0, 0
14000, 6398, 1, 0, 0
14500, 5884, 1, 0, 0
15000, 6512, 1, 0, 0
15500, 7052, 1, 0, 0
16000, 6516, 1, 0, 0
16500, 6004, 1, 0, 0
17000, 6792, 1, 0, 0
17500, 7020, 1, 0, 0
18000, 6708, 1, 0, 0
18500, 5412, 1, 0, 0
19000, 6812, 1, 0, 0
19500, 6988, 1, 0, 0
20000, 6396, 1, 0, 0
20500, 7256, 1, 0, 0
21000, 7040, 1, 0, 0
21500, 7356, 1, 0, 0
22000, 6236, 1, 0, 0
22500, 6801, 1, 0, 0
23000, 5620, 1, 0, 0
23500, 6280, 1, 0, 0
24000, 8100, 1, 0, 0
24500, 6636, 1, 0, 0
25000, 7684, 1, 0, 0
25500, 6324, 1, 0, 0
26000, 5968, 1, 0, 0
26500, 7292, 1, 0, 0
27000, 7676, 1, 0, 0
27500, 9288, 1, 0, 0
28000, 5984, 1, 0, 0
28500, 7836, 1, 0, 0
29000, 8104, 1, 0, 0
29500, 7116, 1, 0, 0
30000, 7884, 1, 0, 0
30500, 9220, 1, 0, 0
31000, 7016, 1, 0, 0
31500, 8156, 1, 0, 0
32000, 9032, 1, 0, 0
32500, 10040, 1, 0, 0
33000, 7416, 1, 0, 0
33500, 8292, 1, 0, 0
34000, 10290, 1, 0, 0
34500, 8094, 1, 0, 0
35000, 8816, 1, 0, 0
35500, 7856, 1, 0, 0
36000, 10388, 1, 0, 0
36500, 11632, 1, 0, 0
37000, 8527, 1, 0, 0
37500, 9710, 1, 0, 0
38000, 10180, 1, 0, 0
38500, 11410, 1, 0, 0
39000, 10702, 1, 0, 0
39500, 11172, 1, 0, 0
40000, 14964, 1, 0, 0
40500, 12444, 1, 0, 0
41000, 13112, 1, 0, 0
41500, 17752, 1, 0, 0
42000, 16368, 1, 0, 0
42500, 21620, 1, 0, 0
43000, 25740, 1, 0, 0
43500, 23576, 1, 0, 0
44000, 32428, 1, 0, 0
44500, 63500, 1, 0, 0
45000, 5480, 1, 0, 0
45500, 4268, 1, 0, 0
46000, 4396, 1, 0, 0
46500, 4632, 1, 0, 0
47000, 4956, 1, 0, 0
47500, 5228, 1, 0, 0
48000, 5268, 1, 0, 0
48500, 5424, 1, 0, 0
49000, 5616, 1, 0, 0
49500, 5644, 1, 0, 0
50000, 6256, 1, 0, 0
50500, 5684, 1, 0, 0
51000, 6412, 1, 0, 0
51500, 6585, 1, 0, 0
52000, 6644, 1, 0, 0
52500, 6048, 1, 0, 0
53000, 6156, 1, 0, 0
53500, 6388, 1, 0, 0
54000, 6292, 1, 0, 0
54500, 6288, 1, 0, 0
55000, 5788, 1, 0, 0
55500, 6564, 1, 0, 0
56000, 6344, 1, 0, 0
56500, 6800, 1, 0, 0
57000, 7192, 1, 0, 0
57500, 5900, 1, 0, 0
58000, 6836, 1, 0, 0
58500, 6152, 1, 0, 0
59000, 7480, 1, 0, 0
59500, 7000, 1, 0, 0
60000, 7056, 1, 0, 0
