500, 2226880, 1, 0, 0
1000, 2230144, 1, 0, 0
1500, 2230976, 1, 0, 0
2000, 2222656, 1, 0, 0
2500, 2204288, 1, 0, 0
3000, 2237760, 1, 0, 0
3500, 2221312, 1, 0, 0
4000, 2216448, 1, 0, 0
4500, 2229696, 1, 0, 0
5000, 2211840, 1, 0, 0
5500, 2233792, 1, 0, 0
6000, 596416, 1, 0, 0
6500, 144256, 1, 0, 0
7000, 139136, 1, 0, 0
7500, 146560, 1, 0, 0
8000, 151680, 1, 0, 0
8500, 172416, 1, 0, 0
9000, 160000, 1, 0, 0
9500, 168064, 1, 0, 0
10000, 190204, 1, 0, 0
10500, 191488, 1, 0, 0
11000, 205312, 1, 0, 0
11500, 221184, 1, 0, 0
12000, 183936, 1, 0, 0
12500, 218368, 1, 0, 0
13000, 205184, 1, 0, 0
13500, 184896, 1, 0, 0
14000, 204736, 1, 0, 0
14500, 188288, 1, 0, 0
15000, 208384, 1, 0, 0
15500, 225664, 1, 0, 0
16000, 208512, 1, 0, 0
16500, 192128, 1, 0, 0
17000, 217344, 1, 0, 0
17500, 224640, 1, 0, 0
18000, 214656, 1, 0, 0
18500, 173184, 1, 0, 0
19000, 217984, 1, 0, 0
19500, 223616, 1, 0, 0
20000, 204672, 1, 0, 0
20500, 232192, 1, 0, 0
21000, 225280, 1, 0, 0
21500, 235392, 1, 0, 0
22000, 199552, 1, 0, 0
22500, 217651, 1, 0, 0
23000, 179840, 1, 0, 0
23500, 200960, 1, 0, 0
24000, 259200, 1, 0, 0
24500, 212352, 1, 0, 0
25000, 245888, 1, 0, 0
25500, 202368, 1, 0, 0
26000, 190976, 1, 0, 0
26500, 233344, 1, 0, 0
27000, 245632, 1, 0, 0
27500, 297216, 1, 0, 0
28000, 191488, 1, 0, 0
28500, 250752, 1, 0, 0
29000, 259328, 1, 0, 0
29500, 227712, 1, 0, 0
30000, 252288, 1, 0, 0
30500, 295040, 1, 0, 0
31000, 224512, 1, 0, 0
31500, 260992, 1, 0, 0
32000, 289024, 1, 0, 0
32500, 321280, 1, 0, 0
33000, 237312, 1, 0, 0
33500, 265344, 1, 0, 0
34000, 329280, 1, 0, 0
34500, 259008, 1, 0, 0
35000, 282112, 1, 0, 0
35500, 251392, 1, 0, 0
36000, 332416, 1, 0, 0
36500, 372224, 1, 0, 0
37000, 272865, 1, 0, 0
37500, 310720, 1, 0, 0
38000, 325760, 1, 0, 0
38500, 365120, 1, 0, 0
39000, 342464, 1, 0, 0
39500, 357504, 1, 0, 0
40000, 478848, 1, 0, 0
40500, 398208, 1, 0, 0
41000, 419584, 1, 0, 0
41500, 568064, 1, 0, 0
42000, 523776, 1, 0, 0
42500, 691840, 1, 0, 0
43000, 823680, 1, 0, 0
43500, 754432, 1, 0, 0
44000, 1037696, 1, 0, 0
44500, 2032000, 1, 0, 0
45000, 175360, 1, 0, 0
45500, 136576, 1, 0, 0
46000, 140672, 1, 0, 0
46500, 148224, 1, 0, 0
47000, 158592, 1, 0, 0
47500, 167296, 1, 0, 0
48000, 168576, 1, 0, 0
48500, 173568, 1, 0, 0
49000, 179712, 1, 0, 0
49500, 180608, 1, 0, 0
50000, 200192, 1, 0, 0
50500, 181888, 1, 0, 0
51000, 205184, 1, 0, 0
51500, 210725, 1, 0, 0
52000, 212608, 1, 0, 0
52500, 193536, 1, 0, 0
53000, 196992, 1, 0, 0
53500, 204416, 1, 0, 0
54000, 201344, 1, 0, 0
54500, 201216, 1, 0, 0
55000, 185216, 1, 0, 0
55500, 210048, 1, 0, 0
56000, 203008, 1, 0, 0
56500, 217600, 1, 0, 0
57000, 230144, 1, 0, 0
57500, 188800, 1, 0, 0
58000, 218752, 1, 0, 0
58500, 196864, 1, 0, 0
59000, 239360, 1, 0, 0
59500, 224000, 1, 0, 0
60000, 225792, 1, 0, 0
