500, 459356, 1, 0, 0
1000, 458992, 1, 0, 0
1500, 458778, 1, 0, 0
2000, 460506, 1, 0, 0
2500, 464387, 1, 0, 0
3000, 457368, 1, 0, 0
3500, 460818, 1, 0, 0
4000, 461804, 1, 0, 0
4500, 459025, 1, 0, 0
5000, 462806, 1, 0, 0
5500, 458192, 1, 0, 0
6003, 1660485, 1, 0, 0
6514, 7268528, 1, 0, 0
7004, 7207317, 1, 0, 0
7512, 7099147, 1, 0, 0
8002, 6624862, 1, 0, 0
8514, 6077919, 1, 0, 0
9000, 6460072, 1, 0, 0
9503, 5907072, 1, 0, 0
10009, 5461042, 1, 0, 0
10513, 5387287, 1, 0, 0
11001, 4864884, 1, 0, 0
11506, 4688367, 1, 0, 0
12011, 5634707, 1, 0, 0
12513, 4691841, 1, 0, 0
13008, 4947488, 1, 0, 0
13500, 5497561, 1, 0, 0
14006, 5009756, 1, 0, 0
14504, 5421424, 1, 0, 0
15008, 4945804, 1, 0, 0
15516, 4606306, 1, 0, 0
16000, 4950006, 1, 0, 0
16509, 5219726, 1, 0, 0
17010, 4724770, 1, 0, 0
17511, 4563049, 1, 0, 0
18010, 4763117, 1, 0, 0
18507, 5874734, 1, 0, 0
19005, 4679997, 1, 0, 0
19501, 4545795, 1, 0, 0
20009, 5081870, 1, 0, 0
20509, 4401704, 1, 0, 0
21004, 4505865, 1, 0, 0
21503, 4347081, 1, 0, 0
22003, 5128853, 1, 0, 0
22509, 4770926, 1, 0, 0
23001, 5607356, 1, 0, 0
23500, 5243692, 1, 0, 0
24000, 3820809, 1, 0, 0
24500, 4995626, 1, 0, 0
25008, 4095932, 1, 0, 0
25500, 4985289, 1, 0, 0
26006, 5422657, 1, 0, 0
26507, 4393910, 1, 0, 0
27010, 4190183, 1, 0, 0
27511, 3450198, 1, 0, 0
28009, 5321824, 1, 0, 0
28508, 4085469, 1, 0, 0
29006, 3926117, 1, 0, 0
29509, 4525572, 1, 0, 0
30005, 4027810, 1, 0, 0
30513, 3534447, 1, 0, 0
31000, 4572712, 1, 0, 0
31506, 3854541, 1, 0, 0
32003, 3522445, 1, 0, 0
32509, 3227045, 1, 0, 0
33000, 4356647, 1, 0, 0
33500, 3894500, 1, 0, 0
34000, 3119733, 1, 0, 0
34505, 3832972, 1, 0, 0
35000, 3727026, 1, 0, 0
35512, 4017812, 1, 0, 0
36000, 3109849, 1, 0, 0
36509, 2709063, 1, 0, 0
37000, 3695150, 1, 0, 0
37500, 3385485, 1, 0, 0
38012, 3131801, 1, 0, 0
38500, 2815892, 1, 0, 0
39007, 2947912, 1, 0, 0
39507, 2869083, 1, 0, 0
40007, 2136214, 1, 0, 0
40500, 2607243, 1, 0, 0
41002, 2388712, 1, 0, 0
41505, 1812662, 1, 0, 0
42000, 1942313, 1, 0, 0
42503, 1491071, 1, 0, 0
43000, 1239261, 1, 0, 0
43506, 1377056, 1, 0, 0
44000, 990454, 1, 0, 0
44500, 503727, 1, 0, 0
45002, 5592355, 1, 0, 0
45512, 7628631, 1, 0, 0
46006, 7192306, 1, 0, 0
46514, 7015656, 1, 0, 0
47004, 6332331, 1, 0, 0
47514, 6240717, 1, 0, 0
48003, 5955864, 1, 0, 0
48508, 5945542, 1, 0, 0
49011, 5750988, 1, 0, 0
49509, 5634021, 1, 0, 0
50010, 5130164, 1, 0, 0
50502, 5537053, 1, 0, 0
51015, 5120537, 1, 0, 0
51512, 4841821, 1, 0, 0
52011, 4800773, 1, 0, 0
52508, 5260668, 1, 0, 0
53010, 5226842, 1, 0, 0
53500, 5064294, 1, 0, 0
54002, 4945060, 1, 0, 0
54503, 5093892, 1, 0, 0
55012, 5629326, 1, 0, 0
55512, 4879056, 1, 0, 0
56006, 4985113, 1, 0, 0
56504, 4683654, 1, 0, 0
57006, 4467640, 1, 0, 0
57508, 5439156, 1, 0, 0
58003, 4637992, 1, 0, 0
58508, 5255039, 1, 0, 0
59010, 4293992, 1, 0, 0
59510, 4574078, 1, 0, 0
60010, 4527317, 1, 0, 0
60010, 17815547, 1, 0, 0
