500, 457693, 1, 0, 0
1000, 457328, 1, 0, 0
1500, 457125, 1, 0, 0
2000, 458849, 1, 0, 0
2500, 462730, 1, 0, 0
3000, 455713, 1, 0, 0
3500, 459166, 1, 0, 0
4000, 460147, 1, 0, 0
4500, 457362, 1, 0, 0
5000, 461086, 1, 0, 0
5500, 456534, 1, 0, 0
6003, 1658816, 1, 0, 0
6514, 7266839, 1, 0, 0
7004, 7205558, 1, 0, 0
7512, 7097329, 1, 0, 0
8002, 6623075, 1, 0, 0
8514, 6076209, 1, 0, 0
9000, 6458348, 1, 0, 0
9503, 5905364, 1, 0, 0
10009, 5459318, 1, 0, 0
10513, 5385601, 1, 0, 0
11001, 4863191, 1, 0, 0
11506, 4686668, 1, 0, 0
12011, 5633015, 1, 0, 0
12513, 4690166, 1, 0, 0
13008, 4945806, 1, 0, 0
13500, 5495887, 1, 0, 0
14006, 5008059, 1, 0, 0
14504, 5419749, 1, 0, 0
15008, 4944125, 1, 0, 0
15516, 4604637, 1, 0, 0
16000, 4948331, 1, 0, 0
16509, 5218061, 1, 0, 0
17010, 4723083, 1, 0, 0
17511, 4561370, 1, 0, 0
18010, 4761255, 1, 0, 0
18507, 5872789, 1, 0, 0
19005, 4678317, 1, 0, 0
19501, 4544118, 1, 0, 0
20009, 5080184, 1, 0, 0
20509, 4400027, 1, 0, 0
21004, 4504180, 1, 0, 0
21503, 4345397, 1, 0, 0
22003, 5127151, 1, 0, 0
22509, 4769243, 1, 0, 0
23001, 5605660, 1, 0, 0
23500, 5242020, 1, 0, 0
24000, 3819135, 1, 0, 0
24500, 4993957, 1, 0, 0
25008, 4094248, 1, 0, 0
25500, 4983618, 1, 0, 0
26006, 5420966, 1, 0, 0
26507, 4392236, 1, 0, 0
27010, 4188508, 1, 0, 0
27511, 3448533, 1, 0, 0
28009, 5320143, 1, 0, 0
28508, 4083801, 1, 0, 0
29006, 3924444, 1, 0, 0
29509, 4523904, 1, 0, 0
30005, 4026126, 1, 0, 0
30513, 3532779, 1, 0, 0
31000, 4571029, 1, 0, 0
31506, 3852861, 1, 0, 0
32003, 3520768, 1, 0, 0
32509, 3225375, 1, 0, 0
33000, 4354967, 1, 0, 0
33500, 3892823, 1, 0, 0
34000, 3118064, 1, 0, 0
34505, 3831296, 1, 0, 0
35000, 3725343, 1, 0, 0
35512, 4016140, 1, 0, 0
36000, 3108174, 1, 0, 0
36509, 2707402, 1, 0, 0
37000, 3693463, 1, 0, 0
37500, 3383813, 1, 0, 0
38012, 3130119, 1, 0, 0
38500, 2814221, 1, 0, 0
39007, 2946235, 1, 0, 0
39507, 2867412, 1, 0, 0
40007, 2134539, 1, 0, 0
40500, 2605568, 1, 0, 0
41002, 2387027, 1, 0, 0
41505, 1810998, 1, 0, 0
42000, 1940644, 1, 0, 0
42503, 1489407, 1, 0, 0
43000, 1237600, 1, 0, 0
43506, 1375398, 1, 0, 0
44000, 988792, 1, 0, 0
44500, 502055, 1, 0, 0
45002, 5590658, 1, 0, 0
45512, 7626933, 1, 0, 0
46006, 7190616, 1, 0, 0
46514, 7013973, 1, 0, 0
47004, 6330639, 1, 0, 0
47514, 6239025, 1, 0, 0
48003, 5954173, 1, 0, 0
48508, 5943853, 1, 0, 0
49011, 5749287, 1, 0, 0
49509, 5632324, 1, 0, 0
50010, 5128475, 1, 0, 0
50502, 5535360, 1, 0, 0
51015, 5118837, 1, 0, 0
51512, 4840137, 1, 0, 0
52011, 4799092, 1, 0, 0
52508, 5258979, 1, 0, 0
53010, 5225155, 1, 0, 0
53500, 5062607, 1, 0, 0
54002, 4943363, 1, 0, 0
54503, 5092201, 1, 0, 0
55012, 5627615, 1, 0, 0
55512, 4877371, 1, 0, 0
56006, 4983425, 1, 0, 0
56504, 4681963, 1, 0, 0
57006, 4465945, 1, 0, 0
57508, 5437457, 1, 0, 0
58003, 4636301, 1, 0, 0
58508, 5253349, 1, 0, 0
59010, 4292308, 1, 0, 0
59510, 4572400, 1, 0, 0
60010, 4525633, 1, 0, 0
60010, 17813895, 1, 0, 0
