[69115.505438] KSC2026-MARK map16k_bs32k_r2 insmod 1791444877986034247
[69115.526400] NVMeVirt: Version 1.10 for >> Samsung 970 Pro SSD <<
[69115.526418] NVMeVirt: Storage: 0x300100000-0x600000000 (12287 MiB)
[69115.539117] NVMeVirt: Total Capacity(GiB,MiB)=3,3072 chs=2 luns=4 lines=384 blk-size(MiB,KiB)=2,2048 line-size(MiB,KiB)=8,8192
[69115.539122] NVMeVirt: KSC2026: mapping unit=16384 B, flash page=32768 B, oneshot page=32768 B, pgs_per_blk=128, blks_per_pl=384, write buffer=1048576 B
[69115.543844] NVMeVirt: [chmodel_init] bandwidth 800 max_credits 26 tx_time 152
[69115.547027] NVMeVirt: [chmodel_init] bandwidth 800 max_credits 26 tx_time 152
[69115.547039] NVMeVirt: [chmodel_init] bandwidth 3360 max_credits 110 tx_time 36
[69115.547409] NVMeVirt: pqueue: Copyright (c) 2014, Volkan Yazıcı <volkan.yazici@gmail.com>. All rights reserved.
[69115.547411] NVMeVirt: Init FTL instance with 2 channels (196608 pages)
[69115.550514] NVMeVirt: [chmodel_init] bandwidth 800 max_credits 26 tx_time 152
[69115.553648] NVMeVirt: [chmodel_init] bandwidth 800 max_credits 26 tx_time 152
[69115.553659] NVMeVirt: [chmodel_init] bandwidth 3360 max_credits 110 tx_time 36
[69115.553994] NVMeVirt: Init FTL instance with 2 channels (196608 pages)
[69115.557099] NVMeVirt: [chmodel_init] bandwidth 800 max_credits 26 tx_time 152
[69115.560184] NVMeVirt: [chmodel_init] bandwidth 800 max_credits 26 tx_time 152
[69115.560196] NVMeVirt: [chmodel_init] bandwidth 3360 max_credits 110 tx_time 36
[69115.560528] NVMeVirt: Init FTL instance with 2 channels (196608 pages)
[69115.563621] NVMeVirt: [chmodel_init] bandwidth 800 max_credits 26 tx_time 152
[69115.566710] NVMeVirt: [chmodel_init] bandwidth 800 max_credits 26 tx_time 152
[69115.566721] NVMeVirt: [chmodel_init] bandwidth 3360 max_credits 110 tx_time 36
[69115.567047] NVMeVirt: Init FTL instance with 2 channels (196608 pages)
[69115.567050] NVMeVirt: FTL physical space: 12883853312, logical space: 12040984403 (physical/logical * 100 = 107)
[69115.567051] NVMeVirt: KSC2026: WBUF_FIX=1 GC_STATS=1
[69115.567052] NVMeVirt: ns 0/1: size 11483 MiB
[69115.567082] PCI host bridge to bus 0001:10
[69115.567084] pci_bus 0001:10: root bus resource [io  0x0000-0xffff]
[69115.567085] pci_bus 0001:10: root bus resource [mem 0x00000000-0x3fffffffffff]
[69115.567087] pci_bus 0001:10: root bus resource [bus 00-ff]
[69115.567092] pci 0001:10:00.0: [0c51:0110] type 00 class 0x010802 PCIe Endpoint
[69115.567094] pci 0001:10:00.0: BAR 0 [mem 0x300000000-0x300003fff 64bit]
[69115.567096] pci 0001:10:00.0: enabling Extended Tags
[69115.567199] NVMeVirt: Virtual PCI bus created (node 0)
[69115.567406] NVMeVirt: nvmev_io_worker_0 started on cpu 4 (node 0)
[69115.567699] NVMeVirt: nvmev_io_worker_1 started on cpu 5 (node 0)
[69115.567709] NVMeVirt: nvmev_dispatcher started on cpu 3 (node 0)
[69115.567777] nvme nvme1: pci function 0001:10:00.0
[69115.571796] nvme nvme1: 1/0/0 default/read/poll queues
[69115.572775] NVMeVirt: Virtual NVMe device created
[69121.611366] KSC2026-MARK map16k_bs32k_r2 fio-start 1791444884105300523
[69127.456867] NVMeVirt: KSC2026: first GC part=0 victim line=152 vpc=465 ipc=47 free_lines=2 host_pgs=194560
[69127.456911] NVMeVirt: KSC2026: first GC part=1 victim line=152 vpc=465 ipc=47 free_lines=2 host_pgs=194560
[69127.478405] NVMeVirt: KSC2026: first GC part=2 victim line=344 vpc=469 ipc=43 free_lines=2 host_pgs=194560
[69127.478451] NVMeVirt: KSC2026: first GC part=3 victim line=344 vpc=469 ipc=43 free_lines=2 host_pgs=194560
[69182.649508] KSC2026-MARK map16k_bs32k_r2 fio-end
[69182.653506] KSC2026-MARK map16k_bs32k_r2 rmmod 1791444945149012912
[69182.714346] pci_bus 0001:10: busn_res: [bus 10-ff] is released
[69182.714376] NVMeVirt: KSC2026: stats part=0 host_pgs=425136 gc_pgs=988954 gc_cnt=2381 free_lines=2
[69182.714377] NVMeVirt: KSC2026: stats part=1 host_pgs=425136 gc_pgs=988954 gc_cnt=2381 free_lines=2
[69182.714378] NVMeVirt: KSC2026: stats part=2 host_pgs=424988 gc_pgs=988102 gc_cnt=2379 free_lines=2
[69182.714378] NVMeVirt: KSC2026: stats part=3 host_pgs=424988 gc_pgs=988102 gc_cnt=2379 free_lines=2
[69182.742224] NVMeVirt: Virtual NVMe device closed
