500, 532352, 1, 0, 0
1000, 534704, 1, 0, 0
1500, 534816, 1, 0, 0
2000, 531008, 1, 0, 0
2500, 530544, 1, 0, 0
3000, 532288, 1, 0, 0
3500, 533488, 1, 0, 0
4000, 534528, 1, 0, 0
4500, 535488, 1, 0, 0
5000, 532128, 1, 0, 0
5500, 531008, 1, 0, 0
6000, 436096, 1, 0, 0
6500, 191264, 1, 0, 0
7000, 181728, 1, 0, 0
7500, 196400, 1, 0, 0
8000, 177440, 1, 0, 0
8500, 183248, 1, 0, 0
9000, 181424, 1, 0, 0
9500, 159920, 1, 0, 0
10000, 153168, 1, 0, 0
10500, 168272, 1, 0, 0
11000, 168336, 1, 0, 0
11500, 162885, 1, 0, 0
12000, 168416, 1, 0, 0
12500, 150096, 1, 0, 0
13000, 167152, 1, 0, 0
13500, 134512, 1, 0, 0
14000, 135744, 1, 0, 0
14500, 121520, 1, 0, 0
15000, 129920, 1, 0, 0
15500, 135520, 1, 0, 0
16000, 119568, 1, 0, 0
16500, 119552, 1, 0, 0
17000, 121440, 1, 0, 0
17500, 117680, 1, 0, 0
18000, 102016, 1, 0, 0
18500, 116720, 1, 0, 0
19000, 113536, 1, 0, 0
19500, 111872, 1, 0, 0
20000, 114816, 1, 0, 0
20500, 106064, 1, 0, 0
21000, 102192, 1, 0, 0
21500, 109904, 1, 0, 0
22000, 99536, 1, 0, 0
22500, 95856, 1, 0, 0
23000, 101408, 1, 0, 0
23500, 96624, 1, 0, 0
24000, 92208, 1, 0, 0
24500, 97968, 1, 0, 0
25000, 89392, 1, 0, 0
25500, 91280, 1, 0, 0
26000, 88720, 1, 0, 0
26500, 88657, 1, 0, 0
27000, 88944, 1, 0, 0
27500, 87936, 1, 0, 0
28000, 88976, 1, 0, 0
28500, 91280, 1, 0, 0
29000, 87232, 1, 0, 0
29500, 83648, 1, 0, 0
30000, 80640, 1, 0, 0
30500, 82944, 1, 0, 0
31000, 81568, 1, 0, 0
31500, 84864, 1, 0, 0
32000, 77520, 1, 0, 0
32500, 82688, 1, 0, 0
33000, 77392, 1, 0, 0
33500, 71888, 1, 0, 0
34000, 78992, 1, 0, 0
34500, 74768, 1, 0, 0
35000, 75632, 1, 0, 0
35500, 74480, 1, 0, 0
36000, 71440, 1, 0, 0
36500, 72352, 1, 0, 0
37000, 70032, 1, 0, 0
37500, 67152, 1, 0, 0
38000, 64176, 1, 0, 0
38500, 68464, 1, 0, 0
39000, 66336, 1, 0, 0
39500, 74960, 1, 0, 0
40000, 65280, 1, 0, 0
40501, 67264, 1, 0, 0
41000, 63022, 1, 0, 0
41500, 71264, 1, 0, 0
42000, 64224, 1, 0, 0
42500, 62080, 1, 0, 0
43000, 66944, 1, 0, 0
43500, 66272, 1, 0, 0
44000, 69792, 1, 0, 0
44500, 61456, 1, 0, 0
45000, 64816, 1, 0, 0
45500, 58144, 1, 0, 0
46000, 61840, 1, 0, 0
46500, 61632, 1, 0, 0
47000, 60560, 1, 0, 0
47500, 61728, 1, 0, 0
48000, 63104, 1, 0, 0
48500, 58704, 1, 0, 0
49000, 62144, 1, 0, 0
49500, 64224, 1, 0, 0
50000, 59344, 1, 0, 0
50500, 65360, 1, 0, 0
51000, 62704, 1, 0, 0
51500, 59856, 1, 0, 0
52000, 63168, 1, 0, 0
52500, 62976, 1, 0, 0
53000, 60464, 1, 0, 0
53500, 62368, 1, 0, 0
54000, 57824, 1, 0, 0
54500, 57376, 1, 0, 0
55000, 57424, 1, 0, 0
55500, 53728, 1, 0, 0
56000, 60505, 1, 0, 0
56500, 53600, 1, 0, 0
57000, 59792, 1, 0, 0
57500, 58896, 1, 0, 0
58000, 55008, 1, 0, 0
58500, 58944, 1, 0, 0
59000, 57184, 1, 0, 0
59500, 58704, 1, 0, 0
60000, 59488, 1, 0, 0
