500, 479426, 1, 0, 0
1000, 477524, 1, 0, 0
1500, 477467, 1, 0, 0
2000, 480788, 1, 0, 0
2500, 481227, 1, 0, 0
3000, 479650, 1, 0, 0
3500, 478536, 1, 0, 0
4000, 477752, 1, 0, 0
4500, 476636, 1, 0, 0
5000, 479902, 1, 0, 0
5500, 480767, 1, 0, 0
6002, 583539, 1, 0, 0
6500, 1342992, 1, 0, 0
7000, 1409696, 1, 0, 0
7504, 1293636, 1, 0, 0
8000, 1451738, 1, 0, 0
8500, 1390974, 1, 0, 0
9000, 1416028, 1, 0, 0
9500, 1593213, 1, 0, 0
10003, 1657925, 1, 0, 0
10500, 1516011, 1, 0, 0
11000, 1540898, 1, 0, 0
11503, 1554230, 1, 0, 0
12000, 1528071, 1, 0, 0
12500, 1687041, 1, 0, 0
13000, 1544414, 1, 0, 0
13500, 1900352, 1, 0, 0
14000, 1888942, 1, 0, 0
14500, 2094404, 1, 0, 0
15000, 1973518, 1, 0, 0
15507, 1880352, 1, 0, 0
16008, 2150656, 1, 0, 0
16505, 2125787, 1, 0, 0
17002, 2094842, 1, 0, 0
17506, 2188052, 1, 0, 0
18000, 2491813, 1, 0, 0
18505, 2204537, 1, 0, 0
19002, 2239058, 1, 0, 0
19500, 2329406, 1, 0, 0
20004, 2195083, 1, 0, 0
20504, 2419376, 1, 0, 0
21000, 2535543, 1, 0, 0
21503, 2281701, 1, 0, 0
22006, 2587767, 1, 0, 0
22504, 2665080, 1, 0, 0
23000, 2557659, 1, 0, 0
23507, 2618121, 1, 0, 0
24008, 2786811, 1, 0, 0
24506, 2600447, 1, 0, 0
25004, 2858336, 1, 0, 0
25504, 2789263, 1, 0, 0
26008, 2916380, 1, 0, 0
26507, 2884780, 1, 0, 0
27007, 2867364, 1, 0, 0
27500, 2902928, 1, 0, 0
28000, 2842226, 1, 0, 0
28500, 2866577, 1, 0, 0
29006, 2901486, 1, 0, 0
29500, 3095915, 1, 0, 0
30001, 3105225, 1, 0, 0
30500, 3154933, 1, 0, 0
31004, 3091889, 1, 0, 0
31500, 3052365, 1, 0, 0
32007, 3272221, 1, 0, 0
32511, 3113152, 1, 0, 0
33000, 3302511, 1, 0, 0
33509, 3553501, 1, 0, 0
34000, 3175436, 1, 0, 0
34504, 3457731, 1, 0, 0
35000, 3353250, 1, 0, 0
35507, 3481787, 1, 0, 0
36000, 3642010, 1, 0, 0
36507, 3487675, 1, 0, 0
37011, 3674684, 1, 0, 0
37501, 3743669, 1, 0, 0
38001, 4004026, 1, 0, 0
38507, 3763852, 1, 0, 0
39003, 3817170, 1, 0, 0
39507, 3456327, 1, 0, 0
40001, 3861214, 1, 0, 0
40500, 3825838, 1, 0, 0
41011, 4115824, 1, 0, 0
41504, 3547274, 1, 0, 0
42002, 3967821, 1, 0, 0
42500, 4098964, 1, 0, 0
43005, 3877990, 1, 0, 0
43501, 3817839, 1, 0, 0
44000, 3753127, 1, 0, 0
44504, 4096685, 1, 0, 0
45000, 3915134, 1, 0, 0
45500, 4437794, 1, 0, 0
46008, 4164663, 1, 0, 0
46500, 4158479, 1, 0, 0
47002, 4168430, 1, 0, 0
47500, 4262567, 1, 0, 0
48000, 4043128, 1, 0, 0
48508, 4297676, 1, 0, 0
49008, 4124597, 1, 0, 0
49500, 4040948, 1, 0, 0
50005, 4229162, 1, 0, 0
50500, 3985029, 1, 0, 0
51006, 4008789, 1, 0, 0
51503, 4243404, 1, 0, 0
52012, 4133791, 1, 0, 0
52508, 4046664, 1, 0, 0
53000, 4316429, 1, 0, 0
53509, 4001997, 1, 0, 0
54012, 4469639, 1, 0, 0
54500, 4539571, 1, 0, 0
55007, 4347757, 1, 0, 0
55502, 4694688, 1, 0, 0
56012, 4321321, 1, 0, 0
56500, 4693137, 1, 0, 0
57000, 4291463, 1, 0, 0
57500, 4406989, 1, 0, 0
58008, 4623162, 1, 0, 0
58509, 4345088, 1, 0, 0
59000, 4516740, 1, 0, 0
59500, 4360655, 1, 0, 0
60000, 4184284, 1, 0, 0
60001, 16367024, 1, 0, 0
