500, 1083, 1, 0, 0
1000, 1082, 1, 0, 0
1500, 1082, 1, 0, 0
2000, 1080, 1, 0, 0
2500, 1081, 1, 0, 0
3000, 1081, 1, 0, 0
3500, 1075, 1, 0, 0
4000, 1089, 1, 0, 0
4500, 1185, 1, 0, 0
5000, 1090, 1, 0, 0
5500, 1084, 1, 0, 0
6002, 1080, 1, 0, 0
6500, 1090, 1, 0, 0
7000, 1091, 1, 0, 0
7504, 1083, 1, 0, 0
8000, 1101, 1, 0, 0
8500, 1180, 1, 0, 0
9000, 1085, 1, 0, 0
9500, 1082, 1, 0, 0
10003, 1083, 1, 0, 0
10500, 1088, 1, 0, 0
11000, 1089, 1, 0, 0
11503, 1080, 1, 0, 0
12000, 1096, 1, 0, 0
12500, 1086, 1, 0, 0
13000, 1084, 1, 0, 0
13500, 1088, 1, 0, 0
14000, 1081, 1, 0, 0
14500, 1091, 1, 0, 0
15000, 1090, 1, 0, 0
15507, 1088, 1, 0, 0
16008, 1085, 1, 0, 0
16505, 1087, 1, 0, 0
17002, 1092, 1, 0, 0
17506, 1089, 1, 0, 0
18000, 1089, 1, 0, 0
18505, 1104, 1, 0, 0
19002, 1090, 1, 0, 0
19500, 1159, 1, 0, 0
20004, 1094, 1, 0, 0
20504, 1088, 1, 0, 0
21000, 1092, 1, 0, 0
21503, 1099, 1, 0, 0
22006, 1101, 1, 0, 0
22504, 1097, 1, 0, 0
23000, 1094, 1, 0, 0
23507, 1087, 1, 0, 0
24008, 1095, 1, 0, 0
24506, 1090, 1, 0, 0
25004, 1090, 1, 0, 0
25504, 1085, 1, 0, 0
26008, 1088, 1, 0, 0
26507, 1084, 1, 0, 0
27007, 1088, 1, 0, 0
27500, 1084, 1, 0, 0
28000, 1086, 1, 0, 0
28500, 1083, 1, 0, 0
29006, 1105, 1, 0, 0
29500, 1092, 1, 0, 0
30001, 1087, 1, 0, 0
30500, 1091, 1, 0, 0
31004, 1089, 1, 0, 0
31500, 1090, 1, 0, 0
32007, 1086, 1, 0, 0
32511, 1089, 1, 0, 0
33000, 1095, 1, 0, 0
33509, 1083, 1, 0, 0
34000, 1123, 1, 0, 0
34504, 1089, 1, 0, 0
35000, 1093, 1, 0, 0
35507, 1090, 1, 0, 0
36000, 1090, 1, 0, 0
36507, 1085, 1, 0, 0
37011, 1093, 1, 0, 0
37501, 1219, 1, 0, 0
38001, 1109, 1, 0, 0
38507, 1089, 1, 0, 0
39003, 1087, 1, 0, 0
39507, 1094, 1, 0, 0
40001, 1092, 1, 0, 0
40500, 1090, 1, 0, 0
41011, 1088, 1, 0, 0
41504, 1086, 1, 0, 0
42002, 1096, 1, 0, 0
42500, 1092, 1, 0, 0
43005, 1091, 1, 0, 0
43501, 1091, 1, 0, 0
44000, 1091, 1, 0, 0
44504, 1100, 1, 0, 0
45000, 1103, 1, 0, 0
45500, 1147, 1, 0, 0
46008, 1094, 1, 0, 0
46500, 1089, 1, 0, 0
47002, 1098, 1, 0, 0
47500, 1094, 1, 0, 0
48000, 1090, 1, 0, 0
48508, 1089, 1, 0, 0
49008, 1094, 1, 0, 0
49500, 1093, 1, 0, 0
50005, 1093, 1, 0, 0
50500, 1092, 1, 0, 0
51006, 1099, 1, 0, 0
51503, 1099, 1, 0, 0
52012, 1098, 1, 0, 0
52508, 1102, 1, 0, 0
53000, 1094, 1, 0, 0
53509, 1104, 1, 0, 0
54012, 1092, 1, 0, 0
54500, 1097, 1, 0, 0
55007, 1099, 1, 0, 0
55502, 1321, 1, 0, 0
56012, 1093, 1, 0, 0
56500, 1096, 1, 0, 0
57000, 1094, 1, 0, 0
57500, 1101, 1, 0, 0
58008, 1094, 1, 0, 0
58509, 1099, 1, 0, 0
59000, 1097, 1, 0, 0
59500, 1096, 1, 0, 0
60001, 1092, 1, 0, 0
