500, 2192832, 1, 0, 0
1000, 2191936, 1, 0, 0
1500, 2189568, 1, 0, 0
2000, 2195008, 1, 0, 0
2500, 2196288, 1, 0, 0
3000, 2191584, 1, 0, 0
3500, 2193248, 1, 0, 0
4000, 2203648, 1, 0, 0
4500, 2188608, 1, 0, 0
5000, 2193472, 1, 0, 0
5500, 2198912, 1, 0, 0
6000, 900992, 1, 0, 0
6500, 132608, 1, 0, 0
7000, 142685, 1, 0, 0
7500, 139712, 1, 0, 0
8000, 142848, 1, 0, 0
8500, 143808, 1, 0, 0
9000, 152352, 1, 0, 0
9500, 156064, 1, 0, 0
10000, 150336, 1, 0, 0
10500, 166080, 1, 0, 0
11000, 178752, 1, 0, 0
11500, 178688, 1, 0, 0
12000, 184704, 1, 0, 0
12500, 185216, 1, 0, 0
13000, 177920, 1, 0, 0
13500, 170624, 1, 0, 0
14000, 184128, 1, 0, 0
14500, 182848, 1, 0, 0
15000, 170880, 1, 0, 0
15500, 182316, 1, 0, 0
16000, 181440, 1, 0, 0
16500, 170752, 1, 0, 0
17000, 177728, 1, 0, 0
17500, 174144, 1, 0, 0
18000, 197632, 1, 0, 0
18500, 185728, 1, 0, 0
19000, 179840, 1, 0, 0
19500, 181440, 1, 0, 0
20000, 195392, 1, 0, 0
20500, 181696, 1, 0, 0
21000, 201536, 1, 0, 0
21500, 190016, 1, 0, 0
22000, 199360, 1, 0, 0
22500, 190336, 1, 0, 0
23000, 188608, 1, 0, 0
23500, 191296, 1, 0, 0
24000, 188288, 1, 0, 0
24500, 180672, 1, 0, 0
25000, 211968, 1, 0, 0
25500, 201472, 1, 0, 0
26000, 213888, 1, 0, 0
26500, 200000, 1, 0, 0
27000, 221504, 1, 0, 0
27500, 200320, 1, 0, 0
28000, 198592, 1, 0, 0
28500, 201344, 1, 0, 0
29000, 205248, 1, 0, 0
29500, 211366, 1, 0, 0
30000, 221440, 1, 0, 0
30500, 210368, 1, 0, 0
31000, 201216, 1, 0, 0
31500, 206336, 1, 0, 0
32000, 250816, 1, 0, 0
32500, 237376, 1, 0, 0
33000, 223232, 1, 0, 0
33500, 238144, 1, 0, 0
34000, 222016, 1, 0, 0
34500, 226688, 1, 0, 0
35000, 220416, 1, 0, 0
35500, 224000, 1, 0, 0
36000, 233856, 1, 0, 0
36500, 228800, 1, 0, 0
37000, 257920, 1, 0, 0
37500, 236736, 1, 0, 0
38000, 240320, 1, 0, 0
38500, 230720, 1, 0, 0
39000, 246720, 1, 0, 0
39500, 253056, 1, 0, 0
40000, 250560, 1, 0, 0
40500, 286400, 1, 0, 0
41000, 271296, 1, 0, 0
41500, 287424, 1, 0, 0
42000, 292288, 1, 0, 0
42500, 301760, 1, 0, 0
43000, 290432, 1, 0, 0
43500, 303296, 1, 0, 0
44000, 313344, 1, 0, 0
44500, 340928, 1, 0, 0
45000, 351872, 1, 0, 0
45500, 363328, 1, 0, 0
46001, 398400, 1, 0, 0
46500, 385795, 1, 0, 0
47000, 436736, 1, 0, 0
47500, 482560, 1, 0, 0
48000, 475392, 1, 0, 0
48500, 481888, 1, 0, 0
49000, 632416, 1, 0, 0
49500, 789120, 1, 0, 0
50000, 1410944, 1, 0, 0
50500, 1206016, 1, 0, 0
51000, 130112, 1, 0, 0
51500, 135680, 1, 0, 0
52000, 134400, 1, 0, 0
52500, 149056, 1, 0, 0
53000, 154240, 1, 0, 0
53500, 153472, 1, 0, 0
54000, 157312, 1, 0, 0
54500, 152448, 1, 0, 0
55000, 170688, 1, 0, 0
55500, 162176, 1, 0, 0
56000, 185024, 1, 0, 0
56500, 183232, 1, 0, 0
57000, 180096, 1, 0, 0
57500, 180928, 1, 0, 0
58000, 180416, 1, 0, 0
58500, 174592, 1, 0, 0
59000, 169920, 1, 0, 0
59500, 193376, 1, 0, 0
60000, 173178, 1, 0, 0
