500, 137052, 1, 0, 0
1000, 136992, 1, 0, 0
1500, 136848, 1, 0, 0
2000, 137188, 1, 0, 0
2500, 137268, 1, 0, 0
3000, 136974, 1, 0, 0
3500, 137078, 1, 0, 0
4000, 137728, 1, 0, 0
4500, 136788, 1, 0, 0
5000, 137092, 1, 0, 0
5500, 137432, 1, 0, 0
6000, 56312, 1, 0, 0
6500, 8288, 1, 0, 0
7000, 8917, 1, 0, 0
7500, 8732, 1, 0, 0
8000, 8928, 1, 0, 0
8500, 8988, 1, 0, 0
9000, 9522, 1, 0, 0
9500, 9754, 1, 0, 0
10000, 9396, 1, 0, 0
10500, 10380, 1, 0, 0
11000, 11172, 1, 0, 0
11500, 11168, 1, 0, 0
12000, 11544, 1, 0, 0
12500, 11576, 1, 0, 0
13000, 11120, 1, 0, 0
13500, 10664, 1, 0, 0
14000, 11508, 1, 0, 0
14500, 11428, 1, 0, 0
15000, 10680, 1, 0, 0
15500, 11394, 1, 0, 0
16000, 11340, 1, 0, 0
16500, 10672, 1, 0, 0
17000, 11108, 1, 0, 0
17500, 10884, 1, 0, 0
18000, 12352, 1, 0, 0
18500, 11608, 1, 0, 0
19000, 11240, 1, 0, 0
19500, 11340, 1, 0, 0
20000, 12212, 1, 0, 0
20500, 11356, 1, 0, 0
21000, 12596, 1, 0, 0
21500, 11876, 1, 0, 0
22000, 12460, 1, 0, 0
22500, 11896, 1, 0, 0
23000, 11788, 1, 0, 0
23500, 11956, 1, 0, 0
24000, 11768, 1, 0, 0
24500, 11292, 1, 0, 0
25000, 13248, 1, 0, 0
25500, 12592, 1, 0, 0
26000, 13368, 1, 0, 0
26500, 12500, 1, 0, 0
27000, 13844, 1, 0, 0
27500, 12520, 1, 0, 0
28000, 12412, 1, 0, 0
28500, 12584, 1, 0, 0
29000, 12828, 1, 0, 0
29500, 13210, 1, 0, 0
30000, 13840, 1, 0, 0
30500, 13148, 1, 0, 0
31000, 12576, 1, 0, 0
31500, 12896, 1, 0, 0
32000, 15676, 1, 0, 0
32500, 14836, 1, 0, 0
33000, 13952, 1, 0, 0
33500, 14884, 1, 0, 0
34000, 13876, 1, 0, 0
34500, 14168, 1, 0, 0
35000, 13776, 1, 0, 0
35500, 14000, 1, 0, 0
36000, 14616, 1, 0, 0
36500, 14300, 1, 0, 0
37000, 16120, 1, 0, 0
37500, 14796, 1, 0, 0
38000, 15020, 1, 0, 0
38500, 14420, 1, 0, 0
39000, 15420, 1, 0, 0
39500, 15816, 1, 0, 0
40000, 15660, 1, 0, 0
40500, 17900, 1, 0, 0
41000, 16956, 1, 0, 0
41500, 17964, 1, 0, 0
42000, 18268, 1, 0, 0
42500, 18860, 1, 0, 0
43000, 18152, 1, 0, 0
43500, 18956, 1, 0, 0
44000, 19584, 1, 0, 0
44500, 21308, 1, 0, 0
45000, 21992, 1, 0, 0
45500, 22708, 1, 0, 0
46001, 24900, 1, 0, 0
46500, 24112, 1, 0, 0
47000, 27296, 1, 0, 0
47500, 30160, 1, 0, 0
48000, 29712, 1, 0, 0
48500, 30118, 1, 0, 0
49000, 39526, 1, 0, 0
49500, 49320, 1, 0, 0
50000, 88184, 1, 0, 0
50500, 75376, 1, 0, 0
51000, 8132, 1, 0, 0
51500, 8480, 1, 0, 0
52000, 8400, 1, 0, 0
52500, 9316, 1, 0, 0
53000, 9640, 1, 0, 0
53500, 9592, 1, 0, 0
54000, 9832, 1, 0, 0
54500, 9528, 1, 0, 0
55000, 10668, 1, 0, 0
55500, 10136, 1, 0, 0
56000, 11564, 1, 0, 0
56500, 11452, 1, 0, 0
57000, 11256, 1, 0, 0
57500, 11308, 1, 0, 0
58000, 11276, 1, 0, 0
58500, 10912, 1, 0, 0
59000, 10620, 1, 0, 0
59500, 12086, 1, 0, 0
60000, 10823, 1, 0, 0
