500, 233363, 1, 0, 0
1000, 233379, 1, 0, 0
1500, 233613, 1, 0, 0
2000, 233061, 1, 0, 0
2500, 232876, 1, 0, 0
3000, 233412, 1, 0, 0
3500, 233226, 1, 0, 0
4000, 232135, 1, 0, 0
4500, 233714, 1, 0, 0
5000, 233184, 1, 0, 0
5500, 232620, 1, 0, 0
6000, 564782, 1, 0, 0
6506, 3788369, 1, 0, 0
7000, 3666676, 1, 0, 0
7505, 3582407, 1, 0, 0
8011, 3631764, 1, 0, 0
8500, 3480569, 1, 0, 0
9000, 3483662, 1, 0, 0
9514, 3260601, 1, 0, 0
10004, 3332841, 1, 0, 0
10500, 3057950, 1, 0, 0
11000, 2957868, 1, 0, 0
11512, 2846902, 1, 0, 0
12007, 2734802, 1, 0, 0
12500, 2811446, 1, 0, 0
13000, 2906272, 1, 0, 0
13513, 2961428, 1, 0, 0
14002, 2713570, 1, 0, 0
14510, 2855388, 1, 0, 0
15000, 3034964, 1, 0, 0
15510, 2773298, 1, 0, 0
16004, 2799448, 1, 0, 0
16512, 3024083, 1, 0, 0
17013, 2894698, 1, 0, 0
17515, 2945771, 1, 0, 0
18009, 2564530, 1, 0, 0
18513, 2782051, 1, 0, 0
19000, 2857400, 1, 0, 0
19501, 2752218, 1, 0, 0
20004, 2638691, 1, 0, 0
20500, 2782166, 1, 0, 0
21006, 2575478, 1, 0, 0
21508, 2700250, 1, 0, 0
22015, 2597571, 1, 0, 0
22500, 2706544, 1, 0, 0
23000, 2717334, 1, 0, 0
23514, 2659118, 1, 0, 0
24008, 2695932, 1, 0, 0
24500, 2775143, 1, 0, 0
25000, 2419810, 1, 0, 0
25500, 2620390, 1, 0, 0
26003, 2334986, 1, 0, 0
26500, 2629744, 1, 0, 0
27000, 2296422, 1, 0, 0
27506, 2525511, 1, 0, 0
28014, 2606930, 1, 0, 0
28501, 2479887, 1, 0, 0
29004, 2522180, 1, 0, 0
29513, 2458731, 1, 0, 0
30003, 2274538, 1, 0, 0
30507, 2443158, 1, 0, 0
31004, 2533902, 1, 0, 0
31502, 2467632, 1, 0, 0
32000, 2093205, 1, 0, 0
32503, 2115061, 1, 0, 0
33000, 2339501, 1, 0, 0
33504, 2115275, 1, 0, 0
34004, 2299217, 1, 0, 0
34500, 2299383, 1, 0, 0
35005, 2285867, 1, 0, 0
35511, 2307217, 1, 0, 0
36005, 2172289, 1, 0, 0
36502, 2228093, 1, 0, 0
37008, 1999693, 1, 0, 0
37507, 2158444, 1, 0, 0
38004, 2116242, 1, 0, 0
38511, 2252044, 1, 0, 0
39007, 2056459, 1, 0, 0
39510, 2038333, 1, 0, 0
40011, 2045132, 1, 0, 0
40506, 1772433, 1, 0, 0
41008, 1893713, 1, 0, 0
41500, 1798738, 1, 0, 0
42000, 1747441, 1, 0, 0
42506, 1680907, 1, 0, 0
43007, 1766387, 1, 0, 0
43500, 1708699, 1, 0, 0
44009, 1619652, 1, 0, 0
44506, 1494262, 1, 0, 0
45007, 1455323, 1, 0, 0
45500, 1394439, 1, 0, 0
46000, 1293828, 1, 0, 0
46500, 1320295, 1, 0, 0
47000, 1172619, 1, 0, 0
47506, 1075295, 1, 0, 0
48004, 1074882, 1, 0, 0
48500, 1069714, 1, 0, 0
49000, 809563, 1, 0, 0
49500, 648969, 1, 0, 0
50000, 362691, 1, 0, 0
50513, 421533, 1, 0, 0
51003, 3858613, 1, 0, 0
51511, 3837001, 1, 0, 0
52000, 3846297, 1, 0, 0
52508, 3372391, 1, 0, 0
53000, 3384736, 1, 0, 0
53516, 3324367, 1, 0, 0
54000, 3300944, 1, 0, 0
54508, 3267877, 1, 0, 0
55007, 2994914, 1, 0, 0
55500, 3130023, 1, 0, 0
56012, 2817388, 1, 0, 0
56505, 2767473, 1, 0, 0
57012, 2876211, 1, 0, 0
57500, 2854338, 1, 0, 0
58000, 2838093, 1, 0, 0
58512, 2904284, 1, 0, 0
59000, 2940204, 1, 0, 0
59500, 2775388, 1, 0, 0
60008, 2867086, 1, 0, 0
60009, 15673689, 1, 0, 0
