500, 232127, 1, 0, 0
1000, 232143, 1, 0, 0
1500, 232371, 1, 0, 0
2000, 231828, 1, 0, 0
2500, 231640, 1, 0, 0
3000, 232177, 1, 0, 0
3500, 231960, 1, 0, 0
4000, 230896, 1, 0, 0
4500, 232480, 1, 0, 0
5000, 231950, 1, 0, 0
5500, 231385, 1, 0, 0
6000, 563549, 1, 0, 0
6506, 3787130, 1, 0, 0
7000, 3665440, 1, 0, 0
7505, 3581138, 1, 0, 0
8011, 3630521, 1, 0, 0
8500, 3479326, 1, 0, 0
9000, 3482422, 1, 0, 0
9514, 3259363, 1, 0, 0
10004, 3331609, 1, 0, 0
10500, 3056689, 1, 0, 0
11000, 2956628, 1, 0, 0
11512, 2845669, 1, 0, 0
12007, 2733568, 1, 0, 0
12500, 2810217, 1, 0, 0
13000, 2905037, 1, 0, 0
13513, 2960189, 1, 0, 0
14002, 2712344, 1, 0, 0
14510, 2853980, 1, 0, 0
15000, 3033732, 1, 0, 0
15510, 2772064, 1, 0, 0
16004, 2798219, 1, 0, 0
16512, 3022835, 1, 0, 0
17013, 2893463, 1, 0, 0
17515, 2944529, 1, 0, 0
18009, 2563293, 1, 0, 0
18513, 2780807, 1, 0, 0
19000, 2856159, 1, 0, 0
19501, 2750976, 1, 0, 0
20004, 2637453, 1, 0, 0
20500, 2780930, 1, 0, 0
21006, 2574251, 1, 0, 0
21508, 2699012, 1, 0, 0
22015, 2596317, 1, 0, 0
22500, 2705298, 1, 0, 0
23000, 2716086, 1, 0, 0
23514, 2657868, 1, 0, 0
24008, 2694682, 1, 0, 0
24500, 2773899, 1, 0, 0
25000, 2418570, 1, 0, 0
25500, 2619144, 1, 0, 0
26003, 2333757, 1, 0, 0
26500, 2628517, 1, 0, 0
27000, 2295186, 1, 0, 0
27506, 2524270, 1, 0, 0
28014, 2605697, 1, 0, 0
28501, 2478662, 1, 0, 0
29004, 2520952, 1, 0, 0
29513, 2457504, 1, 0, 0
30003, 2273319, 1, 0, 0
30507, 2441928, 1, 0, 0
31004, 2532671, 1, 0, 0
31502, 2466404, 1, 0, 0
32000, 2091973, 1, 0, 0
32503, 2113830, 1, 0, 0
33000, 2338274, 1, 0, 0
33504, 2114041, 1, 0, 0
34004, 2297973, 1, 0, 0
34500, 2298138, 1, 0, 0
35005, 2284637, 1, 0, 0
35511, 2305991, 1, 0, 0
36005, 2171055, 1, 0, 0
36502, 2226855, 1, 0, 0
37008, 1998457, 1, 0, 0
37507, 2157202, 1, 0, 0
38004, 2115008, 1, 0, 0
38511, 2250818, 1, 0, 0
39007, 2055228, 1, 0, 0
39510, 2037097, 1, 0, 0
40011, 2043889, 1, 0, 0
40506, 1771195, 1, 0, 0
41008, 1892461, 1, 0, 0
41500, 1797498, 1, 0, 0
42000, 1746200, 1, 0, 0
42506, 1679671, 1, 0, 0
43007, 1765153, 1, 0, 0
43500, 1707467, 1, 0, 0
44009, 1618411, 1, 0, 0
44506, 1493022, 1, 0, 0
45007, 1454083, 1, 0, 0
45500, 1393198, 1, 0, 0
46000, 1292590, 1, 0, 0
46500, 1319059, 1, 0, 0
47000, 1171381, 1, 0, 0
47506, 1074040, 1, 0, 0
48004, 1073635, 1, 0, 0
48500, 1068478, 1, 0, 0
49000, 808323, 1, 0, 0
49500, 647739, 1, 0, 0
50000, 361452, 1, 0, 0
50513, 420296, 1, 0, 0
51003, 3857371, 1, 0, 0
51511, 3835769, 1, 0, 0
52000, 3845063, 1, 0, 0
52508, 3371157, 1, 0, 0
53000, 3383498, 1, 0, 0
53516, 3323132, 1, 0, 0
54000, 3299700, 1, 0, 0
54508, 3266641, 1, 0, 0
55007, 2993678, 1, 0, 0
55500, 3128794, 1, 0, 0
56012, 2816155, 1, 0, 0
56505, 2766243, 1, 0, 0
57012, 2874973, 1, 0, 0
57500, 2853085, 1, 0, 0
58000, 2836865, 1, 0, 0
58512, 2903051, 1, 0, 0
59000, 2938902, 1, 0, 0
59500, 2774123, 1, 0, 0
60008, 2865776, 1, 0, 0
60009, 15672471, 1, 0, 0
