500, 1235, 1, 0, 0
1000, 1235, 1, 0, 0
1500, 1241, 1, 0, 0
2000, 1233, 1, 0, 0
2500, 1236, 1, 0, 0
3000, 1235, 1, 0, 0
3500, 1266, 1, 0, 0
4000, 1238, 1, 0, 0
4500, 1235, 1, 0, 0
5000, 1234, 1, 0, 0
5500, 1235, 1, 0, 0
6000, 1233, 1, 0, 0
6506, 1239, 1, 0, 0
7000, 1236, 1, 0, 0
7505, 1270, 1, 0, 0
8011, 1242, 1, 0, 0
8500, 1242, 1, 0, 0
9000, 1240, 1, 0, 0
9514, 1237, 1, 0, 0
10004, 1233, 1, 0, 0
10500, 1261, 1, 0, 0
11000, 1240, 1, 0, 0
11512, 1234, 1, 0, 0
12007, 1233, 1, 0, 0
12500, 1229, 1, 0, 0
13000, 1235, 1, 0, 0
13513, 1239, 1, 0, 0
14002, 1226, 1, 0, 0
14510, 1408, 1, 0, 0
15000, 1231, 1, 0, 0
15510, 1234, 1, 0, 0
16004, 1230, 1, 0, 0
16512, 1248, 1, 0, 0
17013, 1235, 1, 0, 0
17515, 1242, 1, 0, 0
18009, 1238, 1, 0, 0
18513, 1244, 1, 0, 0
19000, 1241, 1, 0, 0
19501, 1242, 1, 0, 0
20004, 1238, 1, 0, 0
20500, 1236, 1, 0, 0
21006, 1227, 1, 0, 0
21508, 1237, 1, 0, 0
22015, 1254, 1, 0, 0
22500, 1246, 1, 0, 0
23000, 1248, 1, 0, 0
23514, 1250, 1, 0, 0
24008, 1249, 1, 0, 0
24500, 1245, 1, 0, 0
25000, 1240, 1, 0, 0
25500, 1246, 1, 0, 0
26003, 1229, 1, 0, 0
26500, 1227, 1, 0, 0
27000, 1236, 1, 0, 0
27506, 1241, 1, 0, 0
28014, 1233, 1, 0, 0
28501, 1225, 1, 0, 0
29004, 1228, 1, 0, 0
29513, 1228, 1, 0, 0
30003, 1219, 1, 0, 0
30507, 1231, 1, 0, 0
31004, 1230, 1, 0, 0
31502, 1228, 1, 0, 0
32000, 1232, 1, 0, 0
32503, 1231, 1, 0, 0
33000, 1227, 1, 0, 0
33504, 1234, 1, 0, 0
34004, 1244, 1, 0, 0
34500, 1245, 1, 0, 0
35005, 1230, 1, 0, 0
35511, 1226, 1, 0, 0
36005, 1234, 1, 0, 0
36502, 1238, 1, 0, 0
37008, 1236, 1, 0, 0
37508, 1242, 1, 0, 0
38004, 1234, 1, 0, 0
38511, 1226, 1, 0, 0
39007, 1232, 1, 0, 0
39510, 1236, 1, 0, 0
40011, 1243, 1, 0, 0
40506, 1237, 1, 0, 0
41008, 1253, 1, 0, 0
41500, 1240, 1, 0, 0
42000, 1242, 1, 0, 0
42506, 1236, 1, 0, 0
43007, 1234, 1, 0, 0
43500, 1232, 1, 0, 0
44009, 1241, 1, 0, 0
44506, 1240, 1, 0, 0
45007, 1240, 1, 0, 0
45500, 1241, 1, 0, 0
46000, 1237, 1, 0, 0
46500, 1236, 1, 0, 0
47000, 1238, 1, 0, 0
47506, 1255, 1, 0, 0
48004, 1247, 1, 0, 0
48500, 1236, 1, 0, 0
49000, 1240, 1, 0, 0
49500, 1230, 1, 0, 0
50000, 1238, 1, 0, 0
50513, 1236, 1, 0, 0
51003, 1242, 1, 0, 0
51511, 1232, 1, 0, 0
52000, 1234, 1, 0, 0
52508, 1235, 1, 0, 0
53000, 1238, 1, 0, 0
53516, 1235, 1, 0, 0
54000, 1245, 1, 0, 0
54508, 1236, 1, 0, 0
55007, 1237, 1, 0, 0
55500, 1229, 1, 0, 0
56012, 1233, 1, 0, 0
56505, 1230, 1, 0, 0
57012, 1238, 1, 0, 0
57500, 1253, 1, 0, 0
58000, 1229, 1, 0, 0
58512, 1233, 1, 0, 0
59000, 1303, 1, 0, 0
59500, 1265, 1, 0, 0
60009, 1310, 1, 0, 0
