500, 569409, 1, 0, 0
1000, 565938, 1, 0, 0
1500, 567105, 1, 0, 0
2000, 560783, 1, 0, 0
2500, 563560, 1, 0, 0
3000, 563402, 1, 0, 0
3500, 600871, 1, 0, 0
4000, 1396276, 1, 0, 0
4500, 1422163, 1, 0, 0
5000, 1511769, 1, 0, 0
5500, 1518820, 1, 0, 0
6000, 1573865, 1, 0, 0
6500, 1621972, 1, 0, 0
7002, 1749357, 1, 0, 0
7500, 1858167, 1, 0, 0
8000, 1922331, 1, 0, 0
8500, 1944551, 1, 0, 0
9001, 2105298, 1, 0, 0
9504, 2234894, 1, 0, 0
10000, 2267430, 1, 0, 0
10502, 2261788, 1, 0, 0
11001, 2396536, 1, 0, 0
11501, 2443687, 1, 0, 0
12000, 2466654, 1, 0, 0
12504, 2621594, 1, 0, 0
13001, 2477263, 1, 0, 0
13500, 2621938, 1, 0, 0
14000, 2700876, 1, 0, 0
14501, 2622460, 1, 0, 0
15000, 2977735, 1, 0, 0
15500, 2780124, 1, 0, 0
16000, 2896929, 1, 0, 0
16504, 3039070, 1, 0, 0
17001, 2997867, 1, 0, 0
17504, 3121896, 1, 0, 0
18001, 3104401, 1, 0, 0
18500, 3042206, 1, 0, 0
19003, 2975970, 1, 0, 0
19503, 3184364, 1, 0, 0
20000, 3231096, 1, 0, 0
20505, 3224450, 1, 0, 0
21000, 3199045, 1, 0, 0
21503, 3371966, 1, 0, 0
22000, 3325115, 1, 0, 0
22500, 3301763, 1, 0, 0
23000, 3497354, 1, 0, 0
23500, 3491550, 1, 0, 0
24000, 3523749, 1, 0, 0
24500, 3482123, 1, 0, 0
25004, 3455655, 1, 0, 0
25504, 3734719, 1, 0, 0
26005, 3644317, 1, 0, 0
26507, 3784767, 1, 0, 0
27005, 3881865, 1, 0, 0
27500, 3780398, 1, 0, 0
28000, 3640315, 1, 0, 0
28501, 3628974, 1, 0, 0
29001, 3698825, 1, 0, 0
29500, 3992505, 1, 0, 0
30002, 3955504, 1, 0, 0
30500, 4177257, 1, 0, 0
31001, 4052336, 1, 0, 0
31500, 4051426, 1, 0, 0
32002, 4290480, 1, 0, 0
32500, 4205280, 1, 0, 0
33001, 4325316, 1, 0, 0
33500, 4133018, 1, 0, 0
34003, 4127550, 1, 0, 0
34503, 4220530, 1, 0, 0
35001, 4423286, 1, 0, 0
35500, 4325746, 1, 0, 0
36007, 4383630, 1, 0, 0
36500, 4311308, 1, 0, 0
37001, 4322981, 1, 0, 0
37503, 4367531, 1, 0, 0
38000, 4374732, 1, 0, 0
38504, 4715941, 1, 0, 0
39007, 4636267, 1, 0, 0
39501, 4454785, 1, 0, 0
40002, 4731311, 1, 0, 0
40500, 4434266, 1, 0, 0
41006, 4514636, 1, 0, 0
41500, 4557751, 1, 0, 0
42006, 4642070, 1, 0, 0
42502, 4622439, 1, 0, 0
43000, 4641987, 1, 0, 0
43506, 4629135, 1, 0, 0
44000, 4928597, 1, 0, 0
44505, 4790454, 1, 0, 0
45000, 4849754, 1, 0, 0
45506, 4757421, 1, 0, 0
46005, 4788292, 1, 0, 0
46502, 4851051, 1, 0, 0
47001, 5023725, 1, 0, 0
47504, 4933851, 1, 0, 0
48003, 4877660, 1, 0, 0
48500, 5068984, 1, 0, 0
49000, 4955479, 1, 0, 0
49500, 4943841, 1, 0, 0
50000, 5182858, 1, 0, 0
50500, 5154569, 1, 0, 0
51000, 5031908, 1, 0, 0
51500, 5195213, 1, 0, 0
52004, 5281245, 1, 0, 0
52500, 5421365, 1, 0, 0
53009, 5117055, 1, 0, 0
53506, 5260848, 1, 0, 0
54000, 5215912, 1, 0, 0
54510, 5286777, 1, 0, 0
55000, 5280800, 1, 0, 0
55500, 5368743, 1, 0, 0
56000, 5261599, 1, 0, 0
56500, 5226049, 1, 0, 0
57007, 5686808, 1, 0, 0
57500, 5322012, 1, 0, 0
58000, 5482013, 1, 0, 0
58508, 5392533, 1, 0, 0
59009, 5283281, 1, 0, 0
59506, 5385148, 1, 0, 0
60006, 5391502, 1, 0, 0
60009, 11624788, 1, 0, 0
