500, 56166, 1, 0, 0
1000, 56524, 1, 0, 0
1500, 56412, 1, 0, 0
2000, 57038, 1, 0, 0
2500, 56766, 1, 0, 0
3000, 56784, 1, 0, 0
3500, 53186, 1, 0, 0
4000, 22950, 1, 0, 0
4500, 22380, 1, 0, 0
5000, 21234, 1, 0, 0
5500, 21026, 1, 0, 0
6000, 20368, 1, 0, 0
6500, 19708, 1, 0, 0
7000, 18260, 1, 0, 0
7500, 17294, 1, 0, 0
8000, 16468, 1, 0, 0
8500, 16430, 1, 0, 0
9000, 15306, 1, 0, 0
9500, 14336, 1, 0, 0
10000, 14138, 1, 0, 0
10500, 14014, 1, 0, 0
11000, 13350, 1, 0, 0
11500, 13140, 1, 0, 0
12000, 12958, 1, 0, 0
12500, 12248, 1, 0, 0
13000, 12893, 1, 0, 0
13500, 12150, 1, 0, 0
14000, 11918, 1, 0, 0
14500, 12100, 1, 0, 0
15000, 10890, 1, 0, 0
15500, 11350, 1, 0, 0
16000, 11044, 1, 0, 0
16500, 10610, 1, 0, 0
17000, 10612, 1, 0, 0
17500, 10326, 1, 0, 0
18000, 10246, 1, 0, 0
18500, 10626, 1, 0, 0
19000, 10712, 1, 0, 0
19500, 9996, 1, 0, 0
20000, 9982, 1, 0, 0
20500, 9864, 1, 0, 0
21000, 10122, 1, 0, 0
21500, 9354, 1, 0, 0
22000, 9704, 1, 0, 0
22500, 9762, 1, 0, 0
23000, 9000, 1, 0, 0
23500, 9284, 1, 0, 0
24000, 9030, 1, 0, 0
24500, 9092, 1, 0, 0
25000, 9290, 1, 0, 0
25500, 8604, 1, 0, 0
26000, 8784, 1, 0, 0
26500, 8474, 1, 0, 0
27000, 8190, 1, 0, 0
27500, 8430, 1, 0, 0
28000, 8894, 1, 0, 0
28500, 8690, 1, 0, 0
29000, 8648, 1, 0, 0
29500, 8034, 1, 0, 0
30000, 8130, 1, 0, 0
30500, 7734, 1, 0, 0
31000, 7784, 1, 0, 0
31500, 8002, 1, 0, 0
32000, 7362, 1, 0, 0
32500, 7710, 1, 0, 0
33000, 7318, 1, 0, 0
33500, 7836, 1, 0, 0
34000, 7674, 1, 0, 0
34500, 7568, 1, 0, 0
35000, 7206, 1, 0, 0
35500, 7392, 1, 0, 0
36000, 7396, 1, 0, 0
36500, 7450, 1, 0, 0
37000, 7282, 1, 0, 0
37500, 7360, 1, 0, 0
38000, 7392, 1, 0, 0
38500, 6716, 1, 0, 0
39000, 6966, 1, 0, 0
39500, 7082, 1, 0, 0
40000, 6784, 1, 0, 0
40500, 7214, 1, 0, 0
41000, 7126, 1, 0, 0
41500, 6956, 1, 0, 0
42000, 6968, 1, 0, 0
42500, 6864, 1, 0, 0
43000, 7060, 1, 0, 0
43500, 6813, 1, 0, 0
44000, 6522, 1, 0, 0
44500, 6634, 1, 0, 0
45000, 6654, 1, 0, 0
45500, 6694, 1, 0, 0
46000, 6670, 1, 0, 0
46500, 6546, 1, 0, 0
47000, 6342, 1, 0, 0
47500, 6534, 1, 0, 0
48000, 6548, 1, 0, 0
48500, 6314, 1, 0, 0
49000, 6528, 1, 0, 0
49500, 6476, 1, 0, 0
50000, 6182, 1, 0, 0
50500, 6214, 1, 0, 0
51000, 6354, 1, 0, 0
51500, 6150, 1, 0, 0
52000, 6014, 1, 0, 0
52500, 5948, 1, 0, 0
53000, 6248, 1, 0, 0
53500, 6078, 1, 0, 0
54000, 6156, 1, 0, 0
54500, 6042, 1, 0, 0
55000, 6060, 1, 0, 0
55500, 5870, 1, 0, 0
56000, 6100, 1, 0, 0
56500, 6098, 1, 0, 0
57000, 5700, 1, 0, 0
57500, 6036, 1, 0, 0
58000, 5828, 1, 0, 0
58500, 5920, 1, 0, 0
59000, 6062, 1, 0, 0
59500, 5910, 1, 0, 0
60000, 5956, 1, 0, 0
