500, 568472, 1, 0, 0
1000, 565000, 1, 0, 0
1500, 566173, 1, 0, 0
2000, 559844, 1, 0, 0
2500, 562627, 1, 0, 0
3000, 562469, 1, 0, 0
3500, 599934, 1, 0, 0
4000, 1395319, 1, 0, 0
4500, 1421205, 1, 0, 0
5000, 1510808, 1, 0, 0
5500, 1517858, 1, 0, 0
6000, 1572904, 1, 0, 0
6500, 1621011, 1, 0, 0
7002, 1748390, 1, 0, 0
7500, 1857206, 1, 0, 0
8000, 1921367, 1, 0, 0
8500, 1943584, 1, 0, 0
9001, 2104336, 1, 0, 0
9504, 2233920, 1, 0, 0
10000, 2266442, 1, 0, 0
10502, 2260826, 1, 0, 0
11001, 2395567, 1, 0, 0
11501, 2442721, 1, 0, 0
12000, 2465686, 1, 0, 0
12504, 2620626, 1, 0, 0
13001, 2476299, 1, 0, 0
13500, 2620965, 1, 0, 0
14000, 2699906, 1, 0, 0
14501, 2621492, 1, 0, 0
15000, 2976768, 1, 0, 0
15500, 2779159, 1, 0, 0
16000, 2895962, 1, 0, 0
16504, 3038104, 1, 0, 0
17001, 2996899, 1, 0, 0
17504, 3120930, 1, 0, 0
18001, 3103434, 1, 0, 0
18500, 3041237, 1, 0, 0
19003, 2975001, 1, 0, 0
19503, 3183396, 1, 0, 0
20000, 3230121, 1, 0, 0
20505, 3223481, 1, 0, 0
21000, 3198077, 1, 0, 0
21503, 3370988, 1, 0, 0
22000, 3324119, 1, 0, 0
22500, 3300799, 1, 0, 0
23000, 3496330, 1, 0, 0
23500, 3490583, 1, 0, 0
24000, 3522784, 1, 0, 0
24500, 3481160, 1, 0, 0
25004, 3454689, 1, 0, 0
25504, 3733752, 1, 0, 0
26005, 3643354, 1, 0, 0
26507, 3783803, 1, 0, 0
27005, 3880897, 1, 0, 0
27500, 3779429, 1, 0, 0
28000, 3639350, 1, 0, 0
28501, 3628008, 1, 0, 0
29001, 3697862, 1, 0, 0
29500, 3991542, 1, 0, 0
30002, 3954528, 1, 0, 0
30500, 4176268, 1, 0, 0
31001, 4051373, 1, 0, 0
31500, 4050454, 1, 0, 0
32002, 4289508, 1, 0, 0
32500, 4204310, 1, 0, 0
33001, 4324311, 1, 0, 0
33500, 4132052, 1, 0, 0
34003, 4126579, 1, 0, 0
34503, 4219557, 1, 0, 0
35001, 4422314, 1, 0, 0
35500, 4324779, 1, 0, 0
36007, 4382663, 1, 0, 0
36500, 4310340, 1, 0, 0
37001, 4322009, 1, 0, 0
37503, 4366559, 1, 0, 0
38000, 4373762, 1, 0, 0
38504, 4714971, 1, 0, 0
39007, 4635298, 1, 0, 0
39501, 4453817, 1, 0, 0
40002, 4730343, 1, 0, 0
40500, 4433280, 1, 0, 0
41006, 4513671, 1, 0, 0
41500, 4556790, 1, 0, 0
42006, 4641111, 1, 0, 0
42502, 4621469, 1, 0, 0
43000, 4641015, 1, 0, 0
43506, 4628011, 1, 0, 0
44000, 4927630, 1, 0, 0
44505, 4789489, 1, 0, 0
45000, 4848790, 1, 0, 0
45506, 4756451, 1, 0, 0
46005, 4787328, 1, 0, 0
46502, 4850087, 1, 0, 0
47001, 5022754, 1, 0, 0
47504, 4932890, 1, 0, 0
48003, 4876690, 1, 0, 0
48500, 5068018, 1, 0, 0
49000, 4954513, 1, 0, 0
49500, 4942875, 1, 0, 0
50000, 5181888, 1, 0, 0
50500, 5153605, 1, 0, 0
51000, 5030942, 1, 0, 0
51500, 5194248, 1, 0, 0
52004, 5280273, 1, 0, 0
52500, 5420397, 1, 0, 0
53009, 5116087, 1, 0, 0
53506, 5259881, 1, 0, 0
54000, 5214941, 1, 0, 0
54510, 5285796, 1, 0, 0
55000, 5279828, 1, 0, 0
55500, 5367773, 1, 0, 0
56000, 5260610, 1, 0, 0
56500, 5225038, 1, 0, 0
57007, 5685802, 1, 0, 0
57500, 5321028, 1, 0, 0
58000, 5481030, 1, 0, 0
58508, 5391557, 1, 0, 0
59009, 5282309, 1, 0, 0
59506, 5384175, 1, 0, 0
60006, 5390528, 1, 0, 0
60009, 11623845, 1, 0, 0
