500, 224656, 1, 0, 0
1000, 226112, 1, 0, 0
1500, 225648, 1, 0, 0
2000, 228152, 1, 0, 0
2500, 227064, 1, 0, 0
3000, 227136, 1, 0, 0
3500, 212744, 1, 0, 0
4000, 91792, 1, 0, 0
4500, 89520, 1, 0, 0
5000, 84936, 1, 0, 0
5500, 84104, 1, 0, 0
6000, 81472, 1, 0, 0
6500, 78832, 1, 0, 0
7000, 73040, 1, 0, 0
7500, 69176, 1, 0, 0
8000, 65872, 1, 0, 0
8500, 65720, 1, 0, 0
9000, 61224, 1, 0, 0
9500, 57344, 1, 0, 0
10000, 56552, 1, 0, 0
10500, 56056, 1, 0, 0
11000, 53400, 1, 0, 0
11500, 52560, 1, 0, 0
12000, 51832, 1, 0, 0
12500, 48992, 1, 0, 0
13000, 51575, 1, 0, 0
13500, 48600, 1, 0, 0
14000, 47672, 1, 0, 0
14500, 48400, 1, 0, 0
15000, 43560, 1, 0, 0
15500, 45400, 1, 0, 0
16000, 44176, 1, 0, 0
16500, 42440, 1, 0, 0
17000, 42448, 1, 0, 0
17500, 41304, 1, 0, 0
18000, 40984, 1, 0, 0
18500, 42504, 1, 0, 0
19000, 42848, 1, 0, 0
19500, 39984, 1, 0, 0
20000, 39928, 1, 0, 0
20500, 39456, 1, 0, 0
21000, 40488, 1, 0, 0
21500, 37416, 1, 0, 0
22000, 38816, 1, 0, 0
22500, 39048, 1, 0, 0
23000, 36000, 1, 0, 0
23500, 37136, 1, 0, 0
24000, 36120, 1, 0, 0
24500, 36368, 1, 0, 0
25000, 37160, 1, 0, 0
25500, 34416, 1, 0, 0
26000, 35136, 1, 0, 0
26500, 33896, 1, 0, 0
27000, 32760, 1, 0, 0
27500, 33720, 1, 0, 0
28000, 35576, 1, 0, 0
28500, 34760, 1, 0, 0
29000, 34592, 1, 0, 0
29500, 32136, 1, 0, 0
30000, 32520, 1, 0, 0
30500, 30936, 1, 0, 0
31000, 31136, 1, 0, 0
31500, 32008, 1, 0, 0
32000, 29448, 1, 0, 0
32500, 30840, 1, 0, 0
33000, 29272, 1, 0, 0
33500, 31344, 1, 0, 0
34000, 30696, 1, 0, 0
34500, 30272, 1, 0, 0
35000, 28824, 1, 0, 0
35500, 29568, 1, 0, 0
36000, 29584, 1, 0, 0
36500, 29800, 1, 0, 0
37000, 29128, 1, 0, 0
37500, 29440, 1, 0, 0
38000, 29568, 1, 0, 0
38500, 26864, 1, 0, 0
39000, 27864, 1, 0, 0
39500, 28328, 1, 0, 0
40000, 27136, 1, 0, 0
40500, 28856, 1, 0, 0
41000, 28504, 1, 0, 0
41500, 27824, 1, 0, 0
42000, 27872, 1, 0, 0
42500, 27456, 1, 0, 0
43000, 28240, 1, 0, 0
43500, 27254, 1, 0, 0
44000, 26088, 1, 0, 0
44500, 26536, 1, 0, 0
45000, 26616, 1, 0, 0
45500, 26776, 1, 0, 0
46000, 26680, 1, 0, 0
46500, 26184, 1, 0, 0
47000, 25368, 1, 0, 0
47500, 26136, 1, 0, 0
48000, 26192, 1, 0, 0
48500, 25256, 1, 0, 0
49000, 26112, 1, 0, 0
49500, 25904, 1, 0, 0
50000, 24728, 1, 0, 0
50500, 24856, 1, 0, 0
51000, 25416, 1, 0, 0
51500, 24600, 1, 0, 0
52000, 24056, 1, 0, 0
52500, 23792, 1, 0, 0
53000, 24992, 1, 0, 0
53500, 24312, 1, 0, 0
54000, 24624, 1, 0, 0
54500, 24168, 1, 0, 0
55000, 24240, 1, 0, 0
55500, 23480, 1, 0, 0
56000, 24400, 1, 0, 0
56500, 24392, 1, 0, 0
57000, 22800, 1, 0, 0
57500, 24144, 1, 0, 0
58000, 23312, 1, 0, 0
58500, 23680, 1, 0, 0
59000, 24248, 1, 0, 0
59500, 23640, 1, 0, 0
60000, 23824, 1, 0, 0
