500, 937, 1, 0, 0
1000, 938, 1, 0, 0
1500, 932, 1, 0, 0
2000, 938, 1, 0, 0
2500, 933, 1, 0, 0
3000, 934, 1, 0, 0
3500, 938, 1, 0, 0
4000, 956, 1, 0, 0
4500, 959, 1, 0, 0
5000, 961, 1, 0, 0
5500, 962, 1, 0, 0
6000, 961, 1, 0, 0
6500, 961, 1, 0, 0
7002, 967, 1, 0, 0
7500, 961, 1, 0, 0
8000, 964, 1, 0, 0
8500, 967, 1, 0, 0
9001, 962, 1, 0, 0
9504, 974, 1, 0, 0
10000, 988, 1, 0, 0
10502, 962, 1, 0, 0
11001, 969, 1, 0, 0
11501, 966, 1, 0, 0
12000, 969, 1, 0, 0
12504, 968, 1, 0, 0
13001, 964, 1, 0, 0
13500, 973, 1, 0, 0
14000, 969, 1, 0, 0
14501, 967, 1, 0, 0
15000, 967, 1, 0, 0
15500, 964, 1, 0, 0
16000, 966, 1, 0, 0
16504, 966, 1, 0, 0
17001, 969, 1, 0, 0
17504, 966, 1, 0, 0
18001, 967, 1, 0, 0
18500, 969, 1, 0, 0
19003, 969, 1, 0, 0
19503, 968, 1, 0, 0
20000, 976, 1, 0, 0
20505, 969, 1, 0, 0
21000, 967, 1, 0, 0
21503, 978, 1, 0, 0
22000, 996, 1, 0, 0
22500, 964, 1, 0, 0
23000, 1025, 1, 0, 0
23500, 966, 1, 0, 0
24000, 964, 1, 0, 0
24500, 963, 1, 0, 0
25004, 966, 1, 0, 0
25504, 967, 1, 0, 0
26005, 963, 1, 0, 0
26507, 965, 1, 0, 0
27005, 967, 1, 0, 0
27500, 969, 1, 0, 0
28000, 965, 1, 0, 0
28501, 966, 1, 0, 0
29001, 963, 1, 0, 0
29500, 964, 1, 0, 0
30002, 976, 1, 0, 0
30500, 988, 1, 0, 0
31001, 963, 1, 0, 0
31500, 972, 1, 0, 0
32002, 972, 1, 0, 0
32500, 970, 1, 0, 0
33001, 1005, 1, 0, 0
33500, 966, 1, 0, 0
34003, 971, 1, 0, 0
34503, 972, 1, 0, 0
35001, 971, 1, 0, 0
35500, 967, 1, 0, 0
36007, 967, 1, 0, 0
36500, 968, 1, 0, 0
37001, 972, 1, 0, 0
37503, 973, 1, 0, 0
38000, 970, 1, 0, 0
38504, 970, 1, 0, 0
39007, 969, 1, 0, 0
39501, 968, 1, 0, 0
40002, 968, 1, 0, 0
40500, 986, 1, 0, 0
41006, 965, 1, 0, 0
41500, 961, 1, 0, 0
42006, 960, 1, 0, 0
42502, 969, 1, 0, 0
43000, 972, 1, 0, 0
43506, 1124, 1, 0, 0
44000, 966, 1, 0, 0
44505, 966, 1, 0, 0
45000, 964, 1, 0, 0
45506, 970, 1, 0, 0
46005, 965, 1, 0, 0
46502, 963, 1, 0, 0
47001, 972, 1, 0, 0
47504, 962, 1, 0, 0
48003, 970, 1, 0, 0
48500, 966, 1, 0, 0
49000, 965, 1, 0, 0
49500, 967, 1, 0, 0
50000, 970, 1, 0, 0
50500, 964, 1, 0, 0
51000, 966, 1, 0, 0
51500, 965, 1, 0, 0
52004, 972, 1, 0, 0
52500, 968, 1, 0, 0
53009, 968, 1, 0, 0
53506, 968, 1, 0, 0
54000, 970, 1, 0, 0
54510, 981, 1, 0, 0
55000, 971, 1, 0, 0
55500, 970, 1, 0, 0
56000, 990, 1, 0, 0
56500, 1011, 1, 0, 0
57007, 1006, 1, 0, 0
57500, 984, 1, 0, 0
58000, 982, 1, 0, 0
58508, 977, 1, 0, 0
59009, 971, 1, 0, 0
59506, 973, 1, 0, 0
60009, 974, 1, 0, 0
