500, 445634, 1, 0, 0
1000, 445993, 1, 0, 0
1500, 446572, 1, 0, 0
2000, 445987, 1, 0, 0
2500, 445995, 1, 0, 0
3000, 445995, 1, 0, 0
3500, 445985, 1, 0, 0
4000, 445992, 1, 0, 0
4500, 445991, 1, 0, 0
5000, 445999, 1, 0, 0
5500, 446335, 1, 0, 0
6000, 445946, 1, 0, 0
6500, 445938, 1, 0, 0
7000, 445952, 1, 0, 0
7500, 445944, 1, 0, 0
8000, 445947, 1, 0, 0
8500, 445953, 1, 0, 0
9000, 445948, 1, 0, 0
9500, 445947, 1, 0, 0
10000, 445945, 1, 0, 0
10500, 446795, 1, 0, 0
11000, 445951, 1, 0, 0
11500, 449382, 1, 0, 0
12000, 445956, 1, 0, 0
12500, 445937, 1, 0, 0
13000, 445957, 1, 0, 0
13500, 445957, 1, 0, 0
14000, 445961, 1, 0, 0
14500, 445956, 1, 0, 0
15000, 445941, 1, 0, 0
15500, 446355, 1, 0, 0
16000, 445950, 1, 0, 0
16500, 445957, 1, 0, 0
17000, 445961, 1, 0, 0
17500, 445963, 1, 0, 0
18000, 445962, 1, 0, 0
18500, 445945, 1, 0, 0
19000, 445953, 1, 0, 0
19500, 446174, 1, 0, 0
20000, 445960, 1, 0, 0
20500, 445953, 1, 0, 0
21000, 446717, 1, 0, 0
21500, 445930, 1, 0, 0
22000, 445932, 1, 0, 0
22500, 445932, 1, 0, 0
23000, 445931, 1, 0, 0
23500, 445936, 1, 0, 0
24000, 445937, 1, 0, 0
24500, 445936, 1, 0, 0
25000, 445936, 1, 0, 0
25500, 445936, 1, 0, 0
26000, 446835, 1, 0, 0
26500, 445919, 1, 0, 0
27000, 445948, 1, 0, 0
27500, 445939, 1, 0, 0
28000, 445946, 1, 0, 0
28500, 445930, 1, 0, 0
29000, 445940, 1, 0, 0
29500, 445944, 1, 0, 0
30000, 445943, 1, 0, 0
30500, 448747, 1, 0, 0
31000, 446343, 1, 0, 0
31500, 445829, 1, 0, 0
32000, 445948, 1, 0, 0
32500, 445945, 1, 0, 0
33000, 445942, 1, 0, 0
33500, 445949, 1, 0, 0
34000, 445950, 1, 0, 0
34500, 445932, 1, 0, 0
35000, 445949, 1, 0, 0
35500, 445946, 1, 0, 0
36000, 445945, 1, 0, 0
36500, 446748, 1, 0, 0
37000, 445949, 1, 0, 0
37500, 445945, 1, 0, 0
38000, 445943, 1, 0, 0
38500, 445949, 1, 0, 0
39000, 445943, 1, 0, 0
39500, 445943, 1, 0, 0
40000, 445942, 1, 0, 0
40500, 445940, 1, 0, 0
41000, 445942, 1, 0, 0
41500, 446547, 1, 0, 0
42000, 445947, 1, 0, 0
42500, 445951, 1, 0, 0
43000, 445950, 1, 0, 0
43500, 445948, 1, 0, 0
44000, 445955, 1, 0, 0
44500, 445956, 1, 0, 0
45000, 445955, 1, 0, 0
45500, 445873, 1, 0, 0
46000, 445941, 1, 0, 0
46500, 447067, 1, 0, 0
47000, 445933, 1, 0, 0
47500, 445948, 1, 0, 0
48000, 445936, 1, 0, 0
48500, 445933, 1, 0, 0
49000, 445953, 1, 0, 0
49500, 445930, 1, 0, 0
50000, 445954, 1, 0, 0
50500, 445953, 1, 0, 0
51000, 445950, 1, 0, 0
51500, 446848, 1, 0, 0
52000, 445951, 1, 0, 0
52500, 445960, 1, 0, 0
53000, 446737, 1, 0, 0
53500, 445960, 1, 0, 0
54000, 445954, 1, 0, 0
54500, 445957, 1, 0, 0
55000, 445961, 1, 0, 0
55500, 445952, 1, 0, 0
56000, 445960, 1, 0, 0
56500, 445957, 1, 0, 0
57000, 446326, 1, 0, 0
57500, 448263, 1, 0, 0
58000, 445966, 1, 0, 0
58500, 445964, 1, 0, 0
59000, 445968, 1, 0, 0
59500, 445964, 1, 0, 0
60000, 445963, 1, 0, 0
60000, 628998, 1, 0, 0
