500, 1229, 1, 0, 0
1000, 1231, 1, 0, 0
1500, 1225, 1, 0, 0
2000, 1232, 1, 0, 0
2500, 1224, 1, 0, 0
3000, 1228, 1, 0, 0
3500, 1225, 1, 0, 0
4000, 1226, 1, 0, 0
4500, 1225, 1, 0, 0
5000, 1248, 1, 0, 0
5500, 1229, 1, 0, 0
6012, 1240, 1, 0, 0
6508, 1237, 1, 0, 0
7000, 1233, 1, 0, 0
7509, 1242, 1, 0, 0
8000, 1240, 1, 0, 0
8510, 1240, 1, 0, 0
9000, 1235, 1, 0, 0
9509, 1229, 1, 0, 0
10000, 1227, 1, 0, 0
10507, 1227, 1, 0, 0
11011, 1228, 1, 0, 0
11501, 1227, 1, 0, 0
12010, 1228, 1, 0, 0
12501, 1234, 1, 0, 0
13000, 1230, 1, 0, 0
13500, 1237, 1, 0, 0
14000, 1231, 1, 0, 0
14503, 1230, 1, 0, 0
15000, 1229, 1, 0, 0
15501, 1231, 1, 0, 0
16008, 1234, 1, 0, 0
16508, 1232, 1, 0, 0
17004, 1231, 1, 0, 0
17507, 1233, 1, 0, 0
18001, 1231, 1, 0, 0
18502, 1224, 1, 0, 0
19007, 1224, 1, 0, 0
19510, 1241, 1, 0, 0
20012, 1228, 1, 0, 0
20500, 1228, 1, 0, 0
21002, 1239, 1, 0, 0
21516, 1240, 1, 0, 0
22006, 1241, 1, 0, 0
22502, 1231, 1, 0, 0
23000, 1225, 1, 0, 0
23509, 1238, 1, 0, 0
24005, 1232, 1, 0, 0
24504, 1230, 1, 0, 0
25000, 1239, 1, 0, 0
25505, 1234, 1, 0, 0
26007, 1237, 1, 0, 0
26510, 1227, 1, 0, 0
27002, 1222, 1, 0, 0
27501, 1226, 1, 0, 0
28000, 1236, 1, 0, 0
28500, 1245, 1, 0, 0
29000, 1239, 1, 0, 0
29501, 1236, 1, 0, 0
30006, 1236, 1, 0, 0
30500, 1232, 1, 0, 0
31001, 1237, 1, 0, 0
31508, 1235, 1, 0, 0
32011, 1232, 1, 0, 0
32500, 1243, 1, 0, 0
33000, 1235, 1, 0, 0
33512, 1238, 1, 0, 0
34009, 1242, 1, 0, 0
34508, 1239, 1, 0, 0
35010, 1235, 1, 0, 0
35508, 1225, 1, 0, 0
36000, 1238, 1, 0, 0
36500, 1245, 1, 0, 0
37010, 1249, 1, 0, 0
37501, 1238, 1, 0, 0
38012, 1251, 1, 0, 0
38512, 1239, 1, 0, 0
39006, 1231, 1, 0, 0
39500, 1223, 1, 0, 0
40009, 1235, 1, 0, 0
40501, 1241, 1, 0, 0
41009, 1240, 1, 0, 0
41503, 1229, 1, 0, 0
42000, 1231, 1, 0, 0
42500, 1231, 1, 0, 0
43000, 1236, 1, 0, 0
43500, 1233, 1, 0, 0
44003, 1234, 1, 0, 0
44500, 1237, 1, 0, 0
45000, 1235, 1, 0, 0
45500, 1231, 1, 0, 0
46000, 1230, 1, 0, 0
46513, 1228, 1, 0, 0
47003, 1236, 1, 0, 0
47516, 1236, 1, 0, 0
48009, 1232, 1, 0, 0
48500, 1247, 1, 0, 0
49009, 1234, 1, 0, 0
49501, 1231, 1, 0, 0
50007, 1231, 1, 0, 0
50500, 1231, 1, 0, 0
51010, 1233, 1, 0, 0
51514, 1238, 1, 0, 0
52014, 1243, 1, 0, 0
52500, 1245, 1, 0, 0
53001, 1243, 1, 0, 0
53500, 1244, 1, 0, 0
54011, 1248, 1, 0, 0
54512, 1239, 1, 0, 0
55001, 1240, 1, 0, 0
55510, 1236, 1, 0, 0
56000, 1243, 1, 0, 0
56505, 1235, 1, 0, 0
57014, 1226, 1, 0, 0
57512, 1235, 1, 0, 0
58015, 1239, 1, 0, 0
58501, 1237, 1, 0, 0
59000, 1223, 1, 0, 0
59510, 1234, 1, 0, 0
60000, 1244, 1, 0, 0
