500, 227015, 1, 0, 0
1000, 226761, 1, 0, 0
1500, 227826, 1, 0, 0
2000, 226775, 1, 0, 0
2500, 226495, 1, 0, 0
3000, 226832, 1, 0, 0
3500, 227749, 1, 0, 0
4000, 226043, 1, 0, 0
4500, 227985, 1, 0, 0
5000, 226827, 1, 0, 0
5500, 226551, 1, 0, 0
6012, 1694832, 1, 0, 0
6508, 3884339, 1, 0, 0
7000, 3820819, 1, 0, 0
7509, 3544996, 1, 0, 0
8000, 3477966, 1, 0, 0
8510, 3147435, 1, 0, 0
9000, 3080044, 1, 0, 0
9509, 2956569, 1, 0, 0
10000, 2717383, 1, 0, 0
10507, 2558826, 1, 0, 0
11011, 2567504, 1, 0, 0
11501, 2327355, 1, 0, 0
12010, 2193573, 1, 0, 0
12501, 2527706, 1, 0, 0
13000, 2506805, 1, 0, 0
13500, 2644425, 1, 0, 0
14000, 2770791, 1, 0, 0
14503, 2673042, 1, 0, 0
15000, 2855247, 1, 0, 0
15501, 2494848, 1, 0, 0
16008, 2795737, 1, 0, 0
16508, 2576541, 1, 0, 0
17004, 2511602, 1, 0, 0
17507, 2843949, 1, 0, 0
18001, 2540461, 1, 0, 0
18502, 2263649, 1, 0, 0
19007, 2160528, 1, 0, 0
19510, 3572805, 1, 0, 0
20012, 2214791, 1, 0, 0
20500, 2193275, 1, 0, 0
21002, 2611019, 1, 0, 0
21516, 2310753, 1, 0, 0
22006, 1980016, 1, 0, 0
22502, 2217306, 1, 0, 0
23000, 2644769, 1, 0, 0
23509, 2888855, 1, 0, 0
24005, 2599482, 1, 0, 0
24504, 2002961, 1, 0, 0
25000, 2120899, 1, 0, 0
25505, 1773747, 1, 0, 0
26007, 2272335, 1, 0, 0
26510, 2733707, 1, 0, 0
27002, 2041500, 1, 0, 0
27501, 2859503, 1, 0, 0
28000, 2793109, 1, 0, 0
28500, 2170961, 1, 0, 0
29000, 2532725, 1, 0, 0
29501, 2358206, 1, 0, 0
30006, 1897478, 1, 0, 0
30500, 1791197, 1, 0, 0
31001, 2317240, 1, 0, 0
31508, 2108623, 1, 0, 0
32011, 1816142, 1, 0, 0
32500, 1465055, 1, 0, 0
33000, 1445841, 1, 0, 0
33512, 2122936, 1, 0, 0
34009, 2001618, 1, 0, 0
34508, 2389020, 1, 0, 0
35010, 2139801, 1, 0, 0
35508, 1781013, 1, 0, 0
36000, 1935741, 1, 0, 0
36500, 1638341, 1, 0, 0
37010, 1937284, 1, 0, 0
37501, 1996461, 1, 0, 0
38012, 1840507, 1, 0, 0
38512, 1675926, 1, 0, 0
39006, 1453225, 1, 0, 0
39500, 1560107, 1, 0, 0
40009, 1739266, 1, 0, 0
40501, 1643714, 1, 0, 0
41009, 1170151, 1, 0, 0
41503, 1033544, 1, 0, 0
42000, 1401727, 1, 0, 0
42500, 1314523, 1, 0, 0
43000, 874469, 1, 0, 0
43500, 830792, 1, 0, 0
44003, 712283, 1, 0, 0
44500, 637181, 1, 0, 0
45000, 547218, 1, 0, 0
45500, 294358, 1, 0, 0
46000, 693554, 1, 0, 0
46513, 3857061, 1, 0, 0
47003, 3829177, 1, 0, 0
47516, 3566983, 1, 0, 0
48009, 3333968, 1, 0, 0
48500, 3361990, 1, 0, 0
49009, 2904488, 1, 0, 0
49501, 2838843, 1, 0, 0
50007, 2909125, 1, 0, 0
50500, 3242981, 1, 0, 0
51010, 2437434, 1, 0, 0
51514, 2545869, 1, 0, 0
52014, 2503253, 1, 0, 0
52500, 2268887, 1, 0, 0
53001, 2098305, 1, 0, 0
53500, 2707687, 1, 0, 0
54011, 3053143, 1, 0, 0
54512, 2768344, 1, 0, 0
55001, 2456083, 1, 0, 0
55510, 2346868, 1, 0, 0
56000, 2273524, 1, 0, 0
56505, 2359372, 1, 0, 0
57014, 2164075, 1, 0, 0
57512, 2425231, 1, 0, 0
58015, 2146044, 1, 0, 0
58501, 2706548, 1, 0, 0
59000, 2440539, 1, 0, 0
59510, 2427875, 1, 0, 0
60000, 2682251, 1, 0, 0
60000, 4510575, 1, 0, 0
