500, 225786, 1, 0, 0
1000, 225530, 1, 0, 0
1500, 226601, 1, 0, 0
2000, 225543, 1, 0, 0
2500, 225270, 1, 0, 0
3000, 225604, 1, 0, 0
3500, 226524, 1, 0, 0
4000, 224817, 1, 0, 0
4500, 226760, 1, 0, 0
5000, 225578, 1, 0, 0
5500, 225321, 1, 0, 0
6012, 1693592, 1, 0, 0
6508, 3883101, 1, 0, 0
7000, 3819587, 1, 0, 0
7509, 3543754, 1, 0, 0
8000, 3476727, 1, 0, 0
8510, 3146194, 1, 0, 0
9000, 3078808, 1, 0, 0
9509, 2955340, 1, 0, 0
10000, 2716156, 1, 0, 0
10507, 2557599, 1, 0, 0
11011, 2566276, 1, 0, 0
11501, 2326128, 1, 0, 0
12010, 2192345, 1, 0, 0
12501, 2526472, 1, 0, 0
13000, 2505574, 1, 0, 0
13500, 2643187, 1, 0, 0
14000, 2769560, 1, 0, 0
14503, 2671811, 1, 0, 0
15000, 2854018, 1, 0, 0
15501, 2493617, 1, 0, 0
16008, 2794504, 1, 0, 0
16508, 2575309, 1, 0, 0
17004, 2510371, 1, 0, 0
17507, 2842716, 1, 0, 0
18001, 2539230, 1, 0, 0
18502, 2262425, 1, 0, 0
19007, 2159303, 1, 0, 0
19510, 3571564, 1, 0, 0
20012, 2213563, 1, 0, 0
20500, 2192047, 1, 0, 0
21002, 2609780, 1, 0, 0
21516, 2309513, 1, 0, 0
22006, 1978775, 1, 0, 0
22502, 2216075, 1, 0, 0
23000, 2643544, 1, 0, 0
23509, 2887617, 1, 0, 0
24005, 2598250, 1, 0, 0
24504, 2001732, 1, 0, 0
25000, 2119660, 1, 0, 0
25505, 1772513, 1, 0, 0
26007, 2271098, 1, 0, 0
26510, 2732481, 1, 0, 0
27002, 2040278, 1, 0, 0
27501, 2858277, 1, 0, 0
28000, 2791873, 1, 0, 0
28500, 2169716, 1, 0, 0
29000, 2531486, 1, 0, 0
29501, 2356970, 1, 0, 0
30006, 1896242, 1, 0, 0
30500, 1789965, 1, 0, 0
31001, 2316003, 1, 0, 0
31508, 2107388, 1, 0, 0
32011, 1814909, 1, 0, 0
32500, 1463813, 1, 0, 0
33000, 1444607, 1, 0, 0
33512, 2121698, 1, 0, 0
34009, 2000376, 1, 0, 0
34508, 2387781, 1, 0, 0
35010, 2138566, 1, 0, 0
35508, 1779788, 1, 0, 0
36000, 1934504, 1, 0, 0
36500, 1637096, 1, 0, 0
37010, 1936036, 1, 0, 0
37501, 1995222, 1, 0, 0
38012, 1839256, 1, 0, 0
38512, 1674687, 1, 0, 0
39006, 1451994, 1, 0, 0
39500, 1558884, 1, 0, 0
40009, 1738031, 1, 0, 0
40501, 1642473, 1, 0, 0
41009, 1168910, 1, 0, 0
41503, 1032314, 1, 0, 0
42000, 1400495, 1, 0, 0
42500, 1313292, 1, 0, 0
43000, 873233, 1, 0, 0
43500, 829560, 1, 0, 0
44003, 711049, 1, 0, 0
44500, 635944, 1, 0, 0
45000, 545982, 1, 0, 0
45500, 293127, 1, 0, 0
46000, 692325, 1, 0, 0
46513, 3855833, 1, 0, 0
47003, 3827941, 1, 0, 0
47516, 3565746, 1, 0, 0
48009, 3332736, 1, 0, 0
48500, 3360743, 1, 0, 0
49009, 2903254, 1, 0, 0
49501, 2837612, 1, 0, 0
50007, 2907894, 1, 0, 0
50500, 3241749, 1, 0, 0
51010, 2436201, 1, 0, 0
51514, 2544631, 1, 0, 0
52014, 2502009, 1, 0, 0
52500, 2267642, 1, 0, 0
53001, 2097063, 1, 0, 0
53500, 2706444, 1, 0, 0
54011, 3051894, 1, 0, 0
54512, 2767105, 1, 0, 0
55001, 2454843, 1, 0, 0
55510, 2345633, 1, 0, 0
56000, 2272280, 1, 0, 0
56505, 2358136, 1, 0, 0
57014, 2162849, 1, 0, 0
57512, 2423996, 1, 0, 0
58015, 2144804, 1, 0, 0
58501, 2705311, 1, 0, 0
59000, 2439315, 1, 0, 0
59510, 2426641, 1, 0, 0
60000, 2681006, 1, 0, 0
60000, 4509292, 1, 0, 0
