500, 2252928, 1, 0, 0
1000, 2256064, 1, 0, 0
1500, 2245312, 1, 0, 0
2000, 2255232, 1, 0, 0
2500, 2258400, 1, 0, 0
3000, 2254752, 1, 0, 0
3500, 2246176, 1, 0, 0
4000, 2262880, 1, 0, 0
4500, 2243584, 1, 0, 0
5000, 2255040, 1, 0, 0
5500, 2257792, 1, 0, 0
6000, 295744, 1, 0, 0
6500, 130816, 1, 0, 0
7000, 139200, 1, 0, 0
7500, 139584, 1, 0, 0
8000, 148992, 1, 0, 0
8500, 161280, 1, 0, 0
9001, 164000, 1, 0, 0
9500, 175166, 1, 0, 0
10000, 191616, 1, 0, 0
10500, 196224, 1, 0, 0
11000, 201472, 1, 0, 0
11500, 214912, 1, 0, 0
12000, 237824, 1, 0, 0
12500, 199424, 1, 0, 0
13000, 209792, 1, 0, 0
13500, 187392, 1, 0, 0
14000, 185696, 1, 0, 0
14500, 191648, 1, 0, 0
15000, 185504, 1, 0, 0
15500, 197472, 1, 0, 0
16000, 186112, 1, 0, 0
16500, 198528, 1, 0, 0
17000, 202368, 1, 0, 0
17500, 181248, 1, 0, 0
18000, 199040, 1, 0, 0
18500, 226048, 1, 0, 0
19000, 239744, 1, 0, 0
19500, 144256, 1, 0, 0
20000, 231680, 1, 0, 0
20500, 237888, 1, 0, 0
21000, 188224, 1, 0, 0
21500, 227328, 1, 0, 0
22000, 253312, 1, 0, 0
22500, 229632, 1, 0, 0
23000, 193408, 1, 0, 0
23500, 180072, 1, 0, 0
24000, 195456, 1, 0, 0
24500, 254464, 1, 0, 0
25000, 247584, 1, 0, 0
25500, 282208, 1, 0, 0
26000, 226432, 1, 0, 0
26500, 188672, 1, 0, 0
27000, 246528, 1, 0, 0
27500, 178816, 1, 0, 0
28000, 182528, 1, 0, 0
28500, 243584, 1, 0, 0
29000, 201728, 1, 0, 0
29500, 211328, 1, 0, 0
30000, 272384, 1, 0, 0
30500, 291072, 1, 0, 0
31000, 213888, 1, 0, 0
31500, 246912, 1, 0, 0
32000, 283392, 1, 0, 0
32500, 352512, 1, 0, 0
33000, 353408, 1, 0, 0
33500, 240000, 1, 0, 0
34000, 254464, 1, 0, 0
34500, 213888, 1, 0, 0
35000, 239744, 1, 0, 0
35500, 286848, 1, 0, 0
36000, 271168, 1, 0, 0
36500, 311424, 1, 0, 0
37000, 259776, 1, 0, 0
37500, 251776, 1, 0, 0
38000, 284672, 1, 0, 0
38500, 305152, 1, 0, 0
39000, 348857, 1, 0, 0
39500, 324096, 1, 0, 0
40000, 299904, 1, 0, 0
40500, 306560, 1, 0, 0
41000, 444672, 1, 0, 0
41500, 489984, 1, 0, 0
42000, 371840, 1, 0, 0
42500, 389952, 1, 0, 0
43000, 585856, 1, 0, 0
43500, 615936, 1, 0, 0
44000, 709440, 1, 0, 0
44500, 800256, 1, 0, 0
45000, 951040, 1, 0, 0
45500, 1738112, 1, 0, 0
46000, 735936, 1, 0, 0
46500, 131264, 1, 0, 0
47000, 131072, 1, 0, 0
47500, 146944, 1, 0, 0
48000, 151552, 1, 0, 0
48500, 157696, 1, 0, 0
49000, 170624, 1, 0, 0
49500, 177536, 1, 0, 0
50000, 178304, 1, 0, 0
50500, 157824, 1, 0, 0
51000, 212136, 1, 0, 0
51500, 203264, 1, 0, 0
52000, 203904, 1, 0, 0
52500, 226944, 1, 0, 0
53000, 236416, 1, 0, 0
53500, 190592, 1, 0, 0
54000, 170112, 1, 0, 0
54500, 184832, 1, 0, 0
55000, 203520, 1, 0, 0
55500, 222464, 1, 0, 0
56000, 220544, 1, 0, 0
56500, 219008, 1, 0, 0
57000, 241024, 1, 0, 0
57500, 210048, 1, 0, 0
58000, 240384, 1, 0, 0
58500, 184448, 1, 0, 0
59000, 217600, 1, 0, 0
59500, 206208, 1, 0, 0
