500, 140808, 1, 0, 0
1000, 141004, 1, 0, 0
1500, 140332, 1, 0, 0
2000, 140952, 1, 0, 0
2500, 141150, 1, 0, 0
3000, 140922, 1, 0, 0
3500, 140386, 1, 0, 0
4000, 141430, 1, 0, 0
4500, 140224, 1, 0, 0
5000, 140940, 1, 0, 0
5500, 141112, 1, 0, 0
6000, 18484, 1, 0, 0
6500, 8176, 1, 0, 0
7000, 8700, 1, 0, 0
7500, 8724, 1, 0, 0
8000, 9312, 1, 0, 0
8500, 10080, 1, 0, 0
9001, 10250, 1, 0, 0
9500, 10947, 1, 0, 0
10000, 11976, 1, 0, 0
10500, 12264, 1, 0, 0
11000, 12592, 1, 0, 0
11500, 13432, 1, 0, 0
12000, 14864, 1, 0, 0
12500, 12464, 1, 0, 0
13000, 13112, 1, 0, 0
13500, 11712, 1, 0, 0
14000, 11606, 1, 0, 0
14500, 11978, 1, 0, 0
15000, 11594, 1, 0, 0
15500, 12342, 1, 0, 0
16000, 11632, 1, 0, 0
16500, 12408, 1, 0, 0
17000, 12648, 1, 0, 0
17500, 11328, 1, 0, 0
18000, 12440, 1, 0, 0
18500, 14128, 1, 0, 0
19000, 14984, 1, 0, 0
19500, 9016, 1, 0, 0
20000, 14480, 1, 0, 0
20500, 14868, 1, 0, 0
21000, 11764, 1, 0, 0
21500, 14208, 1, 0, 0
22000, 15832, 1, 0, 0
22500, 14352, 1, 0, 0
23000, 12088, 1, 0, 0
23500, 11254, 1, 0, 0
24000, 12216, 1, 0, 0
24500, 15904, 1, 0, 0
25000, 15474, 1, 0, 0
25500, 17638, 1, 0, 0
26000, 14152, 1, 0, 0
26500, 11792, 1, 0, 0
27000, 15408, 1, 0, 0
27500, 11176, 1, 0, 0
28000, 11408, 1, 0, 0
28500, 15224, 1, 0, 0
29000, 12608, 1, 0, 0
29500, 13208, 1, 0, 0
30000, 17024, 1, 0, 0
30500, 18192, 1, 0, 0
31000, 13368, 1, 0, 0
31500, 15432, 1, 0, 0
32000, 17712, 1, 0, 0
32500, 22032, 1, 0, 0
33000, 22088, 1, 0, 0
33500, 15000, 1, 0, 0
34000, 15904, 1, 0, 0
34500, 13368, 1, 0, 0
35000, 14984, 1, 0, 0
35500, 17928, 1, 0, 0
36000, 16948, 1, 0, 0
36500, 19464, 1, 0, 0
37000, 16236, 1, 0, 0
37500, 15736, 1, 0, 0
38000, 17792, 1, 0, 0
38500, 19072, 1, 0, 0
39000, 21803, 1, 0, 0
39500, 20256, 1, 0, 0
40000, 18744, 1, 0, 0
40500, 19160, 1, 0, 0
41000, 27792, 1, 0, 0
41500, 30624, 1, 0, 0
42000, 23240, 1, 0, 0
42500, 24372, 1, 0, 0
43000, 36616, 1, 0, 0
43500, 38496, 1, 0, 0
44000, 44340, 1, 0, 0
44500, 50016, 1, 0, 0
45000, 59440, 1, 0, 0
45500, 108632, 1, 0, 0
46000, 45996, 1, 0, 0
46500, 8204, 1, 0, 0
47000, 8192, 1, 0, 0
47500, 9184, 1, 0, 0
48000, 9472, 1, 0, 0
48500, 9856, 1, 0, 0
49000, 10664, 1, 0, 0
49500, 11096, 1, 0, 0
50000, 11144, 1, 0, 0
50500, 9864, 1, 0, 0
51000, 13258, 1, 0, 0
51500, 12704, 1, 0, 0
52000, 12744, 1, 0, 0
52500, 14184, 1, 0, 0
53000, 14776, 1, 0, 0
53500, 11912, 1, 0, 0
54000, 10632, 1, 0, 0
54500, 11552, 1, 0, 0
55000, 12720, 1, 0, 0
55500, 13904, 1, 0, 0
56000, 13784, 1, 0, 0
56500, 13688, 1, 0, 0
57000, 15064, 1, 0, 0
57500, 13128, 1, 0, 0
58000, 15024, 1, 0, 0
58500, 11528, 1, 0, 0
59000, 13600, 1, 0, 0
59500, 12888, 1, 0, 0
