500, 222354, 1, 0, 0
1000, 222487, 1, 0, 0
1500, 222488, 1, 0, 0
2000, 222493, 1, 0, 0
2500, 222485, 1, 0, 0
3000, 222491, 1, 0, 0
3500, 222496, 1, 0, 0
4000, 222495, 1, 0, 0
4500, 222480, 1, 0, 0
5000, 222483, 1, 0, 0
5500, 222704, 1, 0, 0
6000, 222441, 1, 0, 0
6500, 222441, 1, 0, 0
7000, 222444, 1, 0, 0
7500, 222445, 1, 0, 0
8000, 222446, 1, 0, 0
8500, 222443, 1, 0, 0
9000, 222441, 1, 0, 0
9500, 222446, 1, 0, 0
10000, 222451, 1, 0, 0
10500, 222731, 1, 0, 0
11000, 222442, 1, 0, 0
11500, 222443, 1, 0, 0
12000, 222447, 1, 0, 0
12500, 222455, 1, 0, 0
13000, 222451, 1, 0, 0
13500, 222449, 1, 0, 0
14000, 222454, 1, 0, 0
14500, 222454, 1, 0, 0
15000, 222450, 1, 0, 0
15500, 222909, 1, 0, 0
16000, 222446, 1, 0, 0
16500, 222449, 1, 0, 0
17000, 222444, 1, 0, 0
17500, 222454, 1, 0, 0
18000, 222454, 1, 0, 0
18500, 222445, 1, 0, 0
19000, 222450, 1, 0, 0
19500, 222446, 1, 0, 0
20000, 222446, 1, 0, 0
20500, 222442, 1, 0, 0
21000, 222805, 1, 0, 0
21500, 222456, 1, 0, 0
22000, 222455, 1, 0, 0
22500, 222450, 1, 0, 0
23000, 222453, 1, 0, 0
23500, 222457, 1, 0, 0
24000, 222458, 1, 0, 0
24500, 222457, 1, 0, 0
25000, 222455, 1, 0, 0
25500, 222455, 1, 0, 0
26000, 222888, 1, 0, 0
26500, 222461, 1, 0, 0
27000, 222463, 1, 0, 0
27500, 222463, 1, 0, 0
28000, 222463, 1, 0, 0
28500, 222466, 1, 0, 0
29000, 222463, 1, 0, 0
29500, 222469, 1, 0, 0
30000, 222466, 1, 0, 0
30500, 222471, 1, 0, 0
31000, 222796, 1, 0, 0
31500, 222441, 1, 0, 0
32000, 222442, 1, 0, 0
32500, 222449, 1, 0, 0
33000, 222445, 1, 0, 0
33500, 222454, 1, 0, 0
34000, 222461, 1, 0, 0
34500, 222452, 1, 0, 0
35000, 222452, 1, 0, 0
35500, 222467, 1, 0, 0
36000, 222465, 1, 0, 0
36500, 222801, 1, 0, 0
37000, 222454, 1, 0, 0
37500, 222458, 1, 0, 0
38000, 222449, 1, 0, 0
38500, 222448, 1, 0, 0
39000, 222452, 1, 0, 0
39500, 222462, 1, 0, 0
40000, 222464, 1, 0, 0
40500, 222467, 1, 0, 0
41000, 222465, 1, 0, 0
41500, 222833, 1, 0, 0
42000, 222457, 1, 0, 0
42500, 222467, 1, 0, 0
43000, 222465, 1, 0, 0
43500, 222464, 1, 0, 0
44000, 222464, 1, 0, 0
44500, 222459, 1, 0, 0
45000, 222464, 1, 0, 0
45500, 222462, 1, 0, 0
46000, 222462, 1, 0, 0
46500, 222953, 1, 0, 0
47000, 222422, 1, 0, 0
47500, 222428, 1, 0, 0
48000, 222429, 1, 0, 0
48500, 222431, 1, 0, 0
49000, 222433, 1, 0, 0
49500, 222432, 1, 0, 0
50000, 222434, 1, 0, 0
50500, 222432, 1, 0, 0
51000, 222435, 1, 0, 0
51500, 222810, 1, 0, 0
52000, 222421, 1, 0, 0
52500, 222432, 1, 0, 0
53000, 222431, 1, 0, 0
53500, 222429, 1, 0, 0
54000, 222437, 1, 0, 0
54500, 222437, 1, 0, 0
55000, 222437, 1, 0, 0
55500, 222433, 1, 0, 0
56000, 222432, 1, 0, 0
56500, 222433, 1, 0, 0
57000, 222818, 1, 0, 0
57500, 222449, 1, 0, 0
58000, 222451, 1, 0, 0
58500, 222451, 1, 0, 0
59000, 222455, 1, 0, 0
59500, 222459, 1, 0, 0
60000, 222455, 1, 0, 0
60000, 314350, 1, 0, 0
