500, 223568, 1, 0, 0
1000, 223701, 1, 0, 0
1500, 223702, 1, 0, 0
2000, 223702, 1, 0, 0
2500, 223702, 1, 0, 0
3000, 223701, 1, 0, 0
3500, 223702, 1, 0, 0
4000, 223702, 1, 0, 0
4500, 223702, 1, 0, 0
5000, 223700, 1, 0, 0
5500, 224009, 1, 0, 0
6000, 223703, 1, 0, 0
6500, 223703, 1, 0, 0
7000, 223703, 1, 0, 0
7500, 223704, 1, 0, 0
8000, 223703, 1, 0, 0
8500, 223704, 1, 0, 0
9000, 223704, 1, 0, 0
9500, 223704, 1, 0, 0
10000, 223704, 1, 0, 0
10500, 224000, 1, 0, 0
11000, 223706, 1, 0, 0
11500, 223706, 1, 0, 0
12000, 223708, 1, 0, 0
12500, 223707, 1, 0, 0
13000, 223708, 1, 0, 0
13500, 223708, 1, 0, 0
14000, 223708, 1, 0, 0
14500, 223708, 1, 0, 0
15000, 223708, 1, 0, 0
15500, 224177, 1, 0, 0
16000, 223708, 1, 0, 0
16500, 223708, 1, 0, 0
17000, 223708, 1, 0, 0
17500, 223708, 1, 0, 0
18000, 223707, 1, 0, 0
18500, 223708, 1, 0, 0
19000, 223708, 1, 0, 0
19500, 223708, 1, 0, 0
20000, 223708, 1, 0, 0
20500, 223708, 1, 0, 0
21000, 224069, 1, 0, 0
21500, 223708, 1, 0, 0
22000, 223708, 1, 0, 0
22500, 223709, 1, 0, 0
23000, 223709, 1, 0, 0
23500, 223708, 1, 0, 0
24000, 223708, 1, 0, 0
24500, 223709, 1, 0, 0
25000, 223708, 1, 0, 0
25500, 223708, 1, 0, 0
26000, 224151, 1, 0, 0
26500, 223712, 1, 0, 0
27000, 223712, 1, 0, 0
27500, 223711, 1, 0, 0
28000, 223711, 1, 0, 0
28500, 223711, 1, 0, 0
29000, 223711, 1, 0, 0
29500, 223712, 1, 0, 0
30000, 223711, 1, 0, 0
30500, 223712, 1, 0, 0
31000, 224048, 1, 0, 0
31500, 223710, 1, 0, 0
32000, 223709, 1, 0, 0
32500, 223709, 1, 0, 0
33000, 223708, 1, 0, 0
33500, 223710, 1, 0, 0
34000, 223711, 1, 0, 0
34500, 223711, 1, 0, 0
35000, 223710, 1, 0, 0
35500, 223712, 1, 0, 0
36000, 223713, 1, 0, 0
36500, 224076, 1, 0, 0
37000, 223710, 1, 0, 0
37500, 223712, 1, 0, 0
38000, 223711, 1, 0, 0
38500, 223710, 1, 0, 0
39000, 223711, 1, 0, 0
39500, 223712, 1, 0, 0
40000, 223712, 1, 0, 0
40500, 223713, 1, 0, 0
41000, 223712, 1, 0, 0
41500, 224090, 1, 0, 0
42000, 223715, 1, 0, 0
42500, 223715, 1, 0, 0
43000, 223715, 1, 0, 0
43500, 223715, 1, 0, 0
44000, 223714, 1, 0, 0
44500, 223713, 1, 0, 0
45000, 223714, 1, 0, 0
45500, 223714, 1, 0, 0
46000, 223713, 1, 0, 0
46500, 224233, 1, 0, 0
47000, 223702, 1, 0, 0
47500, 223703, 1, 0, 0
48000, 223702, 1, 0, 0
48500, 223704, 1, 0, 0
49000, 223704, 1, 0, 0
49500, 223703, 1, 0, 0
50000, 223703, 1, 0, 0
50500, 223703, 1, 0, 0
51000, 223704, 1, 0, 0
51500, 224093, 1, 0, 0
52000, 223696, 1, 0, 0
52500, 223697, 1, 0, 0
53000, 223697, 1, 0, 0
53500, 223697, 1, 0, 0
54000, 223698, 1, 0, 0
54500, 223698, 1, 0, 0
55000, 223698, 1, 0, 0
55500, 223698, 1, 0, 0
56000, 223698, 1, 0, 0
56500, 223699, 1, 0, 0
57000, 224089, 1, 0, 0
57500, 223706, 1, 0, 0
58000, 223706, 1, 0, 0
58500, 223706, 1, 0, 0
59000, 223706, 1, 0, 0
59500, 223707, 1, 0, 0
60000, 223707, 1, 0, 0
60000, 315598, 1, 0, 0
