500, 222441, 1, 0, 0
1000, 222567, 1, 0, 0
1500, 222568, 1, 0, 0
2000, 222568, 1, 0, 0
2500, 222568, 1, 0, 0
3000, 222571, 1, 0, 0
3500, 222574, 1, 0, 0
4000, 222567, 1, 0, 0
4500, 222574, 1, 0, 0
5000, 222570, 1, 0, 0
5500, 222707, 1, 0, 0
6000, 222512, 1, 0, 0
6500, 222508, 1, 0, 0
7000, 222508, 1, 0, 0
7500, 222499, 1, 0, 0
8000, 222509, 1, 0, 0
8500, 222503, 1, 0, 0
9000, 222505, 1, 0, 0
9500, 222503, 1, 0, 0
10000, 222509, 1, 0, 0
10500, 222720, 1, 0, 0
11000, 222463, 1, 0, 0
11500, 222473, 1, 0, 0
12000, 222472, 1, 0, 0
12500, 222476, 1, 0, 0
13000, 222479, 1, 0, 0
13500, 222476, 1, 0, 0
14000, 222470, 1, 0, 0
14500, 222470, 1, 0, 0
15000, 222467, 1, 0, 0
15500, 222775, 1, 0, 0
16000, 222510, 1, 0, 0
16500, 222510, 1, 0, 0
17000, 222512, 1, 0, 0
17500, 222512, 1, 0, 0
18000, 222510, 1, 0, 0
18500, 222512, 1, 0, 0
19000, 222511, 1, 0, 0
19500, 222512, 1, 0, 0
20000, 222509, 1, 0, 0
20500, 222511, 1, 0, 0
21000, 222700, 1, 0, 0
21500, 222472, 1, 0, 0
22000, 222472, 1, 0, 0
22500, 222477, 1, 0, 0
23000, 222478, 1, 0, 0
23500, 222474, 1, 0, 0
24000, 222473, 1, 0, 0
24500, 222473, 1, 0, 0
25000, 222476, 1, 0, 0
25500, 222477, 1, 0, 0
26000, 222691, 1, 0, 0
26500, 222492, 1, 0, 0
27000, 222491, 1, 0, 0
27500, 222490, 1, 0, 0
28000, 222491, 1, 0, 0
28500, 222495, 1, 0, 0
29000, 222497, 1, 0, 0
29500, 222493, 1, 0, 0
30000, 222494, 1, 0, 0
30500, 222492, 1, 0, 0
31000, 222688, 1, 0, 0
31500, 222454, 1, 0, 0
32000, 222462, 1, 0, 0
32500, 222459, 1, 0, 0
33000, 222465, 1, 0, 0
33500, 222472, 1, 0, 0
34000, 222469, 1, 0, 0
34500, 222472, 1, 0, 0
35000, 222469, 1, 0, 0
35500, 222469, 1, 0, 0
36000, 222469, 1, 0, 0
36500, 222630, 1, 0, 0
37000, 222463, 1, 0, 0
37500, 222462, 1, 0, 0
38000, 222466, 1, 0, 0
38500, 222472, 1, 0, 0
39000, 222468, 1, 0, 0
39500, 222465, 1, 0, 0
40000, 222466, 1, 0, 0
40500, 222468, 1, 0, 0
41000, 222464, 1, 0, 0
41500, 222740, 1, 0, 0
42000, 222515, 1, 0, 0
42500, 222514, 1, 0, 0
43000, 222516, 1, 0, 0
43500, 222514, 1, 0, 0
44000, 222507, 1, 0, 0
44500, 222512, 1, 0, 0
45000, 222515, 1, 0, 0
45500, 222515, 1, 0, 0
46000, 222512, 1, 0, 0
46500, 222709, 1, 0, 0
47000, 222439, 1, 0, 0
47500, 222440, 1, 0, 0
48000, 222445, 1, 0, 0
48500, 222441, 1, 0, 0
49000, 222437, 1, 0, 0
49500, 222443, 1, 0, 0
50000, 222442, 1, 0, 0
50500, 222447, 1, 0, 0
51000, 222420, 1, 0, 0
51500, 222652, 1, 0, 0
52000, 222443, 1, 0, 0
52500, 222453, 1, 0, 0
53000, 222452, 1, 0, 0
53500, 222454, 1, 0, 0
54000, 222450, 1, 0, 0
54500, 222455, 1, 0, 0
55000, 222450, 1, 0, 0
55500, 222450, 1, 0, 0
56000, 222453, 1, 0, 0
56500, 222453, 1, 0, 0
57000, 222695, 1, 0, 0
57500, 222499, 1, 0, 0
58000, 222500, 1, 0, 0
58500, 222500, 1, 0, 0
59000, 222500, 1, 0, 0
59500, 222503, 1, 0, 0
60000, 222499, 1, 0, 0
60000, 347204, 1, 0, 0
