500, 43438, 1, 0, 0
1000, 43228, 1, 0, 0
1500, 43418, 1, 0, 0
2000, 43759, 1, 0, 0
2500, 31296, 1, 0, 0
3000, 16562, 1, 0, 0
3500, 13996, 1, 0, 0
4000, 12176, 1, 0, 0
4500, 11160, 1, 0, 0
5000, 10050, 1, 0, 0
5500, 9232, 1, 0, 0
6000, 8398, 1, 0, 0
6500, 7976, 1, 0, 0
7000, 7180, 1, 0, 0
7500, 6598, 1, 0, 0
8000, 6454, 1, 0, 0
8500, 6014, 1, 0, 0
9000, 5454, 1, 0, 0
9500, 5114, 1, 0, 0
10000, 4914, 1, 0, 0
10500, 4804, 1, 0, 0
11000, 4600, 1, 0, 0
11500, 4202, 1, 0, 0
12000, 3930, 1, 0, 0
12500, 3810, 1, 0, 0
13000, 3738, 1, 0, 0
13500, 3538, 1, 0, 0
14000, 3594, 1, 0, 0
14500, 3192, 1, 0, 0
15000, 3226, 1, 0, 0
15500, 3100, 1, 0, 0
16000, 3192, 1, 0, 0
16500, 2976, 1, 0, 0
17000, 3146, 1, 0, 0
17500, 3210, 1, 0, 0
18000, 3168, 1, 0, 0
18500, 3192, 1, 0, 0
19000, 3142, 1, 0, 0
19500, 2978, 1, 0, 0
20000, 3046, 1, 0, 0
20500, 3122, 1, 0, 0
21000, 2968, 1, 0, 0
21500, 3086, 1, 0, 0
22000, 3098, 1, 0, 0
22500, 3138, 1, 0, 0
23000, 3128, 1, 0, 0
23500, 3124, 1, 0, 0
24000, 3194, 1, 0, 0
24500, 3178, 1, 0, 0
25000, 3088, 1, 0, 0
25500, 3084, 1, 0, 0
26000, 3182, 1, 0, 0
26500, 3030, 1, 0, 0
27000, 3106, 1, 0, 0
27500, 3056, 1, 0, 0
28000, 3154, 1, 0, 0
28500, 3112, 1, 0, 0
29000, 3156, 1, 0, 0
29500, 3146, 1, 0, 0
30000, 3242, 1, 0, 0
30500, 3096, 1, 0, 0
31000, 3154, 1, 0, 0
31500, 3230, 1, 0, 0
32000, 3152, 1, 0, 0
32500, 3168, 1, 0, 0
33000, 3064, 1, 0, 0
33500, 3086, 1, 0, 0
34000, 3216, 1, 0, 0
34500, 3118, 1, 0, 0
35000, 2934, 1, 0, 0
35500, 3074, 1, 0, 0
36000, 3156, 1, 0, 0
36500, 2974, 1, 0, 0
37000, 3060, 1, 0, 0
37500, 3146, 1, 0, 0
38000, 3110, 1, 0, 0
38500, 3180, 1, 0, 0
39000, 3104, 1, 0, 0
39500, 3112, 1, 0, 0
40000, 3174, 1, 0, 0
40500, 3010, 1, 0, 0
41000, 3006, 1, 0, 0
41500, 3184, 1, 0, 0
42000, 3116, 1, 0, 0
42500, 3108, 1, 0, 0
43000, 3126, 1, 0, 0
43500, 3162, 1, 0, 0
44000, 3092, 1, 0, 0
44500, 3046, 1, 0, 0
45000, 2958, 1, 0, 0
45500, 3144, 1, 0, 0
46000, 3164, 1, 0, 0
46500, 3082, 1, 0, 0
47000, 3136, 1, 0, 0
47500, 3078, 1, 0, 0
48000, 3022, 1, 0, 0
48500, 2896, 1, 0, 0
49000, 2982, 1, 0, 0
49500, 3162, 1, 0, 0
50000, 3068, 1, 0, 0
50500, 3036, 1, 0, 0
51000, 3058, 1, 0, 0
51500, 3168, 1, 0, 0
52000, 3048, 1, 0, 0
52500, 3158, 1, 0, 0
53000, 3046, 1, 0, 0
53500, 3038, 1, 0, 0
54000, 3048, 1, 0, 0
54500, 3136, 1, 0, 0
55000, 3114, 1, 0, 0
55500, 3018, 1, 0, 0
56000, 3140, 1, 0, 0
56500, 3124, 1, 0, 0
57000, 3050, 1, 0, 0
57500, 3052, 1, 0, 0
58000, 3072, 1, 0, 0
58500, 3038, 1, 0, 0
59000, 3094, 1, 0, 0
59500, 3156, 1, 0, 0
60000, 3128, 1, 0, 0
