500, 737018, 1, 0, 0
1000, 740270, 1, 0, 0
1500, 736928, 1, 0, 0
2000, 730943, 1, 0, 0
2500, 1016710, 1, 0, 0
3000, 1942858, 1, 0, 0
3500, 2283409, 1, 0, 0
4000, 2626507, 1, 0, 0
4500, 2872313, 1, 0, 0
5001, 3173287, 1, 0, 0
5502, 3451184, 1, 0, 0
6000, 3825136, 1, 0, 0
6500, 4020050, 1, 0, 0
7003, 4441606, 1, 0, 0
7500, 4880221, 1, 0, 0
8005, 4939103, 1, 0, 0
8501, 5308518, 1, 0, 0
9004, 5856670, 1, 0, 0
9500, 6295595, 1, 0, 0
10000, 6467235, 1, 0, 0
10500, 6691272, 1, 0, 0
11002, 6898224, 1, 0, 0
11504, 7653249, 1, 0, 0
12005, 8163723, 1, 0, 0
12500, 8318176, 1, 0, 0
13000, 8628065, 1, 0, 0
13503, 9020847, 1, 0, 0
14000, 8938263, 1, 0, 0
14506, 10008864, 1, 0, 0
15003, 9853945, 1, 0, 0
15502, 10305140, 1, 0, 0
16000, 10059180, 1, 0, 0
16500, 10708324, 1, 0, 0
17000, 10186089, 1, 0, 0
17500, 10059999, 1, 0, 0
18001, 10044312, 1, 0, 0
18500, 10090774, 1, 0, 0
19003, 10110103, 1, 0, 0
19500, 10700930, 1, 0, 0
20000, 10557325, 1, 0, 0
20503, 10290668, 1, 0, 0
21001, 10732070, 1, 0, 0
21500, 10392206, 1, 0, 0
22005, 10361823, 1, 0, 0
22500, 10200323, 1, 0, 0
23003, 10201379, 1, 0, 0
23504, 10250221, 1, 0, 0
24000, 10042093, 1, 0, 0
24500, 10077204, 1, 0, 0
25006, 10298542, 1, 0, 0
25502, 10365828, 1, 0, 0
26001, 10046496, 1, 0, 0
26500, 10528750, 1, 0, 0
27000, 10327891, 1, 0, 0
27506, 10555323, 1, 0, 0
28003, 10112095, 1, 0, 0
28503, 10263721, 1, 0, 0
29003, 10117335, 1, 0, 0
29500, 10208378, 1, 0, 0
30004, 9877823, 1, 0, 0
30501, 10307813, 1, 0, 0
31000, 10155231, 1, 0, 0
31500, 9996320, 1, 0, 0
32005, 10098246, 1, 0, 0
32505, 10095297, 1, 0, 0
33003, 10402728, 1, 0, 0
33500, 10363617, 1, 0, 0
34000, 9987056, 1, 0, 0
34500, 10295575, 1, 0, 0
35000, 10825454, 1, 0, 0
35500, 10462005, 1, 0, 0
36004, 10173593, 1, 0, 0
36500, 10649710, 1, 0, 0
37000, 10482991, 1, 0, 0
37503, 10196340, 1, 0, 0
38000, 10243142, 1, 0, 0
38500, 10115427, 1, 0, 0
39000, 10301935, 1, 0, 0
39500, 10233675, 1, 0, 0
40006, 10185875, 1, 0, 0
40501, 10544753, 1, 0, 0
41003, 10678744, 1, 0, 0
41501, 10031548, 1, 0, 0
42004, 10284054, 1, 0, 0
42500, 10286833, 1, 0, 0
43000, 10273212, 1, 0, 0
43500, 10070688, 1, 0, 0
44002, 10366846, 1, 0, 0
44500, 10526771, 1, 0, 0
45000, 10867433, 1, 0, 0
45505, 10155601, 1, 0, 0
46005, 10105305, 1, 0, 0
46502, 10327210, 1, 0, 0
47002, 10208239, 1, 0, 0
47500, 10464702, 1, 0, 0
48000, 10609363, 1, 0, 0
48500, 10963462, 1, 0, 0
49000, 10742704, 1, 0, 0
49500, 10104555, 1, 0, 0
50000, 10418000, 1, 0, 0
50500, 10596514, 1, 0, 0
51000, 10434231, 1, 0, 0
51500, 10179297, 1, 0, 0
52005, 10455146, 1, 0, 0
52500, 10147852, 1, 0, 0
53000, 10560939, 1, 0, 0
53502, 10469205, 1, 0, 0
54000, 10487636, 1, 0, 0
54500, 10207711, 1, 0, 0
55003, 10267083, 1, 0, 0
55503, 10594684, 1, 0, 0
56001, 10121644, 1, 0, 0
56500, 10361802, 1, 0, 0
57000, 10440903, 1, 0, 0
57501, 10440374, 1, 0, 0
58002, 10394587, 1, 0, 0
58501, 10529000, 1, 0, 0
59000, 10377020, 1, 0, 0
59502, 10150632, 1, 0, 0
60002, 10216683, 1, 0, 0
60005, 11956686, 1, 0, 0
