500, 2779904, 1, 0, 0
1000, 2766592, 1, 0, 0
1500, 2778752, 1, 0, 0
2000, 2800609, 1, 0, 0
2500, 2002944, 1, 0, 0
3000, 1059968, 1, 0, 0
3500, 895744, 1, 0, 0
4000, 779264, 1, 0, 0
4500, 714240, 1, 0, 0
5000, 643200, 1, 0, 0
5500, 590848, 1, 0, 0
6000, 537472, 1, 0, 0
6500, 510464, 1, 0, 0
7000, 459520, 1, 0, 0
7500, 422272, 1, 0, 0
8000, 413056, 1, 0, 0
8500, 384896, 1, 0, 0
9000, 349056, 1, 0, 0
9500, 327296, 1, 0, 0
10000, 314496, 1, 0, 0
10500, 307456, 1, 0, 0
11000, 294400, 1, 0, 0
11500, 268928, 1, 0, 0
12000, 251520, 1, 0, 0
12500, 243840, 1, 0, 0
13000, 239232, 1, 0, 0
13500, 226432, 1, 0, 0
14000, 230016, 1, 0, 0
14500, 204288, 1, 0, 0
15000, 206464, 1, 0, 0
15500, 198400, 1, 0, 0
16000, 204288, 1, 0, 0
16500, 190464, 1, 0, 0
17000, 201344, 1, 0, 0
17500, 205466, 1, 0, 0
18000, 202752, 1, 0, 0
18500, 204288, 1, 0, 0
19000, 201088, 1, 0, 0
19500, 190592, 1, 0, 0
20000, 194944, 1, 0, 0
20500, 199808, 1, 0, 0
21000, 189952, 1, 0, 0
21500, 197504, 1, 0, 0
22000, 198272, 1, 0, 0
22500, 200832, 1, 0, 0
23000, 200192, 1, 0, 0
23500, 199936, 1, 0, 0
24000, 204416, 1, 0, 0
24500, 203392, 1, 0, 0
25000, 197632, 1, 0, 0
25500, 197376, 1, 0, 0
26000, 203648, 1, 0, 0
26500, 193920, 1, 0, 0
27000, 198784, 1, 0, 0
27500, 195584, 1, 0, 0
28000, 201856, 1, 0, 0
28500, 199168, 1, 0, 0
29000, 201984, 1, 0, 0
29500, 201344, 1, 0, 0
30000, 207488, 1, 0, 0
30500, 198144, 1, 0, 0
31000, 201856, 1, 0, 0
31500, 206720, 1, 0, 0
32000, 201728, 1, 0, 0
32500, 202752, 1, 0, 0
33000, 196096, 1, 0, 0
33500, 197504, 1, 0, 0
34000, 205824, 1, 0, 0
34500, 199552, 1, 0, 0
35000, 187776, 1, 0, 0
35500, 196745, 1, 0, 0
36000, 201984, 1, 0, 0
36500, 190336, 1, 0, 0
37000, 195840, 1, 0, 0
37500, 201344, 1, 0, 0
38000, 199040, 1, 0, 0
38500, 203520, 1, 0, 0
39000, 198656, 1, 0, 0
39500, 199168, 1, 0, 0
40000, 203136, 1, 0, 0
40500, 192640, 1, 0, 0
41000, 192384, 1, 0, 0
41500, 203776, 1, 0, 0
42000, 199424, 1, 0, 0
42500, 198912, 1, 0, 0
43000, 200064, 1, 0, 0
43500, 202368, 1, 0, 0
44000, 197888, 1, 0, 0
44500, 194944, 1, 0, 0
45000, 189312, 1, 0, 0
45500, 201216, 1, 0, 0
46000, 202496, 1, 0, 0
46500, 197248, 1, 0, 0
47000, 200704, 1, 0, 0
47500, 196992, 1, 0, 0
48000, 193408, 1, 0, 0
48500, 185344, 1, 0, 0
49000, 190848, 1, 0, 0
49500, 202368, 1, 0, 0
50000, 196352, 1, 0, 0
50500, 194304, 1, 0, 0
51000, 195712, 1, 0, 0
51500, 202752, 1, 0, 0
52000, 195072, 1, 0, 0
52500, 202112, 1, 0, 0
53000, 194944, 1, 0, 0
53500, 194432, 1, 0, 0
54000, 195072, 1, 0, 0
54500, 200704, 1, 0, 0
55000, 199296, 1, 0, 0
55500, 193152, 1, 0, 0
56000, 200960, 1, 0, 0
56500, 199936, 1, 0, 0
57000, 195206, 1, 0, 0
57500, 195328, 1, 0, 0
58000, 196608, 1, 0, 0
58500, 194432, 1, 0, 0
59000, 198016, 1, 0, 0
59500, 201984, 1, 0, 0
60000, 200192, 1, 0, 0
