500, 734455, 1, 0, 0
1000, 737707, 1, 0, 0
1500, 734396, 1, 0, 0
2000, 728411, 1, 0, 0
2500, 1014146, 1, 0, 0
3000, 1940280, 1, 0, 0
3500, 2280841, 1, 0, 0
4000, 2623952, 1, 0, 0
4500, 2869754, 1, 0, 0
5001, 3170709, 1, 0, 0
5502, 3448591, 1, 0, 0
6000, 3822559, 1, 0, 0
6500, 4017473, 1, 0, 0
7003, 4439027, 1, 0, 0
7500, 4877655, 1, 0, 0
8005, 4936519, 1, 0, 0
8501, 5305933, 1, 0, 0
9004, 5854084, 1, 0, 0
9500, 6293003, 1, 0, 0
10000, 6464662, 1, 0, 0
10500, 6688698, 1, 0, 0
11002, 6895645, 1, 0, 0
11504, 7650665, 1, 0, 0
12005, 8161135, 1, 0, 0
12500, 8315623, 1, 0, 0
13000, 8625521, 1, 0, 0
13503, 9018290, 1, 0, 0
14000, 8935691, 1, 0, 0
14506, 10006299, 1, 0, 0
15003, 9851413, 1, 0, 0
15502, 10302583, 1, 0, 0
16000, 10056609, 1, 0, 0
16500, 10705765, 1, 0, 0
17000, 10183508, 1, 0, 0
17500, 10057485, 1, 0, 0
18001, 10041767, 1, 0, 0
18500, 10088214, 1, 0, 0
19003, 10107518, 1, 0, 0
19500, 10698366, 1, 0, 0
20000, 10554776, 1, 0, 0
20503, 10288060, 1, 0, 0
21001, 10729480, 1, 0, 0
21500, 10389641, 1, 0, 0
22005, 10359234, 1, 0, 0
22500, 10197751, 1, 0, 0
23003, 10198767, 1, 0, 0
23504, 10247646, 1, 0, 0
24000, 10039496, 1, 0, 0
24500, 10074619, 1, 0, 0
25006, 10295942, 1, 0, 0
25502, 10363253, 1, 0, 0
26001, 10043902, 1, 0, 0
26500, 10526161, 1, 0, 0
27000, 10325292, 1, 0, 0
27506, 10552732, 1, 0, 0
28003, 10109509, 1, 0, 0
28503, 10261125, 1, 0, 0
29003, 10114742, 1, 0, 0
29500, 10205788, 1, 0, 0
30004, 9875237, 1, 0, 0
30501, 10305235, 1, 0, 0
31000, 10152621, 1, 0, 0
31500, 9993745, 1, 0, 0
32005, 10095666, 1, 0, 0
32505, 10092708, 1, 0, 0
33003, 10400137, 1, 0, 0
33500, 10361088, 1, 0, 0
34000, 9984526, 1, 0, 0
34500, 10293042, 1, 0, 0
35000, 10822904, 1, 0, 0
35500, 10459471, 1, 0, 0
36004, 10171048, 1, 0, 0
36500, 10647122, 1, 0, 0
37000, 10480402, 1, 0, 0
37503, 10193744, 1, 0, 0
38000, 10240554, 1, 0, 0
38500, 10112840, 1, 0, 0
39000, 10299342, 1, 0, 0
39500, 10231142, 1, 0, 0
40006, 10183335, 1, 0, 0
40501, 10542224, 1, 0, 0
41003, 10676210, 1, 0, 0
41501, 10029024, 1, 0, 0
42004, 10281533, 1, 0, 0
42500, 10284298, 1, 0, 0
43000, 10270653, 1, 0, 0
43500, 10068169, 1, 0, 0
44002, 10364286, 1, 0, 0
44500, 10524162, 1, 0, 0
45000, 10864847, 1, 0, 0
45505, 10153084, 1, 0, 0
46005, 10102721, 1, 0, 0
46502, 10324627, 1, 0, 0
47002, 10205674, 1, 0, 0
47500, 10462169, 1, 0, 0
48000, 10606810, 1, 0, 0
48500, 10960900, 1, 0, 0
49000, 10740152, 1, 0, 0
49500, 10102003, 1, 0, 0
50000, 10415414, 1, 0, 0
50500, 10593919, 1, 0, 0
51000, 10431672, 1, 0, 0
51500, 10176713, 1, 0, 0
52005, 10452554, 1, 0, 0
52500, 10145303, 1, 0, 0
53000, 10558384, 1, 0, 0
53502, 10466650, 1, 0, 0
54000, 10485094, 1, 0, 0
54500, 10205183, 1, 0, 0
55003, 10264552, 1, 0, 0
55503, 10592139, 1, 0, 0
56001, 10119106, 1, 0, 0
56500, 10359224, 1, 0, 0
57000, 10438310, 1, 0, 0
57501, 10437806, 1, 0, 0
58002, 10392039, 1, 0, 0
58501, 10526416, 1, 0, 0
59000, 10374445, 1, 0, 0
59502, 10148017, 1, 0, 0
60002, 10214083, 1, 0, 0
60005, 11954108, 1, 0, 0
