500, 2563, 1, 0, 0
1000, 2563, 1, 0, 0
1500, 2532, 1, 0, 0
2000, 2532, 1, 0, 0
2500, 2564, 1, 0, 0
3000, 2578, 1, 0, 0
3500, 2567, 1, 0, 0
4000, 2555, 1, 0, 0
4500, 2559, 1, 0, 0
5001, 2577, 1, 0, 0
5502, 2593, 1, 0, 0
6000, 2577, 1, 0, 0
6500, 2578, 1, 0, 0
7003, 2579, 1, 0, 0
7500, 2567, 1, 0, 0
8005, 2583, 1, 0, 0
8501, 2585, 1, 0, 0
9004, 2586, 1, 0, 0
9500, 2591, 1, 0, 0
10000, 2575, 1, 0, 0
10500, 2573, 1, 0, 0
11002, 2579, 1, 0, 0
11504, 2584, 1, 0, 0
12005, 2587, 1, 0, 0
12500, 2553, 1, 0, 0
13000, 2544, 1, 0, 0
13503, 2557, 1, 0, 0
14000, 2572, 1, 0, 0
14506, 2564, 1, 0, 0
15003, 2535, 1, 0, 0
15502, 2558, 1, 0, 0
16000, 2567, 1, 0, 0
16500, 2560, 1, 0, 0
17000, 2583, 1, 0, 0
17500, 2513, 1, 0, 0
18001, 2547, 1, 0, 0
18500, 2561, 1, 0, 0
19003, 2583, 1, 0, 0
19500, 2563, 1, 0, 0
20000, 2550, 1, 0, 0
20503, 2609, 1, 0, 0
21001, 2590, 1, 0, 0
21500, 2568, 1, 0, 0
22005, 2586, 1, 0, 0
22500, 2573, 1, 0, 0
23003, 2611, 1, 0, 0
23504, 2576, 1, 0, 0
24000, 2598, 1, 0, 0
24500, 2586, 1, 0, 0
25006, 2597, 1, 0, 0
25502, 2574, 1, 0, 0
26001, 2596, 1, 0, 0
26500, 2586, 1, 0, 0
27000, 2601, 1, 0, 0
27506, 2589, 1, 0, 0
28003, 2588, 1, 0, 0
28503, 2594, 1, 0, 0
29003, 2595, 1, 0, 0
29500, 2591, 1, 0, 0
30004, 2585, 1, 0, 0
30501, 2579, 1, 0, 0
31000, 2609, 1, 0, 0
31500, 2576, 1, 0, 0
32005, 2581, 1, 0, 0
32505, 2589, 1, 0, 0
33003, 2591, 1, 0, 0
33500, 2528, 1, 0, 0
34000, 2533, 1, 0, 0
34500, 2531, 1, 0, 0
35000, 2548, 1, 0, 0
35500, 2536, 1, 0, 0
36004, 2546, 1, 0, 0
36500, 2587, 1, 0, 0
37000, 2589, 1, 0, 0
37503, 2594, 1, 0, 0
38000, 2588, 1, 0, 0
38500, 2589, 1, 0, 0
39000, 2593, 1, 0, 0
39500, 2530, 1, 0, 0
40006, 2541, 1, 0, 0
40501, 2530, 1, 0, 0
41003, 2531, 1, 0, 0
41501, 2527, 1, 0, 0
42004, 2520, 1, 0, 0
42500, 2536, 1, 0, 0
43000, 2563, 1, 0, 0
43500, 2514, 1, 0, 0
44002, 2563, 1, 0, 0
44500, 2610, 1, 0, 0
45000, 2585, 1, 0, 0
45505, 2517, 1, 0, 0
46005, 2584, 1, 0, 0
46502, 2584, 1, 0, 0
47002, 2562, 1, 0, 0
47500, 2534, 1, 0, 0
48000, 2556, 1, 0, 0
48500, 2561, 1, 0, 0
49000, 2553, 1, 0, 0
49500, 2552, 1, 0, 0
50000, 2587, 1, 0, 0
50500, 2593, 1, 0, 0
51000, 2563, 1, 0, 0
51500, 2582, 1, 0, 0
52005, 2592, 1, 0, 0
52500, 2549, 1, 0, 0
53000, 2554, 1, 0, 0
53502, 2557, 1, 0, 0
54000, 2543, 1, 0, 0
54500, 2527, 1, 0, 0
55003, 2532, 1, 0, 0
55503, 2545, 1, 0, 0
56001, 2538, 1, 0, 0
56500, 2578, 1, 0, 0
57000, 2594, 1, 0, 0
57501, 2567, 1, 0, 0
58002, 2551, 1, 0, 0
58501, 2585, 1, 0, 0
59000, 2575, 1, 0, 0
59502, 2615, 1, 0, 0
60005, 2599, 1, 0, 0
