[65184.223071] KSC2026-MARK map128k_bs64k_r1 insmod 1791440946619036433
[65184.235711] NVMeVirt: Version 1.10 for >> Samsung 970 Pro SSD <<
[65184.235720] NVMeVirt: Storage: 0x300100000-0x600000000 (12287 MiB)
[65184.246048] NVMeVirt: Total Capacity(GiB,MiB)=3,3072 chs=2 luns=4 lines=384 blk-size(MiB,KiB)=2,2048 line-size(MiB,KiB)=8,8192
[65184.246053] NVMeVirt: KSC2026: mapping unit=131072 B, flash page=131072 B, oneshot page=131072 B, pgs_per_blk=16, blks_per_pl=384, write buffer=4194304 B
[65184.250288] NVMeVirt: [chmodel_init] bandwidth 800 max_credits 26 tx_time 152
[65184.253207] NVMeVirt: [chmodel_init] bandwidth 800 max_credits 26 tx_time 152
[65184.253219] NVMeVirt: [chmodel_init] bandwidth 3360 max_credits 110 tx_time 36
[65184.253257] NVMeVirt: pqueue: Copyright (c) 2014, Volkan Yazıcı <volkan.yazici@gmail.com>. All rights reserved.
[65184.253259] NVMeVirt: Init FTL instance with 2 channels (24576 pages)
[65184.255591] NVMeVirt: [chmodel_init] bandwidth 800 max_credits 26 tx_time 152
[65184.257889] NVMeVirt: [chmodel_init] bandwidth 800 max_credits 26 tx_time 152
[65184.257900] NVMeVirt: [chmodel_init] bandwidth 3360 max_credits 110 tx_time 36
[65184.257938] NVMeVirt: Init FTL instance with 2 channels (24576 pages)
[65184.260228] NVMeVirt: [chmodel_init] bandwidth 800 max_credits 26 tx_time 152
[65184.262512] NVMeVirt: [chmodel_init] bandwidth 800 max_credits 26 tx_time 152
[65184.262524] NVMeVirt: [chmodel_init] bandwidth 3360 max_credits 110 tx_time 36
[65184.262573] NVMeVirt: Init FTL instance with 2 channels (24576 pages)
[65184.264869] NVMeVirt: [chmodel_init] bandwidth 800 max_credits 26 tx_time 152
[65184.267159] NVMeVirt: [chmodel_init] bandwidth 800 max_credits 26 tx_time 152
[65184.267171] NVMeVirt: [chmodel_init] bandwidth 3360 max_credits 110 tx_time 36
[65184.267234] NVMeVirt: Init FTL instance with 2 channels (24576 pages)
[65184.267237] NVMeVirt: FTL physical space: 12883853312, logical space: 12040984403 (physical/logical * 100 = 107)
[65184.267237] NVMeVirt: KSC2026: WBUF_FIX=1 GC_STATS=1
[65184.267238] NVMeVirt: ns 0/1: size 11483 MiB
[65184.267268] PCI host bridge to bus 0001:10
[65184.267270] pci_bus 0001:10: root bus resource [io  0x0000-0xffff]
[65184.267272] pci_bus 0001:10: root bus resource [mem 0x00000000-0x3fffffffffff]
[65184.267273] pci_bus 0001:10: root bus resource [bus 00-ff]
[65184.267278] pci 0001:10:00.0: [0c51:0110] type 00 class 0x010802 PCIe Endpoint
[65184.267280] pci 0001:10:00.0: BAR 0 [mem 0x300000000-0x300003fff 64bit]
[65184.267282] pci 0001:10:00.0: enabling Extended Tags
[65184.267376] NVMeVirt: Virtual PCI bus created (node 0)
[65184.267672] NVMeVirt: nvmev_io_worker_0 started on cpu 4 (node 0)
[65184.267851] NVMeVirt: nvmev_io_worker_1 started on cpu 5 (node 0)
[65184.267864] NVMeVirt: nvmev_dispatcher started on cpu 3 (node 0)
[65184.268059] nvme nvme1: pci function 0001:10:00.0
[65184.271772] nvme nvme1: 1/0/0 default/read/poll queues
[65184.273924] NVMeVirt: Virtual NVMe device created
[65190.300538] KSC2026-MARK map128k_bs64k_r1 fio-start 1791440952709567630
[65192.774813] NVMeVirt: KSC2026: first GC part=2 victim line=4 vpc=17 ipc=47 free_lines=2 host_pgs=24320
[65192.785739] NVMeVirt: KSC2026: first GC part=1 victim line=8 vpc=14 ipc=50 free_lines=2 host_pgs=24320
[65192.791956] NVMeVirt: KSC2026: first GC part=3 victim line=8 vpc=16 ipc=48 free_lines=2 host_pgs=24320
[65192.821316] NVMeVirt: KSC2026: first GC part=0 victim line=13 vpc=17 ipc=47 free_lines=2 host_pgs=24320
[65251.332854] KSC2026-MARK map128k_bs64k_r1 fio-end
[65251.336831] KSC2026-MARK map128k_bs64k_r1 rmmod 1791441013747162275
[65251.399561] pci_bus 0001:10: busn_res: [bus 10-ff] is released
[65251.399810] NVMeVirt: KSC2026: stats part=0 host_pgs=81890 gc_pgs=291319 gc_cnt=5450 free_lines=2
[65251.399812] NVMeVirt: KSC2026: stats part=1 host_pgs=81618 gc_pgs=288646 gc_cnt=5404 free_lines=1
[65251.399812] NVMeVirt: KSC2026: stats part=2 host_pgs=81759 gc_pgs=290933 gc_cnt=5442 free_lines=2
[65251.399813] NVMeVirt: KSC2026: stats part=3 host_pgs=81795 gc_pgs=289240 gc_cnt=5416 free_lines=1
[65251.414016] NVMeVirt: Virtual NVMe device closed
