500, 894416, 1, 0, 0
1000, 895428, 1, 0, 0
1500, 895433, 1, 0, 0
2000, 895430, 1, 0, 0
2500, 895431, 1, 0, 0
3000, 895428, 1, 0, 0
3500, 895430, 1, 0, 0
4000, 895432, 1, 0, 0
4500, 895428, 1, 0, 0
5000, 895423, 1, 0, 0
5515, 966687, 1, 0, 0
6007, 13838934, 1, 0, 0
6517, 14201879, 1, 0, 0
7007, 13559518, 1, 0, 0
7517, 13200978, 1, 0, 0
8010, 12539661, 1, 0, 0
8500, 11878408, 1, 0, 0
9007, 11042144, 1, 0, 0
9514, 10563875, 1, 0, 0
10002, 10070639, 1, 0, 0
10510, 9611394, 1, 0, 0
11000, 9033843, 1, 0, 0
11502, 8575375, 1, 0, 0
12009, 8553985, 1, 0, 0
12516, 8587996, 1, 0, 0
13002, 9456882, 1, 0, 0
13509, 9556636, 1, 0, 0
14015, 9408783, 1, 0, 0
14502, 9269068, 1, 0, 0
15006, 8990463, 1, 0, 0
15512, 8952386, 1, 0, 0
16000, 8790933, 1, 0, 0
16503, 8488258, 1, 0, 0
17008, 8459689, 1, 0, 0
17514, 8480839, 1, 0, 0
18000, 8372586, 1, 0, 0
18504, 8045008, 1, 0, 0
19009, 7965891, 1, 0, 0
19513, 7790567, 1, 0, 0
20000, 7637038, 1, 0, 0
20501, 7525693, 1, 0, 0
21005, 7483688, 1, 0, 0
21508, 7507887, 1, 0, 0
22013, 7454055, 1, 0, 0
22500, 7221686, 1, 0, 0
23000, 7084405, 1, 0, 0
23501, 7015764, 1, 0, 0
24004, 6827464, 1, 0, 0
24507, 6751498, 1, 0, 0
25008, 6507168, 1, 0, 0
25508, 6435958, 1, 0, 0
26010, 6505814, 1, 0, 0
26510, 6266352, 1, 0, 0
27010, 6147586, 1, 0, 0
27508, 5887151, 1, 0, 0
28006, 5662715, 1, 0, 0
28505, 5564518, 1, 0, 0
29003, 5411025, 1, 0, 0
29500, 5229580, 1, 0, 0
30000, 5157517, 1, 0, 0
30512, 4939489, 1, 0, 0
31006, 4787920, 1, 0, 0
31500, 4614545, 1, 0, 0
32010, 4349941, 1, 0, 0
32500, 4137971, 1, 0, 0
33008, 3964487, 1, 0, 0
33500, 3808370, 1, 0, 0
34000, 3503176, 1, 0, 0
34500, 3173225, 1, 0, 0
35000, 2934918, 1, 0, 0
35502, 2624616, 1, 0, 0
36002, 2244667, 1, 0, 0
36500, 1810118, 1, 0, 0
37000, 1128921, 1, 0, 0
37515, 1950158, 1, 0, 0
38008, 14404798, 1, 0, 0
38500, 14040305, 1, 0, 0
39010, 13197539, 1, 0, 0
39500, 12686183, 1, 0, 0
40010, 12109662, 1, 0, 0
40500, 11503946, 1, 0, 0
41009, 10926232, 1, 0, 0
41517, 10299720, 1, 0, 0
42004, 9851193, 1, 0, 0
42511, 9314179, 1, 0, 0
43000, 9156518, 1, 0, 0
43503, 8631848, 1, 0, 0
44009, 8565818, 1, 0, 0
44500, 9122763, 1, 0, 0
45004, 9477839, 1, 0, 0
45511, 9646298, 1, 0, 0
46000, 9445937, 1, 0, 0
46505, 9132961, 1, 0, 0
47009, 8766468, 1, 0, 0
47515, 8788230, 1, 0, 0
48001, 8569179, 1, 0, 0
48508, 8462608, 1, 0, 0
49012, 8222053, 1, 0, 0
49500, 8348153, 1, 0, 0
50002, 8014456, 1, 0, 0
50507, 8086863, 1, 0, 0
51011, 7955827, 1, 0, 0
51516, 7890265, 1, 0, 0
52000, 7728058, 1, 0, 0
52504, 7616622, 1, 0, 0
53009, 7629307, 1, 0, 0
53513, 7496279, 1, 0, 0
54015, 7269394, 1, 0, 0
54500, 7258878, 1, 0, 0
55003, 6953100, 1, 0, 0
55504, 6862474, 1, 0, 0
56007, 6882184, 1, 0, 0
56508, 6779437, 1, 0, 0
57008, 6597990, 1, 0, 0
57509, 6443837, 1, 0, 0
58009, 6336390, 1, 0, 0
58510, 6199692, 1, 0, 0
59010, 5979138, 1, 0, 0
59509, 5809036, 1, 0, 0
60009, 5786270, 1, 0, 0
60010, 17485517, 1, 0, 0
