500, 2800, 1, 0, 0
1000, 2652, 1, 0, 0
1500, 2570, 1, 0, 0
2000, 2562, 1, 0, 0
2500, 2557, 1, 0, 0
3000, 2572, 1, 0, 0
3500, 2565, 1, 0, 0
4000, 2560, 1, 0, 0
4500, 2561, 1, 0, 0
5000, 2570, 1, 0, 0
5515, 2568, 1, 0, 0
6007, 2630, 1, 0, 0
6517, 2606, 1, 0, 0
7007, 2665, 1, 0, 0
7517, 2616, 1, 0, 0
8010, 2635, 1, 0, 0
8500, 2626, 1, 0, 0
9007, 2635, 1, 0, 0
9514, 2605, 1, 0, 0
10002, 2625, 1, 0, 0
10510, 2624, 1, 0, 0
11000, 2612, 1, 0, 0
11502, 2611, 1, 0, 0
12009, 2618, 1, 0, 0
12516, 2606, 1, 0, 0
13002, 2622, 1, 0, 0
13509, 2609, 1, 0, 0
14015, 2632, 1, 0, 0
14502, 2590, 1, 0, 0
15006, 2616, 1, 0, 0
15512, 2604, 1, 0, 0
16000, 2620, 1, 0, 0
16503, 2590, 1, 0, 0
17008, 2597, 1, 0, 0
17514, 2616, 1, 0, 0
18000, 2611, 1, 0, 0
18504, 2599, 1, 0, 0
19009, 2599, 1, 0, 0
19513, 2606, 1, 0, 0
20000, 2618, 1, 0, 0
20501, 2632, 1, 0, 0
21005, 2617, 1, 0, 0
21508, 2631, 1, 0, 0
22013, 2619, 1, 0, 0
22500, 2612, 1, 0, 0
23000, 2623, 1, 0, 0
23501, 2627, 1, 0, 0
24004, 2626, 1, 0, 0
24507, 2616, 1, 0, 0
25008, 2639, 1, 0, 0
25508, 2630, 1, 0, 0
26010, 2627, 1, 0, 0
26510, 2629, 1, 0, 0
27010, 2631, 1, 0, 0
27508, 2628, 1, 0, 0
28006, 2621, 1, 0, 0
28505, 2611, 1, 0, 0
29003, 2609, 1, 0, 0
29500, 2615, 1, 0, 0
30000, 2629, 1, 0, 0
30512, 2625, 1, 0, 0
31006, 2618, 1, 0, 0
31500, 2637, 1, 0, 0
32010, 2636, 1, 0, 0
32500, 2635, 1, 0, 0
33008, 2621, 1, 0, 0
33500, 2621, 1, 0, 0
34000, 2625, 1, 0, 0
34500, 2623, 1, 0, 0
35000, 2616, 1, 0, 0
35502, 2615, 1, 0, 0
36002, 2621, 1, 0, 0
36500, 2602, 1, 0, 0
37000, 2599, 1, 0, 0
37515, 2577, 1, 0, 0
38008, 2639, 1, 0, 0
38500, 2626, 1, 0, 0
39010, 2646, 1, 0, 0
39500, 2623, 1, 0, 0
40010, 2620, 1, 0, 0
40500, 2619, 1, 0, 0
41009, 2636, 1, 0, 0
41517, 2602, 1, 0, 0
42004, 2638, 1, 0, 0
42511, 2603, 1, 0, 0
43000, 2612, 1, 0, 0
43503, 2617, 1, 0, 0
44009, 2620, 1, 0, 0
44500, 2605, 1, 0, 0
45004, 2627, 1, 0, 0
45511, 2624, 1, 0, 0
46000, 2632, 1, 0, 0
46505, 2623, 1, 0, 0
47009, 2624, 1, 0, 0
47515, 2610, 1, 0, 0
48001, 2618, 1, 0, 0
48508, 2608, 1, 0, 0
49012, 2638, 1, 0, 0
49500, 2613, 1, 0, 0
50002, 2629, 1, 0, 0
50507, 2613, 1, 0, 0
51011, 2625, 1, 0, 0
51516, 2620, 1, 0, 0
52000, 2627, 1, 0, 0
52504, 2627, 1, 0, 0
53009, 2623, 1, 0, 0
53513, 2624, 1, 0, 0
54015, 2628, 1, 0, 0
54500, 2617, 1, 0, 0
55003, 2618, 1, 0, 0
55504, 2625, 1, 0, 0
56007, 2631, 1, 0, 0
56508, 2635, 1, 0, 0
57008, 2623, 1, 0, 0
57509, 2624, 1, 0, 0
58009, 2634, 1, 0, 0
58510, 2604, 1, 0, 0
59010, 2627, 1, 0, 0
59509, 2619, 1, 0, 0
60010, 2633, 1, 0, 0
