500, 891616, 1, 0, 0
1000, 892776, 1, 0, 0
1500, 892863, 1, 0, 0
2000, 892867, 1, 0, 0
2500, 892874, 1, 0, 0
3000, 892856, 1, 0, 0
3500, 892865, 1, 0, 0
4000, 892872, 1, 0, 0
4500, 892867, 1, 0, 0
5000, 892853, 1, 0, 0
5515, 964120, 1, 0, 0
6007, 13836305, 1, 0, 0
6517, 14199272, 1, 0, 0
7007, 13556858, 1, 0, 0
7517, 13198358, 1, 0, 0
8010, 12537026, 1, 0, 0
8500, 11875783, 1, 0, 0
9007, 11039506, 1, 0, 0
9514, 10561273, 1, 0, 0
10002, 10068013, 1, 0, 0
10510, 9608769, 1, 0, 0
11000, 9031232, 1, 0, 0
11502, 8572763, 1, 0, 0
12009, 8551366, 1, 0, 0
12516, 8585392, 1, 0, 0
13002, 9454257, 1, 0, 0
13509, 9554029, 1, 0, 0
14015, 9406152, 1, 0, 0
14502, 9266477, 1, 0, 0
15006, 8987846, 1, 0, 0
15512, 8949783, 1, 0, 0
16000, 8788314, 1, 0, 0
16503, 8485666, 1, 0, 0
17008, 8457092, 1, 0, 0
17514, 8478223, 1, 0, 0
18000, 8369976, 1, 0, 0
18504, 8042408, 1, 0, 0
19009, 7963293, 1, 0, 0
19513, 7787961, 1, 0, 0
20000, 7634420, 1, 0, 0
20501, 7523060, 1, 0, 0
21005, 7481071, 1, 0, 0
21508, 7505259, 1, 0, 0
22013, 7451434, 1, 0, 0
22500, 7219074, 1, 0, 0
23000, 7081783, 1, 0, 0
23501, 7013137, 1, 0, 0
24004, 6824837, 1, 0, 0
24507, 6748881, 1, 0, 0
25008, 6504530, 1, 0, 0
25508, 6433328, 1, 0, 0
26010, 6503188, 1, 0, 0
26510, 6263722, 1, 0, 0
27010, 6144956, 1, 0, 0
27508, 5884525, 1, 0, 0
28006, 5660093, 1, 0, 0
28505, 5561905, 1, 0, 0
29003, 5408417, 1, 0, 0
29500, 5226964, 1, 0, 0
30000, 5154889, 1, 0, 0
30512, 4936864, 1, 0, 0
31006, 4785302, 1, 0, 0
31500, 4611909, 1, 0, 0
32010, 4347305, 1, 0, 0
32500, 4135335, 1, 0, 0
33008, 3961867, 1, 0, 0
33500, 3805748, 1, 0, 0
34000, 3500552, 1, 0, 0
34500, 3170601, 1, 0, 0
35000, 2932303, 1, 0, 0
35502, 2622001, 1, 0, 0
36002, 2242046, 1, 0, 0
36500, 1807516, 1, 0, 0
37000, 1126323, 1, 0, 0
37515, 1947581, 1, 0, 0
38008, 14402160, 1, 0, 0
38500, 14037675, 1, 0, 0
39010, 13194897, 1, 0, 0
39500, 12683561, 1, 0, 0
40010, 12107040, 1, 0, 0
40500, 11501327, 1, 0, 0
41009, 10923599, 1, 0, 0
41517, 10297114, 1, 0, 0
42004, 9848556, 1, 0, 0
42511, 9311575, 1, 0, 0
43000, 9153904, 1, 0, 0
43503, 8629234, 1, 0, 0
44009, 8563197, 1, 0, 0
44500, 9120158, 1, 0, 0
45004, 9475214, 1, 0, 0
45511, 9643674, 1, 0, 0
46000, 9443305, 1, 0, 0
46505, 9130338, 1, 0, 0
47009, 8763842, 1, 0, 0
47515, 8785621, 1, 0, 0
48001, 8566561, 1, 0, 0
48508, 8460000, 1, 0, 0
49012, 8219417, 1, 0, 0
49500, 8345539, 1, 0, 0
50002, 8011828, 1, 0, 0
50507, 8084248, 1, 0, 0
51011, 7953203, 1, 0, 0
51516, 7887644, 1, 0, 0
52000, 7725432, 1, 0, 0
52504, 7613995, 1, 0, 0
53009, 7626684, 1, 0, 0
53513, 7493655, 1, 0, 0
54015, 7266767, 1, 0, 0
54500, 7256261, 1, 0, 0
55003, 6950482, 1, 0, 0
55504, 6859849, 1, 0, 0
56007, 6879556, 1, 0, 0
56508, 6776800, 1, 0, 0
57008, 6595366, 1, 0, 0
57509, 6441212, 1, 0, 0
58009, 6333756, 1, 0, 0
58510, 6197088, 1, 0, 0
59010, 5976512, 1, 0, 0
59509, 5806415, 1, 0, 0
60009, 5783637, 1, 0, 0
60010, 17482958, 1, 0, 0
