500, 233367, 1, 0, 0
1000, 234203, 1, 0, 0
1500, 233598, 1, 0, 0
2000, 234250, 1, 0, 0
2500, 233146, 1, 0, 0
3000, 233398, 1, 0, 0
3500, 232729, 1, 0, 0
4000, 232106, 1, 0, 0
4500, 233694, 1, 0, 0
5000, 234204, 1, 0, 0
5500, 232512, 1, 0, 0
6003, 539106, 1, 0, 0
6512, 3827361, 1, 0, 0
7004, 3595510, 1, 0, 0
7510, 3649876, 1, 0, 0
8014, 3655433, 1, 0, 0
8501, 3546683, 1, 0, 0
9015, 3558402, 1, 0, 0
9513, 3309857, 1, 0, 0
10014, 3059438, 1, 0, 0
10509, 3219096, 1, 0, 0
11004, 2934010, 1, 0, 0
11512, 3028691, 1, 0, 0
12001, 2976232, 1, 0, 0
12511, 2721288, 1, 0, 0
13005, 3140151, 1, 0, 0
13506, 2900355, 1, 0, 0
14004, 2990634, 1, 0, 0
14506, 3055616, 1, 0, 0
15000, 2879074, 1, 0, 0
15501, 3206188, 1, 0, 0
16006, 3015642, 1, 0, 0
16500, 2872310, 1, 0, 0
17012, 2647256, 1, 0, 0
17513, 2961502, 1, 0, 0
18005, 3083059, 1, 0, 0
18500, 2744908, 1, 0, 0
19000, 2747090, 1, 0, 0
19500, 2806939, 1, 0, 0
20003, 2596581, 1, 0, 0
20500, 2420083, 1, 0, 0
21006, 2580603, 1, 0, 0
21500, 2546434, 1, 0, 0
22000, 2660441, 1, 0, 0
22506, 2435084, 1, 0, 0
23012, 2548628, 1, 0, 0
23505, 2828068, 1, 0, 0
24006, 2592930, 1, 0, 0
24507, 2414743, 1, 0, 0
25013, 2345605, 1, 0, 0
25505, 2610175, 1, 0, 0
26001, 2514627, 1, 0, 0
26505, 2344062, 1, 0, 0
27000, 2583234, 1, 0, 0
27505, 2522960, 1, 0, 0
28013, 2574502, 1, 0, 0
28511, 2267517, 1, 0, 0
29000, 2536505, 1, 0, 0
29500, 2159017, 1, 0, 0
30009, 1965929, 1, 0, 0
30507, 2579726, 1, 0, 0
31003, 2572395, 1, 0, 0
31500, 2112610, 1, 0, 0
32005, 2586077, 1, 0, 0
32506, 2234714, 1, 0, 0
33004, 2317650, 1, 0, 0
33500, 2445670, 1, 0, 0
34010, 2287393, 1, 0, 0
34500, 2003009, 1, 0, 0
35000, 2208891, 1, 0, 0
35504, 2241687, 1, 0, 0
36000, 2417890, 1, 0, 0
36507, 2071129, 1, 0, 0
37007, 2109621, 1, 0, 0
37506, 1899182, 1, 0, 0
38000, 2269095, 1, 0, 0
38504, 2188878, 1, 0, 0
39000, 2083339, 1, 0, 0
39501, 2138254, 1, 0, 0
40002, 2044879, 1, 0, 0
40500, 1975310, 1, 0, 0
41009, 1793078, 1, 0, 0
41500, 1659565, 1, 0, 0
42011, 1824922, 1, 0, 0
42504, 1800659, 1, 0, 0
43012, 1670996, 1, 0, 0
43507, 1696106, 1, 0, 0
44005, 1597241, 1, 0, 0
44500, 1592977, 1, 0, 0
45008, 1439969, 1, 0, 0
45505, 1257344, 1, 0, 0
46001, 1334845, 1, 0, 0
46501, 1290597, 1, 0, 0
47000, 1244451, 1, 0, 0
47500, 1092411, 1, 0, 0
48000, 992619, 1, 0, 0
48500, 868675, 1, 0, 0
49000, 754821, 1, 0, 0
49501, 622437, 1, 0, 0
50000, 284858, 1, 0, 0
50500, 870313, 1, 0, 0
51007, 3808225, 1, 0, 0
51516, 3715493, 1, 0, 0
52003, 3761520, 1, 0, 0
52510, 3452114, 1, 0, 0
53012, 3446874, 1, 0, 0
53500, 3230617, 1, 0, 0
54000, 3222803, 1, 0, 0
54513, 3256943, 1, 0, 0
55011, 3103842, 1, 0, 0
55513, 2704123, 1, 0, 0
56006, 2913485, 1, 0, 0
56500, 2731471, 1, 0, 0
57009, 2697506, 1, 0, 0
57512, 2792221, 1, 0, 0
58002, 2586885, 1, 0, 0
58501, 2956427, 1, 0, 0
59000, 2752539, 1, 0, 0
59507, 2802150, 1, 0, 0
60000, 2946099, 1, 0, 0
60000, 10463073, 1, 0, 0
