500, 232126, 1, 0, 0
1000, 232961, 1, 0, 0
1500, 232338, 1, 0, 0
2000, 232928, 1, 0, 0
2500, 231893, 1, 0, 0
3000, 232170, 1, 0, 0
3500, 231473, 1, 0, 0
4000, 230869, 1, 0, 0
4500, 232449, 1, 0, 0
5000, 232872, 1, 0, 0
5500, 231266, 1, 0, 0
6003, 537879, 1, 0, 0
6512, 3826131, 1, 0, 0
7004, 3594271, 1, 0, 0
7510, 3648631, 1, 0, 0
8014, 3654175, 1, 0, 0
8501, 3545436, 1, 0, 0
9015, 3557170, 1, 0, 0
9513, 3308594, 1, 0, 0
10014, 3058198, 1, 0, 0
10509, 3217853, 1, 0, 0
11004, 2932777, 1, 0, 0
11512, 3027462, 1, 0, 0
12001, 2975005, 1, 0, 0
12511, 2720057, 1, 0, 0
13005, 3138912, 1, 0, 0
13506, 2899122, 1, 0, 0
14004, 2989395, 1, 0, 0
14506, 3054386, 1, 0, 0
15000, 2877841, 1, 0, 0
15501, 3204955, 1, 0, 0
16006, 3014414, 1, 0, 0
16500, 2870641, 1, 0, 0
17012, 2646024, 1, 0, 0
17513, 2960273, 1, 0, 0
18005, 3081839, 1, 0, 0
18500, 2743679, 1, 0, 0
19000, 2745857, 1, 0, 0
19500, 2805703, 1, 0, 0
20003, 2595349, 1, 0, 0
20500, 2418849, 1, 0, 0
21006, 2579367, 1, 0, 0
21500, 2545196, 1, 0, 0
22000, 2659199, 1, 0, 0
22506, 2433837, 1, 0, 0
23012, 2547389, 1, 0, 0
23505, 2826818, 1, 0, 0
24006, 2591693, 1, 0, 0
24507, 2413495, 1, 0, 0
25013, 2344351, 1, 0, 0
25505, 2608933, 1, 0, 0
26001, 2513394, 1, 0, 0
26505, 2342831, 1, 0, 0
27000, 2581999, 1, 0, 0
27505, 2521711, 1, 0, 0
28013, 2573259, 1, 0, 0
28511, 2266263, 1, 0, 0
29000, 2535277, 1, 0, 0
29500, 2157780, 1, 0, 0
30009, 1964702, 1, 0, 0
30507, 2578497, 1, 0, 0
31003, 2571166, 1, 0, 0
31500, 2111378, 1, 0, 0
32005, 2584818, 1, 0, 0
32506, 2233483, 1, 0, 0
33004, 2316414, 1, 0, 0
33500, 2444432, 1, 0, 0
34010, 2286158, 1, 0, 0
34500, 2001776, 1, 0, 0
35000, 2207656, 1, 0, 0
35504, 2240448, 1, 0, 0
36000, 2416659, 1, 0, 0
36507, 2069886, 1, 0, 0
37007, 2108390, 1, 0, 0
37506, 1897952, 1, 0, 0
38000, 2267862, 1, 0, 0
38504, 2187643, 1, 0, 0
39000, 2082105, 1, 0, 0
39501, 2137021, 1, 0, 0
40002, 2043645, 1, 0, 0
40500, 1974076, 1, 0, 0
41009, 1791839, 1, 0, 0
41500, 1658332, 1, 0, 0
42011, 1823688, 1, 0, 0
42504, 1799425, 1, 0, 0
43012, 1669757, 1, 0, 0
43507, 1694866, 1, 0, 0
44005, 1596012, 1, 0, 0
44500, 1591733, 1, 0, 0
45008, 1438731, 1, 0, 0
45505, 1256107, 1, 0, 0
46001, 1333613, 1, 0, 0
46501, 1289361, 1, 0, 0
47000, 1243200, 1, 0, 0
47500, 1091168, 1, 0, 0
48000, 991377, 1, 0, 0
48500, 867430, 1, 0, 0
49000, 753577, 1, 0, 0
49501, 621201, 1, 0, 0
50000, 283628, 1, 0, 0
50500, 869081, 1, 0, 0
51007, 3806978, 1, 0, 0
51516, 3714254, 1, 0, 0
52003, 3760267, 1, 0, 0
52510, 3450865, 1, 0, 0
53012, 3445635, 1, 0, 0
53500, 3229392, 1, 0, 0
54000, 3221574, 1, 0, 0
54513, 3255702, 1, 0, 0
55011, 3102619, 1, 0, 0
55513, 2702895, 1, 0, 0
56006, 2912255, 1, 0, 0
56500, 2730242, 1, 0, 0
57009, 2696275, 1, 0, 0
57512, 2790994, 1, 0, 0
58002, 2585656, 1, 0, 0
58501, 2955193, 1, 0, 0
59000, 2751292, 1, 0, 0
59507, 2800906, 1, 0, 0
60000, 2944850, 1, 0, 0
60000, 10461861, 1, 0, 0
