500, 1240, 1, 0, 0
1000, 1242, 1, 0, 0
1500, 1260, 1, 0, 0
2000, 1322, 1, 0, 0
2500, 1254, 1, 0, 0
3000, 1227, 1, 0, 0
3500, 1257, 1, 0, 0
4000, 1237, 1, 0, 0
4500, 1245, 1, 0, 0
5000, 1332, 1, 0, 0
5500, 1246, 1, 0, 0
6003, 1226, 1, 0, 0
6512, 1229, 1, 0, 0
7004, 1240, 1, 0, 0
7510, 1244, 1, 0, 0
8014, 1259, 1, 0, 0
8501, 1246, 1, 0, 0
9015, 1232, 1, 0, 0
9513, 1263, 1, 0, 0
10014, 1240, 1, 0, 0
10509, 1243, 1, 0, 0
11004, 1233, 1, 0, 0
11512, 1229, 1, 0, 0
12001, 1227, 1, 0, 0
12511, 1231, 1, 0, 0
13005, 1239, 1, 0, 0
13506, 1233, 1, 0, 0
14004, 1240, 1, 0, 0
14506, 1230, 1, 0, 0
15000, 1234, 1, 0, 0
15501, 1233, 1, 0, 0
16006, 1228, 1, 0, 0
16500, 1669, 1, 0, 0
17012, 1232, 1, 0, 0
17513, 1229, 1, 0, 0
18005, 1220, 1, 0, 0
18500, 1229, 1, 0, 0
19000, 1233, 1, 0, 0
19500, 1236, 1, 0, 0
20003, 1232, 1, 0, 0
20500, 1234, 1, 0, 0
21006, 1236, 1, 0, 0
21500, 1237, 1, 0, 0
22000, 1243, 1, 0, 0
22506, 1246, 1, 0, 0
23012, 1238, 1, 0, 0
23505, 1250, 1, 0, 0
24006, 1236, 1, 0, 0
24507, 1249, 1, 0, 0
25013, 1254, 1, 0, 0
25505, 1242, 1, 0, 0
26001, 1234, 1, 0, 0
26505, 1232, 1, 0, 0
27000, 1236, 1, 0, 0
27505, 1249, 1, 0, 0
28013, 1243, 1, 0, 0
28511, 1254, 1, 0, 0
29000, 1229, 1, 0, 0
29500, 1237, 1, 0, 0
30009, 1226, 1, 0, 0
30507, 1229, 1, 0, 0
31003, 1229, 1, 0, 0
31500, 1232, 1, 0, 0
32005, 1260, 1, 0, 0
32506, 1230, 1, 0, 0
33005, 1237, 1, 0, 0
33500, 1237, 1, 0, 0
34010, 1235, 1, 0, 0
34500, 1232, 1, 0, 0
35000, 1235, 1, 0, 0
35504, 1238, 1, 0, 0
36000, 1231, 1, 0, 0
36507, 1243, 1, 0, 0
37007, 1231, 1, 0, 0
37506, 1231, 1, 0, 0
38000, 1233, 1, 0, 0
38504, 1236, 1, 0, 0
39000, 1235, 1, 0, 0
39501, 1233, 1, 0, 0
40002, 1234, 1, 0, 0
40500, 1234, 1, 0, 0
41009, 1239, 1, 0, 0
41500, 1233, 1, 0, 0
42011, 1234, 1, 0, 0
42504, 1234, 1, 0, 0
43012, 1238, 1, 0, 0
43507, 1240, 1, 0, 0
44005, 1229, 1, 0, 0
44500, 1244, 1, 0, 0
45008, 1238, 1, 0, 0
45505, 1237, 1, 0, 0
46001, 1232, 1, 0, 0
46501, 1237, 1, 0, 0
47000, 1251, 1, 0, 0
47500, 1243, 1, 0, 0
48000, 1242, 1, 0, 0
48500, 1245, 1, 0, 0
49000, 1244, 1, 0, 0
49501, 1236, 1, 0, 0
50000, 1230, 1, 0, 0
50500, 1231, 1, 0, 0
51007, 1248, 1, 0, 0
51516, 1239, 1, 0, 0
52003, 1254, 1, 0, 0
52510, 1249, 1, 0, 0
53012, 1238, 1, 0, 0
53500, 1224, 1, 0, 0
54000, 1229, 1, 0, 0
54513, 1241, 1, 0, 0
55011, 1223, 1, 0, 0
55513, 1228, 1, 0, 0
56006, 1230, 1, 0, 0
56500, 1228, 1, 0, 0
57009, 1231, 1, 0, 0
57512, 1226, 1, 0, 0
58002, 1229, 1, 0, 0
58501, 1234, 1, 0, 0
59000, 1247, 1, 0, 0
59507, 1244, 1, 0, 0
60000, 1248, 1, 0, 0
