500, 2192832, 1, 0, 0
1000, 2184128, 1, 0, 0
1500, 2189952, 1, 0, 0
2000, 2183840, 1, 0, 0
2500, 2194016, 1, 0, 0
3000, 2191680, 1, 0, 0
3500, 2197920, 1, 0, 0
4000, 2203808, 1, 0, 0
4501, 2188448, 1, 0, 0
5000, 2184529, 1, 0, 0
5500, 2199808, 1, 0, 0
6000, 926144, 1, 0, 0
6500, 135872, 1, 0, 0
7000, 139840, 1, 0, 0
7500, 142272, 1, 0, 0
8000, 141504, 1, 0, 0
8500, 140480, 1, 0, 0
9000, 147904, 1, 0, 0
9500, 154112, 1, 0, 0
10000, 167232, 1, 0, 0
10500, 157888, 1, 0, 0
11000, 172672, 1, 0, 0
11500, 172288, 1, 0, 0
12000, 167360, 1, 0, 0
12500, 192576, 1, 0, 0
13000, 161408, 1, 0, 0
13500, 176256, 1, 0, 0
14000, 171008, 1, 0, 0
14500, 168064, 1, 0, 0
15000, 175808, 1, 0, 0
15500, 159743, 1, 0, 0
16000, 171328, 1, 0, 0
16500, 181632, 1, 0, 0
17000, 192256, 1, 0, 0
17500, 173376, 1, 0, 0
18000, 163648, 1, 0, 0
18500, 190336, 1, 0, 0
19000, 185280, 1, 0, 0
19500, 179456, 1, 0, 0
20000, 196288, 1, 0, 0
20500, 217344, 1, 0, 0
21000, 194176, 1, 0, 0
21500, 205184, 1, 0, 0
22000, 192256, 1, 0, 0
22500, 205888, 1, 0, 0
23000, 203264, 1, 0, 0
23500, 179456, 1, 0, 0
24000, 197568, 1, 0, 0
24500, 212032, 1, 0, 0
25000, 220736, 1, 0, 0
25500, 194112, 1, 0, 0
26000, 201728, 1, 0, 0
26500, 218816, 1, 0, 0
27000, 204864, 1, 0, 0
27500, 197440, 1, 0, 0
28000, 201472, 1, 0, 0
28500, 224128, 1, 0, 0
29000, 205632, 1, 0, 0
29500, 229130, 1, 0, 0
30000, 265600, 1, 0, 0
30500, 197440, 1, 0, 0
31000, 196928, 1, 0, 0
31500, 247872, 1, 0, 0
32000, 194496, 1, 0, 0
32500, 229696, 1, 0, 0
33000, 219648, 1, 0, 0
33500, 213440, 1, 0, 0
34000, 222336, 1, 0, 0
34500, 250688, 1, 0, 0
35000, 238208, 1, 0, 0
35500, 224640, 1, 0, 0
36000, 215936, 1, 0, 0
36500, 243200, 1, 0, 0
37000, 242112, 1, 0, 0
37500, 269440, 1, 0, 0
38000, 229376, 1, 0, 0
38500, 229312, 1, 0, 0
39000, 244800, 1, 0, 0
39500, 238784, 1, 0, 0
40000, 252288, 1, 0, 0
40500, 256896, 1, 0, 0
41000, 291328, 1, 0, 0
41500, 302528, 1, 0, 0
42000, 286400, 1, 0, 0
42500, 280448, 1, 0, 0
43000, 310976, 1, 0, 0
43500, 299904, 1, 0, 0
44000, 319807, 1, 0, 0
44500, 318336, 1, 0, 0
45000, 361664, 1, 0, 0
45500, 403712, 1, 0, 0
46000, 380608, 1, 0, 0
46500, 396864, 1, 0, 0
47000, 411712, 1, 0, 0
47500, 469376, 1, 0, 0
48000, 524864, 1, 0, 0
48500, 589504, 1, 0, 0
49000, 672256, 1, 0, 0
49500, 826240, 1, 0, 0
50000, 1801088, 1, 0, 0
50500, 586496, 1, 0, 0
51000, 131456, 1, 0, 0
51500, 140096, 1, 0, 0
52000, 132736, 1, 0, 0
52500, 150784, 1, 0, 0
53000, 148672, 1, 0, 0
53500, 160512, 1, 0, 0
54000, 159360, 1, 0, 0
54500, 155712, 1, 0, 0
55000, 163648, 1, 0, 0
55500, 189888, 1, 0, 0
56000, 173376, 1, 0, 0
56500, 187392, 1, 0, 0
57000, 191872, 1, 0, 0
57500, 184512, 1, 0, 0
58000, 194624, 1, 0, 0
58500, 171456, 1, 0, 0
59000, 193216, 1, 0, 0
59500, 179751, 1, 0, 0
60000, 172128, 1, 0, 0
