500, 137052, 1, 0, 0
1000, 136506, 1, 0, 0
1500, 136872, 1, 0, 0
2000, 136490, 1, 0, 0
2500, 137126, 1, 0, 0
3000, 136980, 1, 0, 0
3500, 137370, 1, 0, 0
4000, 137740, 1, 0, 0
4501, 136778, 1, 0, 0
5000, 136533, 1, 0, 0
5500, 137488, 1, 0, 0
6000, 57884, 1, 0, 0
6500, 8492, 1, 0, 0
7000, 8740, 1, 0, 0
7500, 8892, 1, 0, 0
8000, 8844, 1, 0, 0
8500, 8780, 1, 0, 0
9000, 9244, 1, 0, 0
9500, 9632, 1, 0, 0
10000, 10452, 1, 0, 0
10500, 9868, 1, 0, 0
11000, 10792, 1, 0, 0
11500, 10768, 1, 0, 0
12000, 10460, 1, 0, 0
12500, 12036, 1, 0, 0
13000, 10088, 1, 0, 0
13500, 11016, 1, 0, 0
14000, 10688, 1, 0, 0
14500, 10504, 1, 0, 0
15000, 10988, 1, 0, 0
15500, 9983, 1, 0, 0
16000, 10708, 1, 0, 0
16500, 11352, 1, 0, 0
17000, 12016, 1, 0, 0
17500, 10836, 1, 0, 0
18000, 10228, 1, 0, 0
18500, 11896, 1, 0, 0
19000, 11580, 1, 0, 0
19500, 11216, 1, 0, 0
20000, 12268, 1, 0, 0
20500, 13584, 1, 0, 0
21000, 12136, 1, 0, 0
21500, 12824, 1, 0, 0
22000, 12016, 1, 0, 0
22500, 12868, 1, 0, 0
23000, 12704, 1, 0, 0
23500, 11216, 1, 0, 0
24000, 12348, 1, 0, 0
24500, 13252, 1, 0, 0
25000, 13796, 1, 0, 0
25500, 12132, 1, 0, 0
26000, 12608, 1, 0, 0
26500, 13676, 1, 0, 0
27000, 12804, 1, 0, 0
27500, 12340, 1, 0, 0
28000, 12592, 1, 0, 0
28500, 14008, 1, 0, 0
29000, 12852, 1, 0, 0
29500, 14320, 1, 0, 0
30000, 16600, 1, 0, 0
30500, 12340, 1, 0, 0
31000, 12308, 1, 0, 0
31500, 15492, 1, 0, 0
32000, 12156, 1, 0, 0
32500, 14356, 1, 0, 0
33000, 13728, 1, 0, 0
33500, 13340, 1, 0, 0
34000, 13896, 1, 0, 0
34500, 15668, 1, 0, 0
35000, 14888, 1, 0, 0
35500, 14040, 1, 0, 0
36000, 13496, 1, 0, 0
36500, 15200, 1, 0, 0
37000, 15132, 1, 0, 0
37500, 16840, 1, 0, 0
38000, 14336, 1, 0, 0
38500, 14332, 1, 0, 0
39000, 15300, 1, 0, 0
39500, 14924, 1, 0, 0
40000, 15768, 1, 0, 0
40500, 16056, 1, 0, 0
41000, 18208, 1, 0, 0
41500, 18908, 1, 0, 0
42000, 17900, 1, 0, 0
42500, 17528, 1, 0, 0
43000, 19436, 1, 0, 0
43500, 18744, 1, 0, 0
44000, 19987, 1, 0, 0
44500, 19896, 1, 0, 0
45000, 22604, 1, 0, 0
45500, 25232, 1, 0, 0
46000, 23788, 1, 0, 0
46500, 24804, 1, 0, 0
47000, 25732, 1, 0, 0
47500, 29336, 1, 0, 0
48000, 32804, 1, 0, 0
48500, 36844, 1, 0, 0
49000, 42016, 1, 0, 0
49500, 51640, 1, 0, 0
50000, 112568, 1, 0, 0
50500, 36656, 1, 0, 0
51000, 8216, 1, 0, 0
51500, 8756, 1, 0, 0
52000, 8296, 1, 0, 0
52500, 9424, 1, 0, 0
53000, 9292, 1, 0, 0
53500, 10032, 1, 0, 0
54000, 9960, 1, 0, 0
54500, 9732, 1, 0, 0
55000, 10228, 1, 0, 0
55500, 11868, 1, 0, 0
56000, 10836, 1, 0, 0
56500, 11712, 1, 0, 0
57000, 11992, 1, 0, 0
57500, 11532, 1, 0, 0
58000, 12164, 1, 0, 0
58500, 10716, 1, 0, 0
59000, 12076, 1, 0, 0
59500, 11234, 1, 0, 0
60000, 10758, 1, 0, 0
