500, 445648, 1, 0, 0
1000, 446006, 1, 0, 0
1500, 446008, 1, 0, 0
2000, 446002, 1, 0, 0
2500, 446000, 1, 0, 0
3000, 446004, 1, 0, 0
3500, 446003, 1, 0, 0
4000, 446004, 1, 0, 0
4500, 445995, 1, 0, 0
5000, 446006, 1, 0, 0
5500, 446373, 1, 0, 0
6000, 445967, 1, 0, 0
6500, 445971, 1, 0, 0
7000, 445961, 1, 0, 0
7500, 445970, 1, 0, 0
8000, 445970, 1, 0, 0
8500, 445980, 1, 0, 0
9000, 445970, 1, 0, 0
9500, 445980, 1, 0, 0
10000, 445970, 1, 0, 0
10500, 446707, 1, 0, 0
11000, 445967, 1, 0, 0
11500, 445963, 1, 0, 0
12000, 445975, 1, 0, 0
12500, 445986, 1, 0, 0
13000, 445974, 1, 0, 0
13500, 445973, 1, 0, 0
14000, 445970, 1, 0, 0
14500, 445966, 1, 0, 0
15000, 445957, 1, 0, 0
15500, 446867, 1, 0, 0
16000, 445965, 1, 0, 0
16500, 445984, 1, 0, 0
17000, 445973, 1, 0, 0
17500, 445973, 1, 0, 0
18000, 445977, 1, 0, 0
18500, 445967, 1, 0, 0
19000, 445967, 1, 0, 0
19500, 445970, 1, 0, 0
20000, 445973, 1, 0, 0
20500, 445963, 1, 0, 0
21000, 446677, 1, 0, 0
21500, 445986, 1, 0, 0
22000, 445989, 1, 0, 0
22500, 445990, 1, 0, 0
23000, 445983, 1, 0, 0
23500, 445969, 1, 0, 0
24000, 445971, 1, 0, 0
24500, 445991, 1, 0, 0
25000, 445918, 1, 0, 0
25500, 445974, 1, 0, 0
26000, 446742, 1, 0, 0
26500, 445954, 1, 0, 0
27000, 445952, 1, 0, 0
27500, 445949, 1, 0, 0
28000, 445952, 1, 0, 0
28500, 445951, 1, 0, 0
29000, 445952, 1, 0, 0
29500, 445973, 1, 0, 0
30000, 445976, 1, 0, 0
30500, 445975, 1, 0, 0
31000, 447379, 1, 0, 0
31500, 445977, 1, 0, 0
32000, 445969, 1, 0, 0
32500, 445974, 1, 0, 0
33000, 445969, 1, 0, 0
33500, 445973, 1, 0, 0
34000, 445969, 1, 0, 0
34500, 445965, 1, 0, 0
35000, 445979, 1, 0, 0
35500, 445972, 1, 0, 0
36000, 445969, 1, 0, 0
36500, 446383, 1, 0, 0
37000, 445949, 1, 0, 0
37500, 445953, 1, 0, 0
38000, 445963, 1, 0, 0
38500, 445956, 1, 0, 0
39000, 445965, 1, 0, 0
39500, 445967, 1, 0, 0
40000, 445961, 1, 0, 0
40500, 445969, 1, 0, 0
41000, 445961, 1, 0, 0
41500, 446849, 1, 0, 0
42000, 445966, 1, 0, 0
42500, 445958, 1, 0, 0
43000, 445965, 1, 0, 0
43500, 445977, 1, 0, 0
44000, 445960, 1, 0, 0
44500, 445950, 1, 0, 0
45000, 445966, 1, 0, 0
45500, 445979, 1, 0, 0
46000, 445972, 1, 0, 0
46500, 446852, 1, 0, 0
47000, 445958, 1, 0, 0
47500, 445978, 1, 0, 0
48000, 445964, 1, 0, 0
48500, 445968, 1, 0, 0
49000, 445967, 1, 0, 0
49500, 445987, 1, 0, 0
50000, 445986, 1, 0, 0
50500, 445967, 1, 0, 0
51000, 445977, 1, 0, 0
51500, 446739, 1, 0, 0
52000, 446000, 1, 0, 0
52500, 446000, 1, 0, 0
53000, 445999, 1, 0, 0
53500, 446002, 1, 0, 0
54000, 446004, 1, 0, 0
54500, 445999, 1, 0, 0
55000, 445996, 1, 0, 0
55500, 445995, 1, 0, 0
56000, 445992, 1, 0, 0
56500, 445997, 1, 0, 0
57000, 446712, 1, 0, 0
57500, 445973, 1, 0, 0
58000, 445969, 1, 0, 0
58500, 445981, 1, 0, 0
59000, 445971, 1, 0, 0
59500, 445961, 1, 0, 0
60000, 445960, 1, 0, 0
60000, 637114, 1, 0, 0
