500, 447289, 1, 0, 0
1000, 447645, 1, 0, 0
1500, 447646, 1, 0, 0
2000, 447645, 1, 0, 0
2500, 447645, 1, 0, 0
3000, 447645, 1, 0, 0
3500, 447646, 1, 0, 0
4000, 447645, 1, 0, 0
4500, 447644, 1, 0, 0
5000, 447646, 1, 0, 0
5500, 448066, 1, 0, 0
6000, 447643, 1, 0, 0
6500, 447644, 1, 0, 0
7000, 447644, 1, 0, 0
7500, 447645, 1, 0, 0
8000, 447645, 1, 0, 0
8500, 447645, 1, 0, 0
9000, 447645, 1, 0, 0
9500, 447645, 1, 0, 0
10000, 447643, 1, 0, 0
10500, 448490, 1, 0, 0
11000, 447644, 1, 0, 0
11500, 447645, 1, 0, 0
12000, 447645, 1, 0, 0
12500, 447645, 1, 0, 0
13000, 447646, 1, 0, 0
13500, 447645, 1, 0, 0
14000, 447646, 1, 0, 0
14500, 447646, 1, 0, 0
15000, 447645, 1, 0, 0
15500, 448564, 1, 0, 0
16000, 447645, 1, 0, 0
16500, 447645, 1, 0, 0
17000, 447643, 1, 0, 0
17500, 447645, 1, 0, 0
18000, 447645, 1, 0, 0
18500, 447645, 1, 0, 0
19000, 447646, 1, 0, 0
19500, 447645, 1, 0, 0
20000, 447645, 1, 0, 0
20500, 447644, 1, 0, 0
21000, 448376, 1, 0, 0
21500, 447649, 1, 0, 0
22000, 447650, 1, 0, 0
22500, 447651, 1, 0, 0
23000, 447650, 1, 0, 0
23500, 447650, 1, 0, 0
24000, 447650, 1, 0, 0
24500, 447650, 1, 0, 0
25000, 447651, 1, 0, 0
25500, 447650, 1, 0, 0
26000, 448437, 1, 0, 0
26500, 447645, 1, 0, 0
27000, 447645, 1, 0, 0
27500, 447646, 1, 0, 0
28000, 447646, 1, 0, 0
28500, 447647, 1, 0, 0
29000, 447646, 1, 0, 0
29500, 447646, 1, 0, 0
30000, 447646, 1, 0, 0
30500, 447645, 1, 0, 0
31000, 449135, 1, 0, 0
31500, 447643, 1, 0, 0
32000, 447642, 1, 0, 0
32500, 447643, 1, 0, 0
33000, 447641, 1, 0, 0
33500, 447643, 1, 0, 0
34000, 447643, 1, 0, 0
34500, 447643, 1, 0, 0
35000, 447644, 1, 0, 0
35500, 447643, 1, 0, 0
36000, 447643, 1, 0, 0
36500, 448075, 1, 0, 0
37000, 447644, 1, 0, 0
37500, 447644, 1, 0, 0
38000, 447644, 1, 0, 0
38500, 447644, 1, 0, 0
39000, 447644, 1, 0, 0
39500, 447644, 1, 0, 0
40000, 447644, 1, 0, 0
40500, 447642, 1, 0, 0
41000, 447644, 1, 0, 0
41500, 448542, 1, 0, 0
42000, 447646, 1, 0, 0
42500, 447646, 1, 0, 0
43000, 447646, 1, 0, 0
43500, 447647, 1, 0, 0
44000, 447646, 1, 0, 0
44500, 447645, 1, 0, 0
45000, 447646, 1, 0, 0
45500, 447646, 1, 0, 0
46000, 447646, 1, 0, 0
46500, 448542, 1, 0, 0
47000, 447645, 1, 0, 0
47500, 447645, 1, 0, 0
48000, 447645, 1, 0, 0
48500, 447645, 1, 0, 0
49000, 447644, 1, 0, 0
49500, 447644, 1, 0, 0
50000, 447645, 1, 0, 0
50500, 447645, 1, 0, 0
51000, 447645, 1, 0, 0
51500, 448434, 1, 0, 0
52000, 447648, 1, 0, 0
52500, 447648, 1, 0, 0
53000, 447648, 1, 0, 0
53500, 447648, 1, 0, 0
54000, 447649, 1, 0, 0
54500, 447650, 1, 0, 0
55000, 447649, 1, 0, 0
55500, 447649, 1, 0, 0
56000, 447647, 1, 0, 0
56500, 447650, 1, 0, 0
57000, 448412, 1, 0, 0
57500, 447644, 1, 0, 0
58000, 447645, 1, 0, 0
58500, 447646, 1, 0, 0
59000, 447645, 1, 0, 0
59500, 447645, 1, 0, 0
60000, 447645, 1, 0, 0
60000, 638794, 1, 0, 0
