[85095.005071] KSC2026-MARK map16k_bs32k_r2 insmod 1791460857670812149
[85095.018388] NVMeVirt: Version 1.10 for >> Samsung 970 Pro SSD <<
[85095.018400] NVMeVirt: Storage: 0x300100000-0x600000000 (12287 MiB)
[85095.029261] NVMeVirt: Total Capacity(GiB,MiB)=3,3072 chs=2 luns=4 lines=384 blk-size(MiB,KiB)=2,2048 line-size(MiB,KiB)=8,8192
[85095.029266] NVMeVirt: KSC2026: mapping unit=16384 B, flash page=32768 B, oneshot page=32768 B, pgs_per_blk=128, blks_per_pl=384, write buffer=1048576 B
[85095.035032] NVMeVirt: [chmodel_init] bandwidth 800 max_credits 26 tx_time 152
[85095.038460] NVMeVirt: [chmodel_init] bandwidth 800 max_credits 26 tx_time 152
[85095.038471] NVMeVirt: [chmodel_init] bandwidth 3360 max_credits 110 tx_time 36
[85095.038831] NVMeVirt: pqueue: Copyright (c) 2014, Volkan Yazıcı <volkan.yazici@gmail.com>. All rights reserved.
[85095.038833] NVMeVirt: Init FTL instance with 2 channels (196608 pages)
[85095.041907] NVMeVirt: [chmodel_init] bandwidth 800 max_credits 26 tx_time 152
[85095.044994] NVMeVirt: [chmodel_init] bandwidth 800 max_credits 26 tx_time 152
[85095.045004] NVMeVirt: [chmodel_init] bandwidth 3360 max_credits 110 tx_time 36
[85095.045336] NVMeVirt: Init FTL instance with 2 channels (196608 pages)
[85095.048428] NVMeVirt: [chmodel_init] bandwidth 800 max_credits 26 tx_time 152
[85095.051470] NVMeVirt: [chmodel_init] bandwidth 800 max_credits 26 tx_time 152
[85095.051481] NVMeVirt: [chmodel_init] bandwidth 3360 max_credits 110 tx_time 36
[85095.051830] NVMeVirt: Init FTL instance with 2 channels (196608 pages)
[85095.054884] NVMeVirt: [chmodel_init] bandwidth 800 max_credits 26 tx_time 152
[85095.057948] NVMeVirt: [chmodel_init] bandwidth 800 max_credits 26 tx_time 152
[85095.057959] NVMeVirt: [chmodel_init] bandwidth 3360 max_credits 110 tx_time 36
[85095.058286] NVMeVirt: Init FTL instance with 2 channels (196608 pages)
[85095.058289] NVMeVirt: FTL physical space: 12883853312, logical space: 12040984403 (physical/logical * 100 = 107)
[85095.058290] NVMeVirt: KSC2026: WBUF_FIX=1 GC_STATS=1
[85095.058290] NVMeVirt: KSC2026: WBUF_MERGE=1 (one open mapping unit per partition merges writes smaller than 16384 B)
[85095.058291] NVMeVirt: ns 0/1: size 11483 MiB
[85095.058322] PCI host bridge to bus 0001:10
[85095.058323] pci_bus 0001:10: root bus resource [io  0x0000-0xffff]
[85095.058325] pci_bus 0001:10: root bus resource [mem 0x00000000-0x3fffffffffff]
[85095.058326] pci_bus 0001:10: root bus resource [bus 00-ff]
[85095.058332] pci 0001:10:00.0: [0c51:0110] type 00 class 0x010802 PCIe Endpoint
[85095.058334] pci 0001:10:00.0: BAR 0 [mem 0x300000000-0x300003fff 64bit]
[85095.058336] pci 0001:10:00.0: enabling Extended Tags
[85095.058434] NVMeVirt: Virtual PCI bus created (node 0)
[85095.058942] NVMeVirt: nvmev_io_worker_0 started on cpu 4 (node 0)
[85095.059112] NVMeVirt: nvmev_io_worker_1 started on cpu 5 (node 0)
[85095.059124] NVMeVirt: nvmev_dispatcher started on cpu 3 (node 0)
[85095.059843] nvme nvme1: pci function 0001:10:00.0
[85095.061724] nvme nvme1: 1/0/0 default/read/poll queues
[85095.064658] NVMeVirt: Virtual NVMe device created
[85101.104536] KSC2026-MARK map16k_bs32k_r2 fio-start 1791460863782979676
[85106.797535] NVMeVirt: KSC2026: first GC part=0 victim line=0 vpc=0 ipc=512 free_lines=2 host_pgs=194560
[85106.797542] NVMeVirt: KSC2026: first GC part=1 victim line=0 vpc=0 ipc=512 free_lines=2 host_pgs=194560
[85106.797568] NVMeVirt: KSC2026: first GC part=2 victim line=0 vpc=0 ipc=512 free_lines=2 host_pgs=194560
[85106.797573] NVMeVirt: KSC2026: first GC part=3 victim line=0 vpc=0 ipc=512 free_lines=2 host_pgs=194560
[85162.139251] KSC2026-MARK map16k_bs32k_r2 fio-end
[85162.144148] KSC2026-MARK map16k_bs32k_r2 rmmod 1791460924826177480
[85162.199768] pci_bus 0001:10: busn_res: [bus 10-ff] is released
[85162.200055] NVMeVirt: KSC2026: stats part=0 host_pgs=2143240 gc_pgs=0 gc_cnt=3807 free_lines=3
[85162.200057] NVMeVirt: KSC2026: stats part=1 host_pgs=2143240 gc_pgs=0 gc_cnt=3807 free_lines=3
[85162.200058] NVMeVirt: KSC2026: stats part=2 host_pgs=2143228 gc_pgs=0 gc_cnt=3806 free_lines=3
[85162.200058] NVMeVirt: KSC2026: stats part=3 host_pgs=2143228 gc_pgs=0 gc_cnt=3806 free_lines=3
[85162.200059] NVMeVirt: KSC2026: merge part=0 open=0 merge=0 full=0 evict=0 direct=2143240 still_open=0
[85162.200060] NVMeVirt: KSC2026: merge part=1 open=0 merge=0 full=0 evict=0 direct=2143240 still_open=0
[85162.200060] NVMeVirt: KSC2026: merge part=2 open=0 merge=0 full=0 evict=0 direct=2143228 still_open=0
[85162.200061] NVMeVirt: KSC2026: merge part=3 open=0 merge=0 full=0 evict=0 direct=2143228 still_open=0
[85162.227521] NVMeVirt: Virtual NVMe device closed
