500, 222367, 1, 0, 0
1000, 222503, 1, 0, 0
1500, 222509, 1, 0, 0
2000, 222504, 1, 0, 0
2500, 222515, 1, 0, 0
3000, 222509, 1, 0, 0
3500, 222515, 1, 0, 0
4000, 222511, 1, 0, 0
4500, 222506, 1, 0, 0
5000, 222507, 1, 0, 0
5500, 222711, 1, 0, 0
6000, 222460, 1, 0, 0
6500, 222459, 1, 0, 0
7000, 222466, 1, 0, 0
7500, 222467, 1, 0, 0
8000, 222463, 1, 0, 0
8500, 222461, 1, 0, 0
9000, 222461, 1, 0, 0
9500, 222464, 1, 0, 0
10000, 222455, 1, 0, 0
10500, 223127, 1, 0, 0
11000, 222458, 1, 0, 0
11500, 222465, 1, 0, 0
12000, 222456, 1, 0, 0
12500, 222426, 1, 0, 0
13000, 222564, 1, 0, 0
13500, 222653, 1, 0, 0
14000, 222478, 1, 0, 0
14500, 222477, 1, 0, 0
15000, 222472, 1, 0, 0
15500, 222665, 1, 0, 0
16000, 222478, 1, 0, 0
16500, 222470, 1, 0, 0
17000, 222478, 1, 0, 0
17500, 222477, 1, 0, 0
18000, 222481, 1, 0, 0
18500, 222480, 1, 0, 0
19000, 222480, 1, 0, 0
19500, 222479, 1, 0, 0
20000, 222479, 1, 0, 0
20500, 222476, 1, 0, 0
21000, 222984, 1, 0, 0
21500, 222454, 1, 0, 0
22000, 222457, 1, 0, 0
22500, 222457, 1, 0, 0
23000, 222455, 1, 0, 0
23500, 222454, 1, 0, 0
24000, 222458, 1, 0, 0
24500, 222460, 1, 0, 0
25000, 222459, 1, 0, 0
25500, 222456, 1, 0, 0
26000, 222984, 1, 0, 0
26500, 222463, 1, 0, 0
27000, 222461, 1, 0, 0
27500, 222461, 1, 0, 0
28000, 222465, 1, 0, 0
28500, 222461, 1, 0, 0
29000, 222460, 1, 0, 0
29500, 222462, 1, 0, 0
30000, 222474, 1, 0, 0
30500, 222470, 1, 0, 0
31000, 222831, 1, 0, 0
31500, 222433, 1, 0, 0
32000, 222437, 1, 0, 0
32500, 222442, 1, 0, 0
33000, 222446, 1, 0, 0
33500, 222448, 1, 0, 0
34000, 222450, 1, 0, 0
34500, 222450, 1, 0, 0
35000, 222449, 1, 0, 0
35500, 222449, 1, 0, 0
36000, 222446, 1, 0, 0
36500, 222792, 1, 0, 0
37000, 222458, 1, 0, 0
37500, 222452, 1, 0, 0
38000, 222458, 1, 0, 0
38500, 222464, 1, 0, 0
39000, 222456, 1, 0, 0
39500, 222455, 1, 0, 0
40000, 222454, 1, 0, 0
40500, 222453, 1, 0, 0
41000, 222422, 1, 0, 0
41500, 223181, 1, 0, 0
42000, 222663, 1, 0, 0
42500, 222446, 1, 0, 0
43000, 222453, 1, 0, 0
43500, 222456, 1, 0, 0
44000, 222460, 1, 0, 0
44500, 222450, 1, 0, 0
45000, 222452, 1, 0, 0
45500, 222454, 1, 0, 0
46000, 222455, 1, 0, 0
46500, 222827, 1, 0, 0
47000, 222452, 1, 0, 0
47500, 222453, 1, 0, 0
48000, 222452, 1, 0, 0
48500, 222453, 1, 0, 0
49000, 222460, 1, 0, 0
49500, 222457, 1, 0, 0
50000, 222454, 1, 0, 0
50500, 222454, 1, 0, 0
51000, 222938, 1, 0, 0
51500, 222663, 1, 0, 0
52000, 222462, 1, 0, 0
52500, 222462, 1, 0, 0
53000, 222460, 1, 0, 0
53500, 222459, 1, 0, 0
54000, 222461, 1, 0, 0
54500, 222459, 1, 0, 0
55000, 222458, 1, 0, 0
55500, 222456, 1, 0, 0
56000, 222454, 1, 0, 0
56500, 222451, 1, 0, 0
57000, 222887, 1, 0, 0
57500, 222446, 1, 0, 0
58000, 222419, 1, 0, 0
58500, 222396, 1, 0, 0
59000, 222591, 1, 0, 0
59500, 222478, 1, 0, 0
60000, 222471, 1, 0, 0
60000, 342247, 1, 0, 0
