[83124.139938] KSC2026-MARK map16k_bs16k_r1 insmod 1791458886795831793
[83124.159970] NVMeVirt: Version 1.10 for >> Samsung 970 Pro SSD <<
[83124.159989] NVMeVirt: Storage: 0x300100000-0x600000000 (12287 MiB)
[83124.173162] NVMeVirt: Total Capacity(GiB,MiB)=3,3072 chs=2 luns=4 lines=384 blk-size(MiB,KiB)=2,2048 line-size(MiB,KiB)=8,8192
[83124.173166] NVMeVirt: KSC2026: mapping unit=16384 B, flash page=32768 B, oneshot page=32768 B, pgs_per_blk=128, blks_per_pl=384, write buffer=1048576 B
[83124.177945] NVMeVirt: [chmodel_init] bandwidth 800 max_credits 26 tx_time 152
[83124.181079] NVMeVirt: [chmodel_init] bandwidth 800 max_credits 26 tx_time 152
[83124.181091] NVMeVirt: [chmodel_init] bandwidth 3360 max_credits 110 tx_time 36
[83124.181447] NVMeVirt: pqueue: Copyright (c) 2014, Volkan Yazıcı <volkan.yazici@gmail.com>. All rights reserved.
[83124.181448] NVMeVirt: Init FTL instance with 2 channels (196608 pages)
[83124.184508] NVMeVirt: [chmodel_init] bandwidth 800 max_credits 26 tx_time 152
[83124.187602] NVMeVirt: [chmodel_init] bandwidth 800 max_credits 26 tx_time 152
[83124.187613] NVMeVirt: [chmodel_init] bandwidth 3360 max_credits 110 tx_time 36
[83124.187944] NVMeVirt: Init FTL instance with 2 channels (196608 pages)
[83124.191038] NVMeVirt: [chmodel_init] bandwidth 800 max_credits 26 tx_time 152
[83124.194090] NVMeVirt: [chmodel_init] bandwidth 800 max_credits 26 tx_time 152
[83124.194100] NVMeVirt: [chmodel_init] bandwidth 3360 max_credits 110 tx_time 36
[83124.194443] NVMeVirt: Init FTL instance with 2 channels (196608 pages)
[83124.197513] NVMeVirt: [chmodel_init] bandwidth 800 max_credits 26 tx_time 152
[83124.200571] NVMeVirt: [chmodel_init] bandwidth 800 max_credits 26 tx_time 152
[83124.200581] NVMeVirt: [chmodel_init] bandwidth 3360 max_credits 110 tx_time 36
[83124.200916] NVMeVirt: Init FTL instance with 2 channels (196608 pages)
[83124.200919] NVMeVirt: FTL physical space: 12883853312, logical space: 12040984403 (physical/logical * 100 = 107)
[83124.200920] NVMeVirt: KSC2026: WBUF_FIX=1 GC_STATS=1
[83124.200920] NVMeVirt: ns 0/1: size 11483 MiB
[83124.200950] PCI host bridge to bus 0001:10
[83124.200951] pci_bus 0001:10: root bus resource [io  0x0000-0xffff]
[83124.200953] pci_bus 0001:10: root bus resource [mem 0x00000000-0x3fffffffffff]
[83124.200954] pci_bus 0001:10: root bus resource [bus 00-ff]
[83124.200959] pci 0001:10:00.0: [0c51:0110] type 00 class 0x010802 PCIe Endpoint
[83124.200962] pci 0001:10:00.0: BAR 0 [mem 0x300000000-0x300003fff 64bit]
[83124.200963] pci 0001:10:00.0: enabling Extended Tags
[83124.201062] NVMeVirt: Virtual PCI bus created (node 0)
[83124.202298] NVMeVirt: nvmev_io_worker_0 started on cpu 4 (node 0)
[83124.202469] NVMeVirt: nvmev_io_worker_1 started on cpu 5 (node 0)
[83124.202484] NVMeVirt: nvmev_dispatcher started on cpu 3 (node 0)
[83124.202557] nvme nvme1: pci function 0001:10:00.0
[83124.206710] nvme nvme1: 1/0/0 default/read/poll queues
[83124.208012] NVMeVirt: Virtual NVMe device created
[83130.244385] KSC2026-MARK map16k_bs16k_r1 fio-start 1791458892912575829
[83135.937258] NVMeVirt: KSC2026: first GC part=0 victim line=0 vpc=0 ipc=512 free_lines=2 host_pgs=194560
[83135.937269] NVMeVirt: KSC2026: first GC part=1 victim line=0 vpc=0 ipc=512 free_lines=2 host_pgs=194560
[83135.937274] NVMeVirt: KSC2026: first GC part=2 victim line=0 vpc=0 ipc=512 free_lines=2 host_pgs=194560
[83135.937287] NVMeVirt: KSC2026: first GC part=3 victim line=0 vpc=0 ipc=512 free_lines=2 host_pgs=194560
[83191.283401] KSC2026-MARK map16k_bs16k_r1 fio-end
[83191.288304] KSC2026-MARK map16k_bs16k_r1 rmmod 1791458953956731448
[83191.377395] pci_bus 0001:10: busn_res: [bus 10-ff] is released
[83191.377424] NVMeVirt: KSC2026: stats part=0 host_pgs=2143220 gc_pgs=0 gc_cnt=3806 free_lines=3
[83191.377426] NVMeVirt: KSC2026: stats part=1 host_pgs=2143220 gc_pgs=0 gc_cnt=3806 free_lines=3
[83191.377426] NVMeVirt: KSC2026: stats part=2 host_pgs=2143220 gc_pgs=0 gc_cnt=3806 free_lines=3
[83191.377427] NVMeVirt: KSC2026: stats part=3 host_pgs=2143208 gc_pgs=0 gc_cnt=3806 free_lines=3
[83191.404989] NVMeVirt: Virtual NVMe device closed
