500, 137014, 1, 0, 0
1000, 136988, 1, 0, 0
1500, 136846, 1, 0, 0
2000, 137172, 1, 0, 0
2500, 137272, 1, 0, 0
3000, 136966, 1, 0, 0
3500, 137336, 1, 0, 0
4000, 137732, 1, 0, 0
4500, 136810, 1, 0, 0
5000, 137058, 1, 0, 0
5500, 137636, 1, 0, 0
6000, 55920, 1, 0, 0
6500, 8284, 1, 0, 0
7000, 9112, 1, 0, 0
7500, 8524, 1, 0, 0
8000, 8924, 1, 0, 0
8500, 9412, 1, 0, 0
9000, 8976, 1, 0, 0
9500, 9548, 1, 0, 0
10000, 9448, 1, 0, 0
10500, 10841, 1, 0, 0
11000, 10516, 1, 0, 0
11500, 10240, 1, 0, 0
12000, 12824, 1, 0, 0
12500, 13064, 1, 0, 0
13000, 10984, 1, 0, 0
13500, 10754, 1, 0, 0
14000, 10762, 1, 0, 0
14500, 12260, 1, 0, 0
15000, 10420, 1, 0, 0
15500, 11732, 1, 0, 0
16000, 11172, 1, 0, 0
16500, 9572, 1, 0, 0
17000, 11424, 1, 0, 0
17500, 10944, 1, 0, 0
18000, 11154, 1, 0, 0
18500, 11166, 1, 0, 0
19000, 12936, 1, 0, 0
19500, 12140, 1, 0, 0
20000, 11908, 1, 0, 0
20500, 11376, 1, 0, 0
21000, 13264, 1, 0, 0
21500, 12852, 1, 0, 0
22000, 11416, 1, 0, 0
22500, 12792, 1, 0, 0
23000, 12360, 1, 0, 0
23500, 11844, 1, 0, 0
24000, 12852, 1, 0, 0
24500, 11748, 1, 0, 0
25000, 12020, 1, 0, 0
25500, 12360, 1, 0, 0
26000, 13544, 1, 0, 0
26500, 12536, 1, 0, 0
27000, 11803, 1, 0, 0
27500, 14152, 1, 0, 0
28000, 12312, 1, 0, 0
28500, 12244, 1, 0, 0
29000, 15660, 1, 0, 0
29500, 12964, 1, 0, 0
30000, 13766, 1, 0, 0
30500, 12354, 1, 0, 0
31000, 13176, 1, 0, 0
31500, 14144, 1, 0, 0
32000, 13212, 1, 0, 0
32500, 16288, 1, 0, 0
33000, 14004, 1, 0, 0
33500, 13956, 1, 0, 0
34000, 13876, 1, 0, 0
34500, 16112, 1, 0, 0
35000, 14264, 1, 0, 0
35500, 14100, 1, 0, 0
36000, 13772, 1, 0, 0
36500, 14136, 1, 0, 0
37000, 16724, 1, 0, 0
37500, 14260, 1, 0, 0
38000, 16072, 1, 0, 0
38500, 15776, 1, 0, 0
39000, 16052, 1, 0, 0
39500, 15096, 1, 0, 0
40000, 15611, 1, 0, 0
40500, 17148, 1, 0, 0
41000, 16776, 1, 0, 0
41500, 16704, 1, 0, 0
42000, 17368, 1, 0, 0
42500, 18056, 1, 0, 0
43000, 18580, 1, 0, 0
43500, 19368, 1, 0, 0
44000, 20588, 1, 0, 0
44500, 20288, 1, 0, 0
45000, 19960, 1, 0, 0
45500, 22396, 1, 0, 0
46000, 22604, 1, 0, 0
46500, 24780, 1, 0, 0
47000, 25476, 1, 0, 0
47500, 27620, 1, 0, 0
48000, 30464, 1, 0, 0
48500, 39132, 1, 0, 0
49000, 45328, 1, 0, 0
49500, 52036, 1, 0, 0
50000, 112850, 1, 0, 0
50500, 37316, 1, 0, 0
51000, 8312, 1, 0, 0
51500, 8308, 1, 0, 0
52000, 8632, 1, 0, 0
52500, 9432, 1, 0, 0
53000, 10068, 1, 0, 0
53500, 9428, 1, 0, 0
54000, 10384, 1, 0, 0
54500, 11216, 1, 0, 0
55000, 10336, 1, 0, 0
55500, 10188, 1, 0, 0
56000, 11552, 1, 0, 0
56500, 11456, 1, 0, 0
57000, 10864, 1, 0, 0
57500, 11540, 1, 0, 0
58000, 11136, 1, 0, 0
58500, 11196, 1, 0, 0
59000, 10872, 1, 0, 0
59500, 10976, 1, 0, 0
