500, 232121, 1, 0, 0
1000, 232145, 1, 0, 0
1500, 232377, 1, 0, 0
2000, 231823, 1, 0, 0
2500, 231648, 1, 0, 0
3000, 232176, 1, 0, 0
3500, 231509, 1, 0, 0
4000, 230894, 1, 0, 0
4500, 232460, 1, 0, 0
5000, 231964, 1, 0, 0
5500, 231056, 1, 0, 0
6014, 567658, 1, 0, 0
6505, 3786900, 1, 0, 0
7016, 3586309, 1, 0, 0
7504, 3655762, 1, 0, 0
8009, 3631492, 1, 0, 0
8500, 3454538, 1, 0, 0
9011, 3530357, 1, 0, 0
9508, 3321515, 1, 0, 0
10000, 3360124, 1, 0, 0
10500, 3023023, 1, 0, 0
11008, 3004012, 1, 0, 0
11512, 3138307, 1, 0, 0
12000, 2515069, 1, 0, 0
12500, 2411812, 1, 0, 0
13000, 2879103, 1, 0, 0
13500, 3054823, 1, 0, 0
14000, 2968464, 1, 0, 0
14500, 2616743, 1, 0, 0
15004, 2995905, 1, 0, 0
15515, 2776462, 1, 0, 0
16009, 2836095, 1, 0, 0
16502, 3286042, 1, 0, 0
17010, 2851021, 1, 0, 0
17513, 2931921, 1, 0, 0
18000, 2815441, 1, 0, 0
18500, 2851788, 1, 0, 0
19012, 2524369, 1, 0, 0
19500, 2659056, 1, 0, 0
20000, 2697473, 1, 0, 0
20500, 2714383, 1, 0, 0
21014, 2468019, 1, 0, 0
21505, 2448962, 1, 0, 0
22003, 2790984, 1, 0, 0
22505, 2517153, 1, 0, 0
23009, 2603284, 1, 0, 0
23509, 2703312, 1, 0, 0
24006, 2473818, 1, 0, 0
24500, 2700037, 1, 0, 0
25008, 2685870, 1, 0, 0
25504, 2566213, 1, 0, 0
26001, 2363220, 1, 0, 0
26512, 2597973, 1, 0, 0
27000, 2681521, 1, 0, 0
27503, 2242867, 1, 0, 0
28011, 2636881, 1, 0, 0
28500, 2638294, 1, 0, 0
29003, 1990403, 1, 0, 0
29509, 2497242, 1, 0, 0
30000, 2354320, 1, 0, 0
30500, 2517860, 1, 0, 0
31003, 2430580, 1, 0, 0
31506, 2277552, 1, 0, 0
32000, 2423321, 1, 0, 0
32500, 1994143, 1, 0, 0
33000, 2282280, 1, 0, 0
33510, 2278696, 1, 0, 0
34005, 2277091, 1, 0, 0
34509, 2013049, 1, 0, 0
35000, 2251151, 1, 0, 0
35500, 2284827, 1, 0, 0
36000, 2246427, 1, 0, 0
36510, 2305490, 1, 0, 0
37007, 1899517, 1, 0, 0
37501, 2226125, 1, 0, 0
38003, 1986558, 1, 0, 0
38500, 2025512, 1, 0, 0
39013, 2033641, 1, 0, 0
39500, 2135299, 1, 0, 0
40011, 2030178, 1, 0, 0
40500, 1872706, 1, 0, 0
41000, 1905860, 1, 0, 0
41510, 1902720, 1, 0, 0
42000, 1812599, 1, 0, 0
42506, 1790748, 1, 0, 0
43000, 1736092, 1, 0, 0
43501, 1616358, 1, 0, 0
44000, 1589711, 1, 0, 0
44507, 1560009, 1, 0, 0
45005, 1601820, 1, 0, 0
45500, 1439182, 1, 0, 0
46001, 1394460, 1, 0, 0
46504, 1295960, 1, 0, 0
47000, 1268064, 1, 0, 0
47500, 1140729, 1, 0, 0
48000, 1058480, 1, 0, 0
48503, 812235, 1, 0, 0
49001, 705274, 1, 0, 0
49500, 614659, 1, 0, 0
50000, 284553, 1, 0, 0
50503, 830513, 1, 0, 0
51011, 3910016, 1, 0, 0
51500, 3763554, 1, 0, 0
52009, 3771060, 1, 0, 0
52500, 3361948, 1, 0, 0
53010, 3205529, 1, 0, 0
53507, 3387860, 1, 0, 0
54012, 3101811, 1, 0, 0
54500, 2886561, 1, 0, 0
55011, 3065749, 1, 0, 0
55501, 3077605, 1, 0, 0
56000, 2752064, 1, 0, 0
56510, 2846788, 1, 0, 0
57011, 2950580, 1, 0, 0
57500, 2714094, 1, 0, 0
58000, 2873471, 1, 0, 0
58503, 2868630, 1, 0, 0
59008, 2973016, 1, 0, 0
59500, 2975077, 1, 0, 0
60000, 2648909, 1, 0, 0
60000, 345602, 1, 0, 0
