500, 2192160, 1, 0, 0
1000, 2191872, 1, 0, 0
1500, 2189536, 1, 0, 0
2000, 2194752, 1, 0, 0
2500, 2196352, 1, 0, 0
3000, 2191456, 1, 0, 0
3500, 2197408, 1, 0, 0
4000, 2203712, 1, 0, 0
4500, 2188960, 1, 0, 0
5000, 2192928, 1, 0, 0
5500, 2202176, 1, 0, 0
6000, 894720, 1, 0, 0
6500, 132544, 1, 0, 0
7000, 145792, 1, 0, 0
7500, 136384, 1, 0, 0
8000, 142784, 1, 0, 0
8500, 150592, 1, 0, 0
9000, 143616, 1, 0, 0
9500, 152768, 1, 0, 0
10000, 151168, 1, 0, 0
10500, 173466, 1, 0, 0
11000, 168256, 1, 0, 0
11500, 163840, 1, 0, 0
12000, 205184, 1, 0, 0
12500, 209024, 1, 0, 0
13000, 175744, 1, 0, 0
13500, 172064, 1, 0, 0
14000, 172192, 1, 0, 0
14500, 196160, 1, 0, 0
15000, 166720, 1, 0, 0
15500, 187712, 1, 0, 0
16000, 178752, 1, 0, 0
16500, 153152, 1, 0, 0
17000, 182784, 1, 0, 0
17500, 175104, 1, 0, 0
18000, 178464, 1, 0, 0
18500, 178656, 1, 0, 0
19000, 206976, 1, 0, 0
19500, 194240, 1, 0, 0
20000, 190528, 1, 0, 0
20500, 182016, 1, 0, 0
21000, 212224, 1, 0, 0
21500, 205632, 1, 0, 0
22000, 182656, 1, 0, 0
22500, 204672, 1, 0, 0
23000, 197760, 1, 0, 0
23500, 189504, 1, 0, 0
24000, 205632, 1, 0, 0
24500, 187968, 1, 0, 0
25000, 192320, 1, 0, 0
25500, 197760, 1, 0, 0
26000, 216704, 1, 0, 0
26500, 200576, 1, 0, 0
27000, 188857, 1, 0, 0
27500, 226432, 1, 0, 0
28000, 196992, 1, 0, 0
28500, 195904, 1, 0, 0
29000, 250560, 1, 0, 0
29500, 207424, 1, 0, 0
30000, 220256, 1, 0, 0
30500, 197664, 1, 0, 0
31000, 210816, 1, 0, 0
31500, 226304, 1, 0, 0
32000, 211392, 1, 0, 0
32500, 260608, 1, 0, 0
33000, 224064, 1, 0, 0
33500, 223296, 1, 0, 0
34000, 222016, 1, 0, 0
34500, 257792, 1, 0, 0
35000, 228224, 1, 0, 0
35500, 225600, 1, 0, 0
36000, 220352, 1, 0, 0
36500, 226176, 1, 0, 0
37000, 267584, 1, 0, 0
37500, 228160, 1, 0, 0
38000, 257152, 1, 0, 0
38500, 252416, 1, 0, 0
39000, 256832, 1, 0, 0
39500, 241536, 1, 0, 0
40000, 249779, 1, 0, 0
40500, 274368, 1, 0, 0
41000, 268416, 1, 0, 0
41500, 267264, 1, 0, 0
42000, 277888, 1, 0, 0
42500, 288896, 1, 0, 0
43000, 297280, 1, 0, 0
43500, 309888, 1, 0, 0
44000, 329408, 1, 0, 0
44500, 324608, 1, 0, 0
45000, 319360, 1, 0, 0
45500, 358336, 1, 0, 0
46000, 361664, 1, 0, 0
46500, 396480, 1, 0, 0
47000, 407616, 1, 0, 0
47500, 441920, 1, 0, 0
48000, 487424, 1, 0, 0
48500, 626112, 1, 0, 0
49000, 725248, 1, 0, 0
49500, 832576, 1, 0, 0
50000, 1805600, 1, 0, 0
50500, 597066, 1, 0, 0
51000, 132992, 1, 0, 0
51500, 132928, 1, 0, 0
52000, 138112, 1, 0, 0
52500, 150912, 1, 0, 0
53000, 161088, 1, 0, 0
53500, 150848, 1, 0, 0
54000, 166144, 1, 0, 0
54500, 179456, 1, 0, 0
55000, 165376, 1, 0, 0
55500, 163008, 1, 0, 0
56000, 184832, 1, 0, 0
56500, 183296, 1, 0, 0
57000, 173824, 1, 0, 0
57500, 184640, 1, 0, 0
58000, 178176, 1, 0, 0
58500, 179136, 1, 0, 0
59000, 173952, 1, 0, 0
59500, 175616, 1, 0, 0
