[62078.270016] KSC2026-MARK map16k_bs16k_r1 insmod 1791437840640343681
[62078.283244] NVMeVirt: Version 1.10 for >> Samsung 970 Pro SSD <<
[62078.283254] NVMeVirt: Storage: 0x300100000-0x600000000 (12287 MiB)
[62078.293642] NVMeVirt: Total Capacity(GiB,MiB)=3,3072 chs=2 luns=4 lines=384 blk-size(MiB,KiB)=2,2048 line-size(MiB,KiB)=8,8192
[62078.293649] NVMeVirt: KSC2026: mapping unit=16384 B, flash page=32768 B, oneshot page=32768 B, pgs_per_blk=128, blks_per_pl=384, write buffer=1048576 B
[62078.299347] NVMeVirt: [chmodel_init] bandwidth 800 max_credits 26 tx_time 152
[62078.302745] NVMeVirt: [chmodel_init] bandwidth 800 max_credits 26 tx_time 152
[62078.302756] NVMeVirt: [chmodel_init] bandwidth 3360 max_credits 110 tx_time 36
[62078.303131] NVMeVirt: pqueue: Copyright (c) 2014, Volkan Yazıcı <volkan.yazici@gmail.com>. All rights reserved.
[62078.303133] NVMeVirt: Init FTL instance with 2 channels (196608 pages)
[62078.306221] NVMeVirt: [chmodel_init] bandwidth 800 max_credits 26 tx_time 152
[62078.309330] NVMeVirt: [chmodel_init] bandwidth 800 max_credits 26 tx_time 152
[62078.309340] NVMeVirt: [chmodel_init] bandwidth 3360 max_credits 110 tx_time 36
[62078.309670] NVMeVirt: Init FTL instance with 2 channels (196608 pages)
[62078.312769] NVMeVirt: [chmodel_init] bandwidth 800 max_credits 26 tx_time 152
[62078.315848] NVMeVirt: [chmodel_init] bandwidth 800 max_credits 26 tx_time 152
[62078.315859] NVMeVirt: [chmodel_init] bandwidth 3360 max_credits 110 tx_time 36
[62078.316190] NVMeVirt: Init FTL instance with 2 channels (196608 pages)
[62078.319286] NVMeVirt: [chmodel_init] bandwidth 800 max_credits 26 tx_time 152
[62078.322342] NVMeVirt: [chmodel_init] bandwidth 800 max_credits 26 tx_time 152
[62078.322352] NVMeVirt: [chmodel_init] bandwidth 3360 max_credits 110 tx_time 36
[62078.322697] NVMeVirt: Init FTL instance with 2 channels (196608 pages)
[62078.322700] NVMeVirt: FTL physical space: 12883853312, logical space: 12040984403 (physical/logical * 100 = 107)
[62078.322701] NVMeVirt: KSC2026: WBUF_FIX=0 GC_STATS=1
[62078.322701] NVMeVirt: ns 0/1: size 11483 MiB
[62078.322734] PCI host bridge to bus 0001:10
[62078.322735] pci_bus 0001:10: root bus resource [io  0x0000-0xffff]
[62078.322737] pci_bus 0001:10: root bus resource [mem 0x00000000-0x3fffffffffff]
[62078.322738] pci_bus 0001:10: root bus resource [bus 00-ff]
[62078.322744] pci 0001:10:00.0: [0c51:0110] type 00 class 0x010802 PCIe Endpoint
[62078.322746] pci 0001:10:00.0: BAR 0 [mem 0x300000000-0x300003fff 64bit]
[62078.322748] pci 0001:10:00.0: enabling Extended Tags
[62078.322846] NVMeVirt: Virtual PCI bus created (node 0)
[62078.323055] NVMeVirt: nvmev_io_worker_0 started on cpu 4 (node 0)
[62078.323200] NVMeVirt: nvmev_io_worker_1 started on cpu 5 (node 0)
[62078.323207] NVMeVirt: nvmev_dispatcher started on cpu 3 (node 0)
[62078.323409] nvme nvme1: pci function 0001:10:00.0
[62078.327044] nvme nvme1: 1/0/0 default/read/poll queues
[62078.329250] NVMeVirt: Virtual NVMe device created
[62084.362734] KSC2026-MARK map16k_bs16k_r1 fio-start 1791437846746470248
[62090.286556] NVMeVirt: KSC2026: first GC part=0 victim line=135 vpc=468 ipc=44 free_lines=2 host_pgs=194560
[62090.287857] NVMeVirt: KSC2026: first GC part=1 victim line=144 vpc=465 ipc=47 free_lines=2 host_pgs=194560
[62090.308127] NVMeVirt: KSC2026: first GC part=2 victim line=218 vpc=466 ipc=46 free_lines=2 host_pgs=194560
[62090.308346] NVMeVirt: KSC2026: first GC part=3 victim line=182 vpc=466 ipc=46 free_lines=2 host_pgs=194560
[62144.651152] KSC2026-MARK map16k_bs16k_r1 fio-end
[62144.655096] KSC2026-MARK map16k_bs16k_r1 rmmod 1791437907039987186
[62144.723993] pci_bus 0001:10: busn_res: [bus 10-ff] is released
[62144.724210] NVMeVirt: KSC2026: stats part=0 host_pgs=404231 gc_pgs=862454 gc_cnt=2093 free_lines=2
[62144.724212] NVMeVirt: KSC2026: stats part=1 host_pgs=404310 gc_pgs=862363 gc_cnt=2093 free_lines=2
[62144.724213] NVMeVirt: KSC2026: stats part=2 host_pgs=404261 gc_pgs=859375 gc_cnt=2087 free_lines=2
[62144.724214] NVMeVirt: KSC2026: stats part=3 host_pgs=403841 gc_pgs=855698 gc_cnt=2079 free_lines=2
[62144.751549] NVMeVirt: Virtual NVMe device closed
