500, 66500, 1, 0, 0
1000, 66708, 1, 0, 0
1500, 66722, 1, 0, 0
2000, 66638, 1, 0, 0
2500, 66604, 1, 0, 0
3000, 66554, 1, 0, 0
3500, 66776, 1, 0, 0
4000, 66596, 1, 0, 0
4500, 66872, 1, 0, 0
5000, 66818, 1, 0, 0
5500, 66854, 1, 0, 0
6000, 54978, 1, 0, 0
6500, 23372, 1, 0, 0
7000, 23070, 1, 0, 0
7500, 21040, 1, 0, 0
8000, 19056, 1, 0, 0
8500, 20680, 1, 0, 0
9000, 17822, 1, 0, 0
9500, 17704, 1, 0, 0
10000, 17332, 1, 0, 0
10500, 15270, 1, 0, 0
11000, 15858, 1, 0, 0
11500, 15294, 1, 0, 0
12000, 14186, 1, 0, 0
12500, 14577, 1, 0, 0
13000, 12788, 1, 0, 0
13500, 14168, 1, 0, 0
14000, 13458, 1, 0, 0
14500, 11928, 1, 0, 0
15000, 12484, 1, 0, 0
15500, 12132, 1, 0, 0
16000, 11194, 1, 0, 0
16500, 11304, 1, 0, 0
17000, 10476, 1, 0, 0
17500, 9968, 1, 0, 0
18000, 10086, 1, 0, 0
18500, 9836, 1, 0, 0
19000, 10186, 1, 0, 0
19500, 9802, 1, 0, 0
20000, 9276, 1, 0, 0
20500, 8598, 1, 0, 0
21000, 9036, 1, 0, 0
21500, 9446, 1, 0, 0
22000, 8780, 1, 0, 0
22500, 9054, 1, 0, 0
23000, 8682, 1, 0, 0
23500, 8796, 1, 0, 0
24000, 8136, 1, 0, 0
24500, 7222, 1, 0, 0
25000, 7652, 1, 0, 0
25500, 7642, 1, 0, 0
26000, 8390, 1, 0, 0
26500, 7666, 1, 0, 0
27000, 8606, 1, 0, 0
27500, 7514, 1, 0, 0
28000, 7670, 1, 0, 0
28500, 7730, 1, 0, 0
29000, 7674, 1, 0, 0
29500, 7050, 1, 0, 0
30000, 6761, 1, 0, 0
30500, 6674, 1, 0, 0
31000, 6728, 1, 0, 0
31500, 6442, 1, 0, 0
32000, 6556, 1, 0, 0
32500, 6556, 1, 0, 0
33000, 6168, 1, 0, 0
33500, 6328, 1, 0, 0
34000, 6798, 1, 0, 0
34500, 6740, 1, 0, 0
35000, 5994, 1, 0, 0
35500, 6180, 1, 0, 0
36000, 5618, 1, 0, 0
36500, 6026, 1, 0, 0
37000, 5732, 1, 0, 0
37500, 6168, 1, 0, 0
38000, 6060, 1, 0, 0
38500, 5366, 1, 0, 0
39000, 5584, 1, 0, 0
39500, 5398, 1, 0, 0
40000, 5258, 1, 0, 0
40500, 5442, 1, 0, 0
41000, 5304, 1, 0, 0
41500, 5200, 1, 0, 0
42000, 5032, 1, 0, 0
42500, 5320, 1, 0, 0
43000, 5252, 1, 0, 0
43500, 5068, 1, 0, 0
44000, 5324, 1, 0, 0
44500, 5016, 1, 0, 0
45000, 5208, 1, 0, 0
45500, 5380, 1, 0, 0
46000, 5392, 1, 0, 0
46500, 5436, 1, 0, 0
47000, 5266, 1, 0, 0
47500, 5088, 1, 0, 0
48000, 5248, 1, 0, 0
48500, 5364, 1, 0, 0
49000, 5600, 1, 0, 0
49500, 5354, 1, 0, 0
50000, 5426, 1, 0, 0
50500, 5138, 1, 0, 0
51000, 5714, 1, 0, 0
51500, 5276, 1, 0, 0
52000, 5192, 1, 0, 0
52500, 5178, 1, 0, 0
53000, 5520, 1, 0, 0
53500, 5104, 1, 0, 0
54000, 5400, 1, 0, 0
54500, 5250, 1, 0, 0
55000, 4952, 1, 0, 0
55500, 5114, 1, 0, 0
56000, 5410, 1, 0, 0
56500, 5038, 1, 0, 0
57000, 5450, 1, 0, 0
57500, 5238, 1, 0, 0
58000, 5106, 1, 0, 0
58500, 5204, 1, 0, 0
59000, 5458, 1, 0, 0
59500, 5400, 1, 0, 0
60000, 5592, 1, 0, 0
