500, 480907, 1, 0, 0
1000, 479373, 1, 0, 0
1500, 479566, 1, 0, 0
2000, 480039, 1, 0, 0
2500, 480248, 1, 0, 0
3000, 480563, 1, 0, 0
3500, 478969, 1, 0, 0
4000, 480368, 1, 0, 0
4500, 478296, 1, 0, 0
5000, 478704, 1, 0, 0
5500, 478462, 1, 0, 0
6000, 581752, 1, 0, 0
6504, 1360100, 1, 0, 0
7001, 1381010, 1, 0, 0
7500, 1535245, 1, 0, 0
8003, 1666731, 1, 0, 0
8502, 1539880, 1, 0, 0
9002, 1789950, 1, 0, 0
9503, 1813199, 1, 0, 0
10003, 1843311, 1, 0, 0
10501, 2087903, 1, 0, 0
11001, 2015536, 1, 0, 0
11504, 2102842, 1, 0, 0
12000, 2297442, 1, 0, 0
12500, 2180858, 1, 0, 0
13000, 2459982, 1, 0, 0
13500, 2298317, 1, 0, 0
14005, 2355801, 1, 0, 0
14504, 2668368, 1, 0, 0
15010, 2592322, 1, 0, 0
15505, 2611460, 1, 0, 0
16000, 2895419, 1, 0, 0
16500, 2824726, 1, 0, 0
17006, 3033730, 1, 0, 0
17509, 3220574, 1, 0, 0
18000, 3196296, 1, 0, 0
18507, 3210032, 1, 0, 0
19005, 3137204, 1, 0, 0
19510, 3284854, 1, 0, 0
20000, 3471857, 1, 0, 0
20500, 3726420, 1, 0, 0
21008, 3508458, 1, 0, 0
21509, 3390471, 1, 0, 0
22007, 3644072, 1, 0, 0
22500, 3574645, 1, 0, 0
23009, 3633546, 1, 0, 0
23506, 3631248, 1, 0, 0
24000, 4010459, 1, 0, 0
24502, 4291154, 1, 0, 0
25011, 4263097, 1, 0, 0
25506, 4144441, 1, 0, 0
26000, 3761037, 1, 0, 0
26506, 4212964, 1, 0, 0
27006, 3726264, 1, 0, 0
27500, 4328827, 1, 0, 0
28000, 4178024, 1, 0, 0
28501, 4028207, 1, 0, 0
29008, 4214016, 1, 0, 0
29505, 4520573, 1, 0, 0
30000, 4822036, 1, 0, 0
30500, 4792365, 1, 0, 0
31011, 4738527, 1, 0, 0
31510, 4958553, 1, 0, 0
32001, 4801732, 1, 0, 0
32509, 4955796, 1, 0, 0
33007, 5169660, 1, 0, 0
33500, 5118946, 1, 0, 0
34000, 4713925, 1, 0, 0
34501, 4608167, 1, 0, 0
35007, 5413014, 1, 0, 0
35507, 5155581, 1, 0, 0
36001, 5659094, 1, 0, 0
36503, 5311675, 1, 0, 0
37005, 5610362, 1, 0, 0
37500, 5127496, 1, 0, 0
38009, 5376991, 1, 0, 0
38514, 6021131, 1, 0, 0
39008, 5655573, 1, 0, 0
39500, 6042375, 1, 0, 0
40009, 5986864, 1, 0, 0
40505, 5857962, 1, 0, 0
41002, 5955900, 1, 0, 0
41512, 6288729, 1, 0, 0
42003, 6266943, 1, 0, 0
42501, 5968931, 1, 0, 0
43011, 6248690, 1, 0, 0
43502, 6170842, 1, 0, 0
44015, 6152898, 1, 0, 0
44502, 6259213, 1, 0, 0
45014, 6250403, 1, 0, 0
45508, 5873562, 1, 0, 0
46005, 5911252, 1, 0, 0
46501, 5822932, 1, 0, 0
47012, 6227394, 1, 0, 0
47504, 6179247, 1, 0, 0
48000, 6272193, 1, 0, 0
48512, 5900640, 1, 0, 0
49010, 5698049, 1, 0, 0
49505, 5929092, 1, 0, 0
50015, 5997537, 1, 0, 0
50509, 6172776, 1, 0, 0
51011, 5600821, 1, 0, 0
51508, 6038557, 1, 0, 0
52005, 6120892, 1, 0, 0
52500, 6328056, 1, 0, 0
53000, 5790501, 1, 0, 0
53503, 6109910, 1, 0, 0
54000, 6098720, 1, 0, 0
54512, 6038948, 1, 0, 0
55005, 6377407, 1, 0, 0
55501, 6177765, 1, 0, 0
56013, 6073452, 1, 0, 0
56501, 6209846, 1, 0, 0
57000, 6018607, 1, 0, 0
57510, 6051975, 1, 0, 0
58004, 6192861, 1, 0, 0
58500, 6278201, 1, 0, 0
59012, 5826074, 1, 0, 0
59508, 5875108, 1, 0, 0
60009, 5739093, 1, 0, 0
60011, 17945954, 1, 0, 0
