500, 1233, 1, 0, 0
1000, 1234, 1, 0, 0
1500, 1227, 1, 0, 0
2000, 1233, 1, 0, 0
2500, 1224, 1, 0, 0
3000, 1228, 1, 0, 0
3500, 1218, 1, 0, 0
4000, 1219, 1, 0, 0
4500, 1221, 1, 0, 0
5000, 1220, 1, 0, 0
5500, 1218, 1, 0, 0
6000, 1224, 1, 0, 0
6504, 1222, 1, 0, 0
7001, 1229, 1, 0, 0
7500, 1220, 1, 0, 0
8003, 1229, 1, 0, 0
8502, 1226, 1, 0, 0
9002, 1227, 1, 0, 0
9503, 1231, 1, 0, 0
10003, 1239, 1, 0, 0
10501, 1232, 1, 0, 0
11001, 1230, 1, 0, 0
11504, 1225, 1, 0, 0
12000, 1225, 1, 0, 0
12500, 1229, 1, 0, 0
13000, 1229, 1, 0, 0
13500, 1233, 1, 0, 0
14005, 1230, 1, 0, 0
14504, 1230, 1, 0, 0
15010, 1236, 1, 0, 0
15505, 1230, 1, 0, 0
16000, 1226, 1, 0, 0
16500, 1234, 1, 0, 0
17006, 1231, 1, 0, 0
17509, 1231, 1, 0, 0
18000, 1231, 1, 0, 0
18507, 1233, 1, 0, 0
19005, 1233, 1, 0, 0
19510, 1234, 1, 0, 0
20000, 1237, 1, 0, 0
20500, 1232, 1, 0, 0
21008, 1238, 1, 0, 0
21509, 1228, 1, 0, 0
22007, 1246, 1, 0, 0
22500, 1241, 1, 0, 0
23009, 1237, 1, 0, 0
23506, 1237, 1, 0, 0
24000, 1239, 1, 0, 0
24502, 1243, 1, 0, 0
25011, 1234, 1, 0, 0
25506, 1232, 1, 0, 0
26000, 1235, 1, 0, 0
26506, 1239, 1, 0, 0
27006, 1239, 1, 0, 0
27500, 1238, 1, 0, 0
28000, 1244, 1, 0, 0
28501, 1243, 1, 0, 0
29008, 1240, 1, 0, 0
29505, 1232, 1, 0, 0
30000, 1234, 1, 0, 0
30500, 1237, 1, 0, 0
31011, 1242, 1, 0, 0
31510, 1239, 1, 0, 0
32001, 1237, 1, 0, 0
32509, 1241, 1, 0, 0
33007, 1244, 1, 0, 0
33500, 1238, 1, 0, 0
34000, 1233, 1, 0, 0
34501, 1233, 1, 0, 0
35007, 1234, 1, 0, 0
35507, 1235, 1, 0, 0
36001, 1244, 1, 0, 0
36503, 1235, 1, 0, 0
37005, 1242, 1, 0, 0
37500, 1238, 1, 0, 0
38009, 1241, 1, 0, 0
38514, 1239, 1, 0, 0
39008, 1234, 1, 0, 0
39500, 1233, 1, 0, 0
40009, 1231, 1, 0, 0
40505, 1240, 1, 0, 0
41002, 1233, 1, 0, 0
41512, 1239, 1, 0, 0
42003, 1237, 1, 0, 0
42501, 1239, 1, 0, 0
43011, 1240, 1, 0, 0
43502, 1239, 1, 0, 0
44015, 1239, 1, 0, 0
44502, 1239, 1, 0, 0
45014, 1238, 1, 0, 0
45508, 1239, 1, 0, 0
46005, 1238, 1, 0, 0
46501, 1240, 1, 0, 0
47012, 1234, 1, 0, 0
47504, 1247, 1, 0, 0
48000, 1239, 1, 0, 0
48512, 1237, 1, 0, 0
49010, 1242, 1, 0, 0
49505, 1256, 1, 0, 0
50015, 1241, 1, 0, 0
50509, 1238, 1, 0, 0
51011, 1240, 1, 0, 0
51508, 1235, 1, 0, 0
52005, 1233, 1, 0, 0
52500, 1244, 1, 0, 0
53000, 1236, 1, 0, 0
53503, 1239, 1, 0, 0
54000, 1239, 1, 0, 0
54513, 1241, 1, 0, 0
55005, 1242, 1, 0, 0
55501, 1245, 1, 0, 0
56013, 1232, 1, 0, 0
56501, 1246, 1, 0, 0
57000, 1240, 1, 0, 0
57510, 1237, 1, 0, 0
58004, 1233, 1, 0, 0
58500, 1238, 1, 0, 0
59012, 1251, 1, 0, 0
59508, 1239, 1, 0, 0
60011, 1244, 1, 0, 0
