500, 479675, 1, 0, 0
1000, 478139, 1, 0, 0
1500, 478339, 1, 0, 0
2000, 478806, 1, 0, 0
2500, 479023, 1, 0, 0
3000, 479335, 1, 0, 0
3500, 477751, 1, 0, 0
4000, 479149, 1, 0, 0
4500, 477075, 1, 0, 0
5000, 477484, 1, 0, 0
5500, 477244, 1, 0, 0
6000, 580528, 1, 0, 0
6504, 1358878, 1, 0, 0
7001, 1379780, 1, 0, 0
7500, 1534025, 1, 0, 0
8003, 1665502, 1, 0, 0
8502, 1538654, 1, 0, 0
9002, 1788722, 1, 0, 0
9503, 1811969, 1, 0, 0
10003, 1842072, 1, 0, 0
10501, 2086671, 1, 0, 0
11001, 2014306, 1, 0, 0
11504, 2101617, 1, 0, 0
12000, 2296217, 1, 0, 0
12500, 2179629, 1, 0, 0
13000, 2458753, 1, 0, 0
13500, 2297084, 1, 0, 0
14005, 2354571, 1, 0, 0
14504, 2667138, 1, 0, 0
15010, 2591086, 1, 0, 0
15505, 2610230, 1, 0, 0
16000, 2894193, 1, 0, 0
16500, 2823492, 1, 0, 0
17006, 3032499, 1, 0, 0
17509, 3219343, 1, 0, 0
18000, 3195065, 1, 0, 0
18507, 3208799, 1, 0, 0
19005, 3135971, 1, 0, 0
19510, 3283619, 1, 0, 0
20000, 3470620, 1, 0, 0
20500, 3725187, 1, 0, 0
21008, 3507220, 1, 0, 0
21509, 3389243, 1, 0, 0
22007, 3642826, 1, 0, 0
22500, 3573404, 1, 0, 0
23009, 3632309, 1, 0, 0
23506, 3630011, 1, 0, 0
24000, 4009220, 1, 0, 0
24502, 4289912, 1, 0, 0
25011, 4261862, 1, 0, 0
25506, 4143209, 1, 0, 0
26000, 3759802, 1, 0, 0
26506, 4211725, 1, 0, 0
27006, 3725025, 1, 0, 0
27500, 4327588, 1, 0, 0
28000, 4176781, 1, 0, 0
28501, 4026963, 1, 0, 0
29008, 4212776, 1, 0, 0
29505, 4519341, 1, 0, 0
30000, 4820802, 1, 0, 0
30500, 4791128, 1, 0, 0
31011, 4737285, 1, 0, 0
31510, 4957314, 1, 0, 0
32001, 4800495, 1, 0, 0
32509, 4954555, 1, 0, 0
33007, 5168417, 1, 0, 0
33500, 5117707, 1, 0, 0
34000, 4712693, 1, 0, 0
34501, 4606934, 1, 0, 0
35007, 5411780, 1, 0, 0
35507, 5154346, 1, 0, 0
36001, 5657850, 1, 0, 0
36503, 5310440, 1, 0, 0
37005, 5609120, 1, 0, 0
37500, 5126258, 1, 0, 0
38009, 5375751, 1, 0, 0
38514, 6019892, 1, 0, 0
39008, 5654339, 1, 0, 0
39500, 6041143, 1, 0, 0
40009, 5985633, 1, 0, 0
40505, 5856721, 1, 0, 0
41002, 5954668, 1, 0, 0
41512, 6287490, 1, 0, 0
42003, 6265706, 1, 0, 0
42501, 5967693, 1, 0, 0
43011, 6247450, 1, 0, 0
43502, 6169602, 1, 0, 0
44015, 6151660, 1, 0, 0
44502, 6257974, 1, 0, 0
45014, 6249165, 1, 0, 0
45508, 5872323, 1, 0, 0
46005, 5910013, 1, 0, 0
46501, 5821691, 1, 0, 0
47012, 6226160, 1, 0, 0
47504, 6177999, 1, 0, 0
48000, 6270955, 1, 0, 0
48512, 5899403, 1, 0, 0
49010, 5696807, 1, 0, 0
49505, 5927836, 1, 0, 0
50015, 5996296, 1, 0, 0
50509, 6171538, 1, 0, 0
51011, 5599582, 1, 0, 0
51508, 6037322, 1, 0, 0
52005, 6119658, 1, 0, 0
52500, 6326812, 1, 0, 0
53000, 5789265, 1, 0, 0
53503, 6108671, 1, 0, 0
54000, 6097481, 1, 0, 0
54512, 6037707, 1, 0, 0
55005, 6376165, 1, 0, 0
55501, 6176520, 1, 0, 0
56013, 6072220, 1, 0, 0
56501, 6208599, 1, 0, 0
57000, 6017367, 1, 0, 0
57510, 6050739, 1, 0, 0
58004, 6191628, 1, 0, 0
58500, 6276962, 1, 0, 0
59012, 5824823, 1, 0, 0
59508, 5873869, 1, 0, 0
60009, 5737849, 1, 0, 0
60011, 17944693, 1, 0, 0
