500, 1063936, 1, 0, 0
1000, 1067328, 1, 0, 0
1500, 1067552, 1, 0, 0
2000, 1066208, 1, 0, 0
2500, 1065664, 1, 0, 0
3000, 1064864, 1, 0, 0
3500, 1068416, 1, 0, 0
4000, 1065536, 1, 0, 0
4500, 1069952, 1, 0, 0
5000, 1069088, 1, 0, 0
5500, 1069664, 1, 0, 0
6000, 879648, 1, 0, 0
6500, 373952, 1, 0, 0
7000, 369120, 1, 0, 0
7500, 336640, 1, 0, 0
8000, 304896, 1, 0, 0
8500, 330880, 1, 0, 0
9000, 285152, 1, 0, 0
9500, 283264, 1, 0, 0
10000, 277312, 1, 0, 0
10500, 244320, 1, 0, 0
11000, 253728, 1, 0, 0
11500, 244704, 1, 0, 0
12000, 226976, 1, 0, 0
12500, 233234, 1, 0, 0
13000, 204608, 1, 0, 0
13500, 226688, 1, 0, 0
14000, 215328, 1, 0, 0
14500, 190848, 1, 0, 0
15000, 199744, 1, 0, 0
15500, 194112, 1, 0, 0
16000, 179104, 1, 0, 0
16500, 180864, 1, 0, 0
17000, 167616, 1, 0, 0
17500, 159488, 1, 0, 0
18000, 161376, 1, 0, 0
18500, 157376, 1, 0, 0
19000, 162976, 1, 0, 0
19500, 156832, 1, 0, 0
20000, 148416, 1, 0, 0
20500, 137568, 1, 0, 0
21000, 144576, 1, 0, 0
21500, 151136, 1, 0, 0
22000, 140480, 1, 0, 0
22500, 144864, 1, 0, 0
23000, 138912, 1, 0, 0
23500, 140736, 1, 0, 0
24000, 130176, 1, 0, 0
24500, 115552, 1, 0, 0
25000, 122432, 1, 0, 0
25500, 122272, 1, 0, 0
26000, 134240, 1, 0, 0
26500, 122656, 1, 0, 0
27000, 137696, 1, 0, 0
27500, 120224, 1, 0, 0
28000, 122720, 1, 0, 0
28500, 123680, 1, 0, 0
29000, 122784, 1, 0, 0
29500, 112800, 1, 0, 0
30000, 108184, 1, 0, 0
30500, 106784, 1, 0, 0
31000, 107648, 1, 0, 0
31500, 103072, 1, 0, 0
32000, 104896, 1, 0, 0
32500, 104896, 1, 0, 0
33000, 98688, 1, 0, 0
33500, 101248, 1, 0, 0
34000, 108768, 1, 0, 0
34500, 107840, 1, 0, 0
35000, 95904, 1, 0, 0
35500, 98880, 1, 0, 0
36000, 89888, 1, 0, 0
36500, 96416, 1, 0, 0
37000, 91712, 1, 0, 0
37500, 98688, 1, 0, 0
38000, 96960, 1, 0, 0
38500, 85856, 1, 0, 0
39000, 89344, 1, 0, 0
39500, 86368, 1, 0, 0
40000, 84128, 1, 0, 0
40500, 87072, 1, 0, 0
41000, 84864, 1, 0, 0
41500, 83200, 1, 0, 0
42000, 80512, 1, 0, 0
42500, 85120, 1, 0, 0
43000, 84032, 1, 0, 0
43500, 81088, 1, 0, 0
44000, 85184, 1, 0, 0
44500, 80256, 1, 0, 0
45000, 83328, 1, 0, 0
45500, 86080, 1, 0, 0
46000, 86272, 1, 0, 0
46500, 86976, 1, 0, 0
47000, 84256, 1, 0, 0
47500, 81408, 1, 0, 0
48000, 83968, 1, 0, 0
48500, 85835, 1, 0, 0
49000, 89600, 1, 0, 0
49500, 85664, 1, 0, 0
50000, 86816, 1, 0, 0
50500, 82208, 1, 0, 0
51000, 91424, 1, 0, 0
51500, 84416, 1, 0, 0
52000, 83072, 1, 0, 0
52500, 82848, 1, 0, 0
53000, 88320, 1, 0, 0
53500, 81664, 1, 0, 0
54000, 86400, 1, 0, 0
54500, 84000, 1, 0, 0
55000, 79232, 1, 0, 0
55500, 81824, 1, 0, 0
56000, 86560, 1, 0, 0
56500, 80608, 1, 0, 0
57000, 87200, 1, 0, 0
57500, 83808, 1, 0, 0
58000, 81696, 1, 0, 0
58500, 83264, 1, 0, 0
59000, 87328, 1, 0, 0
59500, 86400, 1, 0, 0
60000, 89472, 1, 0, 0
