[69397.050089] KSC2026-MARK map32k_bs16k_r2 insmod 1791445159537646689
[69397.070141] NVMeVirt: Version 1.10 for >> Samsung 970 Pro SSD <<
[69397.070161] NVMeVirt: Storage: 0x300100000-0x600000000 (12287 MiB)
[69397.083632] NVMeVirt: Total Capacity(GiB,MiB)=3,3072 chs=2 luns=4 lines=384 blk-size(MiB,KiB)=2,2048 line-size(MiB,KiB)=8,8192
[69397.083637] NVMeVirt: KSC2026: mapping unit=32768 B, flash page=32768 B, oneshot page=32768 B, pgs_per_blk=64, blks_per_pl=384, write buffer=1048576 B
[69397.088682] NVMeVirt: [chmodel_init] bandwidth 800 max_credits 26 tx_time 152
[69397.091982] NVMeVirt: [chmodel_init] bandwidth 800 max_credits 26 tx_time 152
[69397.091993] NVMeVirt: [chmodel_init] bandwidth 3360 max_credits 110 tx_time 36
[69397.092162] NVMeVirt: pqueue: Copyright (c) 2014, Volkan Yazıcı <volkan.yazici@gmail.com>. All rights reserved.
[69397.092164] NVMeVirt: Init FTL instance with 2 channels (98304 pages)
[69397.095379] NVMeVirt: [chmodel_init] bandwidth 800 max_credits 26 tx_time 152
[69397.098596] NVMeVirt: [chmodel_init] bandwidth 800 max_credits 26 tx_time 152
[69397.098607] NVMeVirt: [chmodel_init] bandwidth 3360 max_credits 110 tx_time 36
[69397.098778] NVMeVirt: Init FTL instance with 2 channels (98304 pages)
[69397.101939] NVMeVirt: [chmodel_init] bandwidth 800 max_credits 26 tx_time 152
[69397.105156] NVMeVirt: [chmodel_init] bandwidth 800 max_credits 26 tx_time 152
[69397.105167] NVMeVirt: [chmodel_init] bandwidth 3360 max_credits 110 tx_time 36
[69397.105329] NVMeVirt: Init FTL instance with 2 channels (98304 pages)
[69397.108481] NVMeVirt: [chmodel_init] bandwidth 800 max_credits 26 tx_time 152
[69397.111640] NVMeVirt: [chmodel_init] bandwidth 800 max_credits 26 tx_time 152
[69397.111650] NVMeVirt: [chmodel_init] bandwidth 3360 max_credits 110 tx_time 36
[69397.111825] NVMeVirt: Init FTL instance with 2 channels (98304 pages)
[69397.111828] NVMeVirt: FTL physical space: 12883853312, logical space: 12040984403 (physical/logical * 100 = 107)
[69397.111829] NVMeVirt: KSC2026: WBUF_FIX=1 GC_STATS=1
[69397.111830] NVMeVirt: ns 0/1: size 11483 MiB
[69397.111861] PCI host bridge to bus 0001:10
[69397.111863] pci_bus 0001:10: root bus resource [io  0x0000-0xffff]
[69397.111864] pci_bus 0001:10: root bus resource [mem 0x00000000-0x3fffffffffff]
[69397.111866] pci_bus 0001:10: root bus resource [bus 00-ff]
[69397.111871] pci 0001:10:00.0: [0c51:0110] type 00 class 0x010802 PCIe Endpoint
[69397.111874] pci 0001:10:00.0: BAR 0 [mem 0x300000000-0x300003fff 64bit]
[69397.111875] pci 0001:10:00.0: enabling Extended Tags
[69397.111970] NVMeVirt: Virtual PCI bus created (node 0)
[69397.112202] NVMeVirt: nvmev_io_worker_0 started on cpu 4 (node 0)
[69397.112370] NVMeVirt: nvmev_io_worker_1 started on cpu 5 (node 0)
[69397.112386] NVMeVirt: nvmev_dispatcher started on cpu 3 (node 0)
[69397.112464] nvme nvme1: pci function 0001:10:00.0
[69397.115907] nvme nvme1: 1/0/0 default/read/poll queues
[69397.117833] NVMeVirt: Virtual NVMe device created
[69403.156111] KSC2026-MARK map32k_bs16k_r2 fio-start 1791445165655990207
[69409.220118] NVMeVirt: KSC2026: first GC part=1 victim line=12 vpc=86 ipc=170 free_lines=2 host_pgs=97280
[69409.245102] NVMeVirt: KSC2026: first GC part=2 victim line=0 vpc=84 ipc=172 free_lines=2 host_pgs=97280
[69409.256398] NVMeVirt: KSC2026: first GC part=0 victim line=8 vpc=84 ipc=172 free_lines=2 host_pgs=97280
[69409.257249] NVMeVirt: KSC2026: first GC part=3 victim line=47 vpc=83 ipc=173 free_lines=2 host_pgs=97280
[69464.188445] KSC2026-MARK map32k_bs16k_r2 fio-end
[69464.192476] KSC2026-MARK map32k_bs16k_r2 rmmod 1791445226693759052
[69464.250543] pci_bus 0001:10: busn_res: [bus 10-ff] is released
[69464.250657] NVMeVirt: KSC2026: stats part=0 host_pgs=211115 gc_pgs=419470 gc_cnt=2082 free_lines=2
[69464.250658] NVMeVirt: KSC2026: stats part=1 host_pgs=211238 gc_pgs=420384 gc_cnt=2086 free_lines=1
[69464.250659] NVMeVirt: KSC2026: stats part=2 host_pgs=211230 gc_pgs=422434 gc_cnt=2094 free_lines=1
[69464.250659] NVMeVirt: KSC2026: stats part=3 host_pgs=210865 gc_pgs=416661 gc_cnt=2070 free_lines=2
[69464.271401] NVMeVirt: Virtual NVMe device closed
