500, 479591, 1, 0, 0
1000, 478117, 1, 0, 0
1500, 478323, 1, 0, 0
2000, 478715, 1, 0, 0
2500, 478944, 1, 0, 0
3000, 479372, 1, 0, 0
3500, 477740, 1, 0, 0
4000, 479116, 1, 0, 0
4500, 477023, 1, 0, 0
5000, 477449, 1, 0, 0
5500, 477217, 1, 0, 0
6000, 580387, 1, 0, 0
6503, 1358789, 1, 0, 0
7001, 1379848, 1, 0, 0
7500, 1531145, 1, 0, 0
8001, 1663491, 1, 0, 0
8500, 1551093, 1, 0, 0
9000, 1745270, 1, 0, 0
9501, 1791021, 1, 0, 0
10000, 1874843, 1, 0, 0
10503, 2007859, 1, 0, 0
11005, 2032605, 1, 0, 0
11506, 2121866, 1, 0, 0
12000, 2320835, 1, 0, 0
12500, 2233408, 1, 0, 0
13005, 2386035, 1, 0, 0
13500, 2358170, 1, 0, 0
14003, 2370935, 1, 0, 0
14507, 2801283, 1, 0, 0
15010, 2639554, 1, 0, 0
15509, 2517036, 1, 0, 0
16005, 2810663, 1, 0, 0
16500, 2977736, 1, 0, 0
17000, 2994374, 1, 0, 0
17503, 3148286, 1, 0, 0
18011, 3187532, 1, 0, 0
18503, 3276608, 1, 0, 0
19005, 3104810, 1, 0, 0
19508, 3374408, 1, 0, 0
20000, 3392763, 1, 0, 0
20507, 3527206, 1, 0, 0
21007, 3537560, 1, 0, 0
21501, 3532050, 1, 0, 0
22004, 3658425, 1, 0, 0
22500, 3848930, 1, 0, 0
23000, 3884105, 1, 0, 0
23506, 3856473, 1, 0, 0
24003, 4095551, 1, 0, 0
24509, 4115006, 1, 0, 0
25007, 3952634, 1, 0, 0
25503, 4082974, 1, 0, 0
26000, 4045960, 1, 0, 0
26500, 4568253, 1, 0, 0
27000, 4175190, 1, 0, 0
27508, 4139663, 1, 0, 0
28010, 4463025, 1, 0, 0
28500, 4469426, 1, 0, 0
29000, 4287210, 1, 0, 0
29500, 4411750, 1, 0, 0
30003, 4321163, 1, 0, 0
30502, 4370830, 1, 0, 0
31000, 4957410, 1, 0, 0
31510, 4484699, 1, 0, 0
32009, 4367440, 1, 0, 0
32500, 4914589, 1, 0, 0
33009, 4923529, 1, 0, 0
33500, 5113179, 1, 0, 0
34009, 4729186, 1, 0, 0
34505, 4936075, 1, 0, 0
35004, 5003992, 1, 0, 0
35500, 5332574, 1, 0, 0
36015, 5233455, 1, 0, 0
36501, 5075716, 1, 0, 0
37000, 5595397, 1, 0, 0
37503, 5624514, 1, 0, 0
38000, 5392414, 1, 0, 0
38507, 5502853, 1, 0, 0
39000, 5775154, 1, 0, 0
39502, 5795650, 1, 0, 0
40010, 6178263, 1, 0, 0
40505, 6016627, 1, 0, 0
41004, 5852926, 1, 0, 0
41500, 6023856, 1, 0, 0
42010, 6403807, 1, 0, 0
42505, 6084464, 1, 0, 0
43000, 6440108, 1, 0, 0
43512, 6030349, 1, 0, 0
44008, 6102591, 1, 0, 0
44500, 6090476, 1, 0, 0
45000, 6000209, 1, 0, 0
45511, 5817139, 1, 0, 0
46003, 6111152, 1, 0, 0
46501, 5581100, 1, 0, 0
47009, 6255392, 1, 0, 0
47508, 5591706, 1, 0, 0
48007, 5909293, 1, 0, 0
48500, 6327690, 1, 0, 0
49001, 6175928, 1, 0, 0
49515, 6089601, 1, 0, 0
50009, 6064666, 1, 0, 0
50505, 6025335, 1, 0, 0
51007, 5692179, 1, 0, 0
51500, 6088612, 1, 0, 0
52008, 6370901, 1, 0, 0
52500, 6394230, 1, 0, 0
53010, 6176891, 1, 0, 0
53500, 6345467, 1, 0, 0
54008, 6300340, 1, 0, 0
54503, 6124913, 1, 0, 0
55007, 6483782, 1, 0, 0
55514, 6249828, 1, 0, 0
56012, 5706075, 1, 0, 0
56513, 5628248, 1, 0, 0
57001, 6202101, 1, 0, 0
57510, 6243115, 1, 0, 0
58004, 6179916, 1, 0, 0
58515, 6025135, 1, 0, 0
59005, 6267963, 1, 0, 0
59500, 6336345, 1, 0, 0
60010, 6112897, 1, 0, 0
60011, 17360533, 1, 0, 0
