500, 1064512, 1, 0, 0
1000, 1067424, 1, 0, 0
1500, 1067328, 1, 0, 0
2000, 1066240, 1, 0, 0
2500, 1065792, 1, 0, 0
3000, 1064736, 1, 0, 0
3500, 1068448, 1, 0, 0
4000, 1065408, 1, 0, 0
4500, 1070144, 1, 0, 0
5000, 1069184, 1, 0, 0
5500, 1069536, 1, 0, 0
6000, 879584, 1, 0, 0
6500, 373440, 1, 0, 0
7000, 369152, 1, 0, 0
7500, 337536, 1, 0, 0
8000, 304032, 1, 0, 0
8500, 334784, 1, 0, 0
9000, 291527, 1, 0, 0
9500, 281856, 1, 0, 0
10000, 276736, 1, 0, 0
10500, 252256, 1, 0, 0
11000, 252704, 1, 0, 0
11500, 240864, 1, 0, 0
12000, 217600, 1, 0, 0
12500, 233728, 1, 0, 0
13000, 212672, 1, 0, 0
13500, 218144, 1, 0, 0
14000, 213472, 1, 0, 0
14500, 183904, 1, 0, 0
15000, 195040, 1, 0, 0
15500, 202688, 1, 0, 0
16000, 180832, 1, 0, 0
16500, 174432, 1, 0, 0
17000, 170144, 1, 0, 0
17500, 159776, 1, 0, 0
18000, 162816, 1, 0, 0
18500, 154048, 1, 0, 0
19000, 165504, 1, 0, 0
19500, 151936, 1, 0, 0
20000, 152704, 1, 0, 0
20500, 143456, 1, 0, 0
21000, 144288, 1, 0, 0
21500, 143136, 1, 0, 0
22000, 141120, 1, 0, 0
22500, 133952, 1, 0, 0
23000, 133792, 1, 0, 0
23500, 131296, 1, 0, 0
24000, 123296, 1, 0, 0
24500, 125696, 1, 0, 0
25000, 128928, 1, 0, 0
25500, 124032, 1, 0, 0
26001, 129152, 1, 0, 0
26500, 109819, 1, 0, 0
27000, 125184, 1, 0, 0
27500, 122400, 1, 0, 0
28000, 114752, 1, 0, 0
28500, 112608, 1, 0, 0
29000, 119552, 1, 0, 0
29500, 115840, 1, 0, 0
30000, 119200, 1, 0, 0
30500, 116608, 1, 0, 0
31000, 103232, 1, 0, 0
31500, 116128, 1, 0, 0
32000, 117088, 1, 0, 0
32500, 105536, 1, 0, 0
33000, 102464, 1, 0, 0
33500, 101856, 1, 0, 0
34000, 106656, 1, 0, 0
34500, 102432, 1, 0, 0
35000, 102400, 1, 0, 0
35500, 98592, 1, 0, 0
36000, 96832, 1, 0, 0
36500, 98112, 1, 0, 0
37000, 91872, 1, 0, 0
37500, 91104, 1, 0, 0
38000, 98272, 1, 0, 0
38500, 90336, 1, 0, 0
39000, 90560, 1, 0, 0
39500, 85984, 1, 0, 0
40000, 83840, 1, 0, 0
40500, 84064, 1, 0, 0
41000, 87040, 1, 0, 0
41500, 84736, 1, 0, 0
42000, 81344, 1, 0, 0
42500, 83328, 1, 0, 0
43000, 81856, 1, 0, 0
43500, 83687, 1, 0, 0
44000, 83040, 1, 0, 0
44500, 82816, 1, 0, 0
45000, 87936, 1, 0, 0
45500, 87360, 1, 0, 0
46000, 82240, 1, 0, 0
46500, 91552, 1, 0, 0
47000, 83296, 1, 0, 0
47500, 91360, 1, 0, 0
48000, 86400, 1, 0, 0
48500, 82112, 1, 0, 0
49000, 80896, 1, 0, 0
49500, 85984, 1, 0, 0
50000, 83456, 1, 0, 0
50500, 84032, 1, 0, 0
51000, 90304, 1, 0, 0
51500, 83584, 1, 0, 0
52000, 80992, 1, 0, 0
52500, 81888, 1, 0, 0
53000, 81792, 1, 0, 0
53500, 80320, 1, 0, 0
54000, 81184, 1, 0, 0
54500, 82304, 1, 0, 0
55000, 80384, 1, 0, 0
55500, 82368, 1, 0, 0
56000, 89248, 1, 0, 0
56500, 91104, 1, 0, 0
57000, 80928, 1, 0, 0
57500, 83424, 1, 0, 0
58000, 81728, 1, 0, 0
58500, 86656, 1, 0, 0
59000, 80160, 1, 0, 0
59500, 82304, 1, 0, 0
60000, 82912, 1, 0, 0
