500, 66538, 1, 0, 0
1000, 66714, 1, 0, 0
1500, 66708, 1, 0, 0
2000, 66640, 1, 0, 0
2500, 66612, 1, 0, 0
3000, 66546, 1, 0, 0
3500, 66778, 1, 0, 0
4000, 66588, 1, 0, 0
4500, 66884, 1, 0, 0
5000, 66824, 1, 0, 0
5500, 66846, 1, 0, 0
6000, 54974, 1, 0, 0
6500, 23340, 1, 0, 0
7000, 23072, 1, 0, 0
7500, 21096, 1, 0, 0
8000, 19002, 1, 0, 0
8500, 20924, 1, 0, 0
9000, 18220, 1, 0, 0
9500, 17616, 1, 0, 0
10000, 17296, 1, 0, 0
10500, 15766, 1, 0, 0
11000, 15794, 1, 0, 0
11500, 15054, 1, 0, 0
12000, 13600, 1, 0, 0
12500, 14608, 1, 0, 0
13000, 13292, 1, 0, 0
13500, 13634, 1, 0, 0
14000, 13342, 1, 0, 0
14500, 11494, 1, 0, 0
15000, 12190, 1, 0, 0
15500, 12668, 1, 0, 0
16000, 11302, 1, 0, 0
16500, 10902, 1, 0, 0
17000, 10634, 1, 0, 0
17500, 9986, 1, 0, 0
18000, 10176, 1, 0, 0
18500, 9628, 1, 0, 0
19000, 10344, 1, 0, 0
19500, 9496, 1, 0, 0
20000, 9544, 1, 0, 0
20500, 8966, 1, 0, 0
21000, 9018, 1, 0, 0
21500, 8946, 1, 0, 0
22000, 8820, 1, 0, 0
22500, 8372, 1, 0, 0
23000, 8362, 1, 0, 0
23500, 8206, 1, 0, 0
24000, 7706, 1, 0, 0
24500, 7856, 1, 0, 0
25000, 8058, 1, 0, 0
25500, 7752, 1, 0, 0
26001, 8072, 1, 0, 0
26500, 6863, 1, 0, 0
27000, 7824, 1, 0, 0
27500, 7650, 1, 0, 0
28000, 7172, 1, 0, 0
28500, 7038, 1, 0, 0
29000, 7472, 1, 0, 0
29500, 7240, 1, 0, 0
30000, 7450, 1, 0, 0
30500, 7288, 1, 0, 0
31000, 6452, 1, 0, 0
31500, 7258, 1, 0, 0
32000, 7318, 1, 0, 0
32500, 6596, 1, 0, 0
33000, 6404, 1, 0, 0
33500, 6366, 1, 0, 0
34000, 6666, 1, 0, 0
34500, 6402, 1, 0, 0
35000, 6400, 1, 0, 0
35500, 6162, 1, 0, 0
36000, 6052, 1, 0, 0
36500, 6132, 1, 0, 0
37000, 5742, 1, 0, 0
37500, 5694, 1, 0, 0
38000, 6142, 1, 0, 0
38500, 5646, 1, 0, 0
39000, 5660, 1, 0, 0
39500, 5374, 1, 0, 0
40000, 5240, 1, 0, 0
40500, 5254, 1, 0, 0
41000, 5440, 1, 0, 0
41500, 5296, 1, 0, 0
42000, 5084, 1, 0, 0
42500, 5208, 1, 0, 0
43000, 5116, 1, 0, 0
43500, 5230, 1, 0, 0
44000, 5190, 1, 0, 0
44500, 5176, 1, 0, 0
45000, 5496, 1, 0, 0
45500, 5460, 1, 0, 0
46000, 5140, 1, 0, 0
46500, 5722, 1, 0, 0
47000, 5206, 1, 0, 0
47500, 5710, 1, 0, 0
48000, 5400, 1, 0, 0
48500, 5132, 1, 0, 0
49000, 5056, 1, 0, 0
49500, 5374, 1, 0, 0
50000, 5216, 1, 0, 0
50500, 5252, 1, 0, 0
51000, 5644, 1, 0, 0
51500, 5224, 1, 0, 0
52000, 5062, 1, 0, 0
52500, 5118, 1, 0, 0
53000, 5112, 1, 0, 0
53500, 5020, 1, 0, 0
54000, 5074, 1, 0, 0
54500, 5144, 1, 0, 0
55000, 5024, 1, 0, 0
55500, 5148, 1, 0, 0
56000, 5578, 1, 0, 0
56500, 5694, 1, 0, 0
57000, 5058, 1, 0, 0
57500, 5214, 1, 0, 0
58000, 5108, 1, 0, 0
58500, 5416, 1, 0, 0
59000, 5010, 1, 0, 0
59500, 5144, 1, 0, 0
60000, 5182, 1, 0, 0
