500, 1262, 1, 0, 0
1000, 1265, 1, 0, 0
1500, 1259, 1, 0, 0
2000, 1255, 1, 0, 0
2500, 1254, 1, 0, 0
3000, 1254, 1, 0, 0
3500, 1246, 1, 0, 0
4000, 1249, 1, 0, 0
4500, 1247, 1, 0, 0
5000, 1251, 1, 0, 0
5500, 1249, 1, 0, 0
6000, 1250, 1, 0, 0
6503, 1260, 1, 0, 0
7001, 1263, 1, 0, 0
7500, 1265, 1, 0, 0
8001, 1258, 1, 0, 0
8500, 1261, 1, 0, 0
9000, 1262, 1, 0, 0
9501, 1259, 1, 0, 0
10000, 1264, 1, 0, 0
10503, 1261, 1, 0, 0
11005, 1263, 1, 0, 0
11506, 1262, 1, 0, 0
12000, 1263, 1, 0, 0
12500, 1263, 1, 0, 0
13005, 1262, 1, 0, 0
13500, 1263, 1, 0, 0
14003, 1257, 1, 0, 0
14507, 1259, 1, 0, 0
15010, 1265, 1, 0, 0
15509, 1256, 1, 0, 0
16005, 1261, 1, 0, 0
16500, 1259, 1, 0, 0
17000, 1261, 1, 0, 0
17503, 1262, 1, 0, 0
18011, 1259, 1, 0, 0
18503, 1260, 1, 0, 0
19005, 1274, 1, 0, 0
19508, 1274, 1, 0, 0
20000, 1278, 1, 0, 0
20507, 1272, 1, 0, 0
21007, 1275, 1, 0, 0
21501, 1271, 1, 0, 0
22004, 1268, 1, 0, 0
22500, 1280, 1, 0, 0
23000, 1278, 1, 0, 0
23506, 1272, 1, 0, 0
24003, 1263, 1, 0, 0
24509, 1271, 1, 0, 0
25007, 1269, 1, 0, 0
25503, 1269, 1, 0, 0
26000, 1273, 1, 0, 0
26500, 1272, 1, 0, 0
27000, 1267, 1, 0, 0
27508, 1264, 1, 0, 0
28010, 1272, 1, 0, 0
28500, 1268, 1, 0, 0
29000, 1269, 1, 0, 0
29500, 1266, 1, 0, 0
30003, 1263, 1, 0, 0
30502, 1267, 1, 0, 0
31000, 1269, 1, 0, 0
31510, 1265, 1, 0, 0
32009, 1262, 1, 0, 0
32500, 1257, 1, 0, 0
33009, 1271, 1, 0, 0
33500, 1267, 1, 0, 0
34009, 1263, 1, 0, 0
34505, 1260, 1, 0, 0
35004, 1265, 1, 0, 0
35500, 1260, 1, 0, 0
36015, 1263, 1, 0, 0
36501, 1262, 1, 0, 0
37000, 1273, 1, 0, 0
37503, 1260, 1, 0, 0
38000, 1270, 1, 0, 0
38507, 1269, 1, 0, 0
39000, 1271, 1, 0, 0
39502, 1252, 1, 0, 0
40010, 1264, 1, 0, 0
40505, 1261, 1, 0, 0
41004, 1266, 1, 0, 0
41500, 1265, 1, 0, 0
42010, 1272, 1, 0, 0
42505, 1265, 1, 0, 0
43000, 1268, 1, 0, 0
43512, 1263, 1, 0, 0
44008, 1265, 1, 0, 0
44500, 1255, 1, 0, 0
45000, 1257, 1, 0, 0
45511, 1257, 1, 0, 0
46003, 1264, 1, 0, 0
46501, 1261, 1, 0, 0
47009, 1262, 1, 0, 0
47508, 1252, 1, 0, 0
48007, 1262, 1, 0, 0
48500, 1253, 1, 0, 0
49001, 1261, 1, 0, 0
49515, 1255, 1, 0, 0
50009, 1262, 1, 0, 0
50505, 1261, 1, 0, 0
51007, 1277, 1, 0, 0
51500, 1268, 1, 0, 0
52008, 1271, 1, 0, 0
52500, 1266, 1, 0, 0
53010, 1266, 1, 0, 0
53500, 1261, 1, 0, 0
54008, 1266, 1, 0, 0
54503, 1262, 1, 0, 0
55007, 1271, 1, 0, 0
55514, 1267, 1, 0, 0
56012, 1266, 1, 0, 0
56513, 1261, 1, 0, 0
57001, 1269, 1, 0, 0
57510, 1268, 1, 0, 0
58004, 1263, 1, 0, 0
58515, 1272, 1, 0, 0
59005, 1263, 1, 0, 0
59500, 1256, 1, 0, 0
60011, 1267, 1, 0, 0
