500, 447255, 1, 0, 0
1000, 447593, 1, 0, 0
1500, 447591, 1, 0, 0
2000, 447590, 1, 0, 0
2500, 447587, 1, 0, 0
3000, 447586, 1, 0, 0
3500, 447587, 1, 0, 0
4000, 447589, 1, 0, 0
4500, 447586, 1, 0, 0
5000, 447578, 1, 0, 0
5518, 484350, 1, 0, 0
6012, 7436737, 1, 0, 0
6503, 7467355, 1, 0, 0
7015, 7192324, 1, 0, 0
7506, 6778288, 1, 0, 0
8017, 6495361, 1, 0, 0
8510, 6109113, 1, 0, 0
9000, 5805731, 1, 0, 0
9510, 5447184, 1, 0, 0
10000, 5189780, 1, 0, 0
10509, 4880656, 1, 0, 0
11016, 4583383, 1, 0, 0
11505, 4397848, 1, 0, 0
12013, 4247823, 1, 0, 0
12501, 4244953, 1, 0, 0
13011, 4757012, 1, 0, 0
13500, 4866748, 1, 0, 0
14007, 4745655, 1, 0, 0
14515, 4690409, 1, 0, 0
15003, 4583347, 1, 0, 0
15510, 4475669, 1, 0, 0
16000, 4373190, 1, 0, 0
16505, 4325763, 1, 0, 0
17013, 4271110, 1, 0, 0
17502, 4196718, 1, 0, 0
18007, 4132946, 1, 0, 0
18514, 4078719, 1, 0, 0
19002, 4083851, 1, 0, 0
19508, 4004761, 1, 0, 0
20013, 3948244, 1, 0, 0
20501, 3904760, 1, 0, 0
21008, 3876236, 1, 0, 0
21514, 3812880, 1, 0, 0
22000, 3716554, 1, 0, 0
22506, 3647157, 1, 0, 0
23011, 3622047, 1, 0, 0
23500, 3568167, 1, 0, 0
24003, 3414976, 1, 0, 0
24506, 3415144, 1, 0, 0
25011, 3386885, 1, 0, 0
25514, 3276630, 1, 0, 0
26000, 3267357, 1, 0, 0
26504, 3171990, 1, 0, 0
27007, 3080751, 1, 0, 0
27510, 3041698, 1, 0, 0
28012, 2945857, 1, 0, 0
28513, 2855650, 1, 0, 0
29014, 2780084, 1, 0, 0
29515, 2685423, 1, 0, 0
30000, 2675210, 1, 0, 0
30500, 2548102, 1, 0, 0
31000, 2469336, 1, 0, 0
31514, 2367522, 1, 0, 0
32011, 2272634, 1, 0, 0
32506, 2176289, 1, 0, 0
33002, 2110211, 1, 0, 0
33500, 2010839, 1, 0, 0
34008, 1840275, 1, 0, 0
34500, 1761326, 1, 0, 0
35006, 1603382, 1, 0, 0
35508, 1459241, 1, 0, 0
36005, 1294851, 1, 0, 0
36500, 1133474, 1, 0, 0
37002, 879769, 1, 0, 0
37500, 543286, 1, 0, 0
38001, 1263891, 1, 0, 0
38514, 7771149, 1, 0, 0
39006, 7397333, 1, 0, 0
39515, 6978469, 1, 0, 0
40007, 6652277, 1, 0, 0
40500, 6383150, 1, 0, 0
41009, 5891947, 1, 0, 0
41500, 5612907, 1, 0, 0
42010, 5291370, 1, 0, 0
42500, 5097535, 1, 0, 0
43008, 4677333, 1, 0, 0
43516, 4459714, 1, 0, 0
44003, 4245987, 1, 0, 0
44509, 4173984, 1, 0, 0
45000, 4636008, 1, 0, 0
45507, 4874926, 1, 0, 0
46016, 4829057, 1, 0, 0
46505, 4704835, 1, 0, 0
47012, 4552118, 1, 0, 0
47501, 4422806, 1, 0, 0
48008, 4291465, 1, 0, 0
48515, 4269446, 1, 0, 0
49005, 4280054, 1, 0, 0
49512, 4167663, 1, 0, 0
50000, 4159828, 1, 0, 0
50505, 4021988, 1, 0, 0
51012, 4065279, 1, 0, 0
51500, 4097333, 1, 0, 0
52007, 4020779, 1, 0, 0
52512, 3919614, 1, 0, 0
53000, 3807169, 1, 0, 0
53506, 3804303, 1, 0, 0
54013, 3758316, 1, 0, 0
54500, 3691718, 1, 0, 0
55004, 3630502, 1, 0, 0
55508, 3602896, 1, 0, 0
56014, 3539317, 1, 0, 0
56500, 3453799, 1, 0, 0
57005, 3371609, 1, 0, 0
57509, 3294817, 1, 0, 0
58014, 3218657, 1, 0, 0
58501, 3210219, 1, 0, 0
59005, 3153948, 1, 0, 0
59509, 3114784, 1, 0, 0
60012, 2995410, 1, 0, 0
60013, 17009915, 1, 0, 0
