500, 2287616, 1, 0, 0
1000, 2286912, 1, 0, 0
1500, 2287040, 1, 0, 0
2000, 2286848, 1, 0, 0
2500, 2286592, 1, 0, 0
3000, 2286976, 1, 0, 0
3500, 2286976, 1, 0, 0
4000, 2286848, 1, 0, 0
4500, 2286784, 1, 0, 0
5000, 2287040, 1, 0, 0
5500, 2111360, 1, 0, 0
6000, 136192, 1, 0, 0
6500, 134656, 1, 0, 0
7000, 145920, 1, 0, 0
7500, 148224, 1, 0, 0
8000, 161280, 1, 0, 0
8500, 165120, 1, 0, 0
9000, 174300, 1, 0, 0
9500, 190592, 1, 0, 0
10000, 194048, 1, 0, 0
10500, 213248, 1, 0, 0
11000, 226560, 1, 0, 0
11500, 227840, 1, 0, 0
12000, 244992, 1, 0, 0
12500, 235264, 1, 0, 0
13000, 219136, 1, 0, 0
13500, 209280, 1, 0, 0
14000, 215680, 1, 0, 0
14500, 221696, 1, 0, 0
15000, 217856, 1, 0, 0
15500, 232192, 1, 0, 0
16000, 237056, 1, 0, 0
16500, 231424, 1, 0, 0
17000, 243712, 1, 0, 0
17500, 238336, 1, 0, 0
18000, 250624, 1, 0, 0
18500, 254720, 1, 0, 0
19000, 244224, 1, 0, 0
19500, 258560, 1, 0, 0
20000, 262144, 1, 0, 0
20500, 256000, 1, 0, 0
21001, 268032, 1, 0, 0
21500, 272160, 1, 0, 0
22000, 267776, 1, 0, 0
22500, 283904, 1, 0, 0
23000, 286208, 1, 0, 0
23500, 290176, 1, 0, 0
24000, 291200, 1, 0, 0
24500, 302080, 1, 0, 0
25000, 304896, 1, 0, 0
25500, 314880, 1, 0, 0
26000, 306112, 1, 0, 0
26500, 323648, 1, 0, 0
27000, 334336, 1, 0, 0
27500, 338944, 1, 0, 0
28000, 348928, 1, 0, 0
28500, 359168, 1, 0, 0
29000, 369408, 1, 0, 0
29500, 381952, 1, 0, 0
30000, 385024, 1, 0, 0
30500, 401920, 1, 0, 0
31001, 413440, 1, 0, 0
31500, 431711, 1, 0, 0
32000, 448000, 1, 0, 0
32500, 466176, 1, 0, 0
33000, 481024, 1, 0, 0
33500, 522304, 1, 0, 0
34000, 550592, 1, 0, 0
34500, 571648, 1, 0, 0
35000, 646912, 1, 0, 0
35500, 705280, 1, 0, 0
36000, 788224, 1, 0, 0
36500, 914688, 1, 0, 0
37000, 1152768, 1, 0, 0
37500, 1900544, 1, 0, 0
38000, 781824, 1, 0, 0
38500, 135168, 1, 0, 0
39000, 136192, 1, 0, 0
39500, 149504, 1, 0, 0
40000, 151552, 1, 0, 0
40500, 163008, 1, 0, 0
41000, 171840, 1, 0, 0
41500, 179456, 1, 0, 0
42000, 196864, 1, 0, 0
42500, 205824, 1, 0, 0
43000, 213931, 1, 0, 0
43500, 232960, 1, 0, 0
44000, 234752, 1, 0, 0
44500, 248320, 1, 0, 0
45000, 224832, 1, 0, 0
45500, 205504, 1, 0, 0
46000, 215808, 1, 0, 0
46500, 212480, 1, 0, 0
47000, 228608, 1, 0, 0
47500, 226048, 1, 0, 0
48000, 242432, 1, 0, 0
48500, 243200, 1, 0, 0
49000, 234496, 1, 0, 0
49500, 248832, 1, 0, 0
50000, 248768, 1, 0, 0
50500, 248896, 1, 0, 0
51000, 255232, 1, 0, 0
51500, 244608, 1, 0, 0
52000, 257152, 1, 0, 0
52500, 264448, 1, 0, 0
53000, 262528, 1, 0, 0
53500, 272000, 1, 0, 0
54000, 276224, 1, 0, 0
54500, 273280, 1, 0, 0
55000, 281472, 1, 0, 0
55500, 287038, 1, 0, 0
56000, 292352, 1, 0, 0
56500, 288640, 1, 0, 0
57000, 306560, 1, 0, 0
57500, 313600, 1, 0, 0
58000, 321280, 1, 0, 0
58500, 310272, 1, 0, 0
59000, 327424, 1, 0, 0
59500, 331264, 1, 0, 0
60000, 344320, 1, 0, 0
