500, 71488, 1, 0, 0
1000, 71466, 1, 0, 0
1500, 71470, 1, 0, 0
2000, 71464, 1, 0, 0
2500, 71456, 1, 0, 0
3000, 71468, 1, 0, 0
3500, 71468, 1, 0, 0
4000, 71464, 1, 0, 0
4500, 71462, 1, 0, 0
5000, 71470, 1, 0, 0
5500, 65980, 1, 0, 0
6000, 4256, 1, 0, 0
6500, 4208, 1, 0, 0
7000, 4560, 1, 0, 0
7500, 4632, 1, 0, 0
8000, 5040, 1, 0, 0
8500, 5160, 1, 0, 0
9000, 5446, 1, 0, 0
9500, 5956, 1, 0, 0
10000, 6064, 1, 0, 0
10500, 6664, 1, 0, 0
11000, 7080, 1, 0, 0
11500, 7120, 1, 0, 0
12000, 7656, 1, 0, 0
12500, 7352, 1, 0, 0
13000, 6848, 1, 0, 0
13500, 6540, 1, 0, 0
14000, 6740, 1, 0, 0
14500, 6928, 1, 0, 0
15000, 6808, 1, 0, 0
15500, 7256, 1, 0, 0
16000, 7408, 1, 0, 0
16500, 7232, 1, 0, 0
17000, 7616, 1, 0, 0
17500, 7448, 1, 0, 0
18000, 7832, 1, 0, 0
18500, 7960, 1, 0, 0
19000, 7632, 1, 0, 0
19500, 8080, 1, 0, 0
20000, 8192, 1, 0, 0
20500, 8000, 1, 0, 0
21001, 8376, 1, 0, 0
21500, 8505, 1, 0, 0
22000, 8368, 1, 0, 0
22500, 8872, 1, 0, 0
23000, 8944, 1, 0, 0
23500, 9068, 1, 0, 0
24000, 9100, 1, 0, 0
24500, 9440, 1, 0, 0
25000, 9528, 1, 0, 0
25500, 9840, 1, 0, 0
26000, 9566, 1, 0, 0
26500, 10114, 1, 0, 0
27000, 10448, 1, 0, 0
27500, 10592, 1, 0, 0
28000, 10904, 1, 0, 0
28500, 11224, 1, 0, 0
29000, 11544, 1, 0, 0
29500, 11936, 1, 0, 0
30000, 12032, 1, 0, 0
30500, 12560, 1, 0, 0
31001, 12920, 1, 0, 0
31500, 13490, 1, 0, 0
32000, 14000, 1, 0, 0
32500, 14568, 1, 0, 0
33000, 15032, 1, 0, 0
33500, 16322, 1, 0, 0
34000, 17206, 1, 0, 0
34500, 17864, 1, 0, 0
35000, 20216, 1, 0, 0
35500, 22040, 1, 0, 0
36000, 24632, 1, 0, 0
36500, 28584, 1, 0, 0
37000, 36024, 1, 0, 0
37500, 59392, 1, 0, 0
38000, 24432, 1, 0, 0
38500, 4224, 1, 0, 0
39000, 4256, 1, 0, 0
39500, 4672, 1, 0, 0
40000, 4736, 1, 0, 0
40500, 5094, 1, 0, 0
41000, 5370, 1, 0, 0
41500, 5608, 1, 0, 0
42000, 6152, 1, 0, 0
42500, 6432, 1, 0, 0
43000, 6685, 1, 0, 0
43500, 7280, 1, 0, 0
44000, 7336, 1, 0, 0
44500, 7760, 1, 0, 0
45000, 7026, 1, 0, 0
45500, 6422, 1, 0, 0
46000, 6744, 1, 0, 0
46500, 6640, 1, 0, 0
47000, 7144, 1, 0, 0
47500, 7064, 1, 0, 0
48000, 7576, 1, 0, 0
48500, 7600, 1, 0, 0
49000, 7328, 1, 0, 0
49500, 7776, 1, 0, 0
50000, 7774, 1, 0, 0
50500, 7778, 1, 0, 0
51000, 7976, 1, 0, 0
51500, 7644, 1, 0, 0
52000, 8036, 1, 0, 0
52500, 8264, 1, 0, 0
53000, 8204, 1, 0, 0
53500, 8500, 1, 0, 0
54000, 8632, 1, 0, 0
54500, 8540, 1, 0, 0
55000, 8796, 1, 0, 0
55500, 8969, 1, 0, 0
56000, 9136, 1, 0, 0
56500, 9020, 1, 0, 0
57000, 9580, 1, 0, 0
57500, 9800, 1, 0, 0
58000, 10040, 1, 0, 0
58500, 9696, 1, 0, 0
59000, 10232, 1, 0, 0
59500, 10352, 1, 0, 0
60000, 10760, 1, 0, 0
