[63425.810103] KSC2026-MARK map8k_bs32k_r1 insmod 1791439188190021278
[63425.828291] NVMeVirt: Version 1.10 for >> Samsung 970 Pro SSD <<
[63425.828309] NVMeVirt: Storage: 0x300100000-0x600000000 (12287 MiB)
[63425.841388] NVMeVirt: Total Capacity(GiB,MiB)=3,3072 chs=2 luns=4 lines=384 blk-size(MiB,KiB)=2,2048 line-size(MiB,KiB)=8,8192
[63425.841394] NVMeVirt: KSC2026: mapping unit=8192 B, flash page=32768 B, oneshot page=32768 B, pgs_per_blk=256, blks_per_pl=384, write buffer=1048576 B
[63425.847698] NVMeVirt: [chmodel_init] bandwidth 800 max_credits 26 tx_time 152
[63425.852078] NVMeVirt: [chmodel_init] bandwidth 800 max_credits 26 tx_time 152
[63425.852088] NVMeVirt: [chmodel_init] bandwidth 3360 max_credits 110 tx_time 36
[63425.852779] NVMeVirt: pqueue: Copyright (c) 2014, Volkan Yazıcı <volkan.yazici@gmail.com>. All rights reserved.
[63425.852783] NVMeVirt: Init FTL instance with 2 channels (393216 pages)
[63425.857104] NVMeVirt: [chmodel_init] bandwidth 800 max_credits 26 tx_time 152
[63425.861429] NVMeVirt: [chmodel_init] bandwidth 800 max_credits 26 tx_time 152
[63425.861440] NVMeVirt: [chmodel_init] bandwidth 3360 max_credits 110 tx_time 36
[63425.862125] NVMeVirt: Init FTL instance with 2 channels (393216 pages)
[63425.866404] NVMeVirt: [chmodel_init] bandwidth 800 max_credits 26 tx_time 152
[63425.870681] NVMeVirt: [chmodel_init] bandwidth 800 max_credits 26 tx_time 152
[63425.870692] NVMeVirt: [chmodel_init] bandwidth 3360 max_credits 110 tx_time 36
[63425.871354] NVMeVirt: Init FTL instance with 2 channels (393216 pages)
[63425.875649] NVMeVirt: [chmodel_init] bandwidth 800 max_credits 26 tx_time 152
[63425.879946] NVMeVirt: [chmodel_init] bandwidth 800 max_credits 26 tx_time 152
[63425.879956] NVMeVirt: [chmodel_init] bandwidth 3360 max_credits 110 tx_time 36
[63425.880624] NVMeVirt: Init FTL instance with 2 channels (393216 pages)
[63425.880628] NVMeVirt: FTL physical space: 12883853312, logical space: 12040984403 (physical/logical * 100 = 107)
[63425.880629] NVMeVirt: KSC2026: WBUF_FIX=1 GC_STATS=1
[63425.880629] NVMeVirt: ns 0/1: size 11483 MiB
[63425.880664] PCI host bridge to bus 0001:10
[63425.880665] pci_bus 0001:10: root bus resource [io  0x0000-0xffff]
[63425.880667] pci_bus 0001:10: root bus resource [mem 0x00000000-0x3fffffffffff]
[63425.880668] pci_bus 0001:10: root bus resource [bus 00-ff]
[63425.880674] pci 0001:10:00.0: [0c51:0110] type 00 class 0x010802 PCIe Endpoint
[63425.880676] pci 0001:10:00.0: BAR 0 [mem 0x300000000-0x300003fff 64bit]
[63425.880678] pci 0001:10:00.0: enabling Extended Tags
[63425.880776] NVMeVirt: Virtual PCI bus created (node 0)
[63425.880992] NVMeVirt: nvmev_io_worker_0 started on cpu 4 (node 0)
[63425.881163] NVMeVirt: nvmev_io_worker_1 started on cpu 5 (node 0)
[63425.881177] NVMeVirt: nvmev_dispatcher started on cpu 3 (node 0)
[63425.881430] nvme nvme1: pci function 0001:10:00.0
[63425.885102] nvme nvme1: 1/0/0 default/read/poll queues
[63425.887028] NVMeVirt: Virtual NVMe device created
[63431.914122] KSC2026-MARK map8k_bs32k_r1 fio-start 1791439194299650925
[63437.610373] NVMeVirt: KSC2026: first GC part=0 victim line=26 vpc=940 ipc=84 free_lines=2 host_pgs=389120
[63437.610431] NVMeVirt: KSC2026: first GC part=1 victim line=26 vpc=940 ipc=84 free_lines=2 host_pgs=389120
[63437.610481] NVMeVirt: KSC2026: first GC part=2 victim line=26 vpc=940 ipc=84 free_lines=2 host_pgs=389120
[63437.610530] NVMeVirt: KSC2026: first GC part=3 victim line=26 vpc=940 ipc=84 free_lines=2 host_pgs=389120
[63492.955730] KSC2026-MARK map8k_bs32k_r1 fio-end
[63492.959697] KSC2026-MARK map8k_bs32k_r1 rmmod 1791439255345751664
[63493.018793] pci_bus 0001:10: busn_res: [bus 10-ff] is released
[63493.018834] NVMeVirt: KSC2026: stats part=0 host_pgs=926344 gc_pgs=2351401 gc_cnt=2820 free_lines=2
[63493.018836] NVMeVirt: KSC2026: stats part=1 host_pgs=926344 gc_pgs=2351401 gc_cnt=2820 free_lines=2
[63493.018836] NVMeVirt: KSC2026: stats part=2 host_pgs=926344 gc_pgs=2351401 gc_cnt=2820 free_lines=2
[63493.018837] NVMeVirt: KSC2026: stats part=3 host_pgs=926344 gc_pgs=2351401 gc_cnt=2820 free_lines=2
[63493.060429] NVMeVirt: Virtual NVMe device closed
