500, 513916, 1, 0, 0
1000, 513380, 1, 0, 0
1500, 510000, 1, 0, 0
2000, 512924, 1, 0, 0
2500, 512478, 1, 0, 0
3000, 512326, 1, 0, 0
3500, 511488, 1, 0, 0
4000, 511166, 1, 0, 0
4500, 512668, 1, 0, 0
5000, 512700, 1, 0, 0
5500, 511346, 1, 0, 0
6000, 534624, 1, 0, 0
6500, 96823, 1, 0, 0
7000, 31280, 1, 0, 0
7500, 32528, 1, 0, 0
8000, 33280, 1, 0, 0
8500, 36976, 1, 0, 0
9000, 38800, 1, 0, 0
9500, 36976, 1, 0, 0
10000, 43088, 1, 0, 0
10500, 43064, 1, 0, 0
11000, 44106, 1, 0, 0
11500, 46382, 1, 0, 0
12000, 40912, 1, 0, 0
12500, 47184, 1, 0, 0
13000, 44960, 1, 0, 0
13500, 47072, 1, 0, 0
14000, 48016, 1, 0, 0
14500, 42400, 1, 0, 0
15000, 43984, 1, 0, 0
15500, 41712, 1, 0, 0
16000, 38192, 1, 0, 0
16500, 44368, 1, 0, 0
17000, 45418, 1, 0, 0
17500, 41520, 1, 0, 0
18000, 43136, 1, 0, 0
18500, 55234, 1, 0, 0
19000, 49198, 1, 0, 0
19500, 46096, 1, 0, 0
20000, 55712, 1, 0, 0
20500, 41984, 1, 0, 0
21000, 45216, 1, 0, 0
21500, 51136, 1, 0, 0
22000, 42720, 1, 0, 0
22500, 44704, 1, 0, 0
23000, 50016, 1, 0, 0
23500, 41840, 1, 0, 0
24000, 54428, 1, 0, 0
24500, 46276, 1, 0, 0
25000, 44512, 1, 0, 0
25500, 47584, 1, 0, 0
26000, 51712, 1, 0, 0
26500, 52400, 1, 0, 0
27000, 56672, 1, 0, 0
27500, 47856, 1, 0, 0
28000, 46192, 1, 0, 0
28501, 52608, 1, 0, 0
29000, 64897, 1, 0, 0
29500, 47744, 1, 0, 0
30000, 48656, 1, 0, 0
30500, 52096, 1, 0, 0
31000, 47264, 1, 0, 0
31500, 46848, 1, 0, 0
32000, 50160, 1, 0, 0
32500, 46784, 1, 0, 0
33000, 43664, 1, 0, 0
33500, 52224, 1, 0, 0
34000, 69920, 1, 0, 0
34500, 58512, 1, 0, 0
35000, 49472, 1, 0, 0
35500, 53088, 1, 0, 0
36000, 65104, 1, 0, 0
36500, 50576, 1, 0, 0
37000, 53168, 1, 0, 0
37500, 54160, 1, 0, 0
38000, 54528, 1, 0, 0
38500, 55264, 1, 0, 0
39000, 56592, 1, 0, 0
39500, 59136, 1, 0, 0
40000, 60128, 1, 0, 0
40500, 59984, 1, 0, 0
41000, 62877, 1, 0, 0
41500, 65936, 1, 0, 0
42000, 64128, 1, 0, 0
42500, 66160, 1, 0, 0
43000, 67648, 1, 0, 0
43500, 71024, 1, 0, 0
44000, 70560, 1, 0, 0
44500, 75168, 1, 0, 0
45000, 78336, 1, 0, 0
45500, 87680, 1, 0, 0
46000, 84016, 1, 0, 0
46500, 85184, 1, 0, 0
47000, 86270, 1, 0, 0
47500, 97288, 1, 0, 0
48000, 103338, 1, 0, 0
48500, 115920, 1, 0, 0
49000, 120042, 1, 0, 0
49500, 151382, 1, 0, 0
50000, 182608, 1, 0, 0
50500, 202726, 1, 0, 0
51000, 362976, 1, 0, 0
51500, 290799, 1, 0, 0
52000, 30464, 1, 0, 0
52500, 31616, 1, 0, 0
53000, 32560, 1, 0, 0
53500, 33328, 1, 0, 0
54000, 36216, 1, 0, 0
54500, 40104, 1, 0, 0
55000, 41616, 1, 0, 0
55500, 42624, 1, 0, 0
56000, 49712, 1, 0, 0
56500, 38720, 1, 0, 0
57000, 43296, 1, 0, 0
57500, 42672, 1, 0, 0
58000, 51264, 1, 0, 0
58500, 42480, 1, 0, 0
59000, 48736, 1, 0, 0
59500, 43328, 1, 0, 0
60000, 45168, 1, 0, 0
