500, 2055600, 1, 0, 0
1000, 2053528, 1, 0, 0
1500, 2040000, 1, 0, 0
2000, 2051696, 1, 0, 0
2500, 2049912, 1, 0, 0
3000, 2049304, 1, 0, 0
3500, 2045952, 1, 0, 0
4000, 2044664, 1, 0, 0
4500, 2050664, 1, 0, 0
5000, 2050800, 1, 0, 0
5500, 2045384, 1, 0, 0
6000, 2138496, 1, 0, 0
6500, 387294, 1, 0, 0
7000, 125120, 1, 0, 0
7500, 130112, 1, 0, 0
8000, 133120, 1, 0, 0
8500, 147904, 1, 0, 0
9000, 155200, 1, 0, 0
9500, 147904, 1, 0, 0
10000, 172352, 1, 0, 0
10500, 172256, 1, 0, 0
11000, 176424, 1, 0, 0
11500, 185528, 1, 0, 0
12000, 163648, 1, 0, 0
12500, 188736, 1, 0, 0
13000, 179840, 1, 0, 0
13500, 188288, 1, 0, 0
14000, 192064, 1, 0, 0
14500, 169600, 1, 0, 0
15000, 175936, 1, 0, 0
15500, 166848, 1, 0, 0
16000, 152768, 1, 0, 0
16500, 177472, 1, 0, 0
17000, 181675, 1, 0, 0
17500, 166080, 1, 0, 0
18000, 172544, 1, 0, 0
18500, 220936, 1, 0, 0
19000, 196792, 1, 0, 0
19500, 184384, 1, 0, 0
20000, 222848, 1, 0, 0
20500, 167936, 1, 0, 0
21000, 180864, 1, 0, 0
21500, 204544, 1, 0, 0
22000, 170880, 1, 0, 0
22500, 178816, 1, 0, 0
23000, 200064, 1, 0, 0
23500, 167360, 1, 0, 0
24000, 217712, 1, 0, 0
24500, 185104, 1, 0, 0
25000, 178048, 1, 0, 0
25500, 190336, 1, 0, 0
26000, 206848, 1, 0, 0
26500, 209600, 1, 0, 0
27000, 226688, 1, 0, 0
27500, 191424, 1, 0, 0
28000, 184768, 1, 0, 0
28501, 210432, 1, 0, 0
29000, 259591, 1, 0, 0
29500, 190976, 1, 0, 0
30000, 194624, 1, 0, 0
30500, 208384, 1, 0, 0
31000, 189056, 1, 0, 0
31500, 187392, 1, 0, 0
32000, 200640, 1, 0, 0
32500, 187136, 1, 0, 0
33000, 174656, 1, 0, 0
33500, 208896, 1, 0, 0
34000, 279680, 1, 0, 0
34500, 234048, 1, 0, 0
35000, 197888, 1, 0, 0
35500, 212352, 1, 0, 0
36000, 260416, 1, 0, 0
36500, 202304, 1, 0, 0
37000, 212672, 1, 0, 0
37500, 216640, 1, 0, 0
38000, 218112, 1, 0, 0
38500, 221056, 1, 0, 0
39000, 226368, 1, 0, 0
39500, 236544, 1, 0, 0
40000, 240512, 1, 0, 0
40500, 239936, 1, 0, 0
41000, 251511, 1, 0, 0
41500, 263744, 1, 0, 0
42000, 256512, 1, 0, 0
42500, 264640, 1, 0, 0
43000, 270592, 1, 0, 0
43500, 284096, 1, 0, 0
44000, 282240, 1, 0, 0
44500, 300672, 1, 0, 0
45000, 313344, 1, 0, 0
45500, 350720, 1, 0, 0
46000, 336064, 1, 0, 0
46500, 340736, 1, 0, 0
47000, 345080, 1, 0, 0
47500, 389152, 1, 0, 0
48000, 413352, 1, 0, 0
48500, 463680, 1, 0, 0
49000, 480160, 1, 0, 0
49500, 605528, 1, 0, 0
50000, 730432, 1, 0, 0
50500, 810904, 1, 0, 0
51000, 1451904, 1, 0, 0
51500, 1163198, 1, 0, 0
52000, 121856, 1, 0, 0
52500, 126464, 1, 0, 0
53000, 130240, 1, 0, 0
53500, 133312, 1, 0, 0
54000, 144864, 1, 0, 0
54500, 160416, 1, 0, 0
55000, 166464, 1, 0, 0
55500, 170496, 1, 0, 0
56000, 198848, 1, 0, 0
56500, 154880, 1, 0, 0
57000, 173184, 1, 0, 0
57500, 170688, 1, 0, 0
58000, 205056, 1, 0, 0
58500, 169920, 1, 0, 0
59000, 194944, 1, 0, 0
59500, 173312, 1, 0, 0
60000, 180672, 1, 0, 0
