500, 61279, 1, 0, 0
1000, 61333, 1, 0, 0
1500, 61729, 1, 0, 0
2000, 61384, 1, 0, 0
2500, 61436, 1, 0, 0
3000, 61452, 1, 0, 0
3500, 61557, 1, 0, 0
4000, 61596, 1, 0, 0
4500, 61413, 1, 0, 0
5000, 61407, 1, 0, 0
5500, 61569, 1, 0, 0
6000, 58855, 1, 0, 0
6508, 324260, 1, 0, 0
7006, 1007840, 1, 0, 0
7500, 1003306, 1, 0, 0
8006, 943456, 1, 0, 0
8516, 879073, 1, 0, 0
9008, 812686, 1, 0, 0
9507, 861544, 1, 0, 0
10014, 752182, 1, 0, 0
10500, 749967, 1, 0, 0
11000, 705370, 1, 0, 0
11500, 702716, 1, 0, 0
12012, 777659, 1, 0, 0
12504, 666480, 1, 0, 0
13004, 713696, 1, 0, 0
13506, 680303, 1, 0, 0
14007, 665007, 1, 0, 0
14500, 766843, 1, 0, 0
15013, 721772, 1, 0, 0
15500, 783895, 1, 0, 0
16000, 825342, 1, 0, 0
16507, 705474, 1, 0, 0
17000, 714537, 1, 0, 0
17500, 770696, 1, 0, 0
18012, 737485, 1, 0, 0
18500, 581869, 1, 0, 0
19006, 639297, 1, 0, 0
19505, 691492, 1, 0, 0
20005, 572053, 1, 0, 0
20500, 777740, 1, 0, 0
21014, 703887, 1, 0, 0
21505, 614025, 1, 0, 0
22001, 741158, 1, 0, 0
22514, 733397, 1, 0, 0
23001, 622730, 1, 0, 0
23508, 774567, 1, 0, 0
24000, 599750, 1, 0, 0
24514, 682106, 1, 0, 0
25004, 704262, 1, 0, 0
25512, 684403, 1, 0, 0
26014, 617847, 1, 0, 0
26502, 593099, 1, 0, 0
27005, 569325, 1, 0, 0
27511, 675556, 1, 0, 0
28001, 676469, 1, 0, 0
28511, 621415, 1, 0, 0
29007, 487147, 1, 0, 0
29509, 673773, 1, 0, 0
30008, 656339, 1, 0, 0
30500, 618755, 1, 0, 0
31008, 670706, 1, 0, 0
31502, 672733, 1, 0, 0
32005, 638753, 1, 0, 0
32512, 694024, 1, 0, 0
33000, 714151, 1, 0, 0
33501, 611070, 1, 0, 0
34005, 461394, 1, 0, 0
34502, 542818, 1, 0, 0
35005, 649900, 1, 0, 0
35508, 605448, 1, 0, 0
36006, 489202, 1, 0, 0
36504, 627219, 1, 0, 0
37004, 602600, 1, 0, 0
37508, 594118, 1, 0, 0
38008, 585801, 1, 0, 0
38506, 575946, 1, 0, 0
39003, 563700, 1, 0, 0
39510, 545010, 1, 0, 0
40004, 525602, 1, 0, 0
40501, 528181, 1, 0, 0
41006, 516401, 1, 0, 0
41500, 488727, 1, 0, 0
42002, 488964, 1, 0, 0
42507, 486041, 1, 0, 0
43003, 468042, 1, 0, 0
43500, 459315, 1, 0, 0
44004, 443774, 1, 0, 0
44508, 430850, 1, 0, 0
45009, 405916, 1, 0, 0
45508, 364241, 1, 0, 0
46010, 381513, 1, 0, 0
46507, 371721, 1, 0, 0
47000, 374852, 1, 0, 0
47500, 327736, 1, 0, 0
48002, 302553, 1, 0, 0
48508, 278429, 1, 0, 0
49000, 262475, 1, 0, 0
49501, 210349, 1, 0, 0
50000, 177396, 1, 0, 0
50500, 155276, 1, 0, 0
51000, 88166, 1, 0, 0
51500, 108816, 1, 0, 0
52009, 1035593, 1, 0, 0
52514, 1024793, 1, 0, 0
53004, 957767, 1, 0, 0
53507, 969016, 1, 0, 0
54000, 899020, 1, 0, 0
54508, 783223, 1, 0, 0
55000, 784522, 1, 0, 0
55503, 725419, 1, 0, 0
56013, 656158, 1, 0, 0
56500, 806532, 1, 0, 0
57007, 750233, 1, 0, 0
57509, 747266, 1, 0, 0
58005, 618160, 1, 0, 0
58500, 769634, 1, 0, 0
59001, 635197, 1, 0, 0
59501, 740447, 1, 0, 0
60001, 706114, 1, 0, 0
60001, 15523292, 1, 0, 0
