500, 838, 1, 0, 0
1000, 838, 1, 0, 0
1500, 851, 1, 0, 0
2000, 838, 1, 0, 0
2500, 839, 1, 0, 0
3000, 838, 1, 0, 0
3500, 839, 1, 0, 0
4000, 840, 1, 0, 0
4500, 838, 1, 0, 0
5000, 837, 1, 0, 0
5500, 838, 1, 0, 0
6000, 839, 1, 0, 0
6508, 856, 1, 0, 0
7006, 842, 1, 0, 0
7500, 844, 1, 0, 0
8006, 845, 1, 0, 0
8516, 843, 1, 0, 0
9008, 846, 1, 0, 0
9507, 840, 1, 0, 0
10014, 843, 1, 0, 0
10500, 841, 1, 0, 0
11000, 842, 1, 0, 0
11500, 848, 1, 0, 0
12012, 839, 1, 0, 0
12504, 841, 1, 0, 0
13004, 838, 1, 0, 0
13506, 844, 1, 0, 0
14007, 839, 1, 0, 0
14500, 839, 1, 0, 0
15013, 840, 1, 0, 0
15500, 842, 1, 0, 0
16000, 839, 1, 0, 0
16507, 841, 1, 0, 0
17000, 840, 1, 0, 0
17500, 842, 1, 0, 0
18012, 837, 1, 0, 0
18500, 841, 1, 0, 0
19006, 840, 1, 0, 0
19505, 838, 1, 0, 0
20005, 839, 1, 0, 0
20500, 837, 1, 0, 0
21014, 837, 1, 0, 0
21505, 841, 1, 0, 0
22001, 839, 1, 0, 0
22514, 839, 1, 0, 0
23001, 841, 1, 0, 0
23508, 841, 1, 0, 0
24000, 839, 1, 0, 0
24514, 840, 1, 0, 0
25004, 838, 1, 0, 0
25512, 843, 1, 0, 0
26014, 836, 1, 0, 0
26502, 836, 1, 0, 0
27005, 855, 1, 0, 0
27511, 841, 1, 0, 0
28001, 837, 1, 0, 0
28511, 839, 1, 0, 0
29007, 841, 1, 0, 0
29509, 849, 1, 0, 0
30008, 838, 1, 0, 0
30500, 836, 1, 0, 0
31008, 836, 1, 0, 0
31502, 838, 1, 0, 0
32005, 836, 1, 0, 0
32512, 837, 1, 0, 0
33000, 836, 1, 0, 0
33501, 841, 1, 0, 0
34005, 838, 1, 0, 0
34502, 838, 1, 0, 0
35005, 840, 1, 0, 0
35508, 846, 1, 0, 0
36006, 841, 1, 0, 0
36504, 841, 1, 0, 0
37004, 882, 1, 0, 0
37508, 839, 1, 0, 0
38008, 838, 1, 0, 0
38506, 838, 1, 0, 0
39003, 839, 1, 0, 0
39510, 845, 1, 0, 0
40004, 838, 1, 0, 0
40501, 840, 1, 0, 0
41006, 838, 1, 0, 0
41500, 840, 1, 0, 0
42002, 836, 1, 0, 0
42507, 839, 1, 0, 0
43003, 839, 1, 0, 0
43500, 839, 1, 0, 0
44004, 842, 1, 0, 0
44508, 840, 1, 0, 0
45009, 839, 1, 0, 0
45508, 841, 1, 0, 0
46010, 839, 1, 0, 0
46507, 836, 1, 0, 0
47000, 838, 1, 0, 0
47500, 842, 1, 0, 0
48002, 840, 1, 0, 0
48508, 841, 1, 0, 0
49000, 840, 1, 0, 0
49501, 840, 1, 0, 0
50000, 839, 1, 0, 0
50500, 837, 1, 0, 0
51000, 835, 1, 0, 0
51500, 841, 1, 0, 0
52009, 843, 1, 0, 0
52514, 844, 1, 0, 0
53004, 840, 1, 0, 0
53507, 841, 1, 0, 0
54000, 839, 1, 0, 0
54508, 844, 1, 0, 0
55000, 841, 1, 0, 0
55503, 841, 1, 0, 0
56013, 841, 1, 0, 0
56500, 840, 1, 0, 0
57007, 842, 1, 0, 0
57509, 839, 1, 0, 0
58005, 841, 1, 0, 0
58500, 842, 1, 0, 0
59001, 837, 1, 0, 0
59501, 850, 1, 0, 0
60001, 837, 1, 0, 0
