500, 62118, 1, 0, 0
1000, 62172, 1, 0, 0
1500, 62580, 1, 0, 0
2000, 62222, 1, 0, 0
2500, 62275, 1, 0, 0
3000, 62290, 1, 0, 0
3500, 62397, 1, 0, 0
4000, 62436, 1, 0, 0
4500, 62251, 1, 0, 0
5000, 62244, 1, 0, 0
5500, 62407, 1, 0, 0
6000, 59693, 1, 0, 0
6508, 325116, 1, 0, 0
7006, 1008682, 1, 0, 0
7500, 1004149, 1, 0, 0
8006, 944301, 1, 0, 0
8516, 879916, 1, 0, 0
9008, 813531, 1, 0, 0
9507, 862384, 1, 0, 0
10014, 753026, 1, 0, 0
10500, 750808, 1, 0, 0
11000, 706212, 1, 0, 0
11500, 703563, 1, 0, 0
12012, 778499, 1, 0, 0
12504, 667321, 1, 0, 0
13004, 714535, 1, 0, 0
13506, 681146, 1, 0, 0
14007, 665845, 1, 0, 0
14500, 767682, 1, 0, 0
15013, 722612, 1, 0, 0
15500, 784736, 1, 0, 0
16000, 826182, 1, 0, 0
16507, 706315, 1, 0, 0
17000, 715377, 1, 0, 0
17500, 771538, 1, 0, 0
18012, 738322, 1, 0, 0
18500, 582709, 1, 0, 0
19006, 640136, 1, 0, 0
19505, 692329, 1, 0, 0
20005, 572892, 1, 0, 0
20500, 778577, 1, 0, 0
21014, 704724, 1, 0, 0
21505, 614866, 1, 0, 0
22001, 741997, 1, 0, 0
22514, 734236, 1, 0, 0
23001, 623571, 1, 0, 0
23508, 775408, 1, 0, 0
24000, 600589, 1, 0, 0
24514, 682946, 1, 0, 0
25004, 705099, 1, 0, 0
25512, 685246, 1, 0, 0
26014, 618683, 1, 0, 0
26502, 593935, 1, 0, 0
27005, 570180, 1, 0, 0
27511, 676397, 1, 0, 0
28001, 677305, 1, 0, 0
28511, 622254, 1, 0, 0
29007, 487987, 1, 0, 0
29509, 674622, 1, 0, 0
30008, 657177, 1, 0, 0
30500, 619592, 1, 0, 0
31008, 671542, 1, 0, 0
31502, 673571, 1, 0, 0
32005, 639589, 1, 0, 0
32512, 694861, 1, 0, 0
33000, 714987, 1, 0, 0
33501, 611910, 1, 0, 0
34005, 462233, 1, 0, 0
34502, 543656, 1, 0, 0
35005, 650740, 1, 0, 0
35508, 606293, 1, 0, 0
36006, 490043, 1, 0, 0
36504, 628060, 1, 0, 0
37004, 603482, 1, 0, 0
37508, 594957, 1, 0, 0
38008, 586639, 1, 0, 0
38506, 576784, 1, 0, 0
39003, 564540, 1, 0, 0
39510, 545855, 1, 0, 0
40004, 526441, 1, 0, 0
40501, 529021, 1, 0, 0
41006, 517239, 1, 0, 0
41500, 489567, 1, 0, 0
42002, 489800, 1, 0, 0
42507, 486880, 1, 0, 0
43003, 468881, 1, 0, 0
43500, 460154, 1, 0, 0
44004, 444616, 1, 0, 0
44508, 431689, 1, 0, 0
45009, 406755, 1, 0, 0
45508, 365083, 1, 0, 0
46010, 382352, 1, 0, 0
46507, 372557, 1, 0, 0
47000, 375690, 1, 0, 0
47500, 328578, 1, 0, 0
48002, 303393, 1, 0, 0
48508, 279270, 1, 0, 0
49000, 263314, 1, 0, 0
49501, 211189, 1, 0, 0
50000, 178235, 1, 0, 0
50500, 156113, 1, 0, 0
51000, 89002, 1, 0, 0
51500, 109657, 1, 0, 0
52009, 1036436, 1, 0, 0
52514, 1025637, 1, 0, 0
53004, 958607, 1, 0, 0
53507, 969856, 1, 0, 0
54000, 899859, 1, 0, 0
54508, 784066, 1, 0, 0
55000, 785363, 1, 0, 0
55503, 726260, 1, 0, 0
56013, 656999, 1, 0, 0
56500, 807372, 1, 0, 0
57007, 751075, 1, 0, 0
57509, 748106, 1, 0, 0
58005, 619001, 1, 0, 0
58500, 770476, 1, 0, 0
59001, 636034, 1, 0, 0
59501, 741298, 1, 0, 0
60001, 706952, 1, 0, 0
60001, 15524113, 1, 0, 0
