500, 478789, 1, 0, 0
1000, 476943, 1, 0, 0
1500, 478176, 1, 0, 0
2000, 480102, 1, 0, 0
2500, 483558, 1, 0, 0
3000, 479723, 1, 0, 0
3500, 479811, 1, 0, 0
4000, 478605, 1, 0, 0
4500, 480036, 1, 0, 0
5000, 477018, 1, 0, 0
5500, 479878, 1, 0, 0
6011, 642800, 1, 0, 0
6512, 7159423, 1, 0, 0
7000, 7493872, 1, 0, 0
7504, 6849743, 1, 0, 0
8007, 6943738, 1, 0, 0
8502, 7125149, 1, 0, 0
9001, 6607225, 1, 0, 0
9500, 6685439, 1, 0, 0
10013, 6351603, 1, 0, 0
10504, 6250546, 1, 0, 0
11000, 5988301, 1, 0, 0
11504, 5985730, 1, 0, 0
12013, 5579349, 1, 0, 0
12500, 5919053, 1, 0, 0
13003, 5450923, 1, 0, 0
13511, 5281419, 1, 0, 0
14000, 5455393, 1, 0, 0
14505, 5689934, 1, 0, 0
15013, 5612243, 1, 0, 0
15500, 5843968, 1, 0, 0
16001, 5829455, 1, 0, 0
16502, 5960737, 1, 0, 0
17003, 5801056, 1, 0, 0
17509, 5465860, 1, 0, 0
18010, 5668562, 1, 0, 0
18509, 5520400, 1, 0, 0
19013, 5234382, 1, 0, 0
19512, 5262669, 1, 0, 0
20009, 5305096, 1, 0, 0
20500, 5623658, 1, 0, 0
21000, 5163428, 1, 0, 0
21500, 5289047, 1, 0, 0
22014, 5086828, 1, 0, 0
22500, 4883960, 1, 0, 0
23009, 5051939, 1, 0, 0
23506, 4826337, 1, 0, 0
24011, 5413782, 1, 0, 0
24502, 5177872, 1, 0, 0
25005, 4820183, 1, 0, 0
25501, 4907548, 1, 0, 0
26000, 5341795, 1, 0, 0
26509, 4921307, 1, 0, 0
27000, 4905972, 1, 0, 0
27509, 4592607, 1, 0, 0
28005, 4551897, 1, 0, 0
28509, 4646893, 1, 0, 0
29002, 4392955, 1, 0, 0
29507, 4594411, 1, 0, 0
30000, 4323865, 1, 0, 0
30500, 4546346, 1, 0, 0
31000, 4582052, 1, 0, 0
31511, 4675088, 1, 0, 0
32000, 4350404, 1, 0, 0
32510, 4322887, 1, 0, 0
33012, 4004749, 1, 0, 0
33510, 4111326, 1, 0, 0
34000, 4427298, 1, 0, 0
34510, 4461626, 1, 0, 0
35000, 4257026, 1, 0, 0
35500, 4187256, 1, 0, 0
36007, 3864185, 1, 0, 0
36509, 4012496, 1, 0, 0
37000, 4193257, 1, 0, 0
37501, 4226658, 1, 0, 0
38000, 3959965, 1, 0, 0
38500, 3967270, 1, 0, 0
39010, 3939293, 1, 0, 0
39500, 3822364, 1, 0, 0
40007, 3575778, 1, 0, 0
40500, 3718173, 1, 0, 0
41006, 3432973, 1, 0, 0
41511, 3253239, 1, 0, 0
42006, 3606767, 1, 0, 0
42502, 3234317, 1, 0, 0
43004, 3040882, 1, 0, 0
43500, 2749871, 1, 0, 0
44000, 2875299, 1, 0, 0
44503, 2572169, 1, 0, 0
45000, 2503897, 1, 0, 0
45500, 2361895, 1, 0, 0
46006, 2218892, 1, 0, 0
46500, 2160749, 1, 0, 0
47000, 1822831, 1, 0, 0
47500, 1904102, 1, 0, 0
48000, 1414848, 1, 0, 0
48500, 1051859, 1, 0, 0
49000, 523750, 1, 0, 0
49510, 4178986, 1, 0, 0
50013, 7642895, 1, 0, 0
50500, 6994658, 1, 0, 0
51000, 7064840, 1, 0, 0
51510, 7133396, 1, 0, 0
52012, 6547534, 1, 0, 0
52505, 6520598, 1, 0, 0
53000, 6293558, 1, 0, 0
53515, 6116133, 1, 0, 0
54001, 6159775, 1, 0, 0
54507, 6083049, 1, 0, 0
55014, 5711125, 1, 0, 0
55505, 5445889, 1, 0, 0
56008, 5845911, 1, 0, 0
56514, 5461918, 1, 0, 0
57008, 6063074, 1, 0, 0
57511, 5589592, 1, 0, 0
58000, 5635656, 1, 0, 0
58500, 5894045, 1, 0, 0
59005, 5285529, 1, 0, 0
59500, 5355272, 1, 0, 0
60000, 5482656, 1, 0, 0
60000, 17664866, 1, 0, 0
