500, 66550, 1, 0, 0
1000, 66828, 1, 0, 0
1500, 66666, 1, 0, 0
2000, 66394, 1, 0, 0
2500, 65908, 1, 0, 0
3000, 66450, 1, 0, 0
3500, 66450, 1, 0, 0
4000, 66604, 1, 0, 0
4500, 66392, 1, 0, 0
5000, 66832, 1, 0, 0
5500, 66420, 1, 0, 0
6000, 49092, 1, 0, 0
6500, 4486, 1, 0, 0
7000, 4338, 1, 0, 0
7500, 4518, 1, 0, 0
8000, 4626, 1, 0, 0
8500, 4468, 1, 0, 0
9000, 4824, 1, 0, 0
9500, 4922, 1, 0, 0
10000, 5014, 1, 0, 0
10500, 5030, 1, 0, 0
11000, 5514, 1, 0, 0
11500, 5174, 1, 0, 0
12000, 5832, 1, 0, 0
12500, 5446, 1, 0, 0
13000, 5710, 1, 0, 0
13500, 6162, 1, 0, 0
14001, 5802, 1, 0, 0
14500, 5625, 1, 0, 0
15000, 5800, 1, 0, 0
15500, 5474, 1, 0, 0
16000, 5348, 1, 0, 0
16500, 5366, 1, 0, 0
17000, 5540, 1, 0, 0
17500, 5912, 1, 0, 0
18000, 5660, 1, 0, 0
18500, 5778, 1, 0, 0
19000, 6174, 1, 0, 0
19500, 6038, 1, 0, 0
20000, 6012, 1, 0, 0
20500, 5772, 1, 0, 0
21000, 6198, 1, 0, 0
21500, 6018, 1, 0, 0
22000, 6290, 1, 0, 0
22500, 6556, 1, 0, 0
23000, 6270, 1, 0, 0
23500, 6574, 1, 0, 0
24000, 5974, 1, 0, 0
24500, 6100, 1, 0, 0
25000, 6652, 1, 0, 0
25500, 6454, 1, 0, 0
26000, 5984, 1, 0, 0
26500, 6614, 1, 0, 0
27000, 6620, 1, 0, 0
27500, 6872, 1, 0, 0
28000, 6976, 1, 0, 0
28500, 6932, 1, 0, 0
29000, 7168, 1, 0, 0
29500, 7070, 1, 0, 0
30000, 7264, 1, 0, 0
30500, 7056, 1, 0, 0
31000, 7170, 1, 0, 0
31500, 6797, 1, 0, 0
32000, 7370, 1, 0, 0
32500, 7378, 1, 0, 0
33000, 8010, 1, 0, 0
33500, 7762, 1, 0, 0
34000, 7258, 1, 0, 0
34500, 7142, 1, 0, 0
35000, 7548, 1, 0, 0
35500, 7538, 1, 0, 0
36000, 8288, 1, 0, 0
36500, 7988, 1, 0, 0
37000, 7492, 1, 0, 0
37500, 7636, 1, 0, 0
38000, 8252, 1, 0, 0
38500, 8036, 1, 0, 0
39000, 8070, 1, 0, 0
39500, 8476, 1, 0, 0
40000, 8802, 1, 0, 0
40500, 8678, 1, 0, 0
41000, 9218, 1, 0, 0
41500, 9908, 1, 0, 0
42000, 8818, 1, 0, 0
42500, 9812, 1, 0, 0
43000, 10546, 1, 0, 0
43500, 11542, 1, 0, 0
44000, 11414, 1, 0, 0
44500, 12248, 1, 0, 0
45000, 12660, 1, 0, 0
45500, 13844, 1, 0, 0
46000, 14252, 1, 0, 0
46500, 15020, 1, 0, 0
47000, 17170, 1, 0, 0
47500, 17014, 1, 0, 0
48000, 22682, 1, 0, 0
48500, 30348, 1, 0, 0
49000, 60890, 1, 0, 0
49500, 7554, 1, 0, 0
50000, 4222, 1, 0, 0
50500, 4596, 1, 0, 0
51000, 4420, 1, 0, 0
51500, 4554, 1, 0, 0
52000, 4894, 1, 0, 0
52500, 4846, 1, 0, 0
53000, 5022, 1, 0, 0
53500, 5372, 1, 0, 0
54000, 5060, 1, 0, 0
54500, 5338, 1, 0, 0
55000, 5656, 1, 0, 0
55500, 5784, 1, 0, 0
56000, 5488, 1, 0, 0
56500, 5944, 1, 0, 0
57000, 5214, 1, 0, 0
57500, 5758, 1, 0, 0
58000, 5736, 1, 0, 0
58500, 5432, 1, 0, 0
59000, 5918, 1, 0, 0
59500, 6116, 1, 0, 0
60000, 5610, 1, 0, 0
