500, 1671, 1, 0, 0
1000, 1666, 1, 0, 0
1500, 1667, 1, 0, 0
2000, 1656, 1, 0, 0
2500, 1659, 1, 0, 0
3000, 1657, 1, 0, 0
3500, 1662, 1, 0, 0
4000, 1660, 1, 0, 0
4500, 1669, 1, 0, 0
5000, 1658, 1, 0, 0
5500, 1656, 1, 0, 0
6011, 1660, 1, 0, 0
6512, 1677, 1, 0, 0
7000, 1688, 1, 0, 0
7504, 1685, 1, 0, 0
8007, 1688, 1, 0, 0
8502, 1669, 1, 0, 0
9001, 1671, 1, 0, 0
9500, 1668, 1, 0, 0
10013, 1671, 1, 0, 0
10504, 1672, 1, 0, 0
11000, 1668, 1, 0, 0
11504, 1663, 1, 0, 0
12013, 1667, 1, 0, 0
12500, 1669, 1, 0, 0
13003, 1667, 1, 0, 0
13511, 1676, 1, 0, 0
14000, 1672, 1, 0, 0
14505, 1670, 1, 0, 0
15013, 1686, 1, 0, 0
15500, 1680, 1, 0, 0
16001, 1673, 1, 0, 0
16502, 1673, 1, 0, 0
17003, 1674, 1, 0, 0
17509, 1671, 1, 0, 0
18010, 1682, 1, 0, 0
18509, 1678, 1, 0, 0
19013, 1677, 1, 0, 0
19512, 1680, 1, 0, 0
20009, 1681, 1, 0, 0
20500, 1671, 1, 0, 0
21000, 1689, 1, 0, 0
21500, 1677, 1, 0, 0
22014, 1681, 1, 0, 0
22500, 1681, 1, 0, 0
23009, 1680, 1, 0, 0
23506, 1676, 1, 0, 0
24011, 1679, 1, 0, 0
24502, 1678, 1, 0, 0
25005, 1681, 1, 0, 0
25501, 1677, 1, 0, 0
26000, 1679, 1, 0, 0
26509, 1692, 1, 0, 0
27000, 1684, 1, 0, 0
27509, 1683, 1, 0, 0
28005, 1683, 1, 0, 0
28509, 1680, 1, 0, 0
29002, 1684, 1, 0, 0
29507, 1685, 1, 0, 0
30000, 1688, 1, 0, 0
30500, 1685, 1, 0, 0
31000, 1692, 1, 0, 0
31511, 1691, 1, 0, 0
32000, 1684, 1, 0, 0
32510, 1687, 1, 0, 0
33012, 1673, 1, 0, 0
33510, 1680, 1, 0, 0
34000, 1679, 1, 0, 0
34510, 1678, 1, 0, 0
35000, 1679, 1, 0, 0
35500, 1676, 1, 0, 0
36007, 1686, 1, 0, 0
36509, 1692, 1, 0, 0
37000, 1691, 1, 0, 0
37501, 1684, 1, 0, 0
38000, 1683, 1, 0, 0
38500, 1682, 1, 0, 0
39010, 1690, 1, 0, 0
39500, 1686, 1, 0, 0
40007, 1690, 1, 0, 0
40500, 1683, 1, 0, 0
41006, 1676, 1, 0, 0
41511, 1682, 1, 0, 0
42006, 1679, 1, 0, 0
42502, 1678, 1, 0, 0
43004, 1685, 1, 0, 0
43500, 1678, 1, 0, 0
44000, 1682, 1, 0, 0
44503, 1684, 1, 0, 0
45000, 1687, 1, 0, 0
45500, 1680, 1, 0, 0
46006, 1674, 1, 0, 0
46500, 1679, 1, 0, 0
47000, 1672, 1, 0, 0
47500, 1674, 1, 0, 0
48000, 1663, 1, 0, 0
48500, 1658, 1, 0, 0
49000, 1661, 1, 0, 0
49510, 1669, 1, 0, 0
50013, 1680, 1, 0, 0
50500, 1674, 1, 0, 0
51000, 1672, 1, 0, 0
51510, 1684, 1, 0, 0
52012, 1680, 1, 0, 0
52505, 1680, 1, 0, 0
53000, 1679, 1, 0, 0
53515, 1682, 1, 0, 0
54001, 1673, 1, 0, 0
54507, 1674, 1, 0, 0
55014, 1678, 1, 0, 0
55505, 1664, 1, 0, 0
56008, 1674, 1, 0, 0
56514, 1666, 1, 0, 0
57008, 1673, 1, 0, 0
57511, 1666, 1, 0, 0
58000, 1663, 1, 0, 0
58500, 1677, 1, 0, 0
59005, 1684, 1, 0, 0
59500, 1676, 1, 0, 0
60000, 1687, 1, 0, 0
