500, 480460, 1, 0, 0
1000, 478609, 1, 0, 0
1500, 479844, 1, 0, 0
2000, 481757, 1, 0, 0
2500, 485216, 1, 0, 0
3000, 481380, 1, 0, 0
3500, 481473, 1, 0, 0
4000, 480265, 1, 0, 0
4500, 481705, 1, 0, 0
5000, 478676, 1, 0, 0
5500, 481534, 1, 0, 0
6011, 644459, 1, 0, 0
6512, 7161098, 1, 0, 0
7000, 7495563, 1, 0, 0
7504, 6851428, 1, 0, 0
8007, 6945426, 1, 0, 0
8502, 7126818, 1, 0, 0
9001, 6608896, 1, 0, 0
9500, 6687108, 1, 0, 0
10013, 6353273, 1, 0, 0
10504, 6252218, 1, 0, 0
11000, 5989969, 1, 0, 0
11504, 5987393, 1, 0, 0
12013, 5581016, 1, 0, 0
12500, 5920723, 1, 0, 0
13003, 5452590, 1, 0, 0
13511, 5283095, 1, 0, 0
14000, 5457065, 1, 0, 0
14505, 5691604, 1, 0, 0
15013, 5613929, 1, 0, 0
15500, 5845649, 1, 0, 0
16001, 5831128, 1, 0, 0
16502, 5962410, 1, 0, 0
17003, 5802730, 1, 0, 0
17509, 5467531, 1, 0, 0
18010, 5670244, 1, 0, 0
18509, 5522078, 1, 0, 0
19013, 5236058, 1, 0, 0
19512, 5264350, 1, 0, 0
20009, 5306777, 1, 0, 0
20500, 5625328, 1, 0, 0
21000, 5165118, 1, 0, 0
21500, 5290724, 1, 0, 0
22014, 5088509, 1, 0, 0
22500, 4885640, 1, 0, 0
23009, 5053619, 1, 0, 0
23506, 4828013, 1, 0, 0
24011, 5415461, 1, 0, 0
24502, 5179550, 1, 0, 0
25005, 4821864, 1, 0, 0
25501, 4909225, 1, 0, 0
26000, 5343474, 1, 0, 0
26509, 4922999, 1, 0, 0
27000, 4907656, 1, 0, 0
27509, 4594290, 1, 0, 0
28005, 4553579, 1, 0, 0
28509, 4648574, 1, 0, 0
29002, 4394639, 1, 0, 0
29507, 4596096, 1, 0, 0
30000, 4325553, 1, 0, 0
30500, 4548032, 1, 0, 0
31000, 4583744, 1, 0, 0
31511, 4676780, 1, 0, 0
32000, 4352087, 1, 0, 0
32510, 4324573, 1, 0, 0
33012, 4006422, 1, 0, 0
33510, 4113006, 1, 0, 0
34000, 4428977, 1, 0, 0
34510, 4463305, 1, 0, 0
35000, 4258704, 1, 0, 0
35500, 4188932, 1, 0, 0
36007, 3865870, 1, 0, 0
36509, 4014188, 1, 0, 0
37000, 4194948, 1, 0, 0
37501, 4228341, 1, 0, 0
38000, 3961648, 1, 0, 0
38500, 3968952, 1, 0, 0
39010, 3940984, 1, 0, 0
39500, 3824050, 1, 0, 0
40007, 3577468, 1, 0, 0
40500, 3719857, 1, 0, 0
41006, 3434649, 1, 0, 0
41511, 3254921, 1, 0, 0
42006, 3608446, 1, 0, 0
42502, 3235994, 1, 0, 0
43004, 3042567, 1, 0, 0
43500, 2751549, 1, 0, 0
44000, 2876981, 1, 0, 0
44503, 2573853, 1, 0, 0
45000, 2505584, 1, 0, 0
45500, 2363575, 1, 0, 0
46006, 2220566, 1, 0, 0
46500, 2162428, 1, 0, 0
47000, 1824503, 1, 0, 0
47500, 1905776, 1, 0, 0
48000, 1416511, 1, 0, 0
48500, 1053517, 1, 0, 0
49000, 525411, 1, 0, 0
49510, 4180655, 1, 0, 0
50013, 7644574, 1, 0, 0
50500, 6996333, 1, 0, 0
51000, 7066512, 1, 0, 0
51510, 7135080, 1, 0, 0
52012, 6549214, 1, 0, 0
52505, 6522278, 1, 0, 0
53000, 6295236, 1, 0, 0
53515, 6117815, 1, 0, 0
54001, 6161449, 1, 0, 0
54507, 6084723, 1, 0, 0
55014, 5712804, 1, 0, 0
55505, 5447553, 1, 0, 0
56008, 5847585, 1, 0, 0
56514, 5463583, 1, 0, 0
57008, 6064748, 1, 0, 0
57511, 5591257, 1, 0, 0
58000, 5637319, 1, 0, 0
58500, 5895722, 1, 0, 0
59005, 5287212, 1, 0, 0
59500, 5356948, 1, 0, 0
60000, 5484343, 1, 0, 0
60000, 17666569, 1, 0, 0
