500, 2129472, 1, 0, 0
1000, 2138496, 1, 0, 0
1500, 2133312, 1, 0, 0
2000, 2124608, 1, 0, 0
2500, 2109056, 1, 0, 0
3000, 2126400, 1, 0, 0
3500, 2126400, 1, 0, 0
4000, 2131328, 1, 0, 0
4500, 2124544, 1, 0, 0
5000, 2138624, 1, 0, 0
5500, 2125440, 1, 0, 0
6000, 1570944, 1, 0, 0
6500, 143552, 1, 0, 0
7000, 138816, 1, 0, 0
7500, 144576, 1, 0, 0
8000, 148032, 1, 0, 0
8500, 142976, 1, 0, 0
9000, 154368, 1, 0, 0
9500, 157504, 1, 0, 0
10000, 160448, 1, 0, 0
10500, 160960, 1, 0, 0
11000, 176448, 1, 0, 0
11500, 165568, 1, 0, 0
12000, 186624, 1, 0, 0
12500, 174272, 1, 0, 0
13000, 182720, 1, 0, 0
13500, 197184, 1, 0, 0
14001, 185664, 1, 0, 0
14500, 180008, 1, 0, 0
15000, 185600, 1, 0, 0
15500, 175168, 1, 0, 0
16000, 171136, 1, 0, 0
16500, 171712, 1, 0, 0
17000, 177280, 1, 0, 0
17500, 189184, 1, 0, 0
18000, 181120, 1, 0, 0
18500, 184896, 1, 0, 0
19000, 197568, 1, 0, 0
19500, 193216, 1, 0, 0
20000, 192384, 1, 0, 0
20500, 184704, 1, 0, 0
21000, 198336, 1, 0, 0
21500, 192576, 1, 0, 0
22000, 201280, 1, 0, 0
22500, 209792, 1, 0, 0
23000, 200640, 1, 0, 0
23500, 210368, 1, 0, 0
24000, 191168, 1, 0, 0
24500, 195200, 1, 0, 0
25000, 212864, 1, 0, 0
25500, 206528, 1, 0, 0
26000, 191488, 1, 0, 0
26500, 211648, 1, 0, 0
27000, 211840, 1, 0, 0
27500, 219904, 1, 0, 0
28000, 223232, 1, 0, 0
28500, 221824, 1, 0, 0
29000, 229376, 1, 0, 0
29500, 226240, 1, 0, 0
30000, 232448, 1, 0, 0
30500, 225792, 1, 0, 0
31000, 229440, 1, 0, 0
31500, 217523, 1, 0, 0
32000, 235840, 1, 0, 0
32500, 236096, 1, 0, 0
33000, 256320, 1, 0, 0
33500, 248384, 1, 0, 0
34000, 232256, 1, 0, 0
34500, 228544, 1, 0, 0
35000, 241536, 1, 0, 0
35500, 241216, 1, 0, 0
36000, 265216, 1, 0, 0
36500, 255616, 1, 0, 0
37000, 239744, 1, 0, 0
37500, 244352, 1, 0, 0
38000, 264064, 1, 0, 0
38500, 257088, 1, 0, 0
39000, 258240, 1, 0, 0
39500, 271232, 1, 0, 0
40000, 281664, 1, 0, 0
40500, 277696, 1, 0, 0
41000, 294976, 1, 0, 0
41500, 317056, 1, 0, 0
42000, 282176, 1, 0, 0
42500, 313984, 1, 0, 0
43000, 337472, 1, 0, 0
43500, 369344, 1, 0, 0
44000, 365248, 1, 0, 0
44500, 391936, 1, 0, 0
45000, 405120, 1, 0, 0
45500, 443008, 1, 0, 0
46000, 456064, 1, 0, 0
46500, 480640, 1, 0, 0
47000, 549440, 1, 0, 0
47500, 544448, 1, 0, 0
48000, 725824, 1, 0, 0
48500, 971158, 1, 0, 0
49000, 1948480, 1, 0, 0
49500, 241728, 1, 0, 0
50000, 135104, 1, 0, 0
50500, 147072, 1, 0, 0
51000, 141440, 1, 0, 0
51500, 145728, 1, 0, 0
52000, 156608, 1, 0, 0
52500, 155072, 1, 0, 0
53000, 160704, 1, 0, 0
53500, 171904, 1, 0, 0
54000, 161920, 1, 0, 0
54500, 170816, 1, 0, 0
55000, 180992, 1, 0, 0
55500, 185088, 1, 0, 0
56000, 175616, 1, 0, 0
56500, 190208, 1, 0, 0
57000, 166848, 1, 0, 0
57500, 184256, 1, 0, 0
58000, 183552, 1, 0, 0
58500, 173824, 1, 0, 0
59000, 189376, 1, 0, 0
59500, 195712, 1, 0, 0
60000, 179520, 1, 0, 0
