500, 266304, 1, 0, 0
1000, 267648, 1, 0, 0
1500, 267032, 1, 0, 0
2000, 266176, 1, 0, 0
2500, 265264, 1, 0, 0
3000, 265224, 1, 0, 0
3500, 267232, 1, 0, 0
4000, 268208, 1, 0, 0
4500, 267240, 1, 0, 0
5000, 265536, 1, 0, 0
5500, 266272, 1, 0, 0
6000, 214864, 1, 0, 0
6500, 101352, 1, 0, 0
7000, 103640, 1, 0, 0
7500, 95440, 1, 0, 0
8000, 87863, 1, 0, 0
8500, 92568, 1, 0, 0
9000, 86696, 1, 0, 0
9500, 86808, 1, 0, 0
10000, 84328, 1, 0, 0
10500, 84120, 1, 0, 0
11000, 82848, 1, 0, 0
11500, 82448, 1, 0, 0
12000, 80936, 1, 0, 0
12500, 85544, 1, 0, 0
13000, 81360, 1, 0, 0
13500, 68944, 1, 0, 0
14000, 71304, 1, 0, 0
14500, 67144, 1, 0, 0
15000, 75416, 1, 0, 0
15500, 66072, 1, 0, 0
16000, 65328, 1, 0, 0
16500, 63792, 1, 0, 0
17000, 64744, 1, 0, 0
17500, 59136, 1, 0, 0
18000, 57656, 1, 0, 0
18500, 58312, 1, 0, 0
19000, 55320, 1, 0, 0
19500, 57048, 1, 0, 0
20000, 63088, 1, 0, 0
20500, 52168, 1, 0, 0
21000, 53272, 1, 0, 0
21500, 56808, 1, 0, 0
22000, 56176, 1, 0, 0
22500, 50984, 1, 0, 0
23000, 53088, 1, 0, 0
23500, 49520, 1, 0, 0
24000, 48728, 1, 0, 0
24500, 49992, 1, 0, 0
25000, 47486, 1, 0, 0
25500, 50368, 1, 0, 0
26000, 46992, 1, 0, 0
26500, 46208, 1, 0, 0
27000, 44040, 1, 0, 0
27500, 43960, 1, 0, 0
28000, 47280, 1, 0, 0
28500, 44712, 1, 0, 0
29000, 43720, 1, 0, 0
29500, 44240, 1, 0, 0
30000, 45104, 1, 0, 0
30500, 42560, 1, 0, 0
31000, 42552, 1, 0, 0
31500, 41504, 1, 0, 0
32000, 48072, 1, 0, 0
32500, 42392, 1, 0, 0
33000, 39560, 1, 0, 0
33500, 41368, 1, 0, 0
34000, 41432, 1, 0, 0
34500, 40528, 1, 0, 0
35000, 39336, 1, 0, 0
35500, 39088, 1, 0, 0
36000, 38704, 1, 0, 0
36500, 39912, 1, 0, 0
37000, 44040, 1, 0, 0
37500, 37488, 1, 0, 0
38000, 37272, 1, 0, 0
38500, 35624, 1, 0, 0
39000, 37976, 1, 0, 0
39500, 35104, 1, 0, 0
40000, 35416, 1, 0, 0
40500, 35448, 1, 0, 0
41000, 35944, 1, 0, 0
41500, 36384, 1, 0, 0
42000, 37064, 1, 0, 0
42500, 33136, 1, 0, 0
43000, 36160, 1, 0, 0
43500, 34576, 1, 0, 0
44000, 37344, 1, 0, 0
44501, 35840, 1, 0, 0
45000, 36056, 1, 0, 0
45500, 33208, 1, 0, 0
46000, 34360, 1, 0, 0
46500, 34936, 1, 0, 0
47000, 36792, 1, 0, 0
47500, 33568, 1, 0, 0
48000, 32256, 1, 0, 0
48500, 34904, 1, 0, 0
49000, 33696, 1, 0, 0
49500, 36008, 1, 0, 0
50000, 30680, 1, 0, 0
50500, 30952, 1, 0, 0
51000, 30192, 1, 0, 0
51500, 32120, 1, 0, 0
52000, 31032, 1, 0, 0
52500, 32504, 1, 0, 0
53000, 31344, 1, 0, 0
53500, 31648, 1, 0, 0
54000, 34112, 1, 0, 0
54500, 31880, 1, 0, 0
55000, 32520, 1, 0, 0
55500, 31096, 1, 0, 0
56000, 31064, 1, 0, 0
56500, 32680, 1, 0, 0
57000, 31408, 1, 0, 0
57500, 31056, 1, 0, 0
58000, 30904, 1, 0, 0
58500, 29344, 1, 0, 0
59000, 29832, 1, 0, 0
59500, 27568, 1, 0, 0
60000, 31280, 1, 0, 0
