500, 480572, 1, 0, 0
1000, 478099, 1, 0, 0
1500, 479183, 1, 0, 0
2000, 480660, 1, 0, 0
2500, 482370, 1, 0, 0
3000, 482452, 1, 0, 0
3500, 478800, 1, 0, 0
4000, 477114, 1, 0, 0
4500, 478681, 1, 0, 0
5000, 481810, 1, 0, 0
5500, 480609, 1, 0, 0
6000, 594924, 1, 0, 0
6500, 1261496, 1, 0, 0
7000, 1238517, 1, 0, 0
7500, 1339953, 1, 0, 0
8000, 1451581, 1, 0, 0
8500, 1382796, 1, 0, 0
9002, 1467718, 1, 0, 0
9500, 1483711, 1, 0, 0
10000, 1517996, 1, 0, 0
10500, 1516263, 1, 0, 0
11004, 1543235, 1, 0, 0
11500, 1560585, 1, 0, 0
12000, 1581401, 1, 0, 0
12505, 1490002, 1, 0, 0
13000, 1579347, 1, 0, 0
13500, 1854377, 1, 0, 0
14000, 1799504, 1, 0, 0
14500, 1874805, 1, 0, 0
15000, 1695125, 1, 0, 0
15500, 1969614, 1, 0, 0
16006, 1943809, 1, 0, 0
16505, 1998782, 1, 0, 0
17003, 1977620, 1, 0, 0
17507, 2174856, 1, 0, 0
18000, 2234476, 1, 0, 0
18502, 2161923, 1, 0, 0
19002, 2312453, 1, 0, 0
19507, 2268489, 1, 0, 0
20007, 2023443, 1, 0, 0
20504, 2443369, 1, 0, 0
21000, 2381188, 1, 0, 0
21504, 2266749, 1, 0, 0
22004, 2278328, 1, 0, 0
22500, 2560715, 1, 0, 0
23006, 2369254, 1, 0, 0
23506, 2583437, 1, 0, 0
24002, 2613998, 1, 0, 0
24504, 2565303, 1, 0, 0
25000, 2732555, 1, 0, 0
25503, 2503610, 1, 0, 0
26003, 2729200, 1, 0, 0
26502, 2758316, 1, 0, 0
27000, 2950477, 1, 0, 0
27500, 2868515, 1, 0, 0
28009, 2744107, 1, 0, 0
28506, 2853203, 1, 0, 0
29000, 2953827, 1, 0, 0
29507, 2865286, 1, 0, 0
30009, 2838955, 1, 0, 0
30503, 2984951, 1, 0, 0
31003, 3013443, 1, 0, 0
31501, 3059545, 1, 0, 0
32000, 2726847, 1, 0, 0
32505, 2967838, 1, 0, 0
33005, 3232338, 1, 0, 0
33501, 3070946, 1, 0, 0
34010, 3146116, 1, 0, 0
34500, 3171903, 1, 0, 0
35002, 3182940, 1, 0, 0
35504, 3286857, 1, 0, 0
36003, 3296241, 1, 0, 0
36500, 3252867, 1, 0, 0
37000, 2925736, 1, 0, 0
37510, 3396985, 1, 0, 0
38000, 3448318, 1, 0, 0
38503, 3535352, 1, 0, 0
39011, 3415552, 1, 0, 0
39500, 3648134, 1, 0, 0
40000, 3615980, 1, 0, 0
40501, 3535153, 1, 0, 0
41004, 3597732, 1, 0, 0
41508, 3526057, 1, 0, 0
42002, 3434017, 1, 0, 0
42500, 3832387, 1, 0, 0
43012, 3616346, 1, 0, 0
43500, 3620669, 1, 0, 0
44002, 3431505, 1, 0, 0
44500, 3697183, 1, 0, 0
45011, 3501397, 1, 0, 0
45500, 3794103, 1, 0, 0
46002, 3743301, 1, 0, 0
46503, 3642085, 1, 0, 0
47001, 3479873, 1, 0, 0
47501, 3810490, 1, 0, 0
48002, 3958283, 1, 0, 0
48506, 3699145, 1, 0, 0
49012, 3843445, 1, 0, 0
49500, 3562979, 1, 0, 0
50000, 4173743, 1, 0, 0
50510, 4108046, 1, 0, 0
51002, 4191800, 1, 0, 0
51505, 3979778, 1, 0, 0
52004, 4116276, 1, 0, 0
52510, 3997828, 1, 0, 0
53002, 4009307, 1, 0, 0
53508, 4106473, 1, 0, 0
54005, 3719715, 1, 0, 0
54507, 4037164, 1, 0, 0
55002, 3888258, 1, 0, 0
55512, 4189912, 1, 0, 0
56005, 4085720, 1, 0, 0
56505, 3911694, 1, 0, 0
57007, 4091501, 1, 0, 0
57500, 4103734, 1, 0, 0
58008, 4169485, 1, 0, 0
58500, 4383952, 1, 0, 0
59010, 4289393, 1, 0, 0
59501, 4529305, 1, 0, 0
60002, 4123887, 1, 0, 0
60004, 14931977, 1, 0, 0
