500, 66576, 1, 0, 0
1000, 66912, 1, 0, 0
1500, 66758, 1, 0, 0
2000, 66544, 1, 0, 0
2500, 66316, 1, 0, 0
3000, 66306, 1, 0, 0
3500, 66808, 1, 0, 0
4000, 67052, 1, 0, 0
4500, 66810, 1, 0, 0
5000, 66384, 1, 0, 0
5500, 66568, 1, 0, 0
6000, 53716, 1, 0, 0
6500, 25338, 1, 0, 0
7000, 25910, 1, 0, 0
7500, 23860, 1, 0, 0
8000, 21965, 1, 0, 0
8500, 23142, 1, 0, 0
9000, 21674, 1, 0, 0
9500, 21702, 1, 0, 0
10000, 21082, 1, 0, 0
10500, 21030, 1, 0, 0
11000, 20712, 1, 0, 0
11500, 20612, 1, 0, 0
12000, 20234, 1, 0, 0
12500, 21386, 1, 0, 0
13000, 20340, 1, 0, 0
13500, 17236, 1, 0, 0
14000, 17826, 1, 0, 0
14500, 16786, 1, 0, 0
15000, 18854, 1, 0, 0
15500, 16518, 1, 0, 0
16000, 16332, 1, 0, 0
16500, 15948, 1, 0, 0
17000, 16186, 1, 0, 0
17500, 14784, 1, 0, 0
18000, 14414, 1, 0, 0
18500, 14578, 1, 0, 0
19000, 13830, 1, 0, 0
19500, 14262, 1, 0, 0
20000, 15772, 1, 0, 0
20500, 13042, 1, 0, 0
21000, 13318, 1, 0, 0
21500, 14202, 1, 0, 0
22000, 14044, 1, 0, 0
22500, 12746, 1, 0, 0
23000, 13272, 1, 0, 0
23500, 12380, 1, 0, 0
24000, 12182, 1, 0, 0
24500, 12498, 1, 0, 0
25000, 11871, 1, 0, 0
25500, 12592, 1, 0, 0
26000, 11748, 1, 0, 0
26500, 11552, 1, 0, 0
27000, 11010, 1, 0, 0
27500, 10990, 1, 0, 0
28000, 11820, 1, 0, 0
28500, 11178, 1, 0, 0
29000, 10930, 1, 0, 0
29500, 11060, 1, 0, 0
30000, 11276, 1, 0, 0
30500, 10640, 1, 0, 0
31000, 10638, 1, 0, 0
31500, 10376, 1, 0, 0
32000, 12018, 1, 0, 0
32500, 10598, 1, 0, 0
33000, 9890, 1, 0, 0
33500, 10342, 1, 0, 0
34000, 10358, 1, 0, 0
34500, 10132, 1, 0, 0
35000, 9834, 1, 0, 0
35500, 9772, 1, 0, 0
36000, 9676, 1, 0, 0
36500, 9978, 1, 0, 0
37000, 11010, 1, 0, 0
37500, 9372, 1, 0, 0
38000, 9318, 1, 0, 0
38500, 8906, 1, 0, 0
39000, 9494, 1, 0, 0
39500, 8776, 1, 0, 0
40000, 8854, 1, 0, 0
40500, 8862, 1, 0, 0
41000, 8986, 1, 0, 0
41500, 9096, 1, 0, 0
42000, 9266, 1, 0, 0
42500, 8284, 1, 0, 0
43000, 9040, 1, 0, 0
43500, 8644, 1, 0, 0
44000, 9336, 1, 0, 0
44501, 8960, 1, 0, 0
45000, 9014, 1, 0, 0
45500, 8302, 1, 0, 0
46000, 8590, 1, 0, 0
46500, 8734, 1, 0, 0
47000, 9198, 1, 0, 0
47500, 8392, 1, 0, 0
48000, 8064, 1, 0, 0
48500, 8726, 1, 0, 0
49000, 8424, 1, 0, 0
49500, 9002, 1, 0, 0
50000, 7670, 1, 0, 0
50500, 7738, 1, 0, 0
51000, 7548, 1, 0, 0
51500, 8030, 1, 0, 0
52000, 7758, 1, 0, 0
52500, 8126, 1, 0, 0
53000, 7836, 1, 0, 0
53500, 7912, 1, 0, 0
54000, 8528, 1, 0, 0
54500, 7970, 1, 0, 0
55000, 8130, 1, 0, 0
55500, 7774, 1, 0, 0
56000, 7766, 1, 0, 0
56500, 8170, 1, 0, 0
57000, 7852, 1, 0, 0
57500, 7764, 1, 0, 0
58000, 7726, 1, 0, 0
58500, 7336, 1, 0, 0
59000, 7458, 1, 0, 0
59500, 6892, 1, 0, 0
60000, 7820, 1, 0, 0
