500, 945, 1, 0, 0
1000, 940, 1, 0, 0
1500, 940, 1, 0, 0
2000, 941, 1, 0, 0
2500, 936, 1, 0, 0
3000, 940, 1, 0, 0
3500, 939, 1, 0, 0
4000, 944, 1, 0, 0
4500, 940, 1, 0, 0
5000, 940, 1, 0, 0
5500, 941, 1, 0, 0
6000, 949, 1, 0, 0
6500, 957, 1, 0, 0
7000, 962, 1, 0, 0
7500, 965, 1, 0, 0
8000, 959, 1, 0, 0
8500, 960, 1, 0, 0
9002, 962, 1, 0, 0
9500, 960, 1, 0, 0
10000, 961, 1, 0, 0
10500, 962, 1, 0, 0
11004, 961, 1, 0, 0
11500, 964, 1, 0, 0
12000, 959, 1, 0, 0
12505, 973, 1, 0, 0
13000, 961, 1, 0, 0
13500, 966, 1, 0, 0
14000, 964, 1, 0, 0
14500, 964, 1, 0, 0
15000, 959, 1, 0, 0
15500, 964, 1, 0, 0
16006, 960, 1, 0, 0
16505, 960, 1, 0, 0
17003, 962, 1, 0, 0
17507, 961, 1, 0, 0
18000, 973, 1, 0, 0
18502, 959, 1, 0, 0
19002, 961, 1, 0, 0
19507, 963, 1, 0, 0
20007, 961, 1, 0, 0
20504, 966, 1, 0, 0
21000, 966, 1, 0, 0
21504, 973, 1, 0, 0
22004, 979, 1, 0, 0
22500, 972, 1, 0, 0
23006, 973, 1, 0, 0
23506, 976, 1, 0, 0
24002, 976, 1, 0, 0
24504, 976, 1, 0, 0
25000, 977, 1, 0, 0
25503, 976, 1, 0, 0
26003, 978, 1, 0, 0
26502, 970, 1, 0, 0
27000, 967, 1, 0, 0
27500, 970, 1, 0, 0
28009, 965, 1, 0, 0
28506, 965, 1, 0, 0
29000, 964, 1, 0, 0
29507, 968, 1, 0, 0
30009, 969, 1, 0, 0
30503, 966, 1, 0, 0
31003, 972, 1, 0, 0
31501, 977, 1, 0, 0
32000, 974, 1, 0, 0
32505, 975, 1, 0, 0
33005, 973, 1, 0, 0
33501, 970, 1, 0, 0
34010, 972, 1, 0, 0
34500, 972, 1, 0, 0
35002, 974, 1, 0, 0
35504, 968, 1, 0, 0
36003, 973, 1, 0, 0
36500, 971, 1, 0, 0
37000, 966, 1, 0, 0
37510, 971, 1, 0, 0
38000, 970, 1, 0, 0
38503, 976, 1, 0, 0
39011, 972, 1, 0, 0
39500, 972, 1, 0, 0
40000, 970, 1, 0, 0
40501, 975, 1, 0, 0
41004, 978, 1, 0, 0
41508, 986, 1, 0, 0
42002, 976, 1, 0, 0
42500, 973, 1, 0, 0
43012, 976, 1, 0, 0
43500, 973, 1, 0, 0
44002, 980, 1, 0, 0
44500, 975, 1, 0, 0
45011, 974, 1, 0, 0
45500, 975, 1, 0, 0
46002, 974, 1, 0, 0
46503, 965, 1, 0, 0
47001, 970, 1, 0, 0
47501, 975, 1, 0, 0
48002, 978, 1, 0, 0
48506, 976, 1, 0, 0
49012, 980, 1, 0, 0
49500, 971, 1, 0, 0
50000, 971, 1, 0, 0
50510, 973, 1, 0, 0
51002, 973, 1, 0, 0
51505, 974, 1, 0, 0
52004, 973, 1, 0, 0
52510, 974, 1, 0, 0
53002, 976, 1, 0, 0
53508, 977, 1, 0, 0
54005, 972, 1, 0, 0
54507, 977, 1, 0, 0
55002, 978, 1, 0, 0
55512, 978, 1, 0, 0
56005, 984, 1, 0, 0
56505, 976, 1, 0, 0
57007, 980, 1, 0, 0
57500, 988, 1, 0, 0
58008, 1078, 1, 0, 0
58500, 975, 1, 0, 0
59010, 972, 1, 0, 0
59501, 964, 1, 0, 0
60004, 963, 1, 0, 0
