500, 479627, 1, 0, 0
1000, 477158, 1, 0, 0
1500, 478242, 1, 0, 0
2000, 479719, 1, 0, 0
2500, 481435, 1, 0, 0
3000, 481513, 1, 0, 0
3500, 477860, 1, 0, 0
4000, 476171, 1, 0, 0
4500, 477741, 1, 0, 0
5000, 480870, 1, 0, 0
5500, 479668, 1, 0, 0
6000, 593975, 1, 0, 0
6500, 1260538, 1, 0, 0
7000, 1237556, 1, 0, 0
7500, 1338989, 1, 0, 0
8000, 1450621, 1, 0, 0
8500, 1381836, 1, 0, 0
9002, 1466756, 1, 0, 0
9500, 1482751, 1, 0, 0
10000, 1517036, 1, 0, 0
10500, 1515301, 1, 0, 0
11004, 1542274, 1, 0, 0
11500, 1559621, 1, 0, 0
12000, 1580443, 1, 0, 0
12505, 1489029, 1, 0, 0
13000, 1578386, 1, 0, 0
13500, 1853411, 1, 0, 0
14000, 1798540, 1, 0, 0
14500, 1873841, 1, 0, 0
15000, 1694166, 1, 0, 0
15500, 1968650, 1, 0, 0
16006, 1942849, 1, 0, 0
16505, 1997822, 1, 0, 0
17003, 1976659, 1, 0, 0
17507, 2173895, 1, 0, 0
18000, 2233503, 1, 0, 0
18502, 2160964, 1, 0, 0
19002, 2311492, 1, 0, 0
19507, 2267526, 1, 0, 0
20007, 2022483, 1, 0, 0
20504, 2442403, 1, 0, 0
21000, 2380221, 1, 0, 0
21504, 2265776, 1, 0, 0
22004, 2277349, 1, 0, 0
22500, 2559743, 1, 0, 0
23006, 2368280, 1, 0, 0
23506, 2582462, 1, 0, 0
24002, 2613022, 1, 0, 0
24504, 2564327, 1, 0, 0
25000, 2731579, 1, 0, 0
25503, 2502634, 1, 0, 0
26003, 2728221, 1, 0, 0
26502, 2757346, 1, 0, 0
27000, 2949510, 1, 0, 0
27500, 2867545, 1, 0, 0
28009, 2743142, 1, 0, 0
28506, 2852239, 1, 0, 0
29000, 2952863, 1, 0, 0
29507, 2864318, 1, 0, 0
30009, 2837986, 1, 0, 0
30503, 2983984, 1, 0, 0
31003, 3012471, 1, 0, 0
31501, 3058569, 1, 0, 0
32000, 2725874, 1, 0, 0
32505, 2966863, 1, 0, 0
33005, 3231365, 1, 0, 0
33501, 3069977, 1, 0, 0
34010, 3145145, 1, 0, 0
34500, 3170931, 1, 0, 0
35002, 3181966, 1, 0, 0
35504, 3285889, 1, 0, 0
36003, 3295268, 1, 0, 0
36500, 3251896, 1, 0, 0
37000, 2924769, 1, 0, 0
37510, 3396014, 1, 0, 0
38000, 3447348, 1, 0, 0
38503, 3534375, 1, 0, 0
39011, 3414581, 1, 0, 0
39500, 3647163, 1, 0, 0
40000, 3615010, 1, 0, 0
40501, 3534178, 1, 0, 0
41004, 3596754, 1, 0, 0
41508, 3525071, 1, 0, 0
42002, 3433041, 1, 0, 0
42500, 3831414, 1, 0, 0
43012, 3615369, 1, 0, 0
43500, 3619696, 1, 0, 0
44002, 3430525, 1, 0, 0
44500, 3696208, 1, 0, 0
45011, 3500423, 1, 0, 0
45500, 3793128, 1, 0, 0
46002, 3742327, 1, 0, 0
46503, 3641120, 1, 0, 0
47001, 3478903, 1, 0, 0
47501, 3809516, 1, 0, 0
48002, 3957306, 1, 0, 0
48506, 3698169, 1, 0, 0
49012, 3842466, 1, 0, 0
49500, 3562008, 1, 0, 0
50000, 4172772, 1, 0, 0
50510, 4107074, 1, 0, 0
51002, 4190827, 1, 0, 0
51505, 3978804, 1, 0, 0
52004, 4115302, 1, 0, 0
52510, 3996854, 1, 0, 0
53002, 4008331, 1, 0, 0
53508, 4105495, 1, 0, 0
54005, 3718743, 1, 0, 0
54507, 4036187, 1, 0, 0
55002, 3887280, 1, 0, 0
55512, 4188934, 1, 0, 0
56005, 4084736, 1, 0, 0
56505, 3910718, 1, 0, 0
57007, 4090521, 1, 0, 0
57500, 4102756, 1, 0, 0
58008, 4168397, 1, 0, 0
58500, 4382977, 1, 0, 0
59010, 4288421, 1, 0, 0
59501, 4528341, 1, 0, 0
60002, 4122925, 1, 0, 0
60004, 14931009, 1, 0, 0
