[69185.864417] KSC2026-MARK map32k_bs4k_r2 insmod 1791444948346590683
[69185.888654] NVMeVirt: Version 1.10 for >> Samsung 970 Pro SSD <<
[69185.888673] NVMeVirt: Storage: 0x300100000-0x600000000 (12287 MiB)
[69185.902630] NVMeVirt: Total Capacity(GiB,MiB)=3,3072 chs=2 luns=4 lines=384 blk-size(MiB,KiB)=2,2048 line-size(MiB,KiB)=8,8192
[69185.902636] NVMeVirt: KSC2026: mapping unit=32768 B, flash page=32768 B, oneshot page=32768 B, pgs_per_blk=64, blks_per_pl=384, write buffer=1048576 B
[69185.907734] NVMeVirt: [chmodel_init] bandwidth 800 max_credits 26 tx_time 152
[69185.911064] NVMeVirt: [chmodel_init] bandwidth 800 max_credits 26 tx_time 152
[69185.911074] NVMeVirt: [chmodel_init] bandwidth 3360 max_credits 110 tx_time 36
[69185.911253] NVMeVirt: pqueue: Copyright (c) 2014, Volkan Yazıcı <volkan.yazici@gmail.com>. All rights reserved.
[69185.911255] NVMeVirt: Init FTL instance with 2 channels (98304 pages)
[69185.914466] NVMeVirt: [chmodel_init] bandwidth 800 max_credits 26 tx_time 152
[69185.917585] NVMeVirt: [chmodel_init] bandwidth 800 max_credits 26 tx_time 152
[69185.917595] NVMeVirt: [chmodel_init] bandwidth 3360 max_credits 110 tx_time 36
[69185.917763] NVMeVirt: Init FTL instance with 2 channels (98304 pages)
[69185.920902] NVMeVirt: [chmodel_init] bandwidth 800 max_credits 26 tx_time 152
[69185.924037] NVMeVirt: [chmodel_init] bandwidth 800 max_credits 26 tx_time 152
[69185.924047] NVMeVirt: [chmodel_init] bandwidth 3360 max_credits 110 tx_time 36
[69185.924245] NVMeVirt: Init FTL instance with 2 channels (98304 pages)
[69185.927336] NVMeVirt: [chmodel_init] bandwidth 800 max_credits 26 tx_time 152
[69185.930450] NVMeVirt: [chmodel_init] bandwidth 800 max_credits 26 tx_time 152
[69185.930462] NVMeVirt: [chmodel_init] bandwidth 3360 max_credits 110 tx_time 36
[69185.930633] NVMeVirt: Init FTL instance with 2 channels (98304 pages)
[69185.930636] NVMeVirt: FTL physical space: 12883853312, logical space: 12040984403 (physical/logical * 100 = 107)
[69185.930637] NVMeVirt: KSC2026: WBUF_FIX=1 GC_STATS=1
[69185.930637] NVMeVirt: ns 0/1: size 11483 MiB
[69185.930667] PCI host bridge to bus 0001:10
[69185.930668] pci_bus 0001:10: root bus resource [io  0x0000-0xffff]
[69185.930670] pci_bus 0001:10: root bus resource [mem 0x00000000-0x3fffffffffff]
[69185.930671] pci_bus 0001:10: root bus resource [bus 00-ff]
[69185.930676] pci 0001:10:00.0: [0c51:0110] type 00 class 0x010802 PCIe Endpoint
[69185.930679] pci 0001:10:00.0: BAR 0 [mem 0x300000000-0x300003fff 64bit]
[69185.930680] pci 0001:10:00.0: enabling Extended Tags
[69185.930776] NVMeVirt: Virtual PCI bus created (node 0)
[69185.930983] NVMeVirt: nvmev_io_worker_0 started on cpu 4 (node 0)
[69185.931168] NVMeVirt: nvmev_io_worker_1 started on cpu 5 (node 0)
[69185.931850] NVMeVirt: nvmev_dispatcher started on cpu 3 (node 0)
[69185.931926] nvme nvme1: pci function 0001:10:00.0
[69185.935295] nvme nvme1: 1/0/0 default/read/poll queues
[69185.936355] NVMeVirt: Virtual NVMe device created
[69186.982588] tee (69523): drop_caches: 3
[69192.024848] KSC2026-MARK map32k_bs4k_r2 fio-start 1791444954515074432
[69198.118372] NVMeVirt: KSC2026: first GC part=0 victim line=8 vpc=79 ipc=177 free_lines=2 host_pgs=97280
[69198.155181] NVMeVirt: KSC2026: first GC part=1 victim line=34 vpc=77 ipc=179 free_lines=2 host_pgs=97280
[69198.178397] NVMeVirt: KSC2026: first GC part=2 victim line=26 vpc=82 ipc=174 free_lines=2 host_pgs=97280
[69198.200666] NVMeVirt: KSC2026: first GC part=3 victim line=29 vpc=80 ipc=176 free_lines=2 host_pgs=97280
[69253.057537] KSC2026-MARK map32k_bs4k_r2 fio-end
[69253.061527] KSC2026-MARK map32k_bs4k_r2 rmmod 1791445015558504724
[69253.121868] pci_bus 0001:10: busn_res: [bus 10-ff] is released
[69253.121990] NVMeVirt: KSC2026: stats part=0 host_pgs=262016 gc_pgs=294586 gc_cnt=1793 free_lines=2
[69253.121992] NVMeVirt: KSC2026: stats part=1 host_pgs=262111 gc_pgs=299091 gc_cnt=1811 free_lines=2
[69253.121993] NVMeVirt: KSC2026: stats part=2 host_pgs=261597 gc_pgs=295764 gc_cnt=1796 free_lines=2
[69253.121993] NVMeVirt: KSC2026: stats part=3 host_pgs=261006 gc_pgs=291505 gc_cnt=1777 free_lines=2
[69253.142720] NVMeVirt: Virtual NVMe device closed
