500, 69594, 1, 0, 0
1000, 69690, 1, 0, 0
1500, 69718, 1, 0, 0
2000, 69462, 1, 0, 0
2500, 68880, 1, 0, 0
3000, 69932, 1, 0, 0
3500, 69416, 1, 0, 0
4000, 69272, 1, 0, 0
4500, 69672, 1, 0, 0
5000, 69428, 1, 0, 0
5500, 69832, 1, 0, 0
6000, 18422, 1, 0, 0
6500, 4390, 1, 0, 0
7000, 4528, 1, 0, 0
7500, 4400, 1, 0, 0
8000, 4944, 1, 0, 0
8500, 5184, 1, 0, 0
9000, 5000, 1, 0, 0
9500, 5478, 1, 0, 0
10000, 5706, 1, 0, 0
10500, 5984, 1, 0, 0
11000, 6684, 1, 0, 0
11500, 6644, 1, 0, 0
12000, 5748, 1, 0, 0
12500, 6824, 1, 0, 0
13000, 6412, 1, 0, 0
13500, 5992, 1, 0, 0
14000, 6196, 1, 0, 0
14500, 5888, 1, 0, 0
15000, 6772, 1, 0, 0
15500, 6956, 1, 0, 0
16000, 6516, 1, 0, 0
16500, 6120, 1, 0, 0
17000, 6504, 1, 0, 0
17500, 7016, 1, 0, 0
18000, 6108, 1, 0, 0
18500, 5220, 1, 0, 0
19000, 6376, 1, 0, 0
19500, 7156, 1, 0, 0
20000, 5944, 1, 0, 0
20500, 6480, 1, 0, 0
21000, 7612, 1, 0, 0
21500, 8004, 1, 0, 0
22000, 5884, 1, 0, 0
22500, 5436, 1, 0, 0
23000, 6668, 1, 0, 0
23500, 7360, 1, 0, 0
24000, 7656, 1, 0, 0
24500, 7056, 1, 0, 0
25000, 6568, 1, 0, 0
25500, 7996, 1, 0, 0
26000, 7344, 1, 0, 0
26500, 7290, 1, 0, 0
27000, 8038, 1, 0, 0
27500, 8316, 1, 0, 0
28000, 5892, 1, 0, 0
28500, 6420, 1, 0, 0
29000, 7844, 1, 0, 0
29500, 7681, 1, 0, 0
30000, 8098, 1, 0, 0
30500, 7948, 1, 0, 0
31000, 7644, 1, 0, 0
31500, 8588, 1, 0, 0
32000, 8112, 1, 0, 0
32500, 8332, 1, 0, 0
33000, 10008, 1, 0, 0
33500, 7600, 1, 0, 0
34000, 7104, 1, 0, 0
34500, 9876, 1, 0, 0
35000, 9272, 1, 0, 0
35500, 9696, 1, 0, 0
36000, 9228, 1, 0, 0
36500, 8540, 1, 0, 0
37000, 9880, 1, 0, 0
37500, 11828, 1, 0, 0
38000, 10456, 1, 0, 0
38500, 9512, 1, 0, 0
39000, 12832, 1, 0, 0
39500, 12136, 1, 0, 0
40000, 12740, 1, 0, 0
40500, 12500, 1, 0, 0
41000, 11672, 1, 0, 0
41500, 11832, 1, 0, 0
42000, 18308, 1, 0, 0
42500, 17482, 1, 0, 0
43000, 16506, 1, 0, 0
43500, 21624, 1, 0, 0
44000, 28008, 1, 0, 0
44500, 36884, 1, 0, 0
45000, 55984, 1, 0, 0
45500, 4252, 1, 0, 0
46000, 4384, 1, 0, 0
46500, 4484, 1, 0, 0
47000, 4680, 1, 0, 0
47500, 5040, 1, 0, 0
48000, 5076, 1, 0, 0
48500, 5568, 1, 0, 0
49000, 5700, 1, 0, 0
49500, 5704, 1, 0, 0
50000, 6376, 1, 0, 0
50500, 6504, 1, 0, 0
51000, 5804, 1, 0, 0
51500, 7192, 1, 0, 0
52000, 6196, 1, 0, 0
52500, 6116, 1, 0, 0
53000, 6396, 1, 0, 0
53500, 6252, 1, 0, 0
54000, 6624, 1, 0, 0
54500, 6480, 1, 0, 0
55000, 5944, 1, 0, 0
55500, 6864, 1, 0, 0
56000, 5732, 1, 0, 0
56500, 6424, 1, 0, 0
57000, 6720, 1, 0, 0
57500, 6804, 1, 0, 0
58000, 6400, 1, 0, 0
58500, 7240, 1, 0, 0
59000, 7148, 1, 0, 0
59500, 6500, 1, 0, 0
60000, 6744, 1, 0, 0
