500, 459345, 1, 0, 0
1000, 459003, 1, 0, 0
1500, 458785, 1, 0, 0
2000, 460489, 1, 0, 0
2500, 464396, 1, 0, 0
3000, 457383, 1, 0, 0
3500, 460807, 1, 0, 0
4000, 461800, 1, 0, 0
4500, 459042, 1, 0, 0
5000, 460645, 1, 0, 0
5500, 458124, 1, 0, 0
6000, 1719506, 1, 0, 0
6509, 7135636, 1, 0, 0
7000, 7219538, 1, 0, 0
7506, 7077908, 1, 0, 0
8016, 6595190, 1, 0, 0
8508, 6074137, 1, 0, 0
9011, 6445074, 1, 0, 0
9500, 6007970, 1, 0, 0
10005, 5392467, 1, 0, 0
10510, 5395271, 1, 0, 0
11000, 4856465, 1, 0, 0
11503, 4695234, 1, 0, 0
12009, 5635885, 1, 0, 0
12511, 4698082, 1, 0, 0
13007, 4956251, 1, 0, 0
13500, 5541488, 1, 0, 0
14004, 4950213, 1, 0, 0
14502, 5418185, 1, 0, 0
15010, 4798831, 1, 0, 0
15500, 4655839, 1, 0, 0
16001, 4758361, 1, 0, 0
16510, 5327316, 1, 0, 0
17007, 4893107, 1, 0, 0
17508, 4569960, 1, 0, 0
18012, 5294957, 1, 0, 0
18509, 6080718, 1, 0, 0
19002, 4940917, 1, 0, 0
19500, 4628597, 1, 0, 0
20002, 5202190, 1, 0, 0
20508, 4993277, 1, 0, 0
21011, 4229347, 1, 0, 0
21515, 4027977, 1, 0, 0
22012, 5407593, 1, 0, 0
22504, 5799107, 1, 0, 0
23009, 4840380, 1, 0, 0
23504, 4301284, 1, 0, 0
24016, 4275723, 1, 0, 0
24503, 4439276, 1, 0, 0
25001, 4848315, 1, 0, 0
25512, 4080902, 1, 0, 0
26000, 4440499, 1, 0, 0
26500, 4401524, 1, 0, 0
27006, 3852950, 1, 0, 0
27511, 3891772, 1, 0, 0
28008, 5392843, 1, 0, 0
28510, 5009047, 1, 0, 0
29006, 4052631, 1, 0, 0
29500, 4224977, 1, 0, 0
30013, 3944908, 1, 0, 0
30508, 3990750, 1, 0, 0
31014, 4237261, 1, 0, 0
31507, 3681022, 1, 0, 0
32010, 3969114, 1, 0, 0
32500, 3770665, 1, 0, 0
33000, 3286052, 1, 0, 0
33504, 4124158, 1, 0, 0
34005, 4505039, 1, 0, 0
34501, 3213174, 1, 0, 0
35001, 3457884, 1, 0, 0
35500, 3325097, 1, 0, 0
36008, 3486333, 1, 0, 0
36505, 3725553, 1, 0, 0
37010, 3264236, 1, 0, 0
37512, 2720273, 1, 0, 0
38011, 3060179, 1, 0, 0
38501, 3293537, 1, 0, 0
39010, 2537126, 1, 0, 0
39507, 2627730, 1, 0, 0
40001, 2479219, 1, 0, 0
40506, 2587698, 1, 0, 0
41008, 2756392, 1, 0, 0
41507, 2696249, 1, 0, 0
42005, 1748452, 1, 0, 0
42500, 1857996, 1, 0, 0
43002, 1898245, 1, 0, 0
43501, 1480863, 1, 0, 0
44000, 1162725, 1, 0, 0
44500, 864015, 1, 0, 0
45015, 570117, 1, 0, 0
45507, 7417418, 1, 0, 0
46000, 7436953, 1, 0, 0
46509, 7028075, 1, 0, 0
47000, 6946837, 1, 0, 0
47509, 6259814, 1, 0, 0
48000, 6195467, 1, 0, 0
48508, 5828015, 1, 0, 0
49000, 5704113, 1, 0, 0
49503, 5464922, 1, 0, 0
50009, 5080867, 1, 0, 0
50514, 4971122, 1, 0, 0
51008, 5439840, 1, 0, 0
51500, 4535744, 1, 0, 0
52010, 5085163, 1, 0, 0
52504, 5165110, 1, 0, 0
53007, 5034099, 1, 0, 0
53509, 5147068, 1, 0, 0
54016, 4895129, 1, 0, 0
54501, 4797256, 1, 0, 0
55012, 5497013, 1, 0, 0
55516, 4693952, 1, 0, 0
56004, 5456065, 1, 0, 0
56500, 4952142, 1, 0, 0
57012, 4863855, 1, 0, 0
57510, 4684041, 1, 0, 0
58001, 4906078, 1, 0, 0
58502, 4434925, 1, 0, 0
59002, 4481713, 1, 0, 0
59512, 5013590, 1, 0, 0
60007, 4691014, 1, 0, 0
60008, 18091800, 1, 0, 0
