500, 2227008, 1, 0, 0
1000, 2230080, 1, 0, 0
1500, 2230976, 1, 0, 0
2000, 2222784, 1, 0, 0
2500, 2204160, 1, 0, 0
3000, 2237824, 1, 0, 0
3500, 2221312, 1, 0, 0
4000, 2216704, 1, 0, 0
4500, 2229504, 1, 0, 0
5000, 2221696, 1, 0, 0
5500, 2234624, 1, 0, 0
6000, 589440, 1, 0, 0
6500, 140480, 1, 0, 0
7000, 144896, 1, 0, 0
7500, 140800, 1, 0, 0
8000, 158208, 1, 0, 0
8500, 165888, 1, 0, 0
9000, 160000, 1, 0, 0
9500, 175296, 1, 0, 0
10000, 182592, 1, 0, 0
10500, 191488, 1, 0, 0
11000, 213888, 1, 0, 0
11500, 212608, 1, 0, 0
12000, 183936, 1, 0, 0
12500, 218368, 1, 0, 0
13000, 205184, 1, 0, 0
13500, 191744, 1, 0, 0
14000, 198284, 1, 0, 0
14500, 188416, 1, 0, 0
15000, 216704, 1, 0, 0
15500, 222592, 1, 0, 0
16000, 208512, 1, 0, 0
16500, 195840, 1, 0, 0
17000, 208128, 1, 0, 0
17500, 224512, 1, 0, 0
18000, 195456, 1, 0, 0
18500, 167040, 1, 0, 0
19000, 204032, 1, 0, 0
19500, 228992, 1, 0, 0
20000, 190208, 1, 0, 0
20500, 207360, 1, 0, 0
21000, 243584, 1, 0, 0
21500, 256128, 1, 0, 0
22000, 188288, 1, 0, 0
22500, 173952, 1, 0, 0
23000, 213376, 1, 0, 0
23500, 235520, 1, 0, 0
24000, 244992, 1, 0, 0
24500, 225792, 1, 0, 0
25000, 210176, 1, 0, 0
25500, 255872, 1, 0, 0
26000, 235008, 1, 0, 0
26500, 233280, 1, 0, 0
27000, 257216, 1, 0, 0
27500, 266112, 1, 0, 0
28000, 188544, 1, 0, 0
28500, 205440, 1, 0, 0
29000, 251008, 1, 0, 0
29500, 245803, 1, 0, 0
30000, 259136, 1, 0, 0
30500, 254336, 1, 0, 0
31000, 244608, 1, 0, 0
31500, 274816, 1, 0, 0
32000, 259584, 1, 0, 0
32500, 266624, 1, 0, 0
33000, 320256, 1, 0, 0
33500, 243200, 1, 0, 0
34000, 227328, 1, 0, 0
34500, 316032, 1, 0, 0
35000, 296704, 1, 0, 0
35500, 310272, 1, 0, 0
36000, 295296, 1, 0, 0
36500, 273280, 1, 0, 0
37000, 316160, 1, 0, 0
37500, 378496, 1, 0, 0
38000, 334592, 1, 0, 0
38500, 304384, 1, 0, 0
39000, 410624, 1, 0, 0
39500, 388352, 1, 0, 0
40000, 407680, 1, 0, 0
40500, 400000, 1, 0, 0
41000, 373504, 1, 0, 0
41500, 378624, 1, 0, 0
42000, 585856, 1, 0, 0
42500, 559424, 1, 0, 0
43000, 528192, 1, 0, 0
43500, 691968, 1, 0, 0
44000, 896256, 1, 0, 0
44500, 1180288, 1, 0, 0
45000, 1791488, 1, 0, 0
45500, 136080, 1, 0, 0
46000, 140288, 1, 0, 0
46500, 143488, 1, 0, 0
47000, 149760, 1, 0, 0
47500, 161280, 1, 0, 0
48000, 162432, 1, 0, 0
48500, 178176, 1, 0, 0
49000, 182400, 1, 0, 0
49500, 182528, 1, 0, 0
50000, 204032, 1, 0, 0
50500, 208128, 1, 0, 0
51000, 185728, 1, 0, 0
51500, 230144, 1, 0, 0
52000, 198272, 1, 0, 0
52500, 195712, 1, 0, 0
53000, 204672, 1, 0, 0
53500, 200064, 1, 0, 0
54000, 211968, 1, 0, 0
54500, 207360, 1, 0, 0
55000, 190208, 1, 0, 0
55500, 219648, 1, 0, 0
56000, 183424, 1, 0, 0
56500, 205568, 1, 0, 0
57000, 215040, 1, 0, 0
57500, 217728, 1, 0, 0
58000, 204800, 1, 0, 0
58500, 231680, 1, 0, 0
59000, 228736, 1, 0, 0
59500, 208000, 1, 0, 0
60000, 215808, 1, 0, 0
