500, 1656, 1, 0, 0
1000, 1651, 1, 0, 0
1500, 1650, 1, 0, 0
2000, 1659, 1, 0, 0
2500, 1650, 1, 0, 0
3000, 1653, 1, 0, 0
3500, 1657, 1, 0, 0
4000, 1658, 1, 0, 0
4500, 1656, 1, 0, 0
5000, 1650, 1, 0, 0
5500, 1649, 1, 0, 0
6000, 1660, 1, 0, 0
6509, 1680, 1, 0, 0
7000, 1690, 1, 0, 0
7506, 1690, 1, 0, 0
8016, 1698, 1, 0, 0
8508, 1693, 1, 0, 0
9011, 1676, 1, 0, 0
9500, 1677, 1, 0, 0
10005, 1673, 1, 0, 0
10510, 1674, 1, 0, 0
11000, 1662, 1, 0, 0
11503, 1650, 1, 0, 0
12009, 1680, 1, 0, 0
12511, 1659, 1, 0, 0
13007, 1658, 1, 0, 0
13500, 1656, 1, 0, 0
14004, 1654, 1, 0, 0
14502, 1656, 1, 0, 0
15010, 1668, 1, 0, 0
15500, 1665, 1, 0, 0
16001, 1666, 1, 0, 0
16510, 1662, 1, 0, 0
17007, 1670, 1, 0, 0
17508, 1664, 1, 0, 0
18012, 1664, 1, 0, 0
18509, 1661, 1, 0, 0
19002, 1658, 1, 0, 0
19500, 1655, 1, 0, 0
20002, 1672, 1, 0, 0
20508, 1665, 1, 0, 0
21011, 1667, 1, 0, 0
21515, 1659, 1, 0, 0
22012, 1700, 1, 0, 0
22504, 1680, 1, 0, 0
23009, 1678, 1, 0, 0
23504, 1664, 1, 0, 0
24016, 1673, 1, 0, 0
24503, 1672, 1, 0, 0
25001, 1677, 1, 0, 0
25512, 1666, 1, 0, 0
26000, 1671, 1, 0, 0
26500, 1674, 1, 0, 0
27006, 1665, 1, 0, 0
27511, 1653, 1, 0, 0
28008, 1658, 1, 0, 0
28510, 1651, 1, 0, 0
29006, 1652, 1, 0, 0
29500, 1645, 1, 0, 0
30013, 1656, 1, 0, 0
30508, 1644, 1, 0, 0
31014, 1657, 1, 0, 0
31507, 1650, 1, 0, 0
32010, 1668, 1, 0, 0
32500, 1662, 1, 0, 0
33000, 1664, 1, 0, 0
33504, 1662, 1, 0, 0
34005, 1663, 1, 0, 0
34501, 1655, 1, 0, 0
35001, 1653, 1, 0, 0
35500, 1652, 1, 0, 0
36008, 1654, 1, 0, 0
36505, 1660, 1, 0, 0
37010, 1660, 1, 0, 0
37512, 1653, 1, 0, 0
38011, 1661, 1, 0, 0
38501, 1661, 1, 0, 0
39010, 1653, 1, 0, 0
39507, 1648, 1, 0, 0
40001, 1655, 1, 0, 0
40506, 1650, 1, 0, 0
41008, 1663, 1, 0, 0
41507, 1661, 1, 0, 0
42005, 1659, 1, 0, 0
42500, 1648, 1, 0, 0
43002, 1649, 1, 0, 0
43501, 1654, 1, 0, 0
44000, 1659, 1, 0, 0
44500, 1653, 1, 0, 0
45015, 1653, 1, 0, 0
45507, 1679, 1, 0, 0
46000, 1673, 1, 0, 0
46509, 1678, 1, 0, 0
47000, 1680, 1, 0, 0
47509, 1662, 1, 0, 0
48000, 1681, 1, 0, 0
48508, 1670, 1, 0, 0
49000, 1677, 1, 0, 0
49503, 1665, 1, 0, 0
50009, 1669, 1, 0, 0
50514, 1668, 1, 0, 0
51008, 1672, 1, 0, 0
51500, 1665, 1, 0, 0
52010, 1686, 1, 0, 0
52504, 1682, 1, 0, 0
53007, 1672, 1, 0, 0
53509, 1676, 1, 0, 0
54016, 1674, 1, 0, 0
54501, 1670, 1, 0, 0
55012, 1670, 1, 0, 0
55516, 1670, 1, 0, 0
56004, 1841, 1, 0, 0
56500, 1921, 1, 0, 0
57012, 1662, 1, 0, 0
57510, 1663, 1, 0, 0
58001, 1665, 1, 0, 0
58502, 1666, 1, 0, 0
59002, 1669, 1, 0, 0
59512, 1671, 1, 0, 0
60008, 1672, 1, 0, 0
