500, 457689, 1, 0, 0
1000, 457353, 1, 0, 0
1500, 457135, 1, 0, 0
2000, 458830, 1, 0, 0
2500, 462746, 1, 0, 0
3000, 455730, 1, 0, 0
3500, 459150, 1, 0, 0
4000, 460142, 1, 0, 0
4500, 457386, 1, 0, 0
5000, 458995, 1, 0, 0
5500, 456475, 1, 0, 0
6000, 1717846, 1, 0, 0
6509, 7133954, 1, 0, 0
7000, 7217849, 1, 0, 0
7506, 7076219, 1, 0, 0
8016, 6593491, 1, 0, 0
8508, 6072443, 1, 0, 0
9011, 6443398, 1, 0, 0
9500, 6006293, 1, 0, 0
10005, 5390794, 1, 0, 0
10510, 5393597, 1, 0, 0
11000, 4854802, 1, 0, 0
11503, 4693585, 1, 0, 0
12009, 5634205, 1, 0, 0
12511, 4696423, 1, 0, 0
13007, 4954593, 1, 0, 0
13500, 5539831, 1, 0, 0
14004, 4948560, 1, 0, 0
14502, 5416529, 1, 0, 0
15010, 4797163, 1, 0, 0
15500, 4654173, 1, 0, 0
16001, 4756696, 1, 0, 0
16510, 5325655, 1, 0, 0
17007, 4891436, 1, 0, 0
17508, 4568296, 1, 0, 0
18012, 5293294, 1, 0, 0
18509, 6079058, 1, 0, 0
19002, 4939259, 1, 0, 0
19500, 4626943, 1, 0, 0
20002, 5200519, 1, 0, 0
20508, 4991612, 1, 0, 0
21011, 4227680, 1, 0, 0
21515, 4026318, 1, 0, 0
22012, 5405893, 1, 0, 0
22504, 5797428, 1, 0, 0
23009, 4838701, 1, 0, 0
23504, 4299621, 1, 0, 0
24016, 4274050, 1, 0, 0
24503, 4437604, 1, 0, 0
25001, 4846637, 1, 0, 0
25512, 4079236, 1, 0, 0
26000, 4438827, 1, 0, 0
26500, 4399850, 1, 0, 0
27006, 3851286, 1, 0, 0
27511, 3890119, 1, 0, 0
28008, 5391184, 1, 0, 0
28510, 5007395, 1, 0, 0
29006, 4050980, 1, 0, 0
29500, 4223332, 1, 0, 0
30013, 3943252, 1, 0, 0
30508, 3989106, 1, 0, 0
31014, 4235603, 1, 0, 0
31507, 3679372, 1, 0, 0
32010, 3967446, 1, 0, 0
32500, 3769003, 1, 0, 0
33000, 3284387, 1, 0, 0
33504, 4122496, 1, 0, 0
34005, 4503375, 1, 0, 0
34501, 3211519, 1, 0, 0
35001, 3456231, 1, 0, 0
35500, 3323445, 1, 0, 0
36008, 3484680, 1, 0, 0
36505, 3723893, 1, 0, 0
37010, 3262577, 1, 0, 0
37512, 2718620, 1, 0, 0
38011, 3058519, 1, 0, 0
38501, 3291876, 1, 0, 0
39010, 2535473, 1, 0, 0
39507, 2626081, 1, 0, 0
40001, 2477564, 1, 0, 0
40506, 2586048, 1, 0, 0
41008, 2754730, 1, 0, 0
41507, 2694588, 1, 0, 0
42005, 1746793, 1, 0, 0
42500, 1856348, 1, 0, 0
43002, 1896595, 1, 0, 0
43501, 1479210, 1, 0, 0
44000, 1161067, 1, 0, 0
44500, 862362, 1, 0, 0
45015, 568465, 1, 0, 0
45507, 7415740, 1, 0, 0
46000, 7435279, 1, 0, 0
46509, 7026396, 1, 0, 0
47000, 6945157, 1, 0, 0
47509, 6258151, 1, 0, 0
48000, 6193787, 1, 0, 0
48508, 5826345, 1, 0, 0
49000, 5702436, 1, 0, 0
49503, 5463257, 1, 0, 0
50009, 5079198, 1, 0, 0
50514, 4969454, 1, 0, 0
51008, 5438168, 1, 0, 0
51500, 4534079, 1, 0, 0
52010, 5083477, 1, 0, 0
52504, 5163429, 1, 0, 0
53007, 5032428, 1, 0, 0
53509, 5145391, 1, 0, 0
54016, 4893456, 1, 0, 0
54501, 4795586, 1, 0, 0
55012, 5495342, 1, 0, 0
55516, 4692282, 1, 0, 0
56004, 5454238, 1, 0, 0
56500, 4950209, 1, 0, 0
57012, 4862193, 1, 0, 0
57510, 4682379, 1, 0, 0
58001, 4904412, 1, 0, 0
58502, 4433259, 1, 0, 0
59002, 4480046, 1, 0, 0
59512, 5011919, 1, 0, 0
60007, 4689341, 1, 0, 0
60008, 18090106, 1, 0, 0
