500, 934834, 1, 0, 0
1000, 938562, 1, 0, 0
1500, 940214, 1, 0, 0
2000, 936401, 1, 0, 0
2500, 942020, 1, 0, 0
3000, 943931, 1, 0, 0
3500, 937512, 1, 0, 0
4000, 940017, 1, 0, 0
4500, 947539, 1, 0, 0
5000, 934222, 1, 0, 0
5500, 931794, 1, 0, 0
6005, 1809213, 1, 0, 0
6510, 13873634, 1, 0, 0
7015, 13659885, 1, 0, 0
7502, 13595808, 1, 0, 0
8005, 12770706, 1, 0, 0
8512, 11989012, 1, 0, 0
9000, 11693799, 1, 0, 0
9502, 11323695, 1, 0, 0
10007, 10902691, 1, 0, 0
10511, 10410073, 1, 0, 0
11006, 10645691, 1, 0, 0
11504, 12753181, 1, 0, 0
12000, 10101755, 1, 0, 0
12516, 9697154, 1, 0, 0
13008, 9765403, 1, 0, 0
13511, 9188821, 1, 0, 0
14000, 10778532, 1, 0, 0
14507, 11508949, 1, 0, 0
15005, 10170589, 1, 0, 0
15515, 10769271, 1, 0, 0
16015, 9661086, 1, 0, 0
16500, 11133957, 1, 0, 0
17000, 9166044, 1, 0, 0
17500, 9333546, 1, 0, 0
18000, 8880875, 1, 0, 0
18511, 9425324, 1, 0, 0
19002, 9511253, 1, 0, 0
19510, 9703751, 1, 0, 0
20006, 8691038, 1, 0, 0
20500, 9143022, 1, 0, 0
21006, 8939086, 1, 0, 0
21509, 9708545, 1, 0, 0
22000, 8814175, 1, 0, 0
22509, 8118408, 1, 0, 0
23015, 9002988, 1, 0, 0
23510, 7844456, 1, 0, 0
24011, 7440133, 1, 0, 0
24500, 10458704, 1, 0, 0
25000, 8581920, 1, 0, 0
25512, 7457675, 1, 0, 0
26000, 8143944, 1, 0, 0
26514, 8146359, 1, 0, 0
27000, 9249649, 1, 0, 0
27510, 7926985, 1, 0, 0
28010, 7507258, 1, 0, 0
28502, 7985796, 1, 0, 0
29005, 8597335, 1, 0, 0
29509, 8335963, 1, 0, 0
30000, 6603540, 1, 0, 0
30510, 7200746, 1, 0, 0
31010, 7674717, 1, 0, 0
31500, 7019955, 1, 0, 0
32000, 7317545, 1, 0, 0
32502, 6756644, 1, 0, 0
33003, 7875651, 1, 0, 0
33504, 7954344, 1, 0, 0
34008, 7325402, 1, 0, 0
34500, 7877249, 1, 0, 0
35008, 6491806, 1, 0, 0
35512, 6564625, 1, 0, 0
36003, 6992502, 1, 0, 0
36500, 7360038, 1, 0, 0
37001, 5397432, 1, 0, 0
37500, 5628973, 1, 0, 0
38000, 5996079, 1, 0, 0
38500, 6554707, 1, 0, 0
39013, 5190155, 1, 0, 0
39500, 4234954, 1, 0, 0
40000, 4042317, 1, 0, 0
40506, 3926018, 1, 0, 0
41004, 3409382, 1, 0, 0
41507, 3412827, 1, 0, 0
42006, 3136307, 1, 0, 0
42500, 2317974, 1, 0, 0
43000, 2177475, 1, 0, 0
43500, 1163367, 1, 0, 0
44000, 2541297, 1, 0, 0
44506, 14527147, 1, 0, 0
45012, 14034495, 1, 0, 0
45501, 13630137, 1, 0, 0
46006, 13041911, 1, 0, 0
46509, 12150267, 1, 0, 0
47013, 12193493, 1, 0, 0
47513, 12246762, 1, 0, 0
48009, 11932256, 1, 0, 0
48514, 9927870, 1, 0, 0
49010, 10708500, 1, 0, 0
49513, 9476564, 1, 0, 0
50012, 9778007, 1, 0, 0
50505, 9944293, 1, 0, 0
51013, 10676959, 1, 0, 0
51500, 8984340, 1, 0, 0
52014, 10036150, 1, 0, 0
52507, 10537128, 1, 0, 0
53000, 10750809, 1, 0, 0
53516, 9754157, 1, 0, 0
54014, 9569485, 1, 0, 0
54514, 9858653, 1, 0, 0
55005, 9709367, 1, 0, 0
55505, 9232523, 1, 0, 0
56000, 9526901, 1, 0, 0
56514, 8984622, 1, 0, 0
57004, 9216989, 1, 0, 0
57510, 9483445, 1, 0, 0
58015, 9422101, 1, 0, 0
58500, 9366465, 1, 0, 0
59014, 8797915, 1, 0, 0
59514, 9843842, 1, 0, 0
60005, 8558309, 1, 0, 0
60006, 18194234, 1, 0, 0
