500, 937434, 1, 0, 0
1000, 941160, 1, 0, 0
1500, 942808, 1, 0, 0
2000, 938993, 1, 0, 0
2500, 944609, 1, 0, 0
3000, 946525, 1, 0, 0
3500, 940095, 1, 0, 0
4000, 942592, 1, 0, 0
4500, 950104, 1, 0, 0
5000, 936801, 1, 0, 0
5500, 934355, 1, 0, 0
6005, 1811782, 1, 0, 0
6510, 13876208, 1, 0, 0
7015, 13662531, 1, 0, 0
7502, 13598421, 1, 0, 0
8005, 12773312, 1, 0, 0
8512, 11991587, 1, 0, 0
9000, 11696398, 1, 0, 0
9502, 11326289, 1, 0, 0
10006, 10905301, 1, 0, 0
10511, 10412646, 1, 0, 0
11006, 10648249, 1, 0, 0
11504, 12755743, 1, 0, 0
12000, 10104308, 1, 0, 0
12516, 9699742, 1, 0, 0
13008, 9767983, 1, 0, 0
13511, 9191384, 1, 0, 0
14000, 10781123, 1, 0, 0
14507, 11511536, 1, 0, 0
15005, 10173185, 1, 0, 0
15515, 10771843, 1, 0, 0
16015, 9663663, 1, 0, 0
16500, 11136529, 1, 0, 0
17000, 9168632, 1, 0, 0
17500, 9336127, 1, 0, 0
18000, 8883468, 1, 0, 0
18511, 9427910, 1, 0, 0
19002, 9513821, 1, 0, 0
19510, 9706334, 1, 0, 0
20006, 8693628, 1, 0, 0
20500, 9145585, 1, 0, 0
21006, 8941666, 1, 0, 0
21509, 9711116, 1, 0, 0
22000, 8816775, 1, 0, 0
22509, 8120986, 1, 0, 0
23015, 9005577, 1, 0, 0
23510, 7847050, 1, 0, 0
24011, 7442731, 1, 0, 0
24500, 10461265, 1, 0, 0
25000, 8584485, 1, 0, 0
25512, 7460243, 1, 0, 0
26000, 8146525, 1, 0, 0
26514, 8148992, 1, 0, 0
27000, 9252288, 1, 0, 0
27510, 7929597, 1, 0, 0
28010, 7509863, 1, 0, 0
28502, 7988394, 1, 0, 0
29005, 8599955, 1, 0, 0
29509, 8338567, 1, 0, 0
30000, 6606096, 1, 0, 0
30510, 7203357, 1, 0, 0
31010, 7677321, 1, 0, 0
31500, 7022530, 1, 0, 0
32000, 7320155, 1, 0, 0
32502, 6759245, 1, 0, 0
33003, 7878283, 1, 0, 0
33504, 7956927, 1, 0, 0
34008, 7327987, 1, 0, 0
34500, 7879841, 1, 0, 0
35008, 6494434, 1, 0, 0
35512, 6567232, 1, 0, 0
36003, 6995104, 1, 0, 0
36500, 7362634, 1, 0, 0
37001, 5400013, 1, 0, 0
37500, 5631561, 1, 0, 0
38000, 5998698, 1, 0, 0
38500, 6557318, 1, 0, 0
39013, 5192782, 1, 0, 0
39500, 4237573, 1, 0, 0
40000, 4044929, 1, 0, 0
40506, 3928633, 1, 0, 0
41004, 3411986, 1, 0, 0
41507, 3415444, 1, 0, 0
42006, 3138863, 1, 0, 0
42500, 2320553, 1, 0, 0
43000, 2180053, 1, 0, 0
43500, 1165941, 1, 0, 0
44000, 2543880, 1, 0, 0
44506, 14529710, 1, 0, 0
45012, 14037066, 1, 0, 0
45501, 13632693, 1, 0, 0
46006, 13044464, 1, 0, 0
46509, 12152810, 1, 0, 0
47013, 12196097, 1, 0, 0
47513, 12249355, 1, 0, 0
48009, 11934801, 1, 0, 0
48514, 9930420, 1, 0, 0
49010, 10711046, 1, 0, 0
49513, 9479110, 1, 0, 0
50012, 9780545, 1, 0, 0
50505, 9946862, 1, 0, 0
51013, 10679520, 1, 0, 0
51500, 8986899, 1, 0, 0
52014, 10038729, 1, 0, 0
52507, 10539730, 1, 0, 0
53000, 10753414, 1, 0, 0
53516, 9756733, 1, 0, 0
54014, 9572037, 1, 0, 0
54514, 9861221, 1, 0, 0
55005, 9711975, 1, 0, 0
55505, 9235123, 1, 0, 0
56000, 9529508, 1, 0, 0
56514, 8987209, 1, 0, 0
57004, 9219575, 1, 0, 0
57510, 9486008, 1, 0, 0
58015, 9424656, 1, 0, 0
58500, 9369066, 1, 0, 0
59014, 8800527, 1, 0, 0
59514, 9846458, 1, 0, 0
60005, 8560910, 1, 0, 0
60006, 18196840, 1, 0, 0
