500, 34156, 1, 0, 0
1000, 33996, 1, 0, 0
1500, 33908, 1, 0, 0
2000, 34100, 1, 0, 0
2500, 33866, 1, 0, 0
3000, 33808, 1, 0, 0
3500, 34032, 1, 0, 0
4000, 33942, 1, 0, 0
4500, 33676, 1, 0, 0
5000, 34154, 1, 0, 0
5500, 34234, 1, 0, 0
6000, 17232, 1, 0, 0
6500, 2330, 1, 0, 0
7000, 2366, 1, 0, 0
7500, 2290, 1, 0, 0
8000, 2526, 1, 0, 0
8500, 2702, 1, 0, 0
9000, 2762, 1, 0, 0
9500, 2744, 1, 0, 0
10000, 2960, 1, 0, 0
10500, 3102, 1, 0, 0
11000, 2980, 1, 0, 0
11500, 2498, 1, 0, 0
12000, 3150, 1, 0, 0
12500, 3388, 1, 0, 0
13000, 3232, 1, 0, 0
13500, 3502, 1, 0, 0
14000, 2910, 1, 0, 0
14500, 2812, 1, 0, 0
15000, 3126, 1, 0, 0
15500, 3034, 1, 0, 0
16000, 3308, 1, 0, 0
16500, 2854, 1, 0, 0
17000, 3538, 1, 0, 0
17500, 3470, 1, 0, 0
18000, 3555, 1, 0, 0
18500, 3364, 1, 0, 0
19000, 3304, 1, 0, 0
19500, 3362, 1, 0, 0
20000, 3640, 1, 0, 0
20500, 3574, 1, 0, 0
21000, 3502, 1, 0, 0
21500, 3314, 1, 0, 0
22000, 3654, 1, 0, 0
22500, 3916, 1, 0, 0
23000, 3598, 1, 0, 0
23500, 4036, 1, 0, 0
24000, 4306, 1, 0, 0
24500, 2996, 1, 0, 0
25000, 3736, 1, 0, 0
25500, 4382, 1, 0, 0
26000, 3952, 1, 0, 0
26500, 3916, 1, 0, 0
27000, 3422, 1, 0, 0
27500, 4062, 1, 0, 0
28000, 4260, 1, 0, 0
28500, 3934, 1, 0, 0
29000, 3750, 1, 0, 0
29500, 3878, 1, 0, 0
30000, 4840, 1, 0, 0
30500, 4442, 1, 0, 0
31000, 4166, 1, 0, 0
31500, 4560, 1, 0, 0
32000, 4398, 1, 0, 0
32500, 4624, 1, 0, 0
33000, 4074, 1, 0, 0
33500, 4036, 1, 0, 0
34000, 4408, 1, 0, 0
34500, 4032, 1, 0, 0
35000, 4964, 1, 0, 0
35500, 4908, 1, 0, 0
36000, 4494, 1, 0, 0
36500, 4436, 1, 0, 0
37000, 5786, 1, 0, 0
37500, 5810, 1, 0, 0
38000, 5342, 1, 0, 0
38500, 4896, 1, 0, 0
39000, 6140, 1, 0, 0
39500, 7582, 1, 0, 0
40000, 7908, 1, 0, 0
40500, 8026, 1, 0, 0
41000, 9366, 1, 0, 0
41500, 9446, 1, 0, 0
42000, 10180, 1, 0, 0
42500, 13698, 1, 0, 0
43000, 14898, 1, 0, 0
43500, 27440, 1, 0, 0
44000, 12120, 1, 0, 0
44500, 2220, 1, 0, 0
45000, 2306, 1, 0, 0
45500, 2292, 1, 0, 0
46000, 2476, 1, 0, 0
46500, 2654, 1, 0, 0
47000, 2642, 1, 0, 0
47500, 2610, 1, 0, 0
48000, 2664, 1, 0, 0
48501, 3256, 1, 0, 0
49000, 2965, 1, 0, 0
49500, 3394, 1, 0, 0
50000, 3268, 1, 0, 0
50500, 3178, 1, 0, 0
51000, 3042, 1, 0, 0
51500, 3532, 1, 0, 0
52000, 3216, 1, 0, 0
52500, 2992, 1, 0, 0
53000, 2982, 1, 0, 0
53500, 3336, 1, 0, 0
54000, 3330, 1, 0, 0
54500, 3246, 1, 0, 0
55000, 3236, 1, 0, 0
55500, 3472, 1, 0, 0
56000, 3354, 1, 0, 0
56500, 3624, 1, 0, 0
57000, 3408, 1, 0, 0
57500, 3408, 1, 0, 0
58000, 3430, 1, 0, 0
58500, 3314, 1, 0, 0
59000, 3736, 1, 0, 0
59500, 3252, 1, 0, 0
60000, 3666, 1, 0, 0
