500, 2185856, 1, 0, 0
1000, 2175744, 1, 0, 0
1500, 2170112, 1, 0, 0
2000, 2182412, 1, 0, 0
2500, 2167424, 1, 0, 0
3000, 2163712, 1, 0, 0
3500, 2178048, 1, 0, 0
4000, 2172288, 1, 0, 0
4500, 2155264, 1, 0, 0
5000, 2185856, 1, 0, 0
5500, 2190976, 1, 0, 0
6000, 1102848, 1, 0, 0
6500, 149120, 1, 0, 0
7000, 151424, 1, 0, 0
7500, 146560, 1, 0, 0
8000, 161664, 1, 0, 0
8500, 172928, 1, 0, 0
9000, 176768, 1, 0, 0
9500, 175616, 1, 0, 0
10000, 189440, 1, 0, 0
10500, 198528, 1, 0, 0
11000, 190720, 1, 0, 0
11500, 159872, 1, 0, 0
12000, 201600, 1, 0, 0
12500, 216832, 1, 0, 0
13000, 206848, 1, 0, 0
13500, 224128, 1, 0, 0
14000, 186240, 1, 0, 0
14500, 179968, 1, 0, 0
15000, 200064, 1, 0, 0
15500, 194176, 1, 0, 0
16000, 211712, 1, 0, 0
16500, 182656, 1, 0, 0
17000, 226432, 1, 0, 0
17500, 222080, 1, 0, 0
18000, 227527, 1, 0, 0
18500, 215296, 1, 0, 0
19000, 211456, 1, 0, 0
19500, 215168, 1, 0, 0
20000, 232960, 1, 0, 0
20500, 228736, 1, 0, 0
21000, 224128, 1, 0, 0
21500, 212096, 1, 0, 0
22000, 233856, 1, 0, 0
22500, 250624, 1, 0, 0
23000, 230272, 1, 0, 0
23500, 258304, 1, 0, 0
24000, 275584, 1, 0, 0
24500, 191744, 1, 0, 0
25000, 239104, 1, 0, 0
25500, 280448, 1, 0, 0
26000, 252928, 1, 0, 0
26500, 250624, 1, 0, 0
27000, 219008, 1, 0, 0
27500, 259968, 1, 0, 0
28000, 272640, 1, 0, 0
28500, 251776, 1, 0, 0
29000, 240000, 1, 0, 0
29500, 248192, 1, 0, 0
30000, 309760, 1, 0, 0
30500, 284288, 1, 0, 0
31000, 266624, 1, 0, 0
31500, 291840, 1, 0, 0
32000, 281472, 1, 0, 0
32500, 295936, 1, 0, 0
33000, 260736, 1, 0, 0
33500, 258308, 1, 0, 0
34000, 282112, 1, 0, 0
34500, 258048, 1, 0, 0
35000, 317696, 1, 0, 0
35500, 314112, 1, 0, 0
36000, 287616, 1, 0, 0
36500, 283904, 1, 0, 0
37000, 370304, 1, 0, 0
37500, 371840, 1, 0, 0
38000, 341888, 1, 0, 0
38500, 313344, 1, 0, 0
39000, 392960, 1, 0, 0
39500, 485248, 1, 0, 0
40000, 506112, 1, 0, 0
40500, 513664, 1, 0, 0
41000, 599424, 1, 0, 0
41500, 604544, 1, 0, 0
42000, 651520, 1, 0, 0
42500, 876672, 1, 0, 0
43000, 953472, 1, 0, 0
43500, 1756160, 1, 0, 0
44000, 775680, 1, 0, 0
44500, 142080, 1, 0, 0
45000, 147584, 1, 0, 0
45500, 146688, 1, 0, 0
46000, 158464, 1, 0, 0
46500, 169856, 1, 0, 0
47000, 169088, 1, 0, 0
47500, 167040, 1, 0, 0
48000, 170496, 1, 0, 0
48500, 208384, 1, 0, 0
49000, 189819, 1, 0, 0
49500, 217216, 1, 0, 0
50000, 209152, 1, 0, 0
50500, 203392, 1, 0, 0
51000, 194688, 1, 0, 0
51500, 226048, 1, 0, 0
52000, 205824, 1, 0, 0
52500, 191488, 1, 0, 0
53000, 190848, 1, 0, 0
53500, 213504, 1, 0, 0
54000, 213120, 1, 0, 0
54500, 207744, 1, 0, 0
55000, 207104, 1, 0, 0
55500, 222208, 1, 0, 0
56000, 214656, 1, 0, 0
56500, 231936, 1, 0, 0
57000, 218112, 1, 0, 0
57500, 218112, 1, 0, 0
58000, 219520, 1, 0, 0
58500, 212096, 1, 0, 0
59000, 239104, 1, 0, 0
59500, 208128, 1, 0, 0
60000, 234624, 1, 0, 0
