500, 2600, 1, 0, 0
1000, 2598, 1, 0, 0
1500, 2594, 1, 0, 0
2000, 2592, 1, 0, 0
2500, 2589, 1, 0, 0
3000, 2594, 1, 0, 0
3500, 2583, 1, 0, 0
4000, 2574, 1, 0, 0
4500, 2565, 1, 0, 0
5000, 2579, 1, 0, 0
5500, 2561, 1, 0, 0
6005, 2568, 1, 0, 0
6510, 2592, 1, 0, 0
7015, 2630, 1, 0, 0
7502, 2612, 1, 0, 0
8005, 2607, 1, 0, 0
8512, 2574, 1, 0, 0
9000, 2600, 1, 0, 0
9502, 2590, 1, 0, 0
10007, 2611, 1, 0, 0
10511, 2575, 1, 0, 0
11006, 2557, 1, 0, 0
11504, 2561, 1, 0, 0
12000, 2554, 1, 0, 0
12516, 2588, 1, 0, 0
13008, 2578, 1, 0, 0
13511, 2564, 1, 0, 0
14000, 2588, 1, 0, 0
14507, 2591, 1, 0, 0
15005, 2595, 1, 0, 0
15515, 2574, 1, 0, 0
16015, 2576, 1, 0, 0
16500, 2573, 1, 0, 0
17000, 2588, 1, 0, 0
17500, 2581, 1, 0, 0
18000, 2593, 1, 0, 0
18511, 2584, 1, 0, 0
19002, 2571, 1, 0, 0
19510, 2582, 1, 0, 0
20006, 2589, 1, 0, 0
20500, 2564, 1, 0, 0
21006, 2580, 1, 0, 0
21509, 2583, 1, 0, 0
22000, 2590, 1, 0, 0
22509, 2578, 1, 0, 0
23015, 2590, 1, 0, 0
23510, 2593, 1, 0, 0
24011, 2597, 1, 0, 0
24500, 2560, 1, 0, 0
25000, 2566, 1, 0, 0
25512, 2566, 1, 0, 0
26000, 2583, 1, 0, 0
26514, 2635, 1, 0, 0
27000, 2638, 1, 0, 0
27510, 2612, 1, 0, 0
28010, 2604, 1, 0, 0
28502, 2599, 1, 0, 0
29005, 2619, 1, 0, 0
29509, 2604, 1, 0, 0
30000, 2554, 1, 0, 0
30510, 2613, 1, 0, 0
31010, 2603, 1, 0, 0
31500, 2575, 1, 0, 0
32000, 2609, 1, 0, 0
32502, 2600, 1, 0, 0
33003, 2630, 1, 0, 0
33504, 2586, 1, 0, 0
34008, 2585, 1, 0, 0
34500, 2595, 1, 0, 0
35008, 2627, 1, 0, 0
35512, 2605, 1, 0, 0
36003, 2602, 1, 0, 0
36500, 2598, 1, 0, 0
37001, 2577, 1, 0, 0
37500, 2590, 1, 0, 0
38000, 2617, 1, 0, 0
38500, 2613, 1, 0, 0
39013, 2627, 1, 0, 0
39500, 2618, 1, 0, 0
40000, 2613, 1, 0, 0
40506, 2614, 1, 0, 0
41004, 2604, 1, 0, 0
41507, 2617, 1, 0, 0
42006, 2556, 1, 0, 0
42500, 2578, 1, 0, 0
43000, 2578, 1, 0, 0
43500, 2574, 1, 0, 0
44000, 2583, 1, 0, 0
44506, 2566, 1, 0, 0
45012, 2571, 1, 0, 0
45501, 2556, 1, 0, 0
46006, 2554, 1, 0, 0
46509, 2548, 1, 0, 0
47013, 2598, 1, 0, 0
47513, 2593, 1, 0, 0
48009, 2543, 1, 0, 0
48514, 2550, 1, 0, 0
49010, 2546, 1, 0, 0
49513, 2546, 1, 0, 0
50012, 2543, 1, 0, 0
50505, 2565, 1, 0, 0
51013, 2562, 1, 0, 0
51500, 2559, 1, 0, 0
52014, 2579, 1, 0, 0
52507, 2602, 1, 0, 0
53000, 2605, 1, 0, 0
53516, 2577, 1, 0, 0
54014, 2551, 1, 0, 0
54514, 2566, 1, 0, 0
55005, 2608, 1, 0, 0
55505, 2603, 1, 0, 0
56000, 2605, 1, 0, 0
56514, 2589, 1, 0, 0
57004, 2583, 1, 0, 0
57510, 2561, 1, 0, 0
58015, 2556, 1, 0, 0
58500, 2601, 1, 0, 0
59014, 2613, 1, 0, 0
59514, 2615, 1, 0, 0
60006, 2601, 1, 0, 0
