500, 445600, 1, 0, 0
1000, 445953, 1, 0, 0
1500, 445953, 1, 0, 0
2000, 445951, 1, 0, 0
2500, 445951, 1, 0, 0
3000, 445955, 1, 0, 0
3500, 445948, 1, 0, 0
4000, 445948, 1, 0, 0
4500, 445948, 1, 0, 0
5000, 445945, 1, 0, 0
5517, 482491, 1, 0, 0
6012, 7439296, 1, 0, 0
6505, 7497832, 1, 0, 0
7015, 7166684, 1, 0, 0
7507, 6789145, 1, 0, 0
8000, 6521583, 1, 0, 0
8510, 6093007, 1, 0, 0
9000, 5773056, 1, 0, 0
9510, 5476982, 1, 0, 0
10000, 5257527, 1, 0, 0
10507, 4781393, 1, 0, 0
11014, 4582126, 1, 0, 0
11502, 4384743, 1, 0, 0
12011, 4241720, 1, 0, 0
12500, 4344117, 1, 0, 0
13011, 4674561, 1, 0, 0
13501, 4842324, 1, 0, 0
14008, 4774472, 1, 0, 0
14500, 4733723, 1, 0, 0
15006, 4560819, 1, 0, 0
15513, 4486139, 1, 0, 0
16001, 4388338, 1, 0, 0
16510, 4330753, 1, 0, 0
17000, 4321886, 1, 0, 0
17504, 4128355, 1, 0, 0
18012, 4145314, 1, 0, 0
18500, 4086587, 1, 0, 0
19007, 4085217, 1, 0, 0
19514, 4014156, 1, 0, 0
20001, 3957370, 1, 0, 0
20509, 3928046, 1, 0, 0
21015, 3879113, 1, 0, 0
21502, 3798793, 1, 0, 0
22008, 3718540, 1, 0, 0
22513, 3615093, 1, 0, 0
23001, 3638090, 1, 0, 0
23505, 3559026, 1, 0, 0
24010, 3433383, 1, 0, 0
24515, 3422583, 1, 0, 0
25000, 3391529, 1, 0, 0
25504, 3301067, 1, 0, 0
26007, 3227286, 1, 0, 0
26510, 3129745, 1, 0, 0
27013, 3102709, 1, 0, 0
27515, 3025024, 1, 0, 0
28000, 2964887, 1, 0, 0
28502, 2846685, 1, 0, 0
29004, 2799816, 1, 0, 0
29506, 2722282, 1, 0, 0
30006, 2647375, 1, 0, 0
30507, 2540843, 1, 0, 0
31006, 2460782, 1, 0, 0
31506, 2399590, 1, 0, 0
32004, 2270308, 1, 0, 0
32502, 2176521, 1, 0, 0
33000, 2148774, 1, 0, 0
33512, 1954267, 1, 0, 0
34003, 1845608, 1, 0, 0
34500, 1757404, 1, 0, 0
35002, 1601379, 1, 0, 0
35505, 1469441, 1, 0, 0
36003, 1300735, 1, 0, 0
36500, 1134148, 1, 0, 0
37001, 880423, 1, 0, 0
37500, 546255, 1, 0, 0
38000, 1201329, 1, 0, 0
38512, 7753011, 1, 0, 0
39004, 7399382, 1, 0, 0
39514, 6992412, 1, 0, 0
40006, 6659821, 1, 0, 0
40500, 6344530, 1, 0, 0
41007, 5909206, 1, 0, 0
41500, 5733131, 1, 0, 0
42008, 5164110, 1, 0, 0
42500, 5119757, 1, 0, 0
43008, 4652993, 1, 0, 0
43516, 4469696, 1, 0, 0
44004, 4261335, 1, 0, 0
44511, 4187488, 1, 0, 0
45001, 4591890, 1, 0, 0
45512, 4950382, 1, 0, 0
46001, 4824809, 1, 0, 0
46510, 4703224, 1, 0, 0
47001, 4576434, 1, 0, 0
47508, 4411774, 1, 0, 0
48000, 4353423, 1, 0, 0
48506, 4310934, 1, 0, 0
49013, 4256451, 1, 0, 0
49501, 4180338, 1, 0, 0
50007, 4094722, 1, 0, 0
50514, 4116600, 1, 0, 0
51003, 4087783, 1, 0, 0
51509, 4073367, 1, 0, 0
52000, 4053335, 1, 0, 0
52503, 3885375, 1, 0, 0
53010, 3824161, 1, 0, 0
53516, 3765447, 1, 0, 0
54001, 3757613, 1, 0, 0
54506, 3717765, 1, 0, 0
55012, 3629107, 1, 0, 0
55500, 3697928, 1, 0, 0
56004, 3464878, 1, 0, 0
56508, 3426872, 1, 0, 0
57013, 3349337, 1, 0, 0
57500, 3373930, 1, 0, 0
58003, 3211300, 1, 0, 0
58506, 3174896, 1, 0, 0
59009, 3170890, 1, 0, 0
59512, 3083404, 1, 0, 0
60014, 2959837, 1, 0, 0
60015, 16817034, 1, 0, 0
