500, 2287616, 1, 0, 0
1000, 2286656, 1, 0, 0
1500, 2286848, 1, 0, 0
2000, 2286912, 1, 0, 0
2500, 2286976, 1, 0, 0
3000, 2286592, 1, 0, 0
3500, 2286592, 1, 0, 0
4000, 2286784, 1, 0, 0
4500, 2286976, 1, 0, 0
5000, 2286848, 1, 0, 0
5500, 2112192, 1, 0, 0
6000, 136192, 1, 0, 0
6500, 134656, 1, 0, 0
7000, 145920, 1, 0, 0
7500, 148224, 1, 0, 0
8000, 155008, 1, 0, 0
8500, 171136, 1, 0, 0
9000, 174720, 1, 0, 0
9500, 189824, 1, 0, 0
10000, 199552, 1, 0, 0
10500, 208000, 1, 0, 0
11000, 226560, 1, 0, 0
11500, 228553, 1, 0, 0
12000, 244992, 1, 0, 0
12500, 237312, 1, 0, 0
13000, 217344, 1, 0, 0
13500, 207104, 1, 0, 0
14000, 217856, 1, 0, 0
14500, 219520, 1, 0, 0
15000, 219776, 1, 0, 0
15500, 231680, 1, 0, 0
16000, 227584, 1, 0, 0
16500, 240384, 1, 0, 0
17000, 241472, 1, 0, 0
17500, 240576, 1, 0, 0
18000, 250624, 1, 0, 0
18500, 244544, 1, 0, 0
19000, 254144, 1, 0, 0
19500, 258816, 1, 0, 0
20000, 251648, 1, 0, 0
20500, 264448, 1, 0, 0
21000, 267520, 1, 0, 0
21500, 262144, 1, 0, 0
22000, 278528, 1, 0, 0
22500, 286208, 1, 0, 0
23000, 274432, 1, 0, 0
23500, 290048, 1, 0, 0
24000, 301402, 1, 0, 0
24500, 301824, 1, 0, 0
25000, 293120, 1, 0, 0
25500, 312320, 1, 0, 0
26000, 319232, 1, 0, 0
26500, 328704, 1, 0, 0
27000, 332032, 1, 0, 0
27500, 339968, 1, 0, 0
28000, 334592, 1, 0, 0
28500, 360960, 1, 0, 0
29000, 367360, 1, 0, 0
29500, 376832, 1, 0, 0
30000, 387072, 1, 0, 0
30500, 403968, 1, 0, 0
31000, 414976, 1, 0, 0
31500, 425728, 1, 0, 0
32000, 449280, 1, 0, 0
32500, 467968, 1, 0, 0
33000, 490880, 1, 0, 0
33500, 518784, 1, 0, 0
34000, 545792, 1, 0, 0
34500, 594688, 1, 0, 0
35000, 623616, 1, 0, 0
35500, 701440, 1, 0, 0
36000, 784896, 1, 0, 0
36500, 918464, 1, 0, 0
37000, 1145920, 1, 0, 0
37500, 1888897, 1, 0, 0
38000, 822080, 1, 0, 0
38500, 135168, 1, 0, 0
39000, 136192, 1, 0, 0
39500, 149504, 1, 0, 0
40000, 151296, 1, 0, 0
40500, 166400, 1, 0, 0
41000, 168448, 1, 0, 0
41500, 183168, 1, 0, 0
42000, 193664, 1, 0, 0
42500, 204608, 1, 0, 0
43000, 214720, 1, 0, 0
43500, 232704, 1, 0, 0
44000, 234496, 1, 0, 0
44500, 248064, 1, 0, 0
45000, 218112, 1, 0, 0
45500, 211200, 1, 0, 0
46000, 207872, 1, 0, 0
46500, 221696, 1, 0, 0
47000, 219136, 1, 0, 0
47500, 235520, 1, 0, 0
48000, 239360, 1, 0, 0
48500, 232192, 1, 0, 0
49000, 243968, 1, 0, 0
49500, 239104, 1, 0, 0
50000, 253184, 1, 0, 0
50500, 251904, 1, 0, 0
51000, 244480, 1, 0, 0
51500, 254720, 1, 0, 0
52000, 256448, 1, 0, 0
52500, 256832, 1, 0, 0
53000, 270848, 1, 0, 0
53500, 275200, 1, 0, 0
54000, 264448, 1, 0, 0
54500, 278272, 1, 0, 0
55000, 284928, 1, 0, 0
55500, 280192, 1, 0, 0
56000, 287104, 1, 0, 0
56500, 301568, 1, 0, 0
57000, 308736, 1, 0, 0
57500, 306304, 1, 0, 0
58000, 309120, 1, 0, 0
58500, 324096, 1, 0, 0
59000, 324864, 1, 0, 0
59500, 334080, 1, 0, 0
60000, 347136, 1, 0, 0
