500, 71488, 1, 0, 0
1000, 71458, 1, 0, 0
1500, 71464, 1, 0, 0
2000, 71466, 1, 0, 0
2500, 71468, 1, 0, 0
3000, 71456, 1, 0, 0
3500, 71456, 1, 0, 0
4000, 71462, 1, 0, 0
4500, 71468, 1, 0, 0
5000, 71464, 1, 0, 0
5500, 66006, 1, 0, 0
6000, 4256, 1, 0, 0
6500, 4208, 1, 0, 0
7000, 4560, 1, 0, 0
7500, 4632, 1, 0, 0
8000, 4844, 1, 0, 0
8500, 5348, 1, 0, 0
9000, 5460, 1, 0, 0
9500, 5932, 1, 0, 0
10000, 6236, 1, 0, 0
10500, 6500, 1, 0, 0
11000, 7080, 1, 0, 0
11500, 7142, 1, 0, 0
12000, 7656, 1, 0, 0
12500, 7416, 1, 0, 0
13000, 6792, 1, 0, 0
13500, 6472, 1, 0, 0
14000, 6808, 1, 0, 0
14500, 6860, 1, 0, 0
15000, 6868, 1, 0, 0
15500, 7240, 1, 0, 0
16000, 7112, 1, 0, 0
16500, 7512, 1, 0, 0
17000, 7546, 1, 0, 0
17500, 7518, 1, 0, 0
18000, 7832, 1, 0, 0
18500, 7642, 1, 0, 0
19000, 7942, 1, 0, 0
19500, 8088, 1, 0, 0
20000, 7864, 1, 0, 0
20500, 8264, 1, 0, 0
21000, 8360, 1, 0, 0
21500, 8192, 1, 0, 0
22000, 8704, 1, 0, 0
22500, 8944, 1, 0, 0
23000, 8576, 1, 0, 0
23500, 9064, 1, 0, 0
24000, 9418, 1, 0, 0
24500, 9432, 1, 0, 0
25000, 9160, 1, 0, 0
25500, 9760, 1, 0, 0
26000, 9976, 1, 0, 0
26500, 10272, 1, 0, 0
27000, 10376, 1, 0, 0
27500, 10624, 1, 0, 0
28000, 10456, 1, 0, 0
28500, 11280, 1, 0, 0
29000, 11480, 1, 0, 0
29500, 11776, 1, 0, 0
30000, 12096, 1, 0, 0
30500, 12624, 1, 0, 0
31000, 12968, 1, 0, 0
31500, 13304, 1, 0, 0
32000, 14040, 1, 0, 0
32500, 14624, 1, 0, 0
33000, 15340, 1, 0, 0
33500, 16212, 1, 0, 0
34000, 17056, 1, 0, 0
34500, 18584, 1, 0, 0
35000, 19488, 1, 0, 0
35500, 21920, 1, 0, 0
36000, 24528, 1, 0, 0
36500, 28702, 1, 0, 0
37000, 35810, 1, 0, 0
37500, 59028, 1, 0, 0
38000, 25690, 1, 0, 0
38500, 4224, 1, 0, 0
39000, 4256, 1, 0, 0
39500, 4672, 1, 0, 0
40000, 4728, 1, 0, 0
40500, 5200, 1, 0, 0
41000, 5264, 1, 0, 0
41500, 5724, 1, 0, 0
42000, 6052, 1, 0, 0
42500, 6394, 1, 0, 0
43000, 6710, 1, 0, 0
43500, 7272, 1, 0, 0
44000, 7328, 1, 0, 0
44500, 7752, 1, 0, 0
45000, 6816, 1, 0, 0
45500, 6600, 1, 0, 0
46000, 6496, 1, 0, 0
46500, 6928, 1, 0, 0
47000, 6848, 1, 0, 0
47500, 7360, 1, 0, 0
48000, 7480, 1, 0, 0
48500, 7256, 1, 0, 0
49000, 7624, 1, 0, 0
49500, 7472, 1, 0, 0
50000, 7912, 1, 0, 0
50500, 7872, 1, 0, 0
51000, 7640, 1, 0, 0
51500, 7960, 1, 0, 0
52000, 8014, 1, 0, 0
52500, 8026, 1, 0, 0
53000, 8464, 1, 0, 0
53500, 8600, 1, 0, 0
54000, 8264, 1, 0, 0
54500, 8696, 1, 0, 0
55000, 8904, 1, 0, 0
55500, 8756, 1, 0, 0
56000, 8972, 1, 0, 0
56500, 9424, 1, 0, 0
57000, 9648, 1, 0, 0
57500, 9572, 1, 0, 0
58000, 9660, 1, 0, 0
58500, 10128, 1, 0, 0
59000, 10152, 1, 0, 0
59500, 10440, 1, 0, 0
60000, 10848, 1, 0, 0
