500, 447253, 1, 0, 0
1000, 447599, 1, 0, 0
1500, 447597, 1, 0, 0
2000, 447596, 1, 0, 0
2500, 447592, 1, 0, 0
3000, 447593, 1, 0, 0
3500, 447594, 1, 0, 0
4000, 447595, 1, 0, 0
4500, 447593, 1, 0, 0
5000, 447585, 1, 0, 0
5517, 484139, 1, 0, 0
6012, 7440978, 1, 0, 0
6505, 7499517, 1, 0, 0
7015, 7168369, 1, 0, 0
7507, 6790842, 1, 0, 0
8000, 6523274, 1, 0, 0
8510, 6094686, 1, 0, 0
9000, 5774739, 1, 0, 0
9510, 5478666, 1, 0, 0
10000, 5259198, 1, 0, 0
10507, 4783078, 1, 0, 0
11014, 4583806, 1, 0, 0
11502, 4386424, 1, 0, 0
12011, 4243399, 1, 0, 0
12500, 4345796, 1, 0, 0
13011, 4676241, 1, 0, 0
13501, 4844004, 1, 0, 0
14008, 4776146, 1, 0, 0
14500, 4735397, 1, 0, 0
15006, 4562485, 1, 0, 0
15513, 4487807, 1, 0, 0
16001, 4390009, 1, 0, 0
16510, 4332425, 1, 0, 0
17000, 4323567, 1, 0, 0
17504, 4130035, 1, 0, 0
18012, 4146993, 1, 0, 0
18500, 4088270, 1, 0, 0
19007, 4086891, 1, 0, 0
19514, 4015824, 1, 0, 0
20001, 3959043, 1, 0, 0
20509, 3929722, 1, 0, 0
21015, 3880794, 1, 0, 0
21502, 3800468, 1, 0, 0
22008, 3720220, 1, 0, 0
22513, 3616768, 1, 0, 0
23001, 3639767, 1, 0, 0
23505, 3560704, 1, 0, 0
24010, 3435056, 1, 0, 0
24515, 3424263, 1, 0, 0
25000, 3393207, 1, 0, 0
25504, 3302745, 1, 0, 0
26007, 3228963, 1, 0, 0
26510, 3131424, 1, 0, 0
27013, 3104393, 1, 0, 0
27515, 3026702, 1, 0, 0
28000, 2966559, 1, 0, 0
28502, 2848360, 1, 0, 0
29004, 2801487, 1, 0, 0
29506, 2723953, 1, 0, 0
30006, 2649047, 1, 0, 0
30507, 2542510, 1, 0, 0
31006, 2462449, 1, 0, 0
31506, 2401261, 1, 0, 0
32004, 2272009, 1, 0, 0
32502, 2178294, 1, 0, 0
33000, 2150447, 1, 0, 0
33512, 1955938, 1, 0, 0
34003, 1847279, 1, 0, 0
34500, 1759083, 1, 0, 0
35002, 1603052, 1, 0, 0
35505, 1471116, 1, 0, 0
36003, 1302402, 1, 0, 0
36500, 1135811, 1, 0, 0
37001, 882080, 1, 0, 0
37500, 547910, 1, 0, 0
38000, 1202990, 1, 0, 0
38512, 7754707, 1, 0, 0
39004, 7401079, 1, 0, 0
39514, 6994083, 1, 0, 0
40006, 6661500, 1, 0, 0
40500, 6346211, 1, 0, 0
41007, 5910909, 1, 0, 0
41500, 5734802, 1, 0, 0
42008, 5165785, 1, 0, 0
42500, 5121427, 1, 0, 0
43008, 4654667, 1, 0, 0
43516, 4471368, 1, 0, 0
44004, 4263006, 1, 0, 0
44511, 4189166, 1, 0, 0
45001, 4593565, 1, 0, 0
45512, 4952060, 1, 0, 0
46001, 4826474, 1, 0, 0
46510, 4704891, 1, 0, 0
47001, 4578106, 1, 0, 0
47508, 4413453, 1, 0, 0
48000, 4355108, 1, 0, 0
48506, 4312605, 1, 0, 0
49013, 4258120, 1, 0, 0
49501, 4182007, 1, 0, 0
50007, 4096387, 1, 0, 0
50514, 4118270, 1, 0, 0
51003, 4089445, 1, 0, 0
51509, 4075039, 1, 0, 0
52000, 4055006, 1, 0, 0
52503, 3887052, 1, 0, 0
53010, 3825840, 1, 0, 0
53516, 3767121, 1, 0, 0
54001, 3759295, 1, 0, 0
54506, 3719438, 1, 0, 0
55012, 3630785, 1, 0, 0
55500, 3699599, 1, 0, 0
56004, 3466557, 1, 0, 0
56508, 3428542, 1, 0, 0
57013, 3351013, 1, 0, 0
57500, 3375607, 1, 0, 0
58003, 3212969, 1, 0, 0
58506, 3176563, 1, 0, 0
59009, 3172565, 1, 0, 0
59512, 3085083, 1, 0, 0
60014, 2961510, 1, 0, 0
60015, 16818652, 1, 0, 0
