500, 1652, 1, 0, 0
1000, 1646, 1, 0, 0
1500, 1644, 1, 0, 0
2000, 1645, 1, 0, 0
2500, 1642, 1, 0, 0
3000, 1638, 1, 0, 0
3500, 1647, 1, 0, 0
4000, 1647, 1, 0, 0
4500, 1645, 1, 0, 0
5000, 1641, 1, 0, 0
5517, 1648, 1, 0, 0
6012, 1682, 1, 0, 0
6505, 1685, 1, 0, 0
7015, 1687, 1, 0, 0
7507, 1695, 1, 0, 0
8000, 1691, 1, 0, 0
8510, 1680, 1, 0, 0
9000, 1683, 1, 0, 0
9510, 1685, 1, 0, 0
10000, 1673, 1, 0, 0
10507, 1684, 1, 0, 0
11014, 1680, 1, 0, 0
11502, 1681, 1, 0, 0
12011, 1678, 1, 0, 0
12500, 1679, 1, 0, 0
13011, 1679, 1, 0, 0
13501, 1680, 1, 0, 0
14008, 1673, 1, 0, 0
14500, 1675, 1, 0, 0
15006, 1664, 1, 0, 0
15513, 1668, 1, 0, 0
16001, 1670, 1, 0, 0
16510, 1672, 1, 0, 0
17000, 1681, 1, 0, 0
17504, 1680, 1, 0, 0
18012, 1679, 1, 0, 0
18500, 1683, 1, 0, 0
19007, 1674, 1, 0, 0
19514, 1669, 1, 0, 0
20001, 1673, 1, 0, 0
20509, 1676, 1, 0, 0
21016, 1682, 1, 0, 0
21502, 1676, 1, 0, 0
22008, 1679, 1, 0, 0
22513, 1675, 1, 0, 0
23001, 1677, 1, 0, 0
23505, 1678, 1, 0, 0
24010, 1674, 1, 0, 0
24515, 1680, 1, 0, 0
25000, 1678, 1, 0, 0
25504, 1678, 1, 0, 0
26007, 1677, 1, 0, 0
26510, 1679, 1, 0, 0
27013, 1684, 1, 0, 0
27515, 1678, 1, 0, 0
28000, 1673, 1, 0, 0
28502, 1675, 1, 0, 0
29004, 1671, 1, 0, 0
29506, 1671, 1, 0, 0
30006, 1673, 1, 0, 0
30507, 1667, 1, 0, 0
31006, 1667, 1, 0, 0
31506, 1671, 1, 0, 0
32004, 1702, 1, 0, 0
32502, 1774, 1, 0, 0
33000, 1673, 1, 0, 0
33512, 1671, 1, 0, 0
34003, 1671, 1, 0, 0
34500, 1679, 1, 0, 0
35002, 1674, 1, 0, 0
35505, 1675, 1, 0, 0
36003, 1667, 1, 0, 0
36500, 1663, 1, 0, 0
37001, 1657, 1, 0, 0
37500, 1655, 1, 0, 0
38000, 1661, 1, 0, 0
38512, 1696, 1, 0, 0
39004, 1696, 1, 0, 0
39514, 1672, 1, 0, 0
40006, 1679, 1, 0, 0
40500, 1683, 1, 0, 0
41007, 1700, 1, 0, 0
41500, 1672, 1, 0, 0
42008, 1675, 1, 0, 0
42500, 1670, 1, 0, 0
43008, 1674, 1, 0, 0
43516, 1673, 1, 0, 0
44004, 1670, 1, 0, 0
44511, 1678, 1, 0, 0
45001, 1675, 1, 0, 0
45512, 1678, 1, 0, 0
46001, 1666, 1, 0, 0
46510, 1667, 1, 0, 0
47001, 1672, 1, 0, 0
47508, 1678, 1, 0, 0
48000, 1685, 1, 0, 0
48506, 1671, 1, 0, 0
49013, 1669, 1, 0, 0
49501, 1669, 1, 0, 0
50007, 1666, 1, 0, 0
50514, 1669, 1, 0, 0
51003, 1663, 1, 0, 0
51509, 1671, 1, 0, 0
52000, 1671, 1, 0, 0
52503, 1677, 1, 0, 0
53010, 1678, 1, 0, 0
53516, 1674, 1, 0, 0
54001, 1682, 1, 0, 0
54506, 1673, 1, 0, 0
55012, 1677, 1, 0, 0
55500, 1671, 1, 0, 0
56004, 1679, 1, 0, 0
56508, 1670, 1, 0, 0
57013, 1675, 1, 0, 0
57500, 1677, 1, 0, 0
58003, 1670, 1, 0, 0
58506, 1667, 1, 0, 0
59009, 1675, 1, 0, 0
59512, 1679, 1, 0, 0
60015, 1673, 1, 0, 0
