500, 2191808, 1, 0, 0
1000, 2191968, 1, 0, 0
1500, 2189504, 1, 0, 0
2000, 2194944, 1, 0, 0
2500, 2196448, 1, 0, 0
3000, 2191552, 1, 0, 0
3500, 2197472, 1, 0, 0
4000, 2203616, 1, 0, 0
4500, 2189088, 1, 0, 0
5000, 2192896, 1, 0, 0
5500, 2202080, 1, 0, 0
6000, 894720, 1, 0, 0
6500, 132608, 1, 0, 0
7000, 145344, 1, 0, 0
7500, 136832, 1, 0, 0
8000, 142720, 1, 0, 0
8500, 150656, 1, 0, 0
9001, 155328, 1, 0, 0
9500, 158204, 1, 0, 0
10000, 168000, 1, 0, 0
10500, 166464, 1, 0, 0
11000, 183296, 1, 0, 0
11500, 167936, 1, 0, 0
12000, 172416, 1, 0, 0
12500, 178624, 1, 0, 0
13000, 167744, 1, 0, 0
13500, 172032, 1, 0, 0
14000, 185856, 1, 0, 0
14500, 166080, 1, 0, 0
15000, 168256, 1, 0, 0
15500, 157376, 1, 0, 0
16000, 169280, 1, 0, 0
16500, 186944, 1, 0, 0
17000, 170304, 1, 0, 0
17500, 188160, 1, 0, 0
18000, 174144, 1, 0, 0
18500, 178880, 1, 0, 0
19000, 182144, 1, 0, 0
19500, 204160, 1, 0, 0
20000, 192192, 1, 0, 0
20500, 175296, 1, 0, 0
21000, 202816, 1, 0, 0
21500, 188288, 1, 0, 0
22000, 202944, 1, 0, 0
22500, 183424, 1, 0, 0
23000, 176448, 1, 0, 0
23500, 199759, 1, 0, 0
24000, 205056, 1, 0, 0
24500, 192960, 1, 0, 0
25000, 210816, 1, 0, 0
25500, 207104, 1, 0, 0
26000, 195328, 1, 0, 0
26500, 175424, 1, 0, 0
27000, 184512, 1, 0, 0
27500, 193280, 1, 0, 0
28000, 186624, 1, 0, 0
28500, 195584, 1, 0, 0
29000, 205760, 1, 0, 0
29500, 190400, 1, 0, 0
30000, 233984, 1, 0, 0
30500, 200896, 1, 0, 0
31000, 222208, 1, 0, 0
31500, 210944, 1, 0, 0
32000, 204480, 1, 0, 0
32500, 206464, 1, 0, 0
33000, 227200, 1, 0, 0
33500, 221696, 1, 0, 0
34000, 224960, 1, 0, 0
34500, 228736, 1, 0, 0
35000, 218944, 1, 0, 0
35500, 218240, 1, 0, 0
36000, 229248, 1, 0, 0
36500, 221504, 1, 0, 0
37000, 235008, 1, 0, 0
37500, 242661, 1, 0, 0
38000, 240192, 1, 0, 0
38500, 235392, 1, 0, 0
39000, 259328, 1, 0, 0
39500, 240448, 1, 0, 0
40000, 259392, 1, 0, 0
40500, 249344, 1, 0, 0
41000, 265984, 1, 0, 0
41500, 274624, 1, 0, 0
42000, 273280, 1, 0, 0
42500, 278144, 1, 0, 0
43000, 299776, 1, 0, 0
43500, 360640, 1, 0, 0
44000, 301760, 1, 0, 0
44500, 331456, 1, 0, 0
45000, 313216, 1, 0, 0
45500, 373824, 1, 0, 0
46000, 383616, 1, 0, 0
46500, 376832, 1, 0, 0
47000, 399232, 1, 0, 0
47500, 432576, 1, 0, 0
48000, 460160, 1, 0, 0
48500, 529088, 1, 0, 0
49000, 543807, 1, 0, 0
49500, 611840, 1, 0, 0
50000, 818496, 1, 0, 0
50500, 1551552, 1, 0, 0
51000, 907392, 1, 0, 0
51500, 132992, 1, 0, 0
52000, 132992, 1, 0, 0
52500, 133312, 1, 0, 0
53000, 150784, 1, 0, 0
53500, 147520, 1, 0, 0
54000, 153920, 1, 0, 0
54500, 159040, 1, 0, 0
55000, 158912, 1, 0, 0
55500, 172352, 1, 0, 0
56000, 180768, 1, 0, 0
56500, 177376, 1, 0, 0
57000, 187264, 1, 0, 0
57500, 174400, 1, 0, 0
58000, 180992, 1, 0, 0
58500, 192448, 1, 0, 0
59000, 182765, 1, 0, 0
59500, 182528, 1, 0, 0
60000, 165056, 1, 0, 0
