500, 233367, 1, 0, 0
1000, 233376, 1, 0, 0
1500, 233618, 1, 0, 0
2000, 233066, 1, 0, 0
2500, 232866, 1, 0, 0
3000, 233407, 1, 0, 0
3500, 232752, 1, 0, 0
4000, 232142, 1, 0, 0
4500, 233696, 1, 0, 0
5000, 233225, 1, 0, 0
5500, 232296, 1, 0, 0
6016, 569371, 1, 0, 0
6506, 3787080, 1, 0, 0
7000, 3635149, 1, 0, 0
7505, 3609724, 1, 0, 0
8009, 3632861, 1, 0, 0
8515, 3427128, 1, 0, 0
9000, 3329677, 1, 0, 0
9500, 3161007, 1, 0, 0
10001, 3012499, 1, 0, 0
10514, 3156470, 1, 0, 0
11000, 2811883, 1, 0, 0
11505, 2979626, 1, 0, 0
12010, 3007276, 1, 0, 0
12500, 2884597, 1, 0, 0
13014, 3047893, 1, 0, 0
13512, 2963250, 1, 0, 0
14003, 2709792, 1, 0, 0
14502, 3078061, 1, 0, 0
15010, 3082741, 1, 0, 0
15505, 3224615, 1, 0, 0
16009, 3054346, 1, 0, 0
16504, 2705471, 1, 0, 0
17007, 3028625, 1, 0, 0
17500, 2758829, 1, 0, 0
18000, 2959855, 1, 0, 0
18502, 2776464, 1, 0, 0
19004, 2817012, 1, 0, 0
19500, 2557452, 1, 0, 0
20004, 2605442, 1, 0, 0
20500, 3013301, 1, 0, 0
21005, 2476873, 1, 0, 0
21509, 2722192, 1, 0, 0
22000, 2581859, 1, 0, 0
22510, 2741016, 1, 0, 0
23003, 2849221, 1, 0, 0
23506, 2573277, 1, 0, 0
24008, 2508559, 1, 0, 0
24506, 2648813, 1, 0, 0
25008, 2436387, 1, 0, 0
25505, 2468024, 1, 0, 0
26000, 2660346, 1, 0, 0
26502, 2850449, 1, 0, 0
27006, 2792697, 1, 0, 0
27510, 2674260, 1, 0, 0
28000, 2759158, 1, 0, 0
28503, 2562802, 1, 0, 0
29011, 2532344, 1, 0, 0
29500, 2699428, 1, 0, 0
30000, 2209442, 1, 0, 0
30502, 2460412, 1, 0, 0
31009, 2345292, 1, 0, 0
31509, 2432868, 1, 0, 0
32011, 2498969, 1, 0, 0
32505, 2454899, 1, 0, 0
33007, 2261579, 1, 0, 0
33506, 2311578, 1, 0, 0
34002, 2256733, 1, 0, 0
34505, 2247902, 1, 0, 0
35000, 2393763, 1, 0, 0
35504, 2285611, 1, 0, 0
36010, 2263160, 1, 0, 0
36509, 2307747, 1, 0, 0
37012, 2186435, 1, 0, 0
37506, 2085109, 1, 0, 0
38005, 2131805, 1, 0, 0
38507, 2180494, 1, 0, 0
39008, 1976597, 1, 0, 0
39500, 2155431, 1, 0, 0
40012, 1971042, 1, 0, 0
40503, 2019275, 1, 0, 0
41007, 1934420, 1, 0, 0
41507, 1865861, 1, 0, 0
42006, 1871569, 1, 0, 0
42500, 1872025, 1, 0, 0
43009, 1696081, 1, 0, 0
43507, 1411073, 1, 0, 0
44000, 1672186, 1, 0, 0
44511, 1577153, 1, 0, 0
45004, 1613671, 1, 0, 0
45502, 1360232, 1, 0, 0
46004, 1350350, 1, 0, 0
46500, 1369546, 1, 0, 0
47000, 1282036, 1, 0, 0
47505, 1174915, 1, 0, 0
48000, 1122237, 1, 0, 0
48500, 971681, 1, 0, 0
49003, 932525, 1, 0, 0
49501, 838466, 1, 0, 0
50000, 627339, 1, 0, 0
50500, 330048, 1, 0, 0
51004, 550913, 1, 0, 0
51513, 3917445, 1, 0, 0
52002, 3764507, 1, 0, 0
52504, 3849334, 1, 0, 0
53014, 3464293, 1, 0, 0
53500, 3504557, 1, 0, 0
54002, 3215199, 1, 0, 0
54504, 3230762, 1, 0, 0
55000, 3311743, 1, 0, 0
55500, 2888296, 1, 0, 0
56000, 2836599, 1, 0, 0
56508, 2926159, 1, 0, 0
57003, 2695291, 1, 0, 0
57506, 2952310, 1, 0, 0
58008, 2835228, 1, 0, 0
58515, 2700847, 1, 0, 0
59004, 2747725, 1, 0, 0
59512, 2853442, 1, 0, 0
60001, 3034256, 1, 0, 0
60001, 15120755, 1, 0, 0
