500, 232124, 1, 0, 0
1000, 232133, 1, 0, 0
1500, 232374, 1, 0, 0
2000, 231830, 1, 0, 0
2500, 231637, 1, 0, 0
3000, 232177, 1, 0, 0
3500, 231518, 1, 0, 0
4000, 230913, 1, 0, 0
4500, 232474, 1, 0, 0
5000, 231983, 1, 0, 0
5500, 231002, 1, 0, 0
6016, 568129, 1, 0, 0
6506, 3785837, 1, 0, 0
7000, 3633887, 1, 0, 0
7505, 3608472, 1, 0, 0
8009, 3631613, 1, 0, 0
8515, 3425887, 1, 0, 0
9000, 3328427, 1, 0, 0
9500, 3159764, 1, 0, 0
10001, 3011261, 1, 0, 0
10514, 3155232, 1, 0, 0
11000, 2810645, 1, 0, 0
11505, 2978395, 1, 0, 0
12010, 3006051, 1, 0, 0
12500, 2883372, 1, 0, 0
13014, 3046663, 1, 0, 0
13512, 2962018, 1, 0, 0
14003, 2708567, 1, 0, 0
14502, 3076834, 1, 0, 0
15010, 3081497, 1, 0, 0
15505, 3223363, 1, 0, 0
16009, 3053108, 1, 0, 0
16504, 2704235, 1, 0, 0
17007, 3027387, 1, 0, 0
17500, 2757596, 1, 0, 0
18000, 2958619, 1, 0, 0
18502, 2775229, 1, 0, 0
19004, 2815777, 1, 0, 0
19500, 2556223, 1, 0, 0
20004, 2604211, 1, 0, 0
20500, 3012064, 1, 0, 0
21005, 2475638, 1, 0, 0
21509, 2720949, 1, 0, 0
22000, 2580609, 1, 0, 0
22510, 2739785, 1, 0, 0
23003, 2847977, 1, 0, 0
23506, 2572035, 1, 0, 0
24008, 2507293, 1, 0, 0
24506, 2647589, 1, 0, 0
25008, 2435145, 1, 0, 0
25505, 2466781, 1, 0, 0
26000, 2659100, 1, 0, 0
26502, 2849213, 1, 0, 0
27006, 2791463, 1, 0, 0
27510, 2673023, 1, 0, 0
28000, 2757776, 1, 0, 0
28503, 2561574, 1, 0, 0
29011, 2531116, 1, 0, 0
29500, 2698194, 1, 0, 0
30000, 2208208, 1, 0, 0
30502, 2459172, 1, 0, 0
31009, 2344070, 1, 0, 0
31509, 2431645, 1, 0, 0
32011, 2497736, 1, 0, 0
32505, 2453668, 1, 0, 0
33007, 2260339, 1, 0, 0
33506, 2310340, 1, 0, 0
34002, 2255491, 1, 0, 0
34505, 2246660, 1, 0, 0
35000, 2392525, 1, 0, 0
35504, 2284381, 1, 0, 0
36010, 2261926, 1, 0, 0
36509, 2306518, 1, 0, 0
37012, 2185011, 1, 0, 0
37506, 2083816, 1, 0, 0
38005, 2130514, 1, 0, 0
38507, 2179158, 1, 0, 0
39008, 1975355, 1, 0, 0
39500, 2154190, 1, 0, 0
40012, 1969801, 1, 0, 0
40503, 2018044, 1, 0, 0
41007, 1933178, 1, 0, 0
41507, 1864623, 1, 0, 0
42006, 1870324, 1, 0, 0
42500, 1870772, 1, 0, 0
43009, 1694837, 1, 0, 0
43507, 1409840, 1, 0, 0
44000, 1670946, 1, 0, 0
44511, 1575918, 1, 0, 0
45004, 1612435, 1, 0, 0
45502, 1358994, 1, 0, 0
46004, 1349113, 1, 0, 0
46500, 1368314, 1, 0, 0
47000, 1280796, 1, 0, 0
47505, 1173682, 1, 0, 0
48000, 1121002, 1, 0, 0
48500, 970451, 1, 0, 0
49003, 931222, 1, 0, 0
49501, 837238, 1, 0, 0
50000, 626110, 1, 0, 0
50500, 328821, 1, 0, 0
51004, 549686, 1, 0, 0
51513, 3916068, 1, 0, 0
52002, 3763227, 1, 0, 0
52504, 3848086, 1, 0, 0
53014, 3462396, 1, 0, 0
53500, 3502940, 1, 0, 0
54002, 3213377, 1, 0, 0
54504, 3229358, 1, 0, 0
55000, 3309958, 1, 0, 0
55500, 2887066, 1, 0, 0
56000, 2835221, 1, 0, 0
56508, 2924940, 1, 0, 0
57003, 2694050, 1, 0, 0
57506, 2951071, 1, 0, 0
58008, 2833977, 1, 0, 0
58515, 2699621, 1, 0, 0
59004, 2746490, 1, 0, 0
59512, 2852206, 1, 0, 0
60001, 3033020, 1, 0, 0
60001, 15119198, 1, 0, 0
