500, 136988, 1, 0, 0
1000, 136998, 1, 0, 0
1500, 136844, 1, 0, 0
2000, 137184, 1, 0, 0
2500, 137278, 1, 0, 0
3000, 136972, 1, 0, 0
3500, 137342, 1, 0, 0
4000, 137726, 1, 0, 0
4500, 136818, 1, 0, 0
5000, 137056, 1, 0, 0
5500, 137630, 1, 0, 0
6000, 55920, 1, 0, 0
6500, 8288, 1, 0, 0
7000, 9084, 1, 0, 0
7500, 8552, 1, 0, 0
8000, 8920, 1, 0, 0
8500, 9416, 1, 0, 0
9001, 9708, 1, 0, 0
9500, 9887, 1, 0, 0
10000, 10500, 1, 0, 0
10500, 10404, 1, 0, 0
11000, 11456, 1, 0, 0
11500, 10496, 1, 0, 0
12000, 10776, 1, 0, 0
12500, 11164, 1, 0, 0
13000, 10484, 1, 0, 0
13500, 10752, 1, 0, 0
14000, 11616, 1, 0, 0
14500, 10380, 1, 0, 0
15000, 10516, 1, 0, 0
15500, 9836, 1, 0, 0
16000, 10580, 1, 0, 0
16500, 11684, 1, 0, 0
17000, 10644, 1, 0, 0
17500, 11760, 1, 0, 0
18000, 10884, 1, 0, 0
18500, 11180, 1, 0, 0
19000, 11384, 1, 0, 0
19500, 12760, 1, 0, 0
20000, 12012, 1, 0, 0
20500, 10956, 1, 0, 0
21000, 12676, 1, 0, 0
21500, 11768, 1, 0, 0
22000, 12684, 1, 0, 0
22500, 11464, 1, 0, 0
23000, 11028, 1, 0, 0
23500, 12484, 1, 0, 0
24000, 12816, 1, 0, 0
24500, 12060, 1, 0, 0
25000, 13176, 1, 0, 0
25500, 12944, 1, 0, 0
26000, 12208, 1, 0, 0
26500, 10964, 1, 0, 0
27000, 11532, 1, 0, 0
27500, 12080, 1, 0, 0
28000, 11664, 1, 0, 0
28500, 12224, 1, 0, 0
29000, 12860, 1, 0, 0
29500, 11900, 1, 0, 0
30000, 14624, 1, 0, 0
30500, 12556, 1, 0, 0
31000, 13888, 1, 0, 0
31500, 13184, 1, 0, 0
32000, 12780, 1, 0, 0
32500, 12904, 1, 0, 0
33000, 14200, 1, 0, 0
33500, 13856, 1, 0, 0
34000, 14060, 1, 0, 0
34500, 14296, 1, 0, 0
35000, 13684, 1, 0, 0
35500, 13640, 1, 0, 0
36000, 14328, 1, 0, 0
36500, 13844, 1, 0, 0
37000, 14688, 1, 0, 0
37500, 15166, 1, 0, 0
38000, 15012, 1, 0, 0
38500, 14712, 1, 0, 0
39000, 16208, 1, 0, 0
39500, 15028, 1, 0, 0
40000, 16212, 1, 0, 0
40500, 15584, 1, 0, 0
41000, 16624, 1, 0, 0
41500, 17164, 1, 0, 0
42000, 17080, 1, 0, 0
42500, 17384, 1, 0, 0
43000, 18736, 1, 0, 0
43500, 22540, 1, 0, 0
44000, 18860, 1, 0, 0
44500, 20716, 1, 0, 0
45000, 19576, 1, 0, 0
45500, 23364, 1, 0, 0
46000, 23976, 1, 0, 0
46500, 23552, 1, 0, 0
47000, 24952, 1, 0, 0
47500, 27036, 1, 0, 0
48000, 28760, 1, 0, 0
48500, 33068, 1, 0, 0
49000, 33987, 1, 0, 0
49500, 38240, 1, 0, 0
50000, 51156, 1, 0, 0
50500, 96972, 1, 0, 0
51000, 56712, 1, 0, 0
51500, 8312, 1, 0, 0
52000, 8312, 1, 0, 0
52500, 8332, 1, 0, 0
53000, 9424, 1, 0, 0
53500, 9220, 1, 0, 0
54000, 9620, 1, 0, 0
54500, 9940, 1, 0, 0
55000, 9932, 1, 0, 0
55500, 10772, 1, 0, 0
56000, 11298, 1, 0, 0
56500, 11086, 1, 0, 0
57000, 11704, 1, 0, 0
57500, 10900, 1, 0, 0
58000, 11312, 1, 0, 0
58500, 12028, 1, 0, 0
59000, 11422, 1, 0, 0
59500, 11408, 1, 0, 0
60000, 10316, 1, 0, 0
