500, 222428, 1, 0, 0
1000, 222555, 1, 0, 0
1500, 222567, 1, 0, 0
2000, 222572, 1, 0, 0
2500, 222565, 1, 0, 0
3000, 222573, 1, 0, 0
3500, 222576, 1, 0, 0
4000, 222569, 1, 0, 0
4500, 222578, 1, 0, 0
5000, 222575, 1, 0, 0
5500, 222744, 1, 0, 0
6000, 222444, 1, 0, 0
6500, 222447, 1, 0, 0
7000, 222449, 1, 0, 0
7500, 222446, 1, 0, 0
8000, 222440, 1, 0, 0
8500, 222442, 1, 0, 0
9000, 222443, 1, 0, 0
9500, 222445, 1, 0, 0
10000, 222442, 1, 0, 0
10500, 223267, 1, 0, 0
11000, 222506, 1, 0, 0
11500, 222506, 1, 0, 0
12000, 222507, 1, 0, 0
12500, 222512, 1, 0, 0
13000, 222512, 1, 0, 0
13500, 222517, 1, 0, 0
14000, 222513, 1, 0, 0
14500, 222516, 1, 0, 0
15000, 222512, 1, 0, 0
15500, 223227, 1, 0, 0
16000, 222449, 1, 0, 0
16500, 222458, 1, 0, 0
17000, 222463, 1, 0, 0
17500, 222460, 1, 0, 0
18000, 222460, 1, 0, 0
18500, 222457, 1, 0, 0
19000, 222460, 1, 0, 0
19500, 222459, 1, 0, 0
20000, 222461, 1, 0, 0
20500, 222461, 1, 0, 0
21000, 223156, 1, 0, 0
21500, 222484, 1, 0, 0
22000, 222481, 1, 0, 0
22500, 222483, 1, 0, 0
23000, 222485, 1, 0, 0
23500, 222488, 1, 0, 0
24000, 222486, 1, 0, 0
24500, 222487, 1, 0, 0
25000, 222485, 1, 0, 0
25500, 222480, 1, 0, 0
26000, 223145, 1, 0, 0
26500, 222495, 1, 0, 0
27000, 222499, 1, 0, 0
27500, 222496, 1, 0, 0
28000, 222497, 1, 0, 0
28500, 222498, 1, 0, 0
29000, 222499, 1, 0, 0
29500, 222498, 1, 0, 0
30000, 222499, 1, 0, 0
30500, 222498, 1, 0, 0
31000, 223297, 1, 0, 0
31500, 222495, 1, 0, 0
32000, 222502, 1, 0, 0
32500, 222504, 1, 0, 0
33000, 222503, 1, 0, 0
33500, 222501, 1, 0, 0
34000, 222504, 1, 0, 0
34500, 222501, 1, 0, 0
35000, 222502, 1, 0, 0
35500, 222501, 1, 0, 0
36000, 222503, 1, 0, 0
36500, 223285, 1, 0, 0
37000, 222439, 1, 0, 0
37500, 222433, 1, 0, 0
38000, 222433, 1, 0, 0
38500, 222436, 1, 0, 0
39000, 222439, 1, 0, 0
39500, 222439, 1, 0, 0
40000, 222434, 1, 0, 0
40500, 222438, 1, 0, 0
41000, 222436, 1, 0, 0
41500, 223273, 1, 0, 0
42000, 222490, 1, 0, 0
42500, 222488, 1, 0, 0
43000, 222487, 1, 0, 0
43500, 222491, 1, 0, 0
44000, 222494, 1, 0, 0
44500, 222491, 1, 0, 0
45000, 222484, 1, 0, 0
45500, 222487, 1, 0, 0
46000, 222489, 1, 0, 0
46500, 223075, 1, 0, 0
47000, 222443, 1, 0, 0
47500, 222451, 1, 0, 0
48000, 222453, 1, 0, 0
48500, 222454, 1, 0, 0
49000, 222452, 1, 0, 0
49500, 222454, 1, 0, 0
50000, 222452, 1, 0, 0
50500, 222456, 1, 0, 0
51000, 222457, 1, 0, 0
51500, 223285, 1, 0, 0
52000, 222474, 1, 0, 0
52500, 222482, 1, 0, 0
53000, 222486, 1, 0, 0
53500, 222491, 1, 0, 0
54000, 222487, 1, 0, 0
54500, 222488, 1, 0, 0
55000, 222488, 1, 0, 0
55500, 222488, 1, 0, 0
56000, 222492, 1, 0, 0
56500, 222491, 1, 0, 0
57000, 223339, 1, 0, 0
57500, 222500, 1, 0, 0
58000, 222505, 1, 0, 0
58500, 222504, 1, 0, 0
59000, 222501, 1, 0, 0
59500, 222501, 1, 0, 0
60000, 222502, 1, 0, 0
60000, 333676, 1, 0, 0
