[83968.709396] KSC2026-MARK map32k_bs16k_r1 insmod 1791459731364761531
[83968.720979] NVMeVirt: Version 1.10 for >> Samsung 970 Pro SSD <<
[83968.720987] NVMeVirt: Storage: 0x300100000-0x600000000 (12287 MiB)
[83968.730172] NVMeVirt: Total Capacity(GiB,MiB)=3,3072 chs=2 luns=4 lines=384 blk-size(MiB,KiB)=2,2048 line-size(MiB,KiB)=8,8192
[83968.730178] NVMeVirt: KSC2026: mapping unit=32768 B, flash page=32768 B, oneshot page=32768 B, pgs_per_blk=64, blks_per_pl=384, write buffer=1048576 B
[83968.736097] NVMeVirt: [chmodel_init] bandwidth 800 max_credits 26 tx_time 152
[83968.739610] NVMeVirt: [chmodel_init] bandwidth 800 max_credits 26 tx_time 152
[83968.739621] NVMeVirt: [chmodel_init] bandwidth 3360 max_credits 110 tx_time 36
[83968.739823] NVMeVirt: pqueue: Copyright (c) 2014, Volkan Yazıcı <volkan.yazici@gmail.com>. All rights reserved.
[83968.739824] NVMeVirt: Init FTL instance with 2 channels (98304 pages)
[83968.743029] NVMeVirt: [chmodel_init] bandwidth 800 max_credits 26 tx_time 152
[83968.746164] NVMeVirt: [chmodel_init] bandwidth 800 max_credits 26 tx_time 152
[83968.746175] NVMeVirt: [chmodel_init] bandwidth 3360 max_credits 110 tx_time 36
[83968.746363] NVMeVirt: Init FTL instance with 2 channels (98304 pages)
[83968.749538] NVMeVirt: [chmodel_init] bandwidth 800 max_credits 26 tx_time 152
[83968.752732] NVMeVirt: [chmodel_init] bandwidth 800 max_credits 26 tx_time 152
[83968.752743] NVMeVirt: [chmodel_init] bandwidth 3360 max_credits 110 tx_time 36
[83968.752912] NVMeVirt: Init FTL instance with 2 channels (98304 pages)
[83968.756027] NVMeVirt: [chmodel_init] bandwidth 800 max_credits 26 tx_time 152
[83968.759159] NVMeVirt: [chmodel_init] bandwidth 800 max_credits 26 tx_time 152
[83968.759170] NVMeVirt: [chmodel_init] bandwidth 3360 max_credits 110 tx_time 36
[83968.759341] NVMeVirt: Init FTL instance with 2 channels (98304 pages)
[83968.759344] NVMeVirt: FTL physical space: 12883853312, logical space: 12040984403 (physical/logical * 100 = 107)
[83968.759345] NVMeVirt: KSC2026: WBUF_FIX=1 GC_STATS=1
[83968.759345] NVMeVirt: KSC2026: WBUF_MERGE=1 (one open mapping unit per partition merges writes smaller than 32768 B)
[83968.759346] NVMeVirt: ns 0/1: size 11483 MiB
[83968.759378] PCI host bridge to bus 0001:10
[83968.759380] pci_bus 0001:10: root bus resource [io  0x0000-0xffff]
[83968.759381] pci_bus 0001:10: root bus resource [mem 0x00000000-0x3fffffffffff]
[83968.759382] pci_bus 0001:10: root bus resource [bus 00-ff]
[83968.759388] pci 0001:10:00.0: [0c51:0110] type 00 class 0x010802 PCIe Endpoint
[83968.759390] pci 0001:10:00.0: BAR 0 [mem 0x300000000-0x300003fff 64bit]
[83968.759391] pci 0001:10:00.0: enabling Extended Tags
[83968.759489] NVMeVirt: Virtual PCI bus created (node 0)
[83968.759693] NVMeVirt: nvmev_io_worker_0 started on cpu 4 (node 0)
[83968.760067] NVMeVirt: nvmev_io_worker_1 started on cpu 5 (node 0)
[83968.760080] NVMeVirt: nvmev_dispatcher started on cpu 3 (node 0)
[83968.760161] nvme nvme1: pci function 0001:10:00.0
[83968.763885] nvme nvme1: 1/0/0 default/read/poll queues
[83968.765083] NVMeVirt: Virtual NVMe device created
[83974.802292] KSC2026-MARK map32k_bs16k_r1 fio-start 1791459737469404839
[83980.495141] NVMeVirt: KSC2026: first GC part=0 victim line=0 vpc=0 ipc=256 free_lines=2 host_pgs=97280
[83980.495163] NVMeVirt: KSC2026: first GC part=1 victim line=0 vpc=0 ipc=256 free_lines=2 host_pgs=97280
[83980.495274] NVMeVirt: KSC2026: first GC part=2 victim line=0 vpc=0 ipc=256 free_lines=2 host_pgs=97280
[83980.495279] NVMeVirt: KSC2026: first GC part=3 victim line=0 vpc=0 ipc=256 free_lines=2 host_pgs=97280
[84035.838740] KSC2026-MARK map32k_bs16k_r1 fio-end
[84035.843638] KSC2026-MARK map32k_bs16k_r1 rmmod 1791459798511944576
[84035.906500] pci_bus 0001:10: busn_res: [bus 10-ff] is released
[84035.906525] NVMeVirt: KSC2026: stats part=0 host_pgs=1071523 gc_pgs=0 gc_cnt=3806 free_lines=3
[84035.906526] NVMeVirt: KSC2026: stats part=1 host_pgs=1071523 gc_pgs=0 gc_cnt=3806 free_lines=3
[84035.906527] NVMeVirt: KSC2026: stats part=2 host_pgs=1071511 gc_pgs=0 gc_cnt=3806 free_lines=3
[84035.906527] NVMeVirt: KSC2026: stats part=3 host_pgs=1071511 gc_pgs=0 gc_cnt=3806 free_lines=3
[84035.906528] NVMeVirt: KSC2026: merge part=0 open=1071523 merge=1071523 full=1071523 evict=0 direct=0 still_open=0
[84035.906529] NVMeVirt: KSC2026: merge part=1 open=1071523 merge=1071512 full=1071512 evict=11 direct=0 still_open=0
[84035.906529] NVMeVirt: KSC2026: merge part=2 open=1071512 merge=1071511 full=1071511 evict=0 direct=0 still_open=1
[84035.906530] NVMeVirt: KSC2026: merge part=3 open=1071511 merge=1071511 full=1071511 evict=0 direct=0 still_open=0
[84035.927101] NVMeVirt: Virtual NVMe device closed
