500, 448928, 1, 0, 0
1000, 453152, 1, 0, 0
1500, 452416, 1, 0, 0
2000, 456896, 1, 0, 0
2500, 453584, 1, 0, 0
3000, 456496, 1, 0, 0
3500, 422416, 1, 0, 0
4000, 188544, 1, 0, 0
4500, 176016, 1, 0, 0
5000, 173312, 1, 0, 0
5500, 160944, 1, 0, 0
6000, 162176, 1, 0, 0
6500, 155280, 1, 0, 0
7000, 146112, 1, 0, 0
7500, 145744, 1, 0, 0
8000, 134960, 1, 0, 0
8500, 124144, 1, 0, 0
9000, 119984, 1, 0, 0
9500, 115024, 1, 0, 0
10000, 108144, 1, 0, 0
10500, 113360, 1, 0, 0
11000, 106704, 1, 0, 0
11500, 110557, 1, 0, 0
12000, 104496, 1, 0, 0
12500, 97648, 1, 0, 0
13000, 95056, 1, 0, 0
13500, 98560, 1, 0, 0
14000, 92752, 1, 0, 0
14500, 87968, 1, 0, 0
15000, 90368, 1, 0, 0
15500, 92032, 1, 0, 0
16000, 84144, 1, 0, 0
16500, 85664, 1, 0, 0
17000, 82848, 1, 0, 0
17500, 85120, 1, 0, 0
18000, 79872, 1, 0, 0
18500, 85584, 1, 0, 0
19000, 80528, 1, 0, 0
19500, 79872, 1, 0, 0
20000, 78528, 1, 0, 0
20500, 80912, 1, 0, 0
21000, 76816, 1, 0, 0
21500, 77712, 1, 0, 0
22000, 78064, 1, 0, 0
22500, 69264, 1, 0, 0
23000, 75984, 1, 0, 0
23500, 76176, 1, 0, 0
24000, 72880, 1, 0, 0
24500, 71152, 1, 0, 0
25000, 70144, 1, 0, 0
25500, 70192, 1, 0, 0
26000, 71150, 1, 0, 0
26500, 67360, 1, 0, 0
27000, 62752, 1, 0, 0
27500, 69424, 1, 0, 0
28000, 68496, 1, 0, 0
28500, 65344, 1, 0, 0
29000, 67952, 1, 0, 0
29500, 64288, 1, 0, 0
30000, 66672, 1, 0, 0
30500, 64096, 1, 0, 0
31000, 62256, 1, 0, 0
31500, 58640, 1, 0, 0
32000, 59344, 1, 0, 0
32500, 63792, 1, 0, 0
33000, 59808, 1, 0, 0
33500, 59632, 1, 0, 0
34000, 60160, 1, 0, 0
34500, 59280, 1, 0, 0
35000, 61936, 1, 0, 0
35500, 57024, 1, 0, 0
36000, 58768, 1, 0, 0
36500, 59056, 1, 0, 0
37000, 57552, 1, 0, 0
37500, 57632, 1, 0, 0
38000, 56848, 1, 0, 0
38500, 57344, 1, 0, 0
39000, 55454, 1, 0, 0
39500, 56512, 1, 0, 0
40000, 56896, 1, 0, 0
40500, 54464, 1, 0, 0
41000, 54992, 1, 0, 0
41500, 54928, 1, 0, 0
42000, 52336, 1, 0, 0
42500, 54224, 1, 0, 0
43000, 54160, 1, 0, 0
43500, 51264, 1, 0, 0
44000, 52128, 1, 0, 0
44500, 50848, 1, 0, 0
45000, 51088, 1, 0, 0
45500, 51040, 1, 0, 0
46000, 50848, 1, 0, 0
46500, 50208, 1, 0, 0
47000, 50048, 1, 0, 0
47500, 48048, 1, 0, 0
48000, 51008, 1, 0, 0
48500, 50176, 1, 0, 0
49000, 50144, 1, 0, 0
49500, 49360, 1, 0, 0
50000, 50816, 1, 0, 0
50500, 48320, 1, 0, 0
51000, 48432, 1, 0, 0
51500, 47600, 1, 0, 0
52000, 48400, 1, 0, 0
52501, 47680, 1, 0, 0
53000, 48416, 1, 0, 0
53500, 47904, 1, 0, 0
54000, 48368, 1, 0, 0
54500, 46192, 1, 0, 0
55000, 45120, 1, 0, 0
55500, 46496, 1, 0, 0
56000, 47056, 1, 0, 0
56500, 46096, 1, 0, 0
57000, 47072, 1, 0, 0
57500, 48272, 1, 0, 0
58000, 45328, 1, 0, 0
58500, 45936, 1, 0, 0
59000, 45536, 1, 0, 0
59500, 45344, 1, 0, 0
60000, 46096, 1, 0, 0
