500, 1079, 1, 0, 0
1000, 1073, 1, 0, 0
1500, 1069, 1, 0, 0
2000, 1070, 1, 0, 0
2500, 1066, 1, 0, 0
3000, 1070, 1, 0, 0
3500, 1074, 1, 0, 0
4000, 1078, 1, 0, 0
4500, 1083, 1, 0, 0
5000, 1078, 1, 0, 0
5503, 1073, 1, 0, 0
6003, 1077, 1, 0, 0
6500, 1079, 1, 0, 0
7000, 1079, 1, 0, 0
7500, 1083, 1, 0, 0
8000, 1082, 1, 0, 0
8500, 1084, 1, 0, 0
9000, 1074, 1, 0, 0
9500, 1068, 1, 0, 0
10000, 1069, 1, 0, 0
10500, 1069, 1, 0, 0
11000, 1101, 1, 0, 0
11504, 1088, 1, 0, 0
12002, 1079, 1, 0, 0
12505, 1078, 1, 0, 0
13000, 1081, 1, 0, 0
13500, 1069, 1, 0, 0
14001, 1086, 1, 0, 0
14501, 1077, 1, 0, 0
15000, 1079, 1, 0, 0
15507, 1066, 1, 0, 0
16000, 1072, 1, 0, 0
16500, 1071, 1, 0, 0
17000, 1065, 1, 0, 0
17500, 1067, 1, 0, 0
18002, 1072, 1, 0, 0
18500, 1071, 1, 0, 0
19000, 1076, 1, 0, 0
19500, 1069, 1, 0, 0
20004, 1074, 1, 0, 0
20501, 1074, 1, 0, 0
21003, 1072, 1, 0, 0
21500, 1079, 1, 0, 0
22000, 1089, 1, 0, 0
22500, 1086, 1, 0, 0
23000, 1081, 1, 0, 0
23505, 1082, 1, 0, 0
24000, 1084, 1, 0, 0
24507, 1067, 1, 0, 0
25006, 1081, 1, 0, 0
25503, 1086, 1, 0, 0
26000, 1082, 1, 0, 0
26500, 1072, 1, 0, 0
27000, 1707, 1, 0, 0
27500, 1077, 1, 0, 0
28000, 1078, 1, 0, 0
28500, 1070, 1, 0, 0
29000, 1068, 1, 0, 0
29500, 1072, 1, 0, 0
30000, 1073, 1, 0, 0
30507, 1066, 1, 0, 0
31000, 1069, 1, 0, 0
31500, 1069, 1, 0, 0
32001, 1078, 1, 0, 0
32504, 1076, 1, 0, 0
33000, 1084, 1, 0, 0
33500, 1078, 1, 0, 0
34000, 1096, 1, 0, 0
34509, 1130, 1, 0, 0
35003, 1081, 1, 0, 0
35500, 1077, 1, 0, 0
36006, 1072, 1, 0, 0
36500, 1071, 1, 0, 0
37000, 1080, 1, 0, 0
37506, 1072, 1, 0, 0
38009, 1076, 1, 0, 0
38503, 1080, 1, 0, 0
39005, 1079, 1, 0, 0
39502, 1080, 1, 0, 0
40002, 1083, 1, 0, 0
40500, 1081, 1, 0, 0
41007, 1078, 1, 0, 0
41508, 1079, 1, 0, 0
42000, 1216, 1, 0, 0
42500, 1135, 1, 0, 0
43000, 1080, 1, 0, 0
43500, 1077, 1, 0, 0
44000, 1088, 1, 0, 0
44504, 1083, 1, 0, 0
45000, 1097, 1, 0, 0
45500, 1097, 1, 0, 0
46005, 1085, 1, 0, 0
46502, 1107, 1, 0, 0
47000, 1285, 1, 0, 0
47500, 1078, 1, 0, 0
48007, 1074, 1, 0, 0
48506, 1075, 1, 0, 0
49007, 1108, 1, 0, 0
49507, 1084, 1, 0, 0
50000, 1080, 1, 0, 0
50500, 1078, 1, 0, 0
51003, 1080, 1, 0, 0
51504, 1074, 1, 0, 0
52007, 1094, 1, 0, 0
52507, 1111, 1, 0, 0
53000, 1103, 1, 0, 0
53507, 1079, 1, 0, 0
54000, 1101, 1, 0, 0
54500, 1083, 1, 0, 0
55000, 1083, 1, 0, 0
55500, 1618, 1, 0, 0
56003, 1112, 1, 0, 0
56501, 1109, 1, 0, 0
57004, 1084, 1, 0, 0
57500, 1100, 1, 0, 0
58000, 1085, 1, 0, 0
58500, 1075, 1, 0, 0
59000, 1072, 1, 0, 0
59500, 1071, 1, 0, 0
60005, 1070, 1, 0, 0
