500, 568947, 1, 0, 0
1000, 563557, 1, 0, 0
1500, 564621, 1, 0, 0
2000, 558934, 1, 0, 0
2500, 563226, 1, 0, 0
3000, 559624, 1, 0, 0
3500, 603354, 1, 0, 0
4000, 1356432, 1, 0, 0
4500, 1455161, 1, 0, 0
5000, 1472486, 1, 0, 0
5503, 1590073, 1, 0, 0
6003, 1574384, 1, 0, 0
6500, 1652353, 1, 0, 0
7000, 1755522, 1, 0, 0
7500, 1754944, 1, 0, 0
8000, 1891651, 1, 0, 0
8500, 2062360, 1, 0, 0
9000, 2128142, 1, 0, 0
9500, 2236196, 1, 0, 0
10000, 2363280, 1, 0, 0
10500, 2254094, 1, 0, 0
11000, 2389679, 1, 0, 0
11504, 2306038, 1, 0, 0
12002, 2445615, 1, 0, 0
12505, 2630500, 1, 0, 0
13000, 2700703, 1, 0, 0
13500, 2597773, 1, 0, 0
14001, 2732814, 1, 0, 0
14501, 2899184, 1, 0, 0
15000, 2866296, 1, 0, 0
15507, 2772862, 1, 0, 0
16000, 3048033, 1, 0, 0
16500, 2996722, 1, 0, 0
17000, 3058282, 1, 0, 0
17500, 3018076, 1, 0, 0
18002, 3187404, 1, 0, 0
18500, 3003574, 1, 0, 0
19000, 3153805, 1, 0, 0
19500, 3229340, 1, 0, 0
20004, 3241578, 1, 0, 0
20501, 3145341, 1, 0, 0
21003, 3360277, 1, 0, 0
21500, 3318663, 1, 0, 0
22000, 3277425, 1, 0, 0
22500, 3681664, 1, 0, 0
23000, 3339144, 1, 0, 0
23505, 3365011, 1, 0, 0
24000, 3554491, 1, 0, 0
24507, 3560695, 1, 0, 0
25006, 3659030, 1, 0, 0
25503, 3613780, 1, 0, 0
26000, 3636897, 1, 0, 0
26500, 3795683, 1, 0, 0
27000, 4017375, 1, 0, 0
27500, 3740341, 1, 0, 0
28000, 3744942, 1, 0, 0
28500, 3917376, 1, 0, 0
29000, 3701335, 1, 0, 0
29500, 4053099, 1, 0, 0
30000, 3830102, 1, 0, 0
30507, 3981494, 1, 0, 0
31000, 4136208, 1, 0, 0
31500, 4334167, 1, 0, 0
32001, 4266575, 1, 0, 0
32504, 4027497, 1, 0, 0
33000, 4313234, 1, 0, 0
33500, 4297693, 1, 0, 0
34000, 4200809, 1, 0, 0
34509, 4371889, 1, 0, 0
35003, 4102133, 1, 0, 0
35500, 4501588, 1, 0, 0
36006, 4349806, 1, 0, 0
36500, 4325132, 1, 0, 0
37000, 4414656, 1, 0, 0
37506, 4477500, 1, 0, 0
38009, 4527127, 1, 0, 0
38503, 4418689, 1, 0, 0
39005, 4638636, 1, 0, 0
39502, 4503197, 1, 0, 0
40002, 4498797, 1, 0, 0
40500, 4767474, 1, 0, 0
41007, 4642339, 1, 0, 0
41508, 4663415, 1, 0, 0
42000, 4811696, 1, 0, 0
42500, 4711264, 1, 0, 0
43000, 4826063, 1, 0, 0
43500, 4924681, 1, 0, 0
44000, 4977905, 1, 0, 0
44504, 4978438, 1, 0, 0
45000, 5048923, 1, 0, 0
45500, 5016398, 1, 0, 0
46005, 4993099, 1, 0, 0
46502, 5081208, 1, 0, 0
47000, 5165066, 1, 0, 0
47500, 5310677, 1, 0, 0
48007, 5015217, 1, 0, 0
48506, 5096807, 1, 0, 0
49007, 5103796, 1, 0, 0
49507, 5194303, 1, 0, 0
50000, 5056921, 1, 0, 0
50500, 5307273, 1, 0, 0
51003, 5209483, 1, 0, 0
51504, 5398485, 1, 0, 0
52007, 5302183, 1, 0, 0
52507, 5367349, 1, 0, 0
53000, 5295389, 1, 0, 0
53507, 5350905, 1, 0, 0
54000, 5316838, 1, 0, 0
54500, 5531611, 1, 0, 0
55000, 5578832, 1, 0, 0
55500, 5490717, 1, 0, 0
56003, 5465151, 1, 0, 0
56501, 5549149, 1, 0, 0
57004, 5454522, 1, 0, 0
57500, 5366476, 1, 0, 0
58000, 5642480, 1, 0, 0
58500, 5594835, 1, 0, 0
59000, 5536154, 1, 0, 0
59500, 5716734, 1, 0, 0
60003, 5486147, 1, 0, 0
60005, 11375575, 1, 0, 0
