500, 570026, 1, 0, 0
1000, 564630, 1, 0, 0
1500, 565690, 1, 0, 0
2000, 560003, 1, 0, 0
2500, 564293, 1, 0, 0
3000, 560693, 1, 0, 0
3500, 604428, 1, 0, 0
4000, 1357509, 1, 0, 0
4500, 1456244, 1, 0, 0
5000, 1473564, 1, 0, 0
5503, 1591146, 1, 0, 0
6003, 1575461, 1, 0, 0
6500, 1653432, 1, 0, 0
7000, 1756601, 1, 0, 0
7500, 1756027, 1, 0, 0
8000, 1892734, 1, 0, 0
8500, 2063444, 1, 0, 0
9000, 2129216, 1, 0, 0
9500, 2237264, 1, 0, 0
10000, 2364350, 1, 0, 0
10500, 2255162, 1, 0, 0
11000, 2390779, 1, 0, 0
11504, 2307127, 1, 0, 0
12002, 2446693, 1, 0, 0
12505, 2631579, 1, 0, 0
13000, 2701784, 1, 0, 0
13500, 2598842, 1, 0, 0
14001, 2733899, 1, 0, 0
14501, 2900261, 1, 0, 0
15000, 2867375, 1, 0, 0
15507, 2773928, 1, 0, 0
16000, 3049105, 1, 0, 0
16500, 2997792, 1, 0, 0
17000, 3059347, 1, 0, 0
17500, 3019143, 1, 0, 0
18002, 3188477, 1, 0, 0
18500, 3004644, 1, 0, 0
19000, 3154881, 1, 0, 0
19500, 3230409, 1, 0, 0
20004, 3242651, 1, 0, 0
20501, 3146415, 1, 0, 0
21003, 3361349, 1, 0, 0
21500, 3319742, 1, 0, 0
22000, 3278514, 1, 0, 0
22500, 3682751, 1, 0, 0
23000, 3340225, 1, 0, 0
23505, 3366093, 1, 0, 0
24000, 3555575, 1, 0, 0
24507, 3561761, 1, 0, 0
25006, 3660111, 1, 0, 0
25503, 3614866, 1, 0, 0
26000, 3637978, 1, 0, 0
26500, 3796756, 1, 0, 0
27000, 4019082, 1, 0, 0
27500, 3741418, 1, 0, 0
28000, 3746021, 1, 0, 0
28500, 3918446, 1, 0, 0
29000, 3702404, 1, 0, 0
29500, 4054171, 1, 0, 0
30000, 3831174, 1, 0, 0
30507, 3982560, 1, 0, 0
31000, 4137278, 1, 0, 0
31500, 4335235, 1, 0, 0
32001, 4267653, 1, 0, 0
32504, 4028572, 1, 0, 0
33000, 4314318, 1, 0, 0
33500, 4298772, 1, 0, 0
34000, 4201906, 1, 0, 0
34509, 4373019, 1, 0, 0
35003, 4103214, 1, 0, 0
35500, 4502665, 1, 0, 0
36006, 4350878, 1, 0, 0
36500, 4326203, 1, 0, 0
37000, 4415736, 1, 0, 0
37506, 4478572, 1, 0, 0
38009, 4528203, 1, 0, 0
38503, 4419769, 1, 0, 0
39005, 4639715, 1, 0, 0
39502, 4504277, 1, 0, 0
40002, 4499880, 1, 0, 0
40500, 4768555, 1, 0, 0
41007, 4643417, 1, 0, 0
41508, 4664494, 1, 0, 0
42000, 4812910, 1, 0, 0
42500, 4712400, 1, 0, 0
43000, 4827144, 1, 0, 0
43500, 4925756, 1, 0, 0
44000, 4978993, 1, 0, 0
44504, 4979522, 1, 0, 0
45000, 5050020, 1, 0, 0
45500, 5017496, 1, 0, 0
46005, 4994184, 1, 0, 0
46502, 5082315, 1, 0, 0
47000, 5166351, 1, 0, 0
47500, 5311755, 1, 0, 0
48007, 5016291, 1, 0, 0
48506, 5097883, 1, 0, 0
49007, 5104904, 1, 0, 0
49507, 5195387, 1, 0, 0
50000, 5058001, 1, 0, 0
50500, 5308350, 1, 0, 0
51003, 5210564, 1, 0, 0
51504, 5399560, 1, 0, 0
52007, 5303277, 1, 0, 0
52507, 5368453, 1, 0, 0
53000, 5296498, 1, 0, 0
53507, 5351984, 1, 0, 0
54000, 5317940, 1, 0, 0
54500, 5532695, 1, 0, 0
55000, 5579915, 1, 0, 0
55500, 5492333, 1, 0, 0
56003, 5466265, 1, 0, 0
56501, 5550258, 1, 0, 0
57004, 5455606, 1, 0, 0
57500, 5367576, 1, 0, 0
58000, 5643565, 1, 0, 0
58500, 5595910, 1, 0, 0
59000, 5537226, 1, 0, 0
59500, 5717805, 1, 0, 0
60003, 5487218, 1, 0, 0
60005, 11376636, 1, 0, 0
