500, 56116, 1, 0, 0
1000, 56644, 1, 0, 0
1500, 56552, 1, 0, 0
2000, 57112, 1, 0, 0
2500, 56698, 1, 0, 0
3000, 57062, 1, 0, 0
3500, 52802, 1, 0, 0
4000, 23568, 1, 0, 0
4500, 22002, 1, 0, 0
5000, 21664, 1, 0, 0
5500, 20118, 1, 0, 0
6000, 20272, 1, 0, 0
6500, 19410, 1, 0, 0
7000, 18264, 1, 0, 0
7500, 18218, 1, 0, 0
8000, 16870, 1, 0, 0
8500, 15518, 1, 0, 0
9000, 14998, 1, 0, 0
9500, 14378, 1, 0, 0
10000, 13518, 1, 0, 0
10500, 14170, 1, 0, 0
11000, 13338, 1, 0, 0
11500, 13819, 1, 0, 0
12000, 13062, 1, 0, 0
12500, 12206, 1, 0, 0
13000, 11882, 1, 0, 0
13500, 12320, 1, 0, 0
14000, 11594, 1, 0, 0
14500, 10996, 1, 0, 0
15000, 11296, 1, 0, 0
15500, 11504, 1, 0, 0
16000, 10518, 1, 0, 0
16500, 10708, 1, 0, 0
17000, 10356, 1, 0, 0
17500, 10640, 1, 0, 0
18000, 9984, 1, 0, 0
18500, 10698, 1, 0, 0
19000, 10066, 1, 0, 0
19500, 9984, 1, 0, 0
20000, 9816, 1, 0, 0
20500, 10114, 1, 0, 0
21000, 9602, 1, 0, 0
21500, 9714, 1, 0, 0
22000, 9758, 1, 0, 0
22500, 8658, 1, 0, 0
23000, 9498, 1, 0, 0
23500, 9522, 1, 0, 0
24000, 9112, 1, 0, 0
24500, 8894, 1, 0, 0
25000, 8768, 1, 0, 0
25500, 8774, 1, 0, 0
26000, 8893, 1, 0, 0
26500, 8420, 1, 0, 0
27000, 7844, 1, 0, 0
27500, 8678, 1, 0, 0
28000, 8562, 1, 0, 0
28500, 8168, 1, 0, 0
29000, 8494, 1, 0, 0
29500, 8036, 1, 0, 0
30000, 8334, 1, 0, 0
30500, 8012, 1, 0, 0
31000, 7782, 1, 0, 0
31500, 7330, 1, 0, 0
32000, 7418, 1, 0, 0
32500, 7974, 1, 0, 0
33000, 7476, 1, 0, 0
33500, 7454, 1, 0, 0
34000, 7520, 1, 0, 0
34500, 7410, 1, 0, 0
35000, 7742, 1, 0, 0
35500, 7128, 1, 0, 0
36000, 7346, 1, 0, 0
36500, 7382, 1, 0, 0
37000, 7194, 1, 0, 0
37500, 7204, 1, 0, 0
38000, 7106, 1, 0, 0
38500, 7168, 1, 0, 0
39000, 6931, 1, 0, 0
39500, 7064, 1, 0, 0
40000, 7112, 1, 0, 0
40500, 6808, 1, 0, 0
41000, 6874, 1, 0, 0
41500, 6866, 1, 0, 0
42000, 6542, 1, 0, 0
42500, 6778, 1, 0, 0
43000, 6770, 1, 0, 0
43500, 6408, 1, 0, 0
44000, 6516, 1, 0, 0
44500, 6356, 1, 0, 0
45000, 6386, 1, 0, 0
45500, 6380, 1, 0, 0
46000, 6356, 1, 0, 0
46500, 6276, 1, 0, 0
47000, 6256, 1, 0, 0
47500, 6006, 1, 0, 0
48000, 6376, 1, 0, 0
48500, 6272, 1, 0, 0
49000, 6268, 1, 0, 0
49500, 6170, 1, 0, 0
50000, 6352, 1, 0, 0
50500, 6040, 1, 0, 0
51000, 6054, 1, 0, 0
51500, 5950, 1, 0, 0
52000, 6050, 1, 0, 0
52501, 5960, 1, 0, 0
53000, 6052, 1, 0, 0
53500, 5988, 1, 0, 0
54000, 6046, 1, 0, 0
54500, 5774, 1, 0, 0
55000, 5640, 1, 0, 0
55500, 5812, 1, 0, 0
56000, 5882, 1, 0, 0
56500, 5762, 1, 0, 0
57000, 5884, 1, 0, 0
57500, 6034, 1, 0, 0
58000, 5666, 1, 0, 0
58500, 5742, 1, 0, 0
59000, 5692, 1, 0, 0
59500, 5668, 1, 0, 0
60000, 5762, 1, 0, 0
