500, 1787663, 1, 0, 0
1000, 1791076, 1, 0, 0
1500, 1791076, 1, 0, 0
2000, 1791074, 1, 0, 0
2500, 1791073, 1, 0, 0
3000, 1791070, 1, 0, 0
3500, 1791069, 1, 0, 0
4000, 1791072, 1, 0, 0
4500, 1791071, 1, 0, 0
5000, 1791066, 1, 0, 0
5517, 1923941, 1, 0, 0
6005, 24744493, 1, 0, 0
6514, 25760265, 1, 0, 0
7001, 24985987, 1, 0, 0
7507, 24238524, 1, 0, 0
8013, 23154918, 1, 0, 0
8517, 21952475, 1, 0, 0
9003, 21531773, 1, 0, 0
9510, 20590705, 1, 0, 0
10012, 19405633, 1, 0, 0
10515, 18689024, 1, 0, 0
11016, 17962531, 1, 0, 0
11500, 17590120, 1, 0, 0
12000, 17394337, 1, 0, 0
12502, 17469349, 1, 0, 0
13006, 17694736, 1, 0, 0
13508, 17965508, 1, 0, 0
14011, 17941219, 1, 0, 0
14514, 17447386, 1, 0, 0
15014, 16944017, 1, 0, 0
15514, 16303047, 1, 0, 0
16013, 16318946, 1, 0, 0
16512, 15915252, 1, 0, 0
17012, 15657508, 1, 0, 0
17513, 15432164, 1, 0, 0
18011, 15825948, 1, 0, 0
18511, 15608926, 1, 0, 0
19010, 15280509, 1, 0, 0
19508, 14903126, 1, 0, 0
20007, 14813047, 1, 0, 0
20507, 15096781, 1, 0, 0
21005, 14992787, 1, 0, 0
21501, 14241813, 1, 0, 0
22000, 14085566, 1, 0, 0
22513, 13872212, 1, 0, 0
23010, 13619793, 1, 0, 0
23506, 13489011, 1, 0, 0
24002, 13042380, 1, 0, 0
24515, 12717354, 1, 0, 0
25012, 12684820, 1, 0, 0
25505, 12354622, 1, 0, 0
26000, 12020885, 1, 0, 0
26510, 11485028, 1, 0, 0
27004, 11494419, 1, 0, 0
27500, 11681602, 1, 0, 0
28006, 10597566, 1, 0, 0
28500, 10579587, 1, 0, 0
29004, 10161332, 1, 0, 0
29510, 9789765, 1, 0, 0
30000, 9569543, 1, 0, 0
30503, 9103692, 1, 0, 0
31006, 8789621, 1, 0, 0
31508, 8267689, 1, 0, 0
32007, 7840757, 1, 0, 0
32503, 7439070, 1, 0, 0
33000, 6960362, 1, 0, 0
33504, 6405087, 1, 0, 0
34008, 5842309, 1, 0, 0
34506, 5291861, 1, 0, 0
35000, 4522170, 1, 0, 0
35500, 3652328, 1, 0, 0
36000, 2375956, 1, 0, 0
36509, 3012831, 1, 0, 0
37017, 25888463, 1, 0, 0
37504, 25231484, 1, 0, 0
38011, 24958574, 1, 0, 0
38500, 24058226, 1, 0, 0
39006, 22786196, 1, 0, 0
39510, 21975974, 1, 0, 0
40014, 21011459, 1, 0, 0
40500, 19721973, 1, 0, 0
41003, 18918965, 1, 0, 0
41505, 18406839, 1, 0, 0
42008, 17735569, 1, 0, 0
42510, 17654849, 1, 0, 0
43013, 17831747, 1, 0, 0
43514, 17644643, 1, 0, 0
44015, 17714799, 1, 0, 0
44500, 17878410, 1, 0, 0
45000, 17393948, 1, 0, 0
45500, 16837175, 1, 0, 0
46001, 16983711, 1, 0, 0
46504, 16999519, 1, 0, 0
47006, 16788028, 1, 0, 0
47507, 16479608, 1, 0, 0
48007, 16253368, 1, 0, 0
48505, 15701067, 1, 0, 0
49005, 15818832, 1, 0, 0
49505, 15805930, 1, 0, 0
50003, 15381462, 1, 0, 0
50503, 15141328, 1, 0, 0
51000, 14723546, 1, 0, 0
51500, 14582699, 1, 0, 0
52014, 14324470, 1, 0, 0
52514, 14330645, 1, 0, 0
53013, 14235678, 1, 0, 0
53510, 14148576, 1, 0, 0
54006, 13628955, 1, 0, 0
54502, 13518140, 1, 0, 0
55000, 13272818, 1, 0, 0
55512, 12776929, 1, 0, 0
56006, 12554674, 1, 0, 0
56500, 12126331, 1, 0, 0
57013, 11833586, 1, 0, 0
57506, 11775223, 1, 0, 0
58000, 11467582, 1, 0, 0
58508, 10871855, 1, 0, 0
59000, 10817084, 1, 0, 0
59509, 10394588, 1, 0, 0
60000, 10188351, 1, 0, 0
60017, 18144058, 1, 0, 0
