500, 1783345, 1, 0, 0
1000, 1786745, 1, 0, 0
1500, 1786737, 1, 0, 0
2000, 1786749, 1, 0, 0
2500, 1786760, 1, 0, 0
3000, 1786739, 1, 0, 0
3500, 1786752, 1, 0, 0
4000, 1786751, 1, 0, 0
4500, 1786740, 1, 0, 0
5000, 1786744, 1, 0, 0
5517, 1919604, 1, 0, 0
6005, 24740128, 1, 0, 0
6514, 25755836, 1, 0, 0
7001, 24981574, 1, 0, 0
7507, 24234117, 1, 0, 0
8013, 23150510, 1, 0, 0
8517, 21948014, 1, 0, 0
9003, 21527360, 1, 0, 0
9510, 20586310, 1, 0, 0
10012, 19401205, 1, 0, 0
10515, 18684575, 1, 0, 0
11016, 17958115, 1, 0, 0
11500, 17585708, 1, 0, 0
12000, 17389928, 1, 0, 0
12502, 17464950, 1, 0, 0
13006, 17690329, 1, 0, 0
13508, 17961105, 1, 0, 0
14011, 17936772, 1, 0, 0
14514, 17442946, 1, 0, 0
15014, 16939652, 1, 0, 0
15514, 16298663, 1, 0, 0
16013, 16314502, 1, 0, 0
16512, 15910819, 1, 0, 0
17012, 15653137, 1, 0, 0
17513, 15427719, 1, 0, 0
18011, 15821515, 1, 0, 0
18511, 15604520, 1, 0, 0
19010, 15276072, 1, 0, 0
19508, 14898726, 1, 0, 0
20007, 14808619, 1, 0, 0
20507, 15092393, 1, 0, 0
21005, 14988384, 1, 0, 0
21501, 14237396, 1, 0, 0
22000, 14081147, 1, 0, 0
22513, 13867842, 1, 0, 0
23010, 13615342, 1, 0, 0
23506, 13484562, 1, 0, 0
24002, 13037960, 1, 0, 0
24515, 12712952, 1, 0, 0
25012, 12680416, 1, 0, 0
25505, 12350166, 1, 0, 0
26000, 12016464, 1, 0, 0
26510, 11480625, 1, 0, 0
27004, 11490027, 1, 0, 0
27500, 11677225, 1, 0, 0
28006, 10593147, 1, 0, 0
28500, 10575178, 1, 0, 0
29004, 10156888, 1, 0, 0
29510, 9785313, 1, 0, 0
30000, 9565129, 1, 0, 0
30503, 9099232, 1, 0, 0
31006, 8785190, 1, 0, 0
31508, 8263155, 1, 0, 0
32007, 7836299, 1, 0, 0
32503, 7434597, 1, 0, 0
33000, 6955960, 1, 0, 0
33504, 6400650, 1, 0, 0
34008, 5837882, 1, 0, 0
34506, 5287444, 1, 0, 0
35000, 4517752, 1, 0, 0
35500, 3647869, 1, 0, 0
36000, 2371558, 1, 0, 0
36509, 3008488, 1, 0, 0
37017, 25884056, 1, 0, 0
37504, 25227082, 1, 0, 0
38011, 24954112, 1, 0, 0
38500, 24053803, 1, 0, 0
39006, 22781778, 1, 0, 0
39510, 21971544, 1, 0, 0
40014, 21007071, 1, 0, 0
40500, 19717579, 1, 0, 0
41003, 18914504, 1, 0, 0
41505, 18402449, 1, 0, 0
42008, 17731222, 1, 0, 0
42510, 17650483, 1, 0, 0
43013, 17827364, 1, 0, 0
43514, 17640270, 1, 0, 0
44015, 17710388, 1, 0, 0
44500, 17874025, 1, 0, 0
45000, 17389531, 1, 0, 0
45500, 16832764, 1, 0, 0
46001, 16979272, 1, 0, 0
46504, 16995118, 1, 0, 0
47006, 16783619, 1, 0, 0
47507, 16475177, 1, 0, 0
48007, 16248934, 1, 0, 0
48505, 15696629, 1, 0, 0
49005, 15814398, 1, 0, 0
49505, 15801505, 1, 0, 0
50003, 15376999, 1, 0, 0
50503, 15136895, 1, 0, 0
51000, 14719110, 1, 0, 0
51500, 14578251, 1, 0, 0
52014, 14320031, 1, 0, 0
52514, 14326219, 1, 0, 0
53013, 14231232, 1, 0, 0
53510, 14144118, 1, 0, 0
54006, 13624555, 1, 0, 0
54502, 13513761, 1, 0, 0
55000, 13268391, 1, 0, 0
55512, 12772538, 1, 0, 0
56006, 12550275, 1, 0, 0
56500, 12121949, 1, 0, 0
57013, 11829131, 1, 0, 0
57506, 11770808, 1, 0, 0
58000, 11463138, 1, 0, 0
58508, 10867419, 1, 0, 0
59000, 10812645, 1, 0, 0
59509, 10390159, 1, 0, 0
60000, 10183947, 1, 0, 0
60017, 18139487, 1, 0, 0
