500, 4318, 1, 0, 0
1000, 4330, 1, 0, 0
1500, 4339, 1, 0, 0
2000, 4325, 1, 0, 0
2500, 4313, 1, 0, 0
3000, 4331, 1, 0, 0
3500, 4317, 1, 0, 0
4000, 4322, 1, 0, 0
4500, 4331, 1, 0, 0
5000, 4323, 1, 0, 0
5517, 4336, 1, 0, 0
6005, 4351, 1, 0, 0
6514, 4448, 1, 0, 0
7001, 4413, 1, 0, 0
7507, 4402, 1, 0, 0
8013, 4408, 1, 0, 0
8517, 4459, 1, 0, 0
9003, 4412, 1, 0, 0
9510, 4394, 1, 0, 0
10012, 4429, 1, 0, 0
10515, 4456, 1, 0, 0
11016, 4416, 1, 0, 0
11500, 4397, 1, 0, 0
12000, 4414, 1, 0, 0
12502, 4396, 1, 0, 0
13006, 4409, 1, 0, 0
13508, 4414, 1, 0, 0
14011, 4448, 1, 0, 0
14514, 4437, 1, 0, 0
15014, 4358, 1, 0, 0
15514, 4390, 1, 0, 0
16013, 4446, 1, 0, 0
16512, 4428, 1, 0, 0
17012, 4374, 1, 0, 0
17513, 4437, 1, 0, 0
18011, 4444, 1, 0, 0
18511, 4399, 1, 0, 0
19010, 4432, 1, 0, 0
19508, 4406, 1, 0, 0
20007, 4431, 1, 0, 0
20507, 4382, 1, 0, 0
21005, 4406, 1, 0, 0
21501, 4422, 1, 0, 0
22000, 4414, 1, 0, 0
22513, 4368, 1, 0, 0
23010, 4457, 1, 0, 0
23506, 4447, 1, 0, 0
24002, 4423, 1, 0, 0
24515, 4399, 1, 0, 0
25012, 4404, 1, 0, 0
25505, 4456, 1, 0, 0
26000, 4417, 1, 0, 0
26510, 4403, 1, 0, 0
27004, 4392, 1, 0, 0
27500, 4374, 1, 0, 0
28006, 4421, 1, 0, 0
28500, 4409, 1, 0, 0
29004, 4446, 1, 0, 0
29510, 4449, 1, 0, 0
30000, 4420, 1, 0, 0
30503, 4459, 1, 0, 0
31006, 4432, 1, 0, 0
31508, 4532, 1, 0, 0
32007, 4457, 1, 0, 0
32503, 4478, 1, 0, 0
33000, 4403, 1, 0, 0
33504, 4434, 1, 0, 0
34008, 4428, 1, 0, 0
34506, 4417, 1, 0, 0
35000, 4419, 1, 0, 0
35500, 4457, 1, 0, 0
36000, 4399, 1, 0, 0
36509, 4342, 1, 0, 0
37017, 4396, 1, 0, 0
37504, 4417, 1, 0, 0
38011, 4461, 1, 0, 0
38500, 4414, 1, 0, 0
39007, 4417, 1, 0, 0
39510, 4443, 1, 0, 0
40014, 4380, 1, 0, 0
40500, 4393, 1, 0, 0
41003, 4465, 1, 0, 0
41505, 4379, 1, 0, 0
42008, 4349, 1, 0, 0
42510, 4370, 1, 0, 0
43013, 4387, 1, 0, 0
43514, 4381, 1, 0, 0
44015, 4409, 1, 0, 0
44500, 4378, 1, 0, 0
45000, 4418, 1, 0, 0
45500, 4408, 1, 0, 0
46001, 4436, 1, 0, 0
46504, 4411, 1, 0, 0
47006, 4405, 1, 0, 0
47507, 4433, 1, 0, 0
48007, 4432, 1, 0, 0
48505, 4439, 1, 0, 0
49005, 4431, 1, 0, 0
49505, 4429, 1, 0, 0
50003, 4458, 1, 0, 0
50503, 4435, 1, 0, 0
51000, 4432, 1, 0, 0
51500, 4454, 1, 0, 0
52014, 4438, 1, 0, 0
52514, 4427, 1, 0, 0
53013, 4450, 1, 0, 0
53510, 4452, 1, 0, 0
54006, 4400, 1, 0, 0
54502, 4379, 1, 0, 0
55000, 4428, 1, 0, 0
55512, 4390, 1, 0, 0
56006, 4396, 1, 0, 0
56500, 4385, 1, 0, 0
57013, 4456, 1, 0, 0
57506, 4412, 1, 0, 0
58000, 4460, 1, 0, 0
58508, 4421, 1, 0, 0
59000, 4439, 1, 0, 0
59509, 4422, 1, 0, 0
60017, 4415, 1, 0, 0
