500, 445672, 1, 0, 0
1000, 446019, 1, 0, 0
1500, 446024, 1, 0, 0
2000, 446021, 1, 0, 0
2500, 446025, 1, 0, 0
3000, 446020, 1, 0, 0
3500, 446024, 1, 0, 0
4000, 446025, 1, 0, 0
4500, 446025, 1, 0, 0
5000, 446015, 1, 0, 0
5500, 446452, 1, 0, 0
6000, 445950, 1, 0, 0
6500, 445953, 1, 0, 0
7000, 445959, 1, 0, 0
7500, 445962, 1, 0, 0
8000, 445966, 1, 0, 0
8500, 445964, 1, 0, 0
9000, 445964, 1, 0, 0
9500, 445960, 1, 0, 0
10000, 445959, 1, 0, 0
10500, 446693, 1, 0, 0
11000, 445933, 1, 0, 0
11500, 445943, 1, 0, 0
12000, 445939, 1, 0, 0
12500, 445942, 1, 0, 0
13000, 445931, 1, 0, 0
13500, 445938, 1, 0, 0
14000, 445934, 1, 0, 0
14500, 445939, 1, 0, 0
15000, 445946, 1, 0, 0
15500, 446839, 1, 0, 0
16000, 445954, 1, 0, 0
16500, 445959, 1, 0, 0
17000, 445956, 1, 0, 0
17500, 445963, 1, 0, 0
18000, 445959, 1, 0, 0
18500, 445959, 1, 0, 0
19000, 445964, 1, 0, 0
19500, 445967, 1, 0, 0
20000, 445957, 1, 0, 0
20500, 445963, 1, 0, 0
21000, 446650, 1, 0, 0
21500, 445972, 1, 0, 0
22000, 445962, 1, 0, 0
22500, 445962, 1, 0, 0
23000, 445976, 1, 0, 0
23500, 445977, 1, 0, 0
24000, 445974, 1, 0, 0
24500, 445960, 1, 0, 0
25000, 445955, 1, 0, 0
25500, 445952, 1, 0, 0
26000, 446726, 1, 0, 0
26500, 445916, 1, 0, 0
27000, 445939, 1, 0, 0
27500, 445927, 1, 0, 0
28000, 445923, 1, 0, 0
28500, 445934, 1, 0, 0
29000, 445930, 1, 0, 0
29500, 445936, 1, 0, 0
30000, 445937, 1, 0, 0
30500, 445920, 1, 0, 0
31000, 446623, 1, 0, 0
31500, 445957, 1, 0, 0
32000, 445962, 1, 0, 0
32500, 445955, 1, 0, 0
33000, 445946, 1, 0, 0
33500, 445960, 1, 0, 0
34000, 445958, 1, 0, 0
34500, 445957, 1, 0, 0
35000, 445951, 1, 0, 0
35500, 445957, 1, 0, 0
36000, 445959, 1, 0, 0
36500, 446603, 1, 0, 0
37000, 445950, 1, 0, 0
37500, 445949, 1, 0, 0
38000, 445951, 1, 0, 0
38500, 445953, 1, 0, 0
39000, 445952, 1, 0, 0
39500, 445952, 1, 0, 0
40000, 445944, 1, 0, 0
40500, 445949, 1, 0, 0
41000, 445948, 1, 0, 0
41500, 446674, 1, 0, 0
42000, 445937, 1, 0, 0
42500, 445939, 1, 0, 0
43000, 445943, 1, 0, 0
43500, 445942, 1, 0, 0
44000, 445945, 1, 0, 0
44500, 445947, 1, 0, 0
45000, 445942, 1, 0, 0
45500, 445952, 1, 0, 0
46000, 445952, 1, 0, 0
46500, 446725, 1, 0, 0
47000, 445939, 1, 0, 0
47500, 445942, 1, 0, 0
48000, 445943, 1, 0, 0
48500, 445934, 1, 0, 0
49000, 445943, 1, 0, 0
49500, 445941, 1, 0, 0
50000, 445934, 1, 0, 0
50500, 445930, 1, 0, 0
51000, 445929, 1, 0, 0
51500, 446733, 1, 0, 0
52000, 445965, 1, 0, 0
52500, 445966, 1, 0, 0
53000, 445964, 1, 0, 0
53500, 445964, 1, 0, 0
54000, 445973, 1, 0, 0
54500, 445971, 1, 0, 0
55000, 445964, 1, 0, 0
55500, 445972, 1, 0, 0
56000, 445970, 1, 0, 0
56500, 445972, 1, 0, 0
57000, 446592, 1, 0, 0
57500, 445939, 1, 0, 0
58000, 445947, 1, 0, 0
58500, 445948, 1, 0, 0
59000, 445948, 1, 0, 0
59500, 445942, 1, 0, 0
60000, 445943, 1, 0, 0
60000, 622793, 1, 0, 0
