500, 2288160, 1, 0, 0
1000, 2284416, 1, 0, 0
1500, 2278688, 1, 0, 0
2000, 2284864, 1, 0, 0
2500, 2286749, 1, 0, 0
3000, 2286720, 1, 0, 0
3500, 2286848, 1, 0, 0
4000, 2286848, 1, 0, 0
4500, 2286752, 1, 0, 0
5000, 2286816, 1, 0, 0
5500, 2283552, 1, 0, 0
6000, 2286816, 1, 0, 0
6500, 2285696, 1, 0, 0
7000, 2286912, 1, 0, 0
7500, 2286592, 1, 0, 0
8000, 2286848, 1, 0, 0
8500, 2286912, 1, 0, 0
9000, 2276480, 1, 0, 0
9500, 2286912, 1, 0, 0
10000, 2286592, 1, 0, 0
10500, 2283840, 1, 0, 0
11000, 2286592, 1, 0, 0
11500, 2286912, 1, 0, 0
12000, 2286976, 1, 0, 0
12500, 2286880, 1, 0, 0
13000, 2286653, 1, 0, 0
13500, 2286912, 1, 0, 0
14000, 2286720, 1, 0, 0
14500, 2286592, 1, 0, 0
