500, 1197, 1, 0, 0
1000, 1209, 1, 0, 0
1500, 1293, 1, 0, 0
2000, 1321, 1, 0, 0
2500, 1173, 1, 0, 0
3000, 1172, 1, 0, 0
3500, 1168, 1, 0, 0
4000, 1170, 1, 0, 0
4500, 1169, 1, 0, 0
5000, 1170, 1, 0, 0
5500, 1240, 1, 0, 0
6000, 1243, 1, 0, 0
6500, 1267, 1, 0, 0
7000, 1241, 1, 0, 0
7500, 1236, 1, 0, 0
8000, 1241, 1, 0, 0
8500, 1245, 1, 0, 0
9000, 1316, 1, 0, 0
9500, 1239, 1, 0, 0
10000, 1239, 1, 0, 0
10500, 1307, 1, 0, 0
11000, 1261, 1, 0, 0
11500, 1258, 1, 0, 0
12000, 1256, 1, 0, 0
12500, 1255, 1, 0, 0
13000, 1256, 1, 0, 0
13500, 1256, 1, 0, 0
14000, 1256, 1, 0, 0
14500, 1259, 1, 0, 0
15000, 1298, 1, 0, 0
