500, 223573, 1, 0, 0
1000, 223948, 1, 0, 0
1500, 224740, 1, 0, 0
2000, 223932, 1, 0, 0
2500, 223712, 1, 0, 0
3000, 223712, 1, 0, 0
3500, 223710, 1, 0, 0
4000, 223712, 1, 0, 0
4500, 223711, 1, 0, 0
5000, 223712, 1, 0, 0
5500, 223992, 1, 0, 0
6000, 223708, 1, 0, 0
6500, 223810, 1, 0, 0
7000, 223711, 1, 0, 0
7500, 223711, 1, 0, 0
8000, 223711, 1, 0, 0
8500, 223712, 1, 0, 0
9000, 224728, 1, 0, 0
9500, 223709, 1, 0, 0
10000, 223709, 1, 0, 0
10500, 223993, 1, 0, 0
11000, 223701, 1, 0, 0
11500, 223701, 1, 0, 0
12000, 223701, 1, 0, 0
12500, 223700, 1, 0, 0
13000, 223701, 1, 0, 0
13500, 223701, 1, 0, 0
14000, 223702, 1, 0, 0
14500, 223701, 1, 0, 0
15000, 223803, 1, 0, 0
15000, 344189, 1, 0, 0
