500, 143014, 1, 0, 0
1000, 142772, 1, 0, 0
1500, 142418, 1, 0, 0
2000, 142804, 1, 0, 0
2500, 142921, 1, 0, 0
3000, 142920, 1, 0, 0
3500, 142926, 1, 0, 0
4000, 142926, 1, 0, 0
4500, 142922, 1, 0, 0
5000, 142926, 1, 0, 0
5500, 142722, 1, 0, 0
6000, 142926, 1, 0, 0
6500, 142856, 1, 0, 0
7000, 142932, 1, 0, 0
7500, 142912, 1, 0, 0
8000, 142928, 1, 0, 0
8500, 142932, 1, 0, 0
9000, 142280, 1, 0, 0
9500, 142932, 1, 0, 0
10000, 142912, 1, 0, 0
10500, 142740, 1, 0, 0
11000, 142912, 1, 0, 0
11500, 142932, 1, 0, 0
12000, 142936, 1, 0, 0
12500, 142930, 1, 0, 0
13000, 142915, 1, 0, 0
13500, 142932, 1, 0, 0
14000, 142920, 1, 0, 0
14500, 142912, 1, 0, 0
