[82589.160875] KSC2026-MARK map16k_bs16k_r1 insmod 1791458351820179624
[82589.178445] NVMeVirt: Version 1.10 for >> Samsung 970 Pro SSD <<
[82589.178463] NVMeVirt: Storage: 0x300100000-0x600000000 (12287 MiB)
[82589.191702] NVMeVirt: Total Capacity(GiB,MiB)=3,3072 chs=2 luns=4 lines=384 blk-size(MiB,KiB)=2,2048 line-size(MiB,KiB)=8,8192
[82589.191707] NVMeVirt: KSC2026: mapping unit=16384 B, flash page=32768 B, oneshot page=32768 B, pgs_per_blk=128, blks_per_pl=384, write buffer=1048576 B
[82589.196499] NVMeVirt: [chmodel_init] bandwidth 800 max_credits 26 tx_time 152
[82589.199676] NVMeVirt: [chmodel_init] bandwidth 800 max_credits 26 tx_time 152
[82589.199687] NVMeVirt: [chmodel_init] bandwidth 3360 max_credits 110 tx_time 36
[82589.200044] NVMeVirt: pqueue: Copyright (c) 2014, Volkan Yazıcı <volkan.yazici@gmail.com>. All rights reserved.
[82589.200046] NVMeVirt: Init FTL instance with 2 channels (196608 pages)
[82589.203092] NVMeVirt: [chmodel_init] bandwidth 800 max_credits 26 tx_time 152
[82589.206150] NVMeVirt: [chmodel_init] bandwidth 800 max_credits 26 tx_time 152
[82589.206161] NVMeVirt: [chmodel_init] bandwidth 3360 max_credits 110 tx_time 36
[82589.206493] NVMeVirt: Init FTL instance with 2 channels (196608 pages)
[82589.209679] NVMeVirt: [chmodel_init] bandwidth 800 max_credits 26 tx_time 152
[82589.212799] NVMeVirt: [chmodel_init] bandwidth 800 max_credits 26 tx_time 152
[82589.212810] NVMeVirt: [chmodel_init] bandwidth 3360 max_credits 110 tx_time 36
[82589.213157] NVMeVirt: Init FTL instance with 2 channels (196608 pages)
[82589.216499] NVMeVirt: [chmodel_init] bandwidth 800 max_credits 26 tx_time 152
[82589.219850] NVMeVirt: [chmodel_init] bandwidth 800 max_credits 26 tx_time 152
[82589.219861] NVMeVirt: [chmodel_init] bandwidth 3360 max_credits 110 tx_time 36
[82589.220204] NVMeVirt: Init FTL instance with 2 channels (196608 pages)
[82589.220207] NVMeVirt: FTL physical space: 12883853312, logical space: 12040984403 (physical/logical * 100 = 107)
[82589.220208] NVMeVirt: KSC2026: WBUF_FIX=1 GC_STATS=1
[82589.220208] NVMeVirt: ns 0/1: size 11483 MiB
[82589.220242] PCI host bridge to bus 0001:10
[82589.220243] pci_bus 0001:10: root bus resource [io  0x0000-0xffff]
[82589.220245] pci_bus 0001:10: root bus resource [mem 0x00000000-0x3fffffffffff]
[82589.220247] pci_bus 0001:10: root bus resource [bus 00-ff]
[82589.220252] pci 0001:10:00.0: [0c51:0110] type 00 class 0x010802 PCIe Endpoint
[82589.220255] pci 0001:10:00.0: BAR 0 [mem 0x300000000-0x300003fff 64bit]
[82589.220256] pci 0001:10:00.0: enabling Extended Tags
[82589.220355] NVMeVirt: Virtual PCI bus created (node 0)
[82589.220563] NVMeVirt: nvmev_io_worker_0 started on cpu 4 (node 0)
[82589.220746] NVMeVirt: nvmev_io_worker_1 started on cpu 5 (node 0)
[82589.220760] NVMeVirt: nvmev_dispatcher started on cpu 3 (node 0)
[82589.220841] nvme nvme1: pci function 0001:10:00.0
[82589.224063] nvme nvme1: 1/0/0 default/read/poll queues
[82589.225081] NVMeVirt: Virtual NVMe device created
[82595.261919] KSC2026-MARK map16k_bs16k_r1 fio-start 1791458357926770132
[82600.958281] NVMeVirt: KSC2026: first GC part=0 victim line=0 vpc=0 ipc=512 free_lines=2 host_pgs=194560
[82600.958290] NVMeVirt: KSC2026: first GC part=1 victim line=0 vpc=0 ipc=512 free_lines=2 host_pgs=194560
[82600.958295] NVMeVirt: KSC2026: first GC part=2 victim line=0 vpc=0 ipc=512 free_lines=2 host_pgs=194560
[82600.958323] NVMeVirt: KSC2026: first GC part=3 victim line=0 vpc=0 ipc=512 free_lines=2 host_pgs=194560
[82611.274879] KSC2026-MARK map16k_bs16k_r1 fio-end
[82611.279760] KSC2026-MARK map16k_bs16k_r1 rmmod 1791458373945873462
[82611.339709] pci_bus 0001:10: busn_res: [bus 10-ff] is released
[82611.339922] NVMeVirt: KSC2026: stats part=0 host_pgs=535664 gc_pgs=0 gc_cnt=667 free_lines=3
[82611.339924] NVMeVirt: KSC2026: stats part=1 host_pgs=535664 gc_pgs=0 gc_cnt=667 free_lines=3
[82611.339925] NVMeVirt: KSC2026: stats part=2 host_pgs=535664 gc_pgs=0 gc_cnt=667 free_lines=3
[82611.339926] NVMeVirt: KSC2026: stats part=3 host_pgs=535662 gc_pgs=0 gc_cnt=667 free_lines=3
[82611.367271] NVMeVirt: Virtual NVMe device closed
