[84813.444997] KSC2026-MARK map4k_bs16k_r2 insmod 1791460576105426425
[84813.465644] NVMeVirt: Version 1.10 for >> Samsung 970 Pro SSD <<
[84813.465662] NVMeVirt: Storage: 0x300100000-0x600000000 (12287 MiB)
[84813.478839] NVMeVirt: Total Capacity(GiB,MiB)=3,3072 chs=2 luns=4 lines=384 blk-size(MiB,KiB)=2,2048 line-size(MiB,KiB)=8,8192
[84813.478849] NVMeVirt: KSC2026: mapping unit=4096 B, flash page=32768 B, oneshot page=32768 B, pgs_per_blk=512, blks_per_pl=384, write buffer=1048576 B
[84813.487695] NVMeVirt: [chmodel_init] bandwidth 800 max_credits 26 tx_time 152
[84813.494582] NVMeVirt: [chmodel_init] bandwidth 800 max_credits 26 tx_time 152
[84813.494593] NVMeVirt: [chmodel_init] bandwidth 3360 max_credits 110 tx_time 36
[84813.495998] NVMeVirt: pqueue: Copyright (c) 2014, Volkan Yazıcı <volkan.yazici@gmail.com>. All rights reserved.
[84813.496000] NVMeVirt: Init FTL instance with 2 channels (786432 pages)
[84813.502852] NVMeVirt: [chmodel_init] bandwidth 800 max_credits 26 tx_time 152
[84813.509642] NVMeVirt: [chmodel_init] bandwidth 800 max_credits 26 tx_time 152
[84813.509653] NVMeVirt: [chmodel_init] bandwidth 3360 max_credits 110 tx_time 36
[84813.511040] NVMeVirt: Init FTL instance with 2 channels (786432 pages)
[84813.517810] NVMeVirt: [chmodel_init] bandwidth 800 max_credits 26 tx_time 152
[84813.524536] NVMeVirt: [chmodel_init] bandwidth 800 max_credits 26 tx_time 152
[84813.524547] NVMeVirt: [chmodel_init] bandwidth 3360 max_credits 110 tx_time 36
[84813.525952] NVMeVirt: Init FTL instance with 2 channels (786432 pages)
[84813.532664] NVMeVirt: [chmodel_init] bandwidth 800 max_credits 26 tx_time 152
[84813.539417] NVMeVirt: [chmodel_init] bandwidth 800 max_credits 26 tx_time 152
[84813.539427] NVMeVirt: [chmodel_init] bandwidth 3360 max_credits 110 tx_time 36
[84813.540856] NVMeVirt: Init FTL instance with 2 channels (786432 pages)
[84813.540860] NVMeVirt: FTL physical space: 12883853312, logical space: 12040984403 (physical/logical * 100 = 107)
[84813.540861] NVMeVirt: KSC2026: WBUF_FIX=1 GC_STATS=1
[84813.540862] NVMeVirt: KSC2026: WBUF_MERGE=1 (one open mapping unit per partition merges writes smaller than 4096 B)
[84813.540862] NVMeVirt: ns 0/1: size 11483 MiB
[84813.540898] PCI host bridge to bus 0001:10
[84813.540899] pci_bus 0001:10: root bus resource [io  0x0000-0xffff]
[84813.540901] pci_bus 0001:10: root bus resource [mem 0x00000000-0x3fffffffffff]
[84813.540902] pci_bus 0001:10: root bus resource [bus 00-ff]
[84813.540908] pci 0001:10:00.0: [0c51:0110] type 00 class 0x010802 PCIe Endpoint
[84813.540910] pci 0001:10:00.0: BAR 0 [mem 0x300000000-0x300003fff 64bit]
[84813.540912] pci 0001:10:00.0: enabling Extended Tags
[84813.541019] NVMeVirt: Virtual PCI bus created (node 0)
[84813.541234] NVMeVirt: nvmev_io_worker_0 started on cpu 4 (node 0)
[84813.541405] NVMeVirt: nvmev_io_worker_1 started on cpu 5 (node 0)
[84813.541419] NVMeVirt: nvmev_dispatcher started on cpu 3 (node 0)
[84813.541496] nvme nvme1: pci function 0001:10:00.0
[84813.545105] nvme nvme1: 1/0/0 default/read/poll queues
[84813.547041] NVMeVirt: Virtual NVMe device created
[84819.583821] KSC2026-MARK map4k_bs16k_r2 fio-start 1791460582256696990
[84825.276745] NVMeVirt: KSC2026: first GC part=0 victim line=0 vpc=0 ipc=2048 free_lines=2 host_pgs=778240
[84825.276753] NVMeVirt: KSC2026: first GC part=1 victim line=0 vpc=0 ipc=2048 free_lines=2 host_pgs=778240
[84825.276759] NVMeVirt: KSC2026: first GC part=2 victim line=0 vpc=0 ipc=2048 free_lines=2 host_pgs=778240
[84825.276765] NVMeVirt: KSC2026: first GC part=3 victim line=0 vpc=0 ipc=2048 free_lines=2 host_pgs=778240
[84880.623415] KSC2026-MARK map4k_bs16k_r2 fio-end
[84880.628308] KSC2026-MARK map4k_bs16k_r2 rmmod 1791460643302598262
[84880.696568] pci_bus 0001:10: busn_res: [bus 10-ff] is released
[84880.696963] NVMeVirt: KSC2026: stats part=0 host_pgs=8573857 gc_pgs=0 gc_cnt=3807 free_lines=3
[84880.696966] NVMeVirt: KSC2026: stats part=1 host_pgs=8573857 gc_pgs=0 gc_cnt=3807 free_lines=3
[84880.696967] NVMeVirt: KSC2026: stats part=2 host_pgs=8573857 gc_pgs=0 gc_cnt=3807 free_lines=3
[84880.696967] NVMeVirt: KSC2026: stats part=3 host_pgs=8573857 gc_pgs=0 gc_cnt=3807 free_lines=3
[84880.696968] NVMeVirt: KSC2026: merge part=0 open=0 merge=0 full=0 evict=0 direct=8573857 still_open=0
[84880.696969] NVMeVirt: KSC2026: merge part=1 open=0 merge=0 full=0 evict=0 direct=8573857 still_open=0
[84880.696969] NVMeVirt: KSC2026: merge part=2 open=0 merge=0 full=0 evict=0 direct=8573857 still_open=0
[84880.696970] NVMeVirt: KSC2026: merge part=3 open=0 merge=0 full=0 evict=0 direct=8573857 still_open=0
[84880.764247] NVMeVirt: Virtual NVMe device closed
