500, 2206576, 1, 0, 0
1000, 2209592, 1, 0, 0
1500, 2210728, 1, 0, 0
2000, 2211160, 1, 0, 0
2500, 2209192, 1, 0, 0
3000, 2207224, 1, 0, 0
3500, 2206720, 1, 0, 0
4000, 2207600, 1, 0, 0
4500, 2206144, 1, 0, 0
5000, 2205896, 1, 0, 0
5500, 2168168, 1, 0, 0
6000, 2139160, 1, 0, 0
6500, 2138688, 1, 0, 0
7000, 2141354, 1, 0, 0
7500, 2139168, 1, 0, 0
8000, 2136032, 1, 0, 0
8500, 2137832, 1, 0, 0
9000, 2134736, 1, 0, 0
9500, 2134224, 1, 0, 0
10000, 2132216, 1, 0, 0
10500, 2134616, 1, 0, 0
11000, 2130872, 1, 0, 0
11500, 2141904, 1, 0, 0
12000, 2143032, 1, 0, 0
12500, 2144944, 1, 0, 0
13000, 2141768, 1, 0, 0
13500, 2142208, 1, 0, 0
14000, 2140992, 1, 0, 0
14500, 2141584, 1, 0, 0
15000, 2141624, 1, 0, 0
15500, 2139632, 1, 0, 0
16000, 2142240, 1, 0, 0
16500, 2133402, 1, 0, 0
17000, 2134928, 1, 0, 0
17500, 2141320, 1, 0, 0
18000, 2140560, 1, 0, 0
18500, 2142304, 1, 0, 0
19000, 2139576, 1, 0, 0
19500, 2137256, 1, 0, 0
20000, 2136104, 1, 0, 0
20500, 2137744, 1, 0, 0
21000, 2136648, 1, 0, 0
21500, 2136808, 1, 0, 0
22000, 2132752, 1, 0, 0
22500, 2136928, 1, 0, 0
23000, 2143288, 1, 0, 0
23500, 2135504, 1, 0, 0
24000, 2138248, 1, 0, 0
24500, 2137120, 1, 0, 0
25000, 2136808, 1, 0, 0
25500, 2138008, 1, 0, 0
26000, 2138752, 1, 0, 0
26500, 2139222, 1, 0, 0
27000, 2139488, 1, 0, 0
27500, 2134080, 1, 0, 0
28000, 2135960, 1, 0, 0
28500, 2138848, 1, 0, 0
29000, 2135224, 1, 0, 0
29500, 2131928, 1, 0, 0
30000, 2135376, 1, 0, 0
30500, 2136176, 1, 0, 0
31000, 2135904, 1, 0, 0
31500, 2136400, 1, 0, 0
32000, 2133272, 1, 0, 0
32500, 2135584, 1, 0, 0
33000, 2122896, 1, 0, 0
33500, 2128952, 1, 0, 0
34000, 2132808, 1, 0, 0
34500, 2134760, 1, 0, 0
35000, 2138632, 1, 0, 0
35501, 2133208, 1, 0, 0
36000, 2136240, 1, 0, 0
36500, 2135904, 1, 0, 0
37000, 2135920, 1, 0, 0
37500, 2135120, 1, 0, 0
38000, 2134696, 1, 0, 0
38500, 2126048, 1, 0, 0
39000, 2137136, 1, 0, 0
39500, 2138144, 1, 0, 0
40000, 2139240, 1, 0, 0
40500, 2138944, 1, 0, 0
41000, 2134584, 1, 0, 0
41500, 2137416, 1, 0, 0
42000, 2134216, 1, 0, 0
42500, 2133576, 1, 0, 0
43000, 2134936, 1, 0, 0
43500, 2136032, 1, 0, 0
44000, 2130424, 1, 0, 0
44500, 2141096, 1, 0, 0
45000, 2141272, 1, 0, 0
45500, 2137128, 1, 0, 0
46000, 2141114, 1, 0, 0
46500, 2136400, 1, 0, 0
47000, 2136616, 1, 0, 0
47500, 2136912, 1, 0, 0
48000, 2140384, 1, 0, 0
48500, 2141648, 1, 0, 0
49000, 2137544, 1, 0, 0
49500, 2135776, 1, 0, 0
50000, 2139192, 1, 0, 0
50500, 2140632, 1, 0, 0
51000, 2143208, 1, 0, 0
51500, 2141856, 1, 0, 0
52000, 2138480, 1, 0, 0
52500, 2139960, 1, 0, 0
53000, 2137376, 1, 0, 0
53500, 2141240, 1, 0, 0
54000, 2141456, 1, 0, 0
54500, 2139744, 1, 0, 0
55000, 2133136, 1, 0, 0
55500, 2134364, 1, 0, 0
56000, 2139320, 1, 0, 0
56500, 2135800, 1, 0, 0
57000, 2135632, 1, 0, 0
57500, 2133112, 1, 0, 0
58000, 2139408, 1, 0, 0
58500, 2138472, 1, 0, 0
59000, 2138032, 1, 0, 0
59500, 2136840, 1, 0, 0
