500, 551664, 1, 0, 0
1000, 552382, 1, 0, 0
1500, 552682, 1, 0, 0
2000, 552790, 1, 0, 0
2500, 552298, 1, 0, 0
3000, 551806, 1, 0, 0
3500, 551680, 1, 0, 0
4000, 551900, 1, 0, 0
4500, 551536, 1, 0, 0
5000, 551474, 1, 0, 0
5500, 542042, 1, 0, 0
6000, 534792, 1, 0, 0
6500, 534672, 1, 0, 0
7000, 535338, 1, 0, 0
7500, 534792, 1, 0, 0
8000, 534008, 1, 0, 0
8500, 534458, 1, 0, 0
9000, 533684, 1, 0, 0
9500, 533556, 1, 0, 0
10000, 533054, 1, 0, 0
10500, 533654, 1, 0, 0
11000, 532718, 1, 0, 0
11500, 535476, 1, 0, 0
12000, 535760, 1, 0, 0
12500, 536236, 1, 0, 0
13000, 535442, 1, 0, 0
13500, 535552, 1, 0, 0
14000, 535250, 1, 0, 0
14500, 535396, 1, 0, 0
15000, 535406, 1, 0, 0
15500, 534908, 1, 0, 0
16000, 535560, 1, 0, 0
16500, 533350, 1, 0, 0
17000, 533730, 1, 0, 0
17500, 535330, 1, 0, 0
18000, 535140, 1, 0, 0
18500, 535576, 1, 0, 0
19000, 534894, 1, 0, 0
19500, 534314, 1, 0, 0
20000, 534026, 1, 0, 0
20500, 534436, 1, 0, 0
21000, 534162, 1, 0, 0
21500, 534202, 1, 0, 0
22000, 533188, 1, 0, 0
22500, 534232, 1, 0, 0
23000, 535820, 1, 0, 0
23500, 533876, 1, 0, 0
24000, 534562, 1, 0, 0
24500, 534282, 1, 0, 0
25000, 534202, 1, 0, 0
25500, 534502, 1, 0, 0
26000, 534688, 1, 0, 0
26500, 534805, 1, 0, 0
27000, 534872, 1, 0, 0
27500, 533520, 1, 0, 0
28000, 533990, 1, 0, 0
28500, 534712, 1, 0, 0
29000, 533806, 1, 0, 0
29500, 532982, 1, 0, 0
30000, 533844, 1, 0, 0
30500, 534044, 1, 0, 0
31000, 533976, 1, 0, 0
31500, 534100, 1, 0, 0
32000, 533318, 1, 0, 0
32500, 533896, 1, 0, 0
33000, 530724, 1, 0, 0
33500, 532238, 1, 0, 0
34000, 533202, 1, 0, 0
34500, 533690, 1, 0, 0
35000, 534658, 1, 0, 0
35501, 533302, 1, 0, 0
36000, 534060, 1, 0, 0
36500, 533976, 1, 0, 0
37000, 533982, 1, 0, 0
37500, 533780, 1, 0, 0
38000, 533674, 1, 0, 0
38500, 531512, 1, 0, 0
39000, 534286, 1, 0, 0
39500, 534536, 1, 0, 0
40000, 534810, 1, 0, 0
40500, 534736, 1, 0, 0
41000, 533646, 1, 0, 0
41500, 534354, 1, 0, 0
42000, 533554, 1, 0, 0
42500, 533394, 1, 0, 0
43000, 533734, 1, 0, 0
43500, 534008, 1, 0, 0
44000, 532606, 1, 0, 0
44500, 535274, 1, 0, 0
45000, 535318, 1, 0, 0
45500, 534282, 1, 0, 0
46000, 535278, 1, 0, 0
46500, 534100, 1, 0, 0
47000, 534154, 1, 0, 0
47500, 534230, 1, 0, 0
48000, 535096, 1, 0, 0
48500, 535412, 1, 0, 0
49000, 534386, 1, 0, 0
49500, 533944, 1, 0, 0
50000, 534798, 1, 0, 0
50500, 535158, 1, 0, 0
51000, 535802, 1, 0, 0
51500, 535464, 1, 0, 0
52000, 534620, 1, 0, 0
52500, 534990, 1, 0, 0
53000, 534344, 1, 0, 0
53500, 535310, 1, 0, 0
54000, 535364, 1, 0, 0
54500, 534936, 1, 0, 0
55000, 533284, 1, 0, 0
55500, 533593, 1, 0, 0
56000, 534830, 1, 0, 0
56500, 533950, 1, 0, 0
57000, 533906, 1, 0, 0
57500, 533278, 1, 0, 0
58000, 534852, 1, 0, 0
58500, 534618, 1, 0, 0
59000, 534508, 1, 0, 0
59500, 534210, 1, 0, 0
