500, 57128, 1, 0, 0
1000, 57041, 1, 0, 0
1500, 57002, 1, 0, 0
2000, 56991, 1, 0, 0
2500, 57042, 1, 0, 0
3000, 57097, 1, 0, 0
3500, 57110, 1, 0, 0
4000, 57089, 1, 0, 0
4500, 57125, 1, 0, 0
5000, 57132, 1, 0, 0
5500, 58095, 1, 0, 0
6000, 58884, 1, 0, 0
6500, 58899, 1, 0, 0
7000, 58823, 1, 0, 0
7500, 58887, 1, 0, 0
8000, 58974, 1, 0, 0
8500, 58923, 1, 0, 0
9000, 59007, 1, 0, 0
9500, 59020, 1, 0, 0
10000, 59079, 1, 0, 0
10500, 59014, 1, 0, 0
11000, 59109, 1, 0, 0
11500, 58813, 1, 0, 0
12000, 58781, 1, 0, 0
12500, 58728, 1, 0, 0
13000, 58817, 1, 0, 0
13500, 58807, 1, 0, 0
14000, 58840, 1, 0, 0
14500, 58816, 1, 0, 0
15000, 58824, 1, 0, 0
15500, 58874, 1, 0, 0
16000, 58807, 1, 0, 0
16500, 59038, 1, 0, 0
17000, 59001, 1, 0, 0
17500, 58825, 1, 0, 0
18000, 58847, 1, 0, 0
18500, 58798, 1, 0, 0
19000, 58875, 1, 0, 0
19500, 58936, 1, 0, 0
20000, 58971, 1, 0, 0
20500, 58925, 1, 0, 0
21000, 58956, 1, 0, 0
21500, 58954, 1, 0, 0
22000, 59055, 1, 0, 0
22500, 58946, 1, 0, 0
23000, 58775, 1, 0, 0
23500, 58983, 1, 0, 0
24000, 58913, 1, 0, 0
24500, 58945, 1, 0, 0
25000, 58954, 1, 0, 0
25500, 58918, 1, 0, 0
26000, 58902, 1, 0, 0
26500, 58886, 1, 0, 0
27000, 58876, 1, 0, 0
27500, 59016, 1, 0, 0
28000, 58975, 1, 0, 0
28500, 58897, 1, 0, 0
29000, 58997, 1, 0, 0
29500, 59085, 1, 0, 0
30000, 58995, 1, 0, 0
30500, 58968, 1, 0, 0
31000, 58977, 1, 0, 0
31500, 58965, 1, 0, 0
32000, 59048, 1, 0, 0
32500, 58987, 1, 0, 0
33000, 59325, 1, 0, 0
33500, 59169, 1, 0, 0
34000, 59067, 1, 0, 0
34500, 59008, 1, 0, 0
35000, 58903, 1, 0, 0
35500, 59050, 1, 0, 0
36000, 58968, 1, 0, 0
36500, 58978, 1, 0, 0
37000, 58978, 1, 0, 0
37500, 58996, 1, 0, 0
38000, 59009, 1, 0, 0
38500, 59241, 1, 0, 0
39000, 58941, 1, 0, 0
39500, 58909, 1, 0, 0
40000, 58888, 1, 0, 0
40500, 58891, 1, 0, 0
41000, 59016, 1, 0, 0
41500, 58935, 1, 0, 0
42000, 59024, 1, 0, 0
42500, 59041, 1, 0, 0
43000, 59005, 1, 0, 0
43500, 58974, 1, 0, 0
44000, 59121, 1, 0, 0
44500, 58834, 1, 0, 0
45000, 58829, 1, 0, 0
45500, 58947, 1, 0, 0
46000, 58836, 1, 0, 0
46500, 58967, 1, 0, 0
47000, 58962, 1, 0, 0
47500, 58952, 1, 0, 0
48000, 58855, 1, 0, 0
48500, 58823, 1, 0, 0
49000, 58934, 1, 0, 0
49500, 58973, 1, 0, 0
50000, 58886, 1, 0, 0
50500, 58848, 1, 0, 0
51000, 58775, 1, 0, 0
51500, 58816, 1, 0, 0
52000, 58908, 1, 0, 0
52500, 58868, 1, 0, 0
53000, 58938, 1, 0, 0
53500, 58834, 1, 0, 0
54000, 58825, 1, 0, 0
54500, 58871, 1, 0, 0
55000, 59048, 1, 0, 0
55500, 59019, 1, 0, 0
56000, 58881, 1, 0, 0
56500, 58980, 1, 0, 0
57000, 58987, 1, 0, 0
57500, 59056, 1, 0, 0
58000, 58877, 1, 0, 0
58500, 58903, 1, 0, 0
59000, 58919, 1, 0, 0
59500, 58945, 1, 0, 0
60000, 58939, 1, 0, 0
60000, 64981, 1, 0, 0
