500, 759, 1, 0, 0
1000, 754, 1, 0, 0
1500, 756, 1, 0, 0
2000, 756, 1, 0, 0
2500, 754, 1, 0, 0
3000, 754, 1, 0, 0
3500, 754, 1, 0, 0
4000, 754, 1, 0, 0
4500, 755, 1, 0, 0
5000, 754, 1, 0, 0
5500, 793, 1, 0, 0
6000, 812, 1, 0, 0
6500, 811, 1, 0, 0
7000, 810, 1, 0, 0
7500, 810, 1, 0, 0
8000, 809, 1, 0, 0
8500, 810, 1, 0, 0
9000, 810, 1, 0, 0
9500, 813, 1, 0, 0
10000, 812, 1, 0, 0
10500, 811, 1, 0, 0
11000, 813, 1, 0, 0
11500, 808, 1, 0, 0
12000, 806, 1, 0, 0
12500, 806, 1, 0, 0
13000, 805, 1, 0, 0
13500, 804, 1, 0, 0
14000, 805, 1, 0, 0
14500, 808, 1, 0, 0
15000, 804, 1, 0, 0
15500, 807, 1, 0, 0
16000, 804, 1, 0, 0
16500, 812, 1, 0, 0
17000, 814, 1, 0, 0
17500, 808, 1, 0, 0
18000, 809, 1, 0, 0
18500, 808, 1, 0, 0
19000, 807, 1, 0, 0
19500, 813, 1, 0, 0
20000, 808, 1, 0, 0
20500, 809, 1, 0, 0
21000, 808, 1, 0, 0
21500, 808, 1, 0, 0
22000, 813, 1, 0, 0
22500, 811, 1, 0, 0
23000, 807, 1, 0, 0
23500, 813, 1, 0, 0
24000, 808, 1, 0, 0
24500, 809, 1, 0, 0
25000, 808, 1, 0, 0
25500, 807, 1, 0, 0
26000, 807, 1, 0, 0
26500, 806, 1, 0, 0
27000, 807, 1, 0, 0
27500, 814, 1, 0, 0
28000, 811, 1, 0, 0
28500, 809, 1, 0, 0
29000, 809, 1, 0, 0
29500, 812, 1, 0, 0
30000, 809, 1, 0, 0
30500, 810, 1, 0, 0
31000, 808, 1, 0, 0
31500, 810, 1, 0, 0
32000, 811, 1, 0, 0
32500, 809, 1, 0, 0
33000, 823, 1, 0, 0
33500, 815, 1, 0, 0
34000, 810, 1, 0, 0
34500, 811, 1, 0, 0
35000, 809, 1, 0, 0
35500, 812, 1, 0, 0
36000, 808, 1, 0, 0
36500, 808, 1, 0, 0
37000, 809, 1, 0, 0
37500, 810, 1, 0, 0
38000, 810, 1, 0, 0
38500, 817, 1, 0, 0
39000, 811, 1, 0, 0
39500, 811, 1, 0, 0
40000, 808, 1, 0, 0
40500, 808, 1, 0, 0
41000, 809, 1, 0, 0
41500, 808, 1, 0, 0
42000, 810, 1, 0, 0
42500, 811, 1, 0, 0
43000, 809, 1, 0, 0
43500, 809, 1, 0, 0
44000, 810, 1, 0, 0
44500, 808, 1, 0, 0
45000, 806, 1, 0, 0
45500, 807, 1, 0, 0
46000, 806, 1, 0, 0
46500, 806, 1, 0, 0
47000, 806, 1, 0, 0
47500, 807, 1, 0, 0
48000, 805, 1, 0, 0
48500, 805, 1, 0, 0
49000, 807, 1, 0, 0
49500, 810, 1, 0, 0
50000, 809, 1, 0, 0
50500, 806, 1, 0, 0
51000, 805, 1, 0, 0
51500, 806, 1, 0, 0
52000, 805, 1, 0, 0
52500, 805, 1, 0, 0
53000, 806, 1, 0, 0
53500, 805, 1, 0, 0
54000, 805, 1, 0, 0
54500, 808, 1, 0, 0
55000, 809, 1, 0, 0
55500, 813, 1, 0, 0
56000, 809, 1, 0, 0
56500, 811, 1, 0, 0
57000, 809, 1, 0, 0
57500, 810, 1, 0, 0
58000, 808, 1, 0, 0
58500, 807, 1, 0, 0
59000, 807, 1, 0, 0
59500, 811, 1, 0, 0
60000, 808, 1, 0, 0
