500, 57887, 1, 0, 0
1000, 57795, 1, 0, 0
1500, 57758, 1, 0, 0
2000, 57747, 1, 0, 0
2500, 57797, 1, 0, 0
3000, 57851, 1, 0, 0
3500, 57864, 1, 0, 0
4000, 57843, 1, 0, 0
4500, 57880, 1, 0, 0
5000, 57886, 1, 0, 0
5500, 58887, 1, 0, 0
6000, 59696, 1, 0, 0
6500, 59711, 1, 0, 0
7000, 59633, 1, 0, 0
7500, 59697, 1, 0, 0
8000, 59783, 1, 0, 0
8500, 59733, 1, 0, 0
9000, 59817, 1, 0, 0
9500, 59833, 1, 0, 0
10000, 59891, 1, 0, 0
10500, 59826, 1, 0, 0
11000, 59922, 1, 0, 0
11500, 59621, 1, 0, 0
12000, 59587, 1, 0, 0
12500, 59534, 1, 0, 0
13000, 59622, 1, 0, 0
13500, 59611, 1, 0, 0
14000, 59645, 1, 0, 0
14500, 59625, 1, 0, 0
15000, 59628, 1, 0, 0
15500, 59681, 1, 0, 0
16000, 59611, 1, 0, 0
16500, 59850, 1, 0, 0
17000, 59815, 1, 0, 0
17500, 59633, 1, 0, 0
18000, 59657, 1, 0, 0
18500, 59605, 1, 0, 0
19000, 59682, 1, 0, 0
19500, 59749, 1, 0, 0
20000, 59779, 1, 0, 0
20500, 59734, 1, 0, 0
21000, 59764, 1, 0, 0
21500, 59762, 1, 0, 0
22000, 59867, 1, 0, 0
22500, 59757, 1, 0, 0
23000, 59582, 1, 0, 0
23500, 59796, 1, 0, 0
24000, 59721, 1, 0, 0
24500, 59754, 1, 0, 0
25000, 59762, 1, 0, 0
25500, 59725, 1, 0, 0
26000, 59709, 1, 0, 0
26500, 59693, 1, 0, 0
27000, 59683, 1, 0, 0
27500, 59830, 1, 0, 0
28000, 59786, 1, 0, 0
28500, 59706, 1, 0, 0
29000, 59806, 1, 0, 0
29500, 59898, 1, 0, 0
30000, 59804, 1, 0, 0
30500, 59778, 1, 0, 0
31000, 59786, 1, 0, 0
31500, 59775, 1, 0, 0
32000, 59860, 1, 0, 0
32500, 59796, 1, 0, 0
33000, 60148, 1, 0, 0
33500, 59985, 1, 0, 0
34000, 59877, 1, 0, 0
34500, 59819, 1, 0, 0
35000, 59712, 1, 0, 0
35500, 59862, 1, 0, 0
36000, 59776, 1, 0, 0
36500, 59786, 1, 0, 0
37000, 59787, 1, 0, 0
37500, 59806, 1, 0, 0
38000, 59818, 1, 0, 0
38500, 60058, 1, 0, 0
39000, 59752, 1, 0, 0
39500, 59720, 1, 0, 0
40000, 59696, 1, 0, 0
40500, 59699, 1, 0, 0
41000, 59825, 1, 0, 0
41500, 59743, 1, 0, 0
42000, 59834, 1, 0, 0
42500, 59852, 1, 0, 0
43000, 59814, 1, 0, 0
43500, 59784, 1, 0, 0
44000, 59931, 1, 0, 0
44500, 59642, 1, 0, 0
45000, 59635, 1, 0, 0
45500, 59754, 1, 0, 0
46000, 59643, 1, 0, 0
46500, 59773, 1, 0, 0
47000, 59768, 1, 0, 0
47500, 59759, 1, 0, 0
48000, 59660, 1, 0, 0
48500, 59628, 1, 0, 0
49000, 59741, 1, 0, 0
49500, 59783, 1, 0, 0
50000, 59695, 1, 0, 0
50500, 59654, 1, 0, 0
51000, 59580, 1, 0, 0
51500, 59622, 1, 0, 0
52000, 59713, 1, 0, 0
52500, 59673, 1, 0, 0
53000, 59745, 1, 0, 0
53500, 59638, 1, 0, 0
54000, 59630, 1, 0, 0
54500, 59679, 1, 0, 0
55000, 59856, 1, 0, 0
55500, 59832, 1, 0, 0
56000, 59690, 1, 0, 0
56500, 59790, 1, 0, 0
57000, 59796, 1, 0, 0
57500, 59866, 1, 0, 0
58000, 59686, 1, 0, 0
58500, 59709, 1, 0, 0
59000, 59726, 1, 0, 0
59500, 59757, 1, 0, 0
60000, 59746, 1, 0, 0
60000, 65782, 1, 0, 0
