500, 480429, 1, 0, 0
1000, 478578, 1, 0, 0
1500, 479803, 1, 0, 0
2000, 481715, 1, 0, 0
2500, 485233, 1, 0, 0
3000, 481342, 1, 0, 0
3500, 481400, 1, 0, 0
4000, 480228, 1, 0, 0
4500, 481668, 1, 0, 0
5000, 478612, 1, 0, 0
5500, 481537, 1, 0, 0
6010, 644642, 1, 0, 0
6512, 7152993, 1, 0, 0
7015, 7398528, 1, 0, 0
7502, 6928399, 1, 0, 0
8006, 6948771, 1, 0, 0
8502, 6879236, 1, 0, 0
9003, 6569438, 1, 0, 0
9504, 6497347, 1, 0, 0
10000, 6518211, 1, 0, 0
10500, 5786202, 1, 0, 0
11003, 6275208, 1, 0, 0
11500, 5610737, 1, 0, 0
12002, 5741215, 1, 0, 0
12506, 5757288, 1, 0, 0
13007, 5615794, 1, 0, 0
13506, 5817358, 1, 0, 0
14013, 5506839, 1, 0, 0
14500, 5616231, 1, 0, 0
15011, 5256846, 1, 0, 0
15500, 5681021, 1, 0, 0
16007, 5393799, 1, 0, 0
16513, 5783530, 1, 0, 0
17000, 5753136, 1, 0, 0
17502, 5507795, 1, 0, 0
18008, 5231511, 1, 0, 0
18511, 5433544, 1, 0, 0
19013, 5361424, 1, 0, 0
19511, 5405075, 1, 0, 0
20007, 5460182, 1, 0, 0
20508, 5165644, 1, 0, 0
21008, 5117514, 1, 0, 0
21503, 5254043, 1, 0, 0
22000, 5184873, 1, 0, 0
22503, 5505095, 1, 0, 0
23010, 5318316, 1, 0, 0
23507, 5001285, 1, 0, 0
24000, 5366111, 1, 0, 0
24504, 5149249, 1, 0, 0
25000, 5055233, 1, 0, 0
25506, 5048543, 1, 0, 0
26000, 5054979, 1, 0, 0
26501, 5332599, 1, 0, 0
27001, 4346140, 1, 0, 0
27510, 4785965, 1, 0, 0
28000, 5027857, 1, 0, 0
28507, 4420402, 1, 0, 0
29008, 4736283, 1, 0, 0
29509, 4720574, 1, 0, 0
30010, 4495787, 1, 0, 0
30506, 4538286, 1, 0, 0
31009, 4502494, 1, 0, 0
31510, 4457551, 1, 0, 0
32004, 4613644, 1, 0, 0
32500, 4707742, 1, 0, 0
33004, 4503799, 1, 0, 0
33500, 4470330, 1, 0, 0
34012, 4112039, 1, 0, 0
34500, 4358602, 1, 0, 0
35004, 4118210, 1, 0, 0
35500, 4074581, 1, 0, 0
36009, 4122949, 1, 0, 0
36507, 4196336, 1, 0, 0
37005, 3941282, 1, 0, 0
37503, 4061729, 1, 0, 0
38005, 3575943, 1, 0, 0
38507, 3833487, 1, 0, 0
39009, 3516311, 1, 0, 0
39509, 3704688, 1, 0, 0
40005, 3259992, 1, 0, 0
40511, 3581565, 1, 0, 0
41000, 3100753, 1, 0, 0
41500, 3409380, 1, 0, 0
42005, 3453431, 1, 0, 0
42500, 3185415, 1, 0, 0
43010, 3175293, 1, 0, 0
43500, 2969134, 1, 0, 0
44005, 2894261, 1, 0, 0
44507, 2478572, 1, 0, 0
45003, 2507625, 1, 0, 0
45508, 2488159, 1, 0, 0
46002, 2246554, 1, 0, 0
46500, 2224521, 1, 0, 0
47000, 1906073, 1, 0, 0
47503, 1650817, 1, 0, 0
48003, 1436146, 1, 0, 0
48500, 985777, 1, 0, 0
49000, 535996, 1, 0, 0
49515, 6691693, 1, 0, 0
50000, 7744796, 1, 0, 0
50501, 6831947, 1, 0, 0
51001, 7351275, 1, 0, 0
51500, 7036191, 1, 0, 0
52002, 6345363, 1, 0, 0
52501, 6299198, 1, 0, 0
53012, 6424228, 1, 0, 0
53503, 6034125, 1, 0, 0
54010, 6242763, 1, 0, 0
54503, 5748702, 1, 0, 0
55004, 6125338, 1, 0, 0
55512, 5552304, 1, 0, 0
56006, 5443856, 1, 0, 0
56500, 5334239, 1, 0, 0
57003, 5396544, 1, 0, 0
57502, 5922958, 1, 0, 0
58012, 5267874, 1, 0, 0
58500, 5686425, 1, 0, 0
59000, 5709211, 1, 0, 0
59502, 5723409, 1, 0, 0
60000, 6200897, 1, 0, 0
60014, 14741033, 1, 0, 0
