500, 478761, 1, 0, 0
1000, 476911, 1, 0, 0
1500, 478139, 1, 0, 0
2000, 480048, 1, 0, 0
2500, 483568, 1, 0, 0
3000, 479683, 1, 0, 0
3500, 479741, 1, 0, 0
4000, 478567, 1, 0, 0
4500, 480005, 1, 0, 0
5000, 476949, 1, 0, 0
5500, 479879, 1, 0, 0
6010, 642975, 1, 0, 0
6512, 7151301, 1, 0, 0
7015, 7396828, 1, 0, 0
7502, 6926704, 1, 0, 0
8006, 6947085, 1, 0, 0
8502, 6877550, 1, 0, 0
9003, 6567759, 1, 0, 0
9504, 6495647, 1, 0, 0
10000, 6516521, 1, 0, 0
10500, 5784530, 1, 0, 0
11003, 6273514, 1, 0, 0
11500, 5609051, 1, 0, 0
12002, 5739528, 1, 0, 0
12506, 5755610, 1, 0, 0
13007, 5614111, 1, 0, 0
13506, 5815677, 1, 0, 0
14013, 5505152, 1, 0, 0
14500, 5614558, 1, 0, 0
15011, 5255156, 1, 0, 0
15500, 5679332, 1, 0, 0
16007, 5392119, 1, 0, 0
16513, 5781854, 1, 0, 0
17000, 5751447, 1, 0, 0
17502, 5506115, 1, 0, 0
18008, 5229822, 1, 0, 0
18511, 5431866, 1, 0, 0
19013, 5359738, 1, 0, 0
19511, 5403391, 1, 0, 0
20007, 5458506, 1, 0, 0
20508, 5163968, 1, 0, 0
21008, 5115828, 1, 0, 0
21503, 5252356, 1, 0, 0
22000, 5183176, 1, 0, 0
22503, 5503413, 1, 0, 0
23010, 5316624, 1, 0, 0
23507, 4999603, 1, 0, 0
24000, 5364397, 1, 0, 0
24504, 5147558, 1, 0, 0
25000, 5053543, 1, 0, 0
25506, 5046861, 1, 0, 0
26000, 5053295, 1, 0, 0
26501, 5330931, 1, 0, 0
27001, 4344454, 1, 0, 0
27510, 4784287, 1, 0, 0
28000, 5026164, 1, 0, 0
28507, 4418715, 1, 0, 0
29008, 4734594, 1, 0, 0
29509, 4718878, 1, 0, 0
30010, 4494106, 1, 0, 0
30506, 4536615, 1, 0, 0
31009, 4500810, 1, 0, 0
31510, 4455876, 1, 0, 0
32004, 4611955, 1, 0, 0
32500, 4706067, 1, 0, 0
33004, 4502121, 1, 0, 0
33500, 4468662, 1, 0, 0
34012, 4110357, 1, 0, 0
34500, 4356923, 1, 0, 0
35004, 4116537, 1, 0, 0
35500, 4072913, 1, 0, 0
36009, 4121279, 1, 0, 0
36507, 4194663, 1, 0, 0
37005, 3939599, 1, 0, 0
37503, 4060058, 1, 0, 0
38005, 3574267, 1, 0, 0
38507, 3831811, 1, 0, 0
39009, 3514636, 1, 0, 0
39509, 3702995, 1, 0, 0
40005, 3258316, 1, 0, 0
40511, 3579894, 1, 0, 0
41000, 3099077, 1, 0, 0
41500, 3407707, 1, 0, 0
42005, 3451752, 1, 0, 0
42500, 3183730, 1, 0, 0
43010, 3173615, 1, 0, 0
43500, 2967448, 1, 0, 0
44005, 2892578, 1, 0, 0
44507, 2476887, 1, 0, 0
45003, 2505939, 1, 0, 0
45508, 2486478, 1, 0, 0
46002, 2244868, 1, 0, 0
46500, 2222837, 1, 0, 0
47000, 1904397, 1, 0, 0
47503, 1649147, 1, 0, 0
48003, 1434461, 1, 0, 0
48500, 984093, 1, 0, 0
49000, 534323, 1, 0, 0
49515, 6690011, 1, 0, 0
50000, 7743105, 1, 0, 0
50501, 6830261, 1, 0, 0
51001, 7349579, 1, 0, 0
51500, 7034497, 1, 0, 0
52002, 6343677, 1, 0, 0
52501, 6297515, 1, 0, 0
53012, 6422537, 1, 0, 0
53503, 6032446, 1, 0, 0
54010, 6241054, 1, 0, 0
54503, 5747014, 1, 0, 0
55004, 6123647, 1, 0, 0
55512, 5550616, 1, 0, 0
56006, 5442169, 1, 0, 0
56500, 5332551, 1, 0, 0
57003, 5394850, 1, 0, 0
57502, 5921272, 1, 0, 0
58012, 5266180, 1, 0, 0
58500, 5684729, 1, 0, 0
59000, 5707510, 1, 0, 0
59502, 5721706, 1, 0, 0
60000, 6199189, 1, 0, 0
60014, 14739323, 1, 0, 0
