500, 2129728, 1, 0, 0
1000, 2138624, 1, 0, 0
1500, 2133440, 1, 0, 0
2000, 2124928, 1, 0, 0
2500, 2109248, 1, 0, 0
3000, 2126528, 1, 0, 0
3500, 2126656, 1, 0, 0
4000, 2131264, 1, 0, 0
4500, 2124672, 1, 0, 0
5000, 2139136, 1, 0, 0
5500, 2125440, 1, 0, 0
6000, 1569088, 1, 0, 0
6500, 143552, 1, 0, 0
7000, 139328, 1, 0, 0
7500, 144064, 1, 0, 0
8000, 148032, 1, 0, 0
8500, 148416, 1, 0, 0
9000, 155968, 1, 0, 0
9500, 157440, 1, 0, 0
10000, 163264, 1, 0, 0
10500, 175680, 1, 0, 0
11000, 158336, 1, 0, 0
11500, 187968, 1, 0, 0
12000, 172480, 1, 0, 0
12500, 179392, 1, 0, 0
13000, 183232, 1, 0, 0
13500, 175360, 1, 0, 0
14000, 189114, 1, 0, 0
14500, 180928, 1, 0, 0
15000, 194944, 1, 0, 0
15500, 181568, 1, 0, 0
16000, 187520, 1, 0, 0
16500, 178688, 1, 0, 0
17000, 175424, 1, 0, 0
17500, 185408, 1, 0, 0
18000, 197120, 1, 0, 0
18500, 189760, 1, 0, 0
19000, 191744, 1, 0, 0
19500, 188736, 1, 0, 0
20000, 186624, 1, 0, 0
20500, 198720, 1, 0, 0
21000, 199552, 1, 0, 0
21500, 193280, 1, 0, 0
22000, 198720, 1, 0, 0
22500, 184896, 1, 0, 0
23000, 194944, 1, 0, 0
23500, 203200, 1, 0, 0
24000, 194048, 1, 0, 0
24500, 195072, 1, 0, 0
25000, 205824, 1, 0, 0
25500, 200576, 1, 0, 0
26000, 204928, 1, 0, 0
26500, 186880, 1, 0, 0
27000, 235712, 1, 0, 0
27500, 218944, 1, 0, 0
28000, 205696, 1, 0, 0
28500, 227328, 1, 0, 0
29000, 216384, 1, 0, 0
29500, 217920, 1, 0, 0
30000, 227904, 1, 0, 0
30500, 223552, 1, 0, 0
31000, 228736, 1, 0, 0
31500, 232272, 1, 0, 0
32000, 217664, 1, 0, 0
32500, 221952, 1, 0, 0
33000, 223808, 1, 0, 0
33500, 232064, 1, 0, 0
34000, 248960, 1, 0, 0
34500, 229312, 1, 0, 0
35000, 250880, 1, 0, 0
35500, 255360, 1, 0, 0
36000, 246400, 1, 0, 0
36500, 243200, 1, 0, 0
37000, 259136, 1, 0, 0
37500, 250944, 1, 0, 0
38000, 287296, 1, 0, 0
38500, 268736, 1, 0, 0
39000, 292352, 1, 0, 0
39500, 276864, 1, 0, 0
40000, 310528, 1, 0, 0
40500, 289664, 1, 0, 0
41000, 331392, 1, 0, 0
41500, 300416, 1, 0, 0
42000, 292800, 1, 0, 0
42500, 326016, 1, 0, 0
43000, 320640, 1, 0, 0
43500, 347968, 1, 0, 0
44000, 347072, 1, 0, 0
44500, 415616, 1, 0, 0
45000, 408000, 1, 0, 0
45500, 412672, 1, 0, 0
46000, 451712, 1, 0, 0
46500, 466688, 1, 0, 0
47000, 529344, 1, 0, 0
47500, 626560, 1, 0, 0
48000, 714432, 1, 0, 0
48500, 1041408, 1, 0, 0
49000, 1905280, 1, 0, 0
49500, 152768, 1, 0, 0
50000, 133376, 1, 0, 0
50501, 145280, 1, 0, 0
51000, 139735, 1, 0, 0
51500, 145856, 1, 0, 0
52000, 160640, 1, 0, 0
52500, 162432, 1, 0, 0
53000, 162688, 1, 0, 0
53500, 167104, 1, 0, 0
54000, 166208, 1, 0, 0
54500, 175936, 1, 0, 0
55000, 167360, 1, 0, 0
55500, 187840, 1, 0, 0
56000, 185216, 1, 0, 0
56500, 195776, 1, 0, 0
57000, 185024, 1, 0, 0
57500, 172672, 1, 0, 0
58000, 198400, 1, 0, 0
58500, 180800, 1, 0, 0
59000, 174080, 1, 0, 0
59500, 179776, 1, 0, 0
60000, 169088, 1, 0, 0
