500, 66554, 1, 0, 0
1000, 66832, 1, 0, 0
1500, 66670, 1, 0, 0
2000, 66404, 1, 0, 0
2500, 65914, 1, 0, 0
3000, 66454, 1, 0, 0
3500, 66458, 1, 0, 0
4000, 66602, 1, 0, 0
4500, 66396, 1, 0, 0
5000, 66846, 1, 0, 0
5500, 66420, 1, 0, 0
6000, 49034, 1, 0, 0
6500, 4486, 1, 0, 0
7000, 4354, 1, 0, 0
7500, 4502, 1, 0, 0
8000, 4626, 1, 0, 0
8500, 4638, 1, 0, 0
9000, 4874, 1, 0, 0
9500, 4920, 1, 0, 0
10000, 5102, 1, 0, 0
10500, 5490, 1, 0, 0
11000, 4948, 1, 0, 0
11500, 5874, 1, 0, 0
12000, 5390, 1, 0, 0
12500, 5606, 1, 0, 0
13000, 5726, 1, 0, 0
13500, 5480, 1, 0, 0
14000, 5909, 1, 0, 0
14500, 5654, 1, 0, 0
15000, 6092, 1, 0, 0
15500, 5674, 1, 0, 0
16000, 5860, 1, 0, 0
16500, 5584, 1, 0, 0
17000, 5482, 1, 0, 0
17500, 5794, 1, 0, 0
18000, 6160, 1, 0, 0
18500, 5930, 1, 0, 0
19000, 5992, 1, 0, 0
19500, 5898, 1, 0, 0
20000, 5832, 1, 0, 0
20500, 6210, 1, 0, 0
21000, 6236, 1, 0, 0
21500, 6040, 1, 0, 0
22000, 6210, 1, 0, 0
22500, 5778, 1, 0, 0
23000, 6092, 1, 0, 0
23500, 6350, 1, 0, 0
24000, 6064, 1, 0, 0
24500, 6096, 1, 0, 0
25000, 6432, 1, 0, 0
25500, 6268, 1, 0, 0
26000, 6404, 1, 0, 0
26500, 5840, 1, 0, 0
27000, 7366, 1, 0, 0
27500, 6842, 1, 0, 0
28000, 6428, 1, 0, 0
28500, 7104, 1, 0, 0
29000, 6762, 1, 0, 0
29500, 6810, 1, 0, 0
30000, 7122, 1, 0, 0
30500, 6986, 1, 0, 0
31000, 7148, 1, 0, 0
31500, 7258, 1, 0, 0
32000, 6802, 1, 0, 0
32500, 6936, 1, 0, 0
33000, 6994, 1, 0, 0
33500, 7252, 1, 0, 0
34000, 7780, 1, 0, 0
34500, 7166, 1, 0, 0
35000, 7840, 1, 0, 0
35500, 7980, 1, 0, 0
36000, 7700, 1, 0, 0
36500, 7600, 1, 0, 0
37000, 8098, 1, 0, 0
37500, 7842, 1, 0, 0
38000, 8978, 1, 0, 0
38500, 8398, 1, 0, 0
39000, 9136, 1, 0, 0
39500, 8652, 1, 0, 0
40000, 9704, 1, 0, 0
40500, 9052, 1, 0, 0
41000, 10356, 1, 0, 0
41500, 9388, 1, 0, 0
42000, 9150, 1, 0, 0
42500, 10188, 1, 0, 0
43000, 10020, 1, 0, 0
43500, 10874, 1, 0, 0
44000, 10846, 1, 0, 0
44500, 12988, 1, 0, 0
45000, 12750, 1, 0, 0
45500, 12896, 1, 0, 0
46000, 14116, 1, 0, 0
46500, 14584, 1, 0, 0
47000, 16542, 1, 0, 0
47500, 19580, 1, 0, 0
48000, 22326, 1, 0, 0
48500, 32544, 1, 0, 0
49000, 59540, 1, 0, 0
49500, 4774, 1, 0, 0
50000, 4168, 1, 0, 0
50501, 4540, 1, 0, 0
51000, 4366, 1, 0, 0
51500, 4558, 1, 0, 0
52000, 5020, 1, 0, 0
52500, 5076, 1, 0, 0
53000, 5084, 1, 0, 0
53500, 5222, 1, 0, 0
54000, 5194, 1, 0, 0
54500, 5498, 1, 0, 0
55000, 5230, 1, 0, 0
55500, 5870, 1, 0, 0
56000, 5788, 1, 0, 0
56500, 6118, 1, 0, 0
57000, 5782, 1, 0, 0
57500, 5396, 1, 0, 0
58000, 6200, 1, 0, 0
58500, 5650, 1, 0, 0
59000, 5440, 1, 0, 0
59500, 5618, 1, 0, 0
60000, 5284, 1, 0, 0
