500, 1669, 1, 0, 0
1000, 1667, 1, 0, 0
1500, 1664, 1, 0, 0
2000, 1667, 1, 0, 0
2500, 1665, 1, 0, 0
3000, 1659, 1, 0, 0
3500, 1658, 1, 0, 0
4000, 1661, 1, 0, 0
4500, 1663, 1, 0, 0
5000, 1663, 1, 0, 0
5500, 1659, 1, 0, 0
6010, 1667, 1, 0, 0
6512, 1692, 1, 0, 0
7015, 1701, 1, 0, 0
7502, 1694, 1, 0, 0
8006, 1687, 1, 0, 0
8502, 1686, 1, 0, 0
9003, 1679, 1, 0, 0
9504, 1701, 1, 0, 0
10000, 1689, 1, 0, 0
10500, 1672, 1, 0, 0
11003, 1693, 1, 0, 0
11500, 1685, 1, 0, 0
12002, 1687, 1, 0, 0
12506, 1678, 1, 0, 0
13007, 1683, 1, 0, 0
13506, 1682, 1, 0, 0
14013, 1687, 1, 0, 0
14500, 1674, 1, 0, 0
15011, 1689, 1, 0, 0
15500, 1688, 1, 0, 0
16007, 1680, 1, 0, 0
16513, 1675, 1, 0, 0
17000, 1690, 1, 0, 0
17502, 1679, 1, 0, 0
18008, 1688, 1, 0, 0
18511, 1679, 1, 0, 0
19013, 1686, 1, 0, 0
19511, 1683, 1, 0, 0
20007, 1677, 1, 0, 0
20508, 1675, 1, 0, 0
21008, 1687, 1, 0, 0
21503, 1687, 1, 0, 0
22000, 1697, 1, 0, 0
22503, 1682, 1, 0, 0
23010, 1692, 1, 0, 0
23507, 1681, 1, 0, 0
24000, 1715, 1, 0, 0
24504, 1690, 1, 0, 0
25000, 1691, 1, 0, 0
25506, 1681, 1, 0, 0
26000, 1684, 1, 0, 0
26501, 1668, 1, 0, 0
27001, 1686, 1, 0, 0
27510, 1678, 1, 0, 0
28000, 1693, 1, 0, 0
28507, 1687, 1, 0, 0
29008, 1688, 1, 0, 0
29509, 1696, 1, 0, 0
30010, 1681, 1, 0, 0
30506, 1672, 1, 0, 0
31009, 1684, 1, 0, 0
31510, 1675, 1, 0, 0
32004, 1689, 1, 0, 0
32500, 1675, 1, 0, 0
33004, 1678, 1, 0, 0
33500, 1668, 1, 0, 0
34012, 1682, 1, 0, 0
34500, 1679, 1, 0, 0
35004, 1673, 1, 0, 0
35500, 1667, 1, 0, 0
36009, 1670, 1, 0, 0
36507, 1673, 1, 0, 0
37005, 1683, 1, 0, 0
37503, 1671, 1, 0, 0
38005, 1676, 1, 0, 0
38507, 1676, 1, 0, 0
39009, 1675, 1, 0, 0
39509, 1693, 1, 0, 0
40005, 1675, 1, 0, 0
40511, 1671, 1, 0, 0
41000, 1676, 1, 0, 0
41500, 1674, 1, 0, 0
42005, 1679, 1, 0, 0
42500, 1685, 1, 0, 0
43010, 1677, 1, 0, 0
43500, 1686, 1, 0, 0
44005, 1682, 1, 0, 0
44507, 1685, 1, 0, 0
45003, 1686, 1, 0, 0
45508, 1681, 1, 0, 0
46002, 1686, 1, 0, 0
46500, 1684, 1, 0, 0
47000, 1676, 1, 0, 0
47503, 1670, 1, 0, 0
48003, 1685, 1, 0, 0
48500, 1684, 1, 0, 0
49000, 1673, 1, 0, 0
49515, 1681, 1, 0, 0
50000, 1691, 1, 0, 0
50501, 1686, 1, 0, 0
51001, 1696, 1, 0, 0
51500, 1693, 1, 0, 0
52002, 1686, 1, 0, 0
52501, 1684, 1, 0, 0
53012, 1690, 1, 0, 0
53503, 1679, 1, 0, 0
54010, 1709, 1, 0, 0
54503, 1688, 1, 0, 0
55004, 1692, 1, 0, 0
55512, 1688, 1, 0, 0
56006, 1686, 1, 0, 0
56500, 1688, 1, 0, 0
57003, 1694, 1, 0, 0
57502, 1686, 1, 0, 0
58012, 1694, 1, 0, 0
58500, 1697, 1, 0, 0
59000, 1701, 1, 0, 0
59502, 1704, 1, 0, 0
60014, 1707, 1, 0, 0
