[70734.779266] KSC2026-MARK map32k_bs32k_r3 insmod 1791446497287585507
[70734.798372] NVMeVirt: Version 1.10 for >> Samsung 970 Pro SSD <<
[70734.798382] NVMeVirt: Storage: 0x300100000-0x600000000 (12287 MiB)
[70734.804045] NVMeVirt: Total Capacity(GiB,MiB)=3,3072 chs=2 luns=4 lines=384 blk-size(MiB,KiB)=2,2048 line-size(MiB,KiB)=8,8192
[70734.804048] NVMeVirt: KSC2026: mapping unit=32768 B, flash page=32768 B, oneshot page=32768 B, pgs_per_blk=64, blks_per_pl=384, write buffer=1048576 B
[70734.807567] NVMeVirt: [chmodel_init] bandwidth 800 max_credits 26 tx_time 152
[70734.810771] NVMeVirt: [chmodel_init] bandwidth 800 max_credits 26 tx_time 152
[70734.810782] NVMeVirt: [chmodel_init] bandwidth 3360 max_credits 110 tx_time 36
[70734.810965] NVMeVirt: pqueue: Copyright (c) 2014, Volkan Yazıcı <volkan.yazici@gmail.com>. All rights reserved.
[70734.810967] NVMeVirt: Init FTL instance with 2 channels (98304 pages)
[70734.814168] NVMeVirt: [chmodel_init] bandwidth 800 max_credits 26 tx_time 152
[70734.817320] NVMeVirt: [chmodel_init] bandwidth 800 max_credits 26 tx_time 152
[70734.817331] NVMeVirt: [chmodel_init] bandwidth 3360 max_credits 110 tx_time 36
[70734.817522] NVMeVirt: Init FTL instance with 2 channels (98304 pages)
[70734.820675] NVMeVirt: [chmodel_init] bandwidth 800 max_credits 26 tx_time 152
[70734.823846] NVMeVirt: [chmodel_init] bandwidth 800 max_credits 26 tx_time 152
[70734.823856] NVMeVirt: [chmodel_init] bandwidth 3360 max_credits 110 tx_time 36
[70734.824049] NVMeVirt: Init FTL instance with 2 channels (98304 pages)
[70734.827211] NVMeVirt: [chmodel_init] bandwidth 800 max_credits 26 tx_time 152
[70734.830317] NVMeVirt: [chmodel_init] bandwidth 800 max_credits 26 tx_time 152
[70734.830328] NVMeVirt: [chmodel_init] bandwidth 3360 max_credits 110 tx_time 36
[70734.830496] NVMeVirt: Init FTL instance with 2 channels (98304 pages)
[70734.830499] NVMeVirt: FTL physical space: 12883853312, logical space: 12040984403 (physical/logical * 100 = 107)
[70734.830500] NVMeVirt: KSC2026: WBUF_FIX=1 GC_STATS=1
[70734.830501] NVMeVirt: ns 0/1: size 11483 MiB
[70734.830530] PCI host bridge to bus 0001:10
[70734.830531] pci_bus 0001:10: root bus resource [io  0x0000-0xffff]
[70734.830533] pci_bus 0001:10: root bus resource [mem 0x00000000-0x3fffffffffff]
[70734.830534] pci_bus 0001:10: root bus resource [bus 00-ff]
[70734.830539] pci 0001:10:00.0: [0c51:0110] type 00 class 0x010802 PCIe Endpoint
[70734.830541] pci 0001:10:00.0: BAR 0 [mem 0x300000000-0x300003fff 64bit]
[70734.830543] pci 0001:10:00.0: enabling Extended Tags
[70734.830641] NVMeVirt: Virtual PCI bus created (node 0)
[70734.830841] NVMeVirt: nvmev_io_worker_0 started on cpu 4 (node 0)
[70734.831250] NVMeVirt: nvmev_io_worker_1 started on cpu 5 (node 0)
[70734.831293] NVMeVirt: nvmev_dispatcher started on cpu 3 (node 0)
[70734.831983] nvme nvme1: pci function 0001:10:00.0
[70734.834082] nvme nvme1: 1/0/0 default/read/poll queues
[70734.835997] NVMeVirt: Virtual NVMe device created
[70740.873779] KSC2026-MARK map32k_bs32k_r3 fio-start 1791446503395116029
[70746.969884] NVMeVirt: KSC2026: first GC part=0 victim line=74 vpc=229 ipc=27 free_lines=2 host_pgs=97280
[70746.993218] NVMeVirt: KSC2026: first GC part=1 victim line=143 vpc=231 ipc=25 free_lines=2 host_pgs=97280
[70747.014178] NVMeVirt: KSC2026: first GC part=2 victim line=49 vpc=230 ipc=26 free_lines=2 host_pgs=97280
[70747.014397] NVMeVirt: KSC2026: first GC part=3 victim line=344 vpc=227 ipc=29 free_lines=2 host_pgs=97280
[70801.911306] KSC2026-MARK map32k_bs32k_r3 fio-end
[70801.915310] KSC2026-MARK map32k_bs32k_r3 rmmod 1791446564433925147
[70801.976214] pci_bus 0001:10: busn_res: [bus 10-ff] is released
[70801.976241] NVMeVirt: KSC2026: stats part=0 host_pgs=203929 gc_pgs=431205 gc_cnt=2100 free_lines=2
[70801.976243] NVMeVirt: KSC2026: stats part=1 host_pgs=203675 gc_pgs=430945 gc_cnt=2098 free_lines=2
[70801.976243] NVMeVirt: KSC2026: stats part=2 host_pgs=204034 gc_pgs=433652 gc_cnt=2110 free_lines=2
[70801.976244] NVMeVirt: KSC2026: stats part=3 host_pgs=203768 gc_pgs=432109 gc_cnt=2103 free_lines=3
[70801.996911] NVMeVirt: Virtual NVMe device closed
