500, 894423, 1, 0, 0
1000, 895427, 1, 0, 0
1500, 895431, 1, 0, 0
2000, 895431, 1, 0, 0
2500, 895430, 1, 0, 0
3000, 895429, 1, 0, 0
3500, 895428, 1, 0, 0
4000, 895427, 1, 0, 0
4500, 896851, 1, 0, 0
5000, 895418, 1, 0, 0
5516, 966463, 1, 0, 0
6007, 13822675, 1, 0, 0
6500, 14370773, 1, 0, 0
7007, 13421666, 1, 0, 0
7500, 13321956, 1, 0, 0
8011, 12461124, 1, 0, 0
8500, 11829114, 1, 0, 0
9009, 11075340, 1, 0, 0
9515, 10564826, 1, 0, 0
10004, 10081639, 1, 0, 0
10511, 9605394, 1, 0, 0
11000, 9118355, 1, 0, 0
11503, 8507396, 1, 0, 0
12010, 8552959, 1, 0, 0
12516, 8566219, 1, 0, 0
13002, 9452463, 1, 0, 0
13509, 9557697, 1, 0, 0
14014, 9396120, 1, 0, 0
14500, 9254750, 1, 0, 0
15004, 8985237, 1, 0, 0
15510, 8953740, 1, 0, 0
16000, 8802636, 1, 0, 0
16502, 8489502, 1, 0, 0
17008, 8462029, 1, 0, 0
17514, 8483245, 1, 0, 0
18000, 8378027, 1, 0, 0
18505, 8052058, 1, 0, 0
19008, 7956318, 1, 0, 0
19513, 7789594, 1, 0, 0
20000, 7643055, 1, 0, 0
20501, 7519266, 1, 0, 0
21004, 7482604, 1, 0, 0
21508, 7507586, 1, 0, 0
22013, 7461654, 1, 0, 0
22500, 7223459, 1, 0, 0
23000, 7094092, 1, 0, 0
23502, 7005180, 1, 0, 0
24004, 6821578, 1, 0, 0
24506, 6748021, 1, 0, 0
25007, 6501535, 1, 0, 0
25506, 6431400, 1, 0, 0
26009, 6517121, 1, 0, 0
26509, 6267806, 1, 0, 0
27009, 6143862, 1, 0, 0
27508, 5889166, 1, 0, 0
28006, 5665167, 1, 0, 0
28505, 5569336, 1, 0, 0
29003, 5411829, 1, 0, 0
29500, 5225240, 1, 0, 0
30000, 5119803, 1, 0, 0
30510, 4961125, 1, 0, 0
31004, 4785422, 1, 0, 0
31500, 4689254, 1, 0, 0
32008, 4272716, 1, 0, 0
32500, 4207969, 1, 0, 0
33005, 3893749, 1, 0, 0
33512, 3782963, 1, 0, 0
34000, 3518645, 1, 0, 0
34500, 3241820, 1, 0, 0
35011, 2870493, 1, 0, 0
35501, 2630138, 1, 0, 0
36000, 2242618, 1, 0, 0
36500, 1814600, 1, 0, 0
37000, 1119963, 1, 0, 0
37512, 1962122, 1, 0, 0
38005, 14379132, 1, 0, 0
38514, 13948692, 1, 0, 0
39006, 13223231, 1, 0, 0
39514, 12643102, 1, 0, 0
40005, 12144502, 1, 0, 0
40514, 11468254, 1, 0, 0
41003, 10914052, 1, 0, 0
41511, 10293597, 1, 0, 0
42000, 9912561, 1, 0, 0
42505, 9237273, 1, 0, 0
43012, 9027927, 1, 0, 0
43516, 8729258, 1, 0, 0
44002, 8564326, 1, 0, 0
44510, 9055017, 1, 0, 0
45017, 9546402, 1, 0, 0
45503, 9621972, 1, 0, 0
46007, 9394705, 1, 0, 0
46513, 9132708, 1, 0, 0
47000, 8796303, 1, 0, 0
47505, 8778880, 1, 0, 0
48011, 8573717, 1, 0, 0
48500, 8600537, 1, 0, 0
49004, 8094962, 1, 0, 0
49510, 8248134, 1, 0, 0
50015, 8130369, 1, 0, 0
50500, 8086319, 1, 0, 0
51005, 7948001, 1, 0, 0
51508, 7883815, 1, 0, 0
52011, 7715025, 1, 0, 0
52515, 7626548, 1, 0, 0
53000, 7635478, 1, 0, 0
53503, 7467993, 1, 0, 0
54005, 7260597, 1, 0, 0
54508, 7116115, 1, 0, 0
55012, 7093220, 1, 0, 0
55513, 6854781, 1, 0, 0
56015, 6863695, 1, 0, 0
56500, 6775459, 1, 0, 0
57000, 6617088, 1, 0, 0
57500, 6500862, 1, 0, 0
58000, 6265723, 1, 0, 0
58500, 6115402, 1, 0, 0
59000, 6030898, 1, 0, 0
59500, 5743971, 1, 0, 0
60012, 5746752, 1, 0, 0
60013, 17274262, 1, 0, 0
