500, 35792, 1, 0, 0
1000, 35734, 1, 0, 0
1500, 35732, 1, 0, 0
2000, 35729, 1, 0, 0
2500, 35732, 1, 0, 0
3000, 35734, 1, 0, 0
3500, 35730, 1, 0, 0
4000, 35732, 1, 0, 0
4500, 35676, 1, 0, 0
5000, 35732, 1, 0, 0
5500, 33024, 1, 0, 0
6000, 2272, 1, 0, 0
6500, 2296, 1, 0, 0
7000, 2316, 1, 0, 0
7500, 2438, 1, 0, 0
8000, 2550, 1, 0, 0
8500, 2648, 1, 0, 0
9000, 2936, 1, 0, 0
9500, 3068, 1, 0, 0
10000, 3104, 1, 0, 0
10500, 3384, 1, 0, 0
11000, 3600, 1, 0, 0
11500, 3608, 1, 0, 0
12000, 3799, 1, 0, 0
12500, 3780, 1, 0, 0
13000, 3292, 1, 0, 0
13500, 3392, 1, 0, 0
14000, 3440, 1, 0, 0
14500, 3364, 1, 0, 0
15000, 3584, 1, 0, 0
15500, 3624, 1, 0, 0
16000, 3702, 1, 0, 0
16500, 3642, 1, 0, 0
17000, 3820, 1, 0, 0
17500, 3816, 1, 0, 0
18000, 3840, 1, 0, 0
18500, 3884, 1, 0, 0
19000, 4056, 1, 0, 0
19500, 4140, 1, 0, 0
20000, 4216, 1, 0, 0
20500, 4128, 1, 0, 0
21000, 4304, 1, 0, 0
21500, 4292, 1, 0, 0
22000, 4336, 1, 0, 0
22500, 4464, 1, 0, 0
23000, 4434, 1, 0, 0
23500, 4510, 1, 0, 0
24000, 4721, 1, 0, 0
24500, 4764, 1, 0, 0
25000, 4928, 1, 0, 0
25500, 4968, 1, 0, 0
26000, 4940, 1, 0, 0
26500, 5112, 1, 0, 0
27000, 5204, 1, 0, 0
27500, 5424, 1, 0, 0
28000, 5624, 1, 0, 0
28500, 5740, 1, 0, 0
29000, 5892, 1, 0, 0
29500, 6102, 1, 0, 0
30000, 6430, 1, 0, 0
30500, 6376, 1, 0, 0
31000, 6608, 1, 0, 0
31500, 7024, 1, 0, 0
32000, 7340, 1, 0, 0
32500, 7762, 1, 0, 0
33000, 8030, 1, 0, 0
33500, 8580, 1, 0, 0
34000, 9120, 1, 0, 0
34500, 9874, 1, 0, 0
35000, 11122, 1, 0, 0
35500, 11952, 1, 0, 0
36000, 14280, 1, 0, 0
36500, 17968, 1, 0, 0
37000, 28572, 1, 0, 0
37500, 16128, 1, 0, 0
38000, 2192, 1, 0, 0
38500, 2340, 1, 0, 0
39000, 2376, 1, 0, 0
39500, 2576, 1, 0, 0
40000, 2588, 1, 0, 0
40500, 2840, 1, 0, 0
41000, 2868, 1, 0, 0
41500, 3156, 1, 0, 0
42000, 3296, 1, 0, 0
42500, 3362, 1, 0, 0
43000, 3592, 1, 0, 0
43500, 3700, 1, 0, 0
44000, 3632, 1, 0, 0
44500, 3588, 1, 0, 0
45000, 3392, 1, 0, 0
45500, 3236, 1, 0, 0
46000, 3436, 1, 0, 0
46500, 3548, 1, 0, 0
47000, 3560, 1, 0, 0
47500, 3664, 1, 0, 0
48000, 3776, 1, 0, 0
48500, 3784, 1, 0, 0
49000, 3836, 1, 0, 0
49500, 3928, 1, 0, 0
50000, 3968, 1, 0, 0
50500, 3864, 1, 0, 0
51000, 4040, 1, 0, 0
51500, 4088, 1, 0, 0
52000, 4176, 1, 0, 0
52500, 4228, 1, 0, 0
53000, 4156, 1, 0, 0
53500, 4216, 1, 0, 0
54000, 4436, 1, 0, 0
54500, 4524, 1, 0, 0
55000, 4544, 1, 0, 0
55500, 4676, 1, 0, 0
56000, 4688, 1, 0, 0
56500, 4738, 1, 0, 0
57000, 4840, 1, 0, 0
57500, 4926, 1, 0, 0
58000, 4996, 1, 0, 0
58500, 5172, 1, 0, 0
59000, 5438, 1, 0, 0
59500, 5594, 1, 0, 0
60000, 5540, 1, 0, 0
