500, 2290688, 1, 0, 0
1000, 2286976, 1, 0, 0
1500, 2286848, 1, 0, 0
2000, 2286685, 1, 0, 0
2500, 2286848, 1, 0, 0
3000, 2286976, 1, 0, 0
3500, 2286720, 1, 0, 0
4000, 2286848, 1, 0, 0
4500, 2283264, 1, 0, 0
5000, 2286848, 1, 0, 0
5500, 2113536, 1, 0, 0
6000, 145408, 1, 0, 0
6500, 146944, 1, 0, 0
7000, 148224, 1, 0, 0
7500, 156032, 1, 0, 0
8000, 163200, 1, 0, 0
8500, 169472, 1, 0, 0
9000, 187904, 1, 0, 0
9500, 196352, 1, 0, 0
10000, 198656, 1, 0, 0
10500, 216576, 1, 0, 0
11000, 230400, 1, 0, 0
11500, 230912, 1, 0, 0
12000, 243174, 1, 0, 0
12500, 241920, 1, 0, 0
13000, 210688, 1, 0, 0
13500, 217088, 1, 0, 0
14000, 220160, 1, 0, 0
14500, 215296, 1, 0, 0
15000, 229376, 1, 0, 0
15500, 231936, 1, 0, 0
16000, 236928, 1, 0, 0
16500, 233088, 1, 0, 0
17000, 244480, 1, 0, 0
17500, 244224, 1, 0, 0
18000, 245760, 1, 0, 0
18500, 248576, 1, 0, 0
19000, 259584, 1, 0, 0
19500, 264960, 1, 0, 0
20000, 269824, 1, 0, 0
20500, 264192, 1, 0, 0
21000, 275456, 1, 0, 0
21500, 274688, 1, 0, 0
22000, 277504, 1, 0, 0
22500, 285696, 1, 0, 0
23000, 283776, 1, 0, 0
23500, 288640, 1, 0, 0
24000, 302172, 1, 0, 0
24500, 304896, 1, 0, 0
25000, 315392, 1, 0, 0
25500, 317952, 1, 0, 0
26000, 316160, 1, 0, 0
26500, 327168, 1, 0, 0
27000, 333056, 1, 0, 0
27500, 347136, 1, 0, 0
28000, 359936, 1, 0, 0
28500, 367360, 1, 0, 0
29000, 377088, 1, 0, 0
29500, 390528, 1, 0, 0
30000, 411520, 1, 0, 0
30500, 408064, 1, 0, 0
31000, 422912, 1, 0, 0
31500, 449536, 1, 0, 0
32000, 469760, 1, 0, 0
32500, 496768, 1, 0, 0
33000, 513923, 1, 0, 0
33500, 549120, 1, 0, 0
34000, 583680, 1, 0, 0
34500, 631936, 1, 0, 0
35000, 711808, 1, 0, 0
35500, 764928, 1, 0, 0
36000, 913920, 1, 0, 0
36500, 1149952, 1, 0, 0
37000, 1828608, 1, 0, 0
37500, 1032192, 1, 0, 0
38000, 140288, 1, 0, 0
38500, 149760, 1, 0, 0
39000, 152064, 1, 0, 0
39500, 164864, 1, 0, 0
40000, 165632, 1, 0, 0
40500, 181760, 1, 0, 0
41000, 183552, 1, 0, 0
41500, 201984, 1, 0, 0
42000, 210944, 1, 0, 0
42500, 215214, 1, 0, 0
43000, 229888, 1, 0, 0
43500, 236800, 1, 0, 0
44000, 232448, 1, 0, 0
44500, 229632, 1, 0, 0
45000, 217088, 1, 0, 0
45500, 207104, 1, 0, 0
46000, 219904, 1, 0, 0
46500, 227072, 1, 0, 0
47000, 227840, 1, 0, 0
47500, 234496, 1, 0, 0
48000, 241664, 1, 0, 0
48500, 242176, 1, 0, 0
49000, 245504, 1, 0, 0
49500, 251392, 1, 0, 0
50000, 253952, 1, 0, 0
50500, 247296, 1, 0, 0
51000, 258560, 1, 0, 0
51500, 261632, 1, 0, 0
52000, 267264, 1, 0, 0
52500, 270592, 1, 0, 0
53000, 265984, 1, 0, 0
53500, 269824, 1, 0, 0
54000, 283959, 1, 0, 0
54500, 289536, 1, 0, 0
55000, 290816, 1, 0, 0
55500, 299264, 1, 0, 0
56000, 300032, 1, 0, 0
56500, 303232, 1, 0, 0
57000, 309760, 1, 0, 0
57500, 315264, 1, 0, 0
58000, 319744, 1, 0, 0
58500, 331008, 1, 0, 0
59000, 348032, 1, 0, 0
59500, 358016, 1, 0, 0
60000, 354560, 1, 0, 0
