500, 2586, 1, 0, 0
1000, 2590, 1, 0, 0
1500, 2581, 1, 0, 0
2000, 2573, 1, 0, 0
2500, 2570, 1, 0, 0
3000, 2562, 1, 0, 0
3500, 2611, 1, 0, 0
4000, 2607, 1, 0, 0
4500, 2846, 1, 0, 0
5000, 2586, 1, 0, 0
5516, 2582, 1, 0, 0
6007, 2652, 1, 0, 0
6500, 2643, 1, 0, 0
7007, 2664, 1, 0, 0
7500, 2635, 1, 0, 0
8011, 2673, 1, 0, 0
8500, 2640, 1, 0, 0
9009, 2657, 1, 0, 0
9515, 2643, 1, 0, 0
10004, 2635, 1, 0, 0
10511, 2622, 1, 0, 0
11000, 2800, 1, 0, 0
11503, 2653, 1, 0, 0
12010, 2642, 1, 0, 0
12516, 2646, 1, 0, 0
13002, 3022, 1, 0, 0
13509, 2621, 1, 0, 0
14014, 2640, 1, 0, 0
14500, 2640, 1, 0, 0
15004, 2641, 1, 0, 0
15510, 2645, 1, 0, 0
16000, 2630, 1, 0, 0
16502, 2639, 1, 0, 0
17008, 2641, 1, 0, 0
17514, 2595, 1, 0, 0
18000, 2625, 1, 0, 0
18505, 2612, 1, 0, 0
19008, 2660, 1, 0, 0
19513, 2619, 1, 0, 0
20000, 2614, 1, 0, 0
20501, 2623, 1, 0, 0
21004, 2643, 1, 0, 0
21508, 2627, 1, 0, 0
22013, 2617, 1, 0, 0
22500, 2605, 1, 0, 0
23000, 3192, 1, 0, 0
23502, 2616, 1, 0, 0
24004, 2636, 1, 0, 0
24506, 2599, 1, 0, 0
25007, 2637, 1, 0, 0
25506, 2614, 1, 0, 0
26009, 2620, 1, 0, 0
26509, 2626, 1, 0, 0
27009, 2633, 1, 0, 0
27508, 2614, 1, 0, 0
28006, 2636, 1, 0, 0
28505, 2663, 1, 0, 0
29003, 2753, 1, 0, 0
29500, 2624, 1, 0, 0
30000, 2626, 1, 0, 0
30510, 2652, 1, 0, 0
31004, 2638, 1, 0, 0
31500, 2614, 1, 0, 0
32008, 2632, 1, 0, 0
32500, 2619, 1, 0, 0
33005, 2608, 1, 0, 0
33512, 2620, 1, 0, 0
34000, 2621, 1, 0, 0
34500, 2623, 1, 0, 0
35011, 2609, 1, 0, 0
35501, 2599, 1, 0, 0
36000, 2612, 1, 0, 0
36500, 2600, 1, 0, 0
37000, 2640, 1, 0, 0
37512, 2588, 1, 0, 0
38005, 2659, 1, 0, 0
38514, 2623, 1, 0, 0
39006, 2685, 1, 0, 0
39514, 2663, 1, 0, 0
40005, 2674, 1, 0, 0
40514, 2618, 1, 0, 0
41003, 2649, 1, 0, 0
41511, 2630, 1, 0, 0
42000, 2637, 1, 0, 0
42505, 2652, 1, 0, 0
43012, 2646, 1, 0, 0
43516, 2631, 1, 0, 0
44002, 2655, 1, 0, 0
44510, 2614, 1, 0, 0
45017, 2629, 1, 0, 0
45503, 2630, 1, 0, 0
46007, 2642, 1, 0, 0
46513, 2640, 1, 0, 0
47000, 2628, 1, 0, 0
47505, 2627, 1, 0, 0
48011, 2624, 1, 0, 0
48500, 2616, 1, 0, 0
49004, 2672, 1, 0, 0
49510, 2686, 1, 0, 0
50015, 2647, 1, 0, 0
50500, 2624, 1, 0, 0
51005, 2646, 1, 0, 0
51508, 2641, 1, 0, 0
52011, 2651, 1, 0, 0
52515, 2642, 1, 0, 0
53000, 2630, 1, 0, 0
53503, 2638, 1, 0, 0
54005, 2642, 1, 0, 0
54508, 2634, 1, 0, 0
55012, 2658, 1, 0, 0
55513, 2608, 1, 0, 0
56015, 2641, 1, 0, 0
56500, 2641, 1, 0, 0
57000, 2656, 1, 0, 0
57500, 2629, 1, 0, 0
58000, 2649, 1, 0, 0
58500, 2631, 1, 0, 0
59000, 2659, 1, 0, 0
59500, 2627, 1, 0, 0
60013, 2641, 1, 0, 0
