500, 891837, 1, 0, 0
1000, 892837, 1, 0, 0
1500, 892850, 1, 0, 0
2000, 892858, 1, 0, 0
2500, 892860, 1, 0, 0
3000, 892867, 1, 0, 0
3500, 892817, 1, 0, 0
4000, 892820, 1, 0, 0
4500, 894005, 1, 0, 0
5000, 892832, 1, 0, 0
5516, 963882, 1, 0, 0
6007, 13820019, 1, 0, 0
6500, 14368129, 1, 0, 0
7007, 13419003, 1, 0, 0
7500, 13319322, 1, 0, 0
8011, 12458449, 1, 0, 0
8500, 11826478, 1, 0, 0
9009, 11072681, 1, 0, 0
9515, 10562189, 1, 0, 0
10004, 10078995, 1, 0, 0
10511, 9602780, 1, 0, 0
11000, 9115558, 1, 0, 0
11503, 8504735, 1, 0, 0
12010, 8550317, 1, 0, 0
12516, 8563581, 1, 0, 0
13002, 9449433, 1, 0, 0
13509, 9555078, 1, 0, 0
14014, 9393478, 1, 0, 0
14500, 9252111, 1, 0, 0
15004, 8982597, 1, 0, 0
15510, 8951096, 1, 0, 0
16000, 8800003, 1, 0, 0
16502, 8486865, 1, 0, 0
17008, 8459388, 1, 0, 0
17514, 8480650, 1, 0, 0
18000, 8375401, 1, 0, 0
18505, 8049446, 1, 0, 0
19008, 7953659, 1, 0, 0
19513, 7786976, 1, 0, 0
20000, 7640440, 1, 0, 0
20501, 7516641, 1, 0, 0
21004, 7479964, 1, 0, 0
21508, 7504961, 1, 0, 0
22013, 7459034, 1, 0, 0
22500, 7220855, 1, 0, 0
23000, 7090901, 1, 0, 0
23502, 7002563, 1, 0, 0
24004, 6818942, 1, 0, 0
24506, 6745421, 1, 0, 0
25007, 6498898, 1, 0, 0
25506, 6428786, 1, 0, 0
26009, 6514499, 1, 0, 0
26509, 6265183, 1, 0, 0
27009, 6141227, 1, 0, 0
27508, 5886553, 1, 0, 0
28006, 5662530, 1, 0, 0
28505, 5566672, 1, 0, 0
29003, 5409076, 1, 0, 0
29500, 5222618, 1, 0, 0
30000, 5117176, 1, 0, 0
30510, 4958474, 1, 0, 0
31004, 4782783, 1, 0, 0
31500, 4686641, 1, 0, 0
32008, 4270085, 1, 0, 0
32500, 4205350, 1, 0, 0
33005, 3891140, 1, 0, 0
33512, 3780342, 1, 0, 0
34000, 3516024, 1, 0, 0
34500, 3239198, 1, 0, 0
35011, 2867884, 1, 0, 0
35501, 2627539, 1, 0, 0
36000, 2240005, 1, 0, 0
36500, 1812001, 1, 0, 0
37000, 1117323, 1, 0, 0
37512, 1959535, 1, 0, 0
38005, 14376467, 1, 0, 0
38514, 13946085, 1, 0, 0
39006, 13220531, 1, 0, 0
39514, 12640443, 1, 0, 0
40005, 12141825, 1, 0, 0
40514, 11465637, 1, 0, 0
41003, 10911400, 1, 0, 0
41511, 10290966, 1, 0, 0
42000, 9909926, 1, 0, 0
42505, 9234621, 1, 0, 0
43012, 9025281, 1, 0, 0
43516, 8726629, 1, 0, 0
44002, 8561667, 1, 0, 0
44510, 9052404, 1, 0, 0
45017, 9543774, 1, 0, 0
45503, 9619342, 1, 0, 0
46007, 9392062, 1, 0, 0
46513, 9130069, 1, 0, 0
47000, 8793676, 1, 0, 0
47505, 8776251, 1, 0, 0
48011, 8571093, 1, 0, 0
48500, 8597921, 1, 0, 0
49004, 8092289, 1, 0, 0
49510, 8245450, 1, 0, 0
50015, 8127719, 1, 0, 0
50500, 8083698, 1, 0, 0
51005, 7945355, 1, 0, 0
51508, 7881173, 1, 0, 0
52011, 7712374, 1, 0, 0
52515, 7623907, 1, 0, 0
53000, 7632848, 1, 0, 0
53503, 7465355, 1, 0, 0
54005, 7257955, 1, 0, 0
54508, 7113481, 1, 0, 0
55012, 7090562, 1, 0, 0
55513, 6852173, 1, 0, 0
56015, 6861053, 1, 0, 0
56500, 6772817, 1, 0, 0
57000, 6614433, 1, 0, 0
57500, 6498231, 1, 0, 0
58000, 6263074, 1, 0, 0
58500, 6112770, 1, 0, 0
59000, 6028241, 1, 0, 0
59500, 5741343, 1, 0, 0
60012, 5744111, 1, 0, 0
60013, 17271586, 1, 0, 0
