500, 2288640, 1, 0, 0
1000, 2287104, 1, 0, 0
1500, 2286848, 1, 0, 0
2000, 2286848, 1, 0, 0
2500, 2286592, 1, 0, 0
3000, 2286848, 1, 0, 0
3500, 2286848, 1, 0, 0
4000, 2286848, 1, 0, 0
4500, 2286848, 1, 0, 0
5000, 2286592, 1, 0, 0
5500, 2112768, 1, 0, 0
6000, 161024, 1, 0, 0
6500, 162048, 1, 0, 0
7000, 159744, 1, 0, 0
7500, 171264, 1, 0, 0
8000, 179200, 1, 0, 0
8500, 188793, 1, 0, 0
9000, 185600, 1, 0, 0
9500, 201728, 1, 0, 0
10000, 212224, 1, 0, 0
10500, 220416, 1, 0, 0
11000, 228352, 1, 0, 0
11500, 233984, 1, 0, 0
12000, 235520, 1, 0, 0
12500, 227840, 1, 0, 0
13000, 232192, 1, 0, 0
13500, 229120, 1, 0, 0
14000, 229376, 1, 0, 0
14500, 236288, 1, 0, 0
15000, 241920, 1, 0, 0
15500, 251136, 1, 0, 0
16000, 250624, 1, 0, 0
16500, 256768, 1, 0, 0
17000, 261888, 1, 0, 0
17500, 265728, 1, 0, 0
18000, 258048, 1, 0, 0
18500, 261888, 1, 0, 0
19000, 267520, 1, 0, 0
19500, 273920, 1, 0, 0
20000, 275968, 1, 0, 0
20500, 271360, 1, 0, 0
21000, 271872, 1, 0, 0
21500, 288768, 1, 0, 0
22000, 296529, 1, 0, 0
22500, 294400, 1, 0, 0
23000, 298496, 1, 0, 0
23500, 301824, 1, 0, 0
24000, 311296, 1, 0, 0
24500, 330240, 1, 0, 0
25000, 320768, 1, 0, 0
25500, 326912, 1, 0, 0
26000, 343808, 1, 0, 0
26500, 357888, 1, 0, 0
27000, 351488, 1, 0, 0
27500, 359424, 1, 0, 0
28000, 378880, 1, 0, 0
28500, 395264, 1, 0, 0
29000, 393472, 1, 0, 0
29500, 423680, 1, 0, 0
30000, 434688, 1, 0, 0
30500, 436736, 1, 0, 0
31000, 468736, 1, 0, 0
31500, 496128, 1, 0, 0
32000, 522496, 1, 0, 0
32500, 544512, 1, 0, 0
33000, 590080, 1, 0, 0
33500, 641280, 1, 0, 0
34000, 698624, 1, 0, 0
34500, 775680, 1, 0, 0
35001, 916992, 1, 0, 0
35500, 1106340, 1, 0, 0
36000, 1704448, 1, 0, 0
36500, 1367040, 1, 0, 0
37000, 160768, 1, 0, 0
37500, 158208, 1, 0, 0
38000, 166144, 1, 0, 0
38500, 173824, 1, 0, 0
39000, 176384, 1, 0, 0
39500, 188160, 1, 0, 0
40000, 196864, 1, 0, 0
40500, 209408, 1, 0, 0
41000, 214016, 1, 0, 0
41500, 217600, 1, 0, 0
42000, 231680, 1, 0, 0
42500, 232704, 1, 0, 0
43000, 231424, 1, 0, 0
43500, 232704, 1, 0, 0
44000, 233984, 1, 0, 0
44500, 232704, 1, 0, 0
45000, 235520, 1, 0, 0
45500, 242432, 1, 0, 0
46000, 240896, 1, 0, 0
46500, 231118, 1, 0, 0
47000, 247296, 1, 0, 0
47500, 252160, 1, 0, 0
48000, 260608, 1, 0, 0
48500, 263936, 1, 0, 0
49000, 265984, 1, 0, 0
49500, 267264, 1, 0, 0
50000, 265234, 1, 0, 0
50500, 278784, 1, 0, 0
51000, 271104, 1, 0, 0
51500, 268032, 1, 0, 0
52000, 288768, 1, 0, 0
52500, 285184, 1, 0, 0
53000, 292864, 1, 0, 0
53500, 292096, 1, 0, 0
54000, 294912, 1, 0, 0
54500, 303616, 1, 0, 0
55000, 317952, 1, 0, 0
55500, 317952, 1, 0, 0
56000, 328960, 1, 0, 0
56500, 343296, 1, 0, 0
57000, 335360, 1, 0, 0
57500, 343296, 1, 0, 0
58000, 364544, 1, 0, 0
58500, 363264, 1, 0, 0
59000, 397824, 1, 0, 0
59500, 385536, 1, 0, 0
60000, 411648, 1, 0, 0
