500, 1781715, 1, 0, 0
1000, 1786381, 1, 0, 0
1500, 1786577, 1, 0, 0
2000, 1786737, 1, 0, 0
2500, 1786775, 1, 0, 0
3000, 1786757, 1, 0, 0
3500, 1786797, 1, 0, 0
4000, 1786742, 1, 0, 0
4500, 1786762, 1, 0, 0
5000, 1786747, 1, 0, 0
5517, 1919958, 1, 0, 0
6005, 24733243, 1, 0, 0
6513, 25734689, 1, 0, 0
7001, 25013669, 1, 0, 0
7507, 24238753, 1, 0, 0
8012, 23133129, 1, 0, 0
8516, 21926475, 1, 0, 0
9002, 21506777, 1, 0, 0
9507, 20540601, 1, 0, 0
10010, 19387425, 1, 0, 0
10512, 18664259, 1, 0, 0
11013, 17965963, 1, 0, 0
11515, 17560634, 1, 0, 0
12016, 17440769, 1, 0, 0
12500, 17476694, 1, 0, 0
13003, 17663644, 1, 0, 0
13505, 17930188, 1, 0, 0
14007, 17941372, 1, 0, 0
14510, 17437518, 1, 0, 0
15011, 16946775, 1, 0, 0
15511, 16310927, 1, 0, 0
16011, 16340238, 1, 0, 0
16510, 15921896, 1, 0, 0
17010, 15634439, 1, 0, 0
17510, 15416947, 1, 0, 0
18008, 15820079, 1, 0, 0
18508, 15621099, 1, 0, 0
19007, 15278013, 1, 0, 0
19505, 14893739, 1, 0, 0
20003, 14774666, 1, 0, 0
20504, 15107731, 1, 0, 0
21002, 15017036, 1, 0, 0
21500, 14260949, 1, 0, 0
22000, 14124111, 1, 0, 0
22513, 13828635, 1, 0, 0
23009, 13626607, 1, 0, 0
23506, 13479434, 1, 0, 0
24001, 13037641, 1, 0, 0
24515, 12722957, 1, 0, 0
25011, 12672433, 1, 0, 0
25505, 12379448, 1, 0, 0
26000, 11984982, 1, 0, 0
26510, 11506684, 1, 0, 0
27004, 11498669, 1, 0, 0
27500, 11650978, 1, 0, 0
28006, 10602440, 1, 0, 0
28500, 10554356, 1, 0, 0
29004, 10185329, 1, 0, 0
29510, 9784115, 1, 0, 0
30000, 9557370, 1, 0, 0
30504, 9123239, 1, 0, 0
31006, 8780219, 1, 0, 0
31507, 8275302, 1, 0, 0
32009, 7856529, 1, 0, 0
32505, 7461174, 1, 0, 0
33000, 6968762, 1, 0, 0
33507, 6395958, 1, 0, 0
34010, 5905289, 1, 0, 0
34507, 5253278, 1, 0, 0
35000, 4514258, 1, 0, 0
35500, 3684516, 1, 0, 0
36000, 2402078, 1, 0, 0
36508, 2916124, 1, 0, 0
37017, 25889007, 1, 0, 0
37502, 25176612, 1, 0, 0
38008, 24973989, 1, 0, 0
38513, 23835845, 1, 0, 0
39001, 22664667, 1, 0, 0
39506, 22013141, 1, 0, 0
40010, 21000198, 1, 0, 0
40515, 19775671, 1, 0, 0
41000, 18866469, 1, 0, 0
41501, 18557356, 1, 0, 0
42003, 17741137, 1, 0, 0
42504, 17662466, 1, 0, 0
43006, 17755779, 1, 0, 0
43509, 17698109, 1, 0, 0
44011, 17587870, 1, 0, 0
44514, 17651132, 1, 0, 0
45016, 17485832, 1, 0, 0
45500, 16965738, 1, 0, 0
46000, 16977231, 1, 0, 0
46500, 17138443, 1, 0, 0
47002, 16608519, 1, 0, 0
47502, 16248259, 1, 0, 0
48002, 15719133, 1, 0, 0
48501, 15503402, 1, 0, 0
49000, 15381986, 1, 0, 0
49500, 15400760, 1, 0, 0
50000, 15385020, 1, 0, 0
50500, 15121280, 1, 0, 0
51000, 15096333, 1, 0, 0
51500, 15097555, 1, 0, 0
52014, 14330608, 1, 0, 0
52512, 14295329, 1, 0, 0
53008, 13873121, 1, 0, 0
53508, 13994278, 1, 0, 0
54004, 13778841, 1, 0, 0
54500, 13501169, 1, 0, 0
55012, 13089581, 1, 0, 0
55507, 12737973, 1, 0, 0
56001, 12296014, 1, 0, 0
56515, 12257036, 1, 0, 0
57008, 12042402, 1, 0, 0
57501, 11769818, 1, 0, 0
58013, 11505320, 1, 0, 0
58504, 11086722, 1, 0, 0
59000, 10499008, 1, 0, 0
59506, 10437047, 1, 0, 0
60015, 10118529, 1, 0, 0
60016, 17819706, 1, 0, 0
