500, 5266, 1, 0, 0
1000, 4692, 1, 0, 0
1500, 4503, 1, 0, 0
2000, 4338, 1, 0, 0
2500, 4300, 1, 0, 0
3000, 4317, 1, 0, 0
3500, 4280, 1, 0, 0
4000, 4331, 1, 0, 0
4500, 4309, 1, 0, 0
5000, 4323, 1, 0, 0
5517, 4287, 1, 0, 0
6005, 4374, 1, 0, 0
6513, 4369, 1, 0, 0
7001, 4375, 1, 0, 0
7507, 4376, 1, 0, 0
8012, 4456, 1, 0, 0
8516, 4354, 1, 0, 0
9002, 4418, 1, 0, 0
9507, 4418, 1, 0, 0
10010, 4423, 1, 0, 0
10512, 4410, 1, 0, 0
11013, 4383, 1, 0, 0
11515, 4398, 1, 0, 0
12016, 4404, 1, 0, 0
12500, 4441, 1, 0, 0
13003, 4423, 1, 0, 0
13505, 4351, 1, 0, 0
14007, 4380, 1, 0, 0
14510, 4373, 1, 0, 0
15011, 4422, 1, 0, 0
15511, 4364, 1, 0, 0
16011, 4444, 1, 0, 0
16510, 4445, 1, 0, 0
17010, 4427, 1, 0, 0
17510, 4353, 1, 0, 0
18008, 5545, 1, 0, 0
18508, 4660, 1, 0, 0
19007, 4395, 1, 0, 0
19505, 4338, 1, 0, 0
20003, 4404, 1, 0, 0
20504, 4394, 1, 0, 0
21002, 4433, 1, 0, 0
21500, 5041, 1, 0, 0
22000, 4412, 1, 0, 0
22513, 4416, 1, 0, 0
23009, 4390, 1, 0, 0
23506, 4465, 1, 0, 0
24001, 4390, 1, 0, 0
24515, 4390, 1, 0, 0
25011, 4411, 1, 0, 0
25505, 4367, 1, 0, 0
26000, 4416, 1, 0, 0
26510, 4418, 1, 0, 0
27004, 4440, 1, 0, 0
27500, 4357, 1, 0, 0
28006, 4391, 1, 0, 0
28500, 4440, 1, 0, 0
29004, 4390, 1, 0, 0
29510, 4455, 1, 0, 0
30000, 4427, 1, 0, 0
30504, 4397, 1, 0, 0
31006, 4426, 1, 0, 0
31507, 4417, 1, 0, 0
32009, 4414, 1, 0, 0
32505, 4385, 1, 0, 0
33000, 4425, 1, 0, 0
33507, 4415, 1, 0, 0
34010, 4388, 1, 0, 0
34507, 4385, 1, 0, 0
35000, 4440, 1, 0, 0
35500, 4421, 1, 0, 0
36000, 4368, 1, 0, 0
36508, 4314, 1, 0, 0
37017, 4357, 1, 0, 0
37502, 4332, 1, 0, 0
38008, 4406, 1, 0, 0
38513, 4400, 1, 0, 0
39001, 4614, 1, 0, 0
39506, 4381, 1, 0, 0
40010, 4393, 1, 0, 0
40515, 4427, 1, 0, 0
41000, 4418, 1, 0, 0
41501, 4644, 1, 0, 0
42003, 4387, 1, 0, 0
42504, 4405, 1, 0, 0
43006, 4412, 1, 0, 0
43509, 4402, 1, 0, 0
44011, 4366, 1, 0, 0
44514, 4415, 1, 0, 0
45016, 4452, 1, 0, 0
45500, 4382, 1, 0, 0
46000, 4511, 1, 0, 0
46500, 4313, 1, 0, 0
47002, 4409, 1, 0, 0
47502, 4444, 1, 0, 0
48002, 4398, 1, 0, 0
48501, 4347, 1, 0, 0
49000, 4420, 1, 0, 0
49500, 4361, 1, 0, 0
50000, 4382, 1, 0, 0
50500, 4440, 1, 0, 0
51000, 4387, 1, 0, 0
51500, 4392, 1, 0, 0
52014, 4414, 1, 0, 0
52512, 4406, 1, 0, 0
53008, 4394, 1, 0, 0
53508, 4461, 1, 0, 0
54004, 4422, 1, 0, 0
54500, 4385, 1, 0, 0
55012, 4422, 1, 0, 0
55507, 4416, 1, 0, 0
56001, 4418, 1, 0, 0
56515, 4384, 1, 0, 0
57008, 4418, 1, 0, 0
57501, 4395, 1, 0, 0
58013, 4478, 1, 0, 0
58504, 4368, 1, 0, 0
59000, 4424, 1, 0, 0
59506, 4404, 1, 0, 0
60016, 4415, 1, 0, 0
