500, 894409, 1, 0, 0
1000, 895438, 1, 0, 0
1500, 896407, 1, 0, 0
2000, 895433, 1, 0, 0
2500, 895433, 1, 0, 0
3000, 895426, 1, 0, 0
3500, 895431, 1, 0, 0
4000, 895434, 1, 0, 0
4500, 895431, 1, 0, 0
5000, 895427, 1, 0, 0
5516, 966566, 1, 0, 0
6007, 13824367, 1, 0, 0
6517, 14193405, 1, 0, 0
7006, 13556320, 1, 0, 0
7517, 13219511, 1, 0, 0
8010, 12544450, 1, 0, 0
8500, 11840499, 1, 0, 0
9008, 11082567, 1, 0, 0
9515, 10579395, 1, 0, 0
10004, 10080268, 1, 0, 0
10511, 9598254, 1, 0, 0
11000, 9051890, 1, 0, 0
11505, 8606916, 1, 0, 0
12011, 8547933, 1, 0, 0
12500, 8620904, 1, 0, 0
13005, 9379428, 1, 0, 0
13511, 9556168, 1, 0, 0
14000, 9478487, 1, 0, 0
14503, 9178799, 1, 0, 0
15007, 8990401, 1, 0, 0
15513, 8956113, 1, 0, 0
16000, 8741306, 1, 0, 0
16504, 8539041, 1, 0, 0
17009, 8463927, 1, 0, 0
17515, 8468827, 1, 0, 0
18000, 8275874, 1, 0, 0
18505, 8150191, 1, 0, 0
19009, 7954099, 1, 0, 0
19515, 7803595, 1, 0, 0
20000, 7674082, 1, 0, 0
20503, 7493079, 1, 0, 0
21006, 7484400, 1, 0, 0
21509, 7501781, 1, 0, 0
22015, 7464999, 1, 0, 0
22500, 7225967, 1, 0, 0
23002, 7083433, 1, 0, 0
23505, 7033410, 1, 0, 0
24007, 6824594, 1, 0, 0
24509, 6748285, 1, 0, 0
25010, 6505077, 1, 0, 0
25510, 6440233, 1, 0, 0
26012, 6506336, 1, 0, 0
26514, 6278375, 1, 0, 0
27013, 6143691, 1, 0, 0
27512, 5884978, 1, 0, 0
28009, 5657329, 1, 0, 0
28508, 5563420, 1, 0, 0
29006, 5412101, 1, 0, 0
29502, 5226746, 1, 0, 0
30000, 5192429, 1, 0, 0
30513, 4899486, 1, 0, 0
31007, 4780816, 1, 0, 0
31500, 4611667, 1, 0, 0
32011, 4351714, 1, 0, 0
32500, 4134922, 1, 0, 0
33007, 3963651, 1, 0, 0
33500, 3813674, 1, 0, 0
34000, 3507267, 1, 0, 0
34500, 3201780, 1, 0, 0
35000, 2898492, 1, 0, 0
35504, 2631185, 1, 0, 0
36001, 2237704, 1, 0, 0
36500, 1813501, 1, 0, 0
37000, 1123087, 1, 0, 0
37515, 1958245, 1, 0, 0
38007, 14368514, 1, 0, 0
38500, 14013355, 1, 0, 0
39008, 13199607, 1, 0, 0
39500, 12840573, 1, 0, 0
40009, 12050074, 1, 0, 0
40500, 11505243, 1, 0, 0
41007, 10868162, 1, 0, 0
41512, 10289949, 1, 0, 0
42001, 9880535, 1, 0, 0
42507, 9302993, 1, 0, 0
43012, 9009754, 1, 0, 0
43500, 8777194, 1, 0, 0
44005, 8564559, 1, 0, 0
44511, 9058491, 1, 0, 0
45000, 9737697, 1, 0, 0
45506, 9525705, 1, 0, 0
46014, 9408218, 1, 0, 0
46501, 9092561, 1, 0, 0
47006, 8872757, 1, 0, 0
47512, 8701290, 1, 0, 0
48000, 8550127, 1, 0, 0
48505, 8366545, 1, 0, 0
49011, 8429691, 1, 0, 0
49500, 8395200, 1, 0, 0
50002, 8079065, 1, 0, 0
50507, 8065849, 1, 0, 0
51011, 7922364, 1, 0, 0
51516, 7904422, 1, 0, 0
52001, 7679155, 1, 0, 0
52505, 7577205, 1, 0, 0
53009, 7496357, 1, 0, 0
53512, 7408303, 1, 0, 0
54015, 7287028, 1, 0, 0
54500, 7325976, 1, 0, 0
55001, 7046202, 1, 0, 0
55505, 6978430, 1, 0, 0
56006, 6800206, 1, 0, 0
56507, 6657363, 1, 0, 0
57008, 6583692, 1, 0, 0
57510, 6547768, 1, 0, 0
58011, 6358119, 1, 0, 0
58509, 6095598, 1, 0, 0
59009, 6029975, 1, 0, 0
59508, 5855439, 1, 0, 0
60007, 5729328, 1, 0, 0
60008, 17516492, 1, 0, 0
