500, 2693, 1, 0, 0
1000, 2574, 1, 0, 0
1500, 2831, 1, 0, 0
2000, 2576, 1, 0, 0
2500, 2571, 1, 0, 0
3000, 2575, 1, 0, 0
3500, 2586, 1, 0, 0
4000, 2589, 1, 0, 0
4500, 2588, 1, 0, 0
5000, 2590, 1, 0, 0
5516, 2578, 1, 0, 0
6007, 2622, 1, 0, 0
6517, 2633, 1, 0, 0
7006, 2615, 1, 0, 0
7517, 2668, 1, 0, 0
8010, 2623, 1, 0, 0
8500, 2635, 1, 0, 0
9008, 2622, 1, 0, 0
9515, 2628, 1, 0, 0
10004, 2617, 1, 0, 0
10511, 2638, 1, 0, 0
11000, 2692, 1, 0, 0
11505, 2635, 1, 0, 0
12011, 2623, 1, 0, 0
12500, 3003, 1, 0, 0
13005, 4568, 1, 0, 0
13511, 2634, 1, 0, 0
14000, 2607, 1, 0, 0
14503, 2626, 1, 0, 0
15007, 2632, 1, 0, 0
15513, 2633, 1, 0, 0
16000, 2626, 1, 0, 0
16504, 2635, 1, 0, 0
17009, 2625, 1, 0, 0
17515, 2636, 1, 0, 0
18000, 2623, 1, 0, 0
18505, 2610, 1, 0, 0
19009, 2612, 1, 0, 0
19515, 2627, 1, 0, 0
20000, 2603, 1, 0, 0
20503, 2606, 1, 0, 0
21006, 2597, 1, 0, 0
21509, 2608, 1, 0, 0
22015, 2612, 1, 0, 0
22500, 3008, 1, 0, 0
23002, 2933, 1, 0, 0
23505, 2618, 1, 0, 0
24007, 2620, 1, 0, 0
24509, 2820, 1, 0, 0
25010, 2680, 1, 0, 0
25510, 2641, 1, 0, 0
26012, 2642, 1, 0, 0
26514, 2638, 1, 0, 0
27013, 2617, 1, 0, 0
27512, 2640, 1, 0, 0
28009, 2614, 1, 0, 0
28508, 2608, 1, 0, 0
29006, 2622, 1, 0, 0
29502, 2643, 1, 0, 0
30000, 2632, 1, 0, 0
30513, 2642, 1, 0, 0
31007, 2618, 1, 0, 0
31500, 2619, 1, 0, 0
32011, 2622, 1, 0, 0
32500, 2632, 1, 0, 0
33007, 2616, 1, 0, 0
33500, 2876, 1, 0, 0
34000, 2588, 1, 0, 0
34500, 2622, 1, 0, 0
35000, 2611, 1, 0, 0
35504, 3097, 1, 0, 0
36001, 2827, 1, 0, 0
36500, 2608, 1, 0, 0
37000, 2614, 1, 0, 0
37515, 2602, 1, 0, 0
38007, 2632, 1, 0, 0
38500, 2627, 1, 0, 0
39008, 2635, 1, 0, 0
39500, 2672, 1, 0, 0
40009, 2597, 1, 0, 0
40500, 2655, 1, 0, 0
41007, 2645, 1, 0, 0
41512, 2627, 1, 0, 0
42001, 2635, 1, 0, 0
42507, 2632, 1, 0, 0
43012, 2625, 1, 0, 0
43500, 2659, 1, 0, 0
44005, 2640, 1, 0, 0
44511, 2648, 1, 0, 0
45000, 2643, 1, 0, 0
45506, 2652, 1, 0, 0
46014, 2636, 1, 0, 0
46501, 2639, 1, 0, 0
47006, 2640, 1, 0, 0
47512, 2638, 1, 0, 0
48000, 2633, 1, 0, 0
48505, 2656, 1, 0, 0
49011, 2638, 1, 0, 0
49500, 2627, 1, 0, 0
50002, 2630, 1, 0, 0
50507, 2640, 1, 0, 0
51011, 2627, 1, 0, 0
51516, 2620, 1, 0, 0
52001, 2624, 1, 0, 0
52505, 2628, 1, 0, 0
53009, 2622, 1, 0, 0
53512, 2635, 1, 0, 0
54015, 2623, 1, 0, 0
54500, 2627, 1, 0, 0
55001, 2630, 1, 0, 0
55505, 2613, 1, 0, 0
56006, 2606, 1, 0, 0
56507, 2595, 1, 0, 0
57008, 2608, 1, 0, 0
57510, 2642, 1, 0, 0
58011, 2622, 1, 0, 0
58509, 2602, 1, 0, 0
59009, 2598, 1, 0, 0
59508, 2593, 1, 0, 0
60008, 2617, 1, 0, 0
