500, 35792, 1, 0, 0
1000, 35734, 1, 0, 0
1500, 35697, 1, 0, 0
2000, 35728, 1, 0, 0
2500, 35732, 1, 0, 0
3000, 35732, 1, 0, 0
3500, 35734, 1, 0, 0
4000, 35730, 1, 0, 0
4500, 35728, 1, 0, 0
5000, 35730, 1, 0, 0
5500, 33010, 1, 0, 0
6000, 2272, 1, 0, 0
6500, 2300, 1, 0, 0
7000, 2312, 1, 0, 0
7500, 2472, 1, 0, 0
8000, 2516, 1, 0, 0
8500, 2654, 1, 0, 0
9000, 2930, 1, 0, 0
9500, 3068, 1, 0, 0
10000, 3104, 1, 0, 0
10500, 3384, 1, 0, 0
11000, 3534, 1, 0, 0
11500, 3674, 1, 0, 0
12000, 3799, 1, 0, 0
12500, 3664, 1, 0, 0
13000, 3408, 1, 0, 0
13500, 3392, 1, 0, 0
14000, 3434, 1, 0, 0
14500, 3370, 1, 0, 0
15000, 3584, 1, 0, 0
15500, 3624, 1, 0, 0
16000, 3564, 1, 0, 0
16500, 3780, 1, 0, 0
17000, 3820, 1, 0, 0
17500, 3816, 1, 0, 0
18000, 3756, 1, 0, 0
18500, 3968, 1, 0, 0
19000, 4056, 1, 0, 0
19500, 4140, 1, 0, 0
20000, 4112, 1, 0, 0
20500, 4232, 1, 0, 0
21000, 4304, 1, 0, 0
21500, 4292, 1, 0, 0
22000, 4336, 1, 0, 0
22500, 4300, 1, 0, 0
23000, 4536, 1, 0, 0
23500, 4580, 1, 0, 0
24000, 4712, 1, 0, 0
24500, 4764, 1, 0, 0
25000, 4928, 1, 0, 0
25500, 4968, 1, 0, 0
26000, 4940, 1, 0, 0
26500, 5112, 1, 0, 0
27000, 5204, 1, 0, 0
27500, 5424, 1, 0, 0
28000, 5624, 1, 0, 0
28500, 5740, 1, 0, 0
29000, 5892, 1, 0, 0
29500, 6080, 1, 0, 0
30000, 6312, 1, 0, 0
30500, 6516, 1, 0, 0
31000, 6608, 1, 0, 0
31500, 6880, 1, 0, 0
32000, 7498, 1, 0, 0
32500, 7580, 1, 0, 0
33000, 8192, 1, 0, 0
33500, 8506, 1, 0, 0
34000, 9126, 1, 0, 0
34500, 9922, 1, 0, 0
35000, 11114, 1, 0, 0
35500, 11980, 1, 0, 0
36000, 14280, 1, 0, 0
36500, 17944, 1, 0, 0
37000, 28492, 1, 0, 0
37500, 16236, 1, 0, 0
38000, 2192, 1, 0, 0
38500, 2340, 1, 0, 0
39000, 2368, 1, 0, 0
39500, 2530, 1, 0, 0
40000, 2622, 1, 0, 0
40500, 2848, 1, 0, 0
41000, 2868, 1, 0, 0
41500, 3148, 1, 0, 0
42000, 3164, 1, 0, 0
42500, 3484, 1, 0, 0
43000, 3595, 1, 0, 0
43500, 3552, 1, 0, 0
44000, 3772, 1, 0, 0
44500, 3580, 1, 0, 0
45000, 3318, 1, 0, 0
45500, 3294, 1, 0, 0
46000, 3448, 1, 0, 0
46500, 3432, 1, 0, 0
47000, 3648, 1, 0, 0
47500, 3720, 1, 0, 0
48000, 3656, 1, 0, 0
48500, 3856, 1, 0, 0
49000, 3844, 1, 0, 0
49500, 3880, 1, 0, 0
50000, 3820, 1, 0, 0
50500, 4004, 1, 0, 0
51000, 4076, 1, 0, 0
51500, 4088, 1, 0, 0
52000, 4040, 1, 0, 0
52500, 4256, 1, 0, 0
53000, 4304, 1, 0, 0
53500, 4348, 1, 0, 0
54000, 4416, 1, 0, 0
54500, 4426, 1, 0, 0
55000, 4358, 1, 0, 0
55500, 4620, 1, 0, 0
56000, 4720, 1, 0, 0
56500, 4816, 1, 0, 0
57000, 4868, 1, 0, 0
57500, 4917, 1, 0, 0
58000, 5044, 1, 0, 0
58500, 5228, 1, 0, 0
59000, 5308, 1, 0, 0
59500, 5460, 1, 0, 0
60000, 5568, 1, 0, 0
