500, 2290688, 1, 0, 0
1000, 2286976, 1, 0, 0
1500, 2284633, 1, 0, 0
2000, 2286592, 1, 0, 0
2500, 2286848, 1, 0, 0
3000, 2286848, 1, 0, 0
3500, 2286976, 1, 0, 0
4000, 2286720, 1, 0, 0
4500, 2286592, 1, 0, 0
5000, 2286720, 1, 0, 0
5500, 2112640, 1, 0, 0
6000, 145408, 1, 0, 0
6500, 147200, 1, 0, 0
7000, 147968, 1, 0, 0
7500, 158208, 1, 0, 0
8000, 161024, 1, 0, 0
8500, 169856, 1, 0, 0
9000, 187520, 1, 0, 0
9500, 196352, 1, 0, 0
10000, 198656, 1, 0, 0
10500, 216576, 1, 0, 0
11000, 226176, 1, 0, 0
11500, 235136, 1, 0, 0
12000, 243174, 1, 0, 0
12500, 234496, 1, 0, 0
13000, 218112, 1, 0, 0
13500, 217088, 1, 0, 0
14000, 219776, 1, 0, 0
14500, 215680, 1, 0, 0
15000, 229376, 1, 0, 0
15500, 231936, 1, 0, 0
16000, 228096, 1, 0, 0
16500, 241920, 1, 0, 0
17000, 244480, 1, 0, 0
17500, 244224, 1, 0, 0
18000, 240384, 1, 0, 0
18500, 253952, 1, 0, 0
19000, 259584, 1, 0, 0
19500, 264960, 1, 0, 0
20000, 263168, 1, 0, 0
20500, 270848, 1, 0, 0
21000, 275456, 1, 0, 0
21500, 274688, 1, 0, 0
22000, 277504, 1, 0, 0
22500, 275238, 1, 0, 0
23000, 290304, 1, 0, 0
23500, 293120, 1, 0, 0
24000, 301568, 1, 0, 0
24500, 304896, 1, 0, 0
25000, 315392, 1, 0, 0
25500, 317952, 1, 0, 0
26000, 316160, 1, 0, 0
26500, 327168, 1, 0, 0
27000, 333056, 1, 0, 0
27500, 347136, 1, 0, 0
28000, 359936, 1, 0, 0
28500, 367360, 1, 0, 0
29000, 377088, 1, 0, 0
29500, 389120, 1, 0, 0
30000, 403968, 1, 0, 0
30500, 417024, 1, 0, 0
31000, 422912, 1, 0, 0
31500, 440320, 1, 0, 0
32000, 479935, 1, 0, 0
32500, 485120, 1, 0, 0
33000, 524288, 1, 0, 0
33500, 544384, 1, 0, 0
34000, 584064, 1, 0, 0
34500, 635008, 1, 0, 0
35000, 711296, 1, 0, 0
35500, 766720, 1, 0, 0
36000, 913920, 1, 0, 0
36500, 1148416, 1, 0, 0
37000, 1823488, 1, 0, 0
37500, 1039104, 1, 0, 0
38000, 140288, 1, 0, 0
38500, 149760, 1, 0, 0
39000, 151552, 1, 0, 0
39500, 161920, 1, 0, 0
40000, 167808, 1, 0, 0
40500, 182272, 1, 0, 0
41000, 183552, 1, 0, 0
41500, 201472, 1, 0, 0
42000, 202496, 1, 0, 0
42500, 222976, 1, 0, 0
43000, 230092, 1, 0, 0
43500, 227328, 1, 0, 0
44000, 241408, 1, 0, 0
44500, 229120, 1, 0, 0
45000, 212352, 1, 0, 0
45500, 210816, 1, 0, 0
46000, 220672, 1, 0, 0
46500, 219648, 1, 0, 0
47000, 233472, 1, 0, 0
47500, 238080, 1, 0, 0
48000, 233984, 1, 0, 0
48500, 246784, 1, 0, 0
49000, 246016, 1, 0, 0
49500, 248320, 1, 0, 0
50000, 244480, 1, 0, 0
50500, 256256, 1, 0, 0
51000, 260864, 1, 0, 0
51500, 261632, 1, 0, 0
52000, 258560, 1, 0, 0
52500, 272384, 1, 0, 0
53000, 275456, 1, 0, 0
53500, 278272, 1, 0, 0
54000, 282624, 1, 0, 0
54500, 283264, 1, 0, 0
55000, 278912, 1, 0, 0
55500, 295680, 1, 0, 0
56000, 302080, 1, 0, 0
56500, 308224, 1, 0, 0
57000, 311552, 1, 0, 0
57500, 314741, 1, 0, 0
58000, 322816, 1, 0, 0
58500, 334592, 1, 0, 0
59000, 339712, 1, 0, 0
59500, 349440, 1, 0, 0
60000, 356352, 1, 0, 0
