500, 447277, 1, 0, 0
1000, 447619, 1, 0, 0
1500, 447622, 1, 0, 0
2000, 447623, 1, 0, 0
2500, 447623, 1, 0, 0
3000, 447620, 1, 0, 0
3500, 447624, 1, 0, 0
4000, 447624, 1, 0, 0
4500, 447622, 1, 0, 0
5000, 447621, 1, 0, 0
5500, 448008, 1, 0, 0
6000, 447621, 1, 0, 0
6500, 447620, 1, 0, 0
7000, 447621, 1, 0, 0
7500, 447623, 1, 0, 0
8000, 447621, 1, 0, 0
8500, 447622, 1, 0, 0
9000, 447621, 1, 0, 0
9500, 447620, 1, 0, 0
10000, 447622, 1, 0, 0
10500, 447979, 1, 0, 0
11000, 447623, 1, 0, 0
11500, 447623, 1, 0, 0
12000, 447623, 1, 0, 0
12500, 447622, 1, 0, 0
13000, 447621, 1, 0, 0
13500, 447622, 1, 0, 0
14000, 447622, 1, 0, 0
14500, 447623, 1, 0, 0
15000, 447623, 1, 0, 0
15500, 447976, 1, 0, 0
16000, 447625, 1, 0, 0
16500, 447624, 1, 0, 0
17000, 447624, 1, 0, 0
17500, 447624, 1, 0, 0
18000, 447624, 1, 0, 0
18500, 447625, 1, 0, 0
19000, 447625, 1, 0, 0
19500, 447624, 1, 0, 0
20000, 447624, 1, 0, 0
20500, 447624, 1, 0, 0
21000, 448076, 1, 0, 0
21500, 447621, 1, 0, 0
22000, 447620, 1, 0, 0
22500, 447621, 1, 0, 0
23000, 447621, 1, 0, 0
23500, 447621, 1, 0, 0
24000, 447621, 1, 0, 0
24500, 447621, 1, 0, 0
25000, 447621, 1, 0, 0
25500, 447620, 1, 0, 0
26000, 448120, 1, 0, 0
26500, 447624, 1, 0, 0
27000, 447624, 1, 0, 0
27500, 447624, 1, 0, 0
28000, 447624, 1, 0, 0
28500, 447624, 1, 0, 0
29000, 447623, 1, 0, 0
29500, 447622, 1, 0, 0
30000, 447623, 1, 0, 0
30500, 447624, 1, 0, 0
31000, 448026, 1, 0, 0
31500, 447623, 1, 0, 0
32000, 447625, 1, 0, 0
32500, 447625, 1, 0, 0
33000, 447624, 1, 0, 0
33500, 447625, 1, 0, 0
34000, 447624, 1, 0, 0
34500, 447625, 1, 0, 0
35000, 447625, 1, 0, 0
35500, 447624, 1, 0, 0
36000, 447636, 1, 0, 0
36500, 448020, 1, 0, 0
37000, 447626, 1, 0, 0
37500, 447626, 1, 0, 0
38000, 447625, 1, 0, 0
38500, 447626, 1, 0, 0
39000, 447625, 1, 0, 0
39500, 447625, 1, 0, 0
40000, 447625, 1, 0, 0
40500, 447624, 1, 0, 0
41000, 447625, 1, 0, 0
41500, 448090, 1, 0, 0
42000, 447625, 1, 0, 0
42500, 447627, 1, 0, 0
43000, 447627, 1, 0, 0
43500, 447626, 1, 0, 0
44000, 447627, 1, 0, 0
44500, 447626, 1, 0, 0
45000, 447626, 1, 0, 0
45500, 447627, 1, 0, 0
46000, 447626, 1, 0, 0
46500, 448018, 1, 0, 0
47000, 447619, 1, 0, 0
47500, 447621, 1, 0, 0
48000, 447620, 1, 0, 0
48500, 447621, 1, 0, 0
49000, 447620, 1, 0, 0
49500, 447621, 1, 0, 0
50000, 447621, 1, 0, 0
50500, 447619, 1, 0, 0
51000, 447619, 1, 0, 0
51500, 448153, 1, 0, 0
52000, 447622, 1, 0, 0
52500, 447622, 1, 0, 0
53000, 447623, 1, 0, 0
53500, 447623, 1, 0, 0
54000, 447624, 1, 0, 0
54500, 447622, 1, 0, 0
55000, 447624, 1, 0, 0
55500, 447624, 1, 0, 0
56000, 447624, 1, 0, 0
56500, 447623, 1, 0, 0
57000, 447991, 1, 0, 0
57500, 447621, 1, 0, 0
58000, 447620, 1, 0, 0
58500, 447622, 1, 0, 0
59000, 447621, 1, 0, 0
59500, 447623, 1, 0, 0
60000, 447623, 1, 0, 0
60000, 654652, 1, 0, 0
