[83616.820438] KSC2026-MARK map4k_bs32k_r1 insmod 1791459379473949190
[83616.833816] NVMeVirt: Version 1.10 for >> Samsung 970 Pro SSD <<
[83616.833825] NVMeVirt: Storage: 0x300100000-0x600000000 (12287 MiB)
[83616.844285] NVMeVirt: Total Capacity(GiB,MiB)=3,3072 chs=2 luns=4 lines=384 blk-size(MiB,KiB)=2,2048 line-size(MiB,KiB)=8,8192
[83616.844290] NVMeVirt: KSC2026: mapping unit=4096 B, flash page=32768 B, oneshot page=32768 B, pgs_per_blk=512, blks_per_pl=384, write buffer=1048576 B
[83616.853831] NVMeVirt: [chmodel_init] bandwidth 800 max_credits 26 tx_time 152
[83616.860648] NVMeVirt: [chmodel_init] bandwidth 800 max_credits 26 tx_time 152
[83616.860659] NVMeVirt: [chmodel_init] bandwidth 3360 max_credits 110 tx_time 36
[83616.862070] NVMeVirt: pqueue: Copyright (c) 2014, Volkan Yazıcı <volkan.yazici@gmail.com>. All rights reserved.
[83616.862072] NVMeVirt: Init FTL instance with 2 channels (786432 pages)
[83616.868767] NVMeVirt: [chmodel_init] bandwidth 800 max_credits 26 tx_time 152
[83616.875527] NVMeVirt: [chmodel_init] bandwidth 800 max_credits 26 tx_time 152
[83616.875538] NVMeVirt: [chmodel_init] bandwidth 3360 max_credits 110 tx_time 36
[83616.876941] NVMeVirt: Init FTL instance with 2 channels (786432 pages)
[83616.883694] NVMeVirt: [chmodel_init] bandwidth 800 max_credits 26 tx_time 152
[83616.890440] NVMeVirt: [chmodel_init] bandwidth 800 max_credits 26 tx_time 152
[83616.890451] NVMeVirt: [chmodel_init] bandwidth 3360 max_credits 110 tx_time 36
[83616.891858] NVMeVirt: Init FTL instance with 2 channels (786432 pages)
[83616.898532] NVMeVirt: [chmodel_init] bandwidth 800 max_credits 26 tx_time 152
[83616.905251] NVMeVirt: [chmodel_init] bandwidth 800 max_credits 26 tx_time 152
[83616.905261] NVMeVirt: [chmodel_init] bandwidth 3360 max_credits 110 tx_time 36
[83616.906660] NVMeVirt: Init FTL instance with 2 channels (786432 pages)
[83616.906664] NVMeVirt: FTL physical space: 12883853312, logical space: 12040984403 (physical/logical * 100 = 107)
[83616.906665] NVMeVirt: KSC2026: WBUF_FIX=1 GC_STATS=1
[83616.906666] NVMeVirt: KSC2026: WBUF_MERGE=1 (one open mapping unit per partition merges writes smaller than 4096 B)
[83616.906666] NVMeVirt: ns 0/1: size 11483 MiB
[83616.906702] PCI host bridge to bus 0001:10
[83616.906703] pci_bus 0001:10: root bus resource [io  0x0000-0xffff]
[83616.906705] pci_bus 0001:10: root bus resource [mem 0x00000000-0x3fffffffffff]
[83616.906706] pci_bus 0001:10: root bus resource [bus 00-ff]
[83616.906712] pci 0001:10:00.0: [0c51:0110] type 00 class 0x010802 PCIe Endpoint
[83616.906714] pci 0001:10:00.0: BAR 0 [mem 0x300000000-0x300003fff 64bit]
[83616.906716] pci 0001:10:00.0: enabling Extended Tags
[83616.906829] NVMeVirt: Virtual PCI bus created (node 0)
[83616.907050] NVMeVirt: nvmev_io_worker_0 started on cpu 4 (node 0)
[83616.907210] NVMeVirt: nvmev_io_worker_1 started on cpu 5 (node 0)
[83616.907221] NVMeVirt: nvmev_dispatcher started on cpu 3 (node 0)
[83616.907311] nvme nvme1: pci function 0001:10:00.0
[83616.910922] nvme nvme1: 1/0/0 default/read/poll queues
[83616.912854] NVMeVirt: Virtual NVMe device created
[83622.949661] KSC2026-MARK map4k_bs32k_r1 fio-start 1791459385615675124
[83628.642902] NVMeVirt: KSC2026: first GC part=0 victim line=0 vpc=0 ipc=2048 free_lines=2 host_pgs=778240
[83628.642911] NVMeVirt: KSC2026: first GC part=1 victim line=0 vpc=0 ipc=2048 free_lines=2 host_pgs=778240
[83628.642917] NVMeVirt: KSC2026: first GC part=2 victim line=0 vpc=0 ipc=2048 free_lines=2 host_pgs=778240
[83628.642924] NVMeVirt: KSC2026: first GC part=3 victim line=0 vpc=0 ipc=2048 free_lines=2 host_pgs=778240
[83683.990508] KSC2026-MARK map4k_bs32k_r1 fio-end
[83683.995378] KSC2026-MARK map4k_bs32k_r1 rmmod 1791459446662381260
[83684.062808] pci_bus 0001:10: busn_res: [bus 10-ff] is released
[83684.062862] NVMeVirt: KSC2026: stats part=0 host_pgs=8574006 gc_pgs=0 gc_cnt=3807 free_lines=3
[83684.062863] NVMeVirt: KSC2026: stats part=1 host_pgs=8574006 gc_pgs=0 gc_cnt=3807 free_lines=3
[83684.062864] NVMeVirt: KSC2026: stats part=2 host_pgs=8574006 gc_pgs=0 gc_cnt=3807 free_lines=3
[83684.062864] NVMeVirt: KSC2026: stats part=3 host_pgs=8574006 gc_pgs=0 gc_cnt=3807 free_lines=3
[83684.062865] NVMeVirt: KSC2026: merge part=0 open=0 merge=0 full=0 evict=0 direct=8574006 still_open=0
[83684.062866] NVMeVirt: KSC2026: merge part=1 open=0 merge=0 full=0 evict=0 direct=8574006 still_open=0
[83684.062867] NVMeVirt: KSC2026: merge part=2 open=0 merge=0 full=0 evict=0 direct=8574006 still_open=0
[83684.062867] NVMeVirt: KSC2026: merge part=3 open=0 merge=0 full=0 evict=0 direct=8574006 still_open=0
[83684.130190] NVMeVirt: Virtual NVMe device closed
