500, 34150, 1, 0, 0
1000, 33994, 1, 0, 0
1500, 33908, 1, 0, 0
2000, 34102, 1, 0, 0
2500, 33862, 1, 0, 0
3000, 33805, 1, 0, 0
3500, 34032, 1, 0, 0
4000, 33940, 1, 0, 0
4500, 33680, 1, 0, 0
5000, 34150, 1, 0, 0
5500, 34234, 1, 0, 0
6000, 17244, 1, 0, 0
6500, 2330, 1, 0, 0
7000, 2366, 1, 0, 0
7500, 2290, 1, 0, 0
8000, 2526, 1, 0, 0
8500, 2702, 1, 0, 0
9000, 2762, 1, 0, 0
9500, 2744, 1, 0, 0
10000, 2960, 1, 0, 0
10500, 3102, 1, 0, 0
11000, 2980, 1, 0, 0
11500, 2498, 1, 0, 0
12000, 3136, 1, 0, 0
12500, 3368, 1, 0, 0
13000, 3266, 1, 0, 0
13500, 3502, 1, 0, 0
14000, 2898, 1, 0, 0
14500, 2824, 1, 0, 0
15000, 3126, 1, 0, 0
15500, 3006, 1, 0, 0
16000, 3336, 1, 0, 0
16500, 2806, 1, 0, 0
17000, 3524, 1, 0, 0
17500, 3412, 1, 0, 0
18000, 3606, 1, 0, 0
18500, 3426, 1, 0, 0
19000, 3304, 1, 0, 0
19500, 3368, 1, 0, 0
20000, 3640, 1, 0, 0
20500, 3444, 1, 0, 0
21000, 3632, 1, 0, 0
21500, 3314, 1, 0, 0
22000, 3594, 1, 0, 0
22500, 3976, 1, 0, 0
23000, 3462, 1, 0, 0
23500, 4172, 1, 0, 0
24000, 4306, 1, 0, 0
24500, 2996, 1, 0, 0
25000, 3724, 1, 0, 0
25500, 4394, 1, 0, 0
26000, 3882, 1, 0, 0
26500, 3952, 1, 0, 0
27000, 3412, 1, 0, 0
27500, 4106, 1, 0, 0
28000, 4248, 1, 0, 0
28500, 3946, 1, 0, 0
29000, 3750, 1, 0, 0
29500, 3868, 1, 0, 0
30000, 4780, 1, 0, 0
30500, 4512, 1, 0, 0
31000, 4158, 1, 0, 0
31500, 4506, 1, 0, 0
32000, 4374, 1, 0, 0
32500, 4710, 1, 0, 0
33000, 4074, 1, 0, 0
33500, 4028, 1, 0, 0
34000, 4372, 1, 0, 0
34500, 4042, 1, 0, 0
35000, 4968, 1, 0, 0
35500, 4814, 1, 0, 0
36000, 4610, 1, 0, 0
36500, 4368, 1, 0, 0
37000, 5862, 1, 0, 0
37500, 5710, 1, 0, 0
38000, 5368, 1, 0, 0
38500, 4844, 1, 0, 0
39000, 5960, 1, 0, 0
39500, 7706, 1, 0, 0
40000, 7938, 1, 0, 0
40500, 8138, 1, 0, 0
41000, 9406, 1, 0, 0
41500, 9202, 1, 0, 0
42000, 10222, 1, 0, 0
42500, 13890, 1, 0, 0
43000, 14534, 1, 0, 0
43500, 27336, 1, 0, 0
44000, 12582, 1, 0, 0
44500, 2236, 1, 0, 0
45000, 2290, 1, 0, 0
45500, 2308, 1, 0, 0
46000, 2476, 1, 0, 0
46500, 2654, 1, 0, 0
47000, 2582, 1, 0, 0
47500, 2640, 1, 0, 0
48000, 2694, 1, 0, 0
48500, 3136, 1, 0, 0
49000, 3080, 1, 0, 0
49500, 3392, 1, 0, 0
50000, 3270, 1, 0, 0
50500, 3178, 1, 0, 0
51000, 2982, 1, 0, 0
51500, 3552, 1, 0, 0
52000, 3204, 1, 0, 0
52500, 3044, 1, 0, 0
53000, 2948, 1, 0, 0
53500, 3244, 1, 0, 0
54000, 3424, 1, 0, 0
54500, 3238, 1, 0, 0
55000, 3276, 1, 0, 0
55500, 3472, 1, 0, 0
56000, 3322, 1, 0, 0
56500, 3663, 1, 0, 0
57000, 3408, 1, 0, 0
57500, 3408, 1, 0, 0
58000, 3360, 1, 0, 0
58500, 3384, 1, 0, 0
59000, 3710, 1, 0, 0
59500, 3242, 1, 0, 0
60000, 3702, 1, 0, 0
