500, 2631, 1, 0, 0
1000, 2626, 1, 0, 0
1500, 2650, 1, 0, 0
2000, 2652, 1, 0, 0
2500, 2653, 1, 0, 0
3000, 2647, 1, 0, 0
3500, 2642, 1, 0, 0
4000, 2609, 1, 0, 0
4500, 2627, 1, 0, 0
5000, 2646, 1, 0, 0
5500, 2614, 1, 0, 0
6005, 2641, 1, 0, 0
6510, 2637, 1, 0, 0
7014, 2661, 1, 0, 0
7501, 2641, 1, 0, 0
8004, 2642, 1, 0, 0
8510, 2639, 1, 0, 0
9016, 2658, 1, 0, 0
9501, 2621, 1, 0, 0
10007, 2609, 1, 0, 0
10512, 2607, 1, 0, 0
11007, 2618, 1, 0, 0
11505, 2667, 1, 0, 0
12001, 2606, 1, 0, 0
12500, 2587, 1, 0, 0
13011, 2592, 1, 0, 0
13514, 2648, 1, 0, 0
14003, 2632, 1, 0, 0
14509, 2645, 1, 0, 0
15007, 2625, 1, 0, 0
15500, 2611, 1, 0, 0
16000, 2631, 1, 0, 0
16500, 2652, 1, 0, 0
17000, 2638, 1, 0, 0
17501, 2646, 1, 0, 0
18001, 2646, 1, 0, 0
18514, 2653, 1, 0, 0
19006, 2605, 1, 0, 0
19513, 2628, 1, 0, 0
20009, 2632, 1, 0, 0
20500, 2622, 1, 0, 0
21009, 2624, 1, 0, 0
21511, 2622, 1, 0, 0
22000, 2619, 1, 0, 0
22511, 2636, 1, 0, 0
23000, 2642, 1, 0, 0
23513, 2606, 1, 0, 0
24013, 2631, 1, 0, 0
24502, 2674, 1, 0, 0
25002, 2640, 1, 0, 0
25514, 2643, 1, 0, 0
26000, 2643, 1, 0, 0
26500, 2639, 1, 0, 0
27002, 2597, 1, 0, 0
27500, 2604, 1, 0, 0
28000, 2660, 1, 0, 0
28507, 2602, 1, 0, 0
29009, 2593, 1, 0, 0
29500, 2602, 1, 0, 0
30003, 2639, 1, 0, 0
30500, 2641, 1, 0, 0
31000, 2621, 1, 0, 0
31504, 2612, 1, 0, 0
32003, 2624, 1, 0, 0
32508, 2641, 1, 0, 0
33009, 2636, 1, 0, 0
33511, 2640, 1, 0, 0
34000, 2650, 1, 0, 0
34505, 2641, 1, 0, 0
35000, 2612, 1, 0, 0
35502, 2607, 1, 0, 0
36009, 2588, 1, 0, 0
36504, 2615, 1, 0, 0
37007, 2645, 1, 0, 0
37503, 2642, 1, 0, 0
38004, 2638, 1, 0, 0
38504, 2627, 1, 0, 0
39000, 2615, 1, 0, 0
39503, 2654, 1, 0, 0
40003, 2648, 1, 0, 0
40500, 2626, 1, 0, 0
41000, 2632, 1, 0, 0
41500, 2639, 1, 0, 0
42000, 2637, 1, 0, 0
42500, 2617, 1, 0, 0
43001, 2592, 1, 0, 0
43500, 2600, 1, 0, 0
44006, 2601, 1, 0, 0
44511, 2650, 1, 0, 0
45000, 2648, 1, 0, 0
45507, 2640, 1, 0, 0
46012, 2591, 1, 0, 0
46515, 2588, 1, 0, 0
47000, 2589, 1, 0, 0
47500, 2580, 1, 0, 0
48014, 2582, 1, 0, 0
48500, 2580, 1, 0, 0
49014, 2586, 1, 0, 0
49500, 2607, 1, 0, 0
50000, 2631, 1, 0, 0
50509, 2646, 1, 0, 0
51000, 2633, 1, 0, 0
51503, 2637, 1, 0, 0
52000, 2635, 1, 0, 0
52511, 2627, 1, 0, 0
53004, 2617, 1, 0, 0
53500, 2627, 1, 0, 0
54000, 2624, 1, 0, 0
54500, 2671, 1, 0, 0
55009, 2641, 1, 0, 0
55508, 2603, 1, 0, 0
56001, 2620, 1, 0, 0
56515, 2606, 1, 0, 0
57006, 2596, 1, 0, 0
57512, 2611, 1, 0, 0
58000, 2616, 1, 0, 0
58503, 2578, 1, 0, 0
59000, 2632, 1, 0, 0
59500, 2617, 1, 0, 0
60009, 2629, 1, 0, 0
