500, 934828, 1, 0, 0
1000, 938553, 1, 0, 0
1500, 940161, 1, 0, 0
2000, 936373, 1, 0, 0
2500, 941964, 1, 0, 0
3000, 943863, 1, 0, 0
3500, 937452, 1, 0, 0
4000, 940007, 1, 0, 0
4500, 947486, 1, 0, 0
5000, 934190, 1, 0, 0
5500, 931732, 1, 0, 0
6005, 1809400, 1, 0, 0
6510, 13864970, 1, 0, 0
7014, 13649776, 1, 0, 0
7501, 13586423, 1, 0, 0
8004, 12743855, 1, 0, 0
8510, 11985510, 1, 0, 0
9016, 11723418, 1, 0, 0
9501, 11333183, 1, 0, 0
10007, 10920950, 1, 0, 0
10512, 10406115, 1, 0, 0
11007, 10643789, 1, 0, 0
11505, 12768761, 1, 0, 0
12001, 10104441, 1, 0, 0
12500, 9873480, 1, 0, 0
13011, 9617498, 1, 0, 0
13514, 9195504, 1, 0, 0
14003, 10783204, 1, 0, 0
14509, 11492651, 1, 0, 0
15007, 10165997, 1, 0, 0
15500, 11003856, 1, 0, 0
16000, 9465787, 1, 0, 0
16500, 11076652, 1, 0, 0
17000, 9112327, 1, 0, 0
17501, 9319260, 1, 0, 0
18001, 8877266, 1, 0, 0
18514, 9574140, 1, 0, 0
19006, 9525205, 1, 0, 0
19513, 9694762, 1, 0, 0
20009, 8685664, 1, 0, 0
20500, 9128022, 1, 0, 0
21009, 8957932, 1, 0, 0
21511, 9694470, 1, 0, 0
22000, 8720264, 1, 0, 0
22511, 8219426, 1, 0, 0
23000, 9146474, 1, 0, 0
23513, 7766233, 1, 0, 0
24013, 7437240, 1, 0, 0
24502, 10456104, 1, 0, 0
25002, 8582567, 1, 0, 0
25514, 7457323, 1, 0, 0
26000, 8308226, 1, 0, 0
26500, 8091458, 1, 0, 0
27002, 9080140, 1, 0, 0
27500, 7986240, 1, 0, 0
28000, 7555858, 1, 0, 0
28507, 7936642, 1, 0, 0
29009, 8593289, 1, 0, 0
29500, 8374442, 1, 0, 0
30003, 6524106, 1, 0, 0
30500, 7274808, 1, 0, 0
31000, 7701005, 1, 0, 0
31504, 6920111, 1, 0, 0
32003, 7307413, 1, 0, 0
32508, 6857575, 1, 0, 0
33009, 7877509, 1, 0, 0
33511, 7967957, 1, 0, 0
34000, 7424847, 1, 0, 0
34505, 7708946, 1, 0, 0
35000, 6430432, 1, 0, 0
35502, 6611955, 1, 0, 0
36009, 7037434, 1, 0, 0
36504, 7254727, 1, 0, 0
37007, 5497868, 1, 0, 0
37503, 5561975, 1, 0, 0
38004, 5968503, 1, 0, 0
38504, 6607157, 1, 0, 0
39000, 5355858, 1, 0, 0
39503, 4149175, 1, 0, 0
40003, 4038301, 1, 0, 0
40500, 3996895, 1, 0, 0
41000, 3395543, 1, 0, 0
41500, 3481422, 1, 0, 0
42000, 3112287, 1, 0, 0
42500, 2310643, 1, 0, 0
43001, 2185863, 1, 0, 0
43500, 1175443, 1, 0, 0
44006, 2480816, 1, 0, 0
44511, 14480531, 1, 0, 0
45000, 14207564, 1, 0, 0
45507, 13477673, 1, 0, 0
46012, 13074711, 1, 0, 0
46515, 12122104, 1, 0, 0
47000, 12022746, 1, 0, 0
47500, 12619111, 1, 0, 0
48014, 11732124, 1, 0, 0
48500, 9940718, 1, 0, 0
49014, 10658545, 1, 0, 0
49500, 9542984, 1, 0, 0
50000, 9700634, 1, 0, 0
50509, 9949029, 1, 0, 0
51000, 10882801, 1, 0, 0
51503, 8782588, 1, 0, 0
52000, 10235142, 1, 0, 0
52511, 10394687, 1, 0, 0
53004, 10705953, 1, 0, 0
53500, 9805200, 1, 0, 0
54000, 9742643, 1, 0, 0
54500, 9554859, 1, 0, 0
55009, 9810975, 1, 0, 0
55508, 9215342, 1, 0, 0
56001, 9488510, 1, 0, 0
56515, 9003687, 1, 0, 0
57006, 9231070, 1, 0, 0
57512, 9478038, 1, 0, 0
58000, 9604666, 1, 0, 0
58503, 9200076, 1, 0, 0
59000, 8857475, 1, 0, 0
59500, 9879582, 1, 0, 0
60008, 8476408, 1, 0, 0
60009, 18085669, 1, 0, 0
