500, 937459, 1, 0, 0
1000, 941178, 1, 0, 0
1500, 942811, 1, 0, 0
2000, 939025, 1, 0, 0
2500, 944617, 1, 0, 0
3000, 946511, 1, 0, 0
3500, 940094, 1, 0, 0
4000, 942616, 1, 0, 0
4500, 950113, 1, 0, 0
5000, 936836, 1, 0, 0
5500, 934346, 1, 0, 0
6005, 1812040, 1, 0, 0
6510, 13867605, 1, 0, 0
7014, 13652437, 1, 0, 0
7501, 13589065, 1, 0, 0
8004, 12746498, 1, 0, 0
8510, 11988150, 1, 0, 0
9016, 11726069, 1, 0, 0
9501, 11335811, 1, 0, 0
10007, 10923560, 1, 0, 0
10512, 10408720, 1, 0, 0
11007, 10646410, 1, 0, 0
11505, 12771422, 1, 0, 0
12001, 10107051, 1, 0, 0
12500, 9876064, 1, 0, 0
13011, 9620093, 1, 0, 0
13514, 9198153, 1, 0, 0
14003, 10785834, 1, 0, 0
14509, 11495294, 1, 0, 0
15007, 10168622, 1, 0, 0
15500, 11006467, 1, 0, 0
16000, 9468419, 1, 0, 0
16500, 11079303, 1, 0, 0
17000, 9114966, 1, 0, 0
17501, 9321909, 1, 0, 0
18001, 8879909, 1, 0, 0
18514, 9576791, 1, 0, 0
19006, 9527812, 1, 0, 0
19513, 9697391, 1, 0, 0
20009, 8688297, 1, 0, 0
20500, 9130643, 1, 0, 0
21009, 8960555, 1, 0, 0
21511, 9697094, 1, 0, 0
22000, 8722882, 1, 0, 0
22511, 8222062, 1, 0, 0
23000, 9149117, 1, 0, 0
23513, 7768838, 1, 0, 0
24013, 7439871, 1, 0, 0
24502, 10458777, 1, 0, 0
25002, 8585207, 1, 0, 0
25514, 7459966, 1, 0, 0
26000, 8310868, 1, 0, 0
26500, 8094098, 1, 0, 0
27002, 9082738, 1, 0, 0
27500, 7988846, 1, 0, 0
28000, 7558515, 1, 0, 0
28507, 7939247, 1, 0, 0
29009, 8595881, 1, 0, 0
29500, 8377044, 1, 0, 0
30003, 6526744, 1, 0, 0
30500, 7277449, 1, 0, 0
31000, 7703626, 1, 0, 0
31504, 6922724, 1, 0, 0
32003, 7310036, 1, 0, 0
32508, 6860217, 1, 0, 0
33009, 7880145, 1, 0, 0
33511, 7970597, 1, 0, 0
34000, 7427497, 1, 0, 0
34505, 7711591, 1, 0, 0
35000, 6433042, 1, 0, 0
35502, 6614563, 1, 0, 0
36009, 7040021, 1, 0, 0
36504, 7257342, 1, 0, 0
37007, 5500513, 1, 0, 0
37503, 5564617, 1, 0, 0
38004, 5971141, 1, 0, 0
38504, 6609785, 1, 0, 0
39000, 5358473, 1, 0, 0
39503, 4151828, 1, 0, 0
40003, 4040949, 1, 0, 0
40500, 3999520, 1, 0, 0
41000, 3398175, 1, 0, 0
41500, 3484061, 1, 0, 0
42000, 3114923, 1, 0, 0
42500, 2313261, 1, 0, 0
43001, 2188455, 1, 0, 0
43500, 1178044, 1, 0, 0
44006, 2483416, 1, 0, 0
44511, 14483176, 1, 0, 0
45000, 14210215, 1, 0, 0
45507, 13480312, 1, 0, 0
46012, 13077304, 1, 0, 0
46515, 12124694, 1, 0, 0
47000, 12025334, 1, 0, 0
47500, 12621691, 1, 0, 0
48014, 11734703, 1, 0, 0
48500, 9943299, 1, 0, 0
49014, 10661131, 1, 0, 0
49500, 9545590, 1, 0, 0
50000, 9703264, 1, 0, 0
50509, 9951675, 1, 0, 0
51000, 10885436, 1, 0, 0
51503, 8785222, 1, 0, 0
52000, 10237780, 1, 0, 0
52511, 10397315, 1, 0, 0
53004, 10708569, 1, 0, 0
53500, 9807827, 1, 0, 0
54000, 9745267, 1, 0, 0
54500, 9557532, 1, 0, 0
55009, 9813617, 1, 0, 0
55508, 9217943, 1, 0, 0
56001, 9491133, 1, 0, 0
56515, 9006291, 1, 0, 0
57006, 9233665, 1, 0, 0
57512, 9480647, 1, 0, 0
58000, 9607282, 1, 0, 0
58503, 9202656, 1, 0, 0
59000, 8860105, 1, 0, 0
59500, 9882200, 1, 0, 0
60008, 8479038, 1, 0, 0
60009, 18088249, 1, 0, 0
