500, 2185600, 1, 0, 0
1000, 2175744, 1, 0, 0
1500, 2170112, 1, 0, 0
2000, 2182528, 1, 0, 0
2500, 2167168, 1, 0, 0
3000, 2163559, 1, 0, 0
3500, 2178048, 1, 0, 0
4000, 2172160, 1, 0, 0
4500, 2155520, 1, 0, 0
5000, 2185600, 1, 0, 0
5500, 2190976, 1, 0, 0
6000, 1103616, 1, 0, 0
6500, 149120, 1, 0, 0
7000, 151424, 1, 0, 0
7500, 146560, 1, 0, 0
8000, 161664, 1, 0, 0
8500, 172928, 1, 0, 0
9000, 176768, 1, 0, 0
9500, 175616, 1, 0, 0
10000, 189440, 1, 0, 0
10500, 198528, 1, 0, 0
11000, 190720, 1, 0, 0
11500, 159872, 1, 0, 0
12000, 200704, 1, 0, 0
12500, 215552, 1, 0, 0
13000, 209024, 1, 0, 0
13500, 224128, 1, 0, 0
14000, 185472, 1, 0, 0
14500, 180736, 1, 0, 0
15000, 200064, 1, 0, 0
15500, 192384, 1, 0, 0
16000, 213504, 1, 0, 0
16500, 179584, 1, 0, 0
17000, 225536, 1, 0, 0
17500, 218368, 1, 0, 0
18000, 230784, 1, 0, 0
18500, 219264, 1, 0, 0
19000, 211456, 1, 0, 0
19500, 215599, 1, 0, 0
20000, 232960, 1, 0, 0
20500, 220416, 1, 0, 0
21000, 232448, 1, 0, 0
21500, 212096, 1, 0, 0
22000, 230016, 1, 0, 0
22500, 254464, 1, 0, 0
23000, 221568, 1, 0, 0
23500, 267008, 1, 0, 0
24000, 275584, 1, 0, 0
24500, 191744, 1, 0, 0
25000, 238336, 1, 0, 0
25500, 281216, 1, 0, 0
26000, 248448, 1, 0, 0
26500, 252928, 1, 0, 0
27000, 218368, 1, 0, 0
27500, 262784, 1, 0, 0
28000, 271872, 1, 0, 0
28500, 252544, 1, 0, 0
29000, 240000, 1, 0, 0
29500, 247552, 1, 0, 0
30000, 305920, 1, 0, 0
30500, 288768, 1, 0, 0
31000, 266112, 1, 0, 0
31500, 288384, 1, 0, 0
32000, 279936, 1, 0, 0
32500, 301440, 1, 0, 0
33000, 260736, 1, 0, 0
33500, 257792, 1, 0, 0
34000, 279808, 1, 0, 0
34500, 258688, 1, 0, 0
35000, 317952, 1, 0, 0
35500, 308096, 1, 0, 0
36000, 295040, 1, 0, 0
36500, 279599, 1, 0, 0
37000, 375168, 1, 0, 0
37500, 365440, 1, 0, 0
38000, 343552, 1, 0, 0
38500, 310016, 1, 0, 0
39000, 381440, 1, 0, 0
39500, 493184, 1, 0, 0
40000, 508032, 1, 0, 0
40500, 520704, 1, 0, 0
41000, 601984, 1, 0, 0
41500, 588928, 1, 0, 0
42000, 654208, 1, 0, 0
42500, 888960, 1, 0, 0
43000, 930176, 1, 0, 0
43500, 1749504, 1, 0, 0
44000, 805248, 1, 0, 0
44500, 143104, 1, 0, 0
45000, 146560, 1, 0, 0
45500, 147712, 1, 0, 0
46000, 158464, 1, 0, 0
46500, 169856, 1, 0, 0
47000, 165248, 1, 0, 0
47500, 168960, 1, 0, 0
48000, 172416, 1, 0, 0
48500, 200704, 1, 0, 0
49000, 197120, 1, 0, 0
49500, 217088, 1, 0, 0
50000, 209280, 1, 0, 0
50500, 203392, 1, 0, 0
51000, 190848, 1, 0, 0
51500, 227328, 1, 0, 0
52000, 205056, 1, 0, 0
52500, 194816, 1, 0, 0
53000, 188672, 1, 0, 0
53500, 207616, 1, 0, 0
54000, 219136, 1, 0, 0
54500, 207232, 1, 0, 0
55000, 209664, 1, 0, 0
55500, 222208, 1, 0, 0
56000, 212608, 1, 0, 0
56500, 234452, 1, 0, 0
57000, 218112, 1, 0, 0
57500, 218112, 1, 0, 0
58000, 215040, 1, 0, 0
58500, 216576, 1, 0, 0
59000, 237440, 1, 0, 0
59500, 207488, 1, 0, 0
60000, 236928, 1, 0, 0
