500, 956, 1, 0, 0
1000, 956, 1, 0, 0
1500, 956, 1, 0, 0
2000, 956, 1, 0, 0
2500, 948, 1, 0, 0
3000, 960, 1, 0, 0
3500, 957, 1, 0, 0
4000, 953, 1, 0, 0
4500, 957, 1, 0, 0
5000, 953, 1, 0, 0
5500, 956, 1, 0, 0
6000, 960, 1, 0, 0
6500, 980, 1, 0, 0
7000, 976, 1, 0, 0
7500, 981, 1, 0, 0
8001, 985, 1, 0, 0
8500, 978, 1, 0, 0
9000, 979, 1, 0, 0
9504, 978, 1, 0, 0
10003, 983, 1, 0, 0
10501, 980, 1, 0, 0
11000, 981, 1, 0, 0
11505, 979, 1, 0, 0
12000, 981, 1, 0, 0
12503, 981, 1, 0, 0
13000, 981, 1, 0, 0
13501, 979, 1, 0, 0
14000, 982, 1, 0, 0
14500, 982, 1, 0, 0
15000, 974, 1, 0, 0
15500, 982, 1, 0, 0
16000, 983, 1, 0, 0
16508, 991, 1, 0, 0
17008, 987, 1, 0, 0
17500, 990, 1, 0, 0
18000, 983, 1, 0, 0
18506, 988, 1, 0, 0
19000, 988, 1, 0, 0
19508, 986, 1, 0, 0
20006, 985, 1, 0, 0
20500, 995, 1, 0, 0
21006, 989, 1, 0, 0
21500, 987, 1, 0, 0
22000, 987, 1, 0, 0
22505, 989, 1, 0, 0
23000, 992, 1, 0, 0
23505, 1001, 1, 0, 0
24008, 990, 1, 0, 0
24500, 999, 1, 0, 0
25004, 995, 1, 0, 0
25500, 993, 1, 0, 0
26000, 996, 1, 0, 0
26509, 990, 1, 0, 0
27008, 988, 1, 0, 0
27500, 995, 1, 0, 0
28000, 991, 1, 0, 0
28509, 994, 1, 0, 0
29009, 992, 1, 0, 0
29503, 995, 1, 0, 0
30008, 990, 1, 0, 0
30502, 997, 1, 0, 0
31000, 1002, 1, 0, 0
31500, 1000, 1, 0, 0
32009, 995, 1, 0, 0
32500, 985, 1, 0, 0
33000, 996, 1, 0, 0
33509, 999, 1, 0, 0
34006, 1000, 1, 0, 0
34500, 998, 1, 0, 0
35000, 997, 1, 0, 0
35500, 994, 1, 0, 0
36012, 999, 1, 0, 0
36510, 994, 1, 0, 0
37000, 992, 1, 0, 0
37500, 1002, 1, 0, 0
38000, 999, 1, 0, 0
38505, 995, 1, 0, 0
39008, 995, 1, 0, 0
39503, 991, 1, 0, 0
40004, 996, 1, 0, 0
40500, 1003, 1, 0, 0
41000, 993, 1, 0, 0
41507, 992, 1, 0, 0
42000, 994, 1, 0, 0
42502, 985, 1, 0, 0
43005, 987, 1, 0, 0
43500, 988, 1, 0, 0
44003, 987, 1, 0, 0
44500, 992, 1, 0, 0
45003, 996, 1, 0, 0
45508, 991, 1, 0, 0
46000, 996, 1, 0, 0
46504, 989, 1, 0, 0
47000, 1000, 1, 0, 0
47501, 997, 1, 0, 0
48000, 996, 1, 0, 0
48511, 998, 1, 0, 0
49007, 996, 1, 0, 0
49505, 991, 1, 0, 0
50012, 991, 1, 0, 0
50511, 997, 1, 0, 0
51000, 994, 1, 0, 0
51501, 1000, 1, 0, 0
52003, 1005, 1, 0, 0
52509, 996, 1, 0, 0
53000, 997, 1, 0, 0
53500, 1000, 1, 0, 0
54003, 998, 1, 0, 0
54500, 995, 1, 0, 0
55000, 995, 1, 0, 0
55505, 989, 1, 0, 0
56007, 994, 1, 0, 0
56500, 985, 1, 0, 0
57011, 987, 1, 0, 0
57500, 986, 1, 0, 0
58007, 988, 1, 0, 0
58505, 997, 1, 0, 0
59007, 995, 1, 0, 0
59506, 987, 1, 0, 0
60003, 993, 1, 0, 0
