500, 480636, 1, 0, 0
1000, 478205, 1, 0, 0
1500, 479110, 1, 0, 0
2000, 480663, 1, 0, 0
2500, 482420, 1, 0, 0
3000, 482418, 1, 0, 0
3500, 478830, 1, 0, 0
4000, 477255, 1, 0, 0
4500, 478449, 1, 0, 0
5000, 481950, 1, 0, 0
5500, 480667, 1, 0, 0
6000, 594863, 1, 0, 0
6500, 1258712, 1, 0, 0
7000, 1242986, 1, 0, 0
7500, 1346373, 1, 0, 0
8001, 1445584, 1, 0, 0
8500, 1423603, 1, 0, 0
9000, 1472757, 1, 0, 0
9504, 1418534, 1, 0, 0
10003, 1517199, 1, 0, 0
10501, 1523436, 1, 0, 0
11000, 1587759, 1, 0, 0
11505, 1551161, 1, 0, 0
12000, 1573045, 1, 0, 0
12503, 1474715, 1, 0, 0
13000, 1608013, 1, 0, 0
13501, 1829528, 1, 0, 0
14000, 1735916, 1, 0, 0
14500, 1897309, 1, 0, 0
15000, 1726250, 1, 0, 0
15500, 1921951, 1, 0, 0
16000, 1922347, 1, 0, 0
16508, 2086419, 1, 0, 0
17008, 2096826, 1, 0, 0
17500, 2195599, 1, 0, 0
18000, 2081163, 1, 0, 0
18506, 2241014, 1, 0, 0
19000, 2265335, 1, 0, 0
19508, 2135890, 1, 0, 0
20006, 2086258, 1, 0, 0
20500, 2360290, 1, 0, 0
21006, 2173619, 1, 0, 0
21500, 2414541, 1, 0, 0
22000, 2405126, 1, 0, 0
22505, 2309895, 1, 0, 0
23000, 2402279, 1, 0, 0
23505, 2600805, 1, 0, 0
24008, 2353644, 1, 0, 0
24500, 2738791, 1, 0, 0
25004, 2672170, 1, 0, 0
25500, 2688507, 1, 0, 0
26000, 2719593, 1, 0, 0
26509, 2529741, 1, 0, 0
27008, 2636391, 1, 0, 0
27500, 2756852, 1, 0, 0
28000, 2626480, 1, 0, 0
28509, 2805733, 1, 0, 0
29009, 2692324, 1, 0, 0
29503, 2817386, 1, 0, 0
30008, 2817596, 1, 0, 0
30502, 2758946, 1, 0, 0
31000, 3126371, 1, 0, 0
31500, 3031071, 1, 0, 0
32009, 3112768, 1, 0, 0
32500, 3023404, 1, 0, 0
33000, 3121724, 1, 0, 0
33509, 3361835, 1, 0, 0
34006, 3039560, 1, 0, 0
34500, 3095050, 1, 0, 0
35000, 3132598, 1, 0, 0
35500, 3223770, 1, 0, 0
36012, 3273198, 1, 0, 0
36510, 3304736, 1, 0, 0
37000, 3387490, 1, 0, 0
37500, 3306211, 1, 0, 0
38000, 3364108, 1, 0, 0
38505, 3599732, 1, 0, 0
39008, 3429249, 1, 0, 0
39503, 3608082, 1, 0, 0
40004, 3457637, 1, 0, 0
40500, 3644422, 1, 0, 0
41000, 3670654, 1, 0, 0
41507, 3525350, 1, 0, 0
42000, 3472737, 1, 0, 0
42502, 3631127, 1, 0, 0
43005, 3354589, 1, 0, 0
43500, 3738217, 1, 0, 0
44003, 3341303, 1, 0, 0
44500, 3621341, 1, 0, 0
45003, 3638184, 1, 0, 0
45508, 3753883, 1, 0, 0
46000, 3484246, 1, 0, 0
46504, 4002040, 1, 0, 0
47000, 3584413, 1, 0, 0
47501, 3414665, 1, 0, 0
48000, 3842170, 1, 0, 0
48511, 3784734, 1, 0, 0
49007, 4079205, 1, 0, 0
49505, 4046334, 1, 0, 0
50012, 3709824, 1, 0, 0
50510, 4127912, 1, 0, 0
51000, 3833046, 1, 0, 0
51501, 3873779, 1, 0, 0
52003, 3935871, 1, 0, 0
52509, 4144887, 1, 0, 0
53000, 3977632, 1, 0, 0
53500, 4273568, 1, 0, 0
54003, 3970702, 1, 0, 0
54500, 3845876, 1, 0, 0
55000, 3988417, 1, 0, 0
55505, 3770605, 1, 0, 0
56007, 4350492, 1, 0, 0
56500, 4253396, 1, 0, 0
57011, 4056130, 1, 0, 0
57500, 3768887, 1, 0, 0
58007, 4142205, 1, 0, 0
58505, 4257858, 1, 0, 0
59007, 4126031, 1, 0, 0
59506, 4313083, 1, 0, 0
60002, 4389938, 1, 0, 0
60003, 14798174, 1, 0, 0
