500, 479679, 1, 0, 0
1000, 477249, 1, 0, 0
1500, 478153, 1, 0, 0
2000, 479707, 1, 0, 0
2500, 481472, 1, 0, 0
3000, 481458, 1, 0, 0
3500, 477873, 1, 0, 0
4000, 476302, 1, 0, 0
4500, 477492, 1, 0, 0
5000, 480997, 1, 0, 0
5500, 479710, 1, 0, 0
6000, 593903, 1, 0, 0
6500, 1257732, 1, 0, 0
7000, 1242010, 1, 0, 0
7500, 1345392, 1, 0, 0
8001, 1444599, 1, 0, 0
8500, 1422626, 1, 0, 0
9000, 1471777, 1, 0, 0
9504, 1417556, 1, 0, 0
10003, 1516216, 1, 0, 0
10501, 1522456, 1, 0, 0
11000, 1586779, 1, 0, 0
11505, 1550182, 1, 0, 0
12000, 1572063, 1, 0, 0
12503, 1473735, 1, 0, 0
13000, 1607032, 1, 0, 0
13501, 1828548, 1, 0, 0
14000, 1734934, 1, 0, 0
14500, 1896327, 1, 0, 0
15000, 1725276, 1, 0, 0
15500, 1920968, 1, 0, 0
16000, 1921363, 1, 0, 0
16508, 2085429, 1, 0, 0
17008, 2095840, 1, 0, 0
17500, 2194609, 1, 0, 0
18000, 2080180, 1, 0, 0
18506, 2240027, 1, 0, 0
19000, 2264347, 1, 0, 0
19508, 2134905, 1, 0, 0
20006, 2085273, 1, 0, 0
20500, 2359295, 1, 0, 0
21006, 2172630, 1, 0, 0
21500, 2413554, 1, 0, 0
22000, 2404139, 1, 0, 0
22505, 2308906, 1, 0, 0
23000, 2401287, 1, 0, 0
23505, 2599804, 1, 0, 0
24008, 2352655, 1, 0, 0
24500, 2737792, 1, 0, 0
25004, 2671176, 1, 0, 0
25500, 2687513, 1, 0, 0
26000, 2718597, 1, 0, 0
26509, 2528751, 1, 0, 0
27008, 2635403, 1, 0, 0
27500, 2755857, 1, 0, 0
28000, 2625489, 1, 0, 0
28509, 2804739, 1, 0, 0
29009, 2691332, 1, 0, 0
29503, 2816391, 1, 0, 0
30008, 2816605, 1, 0, 0
30502, 2757949, 1, 0, 0
31000, 3125369, 1, 0, 0
31500, 3030071, 1, 0, 0
32009, 3111773, 1, 0, 0
32500, 3022418, 1, 0, 0
33000, 3120728, 1, 0, 0
33509, 3360835, 1, 0, 0
34006, 3038560, 1, 0, 0
34500, 3094052, 1, 0, 0
35000, 3131601, 1, 0, 0
35500, 3222776, 1, 0, 0
36012, 3272199, 1, 0, 0
36510, 3303741, 1, 0, 0
37000, 3386498, 1, 0, 0
37500, 3305209, 1, 0, 0
38000, 3363109, 1, 0, 0
38505, 3598737, 1, 0, 0
39008, 3428254, 1, 0, 0
39503, 3607091, 1, 0, 0
40004, 3456641, 1, 0, 0
40500, 3643419, 1, 0, 0
41000, 3669661, 1, 0, 0
41507, 3524358, 1, 0, 0
42000, 3471743, 1, 0, 0
42502, 3630142, 1, 0, 0
43005, 3353602, 1, 0, 0
43500, 3737229, 1, 0, 0
44003, 3340316, 1, 0, 0
44500, 3620349, 1, 0, 0
45003, 3637187, 1, 0, 0
45508, 3752892, 1, 0, 0
46000, 3483250, 1, 0, 0
46504, 4001050, 1, 0, 0
47000, 3583413, 1, 0, 0
47501, 3413668, 1, 0, 0
48000, 3841174, 1, 0, 0
48511, 3783736, 1, 0, 0
49007, 4078209, 1, 0, 0
49505, 4045344, 1, 0, 0
50012, 3708833, 1, 0, 0
50510, 4126916, 1, 0, 0
51000, 3832051, 1, 0, 0
51501, 3872780, 1, 0, 0
52003, 3934865, 1, 0, 0
52509, 4143891, 1, 0, 0
53000, 3976636, 1, 0, 0
53500, 4272567, 1, 0, 0
54003, 3969705, 1, 0, 0
54500, 3844881, 1, 0, 0
55000, 3987421, 1, 0, 0
55505, 3769616, 1, 0, 0
56007, 4349498, 1, 0, 0
56500, 4252411, 1, 0, 0
57011, 4055143, 1, 0, 0
57500, 3767901, 1, 0, 0
58007, 4141217, 1, 0, 0
58505, 4256861, 1, 0, 0
59007, 4125035, 1, 0, 0
59506, 4312097, 1, 0, 0
60002, 4388945, 1, 0, 0
60003, 14797168, 1, 0, 0
