500, 266240, 1, 0, 0
1000, 267576, 1, 0, 0
1500, 267104, 1, 0, 0
2000, 266112, 1, 0, 0
2500, 265304, 1, 0, 0
3000, 265224, 1, 0, 0
3500, 267216, 1, 0, 0
4000, 268080, 1, 0, 0
4500, 267416, 1, 0, 0
5000, 265488, 1, 0, 0
5500, 266232, 1, 0, 0
6000, 214896, 1, 0, 0
6500, 101464, 1, 0, 0
7000, 103296, 1, 0, 0
7500, 94544, 1, 0, 0
8000, 88360, 1, 0, 0
8500, 89992, 1, 0, 0
9000, 87536, 1, 0, 0
9500, 89504, 1, 0, 0
10000, 84272, 1, 0, 0
10500, 83872, 1, 0, 0
11000, 80280, 1, 0, 0
11500, 83304, 1, 0, 0
12000, 81536, 1, 0, 0
12500, 86048, 1, 0, 0
13000, 80264, 1, 0, 0
13500, 69184, 1, 0, 0
14000, 74520, 1, 0, 0
14500, 66568, 1, 0, 0
15000, 74976, 1, 0, 0
15500, 66784, 1, 0, 0
16000, 66648, 1, 0, 0
16500, 61000, 1, 0, 0
17000, 61168, 1, 0, 0
17500, 58552, 1, 0, 0
18000, 61480, 1, 0, 0
18500, 56816, 1, 0, 0
19000, 56680, 1, 0, 0
19500, 59696, 1, 0, 0
20000, 61184, 1, 0, 0
20500, 53576, 1, 0, 0
21000, 59552, 1, 0, 0
21500, 53304, 1, 0, 0
22000, 53496, 1, 0, 0
22500, 54880, 1, 0, 0
23000, 53480, 1, 0, 0
23500, 48792, 1, 0, 0
24000, 54632, 1, 0, 0
24500, 47168, 1, 0, 0
25000, 47072, 1, 0, 0
25500, 47600, 1, 0, 0
26000, 47648, 1, 0, 0
26500, 50528, 1, 0, 0
27001, 48416, 1, 0, 0
27500, 46733, 1, 0, 0
28000, 48120, 1, 0, 0
28500, 46000, 1, 0, 0
29000, 47440, 1, 0, 0
29500, 45024, 1, 0, 0
30000, 45848, 1, 0, 0
30500, 45960, 1, 0, 0
31000, 41608, 1, 0, 0
31500, 41152, 1, 0, 0
32000, 41944, 1, 0, 0
32500, 42616, 1, 0, 0
33000, 40000, 1, 0, 0
33500, 38712, 1, 0, 0
34000, 41832, 1, 0, 0
34500, 41872, 1, 0, 0
35000, 41008, 1, 0, 0
35500, 39576, 1, 0, 0
36000, 39008, 1, 0, 0
36500, 38608, 1, 0, 0
37000, 38056, 1, 0, 0
37500, 38512, 1, 0, 0
38000, 37544, 1, 0, 0
38500, 35768, 1, 0, 0
39000, 37480, 1, 0, 0
39500, 35056, 1, 0, 0
40000, 37080, 1, 0, 0
40500, 34840, 1, 0, 0
41000, 34848, 1, 0, 0
41500, 36848, 1, 0, 0
42000, 36784, 1, 0, 0
42500, 34936, 1, 0, 0
43000, 38464, 1, 0, 0
43500, 34128, 1, 0, 0
44000, 38128, 1, 0, 0
44500, 35536, 1, 0, 0
45000, 35008, 1, 0, 0
45500, 34424, 1, 0, 0
46000, 37098, 1, 0, 0
46500, 31464, 1, 0, 0
47000, 36320, 1, 0, 0
47500, 36768, 1, 0, 0
48000, 33952, 1, 0, 0
48500, 33728, 1, 0, 0
49000, 31184, 1, 0, 0
49500, 31400, 1, 0, 0
50000, 35016, 1, 0, 0
50500, 30968, 1, 0, 0
51000, 33000, 1, 0, 0
51500, 32800, 1, 0, 0
52000, 32560, 1, 0, 0
52500, 31240, 1, 0, 0
53000, 32472, 1, 0, 0
53500, 29992, 1, 0, 0
54000, 31496, 1, 0, 0
54500, 33120, 1, 0, 0
55000, 32360, 1, 0, 0
55500, 34032, 1, 0, 0
56000, 29520, 1, 0, 0
56500, 30560, 1, 0, 0
57000, 31280, 1, 0, 0
57500, 34272, 1, 0, 0
58000, 30392, 1, 0, 0
58500, 30000, 1, 0, 0
59000, 31048, 1, 0, 0
59500, 29632, 1, 0, 0
60000, 28968, 1, 0, 0
