[70523.598588] KSC2026-MARK map32k_bs4k_r3 insmod 1791446286106978767
[70523.619632] NVMeVirt: Version 1.10 for >> Samsung 970 Pro SSD <<
[70523.619651] NVMeVirt: Storage: 0x300100000-0x600000000 (12287 MiB)
[70523.633074] NVMeVirt: Total Capacity(GiB,MiB)=3,3072 chs=2 luns=4 lines=384 blk-size(MiB,KiB)=2,2048 line-size(MiB,KiB)=8,8192
[70523.633079] NVMeVirt: KSC2026: mapping unit=32768 B, flash page=32768 B, oneshot page=32768 B, pgs_per_blk=64, blks_per_pl=384, write buffer=1048576 B
[70523.638018] NVMeVirt: [chmodel_init] bandwidth 800 max_credits 26 tx_time 152
[70523.641230] NVMeVirt: [chmodel_init] bandwidth 800 max_credits 26 tx_time 152
[70523.641241] NVMeVirt: [chmodel_init] bandwidth 3360 max_credits 110 tx_time 36
[70523.641409] NVMeVirt: pqueue: Copyright (c) 2014, Volkan Yazıcı <volkan.yazici@gmail.com>. All rights reserved.
[70523.641410] NVMeVirt: Init FTL instance with 2 channels (98304 pages)
[70523.644586] NVMeVirt: [chmodel_init] bandwidth 800 max_credits 26 tx_time 152
[70523.647680] NVMeVirt: [chmodel_init] bandwidth 800 max_credits 26 tx_time 152
[70523.647692] NVMeVirt: [chmodel_init] bandwidth 3360 max_credits 110 tx_time 36
[70523.647892] NVMeVirt: Init FTL instance with 2 channels (98304 pages)
[70523.651000] NVMeVirt: [chmodel_init] bandwidth 800 max_credits 26 tx_time 152
[70523.654126] NVMeVirt: [chmodel_init] bandwidth 800 max_credits 26 tx_time 152
[70523.654137] NVMeVirt: [chmodel_init] bandwidth 3360 max_credits 110 tx_time 36
[70523.654305] NVMeVirt: Init FTL instance with 2 channels (98304 pages)
[70523.657415] NVMeVirt: [chmodel_init] bandwidth 800 max_credits 26 tx_time 152
[70523.660498] NVMeVirt: [chmodel_init] bandwidth 800 max_credits 26 tx_time 152
[70523.660509] NVMeVirt: [chmodel_init] bandwidth 3360 max_credits 110 tx_time 36
[70523.660678] NVMeVirt: Init FTL instance with 2 channels (98304 pages)
[70523.660680] NVMeVirt: FTL physical space: 12883853312, logical space: 12040984403 (physical/logical * 100 = 107)
[70523.660681] NVMeVirt: KSC2026: WBUF_FIX=1 GC_STATS=1
[70523.660682] NVMeVirt: ns 0/1: size 11483 MiB
[70523.660712] PCI host bridge to bus 0001:10
[70523.660713] pci_bus 0001:10: root bus resource [io  0x0000-0xffff]
[70523.660715] pci_bus 0001:10: root bus resource [mem 0x00000000-0x3fffffffffff]
[70523.660716] pci_bus 0001:10: root bus resource [bus 00-ff]
[70523.660721] pci 0001:10:00.0: [0c51:0110] type 00 class 0x010802 PCIe Endpoint
[70523.660724] pci 0001:10:00.0: BAR 0 [mem 0x300000000-0x300003fff 64bit]
[70523.660725] pci 0001:10:00.0: enabling Extended Tags
[70523.660822] NVMeVirt: Virtual PCI bus created (node 0)
[70523.661020] NVMeVirt: nvmev_io_worker_0 started on cpu 4 (node 0)
[70523.661195] NVMeVirt: nvmev_io_worker_1 started on cpu 5 (node 0)
[70523.661209] NVMeVirt: nvmev_dispatcher started on cpu 3 (node 0)
[70523.661283] nvme nvme1: pci function 0001:10:00.0
[70523.664994] nvme nvme1: 1/0/0 default/read/poll queues
[70523.666949] NVMeVirt: Virtual NVMe device created
[70524.706706] tee (73627): drop_caches: 3
[70529.747235] KSC2026-MARK map32k_bs4k_r3 fio-start 1791446292264020922
[70535.841353] NVMeVirt: KSC2026: first GC part=0 victim line=6 vpc=79 ipc=177 free_lines=2 host_pgs=97280
[70535.878344] NVMeVirt: KSC2026: first GC part=1 victim line=34 vpc=77 ipc=179 free_lines=2 host_pgs=97280
[70535.901326] NVMeVirt: KSC2026: first GC part=2 victim line=26 vpc=82 ipc=174 free_lines=2 host_pgs=97280
[70535.923712] NVMeVirt: KSC2026: first GC part=3 victim line=29 vpc=80 ipc=176 free_lines=2 host_pgs=97280
[70590.780123] KSC2026-MARK map32k_bs4k_r3 fio-end
[70590.784104] KSC2026-MARK map32k_bs4k_r3 rmmod 1791446353307254163
[70590.852727] pci_bus 0001:10: busn_res: [bus 10-ff] is released
[70590.852801] NVMeVirt: KSC2026: stats part=0 host_pgs=262880 gc_pgs=297330 gc_cnt=1807 free_lines=2
[70590.852802] NVMeVirt: KSC2026: stats part=1 host_pgs=262942 gc_pgs=302618 gc_cnt=1828 free_lines=1
[70590.852803] NVMeVirt: KSC2026: stats part=2 host_pgs=262387 gc_pgs=298836 gc_cnt=1811 free_lines=2
[70590.852804] NVMeVirt: KSC2026: stats part=3 host_pgs=261745 gc_pgs=293812 gc_cnt=1789 free_lines=2
[70590.873557] NVMeVirt: Virtual NVMe device closed
