500, 266160, 1, 0, 0
1000, 267648, 1, 0, 0
1500, 267016, 1, 0, 0
2000, 266208, 1, 0, 0
2500, 265264, 1, 0, 0
3000, 265232, 1, 0, 0
3500, 267168, 1, 0, 0
4000, 268160, 1, 0, 0
4500, 267272, 1, 0, 0
5000, 265528, 1, 0, 0
5500, 266224, 1, 0, 0
6000, 214760, 1, 0, 0
6500, 101728, 1, 0, 0
7000, 104496, 1, 0, 0
7500, 94576, 1, 0, 0
8000, 88184, 1, 0, 0
8500, 90936, 1, 0, 0
9000, 84720, 1, 0, 0
9500, 87984, 1, 0, 0
10000, 84872, 1, 0, 0
10500, 85408, 1, 0, 0
11000, 79512, 1, 0, 0
11500, 81992, 1, 0, 0
12000, 82184, 1, 0, 0
12500, 83752, 1, 0, 0
13000, 83272, 1, 0, 0
13500, 68873, 1, 0, 0
14000, 74768, 1, 0, 0
14500, 66888, 1, 0, 0
15000, 75496, 1, 0, 0
15500, 65984, 1, 0, 0
16000, 64800, 1, 0, 0
16500, 65224, 1, 0, 0
17000, 63144, 1, 0, 0
17500, 56568, 1, 0, 0
18000, 59552, 1, 0, 0
18500, 59920, 1, 0, 0
19000, 57688, 1, 0, 0
19500, 55872, 1, 0, 0
20000, 60952, 1, 0, 0
20500, 56872, 1, 0, 0
21000, 52680, 1, 0, 0
21500, 52616, 1, 0, 0
22000, 54432, 1, 0, 0
22500, 50712, 1, 0, 0
23000, 53112, 1, 0, 0
23500, 51416, 1, 0, 0
24000, 54208, 1, 0, 0
24500, 50136, 1, 0, 0
25000, 46832, 1, 0, 0
25500, 48512, 1, 0, 0
26000, 49800, 1, 0, 0
26500, 46856, 1, 0, 0
27000, 49688, 1, 0, 0
27500, 45696, 1, 0, 0
28000, 46776, 1, 0, 0
28500, 44728, 1, 0, 0
29000, 44512, 1, 0, 0
29500, 43344, 1, 0, 0
30000, 45152, 1, 0, 0
30500, 43976, 1, 0, 0
31000, 42024, 1, 0, 0
31500, 42336, 1, 0, 0
32000, 41763, 1, 0, 0
32500, 42008, 1, 0, 0
33000, 40928, 1, 0, 0
33500, 40688, 1, 0, 0
34000, 39696, 1, 0, 0
34500, 39400, 1, 0, 0
35000, 41000, 1, 0, 0
35500, 37552, 1, 0, 0
36000, 39224, 1, 0, 0
36500, 39000, 1, 0, 0
37000, 38672, 1, 0, 0
37500, 38160, 1, 0, 0
38000, 37512, 1, 0, 0
38500, 37800, 1, 0, 0
39000, 38272, 1, 0, 0
39500, 37464, 1, 0, 0
40000, 34376, 1, 0, 0
40500, 35288, 1, 0, 0
41000, 35184, 1, 0, 0
41500, 36104, 1, 0, 0
42000, 36040, 1, 0, 0
42500, 35552, 1, 0, 0
43000, 33672, 1, 0, 0
43500, 36280, 1, 0, 0
44000, 35200, 1, 0, 0
44500, 32696, 1, 0, 0
45000, 35144, 1, 0, 0
45500, 37744, 1, 0, 0
46000, 34992, 1, 0, 0
46500, 33160, 1, 0, 0
47000, 33776, 1, 0, 0
47500, 36408, 1, 0, 0
48000, 32632, 1, 0, 0
48500, 36760, 1, 0, 0
49000, 32064, 1, 0, 0
49500, 32696, 1, 0, 0
50000, 34120, 1, 0, 0
50500, 32920, 1, 0, 0
51000, 33955, 1, 0, 0
51500, 31952, 1, 0, 0
52000, 31488, 1, 0, 0
52500, 32744, 1, 0, 0
53000, 29608, 1, 0, 0
53500, 33200, 1, 0, 0
54000, 33264, 1, 0, 0
54500, 31648, 1, 0, 0
55000, 34584, 1, 0, 0
55500, 32480, 1, 0, 0
56000, 34280, 1, 0, 0
56500, 30944, 1, 0, 0
57000, 34704, 1, 0, 0
57500, 32720, 1, 0, 0
58000, 31360, 1, 0, 0
58500, 29928, 1, 0, 0
59000, 31264, 1, 0, 0
59500, 31416, 1, 0, 0
60000, 32912, 1, 0, 0
