500, 949, 1, 0, 0
1000, 955, 1, 0, 0
1500, 958, 1, 0, 0
2000, 958, 1, 0, 0
2500, 944, 1, 0, 0
3000, 951, 1, 0, 0
3500, 950, 1, 0, 0
4000, 948, 1, 0, 0
4500, 947, 1, 0, 0
5000, 952, 1, 0, 0
5500, 953, 1, 0, 0
6000, 957, 1, 0, 0
6502, 974, 1, 0, 0
7005, 973, 1, 0, 0
7500, 972, 1, 0, 0
8000, 973, 1, 0, 0
8500, 973, 1, 0, 0
9000, 974, 1, 0, 0
9500, 969, 1, 0, 0
10001, 972, 1, 0, 0
10500, 969, 1, 0, 0
11001, 976, 1, 0, 0
11500, 971, 1, 0, 0
12000, 972, 1, 0, 0
12500, 967, 1, 0, 0
13000, 970, 1, 0, 0
13500, 973, 1, 0, 0
14000, 972, 1, 0, 0
14500, 973, 1, 0, 0
15000, 971, 1, 0, 0
15505, 977, 1, 0, 0
16000, 974, 1, 0, 0
16500, 977, 1, 0, 0
17003, 976, 1, 0, 0
17500, 978, 1, 0, 0
18000, 973, 1, 0, 0
18500, 978, 1, 0, 0
19006, 987, 1, 0, 0
19501, 980, 1, 0, 0
20005, 974, 1, 0, 0
20500, 980, 1, 0, 0
21003, 977, 1, 0, 0
21501, 972, 1, 0, 0
22000, 976, 1, 0, 0
22501, 973, 1, 0, 0
23005, 971, 1, 0, 0
23508, 971, 1, 0, 0
24000, 971, 1, 0, 0
24500, 973, 1, 0, 0
25003, 971, 1, 0, 0
25500, 979, 1, 0, 0
26007, 973, 1, 0, 0
26505, 968, 1, 0, 0
27005, 971, 1, 0, 0
27500, 974, 1, 0, 0
28000, 971, 1, 0, 0
28502, 983, 1, 0, 0
29000, 984, 1, 0, 0
29500, 983, 1, 0, 0
30011, 989, 1, 0, 0
30508, 976, 1, 0, 0
31004, 978, 1, 0, 0
31500, 977, 1, 0, 0
32000, 981, 1, 0, 0
32502, 986, 1, 0, 0
33000, 974, 1, 0, 0
33505, 976, 1, 0, 0
34000, 979, 1, 0, 0
34503, 979, 1, 0, 0
35000, 984, 1, 0, 0
35502, 991, 1, 0, 0
36010, 990, 1, 0, 0
36500, 995, 1, 0, 0
37000, 988, 1, 0, 0
37500, 990, 1, 0, 0
38000, 977, 1, 0, 0
38500, 976, 1, 0, 0
39001, 984, 1, 0, 0
39511, 976, 1, 0, 0
40009, 973, 1, 0, 0
40501, 991, 1, 0, 0
41004, 982, 1, 0, 0
41508, 981, 1, 0, 0
42000, 996, 1, 0, 0
42501, 993, 1, 0, 0
43001, 992, 1, 0, 0
43511, 993, 1, 0, 0
44009, 992, 1, 0, 0
44511, 992, 1, 0, 0
45006, 993, 1, 0, 0
45500, 986, 1, 0, 0
46000, 989, 1, 0, 0
46500, 995, 1, 0, 0
47006, 990, 1, 0, 0
47500, 988, 1, 0, 0
48000, 991, 1, 0, 0
48500, 992, 1, 0, 0
49000, 996, 1, 0, 0
49500, 992, 1, 0, 0
50009, 993, 1, 0, 0
50500, 996, 1, 0, 0
51000, 991, 1, 0, 0
51503, 985, 1, 0, 0
52005, 983, 1, 0, 0
52500, 992, 1, 0, 0
53001, 996, 1, 0, 0
53500, 986, 1, 0, 0
54004, 989, 1, 0, 0
54512, 979, 1, 0, 0
55001, 977, 1, 0, 0
55500, 975, 1, 0, 0
56005, 978, 1, 0, 0
56502, 979, 1, 0, 0
57008, 976, 1, 0, 0
57509, 977, 1, 0, 0
58000, 977, 1, 0, 0
58512, 984, 1, 0, 0
59011, 982, 1, 0, 0
59511, 978, 1, 0, 0
60015, 977, 1, 0, 0
