500, 66542, 1, 0, 0
1000, 66910, 1, 0, 0
1500, 66754, 1, 0, 0
2000, 66552, 1, 0, 0
2500, 66316, 1, 0, 0
3000, 66308, 1, 0, 0
3500, 66792, 1, 0, 0
4000, 67040, 1, 0, 0
4500, 66818, 1, 0, 0
5000, 66382, 1, 0, 0
5500, 66556, 1, 0, 0
6000, 53690, 1, 0, 0
6500, 25432, 1, 0, 0
7000, 26124, 1, 0, 0
7500, 23644, 1, 0, 0
8000, 22046, 1, 0, 0
8500, 22734, 1, 0, 0
9000, 21180, 1, 0, 0
9500, 21996, 1, 0, 0
10000, 21218, 1, 0, 0
10500, 21352, 1, 0, 0
11000, 19878, 1, 0, 0
11500, 20498, 1, 0, 0
12000, 20546, 1, 0, 0
12500, 20938, 1, 0, 0
13000, 20818, 1, 0, 0
13500, 17218, 1, 0, 0
14000, 18692, 1, 0, 0
14500, 16722, 1, 0, 0
15000, 18874, 1, 0, 0
15500, 16496, 1, 0, 0
16000, 16200, 1, 0, 0
16500, 16306, 1, 0, 0
17000, 15786, 1, 0, 0
17500, 14142, 1, 0, 0
18000, 14888, 1, 0, 0
18500, 14980, 1, 0, 0
19000, 14422, 1, 0, 0
19500, 13968, 1, 0, 0
20000, 15238, 1, 0, 0
20500, 14218, 1, 0, 0
21000, 13170, 1, 0, 0
21500, 13154, 1, 0, 0
22000, 13608, 1, 0, 0
22500, 12678, 1, 0, 0
23000, 13278, 1, 0, 0
23500, 12854, 1, 0, 0
24000, 13552, 1, 0, 0
24500, 12534, 1, 0, 0
25000, 11708, 1, 0, 0
25500, 12128, 1, 0, 0
26000, 12450, 1, 0, 0
26500, 11714, 1, 0, 0
27000, 12422, 1, 0, 0
27500, 11424, 1, 0, 0
28000, 11694, 1, 0, 0
28500, 11182, 1, 0, 0
29000, 11128, 1, 0, 0
29500, 10836, 1, 0, 0
30000, 11288, 1, 0, 0
30500, 10994, 1, 0, 0
31000, 10506, 1, 0, 0
31500, 10584, 1, 0, 0
32000, 10440, 1, 0, 0
32500, 10502, 1, 0, 0
33000, 10232, 1, 0, 0
33500, 10172, 1, 0, 0
34000, 9924, 1, 0, 0
34500, 9850, 1, 0, 0
35000, 10250, 1, 0, 0
35500, 9388, 1, 0, 0
36000, 9806, 1, 0, 0
36500, 9750, 1, 0, 0
37000, 9668, 1, 0, 0
37500, 9540, 1, 0, 0
38000, 9378, 1, 0, 0
38500, 9450, 1, 0, 0
39000, 9568, 1, 0, 0
39500, 9366, 1, 0, 0
40000, 8594, 1, 0, 0
40500, 8822, 1, 0, 0
41000, 8796, 1, 0, 0
41500, 9026, 1, 0, 0
42000, 9010, 1, 0, 0
42500, 8888, 1, 0, 0
43000, 8418, 1, 0, 0
43500, 9070, 1, 0, 0
44000, 8800, 1, 0, 0
44500, 8174, 1, 0, 0
45000, 8786, 1, 0, 0
45500, 9436, 1, 0, 0
46000, 8748, 1, 0, 0
46500, 8290, 1, 0, 0
47000, 8444, 1, 0, 0
47500, 9102, 1, 0, 0
48000, 8158, 1, 0, 0
48500, 9190, 1, 0, 0
49000, 8016, 1, 0, 0
49500, 8174, 1, 0, 0
50000, 8530, 1, 0, 0
50500, 8230, 1, 0, 0
51000, 8488, 1, 0, 0
51500, 7988, 1, 0, 0
52000, 7872, 1, 0, 0
52500, 8186, 1, 0, 0
53000, 7402, 1, 0, 0
53500, 8300, 1, 0, 0
54000, 8314, 1, 0, 0
54500, 7912, 1, 0, 0
55000, 8646, 1, 0, 0
55500, 8120, 1, 0, 0
56000, 8570, 1, 0, 0
56500, 7736, 1, 0, 0
57000, 8676, 1, 0, 0
57500, 8180, 1, 0, 0
58000, 7840, 1, 0, 0
58500, 7482, 1, 0, 0
59000, 7816, 1, 0, 0
59500, 7854, 1, 0, 0
60000, 8228, 1, 0, 0
