500, 479660, 1, 0, 0
1000, 477119, 1, 0, 0
1500, 478224, 1, 0, 0
2000, 479670, 1, 0, 0
2500, 481402, 1, 0, 0
3000, 481495, 1, 0, 0
3500, 477915, 1, 0, 0
4000, 476277, 1, 0, 0
4500, 477683, 1, 0, 0
5000, 480876, 1, 0, 0
5500, 479700, 1, 0, 0
6000, 594749, 1, 0, 0
6502, 1248629, 1, 0, 0
7005, 1225820, 1, 0, 0
7500, 1359755, 1, 0, 0
8000, 1447028, 1, 0, 0
8500, 1410741, 1, 0, 0
9000, 1505356, 1, 0, 0
9500, 1441066, 1, 0, 0
10001, 1505720, 1, 0, 0
10500, 1511564, 1, 0, 0
11001, 1590203, 1, 0, 0
11500, 1559868, 1, 0, 0
12000, 1581547, 1, 0, 0
12500, 1519366, 1, 0, 0
13000, 1536414, 1, 0, 0
13500, 1834745, 1, 0, 0
14000, 1730863, 1, 0, 0
14500, 1913610, 1, 0, 0
15000, 1671001, 1, 0, 0
15505, 1957533, 1, 0, 0
16000, 1951640, 1, 0, 0
16500, 1957085, 1, 0, 0
17003, 2048278, 1, 0, 0
17500, 2277184, 1, 0, 0
18000, 2146388, 1, 0, 0
18500, 2129266, 1, 0, 0
19006, 2217364, 1, 0, 0
19501, 2259288, 1, 0, 0
20005, 2112990, 1, 0, 0
20500, 2271380, 1, 0, 0
21003, 2401030, 1, 0, 0
21501, 2413074, 1, 0, 0
22000, 2390542, 1, 0, 0
22501, 2483383, 1, 0, 0
23005, 2434697, 1, 0, 0
23508, 2497981, 1, 0, 0
24000, 2339727, 1, 0, 0
24500, 2583814, 1, 0, 0
25003, 2690515, 1, 0, 0
25500, 2627537, 1, 0, 0
26007, 2599657, 1, 0, 0
26505, 2710781, 1, 0, 0
27005, 2582618, 1, 0, 0
27500, 2768561, 1, 0, 0
28000, 2816418, 1, 0, 0
28502, 2785858, 1, 0, 0
29000, 2866089, 1, 0, 0
29500, 2974873, 1, 0, 0
30011, 2867130, 1, 0, 0
30508, 2897524, 1, 0, 0
31004, 3022450, 1, 0, 0
31500, 3075767, 1, 0, 0
32000, 3018045, 1, 0, 0
32502, 3028991, 1, 0, 0
33000, 3180863, 1, 0, 0
33505, 3110592, 1, 0, 0
34000, 3263635, 1, 0, 0
34503, 3187205, 1, 0, 0
35000, 3169065, 1, 0, 0
35502, 3344407, 1, 0, 0
36010, 3322423, 1, 0, 0
36500, 3295627, 1, 0, 0
37000, 3298646, 1, 0, 0
37500, 3351134, 1, 0, 0
38000, 3388626, 1, 0, 0
38500, 3322152, 1, 0, 0
39001, 3356203, 1, 0, 0
39511, 3484565, 1, 0, 0
40009, 3713548, 1, 0, 0
40501, 3613531, 1, 0, 0
41004, 3601230, 1, 0, 0
41508, 3570642, 1, 0, 0
42000, 3602552, 1, 0, 0
42501, 3511348, 1, 0, 0
43001, 3792985, 1, 0, 0
43511, 3595945, 1, 0, 0
44009, 3618050, 1, 0, 0
44511, 3931566, 1, 0, 0
45006, 3601713, 1, 0, 0
45500, 3463794, 1, 0, 0
46000, 3581198, 1, 0, 0
46500, 3896831, 1, 0, 0
47006, 3760615, 1, 0, 0
47500, 3569108, 1, 0, 0
48000, 3832531, 1, 0, 0
48500, 3548177, 1, 0, 0
49000, 3985074, 1, 0, 0
49500, 3938832, 1, 0, 0
50009, 3685459, 1, 0, 0
50500, 3837330, 1, 0, 0
51000, 3853988, 1, 0, 0
51503, 3917106, 1, 0, 0
52005, 4089073, 1, 0, 0
52500, 3965948, 1, 0, 0
53001, 4227732, 1, 0, 0
53500, 3939183, 1, 0, 0
54004, 3796232, 1, 0, 0
54512, 4089248, 1, 0, 0
55001, 3629040, 1, 0, 0
55500, 4028356, 1, 0, 0
56005, 3673305, 1, 0, 0
56502, 4108593, 1, 0, 0
57008, 3742002, 1, 0, 0
57509, 3912085, 1, 0, 0
58000, 4110881, 1, 0, 0
58512, 4260475, 1, 0, 0
59011, 4079274, 1, 0, 0
59511, 4079846, 1, 0, 0
60000, 3901360, 1, 0, 0
60015, 16392210, 1, 0, 0
