500, 71528, 1, 0, 0
1000, 71464, 1, 0, 0
1500, 71464, 1, 0, 0
2000, 71460, 1, 0, 0
2500, 71456, 1, 0, 0
3000, 71456, 1, 0, 0
3500, 71456, 1, 0, 0
4000, 71456, 1, 0, 0
4500, 71456, 1, 0, 0
5000, 71464, 1, 0, 0
5500, 69632, 1, 0, 0
6000, 53144, 1, 0, 0
6500, 52654, 1, 0, 0
7000, 53074, 1, 0, 0
7500, 52718, 1, 0, 0
8000, 53010, 1, 0, 0
8500, 52790, 1, 0, 0
9000, 52956, 1, 0, 0
9500, 52838, 1, 0, 0
10000, 52926, 1, 0, 0
10500, 52870, 1, 0, 0
11000, 52902, 1, 0, 0
11500, 52892, 1, 0, 0
12000, 52893, 1, 0, 0
12500, 52862, 1, 0, 0
13000, 52912, 1, 0, 0
13500, 52892, 1, 0, 0
14000, 52860, 1, 0, 0
14500, 52932, 1, 0, 0
15000, 52826, 1, 0, 0
15500, 52968, 1, 0, 0
16000, 52780, 1, 0, 0
16500, 53016, 1, 0, 0
17000, 52722, 1, 0, 0
17500, 53078, 1, 0, 0
18000, 52674, 1, 0, 0
18500, 53118, 1, 0, 0
19000, 52648, 1, 0, 0
19500, 53148, 1, 0, 0
20000, 52628, 1, 0, 0
20500, 53166, 1, 0, 0
21000, 52616, 1, 0, 0
21500, 53184, 1, 0, 0
22000, 52606, 1, 0, 0
22500, 53186, 1, 0, 0
23000, 52604, 1, 0, 0
23500, 53192, 1, 0, 0
24000, 52604, 1, 0, 0
24500, 53188, 1, 0, 0
25000, 52600, 1, 0, 0
25500, 53158, 1, 0, 0
26000, 52634, 1, 0, 0
26500, 53100, 1, 0, 0
27000, 52696, 1, 0, 0
27500, 53032, 1, 0, 0
28000, 52764, 1, 0, 0
28501, 52968, 1, 0, 0
29000, 52785, 1, 0, 0
29500, 53044, 1, 0, 0
30000, 52758, 1, 0, 0
30500, 52972, 1, 0, 0
31000, 52820, 1, 0, 0
31500, 52936, 1, 0, 0
32000, 52862, 1, 0, 0
32500, 52914, 1, 0, 0
33000, 52878, 1, 0, 0
33500, 52876, 1, 0, 0
34000, 52916, 1, 0, 0
34500, 52844, 1, 0, 0
35000, 52948, 1, 0, 0
35500, 52806, 1, 0, 0
36000, 52986, 1, 0, 0
36500, 52756, 1, 0, 0
37000, 53040, 1, 0, 0
37500, 52700, 1, 0, 0
38000, 53094, 1, 0, 0
38500, 52666, 1, 0, 0
39000, 53134, 1, 0, 0
39500, 52638, 1, 0, 0
40000, 53152, 1, 0, 0
40500, 52628, 1, 0, 0
41000, 53172, 1, 0, 0
41500, 52610, 1, 0, 0
42000, 53182, 1, 0, 0
42500, 52606, 1, 0, 0
43000, 53196, 1, 0, 0
43500, 52590, 1, 0, 0
44000, 53200, 1, 0, 0
44500, 52594, 1, 0, 0
45000, 53192, 1, 0, 0
45500, 52602, 1, 0, 0
46000, 53140, 1, 0, 0
46500, 52625, 1, 0, 0
47000, 53190, 1, 0, 0
47500, 52606, 1, 0, 0
48000, 53140, 1, 0, 0
48500, 52650, 1, 0, 0
49000, 53078, 1, 0, 0
49500, 52722, 1, 0, 0
50000, 53006, 1, 0, 0
50500, 52788, 1, 0, 0
51000, 52956, 1, 0, 0
51500, 52844, 1, 0, 0
52000, 52926, 1, 0, 0
52500, 52864, 1, 0, 0
53000, 52904, 1, 0, 0
53500, 52892, 1, 0, 0
54000, 63646, 1, 0, 0
54500, 54082, 1, 0, 0
55000, 52920, 1, 0, 0
55500, 52826, 1, 0, 0
56000, 52966, 1, 0, 0
56500, 52784, 1, 0, 0
57000, 52992, 1, 0, 0
57500, 49680, 1, 0, 0
58000, 28704, 1, 0, 0
58500, 28672, 1, 0, 0
59000, 28672, 1, 0, 0
59500, 28672, 1, 0, 0
60000, 28672, 1, 0, 0
