500, 868, 1, 0, 0
1000, 865, 1, 0, 0
1500, 864, 1, 0, 0
2000, 864, 1, 0, 0
2500, 863, 1, 0, 0
3000, 862, 1, 0, 0
3500, 862, 1, 0, 0
4000, 863, 1, 0, 0
4500, 863, 1, 0, 0
5000, 864, 1, 0, 0
5500, 867, 1, 0, 0
6000, 937, 1, 0, 0
6500, 935, 1, 0, 0
7000, 930, 1, 0, 0
7500, 931, 1, 0, 0
8001, 940, 1, 0, 0
8500, 938, 1, 0, 0
9000, 932, 1, 0, 0
9500, 932, 1, 0, 0
10000, 935, 1, 0, 0
10500, 936, 1, 0, 0
11000, 926, 1, 0, 0
11500, 929, 1, 0, 0
12000, 931, 1, 0, 0
12500, 936, 1, 0, 0
13000, 931, 1, 0, 0
13500, 934, 1, 0, 0
14000, 935, 1, 0, 0
14500, 937, 1, 0, 0
15000, 936, 1, 0, 0
15500, 937, 1, 0, 0
16000, 937, 1, 0, 0
16500, 938, 1, 0, 0
17000, 934, 1, 0, 0
17500, 931, 1, 0, 0
18000, 931, 1, 0, 0
18500, 932, 1, 0, 0
19000, 936, 1, 0, 0
19500, 935, 1, 0, 0
20000, 933, 1, 0, 0
20500, 935, 1, 0, 0
21000, 939, 1, 0, 0
21500, 934, 1, 0, 0
22000, 932, 1, 0, 0
22500, 934, 1, 0, 0
23000, 947, 1, 0, 0
23500, 938, 1, 0, 0
24000, 933, 1, 0, 0
24500, 938, 1, 0, 0
25000, 942, 1, 0, 0
25500, 941, 1, 0, 0
26000, 937, 1, 0, 0
26500, 940, 1, 0, 0
27000, 940, 1, 0, 0
27500, 945, 1, 0, 0
28000, 930, 1, 0, 0
28500, 933, 1, 0, 0
29000, 945, 1, 0, 0
29500, 945, 1, 0, 0
30000, 938, 1, 0, 0
30500, 937, 1, 0, 0
31000, 944, 1, 0, 0
31500, 946, 1, 0, 0
32000, 940, 1, 0, 0
32500, 938, 1, 0, 0
33000, 943, 1, 0, 0
33500, 945, 1, 0, 0
34000, 946, 1, 0, 0
34500, 939, 1, 0, 0
35000, 943, 1, 0, 0
35500, 939, 1, 0, 0
36000, 940, 1, 0, 0
36500, 936, 1, 0, 0
37000, 939, 1, 0, 0
37500, 943, 1, 0, 0
38000, 950, 1, 0, 0
38500, 936, 1, 0, 0
39000, 942, 1, 0, 0
39500, 940, 1, 0, 0
40000, 942, 1, 0, 0
40500, 939, 1, 0, 0
41000, 938, 1, 0, 0
41500, 945, 1, 0, 0
42000, 944, 1, 0, 0
42500, 934, 1, 0, 0
43000, 938, 1, 0, 0
43500, 945, 1, 0, 0
44000, 946, 1, 0, 0
44500, 940, 1, 0, 0
45000, 932, 1, 0, 0
45500, 940, 1, 0, 0
46000, 940, 1, 0, 0
46500, 947, 1, 0, 0
47000, 935, 1, 0, 0
47500, 940, 1, 0, 0
48001, 940, 1, 0, 0
48500, 940, 1, 0, 0
49000, 933, 1, 0, 0
49500, 936, 1, 0, 0
50000, 941, 1, 0, 0
50500, 941, 1, 0, 0
51000, 935, 1, 0, 0
51500, 932, 1, 0, 0
52000, 936, 1, 0, 0
52500, 942, 1, 0, 0
53000, 944, 1, 0, 0
53500, 937, 1, 0, 0
54000, 952, 1, 0, 0
54500, 973, 1, 0, 0
55000, 990, 1, 0, 0
55500, 976, 1, 0, 0
56000, 972, 1, 0, 0
56500, 987, 1, 0, 0
57000, 981, 1, 0, 0
57500, 984, 1, 0, 0
58014, 989, 1, 0, 0
58511, 990, 1, 0, 0
59009, 986, 1, 0, 0
59506, 991, 1, 0, 0
60005, 984, 1, 0, 0
