500, 446362, 1, 0, 0
1000, 446796, 1, 0, 0
1500, 446797, 1, 0, 0
2000, 446796, 1, 0, 0
2500, 446797, 1, 0, 0
3000, 446799, 1, 0, 0
3500, 446800, 1, 0, 0
4000, 446798, 1, 0, 0
4500, 446798, 1, 0, 0
5000, 446797, 1, 0, 0
5500, 458521, 1, 0, 0
6000, 600469, 1, 0, 0
6500, 607304, 1, 0, 0
7000, 600564, 1, 0, 0
7500, 607204, 1, 0, 0
8001, 600802, 1, 0, 0
8500, 606953, 1, 0, 0
9000, 600928, 1, 0, 0
9500, 606779, 1, 0, 0
10000, 601163, 1, 0, 0
10500, 606616, 1, 0, 0
11000, 601671, 1, 0, 0
11500, 606044, 1, 0, 0
12000, 603033, 1, 0, 0
12500, 604727, 1, 0, 0
13000, 603510, 1, 0, 0
13500, 604164, 1, 0, 0
14000, 603882, 1, 0, 0
14500, 603870, 1, 0, 0
15000, 604118, 1, 0, 0
15500, 603579, 1, 0, 0
16000, 604564, 1, 0, 0
16500, 603184, 1, 0, 0
17000, 604799, 1, 0, 0
17500, 602898, 1, 0, 0
18000, 605161, 1, 0, 0
18500, 602599, 1, 0, 0
19000, 605859, 1, 0, 0
19500, 601854, 1, 0, 0
20000, 606553, 1, 0, 0
20500, 601243, 1, 0, 0
21000, 606777, 1, 0, 0
21500, 600925, 1, 0, 0
22000, 606998, 1, 0, 0
22500, 600796, 1, 0, 0
23000, 607072, 1, 0, 0
23500, 600625, 1, 0, 0
24000, 607182, 1, 0, 0
24500, 600596, 1, 0, 0
25000, 607244, 1, 0, 0
25500, 600492, 1, 0, 0
26000, 607230, 1, 0, 0
26500, 600538, 1, 0, 0
27000, 607267, 1, 0, 0
27500, 600641, 1, 0, 0
28000, 607110, 1, 0, 0
28500, 600851, 1, 0, 0
29000, 606919, 1, 0, 0
29500, 600996, 1, 0, 0
30000, 606723, 1, 0, 0
30500, 601131, 1, 0, 0
31000, 606588, 1, 0, 0
31500, 601790, 1, 0, 0
32000, 605935, 1, 0, 0
32500, 603231, 1, 0, 0
33000, 604460, 1, 0, 0
33500, 603646, 1, 0, 0
34000, 604093, 1, 0, 0
34500, 603853, 1, 0, 0
35000, 603826, 1, 0, 0
35500, 604250, 1, 0, 0
36000, 603497, 1, 0, 0
36500, 604441, 1, 0, 0
37000, 603265, 1, 0, 0
37500, 604927, 1, 0, 0
38000, 602765, 1, 0, 0
38500, 605198, 1, 0, 0
39000, 602499, 1, 0, 0
39500, 605829, 1, 0, 0
40000, 601936, 1, 0, 0
40500, 606507, 1, 0, 0
41000, 601185, 1, 0, 0
41500, 606873, 1, 0, 0
42000, 600892, 1, 0, 0
42500, 606991, 1, 0, 0
43000, 600737, 1, 0, 0
43500, 607156, 1, 0, 0
44000, 600593, 1, 0, 0
44500, 607204, 1, 0, 0
45000, 600503, 1, 0, 0
45500, 607285, 1, 0, 0
46000, 600522, 1, 0, 0
46500, 607249, 1, 0, 0
47000, 600465, 1, 0, 0
47500, 607269, 1, 0, 0
48001, 600733, 1, 0, 0
48500, 607053, 1, 0, 0
49000, 600827, 1, 0, 0
49500, 606887, 1, 0, 0
50000, 601040, 1, 0, 0
50500, 606729, 1, 0, 0
51000, 601150, 1, 0, 0
51500, 606563, 1, 0, 0
52000, 602071, 1, 0, 0
52500, 605654, 1, 0, 0
53000, 603377, 1, 0, 0
53500, 604330, 1, 0, 0
54000, 501651, 1, 0, 0
54500, 589930, 1, 0, 0
55000, 604190, 1, 0, 0
55500, 603870, 1, 0, 0
56000, 603819, 1, 0, 0
56500, 604180, 1, 0, 0
57000, 603695, 1, 0, 0
57500, 642731, 1, 0, 0
58014, 1108196, 1, 0, 0
58511, 1109144, 1, 0, 0
59009, 1109097, 1, 0, 0
59506, 1109161, 1, 0, 0
60004, 1110868, 1, 0, 0
60005, 17282513, 1, 0, 0
