500, 286096, 1, 0, 0
1000, 285872, 1, 0, 0
1500, 285856, 1, 0, 0
2000, 285840, 1, 0, 0
2500, 285824, 1, 0, 0
3000, 285824, 1, 0, 0
3500, 285824, 1, 0, 0
4000, 285824, 1, 0, 0
4500, 285824, 1, 0, 0
5000, 285856, 1, 0, 0
5500, 278528, 1, 0, 0
6000, 212576, 1, 0, 0
6500, 210616, 1, 0, 0
7000, 212296, 1, 0, 0
7500, 210872, 1, 0, 0
8000, 212040, 1, 0, 0
8500, 211160, 1, 0, 0
9000, 211824, 1, 0, 0
9500, 211352, 1, 0, 0
10000, 211704, 1, 0, 0
10500, 211480, 1, 0, 0
11000, 211608, 1, 0, 0
11500, 211568, 1, 0, 0
12000, 211575, 1, 0, 0
12500, 211448, 1, 0, 0
13000, 211648, 1, 0, 0
13500, 211568, 1, 0, 0
14000, 211440, 1, 0, 0
14500, 211728, 1, 0, 0
15000, 211304, 1, 0, 0
15500, 211872, 1, 0, 0
16000, 211120, 1, 0, 0
16500, 212064, 1, 0, 0
17000, 210888, 1, 0, 0
17500, 212304, 1, 0, 0
18000, 210696, 1, 0, 0
18500, 212472, 1, 0, 0
19000, 210592, 1, 0, 0
19500, 212592, 1, 0, 0
20000, 210512, 1, 0, 0
20500, 212664, 1, 0, 0
21000, 210464, 1, 0, 0
21500, 212736, 1, 0, 0
22000, 210424, 1, 0, 0
22500, 212744, 1, 0, 0
23000, 210416, 1, 0, 0
23500, 212768, 1, 0, 0
24000, 210416, 1, 0, 0
24500, 212752, 1, 0, 0
25000, 210400, 1, 0, 0
25500, 212632, 1, 0, 0
26000, 210536, 1, 0, 0
26500, 212400, 1, 0, 0
27000, 210776, 1, 0, 0
27500, 212128, 1, 0, 0
28000, 211056, 1, 0, 0
28501, 211872, 1, 0, 0
29000, 211142, 1, 0, 0
29500, 212176, 1, 0, 0
30000, 211032, 1, 0, 0
30500, 211888, 1, 0, 0
31000, 211280, 1, 0, 0
31500, 211744, 1, 0, 0
32000, 211448, 1, 0, 0
32500, 211656, 1, 0, 0
33000, 211512, 1, 0, 0
33500, 211504, 1, 0, 0
34000, 211664, 1, 0, 0
34500, 211376, 1, 0, 0
35000, 211792, 1, 0, 0
35500, 211224, 1, 0, 0
36000, 211944, 1, 0, 0
36500, 211024, 1, 0, 0
37000, 212160, 1, 0, 0
37500, 210800, 1, 0, 0
38000, 212376, 1, 0, 0
38500, 210664, 1, 0, 0
39000, 212536, 1, 0, 0
39500, 210552, 1, 0, 0
40000, 212608, 1, 0, 0
40500, 210512, 1, 0, 0
41000, 212688, 1, 0, 0
41500, 210440, 1, 0, 0
42000, 212728, 1, 0, 0
42500, 210424, 1, 0, 0
43000, 212784, 1, 0, 0
43500, 210360, 1, 0, 0
44000, 212800, 1, 0, 0
44500, 210376, 1, 0, 0
45000, 212768, 1, 0, 0
45500, 210408, 1, 0, 0
46000, 212560, 1, 0, 0
46500, 210501, 1, 0, 0
47000, 212760, 1, 0, 0
47500, 210424, 1, 0, 0
48000, 212560, 1, 0, 0
48500, 210600, 1, 0, 0
49000, 212312, 1, 0, 0
49500, 210888, 1, 0, 0
50000, 212024, 1, 0, 0
50500, 211152, 1, 0, 0
51000, 211824, 1, 0, 0
51500, 211376, 1, 0, 0
52000, 211704, 1, 0, 0
52500, 211456, 1, 0, 0
53000, 211616, 1, 0, 0
53500, 211568, 1, 0, 0
54000, 254584, 1, 0, 0
54500, 216328, 1, 0, 0
55000, 211680, 1, 0, 0
55500, 211304, 1, 0, 0
56000, 211864, 1, 0, 0
56500, 211136, 1, 0, 0
57000, 211968, 1, 0, 0
57500, 198720, 1, 0, 0
58000, 114816, 1, 0, 0
58500, 114688, 1, 0, 0
59000, 114688, 1, 0, 0
59500, 114688, 1, 0, 0
60000, 114688, 1, 0, 0
