500, 447230, 1, 0, 0
1000, 447661, 1, 0, 0
1500, 447660, 1, 0, 0
2000, 447660, 1, 0, 0
2500, 447661, 1, 0, 0
3000, 447661, 1, 0, 0
3500, 447661, 1, 0, 0
4000, 447661, 1, 0, 0
4500, 447661, 1, 0, 0
5000, 447661, 1, 0, 0
5500, 459388, 1, 0, 0
6000, 601406, 1, 0, 0
6500, 608240, 1, 0, 0
7000, 601495, 1, 0, 0
7500, 608135, 1, 0, 0
8001, 601742, 1, 0, 0
8500, 607891, 1, 0, 0
9000, 601860, 1, 0, 0
9500, 607710, 1, 0, 0
10000, 602098, 1, 0, 0
10500, 607552, 1, 0, 0
11000, 602597, 1, 0, 0
11500, 606973, 1, 0, 0
12000, 603964, 1, 0, 0
12500, 605664, 1, 0, 0
13000, 604441, 1, 0, 0
13500, 605098, 1, 0, 0
14000, 604817, 1, 0, 0
14500, 604807, 1, 0, 0
15000, 605054, 1, 0, 0
15500, 604516, 1, 0, 0
16000, 605501, 1, 0, 0
16500, 604122, 1, 0, 0
17000, 605733, 1, 0, 0
17500, 603829, 1, 0, 0
18000, 606092, 1, 0, 0
18500, 603531, 1, 0, 0
19000, 606794, 1, 0, 0
19500, 602789, 1, 0, 0
20000, 607486, 1, 0, 0
20500, 602178, 1, 0, 0
21000, 607716, 1, 0, 0
21500, 601860, 1, 0, 0
22000, 607930, 1, 0, 0
22500, 601730, 1, 0, 0
23000, 608018, 1, 0, 0
23500, 601563, 1, 0, 0
24000, 608115, 1, 0, 0
24500, 601534, 1, 0, 0
25000, 608186, 1, 0, 0
25500, 601434, 1, 0, 0
26000, 608167, 1, 0, 0
26500, 601478, 1, 0, 0
27000, 608206, 1, 0, 0
27500, 601586, 1, 0, 0
28000, 608040, 1, 0, 0
28500, 601784, 1, 0, 0
29000, 607864, 1, 0, 0
29500, 601941, 1, 0, 0
30000, 607661, 1, 0, 0
30500, 602069, 1, 0, 0
31000, 607532, 1, 0, 0
31500, 602735, 1, 0, 0
32000, 606874, 1, 0, 0
32500, 604169, 1, 0, 0
33000, 605402, 1, 0, 0
33500, 604591, 1, 0, 0
34000, 605038, 1, 0, 0
34500, 604792, 1, 0, 0
35000, 604769, 1, 0, 0
35500, 605189, 1, 0, 0
36000, 604437, 1, 0, 0
36500, 605377, 1, 0, 0
37000, 604203, 1, 0, 0
37500, 605870, 1, 0, 0
38000, 603715, 1, 0, 0
38500, 606134, 1, 0, 0
39000, 603442, 1, 0, 0
39500, 606769, 1, 0, 0
40000, 602878, 1, 0, 0
40500, 607445, 1, 0, 0
41000, 602124, 1, 0, 0
41500, 607818, 1, 0, 0
42000, 601836, 1, 0, 0
42500, 607925, 1, 0, 0
43000, 601675, 1, 0, 0
43500, 608100, 1, 0, 0
44000, 601540, 1, 0, 0
44500, 608144, 1, 0, 0
45000, 601436, 1, 0, 0
45500, 608225, 1, 0, 0
46000, 601462, 1, 0, 0
46500, 608195, 1, 0, 0
47000, 601400, 1, 0, 0
47500, 608209, 1, 0, 0
48001, 601673, 1, 0, 0
48500, 607993, 1, 0, 0
49000, 601760, 1, 0, 0
49500, 607823, 1, 0, 0
50000, 601980, 1, 0, 0
50500, 607670, 1, 0, 0
51000, 602085, 1, 0, 0
51500, 607496, 1, 0, 0
52000, 603007, 1, 0, 0
52500, 606596, 1, 0, 0
53000, 604321, 1, 0, 0
53500, 605267, 1, 0, 0
54000, 502603, 1, 0, 0
54500, 590904, 1, 0, 0
55000, 605181, 1, 0, 0
55500, 604846, 1, 0, 0
56000, 604792, 1, 0, 0
56500, 605167, 1, 0, 0
57000, 604676, 1, 0, 0
57500, 643714, 1, 0, 0
58014, 1109185, 1, 0, 0
58511, 1110135, 1, 0, 0
59009, 1110083, 1, 0, 0
59506, 1110152, 1, 0, 0
60004, 1111852, 1, 0, 0
60005, 17283537, 1, 0, 0
