500, 1221, 1, 0, 0
1000, 1220, 1, 0, 0
1500, 1213, 1, 0, 0
2000, 1215, 1, 0, 0
2500, 1213, 1, 0, 0
3000, 1216, 1, 0, 0
3500, 1217, 1, 0, 0
4000, 1222, 1, 0, 0
4500, 1217, 1, 0, 0
5000, 1217, 1, 0, 0
5500, 1215, 1, 0, 0
6015, 1242, 1, 0, 0
6506, 1230, 1, 0, 0
7016, 1220, 1, 0, 0
7502, 1227, 1, 0, 0
8006, 1229, 1, 0, 0
8513, 1221, 1, 0, 0
9000, 1221, 1, 0, 0
9500, 1229, 1, 0, 0
10000, 1228, 1, 0, 0
10505, 1227, 1, 0, 0
11003, 1229, 1, 0, 0
11511, 1235, 1, 0, 0
12006, 1225, 1, 0, 0
12501, 1226, 1, 0, 0
13006, 1232, 1, 0, 0
13511, 1221, 1, 0, 0
14001, 1221, 1, 0, 0
14500, 1219, 1, 0, 0
15000, 1223, 1, 0, 0
15504, 1225, 1, 0, 0
16008, 1229, 1, 0, 0
16511, 1217, 1, 0, 0
17000, 1229, 1, 0, 0
17505, 1231, 1, 0, 0
18007, 1216, 1, 0, 0
18509, 1219, 1, 0, 0
19000, 1218, 1, 0, 0
19500, 1225, 1, 0, 0
20000, 1215, 1, 0, 0
20511, 1215, 1, 0, 0
21002, 1218, 1, 0, 0
21512, 1229, 1, 0, 0
22011, 1231, 1, 0, 0
22508, 1225, 1, 0, 0
23003, 1228, 1, 0, 0
23500, 1232, 1, 0, 0
24009, 1234, 1, 0, 0
24502, 1221, 1, 0, 0
25001, 1234, 1, 0, 0
25500, 1224, 1, 0, 0
26000, 1228, 1, 0, 0
26500, 1233, 1, 0, 0
27000, 1229, 1, 0, 0
27512, 1230, 1, 0, 0
28000, 1230, 1, 0, 0
28500, 1228, 1, 0, 0
29013, 1224, 1, 0, 0
29503, 1224, 1, 0, 0
30006, 1231, 1, 0, 0
30509, 1219, 1, 0, 0
31008, 1224, 1, 0, 0
31503, 1217, 1, 0, 0
32000, 1237, 1, 0, 0
32512, 1220, 1, 0, 0
33003, 1230, 1, 0, 0
33500, 1225, 1, 0, 0
34010, 1235, 1, 0, 0
34501, 1218, 1, 0, 0
35002, 1218, 1, 0, 0
35500, 1226, 1, 0, 0
36005, 1347, 1, 0, 0
36502, 1232, 1, 0, 0
37003, 1219, 1, 0, 0
37500, 1219, 1, 0, 0
38000, 1215, 1, 0, 0
38500, 1223, 1, 0, 0
39012, 1223, 1, 0, 0
39500, 1228, 1, 0, 0
40000, 1223, 1, 0, 0
40504, 1222, 1, 0, 0
41000, 1225, 1, 0, 0
41511, 1228, 1, 0, 0
42007, 1224, 1, 0, 0
42504, 1216, 1, 0, 0
43007, 1222, 1, 0, 0
43507, 1233, 1, 0, 0
44002, 1230, 1, 0, 0
44500, 1232, 1, 0, 0
45000, 1227, 1, 0, 0
45509, 1216, 1, 0, 0
46006, 1233, 1, 0, 0
46505, 1238, 1, 0, 0
47000, 1226, 1, 0, 0
47506, 1216, 1, 0, 0
48006, 1230, 1, 0, 0
48500, 1220, 1, 0, 0
49000, 1227, 1, 0, 0
49500, 1217, 1, 0, 0
50000, 1223, 1, 0, 0
50510, 1235, 1, 0, 0
51000, 1239, 1, 0, 0
51505, 1235, 1, 0, 0
52011, 1235, 1, 0, 0
52500, 1234, 1, 0, 0
53002, 1235, 1, 0, 0
53503, 1235, 1, 0, 0
54010, 1238, 1, 0, 0
54506, 1235, 1, 0, 0
55000, 1236, 1, 0, 0
55504, 1237, 1, 0, 0
56013, 1235, 1, 0, 0
56504, 1245, 1, 0, 0
57006, 1232, 1, 0, 0
57500, 1216, 1, 0, 0
58002, 1226, 1, 0, 0
58510, 1233, 1, 0, 0
59002, 1229, 1, 0, 0
59500, 1218, 1, 0, 0
60010, 1223, 1, 0, 0
