500, 2191808, 1, 0, 0
1000, 2191840, 1, 0, 0
1500, 2189632, 1, 0, 0
2000, 2194848, 1, 0, 0
2500, 2196384, 1, 0, 0
3000, 2191328, 1, 0, 0
3500, 2197504, 1, 0, 0
4000, 2203616, 1, 0, 0
4500, 2188736, 1, 0, 0
5000, 2193376, 1, 0, 0
5500, 2201568, 1, 0, 0
6000, 895424, 1, 0, 0
6500, 132544, 1, 0, 0
7000, 145792, 1, 0, 0
7500, 136384, 1, 0, 0
8000, 142848, 1, 0, 0
8500, 150592, 1, 0, 0
9000, 154176, 1, 0, 0
9500, 158784, 1, 0, 0
10000, 163840, 1, 0, 0
10500, 184832, 1, 0, 0
11000, 176192, 1, 0, 0
11500, 166476, 1, 0, 0
12000, 188224, 1, 0, 0
12500, 197504, 1, 0, 0
13000, 183744, 1, 0, 0
13500, 183808, 1, 0, 0
14000, 181248, 1, 0, 0
14500, 193088, 1, 0, 0
15000, 199360, 1, 0, 0
15500, 173504, 1, 0, 0
16000, 170944, 1, 0, 0
16500, 179072, 1, 0, 0
17000, 174976, 1, 0, 0
17500, 189952, 1, 0, 0
18000, 181824, 1, 0, 0
18500, 175232, 1, 0, 0
19000, 187584, 1, 0, 0
19500, 190912, 1, 0, 0
20000, 188160, 1, 0, 0
20500, 213632, 1, 0, 0
21000, 169600, 1, 0, 0
21500, 207680, 1, 0, 0
22000, 193600, 1, 0, 0
22500, 189632, 1, 0, 0
23000, 185664, 1, 0, 0
23500, 196928, 1, 0, 0
24000, 190784, 1, 0, 0
24500, 192320, 1, 0, 0
25000, 202880, 1, 0, 0
25500, 210432, 1, 0, 0
26000, 212736, 1, 0, 0
26500, 215360, 1, 0, 0
27000, 212544, 1, 0, 0
27500, 217600, 1, 0, 0
28000, 202816, 1, 0, 0
28500, 187328, 1, 0, 0
29000, 225218, 1, 0, 0
29500, 209920, 1, 0, 0
30000, 208832, 1, 0, 0
30500, 214592, 1, 0, 0
31000, 213632, 1, 0, 0
31500, 206336, 1, 0, 0
32000, 208704, 1, 0, 0
32500, 227264, 1, 0, 0
33000, 207744, 1, 0, 0
33500, 227136, 1, 0, 0
34000, 221120, 1, 0, 0
34500, 258880, 1, 0, 0
35000, 221312, 1, 0, 0
35500, 230336, 1, 0, 0
36000, 242176, 1, 0, 0
36500, 221440, 1, 0, 0
37000, 238272, 1, 0, 0
37500, 245056, 1, 0, 0
38000, 249536, 1, 0, 0
38500, 251904, 1, 0, 0
39000, 267840, 1, 0, 0
39500, 249408, 1, 0, 0
40000, 280512, 1, 0, 0
40500, 264128, 1, 0, 0
41000, 261216, 1, 0, 0
41500, 277024, 1, 0, 0
42000, 275904, 1, 0, 0
42500, 289280, 1, 0, 0
43000, 301248, 1, 0, 0
43500, 322880, 1, 0, 0
44000, 314880, 1, 0, 0
44500, 340672, 1, 0, 0
45000, 369024, 1, 0, 0
45500, 422669, 1, 0, 0
46000, 370240, 1, 0, 0
46500, 430976, 1, 0, 0
47000, 415808, 1, 0, 0
47500, 509248, 1, 0, 0
48000, 581184, 1, 0, 0
48500, 626240, 1, 0, 0
49000, 756864, 1, 0, 0
49500, 1072896, 1, 0, 0
50000, 1679424, 1, 0, 0
50500, 137024, 1, 0, 0
51000, 130560, 1, 0, 0
51500, 135168, 1, 0, 0
52000, 141056, 1, 0, 0
52500, 150848, 1, 0, 0
53000, 151488, 1, 0, 0
53500, 158976, 1, 0, 0
54000, 182400, 1, 0, 0
54500, 161408, 1, 0, 0
55000, 165824, 1, 0, 0
55500, 166144, 1, 0, 0
56000, 177984, 1, 0, 0
56500, 185984, 1, 0, 0
57000, 176192, 1, 0, 0
57500, 200128, 1, 0, 0
58000, 183296, 1, 0, 0
58500, 188288, 1, 0, 0
59000, 174528, 1, 0, 0
59500, 186560, 1, 0, 0
60000, 182848, 1, 0, 0
