500, 232127, 1, 0, 0
1000, 232150, 1, 0, 0
1500, 232389, 1, 0, 0
2000, 231837, 1, 0, 0
2500, 231657, 1, 0, 0
3000, 232183, 1, 0, 0
3500, 231526, 1, 0, 0
4000, 230905, 1, 0, 0
4500, 232486, 1, 0, 0
5000, 231979, 1, 0, 0
5500, 231083, 1, 0, 0
6015, 567931, 1, 0, 0
6506, 3787802, 1, 0, 0
7016, 3577674, 1, 0, 0
7502, 3648782, 1, 0, 0
8006, 3620168, 1, 0, 0
8513, 3445754, 1, 0, 0
9000, 3354903, 1, 0, 0
9500, 3209983, 1, 0, 0
10000, 3143534, 1, 0, 0
10505, 2699878, 1, 0, 0
11003, 2891027, 1, 0, 0
11511, 3125369, 1, 0, 0
12006, 2699672, 1, 0, 0
12501, 2566773, 1, 0, 0
13006, 2815800, 1, 0, 0
13511, 2810681, 1, 0, 0
14001, 2760187, 1, 0, 0
14500, 2718349, 1, 0, 0
15000, 2572303, 1, 0, 0
15504, 2883595, 1, 0, 0
16008, 3018222, 1, 0, 0
16511, 2871114, 1, 0, 0
17000, 2919237, 1, 0, 0
17505, 2668412, 1, 0, 0
18007, 2838471, 1, 0, 0
18509, 2927336, 1, 0, 0
19000, 2750823, 1, 0, 0
19500, 2692702, 1, 0, 0
20000, 2627550, 1, 0, 0
20511, 2439943, 1, 0, 0
21002, 2986754, 1, 0, 0
21512, 2506349, 1, 0, 0
22011, 2640043, 1, 0, 0
22508, 2683043, 1, 0, 0
23003, 2726347, 1, 0, 0
23500, 2693297, 1, 0, 0
24009, 2621025, 1, 0, 0
24502, 2618594, 1, 0, 0
25001, 2518000, 1, 0, 0
25500, 2510677, 1, 0, 0
26000, 2414131, 1, 0, 0
26500, 2365339, 1, 0, 0
27000, 2414553, 1, 0, 0
27512, 2326472, 1, 0, 0
28000, 2556085, 1, 0, 0
28500, 2635977, 1, 0, 0
29013, 2325720, 1, 0, 0
29503, 2399721, 1, 0, 0
30006, 2466470, 1, 0, 0
30509, 2395981, 1, 0, 0
31008, 2386209, 1, 0, 0
31503, 2451801, 1, 0, 0
32000, 2507054, 1, 0, 0
32512, 2247131, 1, 0, 0
33003, 2424646, 1, 0, 0
33500, 2256393, 1, 0, 0
34010, 2335633, 1, 0, 0
34501, 1937083, 1, 0, 0
35002, 2324887, 1, 0, 0
35500, 2279034, 1, 0, 0
36005, 2066251, 1, 0, 0
36502, 2295966, 1, 0, 0
37003, 2151862, 1, 0, 0
37500, 2077899, 1, 0, 0
38000, 2115750, 1, 0, 0
38500, 1971906, 1, 0, 0
39012, 1952636, 1, 0, 0
39500, 2067419, 1, 0, 0
40000, 1827181, 1, 0, 0
40504, 1895895, 1, 0, 0
41000, 2003870, 1, 0, 0
41511, 1825186, 1, 0, 0
42007, 1854896, 1, 0, 0
42504, 1744743, 1, 0, 0
43007, 1713126, 1, 0, 0
43507, 1582221, 1, 0, 0
44002, 1614061, 1, 0, 0
44500, 1540293, 1, 0, 0
45000, 1383646, 1, 0, 0
45509, 1197836, 1, 0, 0
46006, 1374664, 1, 0, 0
46505, 1185927, 1, 0, 0
47000, 1242875, 1, 0, 0
47506, 1002008, 1, 0, 0
48006, 876680, 1, 0, 0
48500, 820735, 1, 0, 0
49000, 674977, 1, 0, 0
49500, 475501, 1, 0, 0
50000, 293709, 1, 0, 0
50510, 3802621, 1, 0, 0
51000, 3866617, 1, 0, 0
51505, 3819120, 1, 0, 0
52011, 3654867, 1, 0, 0
52500, 3326891, 1, 0, 0
53002, 3387845, 1, 0, 0
53503, 3230573, 1, 0, 0
54010, 2857258, 1, 0, 0
54506, 3126057, 1, 0, 0
55000, 3070265, 1, 0, 0
55504, 3087218, 1, 0, 0
56013, 2926642, 1, 0, 0
56504, 2704837, 1, 0, 0
57006, 2922593, 1, 0, 0
57500, 2615430, 1, 0, 0
58002, 2697794, 1, 0, 0
58510, 2772885, 1, 0, 0
59002, 2882978, 1, 0, 0
59500, 2804706, 1, 0, 0
60010, 2771158, 1, 0, 0
60010, 16540833, 1, 0, 0
