500, 136988, 1, 0, 0
1000, 136990, 1, 0, 0
1500, 136852, 1, 0, 0
2000, 137178, 1, 0, 0
2500, 137274, 1, 0, 0
3000, 136958, 1, 0, 0
3500, 137346, 1, 0, 0
4000, 137726, 1, 0, 0
4500, 136796, 1, 0, 0
5000, 137086, 1, 0, 0
5500, 137598, 1, 0, 0
6000, 55964, 1, 0, 0
6500, 8284, 1, 0, 0
7000, 9112, 1, 0, 0
7500, 8524, 1, 0, 0
8000, 8928, 1, 0, 0
8500, 9412, 1, 0, 0
9000, 9636, 1, 0, 0
9500, 9924, 1, 0, 0
10000, 10240, 1, 0, 0
10500, 11552, 1, 0, 0
11000, 11012, 1, 0, 0
11500, 10404, 1, 0, 0
12000, 11764, 1, 0, 0
12500, 12344, 1, 0, 0
13000, 11484, 1, 0, 0
13500, 11488, 1, 0, 0
14000, 11328, 1, 0, 0
14500, 12068, 1, 0, 0
15000, 12460, 1, 0, 0
15500, 10844, 1, 0, 0
16000, 10684, 1, 0, 0
16500, 11192, 1, 0, 0
17000, 10936, 1, 0, 0
17500, 11872, 1, 0, 0
18000, 11364, 1, 0, 0
18500, 10952, 1, 0, 0
19000, 11724, 1, 0, 0
19500, 11932, 1, 0, 0
20000, 11760, 1, 0, 0
20500, 13352, 1, 0, 0
21000, 10600, 1, 0, 0
21500, 12980, 1, 0, 0
22000, 12100, 1, 0, 0
22500, 11852, 1, 0, 0
23000, 11604, 1, 0, 0
23500, 12308, 1, 0, 0
24000, 11924, 1, 0, 0
24500, 12020, 1, 0, 0
25000, 12680, 1, 0, 0
25500, 13152, 1, 0, 0
26000, 13296, 1, 0, 0
26500, 13460, 1, 0, 0
27000, 13284, 1, 0, 0
27500, 13600, 1, 0, 0
28000, 12676, 1, 0, 0
28500, 11708, 1, 0, 0
29000, 14076, 1, 0, 0
29500, 13120, 1, 0, 0
30000, 13052, 1, 0, 0
30500, 13412, 1, 0, 0
31000, 13352, 1, 0, 0
31500, 12896, 1, 0, 0
32000, 13044, 1, 0, 0
32500, 14204, 1, 0, 0
33000, 12984, 1, 0, 0
33500, 14196, 1, 0, 0
34000, 13820, 1, 0, 0
34500, 16180, 1, 0, 0
35000, 13832, 1, 0, 0
35500, 14396, 1, 0, 0
36000, 15136, 1, 0, 0
36500, 13840, 1, 0, 0
37000, 14892, 1, 0, 0
37500, 15316, 1, 0, 0
38000, 15596, 1, 0, 0
38500, 15744, 1, 0, 0
39000, 16740, 1, 0, 0
39500, 15588, 1, 0, 0
40000, 17532, 1, 0, 0
40500, 16508, 1, 0, 0
41000, 16326, 1, 0, 0
41500, 17314, 1, 0, 0
42000, 17244, 1, 0, 0
42500, 18080, 1, 0, 0
43000, 18828, 1, 0, 0
43500, 20180, 1, 0, 0
44000, 19680, 1, 0, 0
44500, 21292, 1, 0, 0
45000, 23064, 1, 0, 0
45500, 26416, 1, 0, 0
46000, 23140, 1, 0, 0
46500, 26936, 1, 0, 0
47000, 25988, 1, 0, 0
47500, 31828, 1, 0, 0
48000, 36324, 1, 0, 0
48500, 39140, 1, 0, 0
49000, 47304, 1, 0, 0
49500, 67056, 1, 0, 0
50000, 104964, 1, 0, 0
50500, 8564, 1, 0, 0
51000, 8160, 1, 0, 0
51500, 8448, 1, 0, 0
52000, 8816, 1, 0, 0
52500, 9428, 1, 0, 0
53000, 9468, 1, 0, 0
53500, 9936, 1, 0, 0
54000, 11400, 1, 0, 0
54500, 10088, 1, 0, 0
55000, 10364, 1, 0, 0
55500, 10384, 1, 0, 0
56000, 11124, 1, 0, 0
56500, 11624, 1, 0, 0
57000, 11012, 1, 0, 0
57500, 12508, 1, 0, 0
58000, 11456, 1, 0, 0
58500, 11768, 1, 0, 0
59000, 10908, 1, 0, 0
59500, 11660, 1, 0, 0
60000, 11428, 1, 0, 0
