500, 233348, 1, 0, 0
1000, 233370, 1, 0, 0
1500, 233602, 1, 0, 0
2000, 233052, 1, 0, 0
2500, 232870, 1, 0, 0
3000, 233399, 1, 0, 0
3500, 232743, 1, 0, 0
4000, 232127, 1, 0, 0
4500, 233703, 1, 0, 0
5000, 233195, 1, 0, 0
5500, 232298, 1, 0, 0
6015, 569173, 1, 0, 0
6506, 3789032, 1, 0, 0
7016, 3578894, 1, 0, 0
7502, 3650007, 1, 0, 0
8006, 3621397, 1, 0, 0
8513, 3446975, 1, 0, 0
9000, 3356125, 1, 0, 0
9500, 3211212, 1, 0, 0
10000, 3144762, 1, 0, 0
10505, 2701106, 1, 0, 0
11003, 2892256, 1, 0, 0
11511, 3126604, 1, 0, 0
12006, 2700897, 1, 0, 0
12501, 2567999, 1, 0, 0
13006, 2817033, 1, 0, 0
13511, 2811902, 1, 0, 0
14001, 2761408, 1, 0, 0
14500, 2719567, 1, 0, 0
15000, 2573526, 1, 0, 0
15504, 2884820, 1, 0, 0
16008, 3019452, 1, 0, 0
16511, 2872331, 1, 0, 0
17000, 2920465, 1, 0, 0
17505, 2669644, 1, 0, 0
18007, 2839688, 1, 0, 0
18509, 2928555, 1, 0, 0
19000, 2752041, 1, 0, 0
19500, 2693927, 1, 0, 0
20000, 2628765, 1, 0, 0
20511, 2441158, 1, 0, 0
21002, 2987972, 1, 0, 0
21512, 2507578, 1, 0, 0
22011, 2641274, 1, 0, 0
22508, 2684268, 1, 0, 0
23003, 2727575, 1, 0, 0
23500, 2694529, 1, 0, 0
24009, 2622259, 1, 0, 0
24502, 2619815, 1, 0, 0
25001, 2519235, 1, 0, 0
25500, 2511901, 1, 0, 0
26000, 2415359, 1, 0, 0
26500, 2366572, 1, 0, 0
27000, 2415783, 1, 0, 0
27512, 2327702, 1, 0, 0
28000, 2557315, 1, 0, 0
28500, 2637204, 1, 0, 0
29013, 2326944, 1, 0, 0
29503, 2400946, 1, 0, 0
30006, 2467701, 1, 0, 0
30509, 2397201, 1, 0, 0
31008, 2387433, 1, 0, 0
31503, 2453017, 1, 0, 0
32000, 2508291, 1, 0, 0
32512, 2248351, 1, 0, 0
33003, 2425876, 1, 0, 0
33500, 2257618, 1, 0, 0
34010, 2336868, 1, 0, 0
34501, 1938301, 1, 0, 0
35002, 2326105, 1, 0, 0
35500, 2280260, 1, 0, 0
36005, 2067598, 1, 0, 0
36502, 2297198, 1, 0, 0
37003, 2153081, 1, 0, 0
37500, 2079119, 1, 0, 0
38000, 2116965, 1, 0, 0
38500, 1973129, 1, 0, 0
39012, 1953859, 1, 0, 0
39500, 2068646, 1, 0, 0
40000, 1828405, 1, 0, 0
40504, 1897117, 1, 0, 0
41000, 2005095, 1, 0, 0
41511, 1826413, 1, 0, 0
42007, 1856120, 1, 0, 0
42504, 1745959, 1, 0, 0
43007, 1714349, 1, 0, 0
43507, 1583453, 1, 0, 0
44002, 1615291, 1, 0, 0
44500, 1541525, 1, 0, 0
45000, 1384873, 1, 0, 0
45509, 1199052, 1, 0, 0
46006, 1375897, 1, 0, 0
46505, 1187166, 1, 0, 0
47000, 1244101, 1, 0, 0
47506, 1003224, 1, 0, 0
48006, 877911, 1, 0, 0
48500, 821955, 1, 0, 0
49000, 676204, 1, 0, 0
49500, 476718, 1, 0, 0
50000, 294931, 1, 0, 0
50510, 3803856, 1, 0, 0
51000, 3867857, 1, 0, 0
51505, 3820355, 1, 0, 0
52011, 3656102, 1, 0, 0
52500, 3328126, 1, 0, 0
53002, 3389079, 1, 0, 0
53503, 3231808, 1, 0, 0
54010, 2858496, 1, 0, 0
54506, 3127293, 1, 0, 0
55000, 3071501, 1, 0, 0
55504, 3088455, 1, 0, 0
56013, 2927876, 1, 0, 0
56504, 2706082, 1, 0, 0
57006, 2923826, 1, 0, 0
57500, 2616646, 1, 0, 0
58002, 2699020, 1, 0, 0
58510, 2774118, 1, 0, 0
59002, 2884206, 1, 0, 0
59500, 2805923, 1, 0, 0
60010, 2772381, 1, 0, 0
60010, 16542005, 1, 0, 0
