[70171.741291] KSC2026-MARK map16k_bs16k_r3 insmod 1791445934242801955
[70171.754605] NVMeVirt: Version 1.10 for >> Samsung 970 Pro SSD <<
[70171.754613] NVMeVirt: Storage: 0x300100000-0x600000000 (12287 MiB)
[70171.764491] NVMeVirt: Total Capacity(GiB,MiB)=3,3072 chs=2 luns=4 lines=384 blk-size(MiB,KiB)=2,2048 line-size(MiB,KiB)=8,8192
[70171.764496] NVMeVirt: KSC2026: mapping unit=16384 B, flash page=32768 B, oneshot page=32768 B, pgs_per_blk=128, blks_per_pl=384, write buffer=1048576 B
[70171.769986] NVMeVirt: [chmodel_init] bandwidth 800 max_credits 26 tx_time 152
[70171.773362] NVMeVirt: [chmodel_init] bandwidth 800 max_credits 26 tx_time 152
[70171.773372] NVMeVirt: [chmodel_init] bandwidth 3360 max_credits 110 tx_time 36
[70171.773709] NVMeVirt: pqueue: Copyright (c) 2014, Volkan Yazıcı <volkan.yazici@gmail.com>. All rights reserved.
[70171.773711] NVMeVirt: Init FTL instance with 2 channels (196608 pages)
[70171.776844] NVMeVirt: [chmodel_init] bandwidth 800 max_credits 26 tx_time 152
[70171.779951] NVMeVirt: [chmodel_init] bandwidth 800 max_credits 26 tx_time 152
[70171.779961] NVMeVirt: [chmodel_init] bandwidth 3360 max_credits 110 tx_time 36
[70171.780292] NVMeVirt: Init FTL instance with 2 channels (196608 pages)
[70171.783372] NVMeVirt: [chmodel_init] bandwidth 800 max_credits 26 tx_time 152
[70171.786470] NVMeVirt: [chmodel_init] bandwidth 800 max_credits 26 tx_time 152
[70171.786480] NVMeVirt: [chmodel_init] bandwidth 3360 max_credits 110 tx_time 36
[70171.786815] NVMeVirt: Init FTL instance with 2 channels (196608 pages)
[70171.789890] NVMeVirt: [chmodel_init] bandwidth 800 max_credits 26 tx_time 152
[70171.792951] NVMeVirt: [chmodel_init] bandwidth 800 max_credits 26 tx_time 152
[70171.792962] NVMeVirt: [chmodel_init] bandwidth 3360 max_credits 110 tx_time 36
[70171.793304] NVMeVirt: Init FTL instance with 2 channels (196608 pages)
[70171.793307] NVMeVirt: FTL physical space: 12883853312, logical space: 12040984403 (physical/logical * 100 = 107)
[70171.793308] NVMeVirt: KSC2026: WBUF_FIX=1 GC_STATS=1
[70171.793308] NVMeVirt: ns 0/1: size 11483 MiB
[70171.793338] PCI host bridge to bus 0001:10
[70171.793339] pci_bus 0001:10: root bus resource [io  0x0000-0xffff]
[70171.793341] pci_bus 0001:10: root bus resource [mem 0x00000000-0x3fffffffffff]
[70171.793342] pci_bus 0001:10: root bus resource [bus 00-ff]
[70171.793348] pci 0001:10:00.0: [0c51:0110] type 00 class 0x010802 PCIe Endpoint
[70171.793350] pci 0001:10:00.0: BAR 0 [mem 0x300000000-0x300003fff 64bit]
[70171.793351] pci 0001:10:00.0: enabling Extended Tags
[70171.793452] NVMeVirt: Virtual PCI bus created (node 0)
[70171.794778] NVMeVirt: nvmev_io_worker_0 started on cpu 4 (node 0)
[70171.794948] NVMeVirt: nvmev_io_worker_1 started on cpu 5 (node 0)
[70171.794964] NVMeVirt: nvmev_dispatcher started on cpu 3 (node 0)
[70171.795031] nvme nvme1: pci function 0001:10:00.0
[70171.798698] nvme nvme1: 1/0/0 default/read/poll queues
[70171.800629] NVMeVirt: Virtual NVMe device created
[70177.839900] KSC2026-MARK map16k_bs16k_r3 fio-start 1791445940355029732
[70183.760950] NVMeVirt: KSC2026: first GC part=0 victim line=135 vpc=468 ipc=44 free_lines=2 host_pgs=194560
[70183.762246] NVMeVirt: KSC2026: first GC part=1 victim line=144 vpc=465 ipc=47 free_lines=2 host_pgs=194560
[70183.782521] NVMeVirt: KSC2026: first GC part=2 victim line=218 vpc=466 ipc=46 free_lines=2 host_pgs=194560
[70183.782693] NVMeVirt: KSC2026: first GC part=3 victim line=182 vpc=466 ipc=46 free_lines=2 host_pgs=194560
[70238.876374] KSC2026-MARK map16k_bs16k_r3 fio-end
[70238.880424] KSC2026-MARK map16k_bs16k_r3 rmmod 1791446001396875908
[70238.949395] pci_bus 0001:10: busn_res: [bus 10-ff] is released
[70238.949437] NVMeVirt: KSC2026: stats part=0 host_pgs=405037 gc_pgs=867257 gc_cnt=2104 free_lines=2
[70238.949439] NVMeVirt: KSC2026: stats part=1 host_pgs=405096 gc_pgs=866690 gc_cnt=2103 free_lines=2
[70238.949439] NVMeVirt: KSC2026: stats part=2 host_pgs=405065 gc_pgs=865195 gc_cnt=2100 free_lines=2
[70238.949440] NVMeVirt: KSC2026: stats part=3 host_pgs=404624 gc_pgs=861533 gc_cnt=2092 free_lines=2
[70238.977171] NVMeVirt: Virtual NVMe device closed
