500, 114336, 1, 0, 0
1000, 114608, 1, 0, 0
1500, 114204, 1, 0, 0
2000, 114493, 1, 0, 0
2500, 114192, 1, 0, 0
3000, 114241, 1, 0, 0
3500, 114583, 1, 0, 0
4000, 114177, 1, 0, 0
4500, 114138, 1, 0, 0
5000, 114520, 1, 0, 0
5500, 113889, 1, 0, 0
6000, 271797, 1, 0, 0
6502, 426941, 1, 0, 0
7000, 432788, 1, 0, 0
7502, 424883, 1, 0, 0
8000, 415516, 1, 0, 0
8500, 513426, 1, 0, 0
9003, 438766, 1, 0, 0
9503, 422290, 1, 0, 0
10005, 467354, 1, 0, 0
10503, 579961, 1, 0, 0
11008, 583622, 1, 0, 0
11500, 565759, 1, 0, 0
12004, 610511, 1, 0, 0
12500, 610647, 1, 0, 0
13005, 626810, 1, 0, 0
13500, 735287, 1, 0, 0
14000, 581041, 1, 0, 0
14500, 655773, 1, 0, 0
15006, 604660, 1, 0, 0
15508, 680661, 1, 0, 0
16003, 705739, 1, 0, 0
16500, 742366, 1, 0, 0
17009, 762669, 1, 0, 0
17500, 789150, 1, 0, 0
18003, 798487, 1, 0, 0
18500, 819841, 1, 0, 0
19003, 832034, 1, 0, 0
19500, 883086, 1, 0, 0
20009, 899448, 1, 0, 0
20509, 856418, 1, 0, 0
21005, 942430, 1, 0, 0
21506, 917455, 1, 0, 0
22007, 974163, 1, 0, 0
22509, 1021556, 1, 0, 0
23000, 1006460, 1, 0, 0
23502, 1058061, 1, 0, 0
24000, 982706, 1, 0, 0
24500, 995624, 1, 0, 0
25007, 1074712, 1, 0, 0
25500, 976899, 1, 0, 0
26012, 1073950, 1, 0, 0
26500, 1107331, 1, 0, 0
27000, 1126208, 1, 0, 0
27508, 1185538, 1, 0, 0
28000, 1142698, 1, 0, 0
28500, 1210432, 1, 0, 0
29002, 1185043, 1, 0, 0
29508, 1037779, 1, 0, 0
30006, 956615, 1, 0, 0
30507, 981404, 1, 0, 0
31010, 1151325, 1, 0, 0
31500, 1194186, 1, 0, 0
32007, 1226840, 1, 0, 0
32500, 1211576, 1, 0, 0
33006, 1194106, 1, 0, 0
33509, 1315104, 1, 0, 0
34013, 1327581, 1, 0, 0
34500, 1190273, 1, 0, 0
35000, 1179458, 1, 0, 0
35500, 1268702, 1, 0, 0
36008, 1377042, 1, 0, 0
36506, 1390869, 1, 0, 0
37004, 1322305, 1, 0, 0
37500, 1283457, 1, 0, 0
38000, 1383880, 1, 0, 0
38500, 1464193, 1, 0, 0
39001, 1449736, 1, 0, 0
39502, 1244887, 1, 0, 0
40011, 1456982, 1, 0, 0
40505, 1396736, 1, 0, 0
41000, 1449355, 1, 0, 0
41500, 1404188, 1, 0, 0
42006, 1643547, 1, 0, 0
42501, 1568348, 1, 0, 0
43006, 1481699, 1, 0, 0
43510, 1467780, 1, 0, 0
44010, 1588852, 1, 0, 0
44507, 1598681, 1, 0, 0
45004, 1580806, 1, 0, 0
45508, 1448963, 1, 0, 0
46000, 1652143, 1, 0, 0
46509, 1560499, 1, 0, 0
47011, 1478981, 1, 0, 0
47506, 1572054, 1, 0, 0
48007, 1461798, 1, 0, 0
48510, 1443539, 1, 0, 0
49005, 1562057, 1, 0, 0
49511, 1726678, 1, 0, 0
50001, 1601116, 1, 0, 0
50512, 1636970, 1, 0, 0
51011, 1495983, 1, 0, 0
51512, 1440044, 1, 0, 0
52000, 1721890, 1, 0, 0
52500, 1455856, 1, 0, 0
53000, 1533251, 1, 0, 0
53515, 1509084, 1, 0, 0
54015, 1533311, 1, 0, 0
54511, 1548195, 1, 0, 0
55000, 1728286, 1, 0, 0
55502, 1417394, 1, 0, 0
56004, 1438430, 1, 0, 0
56500, 1617640, 1, 0, 0
57012, 1534300, 1, 0, 0
57504, 1642373, 1, 0, 0
58012, 1660425, 1, 0, 0
58506, 1592768, 1, 0, 0
59001, 1580565, 1, 0, 0
59514, 1563428, 1, 0, 0
60013, 1482437, 1, 0, 0
60013, 15169735, 1, 0, 0
