500, 1117760, 1, 0, 0
1000, 1115272, 1, 0, 0
1500, 1118992, 1, 0, 0
2000, 1116128, 1, 0, 0
2500, 1119136, 1, 0, 0
3000, 1118496, 1, 0, 0
3500, 1115360, 1, 0, 0
4000, 1119168, 1, 0, 0
4500, 1119488, 1, 0, 0
5000, 1115936, 1, 0, 0
5500, 1121848, 1, 0, 0
6000, 469448, 1, 0, 0
6500, 296224, 1, 0, 0
7000, 299584, 1, 0, 0
7500, 296968, 1, 0, 0
8000, 311374, 1, 0, 0
8500, 245536, 1, 0, 0
9000, 293632, 1, 0, 0
9500, 303296, 1, 0, 0
10000, 273760, 1, 0, 0
10500, 220960, 1, 0, 0
11000, 219744, 1, 0, 0
11500, 227608, 1, 0, 0
12000, 207144, 1, 0, 0
12500, 211776, 1, 0, 0
13000, 202016, 1, 0, 0
13500, 176000, 1, 0, 0
14000, 215040, 1, 0, 0
14500, 200416, 1, 0, 0
15000, 209440, 1, 0, 0
15500, 187616, 1, 0, 0
16000, 179584, 1, 0, 0
16500, 175520, 1, 0, 0
17000, 167040, 1, 0, 0
17500, 163568, 1, 0, 0
18000, 156496, 1, 0, 0
18500, 158720, 1, 0, 0
19000, 151496, 1, 0, 0
19500, 144432, 1, 0, 0
20000, 144448, 1, 0, 0
20500, 149088, 1, 0, 0
21000, 134701, 1, 0, 0
21500, 141344, 1, 0, 0
22000, 130496, 1, 0, 0
22500, 126112, 1, 0, 0
23000, 127424, 1, 0, 0
23500, 118336, 1, 0, 0
24000, 133088, 1, 0, 0
24500, 128448, 1, 0, 0
25000, 118016, 1, 0, 0
25500, 132256, 1, 0, 0
26000, 118848, 1, 0, 0
26500, 114376, 1, 0, 0
27000, 112120, 1, 0, 0
27500, 109544, 1, 0, 0
28000, 113824, 1, 0, 0
28500, 105520, 1, 0, 0
29000, 105424, 1, 0, 0
29500, 124496, 1, 0, 0
30000, 133568, 1, 0, 0
30500, 130048, 1, 0, 0
31000, 112264, 1, 0, 0
31500, 105160, 1, 0, 0
32000, 105576, 1, 0, 0
32500, 106880, 1, 0, 0
33000, 105760, 1, 0, 0
33500, 97504, 1, 0, 0
34000, 97440, 1, 0, 0
34500, 108584, 1, 0, 0
35000, 107440, 1, 0, 0
35500, 100928, 1, 0, 0
36000, 92136, 1, 0, 0
36500, 91624, 1, 0, 0
37000, 96328, 1, 0, 0
37500, 101600, 1, 0, 0
38000, 92728, 1, 0, 0
38500, 87064, 1, 0, 0
39000, 86264, 1, 0, 0
39500, 103104, 1, 0, 0
40000, 88984, 1, 0, 0
40500, 90320, 1, 0, 0
41000, 90848, 1, 0, 0
41500, 90592, 1, 0, 0
42000, 76608, 1, 0, 0
42500, 80512, 1, 0, 0
43000, 87040, 1, 0, 0
43500, 87936, 1, 0, 0
44000, 80768, 1, 0, 0
44500, 79584, 1, 0, 0
45000, 80448, 1, 0, 0
45500, 89088, 1, 0, 0
46000, 79232, 1, 0, 0
46500, 80448, 1, 0, 0
47000, 86912, 1, 0, 0
47500, 80448, 1, 0, 0
48000, 87968, 1, 0, 0
48500, 88832, 1, 0, 0
49000, 81408, 1, 0, 0
49500, 75072, 1, 0, 0
50000, 78428, 1, 0, 0
50500, 79840, 1, 0, 0
51000, 85248, 1, 0, 0
51500, 89184, 1, 0, 0
52000, 74720, 1, 0, 0
52500, 85088, 1, 0, 0
53000, 86304, 1, 0, 0
53500, 84416, 1, 0, 0
54000, 83680, 1, 0, 0
54500, 82080, 1, 0, 0
55000, 74816, 1, 0, 0
55500, 87648, 1, 0, 0
56000, 89504, 1, 0, 0
56500, 80960, 1, 0, 0
57000, 82752, 1, 0, 0
57500, 76576, 1, 0, 0
58000, 78656, 1, 0, 0
58500, 79072, 1, 0, 0
59000, 80224, 1, 0, 0
59500, 84032, 1, 0, 0
60000, 86272, 1, 0, 0
