500, 279444, 1, 0, 0
1000, 278804, 1, 0, 0
1500, 279748, 1, 0, 0
2000, 279032, 1, 0, 0
2500, 279784, 1, 0, 0
3000, 279624, 1, 0, 0
3500, 278840, 1, 0, 0
4000, 279792, 1, 0, 0
4500, 279872, 1, 0, 0
5000, 278984, 1, 0, 0
5500, 280462, 1, 0, 0
6000, 117362, 1, 0, 0
6500, 74056, 1, 0, 0
7000, 74896, 1, 0, 0
7500, 74242, 1, 0, 0
8000, 77843, 1, 0, 0
8500, 61384, 1, 0, 0
9000, 73408, 1, 0, 0
9500, 75824, 1, 0, 0
10000, 68440, 1, 0, 0
10500, 55240, 1, 0, 0
11000, 54936, 1, 0, 0
11500, 56902, 1, 0, 0
12000, 51786, 1, 0, 0
12500, 52944, 1, 0, 0
13000, 50504, 1, 0, 0
13500, 44000, 1, 0, 0
14000, 53760, 1, 0, 0
14500, 50104, 1, 0, 0
15000, 52360, 1, 0, 0
15500, 46904, 1, 0, 0
16000, 44896, 1, 0, 0
16500, 43880, 1, 0, 0
17000, 41760, 1, 0, 0
17500, 40892, 1, 0, 0
18000, 39124, 1, 0, 0
18500, 39680, 1, 0, 0
19000, 37874, 1, 0, 0
19500, 36108, 1, 0, 0
20000, 36112, 1, 0, 0
20500, 37272, 1, 0, 0
21000, 33675, 1, 0, 0
21500, 35336, 1, 0, 0
22000, 32624, 1, 0, 0
22500, 31528, 1, 0, 0
23000, 31856, 1, 0, 0
23500, 29584, 1, 0, 0
24000, 33272, 1, 0, 0
24500, 32112, 1, 0, 0
25000, 29504, 1, 0, 0
25500, 33064, 1, 0, 0
26000, 29712, 1, 0, 0
26500, 28594, 1, 0, 0
27000, 28030, 1, 0, 0
27500, 27386, 1, 0, 0
28000, 28456, 1, 0, 0
28500, 26380, 1, 0, 0
29000, 26356, 1, 0, 0
29500, 31124, 1, 0, 0
30000, 33392, 1, 0, 0
30500, 32512, 1, 0, 0
31000, 28066, 1, 0, 0
31500, 26290, 1, 0, 0
32000, 26394, 1, 0, 0
32500, 26720, 1, 0, 0
33000, 26440, 1, 0, 0
33500, 24376, 1, 0, 0
34000, 24360, 1, 0, 0
34500, 27146, 1, 0, 0
35000, 26860, 1, 0, 0
35500, 25232, 1, 0, 0
36000, 23034, 1, 0, 0
36500, 22906, 1, 0, 0
37000, 24082, 1, 0, 0
37500, 25400, 1, 0, 0
38000, 23182, 1, 0, 0
38500, 21766, 1, 0, 0
39000, 21566, 1, 0, 0
39500, 25776, 1, 0, 0
40000, 22246, 1, 0, 0
40500, 22580, 1, 0, 0
41000, 22712, 1, 0, 0
41500, 22648, 1, 0, 0
42000, 19152, 1, 0, 0
42500, 20128, 1, 0, 0
43000, 21760, 1, 0, 0
43500, 21984, 1, 0, 0
44000, 20192, 1, 0, 0
44500, 19896, 1, 0, 0
45000, 20112, 1, 0, 0
45500, 22272, 1, 0, 0
46000, 19808, 1, 0, 0
46500, 20112, 1, 0, 0
47000, 21728, 1, 0, 0
47500, 20112, 1, 0, 0
48000, 21992, 1, 0, 0
48500, 22208, 1, 0, 0
49000, 20352, 1, 0, 0
49500, 18768, 1, 0, 0
50000, 19607, 1, 0, 0
50500, 19960, 1, 0, 0
51000, 21312, 1, 0, 0
51500, 22296, 1, 0, 0
52000, 18680, 1, 0, 0
52500, 21272, 1, 0, 0
53000, 21576, 1, 0, 0
53500, 21104, 1, 0, 0
54000, 20920, 1, 0, 0
54500, 20520, 1, 0, 0
55000, 18704, 1, 0, 0
55500, 21912, 1, 0, 0
56000, 22376, 1, 0, 0
56500, 20240, 1, 0, 0
57000, 20688, 1, 0, 0
57500, 19144, 1, 0, 0
58000, 19664, 1, 0, 0
58500, 19768, 1, 0, 0
59000, 20056, 1, 0, 0
59500, 21008, 1, 0, 0
60000, 21568, 1, 0, 0
