500, 113491, 1, 0, 0
1000, 113764, 1, 0, 0
1500, 113360, 1, 0, 0
2000, 113649, 1, 0, 0
2500, 113345, 1, 0, 0
3000, 113396, 1, 0, 0
3500, 113737, 1, 0, 0
4000, 113330, 1, 0, 0
4500, 113295, 1, 0, 0
5000, 113672, 1, 0, 0
5500, 113043, 1, 0, 0
6000, 270942, 1, 0, 0
6502, 426090, 1, 0, 0
7000, 431939, 1, 0, 0
7502, 424027, 1, 0, 0
8000, 414665, 1, 0, 0
8500, 512571, 1, 0, 0
9003, 437912, 1, 0, 0
9503, 421435, 1, 0, 0
10005, 466503, 1, 0, 0
10503, 579107, 1, 0, 0
11008, 582769, 1, 0, 0
11500, 564908, 1, 0, 0
12004, 609657, 1, 0, 0
12500, 609798, 1, 0, 0
13005, 625957, 1, 0, 0
13500, 734435, 1, 0, 0
14000, 580189, 1, 0, 0
14500, 654921, 1, 0, 0
15006, 603808, 1, 0, 0
15508, 679809, 1, 0, 0
16003, 704885, 1, 0, 0
16500, 741511, 1, 0, 0
17009, 761814, 1, 0, 0
17500, 788299, 1, 0, 0
18003, 797632, 1, 0, 0
18500, 818989, 1, 0, 0
19003, 831180, 1, 0, 0
19500, 882231, 1, 0, 0
20009, 898594, 1, 0, 0
20509, 855564, 1, 0, 0
21005, 941575, 1, 0, 0
21506, 916600, 1, 0, 0
22008, 973307, 1, 0, 0
22509, 1020700, 1, 0, 0
23000, 1005602, 1, 0, 0
23502, 1057205, 1, 0, 0
24000, 981851, 1, 0, 0
24500, 994769, 1, 0, 0
25007, 1073853, 1, 0, 0
25500, 976043, 1, 0, 0
26012, 1073094, 1, 0, 0
26500, 1106477, 1, 0, 0
27000, 1125349, 1, 0, 0
27508, 1184680, 1, 0, 0
28000, 1141840, 1, 0, 0
28500, 1209577, 1, 0, 0
29002, 1184189, 1, 0, 0
29508, 1036925, 1, 0, 0
30006, 955762, 1, 0, 0
30507, 980551, 1, 0, 0
31010, 1150466, 1, 0, 0
31500, 1193328, 1, 0, 0
32007, 1225982, 1, 0, 0
32500, 1210721, 1, 0, 0
33006, 1193254, 1, 0, 0
33509, 1314249, 1, 0, 0
34013, 1326725, 1, 0, 0
34500, 1189419, 1, 0, 0
35000, 1178603, 1, 0, 0
35500, 1267834, 1, 0, 0
36008, 1376183, 1, 0, 0
36506, 1390010, 1, 0, 0
37004, 1321450, 1, 0, 0
37500, 1282604, 1, 0, 0
38000, 1383024, 1, 0, 0
38500, 1463338, 1, 0, 0
39001, 1448880, 1, 0, 0
39502, 1244030, 1, 0, 0
40011, 1456128, 1, 0, 0
40505, 1395883, 1, 0, 0
41000, 1448504, 1, 0, 0
41500, 1403341, 1, 0, 0
42006, 1642684, 1, 0, 0
42501, 1567488, 1, 0, 0
43006, 1480839, 1, 0, 0
43510, 1466919, 1, 0, 0
44010, 1587990, 1, 0, 0
44507, 1597806, 1, 0, 0
45004, 1579944, 1, 0, 0
45508, 1448102, 1, 0, 0
46000, 1651281, 1, 0, 0
46509, 1559636, 1, 0, 0
47011, 1478119, 1, 0, 0
47506, 1571189, 1, 0, 0
48007, 1460935, 1, 0, 0
48510, 1442677, 1, 0, 0
49005, 1561155, 1, 0, 0
49511, 1725812, 1, 0, 0
50001, 1600251, 1, 0, 0
50512, 1636107, 1, 0, 0
51011, 1495119, 1, 0, 0
51512, 1439183, 1, 0, 0
52000, 1721026, 1, 0, 0
52500, 1454993, 1, 0, 0
53000, 1532394, 1, 0, 0
53515, 1508226, 1, 0, 0
54015, 1532452, 1, 0, 0
54511, 1547333, 1, 0, 0
55000, 1727425, 1, 0, 0
55502, 1416534, 1, 0, 0
56004, 1437569, 1, 0, 0
56500, 1616778, 1, 0, 0
57012, 1533439, 1, 0, 0
57504, 1641508, 1, 0, 0
58012, 1659557, 1, 0, 0
58506, 1591910, 1, 0, 0
59001, 1579705, 1, 0, 0
59514, 1562568, 1, 0, 0
60013, 1481580, 1, 0, 0
60013, 15168877, 1, 0, 0
