500, 143006, 1, 0, 0
1000, 142932, 1, 0, 0
1500, 142784, 1, 0, 0
2000, 142928, 1, 0, 0
2500, 142918, 1, 0, 0
3000, 142930, 1, 0, 0
3500, 142912, 1, 0, 0
4000, 142924, 1, 0, 0
4500, 142926, 1, 0, 0
5000, 142840, 1, 0, 0
5500, 132174, 1, 0, 0
6000, 7632, 1, 0, 0
6500, 7936, 1, 0, 0
7000, 8672, 1, 0, 0
7500, 8864, 1, 0, 0
8000, 9808, 1, 0, 0
8500, 10432, 1, 0, 0
9000, 10901, 1, 0, 0
9500, 11440, 1, 0, 0
10000, 12528, 1, 0, 0
10500, 12672, 1, 0, 0
11000, 14016, 1, 0, 0
11500, 14192, 1, 0, 0
12000, 15504, 1, 0, 0
12500, 15776, 1, 0, 0
13000, 12624, 1, 0, 0
13500, 13088, 1, 0, 0
14000, 12976, 1, 0, 0
14500, 13968, 1, 0, 0
15000, 14232, 1, 0, 0
15500, 14200, 1, 0, 0
16000, 14928, 1, 0, 0
16500, 14464, 1, 0, 0
17000, 15264, 1, 0, 0
17500, 15304, 1, 0, 0
18000, 15320, 1, 0, 0
18500, 15488, 1, 0, 0
19000, 15630, 1, 0, 0
19500, 15458, 1, 0, 0
20000, 16304, 1, 0, 0
20500, 16573, 1, 0, 0
21000, 16356, 1, 0, 0
21500, 16912, 1, 0, 0
22000, 17216, 1, 0, 0
22500, 17124, 1, 0, 0
23000, 17692, 1, 0, 0
23500, 18208, 1, 0, 0
24000, 18400, 1, 0, 0
24500, 18064, 1, 0, 0
25000, 19184, 1, 0, 0
25500, 19360, 1, 0, 0
26000, 19792, 1, 0, 0
26500, 20128, 1, 0, 0
27000, 20368, 1, 0, 0
27500, 21088, 1, 0, 0
28000, 21376, 1, 0, 0
28500, 22160, 1, 0, 0
29000, 22653, 1, 0, 0
29500, 23488, 1, 0, 0
30000, 23772, 1, 0, 0
30500, 24754, 1, 0, 0
31000, 25618, 1, 0, 0
31500, 27032, 1, 0, 0
32000, 27800, 1, 0, 0
32500, 28576, 1, 0, 0
33000, 30464, 1, 0, 0
33500, 31760, 1, 0, 0
34000, 33124, 1, 0, 0
34500, 36924, 1, 0, 0
35000, 38256, 1, 0, 0
35500, 43200, 1, 0, 0
36000, 47144, 1, 0, 0
36501, 54424, 1, 0, 0
37000, 65398, 1, 0, 0
37500, 96260, 1, 0, 0
38000, 92104, 1, 0, 0
38500, 7800, 1, 0, 0
39000, 8408, 1, 0, 0
39500, 8560, 1, 0, 0
40000, 9424, 1, 0, 0
40500, 9616, 1, 0, 0
41000, 10624, 1, 0, 0
41500, 10880, 1, 0, 0
42000, 12016, 1, 0, 0
42500, 12224, 1, 0, 0
43000, 13504, 1, 0, 0
43500, 14204, 1, 0, 0
44000, 14660, 1, 0, 0
44500, 15840, 1, 0, 0
45000, 14880, 1, 0, 0
45500, 13008, 1, 0, 0
46000, 13168, 1, 0, 0
46500, 13066, 1, 0, 0
47000, 14000, 1, 0, 0
47500, 13616, 1, 0, 0
48000, 14752, 1, 0, 0
48500, 14660, 1, 0, 0
49000, 14908, 1, 0, 0
49500, 15408, 1, 0, 0
50000, 14836, 1, 0, 0
50500, 15580, 1, 0, 0
51000, 15968, 1, 0, 0
51500, 15370, 1, 0, 0
52000, 15846, 1, 0, 0
52500, 16016, 1, 0, 0
53000, 15956, 1, 0, 0
53500, 16268, 1, 0, 0
54000, 17216, 1, 0, 0
54500, 17440, 1, 0, 0
55000, 16912, 1, 0, 0
55500, 18048, 1, 0, 0
56000, 18496, 1, 0, 0
56500, 18821, 1, 0, 0
57000, 18064, 1, 0, 0
57500, 18976, 1, 0, 0
58000, 19712, 1, 0, 0
58500, 19824, 1, 0, 0
59000, 20476, 1, 0, 0
59500, 20020, 1, 0, 0
60000, 21216, 1, 0, 0
