500, 2288064, 1, 0, 0
1000, 2287008, 1, 0, 0
1500, 2284544, 1, 0, 0
2000, 2286816, 1, 0, 0
2500, 2286688, 1, 0, 0
3000, 2286880, 1, 0, 0
3500, 2286592, 1, 0, 0
4000, 2286784, 1, 0, 0
4500, 2286816, 1, 0, 0
5000, 2285440, 1, 0, 0
5500, 2114784, 1, 0, 0
6000, 122112, 1, 0, 0
6500, 126976, 1, 0, 0
7000, 138752, 1, 0, 0
7500, 141824, 1, 0, 0
8000, 156928, 1, 0, 0
8500, 166912, 1, 0, 0
9000, 174428, 1, 0, 0
9500, 183040, 1, 0, 0
10000, 200448, 1, 0, 0
10500, 202752, 1, 0, 0
11000, 224256, 1, 0, 0
11500, 227072, 1, 0, 0
12000, 248064, 1, 0, 0
12500, 252416, 1, 0, 0
13000, 201984, 1, 0, 0
13500, 209408, 1, 0, 0
14000, 207616, 1, 0, 0
14500, 223488, 1, 0, 0
15000, 227712, 1, 0, 0
15500, 227200, 1, 0, 0
16000, 238848, 1, 0, 0
16500, 231424, 1, 0, 0
17000, 244224, 1, 0, 0
17500, 244864, 1, 0, 0
18000, 245120, 1, 0, 0
18500, 247808, 1, 0, 0
19000, 250080, 1, 0, 0
19500, 247328, 1, 0, 0
20000, 260864, 1, 0, 0
20500, 265170, 1, 0, 0
21000, 261696, 1, 0, 0
21500, 270592, 1, 0, 0
22000, 275456, 1, 0, 0
22500, 273984, 1, 0, 0
23000, 283072, 1, 0, 0
23500, 291328, 1, 0, 0
24000, 294400, 1, 0, 0
24500, 289024, 1, 0, 0
25000, 306944, 1, 0, 0
25500, 309760, 1, 0, 0
26000, 316672, 1, 0, 0
26500, 322048, 1, 0, 0
27000, 325888, 1, 0, 0
27500, 337408, 1, 0, 0
28000, 342016, 1, 0, 0
28500, 354560, 1, 0, 0
29000, 362452, 1, 0, 0
29500, 375808, 1, 0, 0
30000, 380352, 1, 0, 0
30500, 396064, 1, 0, 0
31000, 409888, 1, 0, 0
31500, 432512, 1, 0, 0
32000, 444800, 1, 0, 0
32500, 457216, 1, 0, 0
33000, 487424, 1, 0, 0
33500, 508160, 1, 0, 0
34000, 529984, 1, 0, 0
34500, 590784, 1, 0, 0
35000, 612096, 1, 0, 0
35500, 691200, 1, 0, 0
36000, 754304, 1, 0, 0
36501, 870784, 1, 0, 0
37000, 1046380, 1, 0, 0
37500, 1540160, 1, 0, 0
38000, 1473664, 1, 0, 0
38500, 124800, 1, 0, 0
39000, 134528, 1, 0, 0
39500, 136960, 1, 0, 0
40000, 150784, 1, 0, 0
40500, 153856, 1, 0, 0
41000, 169984, 1, 0, 0
41500, 174080, 1, 0, 0
42000, 192256, 1, 0, 0
42500, 195584, 1, 0, 0
43000, 216064, 1, 0, 0
43500, 227264, 1, 0, 0
44000, 234560, 1, 0, 0
44500, 253440, 1, 0, 0
45000, 238080, 1, 0, 0
45500, 208128, 1, 0, 0
46000, 210688, 1, 0, 0
46500, 209058, 1, 0, 0
47000, 224000, 1, 0, 0
47500, 217856, 1, 0, 0
48000, 236032, 1, 0, 0
48500, 234560, 1, 0, 0
49000, 238528, 1, 0, 0
49500, 246528, 1, 0, 0
50000, 237376, 1, 0, 0
50500, 249280, 1, 0, 0
51000, 255488, 1, 0, 0
51500, 245920, 1, 0, 0
52000, 253536, 1, 0, 0
52500, 256256, 1, 0, 0
53000, 255296, 1, 0, 0
53500, 260288, 1, 0, 0
54000, 275456, 1, 0, 0
54500, 279040, 1, 0, 0
55000, 270592, 1, 0, 0
55500, 288768, 1, 0, 0
56000, 295936, 1, 0, 0
56500, 301146, 1, 0, 0
57000, 289024, 1, 0, 0
57500, 303616, 1, 0, 0
58000, 315392, 1, 0, 0
58500, 317184, 1, 0, 0
59000, 327616, 1, 0, 0
59500, 320320, 1, 0, 0
60000, 339456, 1, 0, 0
