500, 223559, 1, 0, 0
1000, 223683, 1, 0, 0
1500, 223903, 1, 0, 0
2000, 223682, 1, 0, 0
2500, 223681, 1, 0, 0
3000, 223682, 1, 0, 0
3500, 223682, 1, 0, 0
4000, 223684, 1, 0, 0
4500, 223680, 1, 0, 0
5000, 223826, 1, 0, 0
5500, 241783, 1, 0, 0
6011, 4052865, 1, 0, 0
6504, 3975854, 1, 0, 0
7015, 3767791, 1, 0, 0
7505, 3544722, 1, 0, 0
8000, 3335018, 1, 0, 0
8508, 3018587, 1, 0, 0
9000, 2994346, 1, 0, 0
9508, 2742552, 1, 0, 0
10016, 2597644, 1, 0, 0
10504, 2468095, 1, 0, 0
11013, 2320754, 1, 0, 0
11500, 2201212, 1, 0, 0
12008, 2090672, 1, 0, 0
12515, 2059482, 1, 0, 0
13003, 2474519, 1, 0, 0
13513, 2490839, 1, 0, 0
14002, 2413318, 1, 0, 0
14509, 2325480, 1, 0, 0
15000, 2301591, 1, 0, 0
15506, 2183423, 1, 0, 0
16015, 2182315, 1, 0, 0
16503, 2162677, 1, 0, 0
17011, 2128226, 1, 0, 0
17500, 2141721, 1, 0, 0
18005, 2014093, 1, 0, 0
18511, 2092139, 1, 0, 0
19000, 2094180, 1, 0, 0
19504, 1992273, 1, 0, 0
20010, 1985314, 1, 0, 0
20500, 1956803, 1, 0, 0
21003, 1907595, 1, 0, 0
21508, 1911598, 1, 0, 0
22014, 1880746, 1, 0, 0
22500, 1881313, 1, 0, 0
23004, 1761079, 1, 0, 0
23510, 1778953, 1, 0, 0
24015, 1758376, 1, 0, 0
24501, 1718806, 1, 0, 0
25006, 1684079, 1, 0, 0
25510, 1667767, 1, 0, 0
26015, 1631342, 1, 0, 0
26500, 1607818, 1, 0, 0
27001, 1513104, 1, 0, 0
27504, 1526388, 1, 0, 0
28006, 1503714, 1, 0, 0
28510, 1453829, 1, 0, 0
29013, 1423040, 1, 0, 0
29515, 1367813, 1, 0, 0
30000, 1347923, 1, 0, 0
30500, 1293024, 1, 0, 0
31000, 1249455, 1, 0, 0
31500, 1184609, 1, 0, 0
32000, 1151342, 1, 0, 0
32512, 1111884, 1, 0, 0
33008, 1043214, 1, 0, 0
33504, 999956, 1, 0, 0
34000, 958238, 1, 0, 0
34513, 888151, 1, 0, 0
35003, 821018, 1, 0, 0
35510, 751947, 1, 0, 0
36000, 684208, 1, 0, 0
36510, 585291, 1, 0, 0
37000, 489834, 1, 0, 0
37500, 332308, 1, 0, 0
38006, 339706, 1, 0, 0
38500, 4063176, 1, 0, 0
39012, 3884759, 1, 0, 0
39502, 3668713, 1, 0, 0
40014, 3476360, 1, 0, 0
40505, 3267798, 1, 0, 0
41015, 3069694, 1, 0, 0
41504, 2877682, 1, 0, 0
42013, 2714615, 1, 0, 0
42502, 2558313, 1, 0, 0
43010, 2407993, 1, 0, 0
43500, 2314570, 1, 0, 0
44006, 2108668, 1, 0, 0
44513, 2046322, 1, 0, 0
45001, 2096327, 1, 0, 0
45509, 2501944, 1, 0, 0
46000, 2487773, 1, 0, 0
46506, 2384107, 1, 0, 0
47013, 2318723, 1, 0, 0
47502, 2295284, 1, 0, 0
48010, 2202295, 1, 0, 0
48500, 2218298, 1, 0, 0
49006, 2099294, 1, 0, 0
49513, 2101072, 1, 0, 0
50000, 2107207, 1, 0, 0
50506, 2075839, 1, 0, 0
51012, 2026864, 1, 0, 0
51500, 2036343, 1, 0, 0
52006, 2038145, 1, 0, 0
52513, 2026010, 1, 0, 0
53000, 2037302, 1, 0, 0
53504, 1902382, 1, 0, 0
54008, 1875561, 1, 0, 0
54513, 1851414, 1, 0, 0
55000, 1843226, 1, 0, 0
55505, 1791296, 1, 0, 0
56011, 1749362, 1, 0, 0
56515, 1719080, 1, 0, 0
57000, 1714900, 1, 0, 0
57504, 1699511, 1, 0, 0
58007, 1635507, 1, 0, 0
58512, 1628971, 1, 0, 0
59000, 1573362, 1, 0, 0
59500, 1548975, 1, 0, 0
60002, 1513186, 1, 0, 0
60002, 16633307, 1, 0, 0
