500, 1212, 1, 0, 0
1000, 1211, 1, 0, 0
1500, 1214, 1, 0, 0
2000, 1203, 1, 0, 0
2500, 1200, 1, 0, 0
3000, 1204, 1, 0, 0
3500, 1205, 1, 0, 0
4000, 1205, 1, 0, 0
4500, 1206, 1, 0, 0
5000, 1235, 1, 0, 0
5500, 1213, 1, 0, 0
6011, 1229, 1, 0, 0
6504, 1235, 1, 0, 0
7015, 1236, 1, 0, 0
7505, 1226, 1, 0, 0
8000, 1233, 1, 0, 0
8508, 1236, 1, 0, 0
9000, 1233, 1, 0, 0
9508, 1233, 1, 0, 0
10016, 1224, 1, 0, 0
10504, 1249, 1, 0, 0
11013, 1236, 1, 0, 0
11500, 1220, 1, 0, 0
12008, 1218, 1, 0, 0
12515, 1220, 1, 0, 0
13003, 1219, 1, 0, 0
13513, 1222, 1, 0, 0
14002, 1230, 1, 0, 0
14509, 1227, 1, 0, 0
15000, 1232, 1, 0, 0
15506, 1221, 1, 0, 0
16015, 1222, 1, 0, 0
16503, 1227, 1, 0, 0
17011, 1214, 1, 0, 0
17500, 1224, 1, 0, 0
18005, 1229, 1, 0, 0
18511, 1227, 1, 0, 0
19000, 1227, 1, 0, 0
19504, 1227, 1, 0, 0
20010, 1240, 1, 0, 0
20500, 1240, 1, 0, 0
21003, 1235, 1, 0, 0
21508, 1242, 1, 0, 0
22014, 1228, 1, 0, 0
22500, 1228, 1, 0, 0
23004, 1218, 1, 0, 0
23510, 1222, 1, 0, 0
24015, 1491, 1, 0, 0
24501, 1289, 1, 0, 0
25006, 1278, 1, 0, 0
25510, 1244, 1, 0, 0
26015, 1222, 1, 0, 0
26500, 1232, 1, 0, 0
27001, 1242, 1, 0, 0
27504, 1231, 1, 0, 0
28006, 1240, 1, 0, 0
28510, 1228, 1, 0, 0
29013, 1229, 1, 0, 0
29515, 1229, 1, 0, 0
30000, 1233, 1, 0, 0
30500, 1224, 1, 0, 0
31000, 1286, 1, 0, 0
31500, 1279, 1, 0, 0
32000, 1226, 1, 0, 0
32512, 1239, 1, 0, 0
33008, 1226, 1, 0, 0
33504, 1238, 1, 0, 0
34000, 1250, 1, 0, 0
34513, 1262, 1, 0, 0
35003, 1223, 1, 0, 0
35510, 1231, 1, 0, 0
36000, 1224, 1, 0, 0
36510, 1232, 1, 0, 0
37000, 1244, 1, 0, 0
37500, 1228, 1, 0, 0
38006, 1222, 1, 0, 0
38500, 1224, 1, 0, 0
39012, 1221, 1, 0, 0
39502, 1224, 1, 0, 0
40014, 1251, 1, 0, 0
40505, 1237, 1, 0, 0
41015, 1232, 1, 0, 0
41504, 1239, 1, 0, 0
42013, 1228, 1, 0, 0
42502, 1234, 1, 0, 0
43010, 1229, 1, 0, 0
43500, 1241, 1, 0, 0
44006, 1240, 1, 0, 0
44513, 1233, 1, 0, 0
45001, 1226, 1, 0, 0
45509, 1238, 1, 0, 0
46000, 1239, 1, 0, 0
46506, 1297, 1, 0, 0
47013, 1220, 1, 0, 0
47502, 1221, 1, 0, 0
48010, 1226, 1, 0, 0
48500, 1241, 1, 0, 0
49006, 1227, 1, 0, 0
49513, 1230, 1, 0, 0
50000, 1233, 1, 0, 0
50506, 1294, 1, 0, 0
51012, 1237, 1, 0, 0
51500, 1233, 1, 0, 0
52006, 1230, 1, 0, 0
52513, 1221, 1, 0, 0
53000, 1222, 1, 0, 0
53504, 1226, 1, 0, 0
54008, 1288, 1, 0, 0
54513, 1240, 1, 0, 0
55000, 1229, 1, 0, 0
55505, 1321, 1, 0, 0
56011, 1305, 1, 0, 0
56515, 1230, 1, 0, 0
57000, 1225, 1, 0, 0
57504, 1311, 1, 0, 0
58007, 1222, 1, 0, 0
58512, 1222, 1, 0, 0
59000, 1223, 1, 0, 0
59500, 1216, 1, 0, 0
60002, 1222, 1, 0, 0
