500, 223581, 1, 0, 0
1000, 223713, 1, 0, 0
1500, 223713, 1, 0, 0
2000, 223713, 1, 0, 0
2500, 223713, 1, 0, 0
3000, 223713, 1, 0, 0
3500, 223714, 1, 0, 0
4000, 223712, 1, 0, 0
4500, 223713, 1, 0, 0
5000, 223713, 1, 0, 0
5500, 223934, 1, 0, 0
6000, 223722, 1, 0, 0
6500, 223722, 1, 0, 0
7000, 223722, 1, 0, 0
7500, 223723, 1, 0, 0
8000, 223723, 1, 0, 0
8500, 223722, 1, 0, 0
9000, 223723, 1, 0, 0
9500, 223723, 1, 0, 0
10000, 223723, 1, 0, 0
10500, 224208, 1, 0, 0
11000, 223708, 1, 0, 0
11500, 223708, 1, 0, 0
12000, 223709, 1, 0, 0
12500, 223707, 1, 0, 0
13000, 223707, 1, 0, 0
13500, 223708, 1, 0, 0
14000, 223708, 1, 0, 0
14500, 223708, 1, 0, 0
15000, 223707, 1, 0, 0
15500, 224148, 1, 0, 0
16000, 223718, 1, 0, 0
16500, 223719, 1, 0, 0
17000, 223718, 1, 0, 0
17500, 223718, 1, 0, 0
18000, 223719, 1, 0, 0
18500, 223719, 1, 0, 0
19000, 223718, 1, 0, 0
19500, 223717, 1, 0, 0
20000, 223717, 1, 0, 0
20500, 223718, 1, 0, 0
21000, 224119, 1, 0, 0
21500, 223712, 1, 0, 0
22000, 223714, 1, 0, 0
22500, 223714, 1, 0, 0
23000, 223714, 1, 0, 0
23500, 223713, 1, 0, 0
24000, 223713, 1, 0, 0
24500, 223712, 1, 0, 0
25000, 223713, 1, 0, 0
25500, 223713, 1, 0, 0
26000, 224091, 1, 0, 0
26500, 223713, 1, 0, 0
27000, 223715, 1, 0, 0
27500, 223715, 1, 0, 0
28000, 223714, 1, 0, 0
28500, 223713, 1, 0, 0
29000, 223714, 1, 0, 0
29500, 223715, 1, 0, 0
30000, 223713, 1, 0, 0
30500, 223715, 1, 0, 0
31000, 224058, 1, 0, 0
31500, 223711, 1, 0, 0
32000, 223712, 1, 0, 0
32500, 223712, 1, 0, 0
33000, 223712, 1, 0, 0
33500, 223712, 1, 0, 0
34000, 223712, 1, 0, 0
34500, 223711, 1, 0, 0
35000, 223715, 1, 0, 0
35500, 223717, 1, 0, 0
36000, 223717, 1, 0, 0
36500, 224078, 1, 0, 0
37000, 223716, 1, 0, 0
37500, 223716, 1, 0, 0
38000, 223716, 1, 0, 0
38500, 223715, 1, 0, 0
39000, 223716, 1, 0, 0
39500, 223716, 1, 0, 0
40000, 223715, 1, 0, 0
40500, 223716, 1, 0, 0
41000, 223716, 1, 0, 0
41500, 224106, 1, 0, 0
42000, 223717, 1, 0, 0
42500, 223717, 1, 0, 0
43000, 223717, 1, 0, 0
43500, 223717, 1, 0, 0
44000, 223718, 1, 0, 0
44500, 223716, 1, 0, 0
45000, 223717, 1, 0, 0
45500, 223717, 1, 0, 0
46000, 223718, 1, 0, 0
46500, 224186, 1, 0, 0
47000, 223713, 1, 0, 0
47500, 223712, 1, 0, 0
48000, 223712, 1, 0, 0
48500, 223712, 1, 0, 0
49000, 223712, 1, 0, 0
49500, 223712, 1, 0, 0
50000, 223712, 1, 0, 0
50500, 223713, 1, 0, 0
51000, 223713, 1, 0, 0
51500, 224091, 1, 0, 0
52000, 223711, 1, 0, 0
52500, 223712, 1, 0, 0
53000, 223712, 1, 0, 0
53500, 223713, 1, 0, 0
54000, 223712, 1, 0, 0
54500, 223713, 1, 0, 0
55000, 223714, 1, 0, 0
55500, 223713, 1, 0, 0
56000, 223713, 1, 0, 0
56500, 223713, 1, 0, 0
57000, 224150, 1, 0, 0
57500, 223716, 1, 0, 0
58000, 223716, 1, 0, 0
58500, 223716, 1, 0, 0
59000, 223716, 1, 0, 0
59500, 223715, 1, 0, 0
60000, 223719, 1, 0, 0
60000, 332876, 1, 0, 0
