[85024.671552] KSC2026-MARK map16k_bs16k_r2 insmod 1791460787333910123
[85024.684378] NVMeVirt: Version 1.10 for >> Samsung 970 Pro SSD <<
[85024.684387] NVMeVirt: Storage: 0x300100000-0x600000000 (12287 MiB)
[85024.695108] NVMeVirt: Total Capacity(GiB,MiB)=3,3072 chs=2 luns=4 lines=384 blk-size(MiB,KiB)=2,2048 line-size(MiB,KiB)=8,8192
[85024.695113] NVMeVirt: KSC2026: mapping unit=16384 B, flash page=32768 B, oneshot page=32768 B, pgs_per_blk=128, blks_per_pl=384, write buffer=1048576 B
[85024.701073] NVMeVirt: [chmodel_init] bandwidth 800 max_credits 26 tx_time 152
[85024.704566] NVMeVirt: [chmodel_init] bandwidth 800 max_credits 26 tx_time 152
[85024.704577] NVMeVirt: [chmodel_init] bandwidth 3360 max_credits 110 tx_time 36
[85024.704907] NVMeVirt: pqueue: Copyright (c) 2014, Volkan Yazıcı <volkan.yazici@gmail.com>. All rights reserved.
[85024.704908] NVMeVirt: Init FTL instance with 2 channels (196608 pages)
[85024.708020] NVMeVirt: [chmodel_init] bandwidth 800 max_credits 26 tx_time 152
[85024.711113] NVMeVirt: [chmodel_init] bandwidth 800 max_credits 26 tx_time 152
[85024.711124] NVMeVirt: [chmodel_init] bandwidth 3360 max_credits 110 tx_time 36
[85024.711479] NVMeVirt: Init FTL instance with 2 channels (196608 pages)
[85024.714541] NVMeVirt: [chmodel_init] bandwidth 800 max_credits 26 tx_time 152
[85024.717625] NVMeVirt: [chmodel_init] bandwidth 800 max_credits 26 tx_time 152
[85024.717637] NVMeVirt: [chmodel_init] bandwidth 3360 max_credits 110 tx_time 36
[85024.717967] NVMeVirt: Init FTL instance with 2 channels (196608 pages)
[85024.721045] NVMeVirt: [chmodel_init] bandwidth 800 max_credits 26 tx_time 152
[85024.724096] NVMeVirt: [chmodel_init] bandwidth 800 max_credits 26 tx_time 152
[85024.724108] NVMeVirt: [chmodel_init] bandwidth 3360 max_credits 110 tx_time 36
[85024.724448] NVMeVirt: Init FTL instance with 2 channels (196608 pages)
[85024.724451] NVMeVirt: FTL physical space: 12883853312, logical space: 12040984403 (physical/logical * 100 = 107)
[85024.724452] NVMeVirt: KSC2026: WBUF_FIX=1 GC_STATS=1
[85024.724452] NVMeVirt: KSC2026: WBUF_MERGE=1 (one open mapping unit per partition merges writes smaller than 16384 B)
[85024.724453] NVMeVirt: ns 0/1: size 11483 MiB
[85024.724483] PCI host bridge to bus 0001:10
[85024.724484] pci_bus 0001:10: root bus resource [io  0x0000-0xffff]
[85024.724486] pci_bus 0001:10: root bus resource [mem 0x00000000-0x3fffffffffff]
[85024.724487] pci_bus 0001:10: root bus resource [bus 00-ff]
[85024.724493] pci 0001:10:00.0: [0c51:0110] type 00 class 0x010802 PCIe Endpoint
[85024.724495] pci 0001:10:00.0: BAR 0 [mem 0x300000000-0x300003fff 64bit]
[85024.724497] pci 0001:10:00.0: enabling Extended Tags
[85024.724600] NVMeVirt: Virtual PCI bus created (node 0)
[85024.724878] NVMeVirt: nvmev_io_worker_0 started on cpu 4 (node 0)
[85024.725063] NVMeVirt: nvmev_io_worker_1 started on cpu 5 (node 0)
[85024.725632] NVMeVirt: nvmev_dispatcher started on cpu 3 (node 0)
[85024.725903] nvme nvme1: pci function 0001:10:00.0
[85024.729116] nvme nvme1: 1/0/0 default/read/poll queues
[85024.730111] NVMeVirt: Virtual NVMe device created
[85030.766487] KSC2026-MARK map16k_bs16k_r2 fio-start 1791460793441575740
[85036.459449] NVMeVirt: KSC2026: first GC part=0 victim line=0 vpc=0 ipc=512 free_lines=2 host_pgs=194560
[85036.459469] NVMeVirt: KSC2026: first GC part=1 victim line=0 vpc=0 ipc=512 free_lines=2 host_pgs=194560
[85036.459474] NVMeVirt: KSC2026: first GC part=2 victim line=0 vpc=0 ipc=512 free_lines=2 host_pgs=194560
[85036.459518] NVMeVirt: KSC2026: first GC part=3 victim line=0 vpc=0 ipc=512 free_lines=2 host_pgs=194560
[85091.801384] KSC2026-MARK map16k_bs16k_r2 fio-end
[85091.806219] KSC2026-MARK map16k_bs16k_r2 rmmod 1791460854485197749
[85091.865851] pci_bus 0001:10: busn_res: [bus 10-ff] is released
[85091.866009] NVMeVirt: KSC2026: stats part=0 host_pgs=2143239 gc_pgs=0 gc_cnt=3807 free_lines=3
[85091.866011] NVMeVirt: KSC2026: stats part=1 host_pgs=2143238 gc_pgs=0 gc_cnt=3807 free_lines=3
[85091.866011] NVMeVirt: KSC2026: stats part=2 host_pgs=2143238 gc_pgs=0 gc_cnt=3807 free_lines=3
[85091.866012] NVMeVirt: KSC2026: stats part=3 host_pgs=2143227 gc_pgs=0 gc_cnt=3806 free_lines=3
[85091.866012] NVMeVirt: KSC2026: merge part=0 open=0 merge=0 full=0 evict=0 direct=2143239 still_open=0
[85091.866013] NVMeVirt: KSC2026: merge part=1 open=0 merge=0 full=0 evict=0 direct=2143238 still_open=0
[85091.866014] NVMeVirt: KSC2026: merge part=2 open=0 merge=0 full=0 evict=0 direct=2143238 still_open=0
[85091.866015] NVMeVirt: KSC2026: merge part=3 open=0 merge=0 full=0 evict=0 direct=2143227 still_open=0
[85091.893560] NVMeVirt: Virtual NVMe device closed
