500, 222415, 1, 0, 0
1000, 222540, 1, 0, 0
1500, 222542, 1, 0, 0
2000, 222546, 1, 0, 0
2500, 222544, 1, 0, 0
3000, 222545, 1, 0, 0
3500, 222543, 1, 0, 0
4000, 222548, 1, 0, 0
4500, 222548, 1, 0, 0
5000, 222552, 1, 0, 0
5500, 222699, 1, 0, 0
6000, 222441, 1, 0, 0
6500, 222445, 1, 0, 0
7000, 222453, 1, 0, 0
7500, 222449, 1, 0, 0
8000, 222456, 1, 0, 0
8500, 222449, 1, 0, 0
9000, 222448, 1, 0, 0
9500, 222448, 1, 0, 0
10000, 222447, 1, 0, 0
10500, 222605, 1, 0, 0
11000, 222462, 1, 0, 0
11500, 222473, 1, 0, 0
12000, 222475, 1, 0, 0
12500, 222482, 1, 0, 0
13000, 222485, 1, 0, 0
13500, 222481, 1, 0, 0
14000, 222477, 1, 0, 0
14500, 222478, 1, 0, 0
15000, 222484, 1, 0, 0
15500, 222694, 1, 0, 0
16000, 222441, 1, 0, 0
16500, 222451, 1, 0, 0
17000, 222453, 1, 0, 0
17500, 222454, 1, 0, 0
18000, 222454, 1, 0, 0
18500, 222455, 1, 0, 0
19000, 222453, 1, 0, 0
19500, 222459, 1, 0, 0
20000, 222457, 1, 0, 0
20500, 222457, 1, 0, 0
21000, 222737, 1, 0, 0
21500, 222488, 1, 0, 0
22000, 222483, 1, 0, 0
22500, 222491, 1, 0, 0
23000, 222491, 1, 0, 0
23500, 222490, 1, 0, 0
24000, 222493, 1, 0, 0
24500, 222491, 1, 0, 0
25000, 222489, 1, 0, 0
25500, 222486, 1, 0, 0
26000, 222741, 1, 0, 0
26500, 222483, 1, 0, 0
27000, 222495, 1, 0, 0
27500, 222499, 1, 0, 0
28000, 222501, 1, 0, 0
28500, 222500, 1, 0, 0
29000, 222502, 1, 0, 0
29500, 222500, 1, 0, 0
30000, 222501, 1, 0, 0
30500, 222502, 1, 0, 0
31000, 222625, 1, 0, 0
31500, 222429, 1, 0, 0
32000, 222435, 1, 0, 0
32500, 222435, 1, 0, 0
33000, 222434, 1, 0, 0
33500, 222428, 1, 0, 0
34000, 222436, 1, 0, 0
34500, 222435, 1, 0, 0
35000, 222429, 1, 0, 0
35500, 222433, 1, 0, 0
36000, 222437, 1, 0, 0
36500, 222716, 1, 0, 0
37000, 222497, 1, 0, 0
37500, 222499, 1, 0, 0
38000, 222497, 1, 0, 0
38500, 222498, 1, 0, 0
39000, 222500, 1, 0, 0
39500, 222502, 1, 0, 0
40000, 222498, 1, 0, 0
40500, 222499, 1, 0, 0
41000, 222501, 1, 0, 0
41500, 222779, 1, 0, 0
42000, 222490, 1, 0, 0
42500, 222490, 1, 0, 0
43000, 222488, 1, 0, 0
43500, 222489, 1, 0, 0
44000, 222491, 1, 0, 0
44500, 222491, 1, 0, 0
45000, 222494, 1, 0, 0
45500, 222495, 1, 0, 0
46000, 222493, 1, 0, 0
46500, 222631, 1, 0, 0
47000, 222472, 1, 0, 0
47500, 222477, 1, 0, 0
48000, 222477, 1, 0, 0
48500, 222473, 1, 0, 0
49000, 222471, 1, 0, 0
49500, 222476, 1, 0, 0
50000, 222472, 1, 0, 0
50500, 222474, 1, 0, 0
51000, 222473, 1, 0, 0
51500, 222716, 1, 0, 0
52000, 222473, 1, 0, 0
52500, 222481, 1, 0, 0
53000, 222476, 1, 0, 0
53500, 222473, 1, 0, 0
54000, 222484, 1, 0, 0
54500, 222482, 1, 0, 0
55000, 222480, 1, 0, 0
55500, 222483, 1, 0, 0
56000, 222484, 1, 0, 0
56500, 222479, 1, 0, 0
57000, 222720, 1, 0, 0
57500, 222465, 1, 0, 0
58000, 222470, 1, 0, 0
58500, 222466, 1, 0, 0
59000, 222470, 1, 0, 0
59500, 222471, 1, 0, 0
60000, 222471, 1, 0, 0
60000, 345825, 1, 0, 0
