500, 62283, 1, 0, 0
1000, 62180, 1, 0, 0
1500, 62338, 1, 0, 0
2000, 62440, 1, 0, 0
2500, 62634, 1, 0, 0
3000, 62575, 1, 0, 0
3500, 62576, 1, 0, 0
4000, 62466, 1, 0, 0
4500, 62492, 1, 0, 0
5000, 62605, 1, 0, 0
5500, 62592, 1, 0, 0
6000, 60238, 1, 0, 0
6509, 272796, 1, 0, 0
7003, 1008598, 1, 0, 0
7513, 1005128, 1, 0, 0
8003, 914069, 1, 0, 0
8513, 874384, 1, 0, 0
9005, 811954, 1, 0, 0
9506, 858933, 1, 0, 0
10009, 771573, 1, 0, 0
10500, 710428, 1, 0, 0
11000, 699979, 1, 0, 0
11512, 705551, 1, 0, 0
12000, 751622, 1, 0, 0
12510, 762389, 1, 0, 0
13007, 692793, 1, 0, 0
13514, 535148, 1, 0, 0
14004, 613300, 1, 0, 0
14510, 779305, 1, 0, 0
15001, 774355, 1, 0, 0
15504, 780183, 1, 0, 0
16000, 711580, 1, 0, 0
16500, 791707, 1, 0, 0
17012, 788319, 1, 0, 0
17506, 638845, 1, 0, 0
18011, 730658, 1, 0, 0
18514, 698746, 1, 0, 0
19000, 694154, 1, 0, 0
19500, 694655, 1, 0, 0
20010, 735449, 1, 0, 0
20010, 14693012, 1, 0, 0
