500, 61437, 1, 0, 0
1000, 61335, 1, 0, 0
1500, 61492, 1, 0, 0
2000, 61593, 1, 0, 0
2500, 61783, 1, 0, 0
3000, 61725, 1, 0, 0
3500, 61729, 1, 0, 0
4000, 61621, 1, 0, 0
4500, 61646, 1, 0, 0
5000, 61757, 1, 0, 0
5500, 61746, 1, 0, 0
6000, 59391, 1, 0, 0
6509, 271948, 1, 0, 0
7003, 1007754, 1, 0, 0
7513, 1004286, 1, 0, 0
8003, 913227, 1, 0, 0
8513, 873539, 1, 0, 0
9005, 811107, 1, 0, 0
9506, 858093, 1, 0, 0
10009, 770731, 1, 0, 0
10500, 709587, 1, 0, 0
11000, 699136, 1, 0, 0
11512, 704711, 1, 0, 0
12000, 750782, 1, 0, 0
12510, 761521, 1, 0, 0
13007, 691947, 1, 0, 0
13514, 534305, 1, 0, 0
14004, 612459, 1, 0, 0
14510, 778464, 1, 0, 0
15001, 773513, 1, 0, 0
15504, 779341, 1, 0, 0
16000, 710736, 1, 0, 0
16500, 790864, 1, 0, 0
17012, 787478, 1, 0, 0
17506, 638004, 1, 0, 0
18011, 729815, 1, 0, 0
18514, 697906, 1, 0, 0
19000, 693310, 1, 0, 0
19500, 693817, 1, 0, 0
20010, 734609, 1, 0, 0
20010, 14692183, 1, 0, 0
