500, 512554, 1, 0, 0
1000, 513330, 1, 0, 0
1500, 511956, 1, 0, 0
2000, 511148, 1, 0, 0
2500, 509580, 1, 0, 0
3000, 510012, 1, 0, 0
3500, 509996, 1, 0, 0
4000, 510906, 1, 0, 0
4500, 510686, 1, 0, 0
5000, 509752, 1, 0, 0
5500, 509810, 1, 0, 0
6000, 529810, 1, 0, 0
6500, 114868, 1, 0, 0
7000, 31310, 1, 0, 0
7500, 32480, 1, 0, 0
8000, 34608, 1, 0, 0
8500, 36960, 1, 0, 0
9000, 38816, 1, 0, 0
9500, 37472, 1, 0, 0
10000, 41744, 1, 0, 0
10500, 45600, 1, 0, 0
11000, 45616, 1, 0, 0
11500, 44976, 1, 0, 0
12000, 43026, 1, 0, 0
12500, 41438, 1, 0, 0
13000, 46048, 1, 0, 0
13500, 60240, 1, 0, 0
14000, 51264, 1, 0, 0
14500, 41536, 1, 0, 0
15000, 40672, 1, 0, 0
15500, 41104, 1, 0, 0
16000, 46048, 1, 0, 0
16500, 40384, 1, 0, 0
17000, 40288, 1, 0, 0
17500, 49600, 1, 0, 0
18000, 44192, 1, 0, 0
18500, 45984, 1, 0, 0
19000, 46368, 1, 0, 0
19500, 45856, 1, 0, 0
20000, 43152, 1, 0, 0
