500, 846, 1, 0, 0
1000, 845, 1, 0, 0
1500, 846, 1, 0, 0
2000, 848, 1, 0, 0
2500, 852, 1, 0, 0
3000, 850, 1, 0, 0
3500, 848, 1, 0, 0
4000, 845, 1, 0, 0
4500, 847, 1, 0, 0
5000, 848, 1, 0, 0
5500, 846, 1, 0, 0
6000, 847, 1, 0, 0
6509, 848, 1, 0, 0
7003, 844, 1, 0, 0
7513, 842, 1, 0, 0
8003, 842, 1, 0, 0
8513, 845, 1, 0, 0
9005, 847, 1, 0, 0
9506, 840, 1, 0, 0
10009, 842, 1, 0, 0
10500, 841, 1, 0, 0
11000, 843, 1, 0, 0
11512, 841, 1, 0, 0
12000, 841, 1, 0, 0
12510, 868, 1, 0, 0
13007, 846, 1, 0, 0
13514, 843, 1, 0, 0
14004, 842, 1, 0, 0
14510, 841, 1, 0, 0
15001, 841, 1, 0, 0
15504, 843, 1, 0, 0
16000, 843, 1, 0, 0
16500, 843, 1, 0, 0
17012, 841, 1, 0, 0
17506, 842, 1, 0, 0
18011, 842, 1, 0, 0
18514, 840, 1, 0, 0
19000, 844, 1, 0, 0
19500, 838, 1, 0, 0
20010, 840, 1, 0, 0
