500, 2050216, 1, 0, 0
1000, 2053352, 1, 0, 0
1500, 2047824, 1, 0, 0
2000, 2044592, 1, 0, 0
2500, 2038320, 1, 0, 0
3000, 2040048, 1, 0, 0
3500, 2039984, 1, 0, 0
4000, 2043624, 1, 0, 0
4500, 2042744, 1, 0, 0
5000, 2039000, 1, 0, 0
5500, 2039240, 1, 0, 0
6000, 2119240, 1, 0, 0
6500, 459472, 1, 0, 0
7000, 125242, 1, 0, 0
7500, 129920, 1, 0, 0
8000, 138432, 1, 0, 0
8500, 147840, 1, 0, 0
9000, 155264, 1, 0, 0
9500, 149888, 1, 0, 0
10000, 166976, 1, 0, 0
10500, 182400, 1, 0, 0
11000, 182464, 1, 0, 0
11500, 179904, 1, 0, 0
12000, 172104, 1, 0, 0
12500, 165752, 1, 0, 0
13000, 184192, 1, 0, 0
13500, 240960, 1, 0, 0
14000, 205056, 1, 0, 0
14500, 166144, 1, 0, 0
15000, 162688, 1, 0, 0
15500, 164416, 1, 0, 0
16000, 184192, 1, 0, 0
16500, 161536, 1, 0, 0
17000, 161152, 1, 0, 0
17500, 198400, 1, 0, 0
18000, 176768, 1, 0, 0
18500, 183936, 1, 0, 0
19000, 185472, 1, 0, 0
19500, 183424, 1, 0, 0
20000, 172608, 1, 0, 0
