500, 550672, 1, 0, 0
1000, 546784, 1, 0, 0
1500, 544592, 1, 0, 0
2000, 547968, 1, 0, 0
2500, 550352, 1, 0, 0
3000, 551904, 1, 0, 0
3500, 549344, 1, 0, 0
4000, 547424, 1, 0, 0
4500, 549680, 1, 0, 0
5000, 546768, 1, 0, 0
5500, 547616, 1, 0, 0
6000, 332960, 1, 0, 0
6500, 185072, 1, 0, 0
7000, 175152, 1, 0, 0
7500, 173664, 1, 0, 0
8000, 160736, 1, 0, 0
8500, 184640, 1, 0, 0
9000, 175104, 1, 0, 0
9500, 160320, 1, 0, 0
10000, 173856, 1, 0, 0
10500, 155680, 1, 0, 0
11000, 155552, 1, 0, 0
11500, 144529, 1, 0, 0
12000, 151600, 1, 0, 0
12500, 144112, 1, 0, 0
13000, 143920, 1, 0, 0
13500, 125184, 1, 0, 0
14000, 147696, 1, 0, 0
14500, 129280, 1, 0, 0
15000, 111520, 1, 0, 0
15500, 133872, 1, 0, 0
16000, 124528, 1, 0, 0
16500, 103072, 1, 0, 0
17000, 111632, 1, 0, 0
17500, 113184, 1, 0, 0
18000, 112336, 1, 0, 0
18500, 110256, 1, 0, 0
19000, 102208, 1, 0, 0
19500, 110800, 1, 0, 0
20000, 97824, 1, 0, 0
20500, 101696, 1, 0, 0
21000, 102912, 1, 0, 0
21500, 104624, 1, 0, 0
22000, 94848, 1, 0, 0
22500, 94864, 1, 0, 0
23000, 95728, 1, 0, 0
23500, 89632, 1, 0, 0
24000, 89282, 1, 0, 0
24500, 91408, 1, 0, 0
25000, 99216, 1, 0, 0
25500, 104704, 1, 0, 0
26000, 85840, 1, 0, 0
26500, 88288, 1, 0, 0
27000, 81616, 1, 0, 0
27500, 86080, 1, 0, 0
28000, 84000, 1, 0, 0
28500, 82848, 1, 0, 0
29000, 81504, 1, 0, 0
29500, 81680, 1, 0, 0
30000, 85360, 1, 0, 0
30500, 80400, 1, 0, 0
31000, 75952, 1, 0, 0
31500, 74976, 1, 0, 0
32000, 75536, 1, 0, 0
32500, 71824, 1, 0, 0
33000, 78064, 1, 0, 0
33500, 74288, 1, 0, 0
34000, 80192, 1, 0, 0
34500, 69872, 1, 0, 0
35000, 70176, 1, 0, 0
35500, 72816, 1, 0, 0
36000, 73472, 1, 0, 0
36500, 69440, 1, 0, 0
37000, 65904, 1, 0, 0
37500, 64016, 1, 0, 0
38000, 68448, 1, 0, 0
38500, 70208, 1, 0, 0
39000, 76352, 1, 0, 0
39500, 65024, 1, 0, 0
40000, 67959, 1, 0, 0
40500, 66800, 1, 0, 0
41000, 67984, 1, 0, 0
41500, 61936, 1, 0, 0
42000, 66768, 1, 0, 0
42500, 62352, 1, 0, 0
43000, 64592, 1, 0, 0
43500, 63264, 1, 0, 0
44000, 65152, 1, 0, 0
44500, 59840, 1, 0, 0
45000, 59792, 1, 0, 0
45500, 64272, 1, 0, 0
46000, 60368, 1, 0, 0
46500, 56480, 1, 0, 0
47000, 61072, 1, 0, 0
47500, 57976, 1, 0, 0
48000, 61720, 1, 0, 0
48500, 60240, 1, 0, 0
49000, 56752, 1, 0, 0
49500, 60000, 1, 0, 0
50000, 59920, 1, 0, 0
50500, 63968, 1, 0, 0
51000, 62992, 1, 0, 0
51500, 58240, 1, 0, 0
52000, 55312, 1, 0, 0
52500, 53792, 1, 0, 0
53000, 57696, 1, 0, 0
53500, 57376, 1, 0, 0
54000, 57792, 1, 0, 0
54500, 54272, 1, 0, 0
55000, 53776, 1, 0, 0
55500, 58224, 1, 0, 0
56000, 61856, 1, 0, 0
56500, 57024, 1, 0, 0
57000, 58592, 1, 0, 0
57501, 52000, 1, 0, 0
58000, 57907, 1, 0, 0
58500, 56224, 1, 0, 0
59000, 60544, 1, 0, 0
59500, 55568, 1, 0, 0
60000, 53128, 1, 0, 0
