500, 137668, 1, 0, 0
1000, 136692, 1, 0, 0
1500, 136148, 1, 0, 0
2000, 136992, 1, 0, 0
2500, 137588, 1, 0, 0
3000, 137976, 1, 0, 0
3500, 137336, 1, 0, 0
4000, 136856, 1, 0, 0
4500, 137420, 1, 0, 0
5000, 136692, 1, 0, 0
5500, 136904, 1, 0, 0
6000, 83240, 1, 0, 0
6500, 46268, 1, 0, 0
7000, 43788, 1, 0, 0
7500, 43416, 1, 0, 0
8000, 40184, 1, 0, 0
8500, 46160, 1, 0, 0
9000, 43776, 1, 0, 0
9500, 40080, 1, 0, 0
10000, 43464, 1, 0, 0
10500, 38920, 1, 0, 0
11000, 38888, 1, 0, 0
11500, 36132, 1, 0, 0
12000, 37900, 1, 0, 0
12500, 36028, 1, 0, 0
13000, 35980, 1, 0, 0
13500, 31296, 1, 0, 0
14000, 36924, 1, 0, 0
14500, 32320, 1, 0, 0
15000, 27880, 1, 0, 0
15500, 33468, 1, 0, 0
16000, 31132, 1, 0, 0
16500, 25768, 1, 0, 0
17000, 27908, 1, 0, 0
17500, 28296, 1, 0, 0
18000, 28084, 1, 0, 0
18500, 27564, 1, 0, 0
19000, 25552, 1, 0, 0
19500, 27700, 1, 0, 0
20000, 24456, 1, 0, 0
20500, 25424, 1, 0, 0
21000, 25728, 1, 0, 0
21500, 26156, 1, 0, 0
22000, 23712, 1, 0, 0
22500, 23716, 1, 0, 0
23000, 23932, 1, 0, 0
23500, 22408, 1, 0, 0
24000, 22320, 1, 0, 0
24500, 22852, 1, 0, 0
25000, 24804, 1, 0, 0
25500, 26176, 1, 0, 0
26000, 21460, 1, 0, 0
26500, 22072, 1, 0, 0
27000, 20404, 1, 0, 0
27500, 21520, 1, 0, 0
28000, 21000, 1, 0, 0
28500, 20712, 1, 0, 0
29000, 20376, 1, 0, 0
29500, 20420, 1, 0, 0
30000, 21340, 1, 0, 0
30500, 20100, 1, 0, 0
31000, 18988, 1, 0, 0
31500, 18744, 1, 0, 0
32000, 18884, 1, 0, 0
32500, 17956, 1, 0, 0
33000, 19516, 1, 0, 0
33500, 18572, 1, 0, 0
34000, 20048, 1, 0, 0
34500, 17468, 1, 0, 0
35000, 17544, 1, 0, 0
35500, 18204, 1, 0, 0
36000, 18368, 1, 0, 0
36500, 17360, 1, 0, 0
37000, 16476, 1, 0, 0
37500, 16004, 1, 0, 0
38000, 17112, 1, 0, 0
38500, 17552, 1, 0, 0
39000, 19088, 1, 0, 0
39500, 16256, 1, 0, 0
40000, 16989, 1, 0, 0
40500, 16700, 1, 0, 0
41000, 16996, 1, 0, 0
41500, 15484, 1, 0, 0
42000, 16692, 1, 0, 0
42500, 15588, 1, 0, 0
43000, 16148, 1, 0, 0
43500, 15816, 1, 0, 0
44000, 16288, 1, 0, 0
44500, 14960, 1, 0, 0
45000, 14948, 1, 0, 0
45500, 16068, 1, 0, 0
46000, 15092, 1, 0, 0
46500, 14120, 1, 0, 0
47000, 15268, 1, 0, 0
47500, 14494, 1, 0, 0
48000, 15430, 1, 0, 0
48500, 15060, 1, 0, 0
49000, 14188, 1, 0, 0
49500, 15000, 1, 0, 0
50000, 14980, 1, 0, 0
50500, 15992, 1, 0, 0
51000, 15748, 1, 0, 0
51500, 14560, 1, 0, 0
52000, 13828, 1, 0, 0
52500, 13448, 1, 0, 0
53000, 14424, 1, 0, 0
53500, 14344, 1, 0, 0
54000, 14448, 1, 0, 0
54500, 13568, 1, 0, 0
55000, 13444, 1, 0, 0
55500, 14556, 1, 0, 0
56000, 15464, 1, 0, 0
56500, 14256, 1, 0, 0
57000, 14648, 1, 0, 0
57501, 13000, 1, 0, 0
58000, 14476, 1, 0, 0
58500, 14056, 1, 0, 0
59000, 15136, 1, 0, 0
59500, 13892, 1, 0, 0
60000, 13282, 1, 0, 0
