500, 865, 1, 0, 0
1000, 865, 1, 0, 0
1500, 862, 1, 0, 0
2000, 864, 1, 0, 0
2500, 861, 1, 0, 0
3000, 860, 1, 0, 0
3500, 860, 1, 0, 0
4000, 864, 1, 0, 0
4500, 864, 1, 0, 0
5000, 864, 1, 0, 0
5500, 859, 1, 0, 0
6000, 875, 1, 0, 0
6500, 871, 1, 0, 0
7001, 869, 1, 0, 0
7500, 870, 1, 0, 0
8002, 867, 1, 0, 0
8500, 866, 1, 0, 0
9000, 871, 1, 0, 0
9500, 867, 1, 0, 0
10000, 866, 1, 0, 0
10503, 865, 1, 0, 0
11000, 867, 1, 0, 0
11503, 869, 1, 0, 0
12001, 867, 1, 0, 0
12500, 864, 1, 0, 0
13002, 867, 1, 0, 0
13501, 866, 1, 0, 0
14005, 864, 1, 0, 0
14501, 869, 1, 0, 0
15000, 868, 1, 0, 0
15500, 870, 1, 0, 0
16001, 869, 1, 0, 0
16502, 869, 1, 0, 0
17000, 867, 1, 0, 0
17502, 867, 1, 0, 0
18006, 871, 1, 0, 0
18500, 869, 1, 0, 0
19006, 869, 1, 0, 0
19500, 872, 1, 0, 0
20007, 871, 1, 0, 0
20500, 872, 1, 0, 0
21000, 886, 1, 0, 0
21502, 869, 1, 0, 0
22003, 872, 1, 0, 0
22507, 872, 1, 0, 0
23000, 869, 1, 0, 0
23505, 870, 1, 0, 0
24001, 864, 1, 0, 0
24501, 864, 1, 0, 0
25000, 865, 1, 0, 0
25507, 863, 1, 0, 0
26000, 867, 1, 0, 0
26509, 868, 1, 0, 0
27001, 869, 1, 0, 0
27509, 869, 1, 0, 0
28002, 873, 1, 0, 0
28503, 871, 1, 0, 0
29000, 873, 1, 0, 0
29500, 868, 1, 0, 0
30000, 872, 1, 0, 0
30500, 875, 1, 0, 0
31009, 867, 1, 0, 0
31508, 868, 1, 0, 0
32000, 871, 1, 0, 0
32500, 874, 1, 0, 0
33007, 874, 1, 0, 0
33500, 872, 1, 0, 0
34000, 872, 1, 0, 0
34505, 877, 1, 0, 0
35000, 875, 1, 0, 0
35506, 872, 1, 0, 0
36005, 873, 1, 0, 0
36503, 873, 1, 0, 0
37000, 873, 1, 0, 0
37505, 873, 1, 0, 0
38003, 872, 1, 0, 0
38508, 868, 1, 0, 0
39009, 868, 1, 0, 0
39507, 868, 1, 0, 0
40000, 869, 1, 0, 0
40508, 868, 1, 0, 0
41012, 870, 1, 0, 0
41506, 868, 1, 0, 0
42000, 869, 1, 0, 0
42500, 870, 1, 0, 0
43006, 870, 1, 0, 0
43512, 869, 1, 0, 0
44011, 870, 1, 0, 0
44500, 878, 1, 0, 0
45003, 880, 1, 0, 0
45500, 875, 1, 0, 0
46009, 872, 1, 0, 0
46506, 876, 1, 0, 0
47006, 873, 1, 0, 0
47500, 872, 1, 0, 0
48002, 875, 1, 0, 0
48506, 874, 1, 0, 0
49008, 871, 1, 0, 0
49500, 874, 1, 0, 0
50000, 874, 1, 0, 0
50500, 870, 1, 0, 0
51007, 873, 1, 0, 0
51510, 875, 1, 0, 0
52007, 879, 1, 0, 0
52504, 873, 1, 0, 0
53008, 876, 1, 0, 0
53502, 875, 1, 0, 0
54007, 877, 1, 0, 0
54500, 873, 1, 0, 0
55001, 873, 1, 0, 0
55507, 874, 1, 0, 0
56006, 875, 1, 0, 0
56500, 878, 1, 0, 0
57000, 876, 1, 0, 0
57505, 872, 1, 0, 0
58004, 875, 1, 0, 0
58501, 873, 1, 0, 0
59007, 874, 1, 0, 0
59505, 875, 1, 0, 0
60000, 876, 1, 0, 0
