500, 231392, 1, 0, 0
1000, 233062, 1, 0, 0
1500, 233985, 1, 0, 0
2000, 232553, 1, 0, 0
2500, 231546, 1, 0, 0
3000, 230890, 1, 0, 0
3500, 231918, 1, 0, 0
4000, 232777, 1, 0, 0
4500, 231852, 1, 0, 0
5000, 233052, 1, 0, 0
5500, 232692, 1, 0, 0
6000, 382821, 1, 0, 0
6500, 691152, 1, 0, 0
7001, 721468, 1, 0, 0
7500, 743933, 1, 0, 0
8002, 789883, 1, 0, 0
8500, 697810, 1, 0, 0
9000, 729928, 1, 0, 0
9500, 792257, 1, 0, 0
10000, 738988, 1, 0, 0
10503, 813851, 1, 0, 0
11000, 816183, 1, 0, 0
11503, 892188, 1, 0, 0
12001, 838480, 1, 0, 0
12500, 897911, 1, 0, 0
13002, 879419, 1, 0, 0
13501, 1017734, 1, 0, 0
14005, 870176, 1, 0, 0
14501, 980656, 1, 0, 0
15000, 1168021, 1, 0, 0
15500, 954776, 1, 0, 0
16001, 1010547, 1, 0, 0
16502, 1242233, 1, 0, 0
17000, 1162634, 1, 0, 0
17502, 1115793, 1, 0, 0
18006, 1143624, 1, 0, 0
18500, 1165507, 1, 0, 0
19006, 1248620, 1, 0, 0
19500, 1159642, 1, 0, 0
20007, 1299072, 1, 0, 0
20500, 1266257, 1, 0, 0
21000, 1213771, 1, 0, 0
21502, 1233533, 1, 0, 0
22003, 1346790, 1, 0, 0
22507, 1359298, 1, 0, 0
23000, 1321122, 1, 0, 0
23505, 1433648, 1, 0, 0
24001, 1425421, 1, 0, 0
24501, 1398071, 1, 0, 0
25000, 1313953, 1, 0, 0
25507, 1215886, 1, 0, 0
26000, 1497689, 1, 0, 0
26509, 1439986, 1, 0, 0
27001, 1544137, 1, 0, 0
27509, 1508308, 1, 0, 0
28002, 1502903, 1, 0, 0
28503, 1545731, 1, 0, 0
29000, 1599818, 1, 0, 0
29500, 1568616, 1, 0, 0
30000, 1483921, 1, 0, 0
30500, 1564502, 1, 0, 0
31009, 1716704, 1, 0, 0
31508, 1699417, 1, 0, 0
32000, 1715868, 1, 0, 0
32500, 1727785, 1, 0, 0
33007, 1662606, 1, 0, 0
33500, 1741760, 1, 0, 0
34000, 1555623, 1, 0, 0
34505, 1845596, 1, 0, 0
35000, 1816716, 1, 0, 0
35506, 1764731, 1, 0, 0
36005, 1740293, 1, 0, 0
36503, 1839435, 1, 0, 0
37000, 1973480, 1, 0, 0
37505, 1968386, 1, 0, 0
38003, 1863198, 1, 0, 0
38508, 1842617, 1, 0, 0
39009, 1672914, 1, 0, 0
39507, 1966086, 1, 0, 0
40000, 1901006, 1, 0, 0
40508, 1897344, 1, 0, 0
41012, 1896123, 1, 0, 0
41506, 2044797, 1, 0, 0
42000, 1891832, 1, 0, 0
42500, 2100470, 1, 0, 0
43006, 1955810, 1, 0, 0
43512, 2047240, 1, 0, 0
44011, 1955612, 1, 0, 0
44500, 2105479, 1, 0, 0
45003, 2148965, 1, 0, 0
45500, 2027125, 1, 0, 0
46009, 2100248, 1, 0, 0
46506, 2250644, 1, 0, 0
47006, 2090671, 1, 0, 0
47500, 2243256, 1, 0, 0
48002, 2032523, 1, 0, 0
48506, 2133250, 1, 0, 0
49008, 2262405, 1, 0, 0
49500, 2156168, 1, 0, 0
50000, 2081679, 1, 0, 0
50500, 2051529, 1, 0, 0
51007, 2005128, 1, 0, 0
51510, 2200614, 1, 0, 0
52007, 2300535, 1, 0, 0
52504, 2370086, 1, 0, 0
53008, 2243895, 1, 0, 0
53502, 2186798, 1, 0, 0
54007, 2247247, 1, 0, 0
54500, 2390092, 1, 0, 0
55001, 2308044, 1, 0, 0
55507, 2222733, 1, 0, 0
56006, 2071443, 1, 0, 0
56500, 2215510, 1, 0, 0
57000, 2241448, 1, 0, 0
57505, 2413462, 1, 0, 0
58004, 2217935, 1, 0, 0
58501, 2253921, 1, 0, 0
59007, 2136490, 1, 0, 0
59505, 2303425, 1, 0, 0
60000, 2439170, 1, 0, 0
60000, 1182536, 1, 0, 0
