500, 232256, 1, 0, 0
1000, 233927, 1, 0, 0
1500, 234847, 1, 0, 0
2000, 233417, 1, 0, 0
2500, 232408, 1, 0, 0
3000, 231750, 1, 0, 0
3500, 232778, 1, 0, 0
4000, 233641, 1, 0, 0
4500, 232716, 1, 0, 0
5000, 233915, 1, 0, 0
5500, 233551, 1, 0, 0
6000, 383696, 1, 0, 0
6500, 692022, 1, 0, 0
7001, 722337, 1, 0, 0
7500, 744804, 1, 0, 0
8002, 790750, 1, 0, 0
8500, 698675, 1, 0, 0
9000, 730799, 1, 0, 0
9500, 793124, 1, 0, 0
10000, 739855, 1, 0, 0
10503, 814716, 1, 0, 0
11000, 817050, 1, 0, 0
11503, 893057, 1, 0, 0
12001, 839347, 1, 0, 0
12500, 898775, 1, 0, 0
13002, 880287, 1, 0, 0
13501, 1018601, 1, 0, 0
14005, 871040, 1, 0, 0
14501, 981525, 1, 0, 0
15000, 1168889, 1, 0, 0
15500, 955646, 1, 0, 0
16001, 1011416, 1, 0, 0
16502, 1243103, 1, 0, 0
17000, 1163501, 1, 0, 0
17502, 1116661, 1, 0, 0
18006, 1144495, 1, 0, 0
18500, 1166376, 1, 0, 0
19006, 1249489, 1, 0, 0
19500, 1160514, 1, 0, 0
20007, 1299943, 1, 0, 0
20500, 1267129, 1, 0, 0
21000, 1214657, 1, 0, 0
21502, 1234402, 1, 0, 0
22003, 1347662, 1, 0, 0
22507, 1360170, 1, 0, 0
23000, 1321991, 1, 0, 0
23505, 1434518, 1, 0, 0
24001, 1426285, 1, 0, 0
24501, 1398935, 1, 0, 0
25000, 1314818, 1, 0, 0
25507, 1216748, 1, 0, 0
26000, 1498557, 1, 0, 0
26509, 1440854, 1, 0, 0
27001, 1545006, 1, 0, 0
27509, 1509177, 1, 0, 0
28002, 1503776, 1, 0, 0
28503, 1546602, 1, 0, 0
29000, 1600691, 1, 0, 0
29500, 1569484, 1, 0, 0
30000, 1484793, 1, 0, 0
30500, 1565377, 1, 0, 0
31009, 1717570, 1, 0, 0
31508, 1700285, 1, 0, 0
32000, 1716739, 1, 0, 0
32500, 1728659, 1, 0, 0
33007, 1663479, 1, 0, 0
33500, 1742632, 1, 0, 0
34000, 1556495, 1, 0, 0
34505, 1846473, 1, 0, 0
35000, 1817590, 1, 0, 0
35506, 1765604, 1, 0, 0
36005, 1741166, 1, 0, 0
36503, 1840308, 1, 0, 0
37000, 1974353, 1, 0, 0
37505, 1969258, 1, 0, 0
38003, 1864070, 1, 0, 0
38508, 1843485, 1, 0, 0
39009, 1673782, 1, 0, 0
39507, 1966954, 1, 0, 0
40000, 1901875, 1, 0, 0
40508, 1898212, 1, 0, 0
41012, 1896993, 1, 0, 0
41506, 2045665, 1, 0, 0
42000, 1892701, 1, 0, 0
42500, 2101340, 1, 0, 0
43006, 1956680, 1, 0, 0
43512, 2048108, 1, 0, 0
44011, 1956482, 1, 0, 0
44500, 2106357, 1, 0, 0
45003, 2149844, 1, 0, 0
45500, 2027999, 1, 0, 0
46009, 2101121, 1, 0, 0
46506, 2251519, 1, 0, 0
47006, 2091543, 1, 0, 0
47500, 2244128, 1, 0, 0
48002, 2033398, 1, 0, 0
48506, 2134124, 1, 0, 0
49008, 2263276, 1, 0, 0
49500, 2157042, 1, 0, 0
50000, 2082553, 1, 0, 0
50500, 2052398, 1, 0, 0
51007, 2006001, 1, 0, 0
51510, 2201489, 1, 0, 0
52007, 2301413, 1, 0, 0
52504, 2370960, 1, 0, 0
53008, 2244771, 1, 0, 0
53502, 2187673, 1, 0, 0
54007, 2248124, 1, 0, 0
54500, 2390965, 1, 0, 0
55001, 2308917, 1, 0, 0
55507, 2223607, 1, 0, 0
56006, 2072317, 1, 0, 0
56500, 2216387, 1, 0, 0
57000, 2242324, 1, 0, 0
57505, 2414334, 1, 0, 0
58004, 2218810, 1, 0, 0
58501, 2254794, 1, 0, 0
59007, 2137365, 1, 0, 0
59505, 2304300, 1, 0, 0
60000, 2440046, 1, 0, 0
60000, 1183410, 1, 0, 0
