500, 143048, 1, 0, 0
1000, 142900, 1, 0, 0
1500, 142924, 1, 0, 0
2000, 142938, 1, 0, 0
2500, 142938, 1, 0, 0
3000, 142176, 1, 0, 0
3500, 142916, 1, 0, 0
4000, 142936, 1, 0, 0
4500, 142932, 1, 0, 0
5000, 142928, 1, 0, 0
5500, 132601, 1, 0, 0
6000, 7936, 1, 0, 0
6500, 7952, 1, 0, 0
7000, 8568, 1, 0, 0
7500, 8984, 1, 0, 0
8000, 9424, 1, 0, 0
8500, 10400, 1, 0, 0
9000, 10592, 1, 0, 0
9500, 11648, 1, 0, 0
10000, 11984, 1, 0, 0
10500, 13120, 1, 0, 0
11000, 13574, 1, 0, 0
11500, 14522, 1, 0, 0
12000, 15440, 1, 0, 0
12500, 15306, 1, 0, 0
13000, 12902, 1, 0, 0
13500, 12830, 1, 0, 0
14000, 13234, 1, 0, 0
14500, 13856, 1, 0, 0
15000, 13632, 1, 0, 0
15500, 14624, 1, 0, 0
16000, 14612, 1, 0, 0
16500, 14732, 1, 0, 0
17000, 15264, 1, 0, 0
17500, 14960, 1, 0, 0
18000, 16208, 1, 0, 0
18500, 15024, 1, 0, 0
19000, 15646, 1, 0, 0
19500, 16048, 1, 0, 0
20000, 16160, 1, 0, 0
20500, 15888, 1, 0, 0
21000, 16848, 1, 0, 0
21500, 16944, 1, 0, 0
22000, 16770, 1, 0, 0
22500, 17374, 1, 0, 0
23000, 17824, 1, 0, 0
23500, 18240, 1, 0, 0
24000, 17738, 1, 0, 0
24500, 18566, 1, 0, 0
25000, 19136, 1, 0, 0
25500, 19616, 1, 0, 0
26000, 19218, 1, 0, 0
26500, 20286, 1, 0, 0
27000, 20720, 1, 0, 0
27500, 21120, 1, 0, 0
28000, 21536, 1, 0, 0
28500, 22032, 1, 0, 0
29000, 22112, 1, 0, 0
29500, 23120, 1, 0, 0
30000, 24192, 1, 0, 0
30500, 25170, 1, 0, 0
31000, 25536, 1, 0, 0
31500, 26432, 1, 0, 0
32000, 27440, 1, 0, 0
32500, 28464, 1, 0, 0
33000, 30952, 1, 0, 0
33500, 32552, 1, 0, 0
34000, 33728, 1, 0, 0
34500, 34864, 1, 0, 0
35000, 39568, 1, 0, 0
35500, 41436, 1, 0, 0
36000, 46916, 1, 0, 0
36500, 53732, 1, 0, 0
37000, 65788, 1, 0, 0
37500, 93204, 1, 0, 0
38000, 98204, 1, 0, 0
38500, 7776, 1, 0, 0
39000, 8448, 1, 0, 0
39500, 8544, 1, 0, 0
40000, 9440, 1, 0, 0
40500, 9616, 1, 0, 0
41000, 10374, 1, 0, 0
41500, 11114, 1, 0, 0
42000, 11559, 1, 0, 0
42500, 12688, 1, 0, 0
43000, 13472, 1, 0, 0
43500, 13760, 1, 0, 0
44000, 15088, 1, 0, 0
44500, 15632, 1, 0, 0
45000, 15216, 1, 0, 0
45500, 12912, 1, 0, 0
46000, 12720, 1, 0, 0
46500, 13632, 1, 0, 0
47000, 13876, 1, 0, 0
47500, 13804, 1, 0, 0
48000, 14768, 1, 0, 0
48500, 14400, 1, 0, 0
49000, 15216, 1, 0, 0
49500, 15520, 1, 0, 0
50000, 14880, 1, 0, 0
50500, 15680, 1, 0, 0
51000, 15786, 1, 0, 0
51500, 15398, 1, 0, 0
52000, 16032, 1, 0, 0
52500, 16016, 1, 0, 0
53000, 15664, 1, 0, 0
53500, 16768, 1, 0, 0
54001, 17008, 1, 0, 0
54500, 16865, 1, 0, 0
55000, 17744, 1, 0, 0
55500, 18016, 1, 0, 0
56000, 17696, 1, 0, 0
56500, 18928, 1, 0, 0
57000, 18896, 1, 0, 0
57500, 19024, 1, 0, 0
58000, 19366, 1, 0, 0
58500, 19194, 1, 0, 0
59000, 20544, 1, 0, 0
59500, 21008, 1, 0, 0
60000, 21168, 1, 0, 0
