500, 223556, 1, 0, 0
1000, 223735, 1, 0, 0
1500, 223684, 1, 0, 0
2000, 223681, 1, 0, 0
2500, 223681, 1, 0, 0
3000, 224854, 1, 0, 0
3500, 223680, 1, 0, 0
4000, 223680, 1, 0, 0
4500, 223677, 1, 0, 0
5000, 223670, 1, 0, 0
5500, 233026, 1, 0, 0
6012, 4127099, 1, 0, 0
6506, 3978751, 1, 0, 0
7000, 3811996, 1, 0, 0
7509, 3510971, 1, 0, 0
8002, 3342335, 1, 0, 0
8511, 3133564, 1, 0, 0
9002, 2963829, 1, 0, 0
9512, 2806247, 1, 0, 0
10001, 2615372, 1, 0, 0
10511, 2484656, 1, 0, 0
11000, 2401344, 1, 0, 0
11507, 2148701, 1, 0, 0
12013, 2096878, 1, 0, 0
12500, 2103189, 1, 0, 0
13009, 2439613, 1, 0, 0
13500, 2563738, 1, 0, 0
14008, 2346389, 1, 0, 0
14515, 2345559, 1, 0, 0
15003, 2291931, 1, 0, 0
15511, 2220937, 1, 0, 0
16000, 2203332, 1, 0, 0
16508, 2143476, 1, 0, 0
17014, 2125241, 1, 0, 0
17502, 2088819, 1, 0, 0
18012, 2011115, 1, 0, 0
18500, 2151051, 1, 0, 0
19005, 1999522, 1, 0, 0
19510, 2015524, 1, 0, 0
20015, 2000439, 1, 0, 0
20502, 1959853, 1, 0, 0
21008, 1920740, 1, 0, 0
21513, 1910118, 1, 0, 0
22000, 1927403, 1, 0, 0
22502, 1784496, 1, 0, 0
23008, 1812592, 1, 0, 0
23512, 1771717, 1, 0, 0
24000, 1802005, 1, 0, 0
24504, 1698820, 1, 0, 0
25009, 1689199, 1, 0, 0
25515, 1648637, 1, 0, 0
26000, 1617387, 1, 0, 0
26504, 1587181, 1, 0, 0
27007, 1554148, 1, 0, 0
27510, 1525276, 1, 0, 0
28014, 1496762, 1, 0, 0
28500, 1463872, 1, 0, 0
29000, 1449210, 1, 0, 0
29502, 1338227, 1, 0, 0
30002, 1324397, 1, 0, 0
30504, 1277559, 1, 0, 0
31004, 1255084, 1, 0, 0
31503, 1209390, 1, 0, 0
32003, 1165327, 1, 0, 0
32501, 1119822, 1, 0, 0
33000, 1061577, 1, 0, 0
33513, 980178, 1, 0, 0
34007, 936780, 1, 0, 0
34501, 906429, 1, 0, 0
35010, 826112, 1, 0, 0
35500, 777088, 1, 0, 0
36002, 667164, 1, 0, 0
36500, 598659, 1, 0, 0
37005, 490375, 1, 0, 0
37500, 345473, 1, 0, 0
38012, 321649, 1, 0, 0
38503, 4044436, 1, 0, 0
39016, 3887071, 1, 0, 0
39507, 3676149, 1, 0, 0
40000, 3534354, 1, 0, 0
40508, 3204312, 1, 0, 0
41000, 3077981, 1, 0, 0
41510, 2896881, 1, 0, 0
42000, 2719205, 1, 0, 0
42508, 2560159, 1, 0, 0
43015, 2414106, 1, 0, 0
43503, 2269591, 1, 0, 0
44011, 2152598, 1, 0, 0
44500, 2074400, 1, 0, 0
45006, 2051275, 1, 0, 0
45513, 2514481, 1, 0, 0
46002, 2464629, 1, 0, 0
46510, 2380485, 1, 0, 0
47000, 2355434, 1, 0, 0
47504, 2243442, 1, 0, 0
48012, 2199697, 1, 0, 0
48501, 2174473, 1, 0, 0
49009, 2134233, 1, 0, 0
49516, 2092498, 1, 0, 0
50004, 2097529, 1, 0, 0
50511, 2069160, 1, 0, 0
51000, 2069042, 1, 0, 0
51505, 2009761, 1, 0, 0
52011, 2020262, 1, 0, 0
52516, 2019933, 1, 0, 0
53003, 1988385, 1, 0, 0
53510, 1936545, 1, 0, 0
54000, 1910307, 1, 0, 0
54503, 1844553, 1, 0, 0
55009, 1826938, 1, 0, 0
55513, 1790745, 1, 0, 0
56000, 1758087, 1, 0, 0
56503, 1700916, 1, 0, 0
57008, 1711062, 1, 0, 0
57512, 1696414, 1, 0, 0
58000, 1665828, 1, 0, 0
58501, 1616475, 1, 0, 0
59005, 1570746, 1, 0, 0
59507, 1528676, 1, 0, 0
60010, 1520488, 1, 0, 0
60011, 16644294, 1, 0, 0
