500, 2288704, 1, 0, 0
1000, 2286464, 1, 0, 0
1500, 2286784, 1, 0, 0
2000, 2287008, 1, 0, 0
2500, 2287008, 1, 0, 0
3000, 2274816, 1, 0, 0
3500, 2286656, 1, 0, 0
4000, 2286976, 1, 0, 0
4500, 2286912, 1, 0, 0
5000, 2286848, 1, 0, 0
5500, 2121619, 1, 0, 0
6000, 126976, 1, 0, 0
6500, 127232, 1, 0, 0
7000, 137088, 1, 0, 0
7500, 143744, 1, 0, 0
8000, 150784, 1, 0, 0
8500, 166400, 1, 0, 0
9000, 169472, 1, 0, 0
9500, 186368, 1, 0, 0
10000, 191744, 1, 0, 0
10500, 209920, 1, 0, 0
11000, 217184, 1, 0, 0
11500, 232352, 1, 0, 0
12000, 247040, 1, 0, 0
12500, 244896, 1, 0, 0
13000, 206432, 1, 0, 0
13500, 205280, 1, 0, 0
14000, 211744, 1, 0, 0
14500, 221696, 1, 0, 0
15000, 218112, 1, 0, 0
15500, 233984, 1, 0, 0
16000, 233792, 1, 0, 0
16500, 235712, 1, 0, 0
17000, 244224, 1, 0, 0
17500, 239360, 1, 0, 0
18000, 259328, 1, 0, 0
18500, 240384, 1, 0, 0
19000, 250336, 1, 0, 0
19500, 256768, 1, 0, 0
20000, 258560, 1, 0, 0
20500, 254208, 1, 0, 0
21000, 269568, 1, 0, 0
21500, 271104, 1, 0, 0
22000, 268320, 1, 0, 0
22500, 277984, 1, 0, 0
23000, 285184, 1, 0, 0
23500, 291840, 1, 0, 0
24000, 283808, 1, 0, 0
24500, 297056, 1, 0, 0
25000, 306176, 1, 0, 0
25500, 313856, 1, 0, 0
26000, 307488, 1, 0, 0
26500, 324576, 1, 0, 0
27000, 331520, 1, 0, 0
27500, 337920, 1, 0, 0
28000, 344576, 1, 0, 0
28500, 352512, 1, 0, 0
29000, 353792, 1, 0, 0
29500, 369920, 1, 0, 0
30000, 387072, 1, 0, 0
30500, 402725, 1, 0, 0
31000, 408576, 1, 0, 0
31500, 422912, 1, 0, 0
32000, 439040, 1, 0, 0
32500, 455424, 1, 0, 0
33000, 495232, 1, 0, 0
33500, 520832, 1, 0, 0
34000, 539648, 1, 0, 0
34500, 557824, 1, 0, 0
35000, 633088, 1, 0, 0
35500, 662976, 1, 0, 0
36000, 750656, 1, 0, 0
36500, 859712, 1, 0, 0
37000, 1052608, 1, 0, 0
37500, 1491264, 1, 0, 0
38000, 1571264, 1, 0, 0
38500, 124416, 1, 0, 0
39000, 135168, 1, 0, 0
39500, 136704, 1, 0, 0
40000, 151040, 1, 0, 0
40500, 153856, 1, 0, 0
41000, 165984, 1, 0, 0
41500, 177824, 1, 0, 0
42000, 184945, 1, 0, 0
42500, 203008, 1, 0, 0
43000, 215552, 1, 0, 0
43500, 220160, 1, 0, 0
44000, 241408, 1, 0, 0
44500, 250112, 1, 0, 0
45000, 243456, 1, 0, 0
45500, 206592, 1, 0, 0
46000, 203520, 1, 0, 0
46500, 218112, 1, 0, 0
47000, 222016, 1, 0, 0
47500, 220864, 1, 0, 0
48000, 236288, 1, 0, 0
48500, 230400, 1, 0, 0
49000, 243456, 1, 0, 0
49500, 248320, 1, 0, 0
50000, 238080, 1, 0, 0
50500, 250880, 1, 0, 0
51000, 252576, 1, 0, 0
51500, 246368, 1, 0, 0
52000, 256512, 1, 0, 0
52500, 256256, 1, 0, 0
53000, 250624, 1, 0, 0
53500, 268288, 1, 0, 0
54001, 272128, 1, 0, 0
54500, 269851, 1, 0, 0
55000, 283904, 1, 0, 0
55500, 288256, 1, 0, 0
56000, 283136, 1, 0, 0
56500, 302848, 1, 0, 0
57000, 302336, 1, 0, 0
57500, 304384, 1, 0, 0
58000, 309856, 1, 0, 0
58500, 307104, 1, 0, 0
59000, 328704, 1, 0, 0
59500, 336128, 1, 0, 0
60000, 338688, 1, 0, 0
