500, 1196, 1, 0, 0
1000, 1194, 1, 0, 0
1500, 1183, 1, 0, 0
2000, 1179, 1, 0, 0
2500, 1180, 1, 0, 0
3000, 1218, 1, 0, 0
3500, 1187, 1, 0, 0
4000, 1191, 1, 0, 0
4500, 1190, 1, 0, 0
5000, 1190, 1, 0, 0
5500, 1192, 1, 0, 0
6012, 1209, 1, 0, 0
6506, 1219, 1, 0, 0
7000, 1222, 1, 0, 0
7509, 1214, 1, 0, 0
8002, 1218, 1, 0, 0
8511, 1224, 1, 0, 0
9002, 1214, 1, 0, 0
9512, 1215, 1, 0, 0
10002, 1222, 1, 0, 0
10511, 1212, 1, 0, 0
11000, 1209, 1, 0, 0
11507, 1215, 1, 0, 0
12013, 1219, 1, 0, 0
12500, 1215, 1, 0, 0
13009, 1214, 1, 0, 0
13500, 1216, 1, 0, 0
14008, 1215, 1, 0, 0
14515, 1207, 1, 0, 0
15003, 1215, 1, 0, 0
15511, 1215, 1, 0, 0
16000, 1208, 1, 0, 0
16508, 1213, 1, 0, 0
17014, 1209, 1, 0, 0
17502, 1213, 1, 0, 0
18012, 1205, 1, 0, 0
18500, 1210, 1, 0, 0
19005, 1204, 1, 0, 0
19510, 1210, 1, 0, 0
20015, 1216, 1, 0, 0
20502, 1216, 1, 0, 0
21008, 1214, 1, 0, 0
21513, 1220, 1, 0, 0
22000, 1220, 1, 0, 0
22502, 1213, 1, 0, 0
23008, 1226, 1, 0, 0
23512, 1219, 1, 0, 0
24000, 1217, 1, 0, 0
24504, 1217, 1, 0, 0
25009, 1226, 1, 0, 0
25515, 1230, 1, 0, 0
26000, 1216, 1, 0, 0
26504, 1220, 1, 0, 0
27007, 1217, 1, 0, 0
27510, 1213, 1, 0, 0
28014, 1212, 1, 0, 0
28500, 1214, 1, 0, 0
29000, 1222, 1, 0, 0
29502, 1223, 1, 0, 0
30002, 1216, 1, 0, 0
30504, 1253, 1, 0, 0
31004, 1221, 1, 0, 0
31503, 1216, 1, 0, 0
32003, 1217, 1, 0, 0
32501, 1227, 1, 0, 0
33000, 1222, 1, 0, 0
33513, 1218, 1, 0, 0
34007, 1217, 1, 0, 0
34501, 1221, 1, 0, 0
35010, 1222, 1, 0, 0
35500, 1223, 1, 0, 0
36002, 1227, 1, 0, 0
36500, 1225, 1, 0, 0
37005, 1220, 1, 0, 0
37500, 1224, 1, 0, 0
38012, 1214, 1, 0, 0
38503, 1225, 1, 0, 0
39016, 1229, 1, 0, 0
39507, 1215, 1, 0, 0
40000, 1214, 1, 0, 0
40508, 1215, 1, 0, 0
41000, 1208, 1, 0, 0
41510, 1225, 1, 0, 0
42000, 1217, 1, 0, 0
42508, 1211, 1, 0, 0
43015, 1217, 1, 0, 0
43503, 1217, 1, 0, 0
44011, 1215, 1, 0, 0
44500, 1208, 1, 0, 0
45006, 1216, 1, 0, 0
45513, 1218, 1, 0, 0
46002, 1223, 1, 0, 0
46510, 1217, 1, 0, 0
47000, 1223, 1, 0, 0
47504, 1213, 1, 0, 0
48012, 1208, 1, 0, 0
48501, 1219, 1, 0, 0
49009, 1221, 1, 0, 0
49516, 1227, 1, 0, 0
50004, 1209, 1, 0, 0
50511, 1212, 1, 0, 0
51000, 1206, 1, 0, 0
51505, 1211, 1, 0, 0
52011, 1205, 1, 0, 0
52516, 1212, 1, 0, 0
53003, 1221, 1, 0, 0
53510, 1225, 1, 0, 0
54000, 1214, 1, 0, 0
54503, 1221, 1, 0, 0
55009, 1216, 1, 0, 0
55513, 1212, 1, 0, 0
56000, 1212, 1, 0, 0
56503, 1216, 1, 0, 0
57008, 1211, 1, 0, 0
57512, 1208, 1, 0, 0
58000, 1206, 1, 0, 0
58501, 1208, 1, 0, 0
59005, 1206, 1, 0, 0
59507, 1214, 1, 0, 0
60011, 1213, 1, 0, 0
