500, 222361, 1, 0, 0
1000, 222541, 1, 0, 0
1500, 222501, 1, 0, 0
2000, 222503, 1, 0, 0
2500, 222502, 1, 0, 0
3000, 223637, 1, 0, 0
3500, 222492, 1, 0, 0
4000, 222489, 1, 0, 0
4500, 222487, 1, 0, 0
5000, 222480, 1, 0, 0
5500, 231835, 1, 0, 0
6012, 4125890, 1, 0, 0
6506, 3977532, 1, 0, 0
7000, 3810774, 1, 0, 0
7509, 3509757, 1, 0, 0
8002, 3341117, 1, 0, 0
8511, 3132341, 1, 0, 0
9002, 2962615, 1, 0, 0
9512, 2805032, 1, 0, 0
10001, 2614150, 1, 0, 0
10511, 2483444, 1, 0, 0
11000, 2400136, 1, 0, 0
11507, 2147486, 1, 0, 0
12013, 2095659, 1, 0, 0
12500, 2101974, 1, 0, 0
13009, 2438399, 1, 0, 0
13500, 2562522, 1, 0, 0
14008, 2345173, 1, 0, 0
14515, 2344352, 1, 0, 0
15003, 2290716, 1, 0, 0
15511, 2219721, 1, 0, 0
16000, 2202124, 1, 0, 0
16508, 2142263, 1, 0, 0
17014, 2124031, 1, 0, 0
17502, 2087606, 1, 0, 0
18012, 2009911, 1, 0, 0
18500, 2149841, 1, 0, 0
19005, 1998318, 1, 0, 0
19510, 2014314, 1, 0, 0
20015, 1999222, 1, 0, 0
20502, 1958637, 1, 0, 0
21008, 1919526, 1, 0, 0
21513, 1908898, 1, 0, 0
22000, 1926183, 1, 0, 0
22502, 1783284, 1, 0, 0
23008, 1811366, 1, 0, 0
23512, 1770498, 1, 0, 0
24000, 1800788, 1, 0, 0
24504, 1697603, 1, 0, 0
25009, 1687974, 1, 0, 0
25515, 1647407, 1, 0, 0
26000, 1616171, 1, 0, 0
26504, 1585961, 1, 0, 0
27007, 1552931, 1, 0, 0
27510, 1524063, 1, 0, 0
28014, 1495550, 1, 0, 0
28500, 1462658, 1, 0, 0
29000, 1447988, 1, 0, 0
29502, 1337004, 1, 0, 0
30002, 1323181, 1, 0, 0
30504, 1276306, 1, 0, 0
31004, 1253863, 1, 0, 0
31503, 1208174, 1, 0, 0
32003, 1164110, 1, 0, 0
32501, 1118595, 1, 0, 0
33000, 1060356, 1, 0, 0
33513, 978960, 1, 0, 0
34007, 935563, 1, 0, 0
34501, 905207, 1, 0, 0
35010, 824889, 1, 0, 0
35500, 775866, 1, 0, 0
36002, 665937, 1, 0, 0
36500, 597435, 1, 0, 0
37005, 489155, 1, 0, 0
37500, 344249, 1, 0, 0
38012, 320435, 1, 0, 0
38503, 4043210, 1, 0, 0
39016, 3885841, 1, 0, 0
39507, 3674934, 1, 0, 0
40000, 3533140, 1, 0, 0
40508, 3203098, 1, 0, 0
41000, 3076772, 1, 0, 0
41510, 2895656, 1, 0, 0
42000, 2717988, 1, 0, 0
42508, 2558948, 1, 0, 0
43015, 2412889, 1, 0, 0
43503, 2268374, 1, 0, 0
44011, 2151383, 1, 0, 0
44500, 2073192, 1, 0, 0
45006, 2050059, 1, 0, 0
45513, 2513263, 1, 0, 0
46002, 2463407, 1, 0, 0
46510, 2379268, 1, 0, 0
47000, 2354211, 1, 0, 0
47504, 2242229, 1, 0, 0
48012, 2198489, 1, 0, 0
48501, 2173254, 1, 0, 0
49009, 2133012, 1, 0, 0
49516, 2091271, 1, 0, 0
50004, 2096320, 1, 0, 0
50511, 2067948, 1, 0, 0
51000, 2067836, 1, 0, 0
51505, 2008550, 1, 0, 0
52011, 2019057, 1, 0, 0
52516, 2018721, 1, 0, 0
53003, 1987163, 1, 0, 0
53510, 1935319, 1, 0, 0
54000, 1909093, 1, 0, 0
54503, 1843332, 1, 0, 0
55009, 1825722, 1, 0, 0
55513, 1789533, 1, 0, 0
56000, 1756875, 1, 0, 0
56503, 1699700, 1, 0, 0
57008, 1709851, 1, 0, 0
57512, 1695206, 1, 0, 0
58000, 1664622, 1, 0, 0
58501, 1615268, 1, 0, 0
59005, 1569540, 1, 0, 0
59507, 1527462, 1, 0, 0
60010, 1519275, 1, 0, 0
60011, 16643056, 1, 0, 0
