500, 222299, 1, 0, 0
1000, 222558, 1, 0, 0
1500, 222561, 1, 0, 0
2000, 222563, 1, 0, 0
2500, 222569, 1, 0, 0
3000, 222565, 1, 0, 0
3500, 222564, 1, 0, 0
4000, 222562, 1, 0, 0
4500, 222570, 1, 0, 0
5000, 222567, 1, 0, 0
5500, 222788, 1, 0, 0
6000, 222457, 1, 0, 0
6500, 222462, 1, 0, 0
7000, 222465, 1, 0, 0
7500, 222464, 1, 0, 0
8000, 222467, 1, 0, 0
8500, 222465, 1, 0, 0
9000, 222458, 1, 0, 0
9500, 222466, 1, 0, 0
10000, 222465, 1, 0, 0
10500, 222580, 1, 0, 0
11000, 222449, 1, 0, 0
11500, 222450, 1, 0, 0
12000, 222454, 1, 0, 0
12500, 222452, 1, 0, 0
13000, 222452, 1, 0, 0
13500, 222457, 1, 0, 0
14000, 222453, 1, 0, 0
14500, 222453, 1, 0, 0
15000, 222453, 1, 0, 0
15500, 222742, 1, 0, 0
16000, 222483, 1, 0, 0
16500, 222484, 1, 0, 0
17000, 222479, 1, 0, 0
17500, 222483, 1, 0, 0
18000, 222487, 1, 0, 0
18500, 222486, 1, 0, 0
19000, 222486, 1, 0, 0
19500, 222491, 1, 0, 0
20000, 223669, 1, 0, 0
20500, 222524, 1, 0, 0
21000, 222943, 1, 0, 0
21500, 222482, 1, 0, 0
22000, 222480, 1, 0, 0
22500, 222483, 1, 0, 0
23000, 222491, 1, 0, 0
23500, 222489, 1, 0, 0
24000, 222485, 1, 0, 0
24500, 222487, 1, 0, 0
25000, 222487, 1, 0, 0
25500, 222485, 1, 0, 0
26000, 222724, 1, 0, 0
26500, 222498, 1, 0, 0
27000, 222497, 1, 0, 0
27500, 222498, 1, 0, 0
28000, 222501, 1, 0, 0
28500, 222500, 1, 0, 0
29000, 222498, 1, 0, 0
29500, 222502, 1, 0, 0
30000, 222495, 1, 0, 0
30500, 222499, 1, 0, 0
31000, 222655, 1, 0, 0
31500, 222497, 1, 0, 0
32000, 222504, 1, 0, 0
32500, 222501, 1, 0, 0
33000, 222501, 1, 0, 0
33500, 222503, 1, 0, 0
34000, 222502, 1, 0, 0
34500, 222503, 1, 0, 0
35000, 222500, 1, 0, 0
35500, 222491, 1, 0, 0
36000, 222491, 1, 0, 0
36500, 223105, 1, 0, 0
37000, 222513, 1, 0, 0
37500, 222519, 1, 0, 0
38000, 222511, 1, 0, 0
38500, 222521, 1, 0, 0
39000, 222519, 1, 0, 0
39500, 222515, 1, 0, 0
40000, 222516, 1, 0, 0
40500, 222515, 1, 0, 0
41000, 222513, 1, 0, 0
41500, 222707, 1, 0, 0
42000, 222495, 1, 0, 0
42500, 222499, 1, 0, 0
43000, 222499, 1, 0, 0
43500, 222501, 1, 0, 0
44000, 222504, 1, 0, 0
44500, 222503, 1, 0, 0
45000, 222498, 1, 0, 0
45500, 222500, 1, 0, 0
46000, 222503, 1, 0, 0
46500, 222732, 1, 0, 0
47000, 222498, 1, 0, 0
47500, 222501, 1, 0, 0
48000, 222498, 1, 0, 0
48500, 222504, 1, 0, 0
49000, 222505, 1, 0, 0
49500, 222505, 1, 0, 0
50000, 222499, 1, 0, 0
50500, 222507, 1, 0, 0
51000, 222503, 1, 0, 0
51500, 222681, 1, 0, 0
52000, 222439, 1, 0, 0
52500, 222448, 1, 0, 0
53000, 222448, 1, 0, 0
53500, 222448, 1, 0, 0
54000, 222448, 1, 0, 0
54500, 222452, 1, 0, 0
55000, 222451, 1, 0, 0
55500, 222454, 1, 0, 0
56000, 222452, 1, 0, 0
56500, 222450, 1, 0, 0
57000, 222695, 1, 0, 0
57500, 222462, 1, 0, 0
58000, 222463, 1, 0, 0
58500, 222461, 1, 0, 0
59000, 222464, 1, 0, 0
59500, 222465, 1, 0, 0
60000, 222468, 1, 0, 0
60000, 331017, 1, 0, 0
