500, 2288064, 1, 0, 0
1000, 2287040, 1, 0, 0
1500, 2286592, 1, 0, 0
2000, 2286752, 1, 0, 0
2500, 2286880, 1, 0, 0
3000, 2286880, 1, 0, 0
3500, 2286848, 1, 0, 0
4000, 2286592, 1, 0, 0
4500, 2286784, 1, 0, 0
5000, 2286848, 1, 0, 0
5500, 2283488, 1, 0, 0
6000, 2287008, 1, 0, 0
6500, 2286720, 1, 0, 0
7000, 2286656, 1, 0, 0
7500, 2286912, 1, 0, 0
8000, 2286784, 1, 0, 0
8500, 2286880, 1, 0, 0
9000, 2286752, 1, 0, 0
9500, 2286720, 1, 0, 0
10000, 2286941, 1, 0, 0
10500, 2284992, 1, 0, 0
11000, 2286848, 1, 0, 0
11500, 2286720, 1, 0, 0
12000, 2286848, 1, 0, 0
12500, 2286848, 1, 0, 0
13000, 2286848, 1, 0, 0
13500, 2286784, 1, 0, 0
14000, 2286688, 1, 0, 0
14500, 2286880, 1, 0, 0
15000, 2286784, 1, 0, 0
15500, 2283392, 1, 0, 0
16000, 2286912, 1, 0, 0
16500, 2286592, 1, 0, 0
17000, 2286944, 1, 0, 0
17500, 2286880, 1, 0, 0
18000, 2286848, 1, 0, 0
18500, 2286720, 1, 0, 0
19000, 2286784, 1, 0, 0
19500, 2286784, 1, 0, 0
20000, 2274688, 1, 0, 0
20500, 2286944, 1, 0, 0
21000, 2278380, 1, 0, 0
21500, 2286912, 1, 0, 0
22000, 2286880, 1, 0, 0
22500, 2286656, 1, 0, 0
23000, 2286816, 1, 0, 0
23500, 2286848, 1, 0, 0
24000, 2286944, 1, 0, 0
24500, 2286784, 1, 0, 0
25000, 2286592, 1, 0, 0
25500, 2286880, 1, 0, 0
26000, 2284128, 1, 0, 0
26500, 2286592, 1, 0, 0
27000, 2286816, 1, 0, 0
27500, 2286880, 1, 0, 0
28000, 2286944, 1, 0, 0
28500, 2286752, 1, 0, 0
29000, 2286592, 1, 0, 0
29500, 2286880, 1, 0, 0
30000, 2286944, 1, 0, 0
30500, 2286976, 1, 0, 0
31000, 2284384, 1, 0, 0
31500, 2286912, 1, 0, 0
32000, 2286717, 1, 0, 0
32500, 2286880, 1, 0, 0
33000, 2286752, 1, 0, 0
33500, 2286816, 1, 0, 0
34000, 2286880, 1, 0, 0
34500, 2286720, 1, 0, 0
35000, 2286880, 1, 0, 0
35500, 2286656, 1, 0, 0
36000, 2286880, 1, 0, 0
36500, 2279648, 1, 0, 0
37000, 2286880, 1, 0, 0
37500, 2286944, 1, 0, 0
38000, 2286784, 1, 0, 0
38500, 2286592, 1, 0, 0
39000, 2286784, 1, 0, 0
39500, 2286976, 1, 0, 0
40000, 2286944, 1, 0, 0
40500, 2286688, 1, 0, 0
41000, 2286592, 1, 0, 0
41500, 2284288, 1, 0, 0
42000, 2286816, 1, 0, 0
42500, 2286976, 1, 0, 0
43000, 2286880, 1, 0, 0
43500, 2286621, 1, 0, 0
44000, 2286816, 1, 0, 0
44500, 2286912, 1, 0, 0
45000, 2286592, 1, 0, 0
45500, 2286720, 1, 0, 0
46000, 2286880, 1, 0, 0
46500, 2284064, 1, 0, 0
47000, 2286784, 1, 0, 0
47500, 2286816, 1, 0, 0
48000, 2287008, 1, 0, 0
48500, 2286784, 1, 0, 0
49000, 2286592, 1, 0, 0
49500, 2286880, 1, 0, 0
50000, 2286848, 1, 0, 0
50500, 2286848, 1, 0, 0
51000, 2286816, 1, 0, 0
51500, 2284576, 1, 0, 0
52000, 2286880, 1, 0, 0
52500, 2286752, 1, 0, 0
53000, 2286944, 1, 0, 0
53500, 2286784, 1, 0, 0
54000, 2286784, 1, 0, 0
54500, 2286720, 1, 0, 0
55000, 2286720, 1, 0, 0
55500, 2286909, 1, 0, 0
56000, 2286720, 1, 0, 0
56500, 2286816, 1, 0, 0
57000, 2283552, 1, 0, 0
57500, 2286816, 1, 0, 0
58000, 2286912, 1, 0, 0
58500, 2286880, 1, 0, 0
59000, 2286784, 1, 0, 0
59500, 2286592, 1, 0, 0
