500, 446342, 1, 0, 0
1000, 446768, 1, 0, 0
1500, 446780, 1, 0, 0
2000, 446780, 1, 0, 0
2500, 446775, 1, 0, 0
3000, 446774, 1, 0, 0
3500, 446773, 1, 0, 0
4000, 446774, 1, 0, 0
4500, 446776, 1, 0, 0
5000, 446779, 1, 0, 0
5500, 458498, 1, 0, 0
6000, 600540, 1, 0, 0
6500, 607227, 1, 0, 0
7000, 600590, 1, 0, 0
7500, 607117, 1, 0, 0
8000, 600897, 1, 0, 0
8500, 606886, 1, 0, 0
9000, 600944, 1, 0, 0
9500, 606739, 1, 0, 0
10000, 601173, 1, 0, 0
10500, 606566, 1, 0, 0
11000, 601967, 1, 0, 0
11500, 605686, 1, 0, 0
12000, 603426, 1, 0, 0
12500, 604332, 1, 0, 0
13000, 603650, 1, 0, 0
13500, 604026, 1, 0, 0
14000, 603969, 1, 0, 0
14500, 603791, 1, 0, 0
15000, 604275, 1, 0, 0
15500, 603366, 1, 0, 0
16000, 604706, 1, 0, 0
16500, 603068, 1, 0, 0
17000, 605019, 1, 0, 0
17500, 602627, 1, 0, 0
18000, 605452, 1, 0, 0
18500, 602317, 1, 0, 0
19000, 606195, 1, 0, 0
19500, 601502, 1, 0, 0
20000, 606657, 1, 0, 0
20500, 601067, 1, 0, 0
21000, 606955, 1, 0, 0
21500, 600804, 1, 0, 0
22000, 607010, 1, 0, 0
22500, 600689, 1, 0, 0
23000, 607215, 1, 0, 0
23500, 600531, 1, 0, 0
24000, 607152, 1, 0, 0
24500, 600544, 1, 0, 0
25000, 607343, 1, 0, 0
25500, 600415, 1, 0, 0
26000, 607246, 1, 0, 0
26500, 600600, 1, 0, 0
27000, 607202, 1, 0, 0
27501, 600784, 1, 0, 0
28000, 606911, 1, 0, 0
28500, 600958, 1, 0, 0
29000, 606756, 1, 0, 0
29500, 601169, 1, 0, 0
30000, 606554, 1, 0, 0
30500, 601861, 1, 0, 0
31000, 605756, 1, 0, 0
31500, 603158, 1, 0, 0
32000, 604576, 1, 0, 0
32500, 603544, 1, 0, 0
33000, 604099, 1, 0, 0
33500, 603988, 1, 0, 0
34000, 603773, 1, 0, 0
34500, 604177, 1, 0, 0
35000, 603464, 1, 0, 0
35500, 604635, 1, 0, 0
36000, 603105, 1, 0, 0
36500, 604901, 1, 0, 0
37000, 602743, 1, 0, 0
37500, 605443, 1, 0, 0
38000, 602323, 1, 0, 0
38500, 606052, 1, 0, 0
39000, 601589, 1, 0, 0
39500, 606695, 1, 0, 0
40000, 601098, 1, 0, 0
40500, 606846, 1, 0, 0
41000, 600814, 1, 0, 0
41500, 607084, 1, 0, 0
42000, 600711, 1, 0, 0
42500, 607110, 1, 0, 0
43000, 600551, 1, 0, 0
43500, 607218, 1, 0, 0
44000, 600593, 1, 0, 0
44500, 607203, 1, 0, 0
45000, 600447, 1, 0, 0
45500, 607268, 1, 0, 0
46000, 600588, 1, 0, 0
46500, 607209, 1, 0, 0
47001, 600739, 1, 0, 0
47500, 606941, 1, 0, 0
48000, 600939, 1, 0, 0
48500, 606801, 1, 0, 0
49000, 601087, 1, 0, 0
49500, 606568, 1, 0, 0
50000, 601641, 1, 0, 0
50500, 606140, 1, 0, 0
51000, 602943, 1, 0, 0
51500, 604678, 1, 0, 0
52000, 603585, 1, 0, 0
52500, 604170, 1, 0, 0
53000, 603878, 1, 0, 0
53500, 603788, 1, 0, 0
54000, 501628, 1, 0, 0
54500, 590450, 1, 0, 0
55000, 603569, 1, 0, 0
55500, 604510, 1, 0, 0
56000, 603267, 1, 0, 0
56500, 604649, 1, 0, 0
57000, 602905, 1, 0, 0
57500, 643096, 1, 0, 0
58013, 1110074, 1, 0, 0
58510, 1109078, 1, 0, 0
59008, 1109129, 1, 0, 0
59505, 1109086, 1, 0, 0
60003, 1109111, 1, 0, 0
60004, 17260833, 1, 0, 0
