500, 71524, 1, 0, 0
1000, 71468, 1, 0, 0
1500, 71468, 1, 0, 0
2000, 71460, 1, 0, 0
2500, 71456, 1, 0, 0
3000, 71456, 1, 0, 0
3500, 71456, 1, 0, 0
4000, 71464, 1, 0, 0
4500, 71464, 1, 0, 0
5000, 71468, 1, 0, 0
5500, 69622, 1, 0, 0
6000, 53134, 1, 0, 0
6500, 52658, 1, 0, 0
7000, 53070, 1, 0, 0
7500, 52740, 1, 0, 0
8000, 52988, 1, 0, 0
8500, 52802, 1, 0, 0
9000, 52950, 1, 0, 0
9500, 52846, 1, 0, 0
10000, 52920, 1, 0, 0
10500, 52872, 1, 0, 0
11000, 52894, 1, 0, 0
11500, 52906, 1, 0, 0
12000, 52852, 1, 0, 0
12500, 52909, 1, 0, 0
13000, 52892, 1, 0, 0
13500, 52908, 1, 0, 0
14000, 52852, 1, 0, 0
14500, 52938, 1, 0, 0
15000, 52812, 1, 0, 0
15500, 52990, 1, 0, 0
16000, 52760, 1, 0, 0
16500, 53026, 1, 0, 0
17000, 52710, 1, 0, 0
17500, 53094, 1, 0, 0
18000, 52668, 1, 0, 0
18500, 53124, 1, 0, 0
19000, 52646, 1, 0, 0
19500, 53158, 1, 0, 0
20000, 52628, 1, 0, 0
20500, 53170, 1, 0, 0
21000, 52610, 1, 0, 0
21500, 53182, 1, 0, 0
22000, 52616, 1, 0, 0
22500, 53186, 1, 0, 0
23000, 52592, 1, 0, 0
23500, 53206, 1, 0, 0
24000, 52602, 1, 0, 0
24500, 53182, 1, 0, 0
25000, 52600, 1, 0, 0
25500, 53138, 1, 0, 0
26000, 52666, 1, 0, 0
26500, 53062, 1, 0, 0
27000, 52738, 1, 0, 0
27500, 52990, 1, 0, 0
28000, 52806, 1, 0, 0
28500, 52946, 1, 0, 0
29000, 52848, 1, 0, 0
29500, 52918, 1, 0, 0
30000, 52878, 1, 0, 0
30500, 52913, 1, 0, 0
31000, 52848, 1, 0, 0
31500, 52916, 1, 0, 0
32000, 52878, 1, 0, 0
32500, 52900, 1, 0, 0
33000, 52900, 1, 0, 0
33500, 52848, 1, 0, 0
34000, 52942, 1, 0, 0
34500, 52822, 1, 0, 0
35000, 52982, 1, 0, 0
35500, 52756, 1, 0, 0
36000, 53036, 1, 0, 0
36500, 52706, 1, 0, 0
37000, 53092, 1, 0, 0
37500, 52664, 1, 0, 0
38000, 53128, 1, 0, 0
38500, 52646, 1, 0, 0
39000, 53158, 1, 0, 0
39500, 52626, 1, 0, 0
40000, 53162, 1, 0, 0
40500, 52618, 1, 0, 0
41000, 53184, 1, 0, 0
41500, 52606, 1, 0, 0
42000, 53186, 1, 0, 0
42500, 52610, 1, 0, 0
43000, 53204, 1, 0, 0
43500, 52592, 1, 0, 0
44000, 53182, 1, 0, 0
44500, 52610, 1, 0, 0
45000, 53130, 1, 0, 0
45500, 52670, 1, 0, 0
46000, 53058, 1, 0, 0
46500, 52732, 1, 0, 0
47000, 52996, 1, 0, 0
47500, 52806, 1, 0, 0
48000, 52946, 1, 0, 0
48500, 52811, 1, 0, 0
49000, 52998, 1, 0, 0
49500, 52798, 1, 0, 0
50000, 52954, 1, 0, 0
50500, 52844, 1, 0, 0
51000, 52924, 1, 0, 0
51500, 52874, 1, 0, 0
52000, 52890, 1, 0, 0
52500, 52902, 1, 0, 0
53000, 52848, 1, 0, 0
53500, 52948, 1, 0, 0
54000, 63644, 1, 0, 0
54500, 54036, 1, 0, 0
55000, 52982, 1, 0, 0
55500, 52760, 1, 0, 0
56000, 53022, 1, 0, 0
56500, 52722, 1, 0, 0
57000, 53076, 1, 0, 0
57500, 49604, 1, 0, 0
58000, 28674, 1, 0, 0
58500, 28672, 1, 0, 0
59000, 28672, 1, 0, 0
59500, 28672, 1, 0, 0
60000, 28672, 1, 0, 0
