500, 286080, 1, 0, 0
1000, 285872, 1, 0, 0
1500, 285872, 1, 0, 0
2000, 285840, 1, 0, 0
2500, 285824, 1, 0, 0
3000, 285824, 1, 0, 0
3500, 285824, 1, 0, 0
4000, 285856, 1, 0, 0
4500, 285856, 1, 0, 0
5000, 285872, 1, 0, 0
5500, 278488, 1, 0, 0
6000, 212536, 1, 0, 0
6500, 210632, 1, 0, 0
7000, 212280, 1, 0, 0
7500, 210960, 1, 0, 0
8000, 211952, 1, 0, 0
8500, 211208, 1, 0, 0
9000, 211800, 1, 0, 0
9500, 211384, 1, 0, 0
10000, 211680, 1, 0, 0
10500, 211488, 1, 0, 0
11000, 211576, 1, 0, 0
11500, 211624, 1, 0, 0
12000, 211408, 1, 0, 0
12500, 211639, 1, 0, 0
13000, 211568, 1, 0, 0
13500, 211632, 1, 0, 0
14000, 211408, 1, 0, 0
14500, 211752, 1, 0, 0
15000, 211248, 1, 0, 0
15500, 211960, 1, 0, 0
16000, 211040, 1, 0, 0
16500, 212104, 1, 0, 0
17000, 210840, 1, 0, 0
17500, 212376, 1, 0, 0
18000, 210672, 1, 0, 0
18500, 212496, 1, 0, 0
19000, 210584, 1, 0, 0
19500, 212632, 1, 0, 0
20000, 210512, 1, 0, 0
20500, 212680, 1, 0, 0
21000, 210440, 1, 0, 0
21500, 212728, 1, 0, 0
22000, 210464, 1, 0, 0
22500, 212744, 1, 0, 0
23000, 210368, 1, 0, 0
23500, 212824, 1, 0, 0
24000, 210408, 1, 0, 0
24500, 212728, 1, 0, 0
25000, 210400, 1, 0, 0
25500, 212552, 1, 0, 0
26000, 210664, 1, 0, 0
26500, 212248, 1, 0, 0
27000, 210952, 1, 0, 0
27500, 211960, 1, 0, 0
28000, 211224, 1, 0, 0
28500, 211784, 1, 0, 0
29000, 211392, 1, 0, 0
29500, 211672, 1, 0, 0
30000, 211512, 1, 0, 0
30500, 211655, 1, 0, 0
31000, 211392, 1, 0, 0
31500, 211664, 1, 0, 0
32000, 211512, 1, 0, 0
32500, 211600, 1, 0, 0
33000, 211600, 1, 0, 0
33500, 211392, 1, 0, 0
34000, 211768, 1, 0, 0
34500, 211288, 1, 0, 0
35000, 211928, 1, 0, 0
35500, 211024, 1, 0, 0
36000, 212144, 1, 0, 0
36500, 210824, 1, 0, 0
37000, 212368, 1, 0, 0
37500, 210656, 1, 0, 0
38000, 212512, 1, 0, 0
38500, 210584, 1, 0, 0
39000, 212632, 1, 0, 0
39500, 210504, 1, 0, 0
40000, 212648, 1, 0, 0
40500, 210472, 1, 0, 0
41000, 212736, 1, 0, 0
41500, 210424, 1, 0, 0
42000, 212744, 1, 0, 0
42500, 210440, 1, 0, 0
43000, 212816, 1, 0, 0
43500, 210368, 1, 0, 0
44000, 212728, 1, 0, 0
44500, 210440, 1, 0, 0
45000, 212520, 1, 0, 0
45500, 210680, 1, 0, 0
46000, 212232, 1, 0, 0
46500, 210928, 1, 0, 0
47000, 211984, 1, 0, 0
47500, 211224, 1, 0, 0
48000, 211784, 1, 0, 0
48500, 211246, 1, 0, 0
49000, 211992, 1, 0, 0
49500, 211192, 1, 0, 0
50000, 211816, 1, 0, 0
50500, 211376, 1, 0, 0
51000, 211696, 1, 0, 0
51500, 211496, 1, 0, 0
52000, 211560, 1, 0, 0
52500, 211608, 1, 0, 0
53000, 211392, 1, 0, 0
53500, 211792, 1, 0, 0
54000, 254576, 1, 0, 0
54500, 216144, 1, 0, 0
55000, 211928, 1, 0, 0
55500, 211040, 1, 0, 0
56000, 212088, 1, 0, 0
56500, 210888, 1, 0, 0
57000, 212304, 1, 0, 0
57500, 198416, 1, 0, 0
58000, 114696, 1, 0, 0
58500, 114688, 1, 0, 0
59000, 114688, 1, 0, 0
59500, 114688, 1, 0, 0
60000, 114688, 1, 0, 0
