500, 873, 1, 0, 0
1000, 875, 1, 0, 0
1500, 868, 1, 0, 0
2000, 867, 1, 0, 0
2500, 869, 1, 0, 0
3000, 871, 1, 0, 0
3500, 871, 1, 0, 0
4000, 871, 1, 0, 0
4500, 869, 1, 0, 0
5000, 867, 1, 0, 0
5500, 872, 1, 0, 0
6000, 931, 1, 0, 0
6500, 939, 1, 0, 0
7000, 930, 1, 0, 0
7500, 930, 1, 0, 0
8000, 930, 1, 0, 0
8500, 936, 1, 0, 0
9000, 936, 1, 0, 0
9500, 931, 1, 0, 0
10000, 930, 1, 0, 0
10500, 935, 1, 0, 0
11000, 930, 1, 0, 0
11500, 924, 1, 0, 0
12000, 925, 1, 0, 0
12500, 924, 1, 0, 0
13000, 933, 1, 0, 0
13500, 924, 1, 0, 0
14000, 923, 1, 0, 0
14500, 925, 1, 0, 0
15000, 934, 1, 0, 0
15500, 926, 1, 0, 0
16000, 922, 1, 0, 0
16500, 926, 1, 0, 0
17000, 934, 1, 0, 0
17500, 928, 1, 0, 0
18000, 922, 1, 0, 0
18500, 925, 1, 0, 0
19000, 930, 1, 0, 0
19500, 930, 1, 0, 0
20000, 925, 1, 0, 0
20500, 923, 1, 0, 0
21000, 925, 1, 0, 0
21500, 932, 1, 0, 0
22000, 933, 1, 0, 0
22500, 930, 1, 0, 0
23000, 935, 1, 0, 0
23500, 940, 1, 0, 0
24000, 936, 1, 0, 0
24500, 927, 1, 0, 0
25000, 926, 1, 0, 0
25500, 935, 1, 0, 0
26000, 936, 1, 0, 0
26500, 930, 1, 0, 0
27000, 934, 1, 0, 0
27501, 938, 1, 0, 0
28000, 935, 1, 0, 0
28500, 921, 1, 0, 0
29000, 927, 1, 0, 0
29500, 935, 1, 0, 0
30000, 940, 1, 0, 0
30500, 930, 1, 0, 0
31000, 979, 1, 0, 0
31500, 931, 1, 0, 0
32000, 943, 1, 0, 0
32500, 935, 1, 0, 0
33000, 932, 1, 0, 0
33500, 932, 1, 0, 0
34000, 937, 1, 0, 0
34500, 936, 1, 0, 0
35000, 931, 1, 0, 0
35500, 928, 1, 0, 0
36000, 935, 1, 0, 0
36500, 940, 1, 0, 0
37000, 930, 1, 0, 0
37500, 932, 1, 0, 0
38000, 937, 1, 0, 0
38500, 940, 1, 0, 0
39000, 931, 1, 0, 0
39500, 924, 1, 0, 0
40000, 930, 1, 0, 0
40500, 939, 1, 0, 0
41000, 930, 1, 0, 0
41500, 933, 1, 0, 0
42000, 930, 1, 0, 0
42500, 930, 1, 0, 0
43000, 933, 1, 0, 0
43500, 926, 1, 0, 0
44000, 934, 1, 0, 0
44500, 939, 1, 0, 0
45000, 938, 1, 0, 0
45500, 931, 1, 0, 0
46000, 932, 1, 0, 0
46500, 937, 1, 0, 0
47001, 940, 1, 0, 0
47500, 933, 1, 0, 0
48000, 935, 1, 0, 0
48500, 934, 1, 0, 0
49000, 941, 1, 0, 0
49500, 935, 1, 0, 0
50000, 929, 1, 0, 0
50500, 933, 1, 0, 0
51000, 935, 1, 0, 0
51500, 933, 1, 0, 0
52000, 934, 1, 0, 0
52500, 927, 1, 0, 0
53000, 932, 1, 0, 0
53500, 929, 1, 0, 0
54000, 938, 1, 0, 0
54500, 977, 1, 0, 0
55000, 983, 1, 0, 0
55500, 988, 1, 0, 0
56000, 984, 1, 0, 0
56500, 984, 1, 0, 0
57000, 991, 1, 0, 0
57500, 986, 1, 0, 0
58013, 990, 1, 0, 0
58510, 988, 1, 0, 0
59008, 985, 1, 0, 0
59505, 988, 1, 0, 0
60004, 990, 1, 0, 0
