500, 447215, 1, 0, 0
1000, 447643, 1, 0, 0
1500, 447647, 1, 0, 0
2000, 447647, 1, 0, 0
2500, 447644, 1, 0, 0
3000, 447644, 1, 0, 0
3500, 447645, 1, 0, 0
4000, 447645, 1, 0, 0
4500, 447646, 1, 0, 0
5000, 447646, 1, 0, 0
5500, 459370, 1, 0, 0
6000, 601471, 1, 0, 0
6500, 608166, 1, 0, 0
7000, 601520, 1, 0, 0
7500, 608046, 1, 0, 0
8000, 601827, 1, 0, 0
8500, 607822, 1, 0, 0
9000, 601880, 1, 0, 0
9500, 607670, 1, 0, 0
10000, 602103, 1, 0, 0
10500, 607501, 1, 0, 0
11000, 602897, 1, 0, 0
11500, 606611, 1, 0, 0
12000, 604351, 1, 0, 0
12500, 605256, 1, 0, 0
13000, 604583, 1, 0, 0
13500, 604950, 1, 0, 0
14000, 604892, 1, 0, 0
14500, 604716, 1, 0, 0
15000, 605209, 1, 0, 0
15500, 604292, 1, 0, 0
16000, 605628, 1, 0, 0
16500, 603994, 1, 0, 0
17000, 605953, 1, 0, 0
17500, 603555, 1, 0, 0
18000, 606374, 1, 0, 0
18500, 603242, 1, 0, 0
19000, 607125, 1, 0, 0
19500, 602432, 1, 0, 0
20000, 607582, 1, 0, 0
20500, 601990, 1, 0, 0
21000, 607880, 1, 0, 0
21500, 601736, 1, 0, 0
22000, 607943, 1, 0, 0
22500, 601619, 1, 0, 0
23000, 608149, 1, 0, 0
23500, 601472, 1, 0, 0
24000, 608087, 1, 0, 0
24500, 601471, 1, 0, 0
25000, 608270, 1, 0, 0
25500, 601349, 1, 0, 0
26000, 608183, 1, 0, 0
26500, 601531, 1, 0, 0
27000, 608136, 1, 0, 0
27501, 601722, 1, 0, 0
28000, 607845, 1, 0, 0
28500, 601879, 1, 0, 0
29000, 607682, 1, 0, 0
29500, 602104, 1, 0, 0
30000, 607493, 1, 0, 0
30500, 602791, 1, 0, 0
31000, 606735, 1, 0, 0
31500, 604089, 1, 0, 0
32000, 605519, 1, 0, 0
32500, 604479, 1, 0, 0
33000, 605031, 1, 0, 0
33500, 604920, 1, 0, 0
34000, 604710, 1, 0, 0
34500, 605113, 1, 0, 0
35000, 604396, 1, 0, 0
35500, 605563, 1, 0, 0
36000, 604040, 1, 0, 0
36500, 605841, 1, 0, 0
37000, 603674, 1, 0, 0
37500, 606375, 1, 0, 0
38000, 603260, 1, 0, 0
38500, 606992, 1, 0, 0
39000, 602520, 1, 0, 0
39500, 607619, 1, 0, 0
40000, 602028, 1, 0, 0
40500, 607785, 1, 0, 0
41000, 601744, 1, 0, 0
41500, 608017, 1, 0, 0
42000, 601641, 1, 0, 0
42500, 608040, 1, 0, 0
43000, 601484, 1, 0, 0
43500, 608144, 1, 0, 0
44000, 601526, 1, 0, 0
44500, 608142, 1, 0, 0
45000, 601384, 1, 0, 0
45500, 608199, 1, 0, 0
46000, 601520, 1, 0, 0
46500, 608146, 1, 0, 0
47001, 601679, 1, 0, 0
47500, 607874, 1, 0, 0
48000, 601873, 1, 0, 0
48500, 607736, 1, 0, 0
49000, 602028, 1, 0, 0
49500, 607503, 1, 0, 0
50000, 602570, 1, 0, 0
50500, 607073, 1, 0, 0
51000, 603878, 1, 0, 0
51500, 605611, 1, 0, 0
52000, 604518, 1, 0, 0
52500, 605097, 1, 0, 0
53000, 604810, 1, 0, 0
53500, 604718, 1, 0, 0
54000, 502566, 1, 0, 0
54500, 591428, 1, 0, 0
55000, 604552, 1, 0, 0
55500, 605497, 1, 0, 0
56000, 604252, 1, 0, 0
56500, 605633, 1, 0, 0
57000, 603896, 1, 0, 0
57500, 644083, 1, 0, 0
58013, 1111064, 1, 0, 0
58510, 1110066, 1, 0, 0
59008, 1110115, 1, 0, 0
59505, 1110074, 1, 0, 0
60003, 1110101, 1, 0, 0
60004, 17261868, 1, 0, 0
