500, 554860, 1, 0, 0
1000, 555206, 1, 0, 0
1500, 553892, 1, 0, 0
2000, 555086, 1, 0, 0
2500, 552674, 1, 0, 0
3000, 554786, 1, 0, 0
3500, 553288, 1, 0, 0
4000, 554040, 1, 0, 0
4500, 551654, 1, 0, 0
5000, 553474, 1, 0, 0
5500, 543258, 1, 0, 0
6000, 536380, 1, 0, 0
6500, 537961, 1, 0, 0
7000, 537890, 1, 0, 0
7500, 536800, 1, 0, 0
8000, 535972, 1, 0, 0
8500, 536906, 1, 0, 0
9000, 537138, 1, 0, 0
9500, 536330, 1, 0, 0
10000, 536566, 1, 0, 0
10500, 535904, 1, 0, 0
11000, 531516, 1, 0, 0
11500, 527320, 1, 0, 0
12000, 537040, 1, 0, 0
12500, 537090, 1, 0, 0
13000, 537760, 1, 0, 0
13500, 531610, 1, 0, 0
14000, 537789, 1, 0, 0
14500, 536456, 1, 0, 0
15000, 537656, 1, 0, 0
15500, 533688, 1, 0, 0
16000, 536784, 1, 0, 0
16500, 535660, 1, 0, 0
17000, 535586, 1, 0, 0
17500, 535578, 1, 0, 0
18000, 535874, 1, 0, 0
18500, 535876, 1, 0, 0
19000, 535108, 1, 0, 0
19500, 534798, 1, 0, 0
20000, 533106, 1, 0, 0
20500, 535880, 1, 0, 0
21000, 535434, 1, 0, 0
21500, 527938, 1, 0, 0
22000, 534523, 1, 0, 0
22500, 536284, 1, 0, 0
23000, 537732, 1, 0, 0
23500, 537848, 1, 0, 0
24000, 537532, 1, 0, 0
24500, 537574, 1, 0, 0
25000, 537090, 1, 0, 0
25500, 535186, 1, 0, 0
26000, 536288, 1, 0, 0
26500, 536296, 1, 0, 0
27000, 536296, 1, 0, 0
27500, 534676, 1, 0, 0
28000, 536848, 1, 0, 0
28500, 537138, 1, 0, 0
29000, 537768, 1, 0, 0
29500, 527820, 1, 0, 0
30000, 536606, 1, 0, 0
30500, 535733, 1, 0, 0
31000, 536394, 1, 0, 0
31500, 535930, 1, 0, 0
32000, 536194, 1, 0, 0
32500, 536500, 1, 0, 0
33000, 533584, 1, 0, 0
33500, 537988, 1, 0, 0
34000, 537394, 1, 0, 0
34500, 535842, 1, 0, 0
35000, 535078, 1, 0, 0
35500, 527356, 1, 0, 0
36000, 536334, 1, 0, 0
36500, 535958, 1, 0, 0
37000, 535964, 1, 0, 0
37500, 535330, 1, 0, 0
38000, 536559, 1, 0, 0
38500, 535538, 1, 0, 0
39000, 538182, 1, 0, 0
39500, 538848, 1, 0, 0
40000, 537816, 1, 0, 0
40500, 536440, 1, 0, 0
41000, 536134, 1, 0, 0
41500, 536044, 1, 0, 0
42000, 534094, 1, 0, 0
42500, 530988, 1, 0, 0
43000, 535992, 1, 0, 0
43500, 534962, 1, 0, 0
44000, 536156, 1, 0, 0
44500, 535800, 1, 0, 0
45000, 536218, 1, 0, 0
45501, 535860, 1, 0, 0
46000, 536967, 1, 0, 0
46500, 536494, 1, 0, 0
47000, 535056, 1, 0, 0
47500, 536126, 1, 0, 0
48000, 535810, 1, 0, 0
48500, 536230, 1, 0, 0
49000, 535684, 1, 0, 0
49500, 535004, 1, 0, 0
50000, 535714, 1, 0, 0
50500, 536432, 1, 0, 0
51000, 536446, 1, 0, 0
51500, 535642, 1, 0, 0
52000, 535864, 1, 0, 0
52500, 536084, 1, 0, 0
53000, 536366, 1, 0, 0
53500, 534402, 1, 0, 0
54000, 535304, 1, 0, 0
54500, 536004, 1, 0, 0
55000, 532184, 1, 0, 0
55500, 534718, 1, 0, 0
56000, 528004, 1, 0, 0
56500, 535546, 1, 0, 0
57000, 535320, 1, 0, 0
57500, 533960, 1, 0, 0
58000, 535478, 1, 0, 0
58500, 534424, 1, 0, 0
59000, 535238, 1, 0, 0
59500, 534180, 1, 0, 0
