500, 2219440, 1, 0, 0
1000, 2220832, 1, 0, 0
1500, 2215568, 1, 0, 0
2000, 2220344, 1, 0, 0
2500, 2210696, 1, 0, 0
3000, 2219144, 1, 0, 0
3500, 2213152, 1, 0, 0
4000, 2216160, 1, 0, 0
4500, 2206616, 1, 0, 0
5000, 2213888, 1, 0, 0
5500, 2173032, 1, 0, 0
6000, 2145520, 1, 0, 0
6500, 2151839, 1, 0, 0
7000, 2151560, 1, 0, 0
7500, 2147200, 1, 0, 0
8000, 2143888, 1, 0, 0
8500, 2147624, 1, 0, 0
9000, 2148552, 1, 0, 0
9500, 2145320, 1, 0, 0
10000, 2146264, 1, 0, 0
10500, 2143616, 1, 0, 0
11000, 2126064, 1, 0, 0
11500, 2109280, 1, 0, 0
12000, 2148160, 1, 0, 0
12500, 2148360, 1, 0, 0
13000, 2151040, 1, 0, 0
13500, 2126440, 1, 0, 0
14000, 2151150, 1, 0, 0
14500, 2145832, 1, 0, 0
15000, 2150624, 1, 0, 0
15500, 2134752, 1, 0, 0
16000, 2147136, 1, 0, 0
16500, 2142632, 1, 0, 0
17000, 2142344, 1, 0, 0
17500, 2142304, 1, 0, 0
18000, 2143488, 1, 0, 0
18500, 2143504, 1, 0, 0
19000, 2140432, 1, 0, 0
19500, 2139192, 1, 0, 0
20000, 2132416, 1, 0, 0
20500, 2143512, 1, 0, 0
21000, 2141736, 1, 0, 0
21500, 2111752, 1, 0, 0
22000, 2138092, 1, 0, 0
22500, 2145136, 1, 0, 0
23000, 2150928, 1, 0, 0
23500, 2151392, 1, 0, 0
24000, 2150128, 1, 0, 0
24500, 2150296, 1, 0, 0
25000, 2148360, 1, 0, 0
25500, 2140744, 1, 0, 0
26000, 2145152, 1, 0, 0
26500, 2145184, 1, 0, 0
27000, 2145184, 1, 0, 0
27500, 2138704, 1, 0, 0
28000, 2147392, 1, 0, 0
28500, 2148552, 1, 0, 0
29000, 2151072, 1, 0, 0
29500, 2111280, 1, 0, 0
30000, 2146424, 1, 0, 0
30500, 2142933, 1, 0, 0
31000, 2145576, 1, 0, 0
31500, 2143720, 1, 0, 0
32000, 2144776, 1, 0, 0
32500, 2146000, 1, 0, 0
33000, 2134336, 1, 0, 0
33500, 2151952, 1, 0, 0
34000, 2149576, 1, 0, 0
34500, 2143368, 1, 0, 0
35000, 2140312, 1, 0, 0
35500, 2109424, 1, 0, 0
36000, 2145336, 1, 0, 0
36500, 2143832, 1, 0, 0
37000, 2143856, 1, 0, 0
37500, 2141312, 1, 0, 0
38000, 2146228, 1, 0, 0
38500, 2142152, 1, 0, 0
39000, 2152728, 1, 0, 0
39500, 2155392, 1, 0, 0
40000, 2151256, 1, 0, 0
40500, 2145752, 1, 0, 0
41000, 2144536, 1, 0, 0
41500, 2144176, 1, 0, 0
42000, 2136376, 1, 0, 0
42500, 2123952, 1, 0, 0
43000, 2143968, 1, 0, 0
43500, 2139840, 1, 0, 0
44000, 2144624, 1, 0, 0
44500, 2143200, 1, 0, 0
45000, 2144872, 1, 0, 0
45501, 2143440, 1, 0, 0
46000, 2147863, 1, 0, 0
46500, 2145976, 1, 0, 0
47000, 2140224, 1, 0, 0
47500, 2144504, 1, 0, 0
48000, 2143240, 1, 0, 0
48500, 2144920, 1, 0, 0
49000, 2142728, 1, 0, 0
49500, 2140016, 1, 0, 0
50000, 2142856, 1, 0, 0
50500, 2145728, 1, 0, 0
51000, 2145784, 1, 0, 0
51500, 2142568, 1, 0, 0
52000, 2143456, 1, 0, 0
52500, 2144336, 1, 0, 0
53000, 2145464, 1, 0, 0
53500, 2137600, 1, 0, 0
54000, 2141218, 1, 0, 0
54500, 2144016, 1, 0, 0
55000, 2128736, 1, 0, 0
55500, 2138872, 1, 0, 0
56000, 2112016, 1, 0, 0
56500, 2142184, 1, 0, 0
57000, 2141272, 1, 0, 0
57500, 2135848, 1, 0, 0
58000, 2141912, 1, 0, 0
58500, 2137696, 1, 0, 0
59000, 2140952, 1, 0, 0
59500, 2136720, 1, 0, 0
