500, 753, 1, 0, 0
1000, 751, 1, 0, 0
1500, 753, 1, 0, 0
2000, 752, 1, 0, 0
2500, 755, 1, 0, 0
3000, 754, 1, 0, 0
3500, 753, 1, 0, 0
4000, 752, 1, 0, 0
4500, 755, 1, 0, 0
5000, 752, 1, 0, 0
5500, 782, 1, 0, 0
6000, 807, 1, 0, 0
6500, 802, 1, 0, 0
7000, 804, 1, 0, 0
7500, 806, 1, 0, 0
8000, 805, 1, 0, 0
8500, 803, 1, 0, 0
9000, 803, 1, 0, 0
9500, 804, 1, 0, 0
10000, 804, 1, 0, 0
10500, 807, 1, 0, 0
11000, 830, 1, 0, 0
11500, 832, 1, 0, 0
12000, 804, 1, 0, 0
12500, 806, 1, 0, 0
13000, 802, 1, 0, 0
13500, 827, 1, 0, 0
14000, 800, 1, 0, 0
14500, 806, 1, 0, 0
15000, 803, 1, 0, 0
15500, 813, 1, 0, 0
16000, 800, 1, 0, 0
16500, 805, 1, 0, 0
17000, 809, 1, 0, 0
17500, 809, 1, 0, 0
18000, 808, 1, 0, 0
18500, 808, 1, 0, 0
19000, 807, 1, 0, 0
19500, 808, 1, 0, 0
20000, 817, 1, 0, 0
20500, 807, 1, 0, 0
21000, 807, 1, 0, 0
21500, 838, 1, 0, 0
22000, 811, 1, 0, 0
22500, 808, 1, 0, 0
23000, 804, 1, 0, 0
23500, 804, 1, 0, 0
24000, 802, 1, 0, 0
24500, 803, 1, 0, 0
25000, 801, 1, 0, 0
25500, 812, 1, 0, 0
26000, 803, 1, 0, 0
26500, 802, 1, 0, 0
27000, 802, 1, 0, 0
27500, 809, 1, 0, 0
28000, 805, 1, 0, 0
28500, 805, 1, 0, 0
29000, 804, 1, 0, 0
29500, 830, 1, 0, 0
30000, 800, 1, 0, 0
30500, 803, 1, 0, 0
31000, 802, 1, 0, 0
31500, 805, 1, 0, 0
32000, 802, 1, 0, 0
32500, 804, 1, 0, 0
33000, 817, 1, 0, 0
33500, 803, 1, 0, 0
34000, 806, 1, 0, 0
34500, 811, 1, 0, 0
35000, 807, 1, 0, 0
35500, 831, 1, 0, 0
36000, 803, 1, 0, 0
36500, 802, 1, 0, 0
37000, 803, 1, 0, 0
37500, 809, 1, 0, 0
38000, 803, 1, 0, 0
38500, 809, 1, 0, 0
39000, 804, 1, 0, 0
39500, 800, 1, 0, 0
40000, 804, 1, 0, 0
40500, 804, 1, 0, 0
41000, 802, 1, 0, 0
41500, 809, 1, 0, 0
42000, 809, 1, 0, 0
42500, 821, 1, 0, 0
43000, 802, 1, 0, 0
43500, 809, 1, 0, 0
44000, 806, 1, 0, 0
44500, 807, 1, 0, 0
45000, 805, 1, 0, 0
45500, 806, 1, 0, 0
46000, 804, 1, 0, 0
46500, 804, 1, 0, 0
47000, 808, 1, 0, 0
47500, 804, 1, 0, 0
48000, 805, 1, 0, 0
48500, 804, 1, 0, 0
49000, 806, 1, 0, 0
49500, 809, 1, 0, 0
50000, 807, 1, 0, 0
50500, 805, 1, 0, 0
51000, 806, 1, 0, 0
51500, 806, 1, 0, 0
52000, 805, 1, 0, 0
52500, 806, 1, 0, 0
53000, 805, 1, 0, 0
53500, 811, 1, 0, 0
54000, 807, 1, 0, 0
54500, 806, 1, 0, 0
55000, 820, 1, 0, 0
55500, 812, 1, 0, 0
56000, 841, 1, 0, 0
56500, 808, 1, 0, 0
57000, 807, 1, 0, 0
57500, 809, 1, 0, 0
58000, 806, 1, 0, 0
58500, 812, 1, 0, 0
59000, 807, 1, 0, 0
59500, 811, 1, 0, 0
60000, 808, 1, 0, 0
