500, 57552, 1, 0, 0
1000, 57500, 1, 0, 0
1500, 57633, 1, 0, 0
2000, 57509, 1, 0, 0
2500, 57761, 1, 0, 0
3000, 57536, 1, 0, 0
3500, 57698, 1, 0, 0
4000, 57614, 1, 0, 0
4500, 57869, 1, 0, 0
5000, 57677, 1, 0, 0
5500, 58757, 1, 0, 0
6000, 59517, 1, 0, 0
6500, 59346, 1, 0, 0
7000, 59351, 1, 0, 0
7500, 59473, 1, 0, 0
8000, 59567, 1, 0, 0
8500, 59463, 1, 0, 0
9000, 59432, 1, 0, 0
9500, 59527, 1, 0, 0
10000, 59500, 1, 0, 0
10500, 59572, 1, 0, 0
11000, 60057, 1, 0, 0
11500, 60548, 1, 0, 0
12000, 59445, 1, 0, 0
12500, 59443, 1, 0, 0
13000, 59366, 1, 0, 0
13500, 60057, 1, 0, 0
14000, 59363, 1, 0, 0
14500, 59512, 1, 0, 0
15000, 59378, 1, 0, 0
15500, 59819, 1, 0, 0
16000, 59472, 1, 0, 0
16500, 59590, 1, 0, 0
17000, 59608, 1, 0, 0
17500, 59611, 1, 0, 0
18000, 59576, 1, 0, 0
18500, 59577, 1, 0, 0
19000, 59659, 1, 0, 0
19500, 59696, 1, 0, 0
20000, 59889, 1, 0, 0
20500, 59575, 1, 0, 0
21000, 59628, 1, 0, 0
21500, 60475, 1, 0, 0
22000, 59720, 1, 0, 0
22500, 59531, 1, 0, 0
23000, 59370, 1, 0, 0
23500, 59357, 1, 0, 0
24000, 59391, 1, 0, 0
24500, 59385, 1, 0, 0
25000, 59429, 1, 0, 0
25500, 59664, 1, 0, 0
26000, 59526, 1, 0, 0
26500, 59528, 1, 0, 0
27000, 59527, 1, 0, 0
27500, 59703, 1, 0, 0
28000, 59467, 1, 0, 0
28500, 59437, 1, 0, 0
29000, 59365, 1, 0, 0
29500, 60488, 1, 0, 0
30000, 59496, 1, 0, 0
30500, 59595, 1, 0, 0
31000, 59517, 1, 0, 0
31500, 59571, 1, 0, 0
32000, 59540, 1, 0, 0
32500, 59508, 1, 0, 0
33000, 59822, 1, 0, 0
33500, 59341, 1, 0, 0
34000, 59406, 1, 0, 0
34500, 59583, 1, 0, 0
35000, 59664, 1, 0, 0
35500, 60542, 1, 0, 0
36000, 59526, 1, 0, 0
36500, 59568, 1, 0, 0
37000, 59565, 1, 0, 0
37500, 59637, 1, 0, 0
38000, 59502, 1, 0, 0
38500, 59607, 1, 0, 0
39000, 59318, 1, 0, 0
39500, 59249, 1, 0, 0
40000, 59360, 1, 0, 0
40500, 59513, 1, 0, 0
41000, 59544, 1, 0, 0
41500, 59557, 1, 0, 0
42000, 59775, 1, 0, 0
42500, 60128, 1, 0, 0
43000, 59563, 1, 0, 0
43500, 59678, 1, 0, 0
44000, 59537, 1, 0, 0
44500, 59587, 1, 0, 0
45000, 59535, 1, 0, 0
45500, 59579, 1, 0, 0
46000, 59454, 1, 0, 0
46500, 59508, 1, 0, 0
47000, 59668, 1, 0, 0
47500, 59548, 1, 0, 0
48000, 59583, 1, 0, 0
48500, 59537, 1, 0, 0
49000, 59595, 1, 0, 0
49500, 59667, 1, 0, 0
50000, 59594, 1, 0, 0
50500, 59513, 1, 0, 0
51000, 59512, 1, 0, 0
51500, 59601, 1, 0, 0
52000, 59576, 1, 0, 0
52500, 59551, 1, 0, 0
53000, 59519, 1, 0, 0
53500, 59742, 1, 0, 0
54000, 59642, 1, 0, 0
54500, 59562, 1, 0, 0
55000, 59983, 1, 0, 0
55500, 59709, 1, 0, 0
56000, 60466, 1, 0, 0
56500, 59613, 1, 0, 0
57000, 59638, 1, 0, 0
57500, 59793, 1, 0, 0
58000, 59622, 1, 0, 0
58500, 59722, 1, 0, 0
59000, 59662, 1, 0, 0
59500, 59766, 1, 0, 0
60000, 59701, 1, 0, 0
60000, 59588, 1, 0, 0
