500, 56799, 1, 0, 0
1000, 56749, 1, 0, 0
1500, 56880, 1, 0, 0
2000, 56757, 1, 0, 0
2500, 57006, 1, 0, 0
3000, 56782, 1, 0, 0
3500, 56945, 1, 0, 0
4000, 56862, 1, 0, 0
4500, 57114, 1, 0, 0
5000, 56925, 1, 0, 0
5500, 57975, 1, 0, 0
6000, 58710, 1, 0, 0
6500, 58544, 1, 0, 0
7000, 58547, 1, 0, 0
7500, 58667, 1, 0, 0
8000, 58762, 1, 0, 0
8500, 58660, 1, 0, 0
9000, 58629, 1, 0, 0
9500, 58723, 1, 0, 0
10000, 58696, 1, 0, 0
10500, 58765, 1, 0, 0
11000, 59227, 1, 0, 0
11500, 59716, 1, 0, 0
12000, 58641, 1, 0, 0
12500, 58637, 1, 0, 0
13000, 58563, 1, 0, 0
13500, 59231, 1, 0, 0
14000, 58563, 1, 0, 0
14500, 58706, 1, 0, 0
15000, 58576, 1, 0, 0
15500, 59007, 1, 0, 0
16000, 58672, 1, 0, 0
16500, 58785, 1, 0, 0
17000, 58799, 1, 0, 0
17500, 58802, 1, 0, 0
18000, 58768, 1, 0, 0
18500, 58769, 1, 0, 0
19000, 58852, 1, 0, 0
19500, 58888, 1, 0, 0
20000, 59072, 1, 0, 0
20500, 58767, 1, 0, 0
21000, 58821, 1, 0, 0
21500, 59637, 1, 0, 0
22000, 58909, 1, 0, 0
22500, 58723, 1, 0, 0
23000, 58565, 1, 0, 0
23500, 58553, 1, 0, 0
24000, 58589, 1, 0, 0
24500, 58583, 1, 0, 0
25000, 58628, 1, 0, 0
25500, 58852, 1, 0, 0
26000, 58724, 1, 0, 0
26500, 58726, 1, 0, 0
27000, 58725, 1, 0, 0
27500, 58894, 1, 0, 0
28000, 58662, 1, 0, 0
28500, 58632, 1, 0, 0
29000, 58561, 1, 0, 0
29500, 59658, 1, 0, 0
30000, 58695, 1, 0, 0
30500, 58792, 1, 0, 0
31000, 58715, 1, 0, 0
31500, 58766, 1, 0, 0
32000, 58738, 1, 0, 0
32500, 58704, 1, 0, 0
33000, 59005, 1, 0, 0
33500, 58537, 1, 0, 0
34000, 58600, 1, 0, 0
34500, 58772, 1, 0, 0
35000, 58857, 1, 0, 0
35500, 59711, 1, 0, 0
36000, 58723, 1, 0, 0
36500, 58766, 1, 0, 0
37000, 58762, 1, 0, 0
37500, 58829, 1, 0, 0
38000, 58699, 1, 0, 0
38500, 58798, 1, 0, 0
39000, 58514, 1, 0, 0
39500, 58448, 1, 0, 0
40000, 58556, 1, 0, 0
40500, 58709, 1, 0, 0
41000, 58742, 1, 0, 0
41500, 58748, 1, 0, 0
42000, 58966, 1, 0, 0
42500, 59307, 1, 0, 0
43000, 58762, 1, 0, 0
43500, 58869, 1, 0, 0
44000, 58731, 1, 0, 0
44500, 58780, 1, 0, 0
45000, 58730, 1, 0, 0
45500, 58772, 1, 0, 0
46000, 58651, 1, 0, 0
46500, 58703, 1, 0, 0
47000, 58860, 1, 0, 0
47500, 58744, 1, 0, 0
48000, 58778, 1, 0, 0
48500, 58732, 1, 0, 0
49000, 58788, 1, 0, 0
49500, 58858, 1, 0, 0
50000, 58788, 1, 0, 0
50500, 58708, 1, 0, 0
51000, 58706, 1, 0, 0
51500, 58795, 1, 0, 0
52000, 58771, 1, 0, 0
52500, 58746, 1, 0, 0
53000, 58713, 1, 0, 0
53500, 58931, 1, 0, 0
54000, 58835, 1, 0, 0
54500, 58755, 1, 0, 0
55000, 59163, 1, 0, 0
55500, 58897, 1, 0, 0
56000, 59625, 1, 0, 0
56500, 58806, 1, 0, 0
57000, 58831, 1, 0, 0
57500, 58984, 1, 0, 0
58000, 58816, 1, 0, 0
58500, 58910, 1, 0, 0
59000, 58855, 1, 0, 0
59500, 58955, 1, 0, 0
60000, 58893, 1, 0, 0
60000, 58798, 1, 0, 0
