[82842.518366] KSC2026-MARK map4k_bs4k_r1 insmod 1791458605174599065
[82842.538601] NVMeVirt: Version 1.10 for >> Samsung 970 Pro SSD <<
[82842.538620] NVMeVirt: Storage: 0x300100000-0x600000000 (12287 MiB)
[82842.552245] NVMeVirt: Total Capacity(GiB,MiB)=3,3072 chs=2 luns=4 lines=384 blk-size(MiB,KiB)=2,2048 line-size(MiB,KiB)=8,8192
[82842.552250] NVMeVirt: KSC2026: mapping unit=4096 B, flash page=32768 B, oneshot page=32768 B, pgs_per_blk=512, blks_per_pl=384, write buffer=1048576 B
[82842.560928] NVMeVirt: [chmodel_init] bandwidth 800 max_credits 26 tx_time 152
[82842.567727] NVMeVirt: [chmodel_init] bandwidth 800 max_credits 26 tx_time 152
[82842.567738] NVMeVirt: [chmodel_init] bandwidth 3360 max_credits 110 tx_time 36
[82842.569105] NVMeVirt: pqueue: Copyright (c) 2014, Volkan Yazıcı <volkan.yazici@gmail.com>. All rights reserved.
[82842.569107] NVMeVirt: Init FTL instance with 2 channels (786432 pages)
[82842.575851] NVMeVirt: [chmodel_init] bandwidth 800 max_credits 26 tx_time 152
[82842.582507] NVMeVirt: [chmodel_init] bandwidth 800 max_credits 26 tx_time 152
[82842.582517] NVMeVirt: [chmodel_init] bandwidth 3360 max_credits 110 tx_time 36
[82842.583900] NVMeVirt: Init FTL instance with 2 channels (786432 pages)
[82842.590669] NVMeVirt: [chmodel_init] bandwidth 800 max_credits 26 tx_time 152
[82842.597503] NVMeVirt: [chmodel_init] bandwidth 800 max_credits 26 tx_time 152
[82842.597514] NVMeVirt: [chmodel_init] bandwidth 3360 max_credits 110 tx_time 36
[82842.598917] NVMeVirt: Init FTL instance with 2 channels (786432 pages)
[82842.605750] NVMeVirt: [chmodel_init] bandwidth 800 max_credits 26 tx_time 152
[82842.612655] NVMeVirt: [chmodel_init] bandwidth 800 max_credits 26 tx_time 152
[82842.612666] NVMeVirt: [chmodel_init] bandwidth 3360 max_credits 110 tx_time 36
[82842.614098] NVMeVirt: Init FTL instance with 2 channels (786432 pages)
[82842.614102] NVMeVirt: FTL physical space: 12883853312, logical space: 12040984403 (physical/logical * 100 = 107)
[82842.614103] NVMeVirt: KSC2026: WBUF_FIX=1 GC_STATS=1
[82842.614104] NVMeVirt: ns 0/1: size 11483 MiB
[82842.614138] PCI host bridge to bus 0001:10
[82842.614139] pci_bus 0001:10: root bus resource [io  0x0000-0xffff]
[82842.614141] pci_bus 0001:10: root bus resource [mem 0x00000000-0x3fffffffffff]
[82842.614142] pci_bus 0001:10: root bus resource [bus 00-ff]
[82842.614148] pci 0001:10:00.0: [0c51:0110] type 00 class 0x010802 PCIe Endpoint
[82842.614150] pci 0001:10:00.0: BAR 0 [mem 0x300000000-0x300003fff 64bit]
[82842.614152] pci 0001:10:00.0: enabling Extended Tags
[82842.614258] NVMeVirt: Virtual PCI bus created (node 0)
[82842.614459] NVMeVirt: nvmev_io_worker_0 started on cpu 4 (node 0)
[82842.614638] NVMeVirt: nvmev_io_worker_1 started on cpu 5 (node 0)
[82842.614653] NVMeVirt: nvmev_dispatcher started on cpu 3 (node 0)
[82842.614738] nvme nvme1: pci function 0001:10:00.0
[82842.618219] nvme nvme1: 1/0/0 default/read/poll queues
[82842.620180] NVMeVirt: Virtual NVMe device created
[82848.656361] KSC2026-MARK map4k_bs4k_r1 fio-start 1791458611325015623
[82854.537683] NVMeVirt: KSC2026: first GC part=0 victim line=0 vpc=0 ipc=2048 free_lines=2 host_pgs=778240
[82854.537735] NVMeVirt: KSC2026: first GC part=1 victim line=0 vpc=0 ipc=2048 free_lines=2 host_pgs=778240
[82854.537742] NVMeVirt: KSC2026: first GC part=2 victim line=0 vpc=0 ipc=2048 free_lines=2 host_pgs=778240
[82854.537748] NVMeVirt: KSC2026: first GC part=3 victim line=0 vpc=0 ipc=2048 free_lines=2 host_pgs=778240
[82909.698442] KSC2026-MARK map4k_bs4k_r1 fio-end
[82909.703290] KSC2026-MARK map4k_bs4k_r1 rmmod 1791458672373922374
[82909.766211] pci_bus 0001:10: busn_res: [bus 10-ff] is released
[82909.766241] NVMeVirt: KSC2026: stats part=0 host_pgs=8055932 gc_pgs=0 gc_cnt=3554 free_lines=3
[82909.766243] NVMeVirt: KSC2026: stats part=1 host_pgs=8055921 gc_pgs=0 gc_cnt=3554 free_lines=3
[82909.766244] NVMeVirt: KSC2026: stats part=2 host_pgs=8055921 gc_pgs=0 gc_cnt=3554 free_lines=3
[82909.766244] NVMeVirt: KSC2026: stats part=3 host_pgs=8055921 gc_pgs=0 gc_cnt=3554 free_lines=3
[82909.834079] NVMeVirt: Virtual NVMe device closed
